41 41 41
Available num physical pages: 35184372088576
WARNING: physical memory size is smaller than virtual memory size

*** ChampSim Multicore Out-of-Order Simulator ***

Warmup Instructions: 5000000
Simulation Instructions: 200000000
Number of CPUs: 1
Page size: 4096

Basic BTB sets: 1024 ways: 8 indirect buffer size: 4096 RAS size: 64
cpu0_L1D PMP prefetcher
Off-chip DRAM Size: 4 GiB Channels: 1 Width: 64-bit Data Rate: 3200 MT/s
Max paddr 8M
Warmup finished CPU 0 instructions: 5000001 cycles: 1266534 cumulative IPC: 3.94779 (Simulation time: 0 hr 2 min 49 sec) 

Warmup complete CPU 0 instructions: 5000001 cycles: 1266534 (Simulation time: 0 hr 2 min 49 sec) 

Heartbeat CPU 0 instructions: 10000003 cycles: 3182620 heartbeat IPC: 3.14207 cumulative IPC: 2.60949 (Simulation time: 0 hr 6 min 0 sec) 
Heartbeat CPU 0 instructions: 20000000 cycles: 29287663 heartbeat IPC: 0.383068 cumulative IPC: 0.535311 (Simulation time: 0 hr 45 min 5 sec) 
Heartbeat CPU 0 instructions: 30000000 cycles: 45690671 heartbeat IPC: 0.609645 cumulative IPC: 0.562758 (Simulation time: 1 hr 9 min 50 sec) 
Heartbeat CPU 0 instructions: 40000003 cycles: 52411789 heartbeat IPC: 1.48785 cumulative IPC: 0.684326 (Simulation time: 1 hr 20 min 8 sec) 
Heartbeat CPU 0 instructions: 50000000 cycles: 64383890 heartbeat IPC: 0.835276 cumulative IPC: 0.712958 (Simulation time: 1 hr 40 min 48 sec) 
Heartbeat CPU 0 instructions: 60000003 cycles: 85734448 heartbeat IPC: 0.468372 cumulative IPC: 0.651135 (Simulation time: 2 hr 13 min 53 sec) 
Heartbeat CPU 0 instructions: 70000003 cycles: 96997255 heartbeat IPC: 0.887879 cumulative IPC: 0.678988 (Simulation time: 2 hr 24 min 41 sec) 
Heartbeat CPU 0 instructions: 80000002 cycles: 115938106 heartbeat IPC: 0.52796 cumulative IPC: 0.654042 (Simulation time: 2 hr 37 min 18 sec) 
Heartbeat CPU 0 instructions: 90000003 cycles: 129563298 heartbeat IPC: 0.733935 cumulative IPC: 0.662527 (Simulation time: 2 hr 45 min 11 sec) 
Heartbeat CPU 0 instructions: 100000004 cycles: 143292780 heartbeat IPC: 0.72836 cumulative IPC: 0.668891 (Simulation time: 2 hr 51 min 50 sec) 
Heartbeat CPU 0 instructions: 110000002 cycles: 153661732 heartbeat IPC: 0.964418 cumulative IPC: 0.688999 (Simulation time: 2 hr 56 min 32 sec) 
Heartbeat CPU 0 instructions: 120000001 cycles: 159146380 heartbeat IPC: 1.82328 cumulative IPC: 0.728403 (Simulation time: 2 hr 59 min 5 sec) 
Heartbeat CPU 0 instructions: 130000000 cycles: 175344405 heartbeat IPC: 0.61736 cumulative IPC: 0.71807 (Simulation time: 3 hr 5 min 51 sec) 
Heartbeat CPU 0 instructions: 140000003 cycles: 184764683 heartbeat IPC: 1.06155 cumulative IPC: 0.735703 (Simulation time: 3 hr 9 min 7 sec) 
Heartbeat CPU 0 instructions: 150000004 cycles: 204351717 heartbeat IPC: 0.510542 cumulative IPC: 0.713987 (Simulation time: 3 hr 14 min 53 sec) 
Heartbeat CPU 0 instructions: 160000003 cycles: 211340406 heartbeat IPC: 1.43089 cumulative IPC: 0.737836 (Simulation time: 3 hr 16 min 31 sec) 
Heartbeat CPU 0 instructions: 170000002 cycles: 219753812 heartbeat IPC: 1.18858 cumulative IPC: 0.755193 (Simulation time: 3 hr 18 min 28 sec) 
Heartbeat CPU 0 instructions: 180000004 cycles: 225359890 heartbeat IPC: 1.78378 cumulative IPC: 0.780925 (Simulation time: 3 hr 19 min 42 sec) 
Heartbeat CPU 0 instructions: 190000004 cycles: 248649065 heartbeat IPC: 0.429385 cumulative IPC: 0.74783 (Simulation time: 3 hr 23 min 59 sec) 
Heartbeat CPU 0 instructions: 200000000 cycles: 257121627 heartbeat IPC: 1.18029 cumulative IPC: 0.762151 (Simulation time: 3 hr 25 min 27 sec) 
Max paddr 67M
Simulation finished CPU 0 instructions: 200000001 cycles: 269000299 cumulative IPC: 0.743494 (Simulation time: 3 hr 27 min 17 sec) 

Simulation complete CPU 0 instructions: 200000001 cycles: 269000299 (Simulation time: 3 hr 27 min 17 sec) 


ChampSim completed all CPUs

[
  {
    "name": "Simulation",
    "traces": [
      "../traces/429.mcf-217B.champsimtrace.xz"
    ],
    "roi": {
      "cores": [
        {
          "instructions": 200000001,
          "cycles": 269000299,
          "Avg ROB occupancy at mispredict": 77.4156, 
          "mispredict": {
            "BRANCH_DIRECT_JUMP": 0,
            "BRANCH_INDIRECT": 0,
            "BRANCH_CONDITIONAL": 520971,
            "BRANCH_DIRECT_CALL": 0,
            "BRANCH_INDIRECT_CALL": 0,
            "BRANCH_RETURN": 0
          }
        }
      ],
      "cpu0_L1I": {
        "LOAD": {
          "hit":0,
          "miss":0
        },
        "RFO": {
          "hit":0,
          "miss":0
        },
        "PREFETCH": {
          "hit":0,
          "miss":0
        },
        "WRITE": {
          "hit":0,
          "miss":0
        },
        "TRANSLATION": {
          "hit":0,
          "miss":0
        },
        "mshr full": 0,
        "prefetch requested": 0,
        "prefetch issued": 0,
        "prefetch filled": 0,
        "prefetch useful": 0,
        "prefetch useless": 0,
        "prefetch late": 0,
        "pf_useful_at_l2_from_l1":          0,
        "pf_late_at_l2_from_l1":          0,
        "pf_useless_at_l2_from_l1":          0,
        "pf_at_l2_to_l1":          0,
        "pf_fill_this_level":          0,
        "miss latency": null,
        "cache queues": {
          "PQ_ACCESS": 0,
          "PQ_FULL": 0,
          "PQ_TO_CACHE": 0,
          "PQ_MERGED": 0,
          "RQ_ACCESS": 0,
          "RQ_MERGED": 0,
          "RQ_FULL": 0,
          "WQ_ACCESS": 0,
          "WQ_MERGED": 0,
          "WQ_FULL": 0
        }
      },
      "cpu0_ITLB": {
        "LOAD": {
          "hit":0,
          "miss":0
        },
        "RFO": {
          "hit":0,
          "miss":0
        },
        "PREFETCH": {
          "hit":0,
          "miss":0
        },
        "WRITE": {
          "hit":0,
          "miss":0
        },
        "TRANSLATION": {
          "hit":0,
          "miss":0
        },
        "mshr full": 0,
        "prefetch requested": 0,
        "prefetch issued": 0,
        "prefetch filled": 0,
        "prefetch useful": 0,
        "prefetch useless": 0,
        "prefetch late": 0,
        "pf_useful_at_l2_from_l1":          0,
        "pf_late_at_l2_from_l1":          0,
        "pf_useless_at_l2_from_l1":          0,
        "pf_at_l2_to_l1":          0,
        "pf_fill_this_level":          0,
        "miss latency": null,
        "cache queues": {
          "PQ_ACCESS": 0,
          "PQ_FULL": 0,
          "PQ_TO_CACHE": 0,
          "PQ_MERGED": 0,
          "RQ_ACCESS": 0,
          "RQ_MERGED": 0,
          "RQ_FULL": 0,
          "WQ_ACCESS": 0,
          "WQ_MERGED": 0,
          "WQ_FULL": 0
        }
      },
      "cpu0_DTLB": {
        "LOAD": {
          "hit":96065299,
          "miss":3044958
        },
        "RFO": {
          "hit":0,
          "miss":0
        },
        "PREFETCH": {
          "hit":0,
          "miss":0
        },
        "WRITE": {
          "hit":0,
          "miss":0
        },
        "TRANSLATION": {
          "hit":0,
          "miss":0
        },
        "mshr full": 214,
        "prefetch requested": 0,
        "prefetch issued": 0,
        "prefetch filled": 0,
        "prefetch useful": 0,
        "prefetch useless": 0,
        "prefetch late": 0,
        "pf_useful_at_l2_from_l1":          0,
        "pf_late_at_l2_from_l1":          0,
        "pf_useless_at_l2_from_l1":          0,
        "pf_at_l2_to_l1":          0,
        "pf_fill_this_level":          0,
        "miss latency": 0.337649,
        "cache queues": {
          "PQ_ACCESS": 0,
          "PQ_FULL": 0,
          "PQ_TO_CACHE": 0,
          "PQ_MERGED": 0,
          "RQ_ACCESS": 100500819,
          "RQ_MERGED": 0,
          "RQ_FULL": 1390559,
          "WQ_ACCESS": 0,
          "WQ_MERGED": 0,
          "WQ_FULL": 0
        }
      },
      "cpu0_STLB": {
        "LOAD": {
          "hit":353435,
          "miss":179774
        },
        "RFO": {
          "hit":0,
          "miss":0
        },
        "PREFETCH": {
          "hit":0,
          "miss":0
        },
        "WRITE": {
          "hit":0,
          "miss":0
        },
        "TRANSLATION": {
          "hit":0,
          "miss":0
        },
        "mshr full": 0,
        "prefetch requested": 0,
        "prefetch issued": 0,
        "prefetch filled": 0,
        "prefetch useful": 0,
        "prefetch useless": 0,
        "prefetch late": 0,
        "pf_useful_at_l2_from_l1":          0,
        "pf_late_at_l2_from_l1":          0,
        "pf_useless_at_l2_from_l1":          0,
        "pf_at_l2_to_l1":          0,
        "pf_fill_this_level":          0,
        "miss latency": 4.17176,
        "cache queues": {
          "PQ_ACCESS": 0,
          "PQ_FULL": 0,
          "PQ_TO_CACHE": 0,
          "PQ_MERGED": 0,
          "RQ_ACCESS": 533209,
          "RQ_MERGED": 0,
          "RQ_FULL": 0,
          "WQ_ACCESS": 0,
          "WQ_MERGED": 0,
          "WQ_FULL": 0
        }
      },
      "cpu0_L1D": {
        "LOAD": {
          "hit":43469597,
          "miss":13762177
        },
        "RFO": {
          "hit":0,
          "miss":0
        },
        "PREFETCH": {
          "hit":322477,
          "miss":3508413
        },
        "WRITE": {
          "hit":41900477,
          "miss":14745
        },
        "TRANSLATION": {
          "hit":128798,
          "miss":51028
        },
        "mshr full": 257231541,
        "prefetch requested": 3830895,
        "prefetch issued": 3830895,
        "prefetch filled": 228928,
        "prefetch useful": 319028,
        "prefetch useless": 26935,
        "prefetch late": 116950,
        "pf_useful_at_l2_from_l1":          0,
        "pf_late_at_l2_from_l1":          0,
        "pf_useless_at_l2_from_l1":          0,
        "pf_at_l2_to_l1":          0,
        "pf_fill_this_level":     228924,
        "miss latency": 12.0767,
        "cache queues": {
          "PQ_ACCESS": 3830895,
          "PQ_FULL": 0,
          "PQ_TO_CACHE": 3830895,
          "PQ_MERGED": 12,
          "RQ_ACCESS": 4453333772,
          "RQ_MERGED": 10449,
          "RQ_FULL": 4396091546,
          "WQ_ACCESS": 41934929,
          "WQ_MERGED": 19702,
          "WQ_FULL": 0
        }
      },
      "cpu0_L2C": {
        "LOAD": {
          "hit":1212874,
          "miss":8661132
        },
        "RFO": {
          "hit":3851,
          "miss":214
        },
        "PREFETCH": {
          "hit":581219,
          "miss":2523659
        },
        "WRITE": {
          "hit":166629,
          "miss":0
        },
        "TRANSLATION": {
          "hit":30244,
          "miss":20784
        },
        "mshr full": 735659,
        "prefetch requested": 0,
        "prefetch issued": 0,
        "prefetch filled": 2364668,
        "prefetch useful": 0,
        "prefetch useless": 0,
        "prefetch late": 0,
        "pf_useful_at_l2_from_l1":    1305617,
        "pf_late_at_l2_from_l1":     155509,
        "pf_useless_at_l2_from_l1":     869843,
        "pf_at_l2_to_l1":        506,
        "pf_fill_this_level":    2021923,
        "miss latency": 21.6261,
        "cache queues": {
          "PQ_ACCESS": 3186646,
          "PQ_FULL": 81703,
          "PQ_TO_CACHE": 3104943,
          "PQ_MERGED": 0,
          "RQ_ACCESS": 9929219,
          "RQ_MERGED": 0,
          "RQ_FULL": 0,
          "WQ_ACCESS": 168382,
          "WQ_MERGED": 0,
          "WQ_FULL": 0
        }
      },
      "LLC": {
        "LOAD": {
          "hit": [9256],
          "miss": [8496394]
        },
        "RFO": {
          "hit": [6],
          "miss": [177]
        },
        "PREFETCH": {
          "hit": [30539],
          "miss": [2489642]
        },
        "WRITE": {
          "hit": [111143],
          "miss": [0]
        },
        "TRANSLATION": {
          "hit": [7014],
          "miss": [13770]
        },
        "mshr full": 0,
        "prefetch requested": 0,
        "prefetch issued": 0,
        "prefetch filled": 2489638,
        "prefetch useful": 0,
        "prefetch useless": 0,
        "prefetch late": 0,
        "pf_useful_at_l2_from_l1":          0,
        "pf_late_at_l2_from_l1":          0,
        "pf_useless_at_l2_from_l1":          0,
        "pf_at_l2_to_l1":         92,
        "pf_fill_this_level":          0,
        "miss latency": 20.6595,
        "cache queues": {
          "PQ_ACCESS": 2520181,
          "PQ_FULL": 0,
          "PQ_TO_CACHE": 2520181,
          "PQ_MERGED": 0,
          "RQ_ACCESS": 8526621,
          "RQ_MERGED": 0,
          "RQ_FULL": 0,
          "WQ_ACCESS": 112960,
          "WQ_MERGED": 0,
          "WQ_FULL": 0
        }
      },
      "DRAM": [
        {
          "RQ ROW_BUFFER_HIT": 9316029,
          "RQ ROW_BUFFER_MISS": 1679793,
          "PQ FULL": 0,
          "WQ ROW_BUFFER_HIT": 11555,
          "WQ ROW_BUFFER_MISS": 93480,
          "WQ FULL": 0,
          "AVG DBUS CONGESTED CYCLE": 3.98186
        }
      ]

    },
    "sim": {
      "cores": [
        {
          "instructions": 200000001,
          "cycles": 269000299,
          "Avg ROB occupancy at mispredict": 77.4156, 
          "mispredict": {
            "BRANCH_DIRECT_JUMP": 0,
            "BRANCH_INDIRECT": 0,
            "BRANCH_CONDITIONAL": 520971,
            "BRANCH_DIRECT_CALL": 0,
            "BRANCH_INDIRECT_CALL": 0,
            "BRANCH_RETURN": 0
          }
        }
      ],
      "cpu0_L1I": {
        "LOAD": {
          "hit":0,
          "miss":0
        },
        "RFO": {
          "hit":0,
          "miss":0
        },
        "PREFETCH": {
          "hit":0,
          "miss":0
        },
        "WRITE": {
          "hit":0,
          "miss":0
        },
        "TRANSLATION": {
          "hit":0,
          "miss":0
        },
        "mshr full": 0,
        "prefetch requested": 0,
        "prefetch issued": 0,
        "prefetch filled": 0,
        "prefetch useful": 0,
        "prefetch useless": 0,
        "prefetch late": 0,
        "pf_useful_at_l2_from_l1":          0,
        "pf_late_at_l2_from_l1":          0,
        "pf_useless_at_l2_from_l1":          0,
        "pf_at_l2_to_l1":          0,
        "pf_fill_this_level":          0,
        "miss latency": null,
        "cache queues": {
          "PQ_ACCESS": 0,
          "PQ_FULL": 0,
          "PQ_TO_CACHE": 0,
          "PQ_MERGED": 0,
          "RQ_ACCESS": 0,
          "RQ_MERGED": 0,
          "RQ_FULL": 0,
          "WQ_ACCESS": 0,
          "WQ_MERGED": 0,
          "WQ_FULL": 0
        }
      },
      "cpu0_ITLB": {
        "LOAD": {
          "hit":0,
          "miss":0
        },
        "RFO": {
          "hit":0,
          "miss":0
        },
        "PREFETCH": {
          "hit":0,
          "miss":0
        },
        "WRITE": {
          "hit":0,
          "miss":0
        },
        "TRANSLATION": {
          "hit":0,
          "miss":0
        },
        "mshr full": 0,
        "prefetch requested": 0,
        "prefetch issued": 0,
        "prefetch filled": 0,
        "prefetch useful": 0,
        "prefetch useless": 0,
        "prefetch late": 0,
        "pf_useful_at_l2_from_l1":          0,
        "pf_late_at_l2_from_l1":          0,
        "pf_useless_at_l2_from_l1":          0,
        "pf_at_l2_to_l1":          0,
        "pf_fill_this_level":          0,
        "miss latency": null,
        "cache queues": {
          "PQ_ACCESS": 0,
          "PQ_FULL": 0,
          "PQ_TO_CACHE": 0,
          "PQ_MERGED": 0,
          "RQ_ACCESS": 0,
          "RQ_MERGED": 0,
          "RQ_FULL": 0,
          "WQ_ACCESS": 0,
          "WQ_MERGED": 0,
          "WQ_FULL": 0
        }
      },
      "cpu0_DTLB": {
        "LOAD": {
          "hit":96065299,
          "miss":3044958
        },
        "RFO": {
          "hit":0,
          "miss":0
        },
        "PREFETCH": {
          "hit":0,
          "miss":0
        },
        "WRITE": {
          "hit":0,
          "miss":0
        },
        "TRANSLATION": {
          "hit":0,
          "miss":0
        },
        "mshr full": 214,
        "prefetch requested": 0,
        "prefetch issued": 0,
        "prefetch filled": 0,
        "prefetch useful": 0,
        "prefetch useless": 0,
        "prefetch late": 0,
        "pf_useful_at_l2_from_l1":          0,
        "pf_late_at_l2_from_l1":          0,
        "pf_useless_at_l2_from_l1":          0,
        "pf_at_l2_to_l1":          0,
        "pf_fill_this_level":          0,
        "miss latency": 0.337649,
        "cache queues": {
          "PQ_ACCESS": 0,
          "PQ_FULL": 0,
          "PQ_TO_CACHE": 0,
          "PQ_MERGED": 0,
          "RQ_ACCESS": 100500819,
          "RQ_MERGED": 0,
          "RQ_FULL": 1390559,
          "WQ_ACCESS": 0,
          "WQ_MERGED": 0,
          "WQ_FULL": 0
        }
      },
      "cpu0_STLB": {
        "LOAD": {
          "hit":353435,
          "miss":179774
        },
        "RFO": {
          "hit":0,
          "miss":0
        },
        "PREFETCH": {
          "hit":0,
          "miss":0
        },
        "WRITE": {
          "hit":0,
          "miss":0
        },
        "TRANSLATION": {
          "hit":0,
          "miss":0
        },
        "mshr full": 0,
        "prefetch requested": 0,
        "prefetch issued": 0,
        "prefetch filled": 0,
        "prefetch useful": 0,
        "prefetch useless": 0,
        "prefetch late": 0,
        "pf_useful_at_l2_from_l1":          0,
        "pf_late_at_l2_from_l1":          0,
        "pf_useless_at_l2_from_l1":          0,
        "pf_at_l2_to_l1":          0,
        "pf_fill_this_level":          0,
        "miss latency": 4.17176,
        "cache queues": {
          "PQ_ACCESS": 0,
          "PQ_FULL": 0,
          "PQ_TO_CACHE": 0,
          "PQ_MERGED": 0,
          "RQ_ACCESS": 533209,
          "RQ_MERGED": 0,
          "RQ_FULL": 0,
          "WQ_ACCESS": 0,
          "WQ_MERGED": 0,
          "WQ_FULL": 0
        }
      },
      "cpu0_L1D": {
        "LOAD": {
          "hit":43469597,
          "miss":13762177
        },
        "RFO": {
          "hit":0,
          "miss":0
        },
        "PREFETCH": {
          "hit":322477,
          "miss":3508413
        },
        "WRITE": {
          "hit":41900477,
          "miss":14745
        },
        "TRANSLATION": {
          "hit":128798,
          "miss":51028
        },
        "mshr full": 257231541,
        "prefetch requested": 3830895,
        "prefetch issued": 3830895,
        "prefetch filled": 228928,
        "prefetch useful": 319028,
        "prefetch useless": 26935,
        "prefetch late": 116950,
        "pf_useful_at_l2_from_l1":          0,
        "pf_late_at_l2_from_l1":          0,
        "pf_useless_at_l2_from_l1":          0,
        "pf_at_l2_to_l1":          0,
        "pf_fill_this_level":     228924,
        "miss latency": 12.0767,
        "cache queues": {
          "PQ_ACCESS": 3830895,
          "PQ_FULL": 0,
          "PQ_TO_CACHE": 3830895,
          "PQ_MERGED": 12,
          "RQ_ACCESS": 4453333772,
          "RQ_MERGED": 10449,
          "RQ_FULL": 4396091546,
          "WQ_ACCESS": 41934929,
          "WQ_MERGED": 19702,
          "WQ_FULL": 0
        }
      },
      "cpu0_L2C": {
        "LOAD": {
          "hit":1212874,
          "miss":8661132
        },
        "RFO": {
          "hit":3851,
          "miss":214
        },
        "PREFETCH": {
          "hit":581219,
          "miss":2523659
        },
        "WRITE": {
          "hit":166629,
          "miss":0
        },
        "TRANSLATION": {
          "hit":30244,
          "miss":20784
        },
        "mshr full": 735659,
        "prefetch requested": 0,
        "prefetch issued": 0,
        "prefetch filled": 2364668,
        "prefetch useful": 0,
        "prefetch useless": 0,
        "prefetch late": 0,
        "pf_useful_at_l2_from_l1":    1305617,
        "pf_late_at_l2_from_l1":     155509,
        "pf_useless_at_l2_from_l1":     869843,
        "pf_at_l2_to_l1":        506,
        "pf_fill_this_level":    2021923,
        "miss latency": 21.6261,
        "cache queues": {
          "PQ_ACCESS": 3186646,
          "PQ_FULL": 81703,
          "PQ_TO_CACHE": 3104943,
          "PQ_MERGED": 0,
          "RQ_ACCESS": 9929219,
          "RQ_MERGED": 0,
          "RQ_FULL": 0,
          "WQ_ACCESS": 168382,
          "WQ_MERGED": 0,
          "WQ_FULL": 0
        }
      },
      "LLC": {
        "LOAD": {
          "hit": [9256],
          "miss": [8496394]
        },
        "RFO": {
          "hit": [6],
          "miss": [177]
        },
        "PREFETCH": {
          "hit": [30539],
          "miss": [2489642]
        },
        "WRITE": {
          "hit": [111143],
          "miss": [0]
        },
        "TRANSLATION": {
          "hit": [7014],
          "miss": [13770]
        },
        "mshr full": 0,
        "prefetch requested": 0,
        "prefetch issued": 0,
        "prefetch filled": 2489638,
        "prefetch useful": 0,
        "prefetch useless": 0,
        "prefetch late": 0,
        "pf_useful_at_l2_from_l1":          0,
        "pf_late_at_l2_from_l1":          0,
        "pf_useless_at_l2_from_l1":          0,
        "pf_at_l2_to_l1":         92,
        "pf_fill_this_level":          0,
        "miss latency": 20.6595,
        "cache queues": {
          "PQ_ACCESS": 2520181,
          "PQ_FULL": 0,
          "PQ_TO_CACHE": 2520181,
          "PQ_MERGED": 0,
          "RQ_ACCESS": 8526621,
          "RQ_MERGED": 0,
          "RQ_FULL": 0,
          "WQ_ACCESS": 112960,
          "WQ_MERGED": 0,
          "WQ_FULL": 0
        }
      },
      "DRAM": [
        {
          "RQ ROW_BUFFER_HIT": 9316029,
          "RQ ROW_BUFFER_MISS": 1679793,
          "PQ FULL": 0,
          "WQ ROW_BUFFER_HIT": 11555,
          "WQ ROW_BUFFER_MISS": 93480,
          "WQ FULL": 0,
          "AVG DBUS CONGESTED CYCLE": 3.98186
        }
      ]

    }
  }
]
cpu0_ITLB
cpu0_DTLB
cpu0_STLB
Prefetch Request to L1: 554890, Prefetch Request to L2: 3276005
Invalid by Eviction: 360775
Invalid by Max: 187514
Filter table begin
 ┌────────────────────┬─────────────┐
 | Region             | Offset      |
 ├────────────────────┼─────────────┤
 | 0x000000000000368b | 0           |
 ├────────────────────┼─────────────┤
 | 0x000000000000802c | 0           |
 ├────────────────────┼─────────────┤
 | 0x000000000000862f | 0           |
 ├────────────────────┼─────────────┤
 | 0x000000000000026c | 0           |
 ├────────────────────┼─────────────┤
 | 0x00000000000048fe | 0           |
 ├────────────────────┼─────────────┤
 | 0x00000000000023dd | 0           |
 ├────────────────────┼─────────────┤
 | 0x0000000000004c00 | 0           |
 ├────────────────────┼─────────────┤
 | 0x00000000000070ce | 0           |
 ├────────────────────┼─────────────┤
 | 0x0000000000000452 | 0           |
 ├────────────────────┼─────────────┤
 | 0x0000000000000219 | 1           |
 ├────────────────────┼─────────────┤
 | 0x000000000000803d | 0           |
 ├────────────────────┼─────────────┤
 | 0x0000000000007e0d | 0           |
 ├────────────────────┼─────────────┤
 | 0x000000000000029c | 0           |
 ├────────────────────┼─────────────┤
 | 0x00000000000082ab | 0           |
 ├────────────────────┼─────────────┤
 | 0x00000000000087ec | 0           |
 ├────────────────────┼─────────────┤
 | 0x00000000000087e5 | 0           |
 ├────────────────────┼─────────────┤
 | 0x00000000000039de | 0           |
 ├────────────────────┼─────────────┤
 | 0x0000000000006162 | 0           |
 ├────────────────────┼─────────────┤
 | 0x00000000000073d6 | 0           |
 ├────────────────────┼─────────────┤
 | 0x0000000000003f1e | 0           |
 ├────────────────────┼─────────────┤
 | 0x000000000000864f | 0           |
 ├────────────────────┼─────────────┤
 | 0x000000000000443f | 0           |
 ├────────────────────┼─────────────┤
 | 0x00000000000057f8 | 0           |
 ├────────────────────┼─────────────┤
 | 0x0000000000002b1f | 0           |
 ├────────────────────┼─────────────┤
 | 0x0000000000008740 | 5           |
 └────────────────────┴─────────────┘
Filter table end
Accumulation table begin
 ┌────────────────────┬─────────────┬─────────────┬──────────────────────────────────────────────────────────────────┐
 | Region             | Offset      | Second      | Pattern                                                          |
 ├────────────────────┼─────────────┼─────────────┼──────────────────────────────────────────────────────────────────┤
 | 0x00000000000087e1 | 0           | 8           | 1 0 0 1 1 1 1 1 1 0 0 0 1 1 1 1 1 1 1 0 0 1 1 0 0 1 1 0 0 1 1 1  |
 ├────────────────────┼─────────────┼─────────────┼──────────────────────────────────────────────────────────────────┤
 | 0x000000000000740f | 24          | 23          | 0 0 0 0 0 0 0 0 0 0 0 0 0 0 0 0 0 0 0 0 0 0 0 1 1 0 0 0 0 0 0 0  |
 ├────────────────────┼─────────────┼─────────────┼──────────────────────────────────────────────────────────────────┤
 | 0x00000000000086c8 | 8           | 7           | 0 0 0 0 0 0 1 1 1 1 1 0 0 0 0 0 0 0 0 0 0 0 0 0 0 0 0 0 0 0 0 0  |
 ├────────────────────┼─────────────┼─────────────┼──────────────────────────────────────────────────────────────────┤
 | 0x00000000000087e7 | 14          | 13          | 0 0 0 0 0 0 0 0 0 0 0 0 1 1 1 0 0 0 0 1 1 1 1 0 0 0 0 0 0 0 0 1  |
 ├────────────────────┼─────────────┼─────────────┼──────────────────────────────────────────────────────────────────┤
 | 0x0000000000000246 | 2           | 1           | 0 1 1 0 0 0 0 0 0 0 0 0 0 0 0 0 0 1 1 0 0 0 0 0 0 0 0 0 0 0 0 0  |
 ├────────────────────┼─────────────┼─────────────┼──────────────────────────────────────────────────────────────────┤
 | 0x00000000000003cf | 29          | 30          | 0 0 0 0 0 0 0 0 0 0 0 1 1 0 1 1 0 1 1 0 1 1 0 1 1 0 1 1 0 1 1 0  |
 ├────────────────────┼─────────────┼─────────────┼──────────────────────────────────────────────────────────────────┤
 | 0x000000000000875a | 31          | 30          | 0 0 0 0 0 0 0 0 0 0 0 0 0 0 0 0 0 0 1 1 1 0 0 0 0 0 0 0 1 1 1 1  |
 ├────────────────────┼─────────────┼─────────────┼──────────────────────────────────────────────────────────────────┤
 | 0x00000000000087e2 | 6           | 5           | 0 0 0 0 0 1 1 0 0 0 0 0 0 0 0 0 0 0 0 0 0 0 0 0 0 0 0 0 0 0 0 0  |
 ├────────────────────┼─────────────┼─────────────┼──────────────────────────────────────────────────────────────────┤
 | 0x00000000000087e4 | 0           | 4           | 1 0 1 1 1 1 1 1 1 0 0 0 0 0 0 1 1 0 1 1 1 1 1 0 1 1 1 0 0 1 1 1  |
 ├────────────────────┼─────────────┼─────────────┼──────────────────────────────────────────────────────────────────┤
 | 0x00000000000087e8 | 2           | 1           | 1 1 1 1 1 1 1 1 1 1 1 0 0 0 0 0 0 0 0 0 0 0 0 0 0 0 0 0 0 0 0 0  |
 ├────────────────────┼─────────────┼─────────────┼──────────────────────────────────────────────────────────────────┤
 | 0x000000000000024f | 4           | 3           | 0 0 1 1 1 0 0 0 0 0 0 0 0 0 0 0 0 0 0 0 0 0 0 0 0 0 0 0 0 0 0 0  |
 ├────────────────────┼─────────────┼─────────────┼──────────────────────────────────────────────────────────────────┤
 | 0x00000000000087eb | 8           | 7           | 0 0 0 0 0 0 0 1 1 0 0 0 0 0 0 0 0 0 0 0 0 0 0 0 0 0 0 0 0 0 0 0  |
 ├────────────────────┼─────────────┼─────────────┼──────────────────────────────────────────────────────────────────┤
 | 0x000000000000023e | 16          | 15          | 0 0 0 0 0 0 0 0 0 0 0 0 0 0 0 1 1 0 0 0 0 0 0 0 0 0 0 0 0 0 0 0  |
 ├────────────────────┼─────────────┼─────────────┼──────────────────────────────────────────────────────────────────┤
 | 0x0000000000007e0f | 30          | 29          | 0 0 0 0 0 0 0 0 0 0 0 0 0 0 0 0 0 0 0 0 0 0 0 0 0 0 0 0 1 1 1 0  |
 ├────────────────────┼─────────────┼─────────────┼──────────────────────────────────────────────────────────────────┤
 | 0x000000000000023d | 21          | 22          | 0 0 0 0 0 0 0 0 0 0 0 0 0 0 0 0 0 0 0 0 1 1 1 0 0 1 1 0 0 0 0 0  |
 ├────────────────────┼─────────────┼─────────────┼──────────────────────────────────────────────────────────────────┤
 | 0x00000000000003ca | 30          | 31          | 1 1 0 1 1 0 1 1 0 1 1 0 1 1 0 1 1 0 1 1 0 1 1 0 1 1 0 1 1 0 1 1  |
 ├────────────────────┼─────────────┼─────────────┼──────────────────────────────────────────────────────────────────┤
 | 0x000000000000862e | 28          | 27          | 0 0 0 0 0 0 0 0 0 0 0 0 0 0 0 0 0 0 0 0 0 0 0 0 0 0 1 1 1 1 1 1  |
 ├────────────────────┼─────────────┼─────────────┼──────────────────────────────────────────────────────────────────┤
 | 0x000000000000024d | 10          | 11          | 0 0 0 0 0 0 0 0 0 0 1 1 1 0 0 0 0 0 0 0 0 0 0 0 0 0 0 0 0 0 0 0  |
 ├────────────────────┼─────────────┼─────────────┼──────────────────────────────────────────────────────────────────┤
 | 0x00000000000064f3 | 22          | 21          | 0 0 0 0 0 0 0 0 0 0 0 0 0 0 0 0 0 0 0 0 1 1 1 0 0 0 0 0 0 0 0 0  |
 ├────────────────────┼─────────────┼─────────────┼──────────────────────────────────────────────────────────────────┤
 | 0x0000000000008779 | 20          | 19          | 0 0 0 0 0 0 0 0 0 0 0 0 0 0 0 0 0 0 0 1 1 0 0 0 0 0 0 0 0 0 0 0  |
 ├────────────────────┼─────────────┼─────────────┼──────────────────────────────────────────────────────────────────┤
 | 0x00000000000087e6 | 20          | 19          | 0 0 0 0 0 0 0 0 0 0 0 0 0 0 0 0 0 0 0 1 1 1 1 0 0 0 0 1 1 0 0 0  |
 ├────────────────────┼─────────────┼─────────────┼──────────────────────────────────────────────────────────────────┤
 | 0x00000000000087d3 | 26          | 25          | 0 0 0 0 0 0 0 0 0 0 0 0 0 0 0 0 0 0 0 1 1 1 1 1 1 1 1 1 1 1 1 0  |
 ├────────────────────┼─────────────┼─────────────┼──────────────────────────────────────────────────────────────────┤
 | 0x00000000000087c4 | 12          | 11          | 0 0 0 0 0 0 1 1 1 0 1 1 1 1 1 1 1 1 1 1 1 1 1 1 1 0 0 0 0 0 0 0  |
 ├────────────────────┼─────────────┼─────────────┼──────────────────────────────────────────────────────────────────┤
 | 0x00000000000087b9 | 22          | 21          | 0 0 0 0 0 0 0 0 0 0 0 0 0 0 0 0 0 0 1 1 1 1 1 1 1 1 1 1 1 1 1 0  |
 ├────────────────────┼─────────────┼─────────────┼──────────────────────────────────────────────────────────────────┤
 | 0x000000000000878a | 8           | 7           | 0 0 1 1 1 0 1 1 1 1 1 1 1 0 0 0 0 0 0 0 0 0 0 0 0 0 0 0 0 0 0 0  |
 ├────────────────────┼─────────────┼─────────────┼──────────────────────────────────────────────────────────────────┤
 | 0x000000000000489d | 20          | 19          | 0 0 0 0 0 0 0 0 0 0 0 0 0 0 0 0 0 0 0 1 1 0 0 0 0 0 0 0 0 0 0 0  |
 ├────────────────────┼─────────────┼─────────────┼──────────────────────────────────────────────────────────────────┤
 | 0x000000000000547e | 19          | 18          | 0 0 0 0 0 0 0 0 0 0 0 0 0 0 0 0 0 0 1 1 1 0 0 0 0 0 0 0 0 0 0 0  |
 ├────────────────────┼─────────────┼─────────────┼──────────────────────────────────────────────────────────────────┤
 | 0x000000000000024b | 16          | 15          | 0 0 0 0 0 0 0 0 0 0 0 0 0 0 1 1 1 0 0 0 0 0 0 0 0 0 0 0 0 0 0 0  |
 ├────────────────────┼─────────────┼─────────────┼──────────────────────────────────────────────────────────────────┤
 | 0x00000000000003cd | 31          | 30          | 0 0 0 0 0 0 0 0 1 1 0 1 1 1 1 1 1 1 1 1 1 1 1 0 1 1 1 1 1 1 1 1  |
 ├────────────────────┼─────────────┼─────────────┼──────────────────────────────────────────────────────────────────┤
 | 0x0000000000000247 | 18          | 17          | 0 0 0 0 0 0 0 0 0 0 0 0 0 0 0 0 1 1 1 0 0 0 0 0 0 0 0 0 0 0 0 0  |
 ├────────────────────┼─────────────┼─────────────┼──────────────────────────────────────────────────────────────────┤
 | 0x00000000000003c4 | 31          | 29          | 1 1 1 1 0 1 1 1 1 1 1 1 1 1 1 1 1 0 1 1 1 1 1 1 1 1 1 1 1 1 0 1  |
 ├────────────────────┼─────────────┼─────────────┼──────────────────────────────────────────────────────────────────┤
 | 0x000000000000875b | 4           | 3           | 0 0 1 1 1 1 1 0 0 0 0 0 0 0 0 0 0 0 0 0 0 0 0 0 0 0 0 0 0 0 0 0  |
 └────────────────────┴─────────────┴─────────────┴──────────────────────────────────────────────────────────────────┘
Accumulation table end
Offset pattern table begin
 ┌────────────────────┬─────────────┬──────────────────────────────────────────────────────────────────────────────────────────────────┐
 | Key                | Second      | Pattern                                                                                          |
 ├────────────────────┼─────────────┼──────────────────────────────────────────────────────────────────────────────────────────────────┤
 | 0x0000000000000000 | 6           | 22 19 19 19 19 17 18 19 19 18 18 19 19 16 17 17 17 17 18 11 11 13 13 11 12 13 13 14 14 12 12 11  |
 ├────────────────────┼─────────────┼──────────────────────────────────────────────────────────────────────────────────────────────────┤
 | 0x0000000000000001 | 2           | 20 17 2 7 6 3 7 6 3 8 6 2 8 6 2 7 7 3 7 5 2 7 5 2 7 6 2 7 5 2 7 10                               |
 ├────────────────────┼─────────────┼──────────────────────────────────────────────────────────────────────────────────────────────────┤
 | 0x0000000000000002 | 1           | 31 9 10 5 4 5 5 3 4 5 5 3 3 5 5 9 9 6 6 4 5 5 5 3 4 4 4 3 3 6 9 27                               |
 ├────────────────────┼─────────────┼──────────────────────────────────────────────────────────────────────────────────────────────────┤
 | 0x0000000000000003 | 2           | 16 13 3 5 2 3 5 3 3 5 3 3 5 3 3 5 3 2 5 3 3 5 3 3 5 3 3 5 3 6 4 12                               |
 ├────────────────────┼─────────────┼──────────────────────────────────────────────────────────────────────────────────────────────────┤
 | 0x0000000000000004 | 3           | 19 2 2 2 1 0 0 2 2 2 2 1 2 1 1 1 1 1 1 1 1 0 0 1 1 0 0 1 0 0 9 18                                |
 ├────────────────────┼─────────────┼──────────────────────────────────────────────────────────────────────────────────────────────────┤
 | 0x0000000000000005 | 4           | 21 20 1 6 6 0 6 6 0 6 6 0 6 6 0 6 6 0 6 6 0 6 5 0 6 6 0 7 0 7 7 14                               |
 ├────────────────────┼─────────────┼──────────────────────────────────────────────────────────────────────────────────────────────────┤
 | 0x0000000000000006 | 5           | 27 6 8 7 3 5 6 3 6 6 2 5 6 2 4 6 2 4 6 2 5 6 2 4 6 2 6 2 8 10 13 25                              |
 ├────────────────────┼─────────────┼──────────────────────────────────────────────────────────────────────────────────────────────────┤
 | 0x0000000000000007 | 6           | 25 21 3 22 19 3 21 18 3 21 18 3 21 18 3 21 18 3 21 18 3 21 18 3 21 3 21 18 3 21 19 6             |
 ├────────────────────┼─────────────┼──────────────────────────────────────────────────────────────────────────────────────────────────┤
 | 0x0000000000000008 | 7           | 18 8 4 7 6 2 7 6 2 7 6 2 7 6 2 7 6 2 7 5 1 6 5 1 4 0 5 5 1 5 11 13                               |
 ├────────────────────┼─────────────┼──────────────────────────────────────────────────────────────────────────────────────────────────┤
 | 0x0000000000000009 | 8           | 16 10 5 14 9 5 14 9 5 14 9 5 14 9 5 14 9 5 14 9 5 14 9 14 9 5 14 9 5 14 9 6                      |
 ├────────────────────┼─────────────┼──────────────────────────────────────────────────────────────────────────────────────────────────┤
 | 0x000000000000000a | 9           | 29 20 14 16 14 4 12 9 3 11 9 2 11 8 2 10 8 3 11 8 2 10 2 10 11 6 16 10 7 16 14 14                |
 ├────────────────────┼─────────────┼──────────────────────────────────────────────────────────────────────────────────────────────────┤
 | 0x000000000000000b | 10          | 28 23 4 26 22 3 26 22 3 26 22 3 26 22 3 26 22 3 26 22 3 22 4 26 22 4 26 22 4 26 22 5             |
 ├────────────────────┼─────────────┼──────────────────────────────────────────────────────────────────────────────────────────────────┤
 | 0x000000000000000c | 11          | 17 7 3 8 6 2 8 5 1 7 6 1 6 5 1 6 5 1 6 5 6 5 1 7 5 1 6 5 1 6 12 11                               |
 ├────────────────────┼─────────────┼──────────────────────────────────────────────────────────────────────────────────────────────────┤
 | 0x000000000000000d | 12          | 24 12 10 21 11 10 21 11 10 21 11 10 21 11 10 21 11 10 21 11 22 11 11 22 11 11 22 11 11 22 11 12  |
 ├────────────────────┼─────────────┼──────────────────────────────────────────────────────────────────────────────────────────────────┤
 | 0x000000000000000e | 13          | 24 11 9 13 9 6 12 7 5 11 7 5 11 5 3 9 5 3 5 3 9 7 4 11 7 3 9 5 8 15 14 18                        |
 ├────────────────────┼─────────────┼──────────────────────────────────────────────────────────────────────────────────────────────────┤
 | 0x000000000000000f | 16          | 29 20 8 26 18 8 26 18 8 26 18 8 26 18 8 26 18 27 19 8 27 19 8 27 19 8 27 19 8 27 19 9            |
 ├────────────────────┼─────────────┼──────────────────────────────────────────────────────────────────────────────────────────────────┤
 | 0x0000000000000010 | 15          | 19 5 5 7 4 4 6 3 3 6 3 3 5 3 3 5 2 5 3 3 6 3 3 6 3 2 6 4 4 5 8 16                                |
 ├────────────────────┼─────────────┼──────────────────────────────────────────────────────────────────────────────────────────────────┤
 | 0x0000000000000011 | 18          | 20 11 9 19 11 9 19 11 9 19 11 9 19 11 9 10 9 19 11 9 19 11 9 19 11 9 19 11 8 19 11 9             |
 ├────────────────────┼─────────────┼──────────────────────────────────────────────────────────────────────────────────────────────────┤
 | 0x0000000000000012 | 17          | 18 5 3 3 3 0 2 1 0 2 1 0 2 1 1 2 3 4 4 1 2 1 0 1 4 3 5 2 3 6 7 16                                |
 ├────────────────────┼─────────────┼──────────────────────────────────────────────────────────────────────────────────────────────────┤
 | 0x0000000000000013 | 18          | 29 20 11 25 17 13 25 17 13 23 18 13 25 12 26 16 13 26 19 14 25 16 14 24 19 14 24 19 10 25 19 15  |
 ├────────────────────┼─────────────┼──────────────────────────────────────────────────────────────────────────────────────────────────┤
 | 0x0000000000000014 | 19          | 27 12 14 9 8 10 11 7 7 8 7 7 2 2 3 2 2 3 2 2 3 2 2 3 2 2 3 2 2 3 10 22                           |
 ├────────────────────┼─────────────┼──────────────────────────────────────────────────────────────────────────────────────────────────┤
 | 0x0000000000000015 | 26          | 16 11 5 8 10 9 9 6 5 9 6 10 7 5 10 6 6 10 7 6 8 6 5 10 7 6 9 7 5 10 7 11                         |
 ├────────────────────┼─────────────┼──────────────────────────────────────────────────────────────────────────────────────────────────┤
 | 0x0000000000000016 | 21          | 21 4 3 7 6 1 2 1 1 2 1 1 1 0 1 1 1 1 1 1 1 1 1 1 1 1 1 1 3 4 15 20                               |
 ├────────────────────┼─────────────┼──────────────────────────────────────────────────────────────────────────────────────────────────┤
 | 0x0000000000000017 | 24          | 26 17 12 18 9 12 19 10 12 10 11 18 10 11 18 10 11 18 10 12 18 10 12 17 10 11 17 10 13 19 10 17   |
 ├────────────────────┼─────────────┼──────────────────────────────────────────────────────────────────────────────────────────────────┤
 | 0x0000000000000018 | 23          | 21 8 7 9 8 4 8 7 7 5 4 7 6 4 7 5 4 7 6 4 6 5 3 7 5 4 8 7 5 8 18 17                               |
 ├────────────────────┼─────────────┼──────────────────────────────────────────────────────────────────────────────────────────────────┤
 | 0x0000000000000019 | 24          | 31 25 12 27 26 13 27 11 27 26 12 28 26 10 28 26 13 27 26 13 26 26 12 27 27 12 26 27 13 28 26 15  |
 ├────────────────────┼─────────────┼──────────────────────────────────────────────────────────────────────────────────────────────────┤
 | 0x000000000000001a | 25          | 18 7 6 6 6 4 1 0 1 1 0 1 1 0 1 1 0 1 1 0 1 1 0 1 4 5 7 4 5 7 10 16                               |
 ├────────────────────┼─────────────┼──────────────────────────────────────────────────────────────────────────────────────────────────┤
 | 0x000000000000001b | 26          | 23 20 5 16 14 16 14 5 16 14 5 16 14 5 16 13 6 16 14 6 15 14 5 15 14 6 16 14 5 16 14 11           |
 ├────────────────────┼─────────────┼──────────────────────────────────────────────────────────────────────────────────────────────────┤
 | 0x000000000000001c | 27          | 29 10 8 9 3 7 6 3 7 6 3 7 6 3 7 6 3 7 6 3 7 6 3 7 6 4 7 6 3 7 13 24                              |
 ├────────────────────┼─────────────┼──────────────────────────────────────────────────────────────────────────────────────────────────┤
 | 0x000000000000001d | 30          | 31 30 0 30 0 30 30 0 30 30 0 30 30 0 30 30 0 30 30 0 30 30 0 30 30 0 30 30 0 30 30 0             |
 ├────────────────────┼─────────────┼──────────────────────────────────────────────────────────────────────────────────────────────────┤
 | 0x000000000000001e | 31          | 28 16 22 16 17 22 16 14 24 16 15 24 16 17 24 14 17 24 14 17 23 17 18 23 17 17 24 16 16 26 19 18  |
 ├────────────────────┼─────────────┼──────────────────────────────────────────────────────────────────────────────────────────────────┤
 | 0x000000000000001f | 28          | 30 17 27 20 17 27 21 15 27 21 16 27 20 15 28 20 16 28 21 17 27 21 17 27 20 15 27 22 17 28 21 17  |
 └────────────────────┴─────────────┴──────────────────────────────────────────────────────────────────────────────────────────────────┘
Offset pattern table end
PC pattern table begin
 ┌────────────────────┬─────────────┬──────────────────────────────────────────────────┐
 | Key                | Second      | Pattern                                          |
 ├────────────────────┼─────────────┼──────────────────────────────────────────────────┤
 | 0x0000000000000000 | 15          | 24 0 0 0 0 0 0 0 0 0 0 0 0 0 0 24                |
 ├────────────────────┼─────────────┼──────────────────────────────────────────────────┤
 | 0x0000000000000003 | 30          | 27 26 26 26 26 26 26 26 26 26 26 26 26 26 26 26  |
 ├────────────────────┼─────────────┼──────────────────────────────────────────────────┤
 | 0x0000000000000008 | 3           | 19 18 9 0 0 0 0 0 0 0 0 0 0 0 0 0                |
 ├────────────────────┼─────────────┼──────────────────────────────────────────────────┤
 | 0x000000000000000b | 31          | 7 4 2 2 1 1 0 0 0 0 0 0 0 0 0 0                  |
 ├────────────────────┼─────────────┼──────────────────────────────────────────────────┤
 | 0x000000000000000f | 22          | 21 17 6 5 1 0 0 0 0 0 0 0 0 0 0 6                |
 ├────────────────────┼─────────────┼──────────────────────────────────────────────────┤
 | 0x0000000000000010 | 16          | 23 22 2 1 0 0 0 0 0 0 0 0 0 0 1 1                |
 ├────────────────────┼─────────────┼──────────────────────────────────────────────────┤
 | 0x0000000000000011 | 7           | 29 15 12 11 12 12 12 10 12 12 10 9 8 9 10 22     |
 ├────────────────────┼─────────────┼──────────────────────────────────────────────────┤
 | 0x0000000000000012 | 11          | 29 28 28 19 13 13 13 13 13 13 13 13 13 13 13 22  |
 ├────────────────────┼─────────────┼──────────────────────────────────────────────────┤
 | 0x0000000000000014 | 15          | 24 0 0 0 0 0 0 0 0 0 0 0 0 0 0 24                |
 ├────────────────────┼─────────────┼──────────────────────────────────────────────────┤
 | 0x0000000000000017 | 30          | 21 20 20 20 20 20 20 20 20 20 20 20 20 20 20 20  |
 ├────────────────────┼─────────────┼──────────────────────────────────────────────────┤
 | 0x0000000000000019 | 29          | 17 12 10 2 2 1 1 1 1 1 0 0 0 0 1 13              |
 ├────────────────────┼─────────────┼──────────────────────────────────────────────────┤
 | 0x000000000000001b | 2           | 26 25 25 25 25 25 25 25 25 25 25 25 25 25 25 25  |
 ├────────────────────┼─────────────┼──────────────────────────────────────────────────┤
 | 0x000000000000001c | 28          | 20 0 0 0 0 0 0 0 0 0 3 6 3 1 8 9                 |
 ├────────────────────┼─────────────┼──────────────────────────────────────────────────┤
 | 0x000000000000001e | 9           | 25 12 3 4 5 7 8 10 11 13 15 16 18 20 21 23       |
 ├────────────────────┼─────────────┼──────────────────────────────────────────────────┤
 | 0x000000000000001f | 30          | 26 25 25 25 25 25 25 25 25 25 25 25 25 25 25 25  |
 └────────────────────┴─────────────┴──────────────────────────────────────────────────┘
PC pattern table end
Prefetch buffer begin
 ┌────────────────────┬──────────────────────────────────────────────────────────────────┐
 | Region             | Pattern                                                          |
 ├────────────────────┼──────────────────────────────────────────────────────────────────┤
 | 0x00000000000087d7 | 2 2 2 2 2 2 2 2 2 2 2 2 0 0 0 0 0 0 0 0 0 2 2 2 2 2 2 2 2 2 2 2  |
 ├────────────────────┼──────────────────────────────────────────────────────────────────┤
 | 0x00000000000087c9 | 0 0 0 0 0 0 0 0 0 2 2 2 2 2 2 2 2 2 2 2 2 2 2 2 2 2 2 2 2 2 2 2  |
 ├────────────────────┼──────────────────────────────────────────────────────────────────┤
 | 0x00000000000087cc | 0 0 0 0 0 0 0 0 0 2 2 2 2 0 0 2 2 2 2 2 2 2 2 2 2 2 2 2 2 2 2 2  |
 ├────────────────────┼──────────────────────────────────────────────────────────────────┤
 | 0x00000000000087dd | 0 0 0 0 0 0 0 0 0 0 0 0 0 0 0 0 2 0 0 0 2 0 0 0 2 2 2 2 2 2 2 2  |
 ├────────────────────┼──────────────────────────────────────────────────────────────────┤
 | 0x00000000000087eb | 2 2 2 2 0 0 0 0 0 0 0 0 0 2 2 2 2 2 2 2 2 2 2 2 2 2 2 2 2 2 2 2  |
 ├────────────────────┼──────────────────────────────────────────────────────────────────┤
 | 0x00000000000087af | 2 2 2 2 2 2 2 2 2 2 2 2 2 2 2 2 2 2 2 2 2 2 0 0 0 0 2 2 2 2 2 2  |
 ├────────────────────┼──────────────────────────────────────────────────────────────────┤
 | 0x00000000000087a1 | 2 2 2 2 2 2 2 2 2 2 0 0 0 0 2 2 2 2 2 2 2 0 0 0 2 2 2 2 2 2 2 2  |
 ├────────────────────┼──────────────────────────────────────────────────────────────────┤
 | 0x00000000000087ae | 2 2 2 2 2 2 2 2 2 2 2 2 2 2 2 2 2 2 2 2 2 2 0 0 0 0 0 0 0 0 0 2  |
 ├────────────────────┼──────────────────────────────────────────────────────────────────┤
 | 0x00000000000087d6 | 0 0 0 0 0 0 0 0 0 0 0 0 0 0 0 0 0 0 0 0 0 0 0 0 0 0 0 2 2 2 2 2  |
 ├────────────────────┼──────────────────────────────────────────────────────────────────┤
 | 0x0000000000008779 | 2 2 2 2 2 2 2 2 2 2 2 2 2 2 2 2 2 2 2 0 0 0 2 2 2 2 2 2 2 2 2 2  |
 ├────────────────────┼──────────────────────────────────────────────────────────────────┤
 | 0x000000000000872c | 2 2 2 2 2 2 2 2 2 2 2 2 2 2 2 2 2 2 2 2 2 0 0 0 0 2 2 2 2 2 2 2  |
 ├────────────────────┼──────────────────────────────────────────────────────────────────┤
 | 0x00000000000087e5 | 0 0 0 0 0 0 0 0 0 2 2 2 2 2 2 2 2 2 2 2 2 2 2 2 2 2 2 2 2 2 2 2  |
 ├────────────────────┼──────────────────────────────────────────────────────────────────┤
 | 0x00000000000087b3 | 2 2 2 2 2 2 2 2 2 2 2 2 2 2 2 2 2 2 2 2 0 0 0 0 0 0 0 0 0 2 2 2  |
 ├────────────────────┼──────────────────────────────────────────────────────────────────┤
 | 0x00000000000087df | 2 2 2 2 2 2 2 2 2 2 2 2 2 2 0 0 0 0 0 0 0 0 0 0 0 0 0 0 0 0 0 2  |
 ├────────────────────┼──────────────────────────────────────────────────────────────────┤
 | 0x00000000000087c1 | 2 2 2 2 2 2 2 2 2 2 2 2 2 2 2 2 2 2 2 2 2 2 2 2 2 2 2 0 0 0 2 2  |
 ├────────────────────┼──────────────────────────────────────────────────────────────────┤
 | 0x0000000000008743 | 2 2 2 2 2 2 2 2 2 2 2 2 2 2 2 2 0 0 0 0 0 0 0 0 0 2 2 2 2 2 2 2  |
 ├────────────────────┼──────────────────────────────────────────────────────────────────┤
 | 0x00000000000087e6 | 2 2 2 2 2 2 2 2 2 2 2 2 0 0 0 0 0 0 0 0 0 0 0 0 0 0 0 0 0 0 0 0  |
 ├────────────────────┼──────────────────────────────────────────────────────────────────┤
 | 0x00000000000087e3 | 2 2 2 2 0 0 0 0 0 0 0 0 0 0 0 0 0 0 0 2 2 2 2 2 2 2 2 2 2 2 2 2  |
 ├────────────────────┼──────────────────────────────────────────────────────────────────┤
 | 0x00000000000087ec | 0 0 0 0 0 0 0 0 0 2 2 2 2 2 2 2 2 2 2 2 2 2 2 2 2 2 2 2 2 2 2 2  |
 ├────────────────────┼──────────────────────────────────────────────────────────────────┤
 | 0x00000000000087b8 | 2 2 2 2 2 2 2 2 2 2 2 2 2 2 2 2 2 2 2 2 2 2 2 2 2 2 2 0 0 0 0 2  |
 ├────────────────────┼──────────────────────────────────────────────────────────────────┤
 | 0x00000000000087db | 2 2 2 2 2 2 2 2 2 2 2 2 2 2 2 2 2 2 0 0 0 0 0 0 0 0 0 2 2 2 2 2  |
 ├────────────────────┼──────────────────────────────────────────────────────────────────┤
 | 0x00000000000003c6 | 0 2 0 0 2 0 0 2 0 0 2 0 0 2 0 0 0 0 0 0 0 0 0 0 0 0 0 0 0 0 0 0  |
 ├────────────────────┼──────────────────────────────────────────────────────────────────┤
 | 0x00000000000087d4 | 2 2 2 2 2 2 2 2 2 2 2 2 2 2 2 2 2 2 2 2 2 2 2 0 0 0 0 0 0 0 0 0  |
 ├────────────────────┼──────────────────────────────────────────────────────────────────┤
 | 0x00000000000087e2 | 2 2 0 0 0 0 0 0 0 0 0 2 2 2 2 2 2 2 2 2 2 2 2 2 2 2 2 2 2 2 2 2  |
 ├────────────────────┼──────────────────────────────────────────────────────────────────┤
 | 0x00000000000087de | 2 2 2 2 2 2 2 2 2 2 2 2 0 0 0 0 0 0 0 0 0 2 2 2 2 2 2 2 2 2 2 2  |
 └────────────────────┴──────────────────────────────────────────────────────────────────┘
Prefetch buffer end
Filter by PPT: 0
cpu0_L2C
Num Con Filled: 0
Num Con Useful: 0 Useless:0 Accuracy: nan
LLC
