41 41 41
Available num physical pages: 35184372088576
WARNING: physical memory size is smaller than virtual memory size

*** ChampSim Multicore Out-of-Order Simulator ***

Warmup Instructions: 5000000
Simulation Instructions: 200000000
Number of CPUs: 1
Page size: 4096

Basic BTB sets: 1024 ways: 8 indirect buffer size: 4096 RAS size: 64
cpu0_L1D PMP prefetcher
Off-chip DRAM Size: 4 GiB Channels: 1 Width: 64-bit Data Rate: 3200 MT/s
Max paddr 28M
Warmup finished CPU 0 instructions: 5000003 cycles: 1250047 cumulative IPC: 3.99986 (Simulation time: 0 hr 2 min 38 sec) 

Warmup complete CPU 0 instructions: 5000003 cycles: 1250047 (Simulation time: 0 hr 2 min 38 sec) 

Heartbeat CPU 0 instructions: 10000000 cycles: 7435556 heartbeat IPC: 1.34489 cumulative IPC: 0.808341 (Simulation time: 0 hr 10 min 19 sec) 
Heartbeat CPU 0 instructions: 20000000 cycles: 19607043 heartbeat IPC: 0.821593 cumulative IPC: 0.817127 (Simulation time: 0 hr 26 min 6 sec) 
Heartbeat CPU 0 instructions: 30000001 cycles: 31389494 heartbeat IPC: 0.84872 cumulative IPC: 0.829478 (Simulation time: 0 hr 41 min 55 sec) 
Heartbeat CPU 0 instructions: 40000002 cycles: 42936265 heartbeat IPC: 0.866044 cumulative IPC: 0.839607 (Simulation time: 0 hr 56 min 55 sec) 
Heartbeat CPU 0 instructions: 50000004 cycles: 54530445 heartbeat IPC: 0.862502 cumulative IPC: 0.844589 (Simulation time: 1 hr 11 min 15 sec) 
Heartbeat CPU 0 instructions: 60000001 cycles: 66192440 heartbeat IPC: 0.857486 cumulative IPC: 0.846905 (Simulation time: 1 hr 26 min 32 sec) 
Heartbeat CPU 0 instructions: 70000000 cycles: 77330918 heartbeat IPC: 0.897789 cumulative IPC: 0.854355 (Simulation time: 1 hr 42 min 54 sec) 
Heartbeat CPU 0 instructions: 80000000 cycles: 88759475 heartbeat IPC: 0.875002 cumulative IPC: 0.857051 (Simulation time: 1 hr 58 min 8 sec) 
Heartbeat CPU 0 instructions: 90000001 cycles: 100268474 heartbeat IPC: 0.868886 cumulative IPC: 0.858427 (Simulation time: 2 hr 12 min 22 sec) 
Heartbeat CPU 0 instructions: 100000000 cycles: 111726293 heartbeat IPC: 0.872767 cumulative IPC: 0.859914 (Simulation time: 2 hr 22 min 27 sec) 
Heartbeat CPU 0 instructions: 110000002 cycles: 122849754 heartbeat IPC: 0.899001 cumulative IPC: 0.863489 (Simulation time: 2 hr 29 min 37 sec) 
Heartbeat CPU 0 instructions: 120000000 cycles: 134486902 heartbeat IPC: 0.859317 cumulative IPC: 0.863125 (Simulation time: 2 hr 35 min 50 sec) 
Heartbeat CPU 0 instructions: 130000001 cycles: 146024787 heartbeat IPC: 0.866711 cumulative IPC: 0.863411 (Simulation time: 2 hr 41 min 40 sec) 
Heartbeat CPU 0 instructions: 140000000 cycles: 157356586 heartbeat IPC: 0.882473 cumulative IPC: 0.864794 (Simulation time: 2 hr 46 min 51 sec) 
Heartbeat CPU 0 instructions: 150000001 cycles: 168662926 heartbeat IPC: 0.88446 cumulative IPC: 0.866123 (Simulation time: 2 hr 51 min 34 sec) 
Heartbeat CPU 0 instructions: 160000002 cycles: 180244789 heartbeat IPC: 0.86342 cumulative IPC: 0.865948 (Simulation time: 2 hr 56 min 8 sec) 
Heartbeat CPU 0 instructions: 170000001 cycles: 191827392 heartbeat IPC: 0.863364 cumulative IPC: 0.865791 (Simulation time: 3 hr 0 min 30 sec) 
Heartbeat CPU 0 instructions: 180000003 cycles: 202982439 heartbeat IPC: 0.896456 cumulative IPC: 0.867486 (Simulation time: 3 hr 4 min 21 sec) 
Heartbeat CPU 0 instructions: 190000002 cycles: 214381564 heartbeat IPC: 0.877261 cumulative IPC: 0.868009 (Simulation time: 3 hr 7 min 53 sec) 
Heartbeat CPU 0 instructions: 200000000 cycles: 225903520 heartbeat IPC: 0.867909 cumulative IPC: 0.868004 (Simulation time: 3 hr 10 min 57 sec) 
Max paddr 193M
Simulation finished CPU 0 instructions: 200000004 cycles: 230530228 cumulative IPC: 0.867566 (Simulation time: 3 hr 12 min 27 sec) 

Simulation complete CPU 0 instructions: 200000004 cycles: 230530228 (Simulation time: 3 hr 12 min 27 sec) 


ChampSim completed all CPUs

[
  {
    "name": "Simulation",
    "traces": [
      "../traces/602.gcc_s-2226B.champsimtrace.xz"
    ],
    "roi": {
      "cores": [
        {
          "instructions": 200000004,
          "cycles": 230530228,
          "Avg ROB occupancy at mispredict": 100.234, 
          "mispredict": {
            "BRANCH_DIRECT_JUMP": 15876,
            "BRANCH_INDIRECT": 0,
            "BRANCH_CONDITIONAL": 721074,
            "BRANCH_DIRECT_CALL": 460,
            "BRANCH_INDIRECT_CALL": 0,
            "BRANCH_RETURN": 13
          }
        }
      ],
      "cpu0_L1I": {
        "LOAD": {
          "hit":133,
          "miss":66
        },
        "RFO": {
          "hit":0,
          "miss":0
        },
        "PREFETCH": {
          "hit":0,
          "miss":0
        },
        "WRITE": {
          "hit":0,
          "miss":0
        },
        "TRANSLATION": {
          "hit":0,
          "miss":0
        },
        "mshr full": 0,
        "prefetch requested": 0,
        "prefetch issued": 0,
        "prefetch filled": 0,
        "prefetch useful": 0,
        "prefetch useless": 0,
        "prefetch late": 0,
        "pf_useful_at_l2_from_l1":          0,
        "pf_late_at_l2_from_l1":          0,
        "pf_useless_at_l2_from_l1":          0,
        "pf_at_l2_to_l1":          0,
        "pf_fill_this_level":          0,
        "miss latency": 12.7908,
        "cache queues": {
          "PQ_ACCESS": 0,
          "PQ_FULL": 0,
          "PQ_TO_CACHE": 0,
          "PQ_MERGED": 0,
          "RQ_ACCESS": 199,
          "RQ_MERGED": 0,
          "RQ_FULL": 0,
          "WQ_ACCESS": 0,
          "WQ_MERGED": 0,
          "WQ_FULL": 0
        }
      },
      "cpu0_ITLB": {
        "LOAD": {
          "hit":176,
          "miss":5
        },
        "RFO": {
          "hit":0,
          "miss":0
        },
        "PREFETCH": {
          "hit":0,
          "miss":0
        },
        "WRITE": {
          "hit":0,
          "miss":0
        },
        "TRANSLATION": {
          "hit":0,
          "miss":0
        },
        "mshr full": 0,
        "prefetch requested": 0,
        "prefetch issued": 0,
        "prefetch filled": 0,
        "prefetch useful": 0,
        "prefetch useless": 0,
        "prefetch late": 0,
        "pf_useful_at_l2_from_l1":          0,
        "pf_late_at_l2_from_l1":          0,
        "pf_useless_at_l2_from_l1":          0,
        "pf_at_l2_to_l1":          0,
        "pf_fill_this_level":          0,
        "miss latency": 27.875,
        "cache queues": {
          "PQ_ACCESS": 0,
          "PQ_FULL": 0,
          "PQ_TO_CACHE": 0,
          "PQ_MERGED": 0,
          "RQ_ACCESS": 181,
          "RQ_MERGED": 0,
          "RQ_FULL": 0,
          "WQ_ACCESS": 0,
          "WQ_MERGED": 0,
          "WQ_FULL": 0
        }
      },
      "cpu0_DTLB": {
        "LOAD": {
          "hit":69874984,
          "miss":4728732
        },
        "RFO": {
          "hit":0,
          "miss":0
        },
        "PREFETCH": {
          "hit":0,
          "miss":0
        },
        "WRITE": {
          "hit":0,
          "miss":0
        },
        "TRANSLATION": {
          "hit":0,
          "miss":0
        },
        "mshr full": 9830,
        "prefetch requested": 0,
        "prefetch issued": 0,
        "prefetch filled": 0,
        "prefetch useful": 0,
        "prefetch useless": 0,
        "prefetch late": 0,
        "pf_useful_at_l2_from_l1":          0,
        "pf_late_at_l2_from_l1":          0,
        "pf_useless_at_l2_from_l1":          0,
        "pf_at_l2_to_l1":          0,
        "pf_fill_this_level":          0,
        "miss latency": 0.417599,
        "cache queues": {
          "PQ_ACCESS": 0,
          "PQ_FULL": 0,
          "PQ_TO_CACHE": 0,
          "PQ_MERGED": 0,
          "RQ_ACCESS": 74650542,
          "RQ_MERGED": 0,
          "RQ_FULL": 46826,
          "WQ_ACCESS": 0,
          "WQ_MERGED": 0,
          "WQ_FULL": 0
        }
      },
      "cpu0_STLB": {
        "LOAD": {
          "hit":9952,
          "miss":264405
        },
        "RFO": {
          "hit":0,
          "miss":0
        },
        "PREFETCH": {
          "hit":0,
          "miss":0
        },
        "WRITE": {
          "hit":0,
          "miss":0
        },
        "TRANSLATION": {
          "hit":0,
          "miss":0
        },
        "mshr full": 0,
        "prefetch requested": 0,
        "prefetch issued": 0,
        "prefetch filled": 0,
        "prefetch useful": 0,
        "prefetch useless": 0,
        "prefetch late": 0,
        "pf_useful_at_l2_from_l1":          0,
        "pf_late_at_l2_from_l1":          0,
        "pf_useless_at_l2_from_l1":          0,
        "pf_at_l2_to_l1":          0,
        "pf_fill_this_level":          0,
        "miss latency": 6.88746,
        "cache queues": {
          "PQ_ACCESS": 0,
          "PQ_FULL": 0,
          "PQ_TO_CACHE": 0,
          "PQ_MERGED": 0,
          "RQ_ACCESS": 274357,
          "RQ_MERGED": 0,
          "RQ_FULL": 0,
          "WQ_ACCESS": 0,
          "WQ_MERGED": 0,
          "WQ_FULL": 0
        }
      },
      "cpu0_L1D": {
        "LOAD": {
          "hit":10321966,
          "miss":61275594
        },
        "RFO": {
          "hit":0,
          "miss":0
        },
        "PREFETCH": {
          "hit":135453,
          "miss":6268428
        },
        "WRITE": {
          "hit":2961346,
          "miss":5245
        },
        "TRANSLATION": {
          "hit":204125,
          "miss":66035
        },
        "mshr full": 119669517,
        "prefetch requested": 6403879,
        "prefetch issued": 6403879,
        "prefetch filled": 870614,
        "prefetch useful": 2606544,
        "prefetch useless": 218726,
        "prefetch late": 1954619,
        "pf_useful_at_l2_from_l1":          0,
        "pf_late_at_l2_from_l1":          0,
        "pf_useless_at_l2_from_l1":          0,
        "pf_at_l2_to_l1":          0,
        "pf_fill_this_level":     870614,
        "miss latency": 2.54462,
        "cache queues": {
          "PQ_ACCESS": 6403879,
          "PQ_FULL": 0,
          "PQ_TO_CACHE": 6403879,
          "PQ_MERGED": 1,
          "RQ_ACCESS": 287104328,
          "RQ_MERGED": 39571,
          "RQ_FULL": 215467197,
          "WQ_ACCESS": 2966591,
          "WQ_MERGED": 0,
          "WQ_FULL": 0
        }
      },
      "cpu0_L2C": {
        "LOAD": {
          "hit":366008,
          "miss":11014187
        },
        "RFO": {
          "hit":4659,
          "miss":196
        },
        "PREFETCH": {
          "hit":611531,
          "miss":4571005
        },
        "WRITE": {
          "hit":19078,
          "miss":0
        },
        "TRANSLATION": {
          "hit":10018,
          "miss":56017
        },
        "mshr full": 845427,
        "prefetch requested": 0,
        "prefetch issued": 0,
        "prefetch filled": 3864649,
        "prefetch useful": 0,
        "prefetch useless": 0,
        "prefetch late": 0,
        "pf_useful_at_l2_from_l1":    1060045,
        "pf_late_at_l2_from_l1":     705784,
        "pf_useless_at_l2_from_l1":     700836,
        "pf_at_l2_to_l1":       6704,
        "pf_fill_this_level":    1061876,
        "miss latency": 14.513,
        "cache queues": {
          "PQ_ACCESS": 5197657,
          "PQ_FULL": 15118,
          "PQ_TO_CACHE": 5182539,
          "PQ_MERGED": 0,
          "RQ_ACCESS": 11451091,
          "RQ_MERGED": 0,
          "RQ_FULL": 0,
          "WQ_ACCESS": 19158,
          "WQ_MERGED": 0,
          "WQ_FULL": 0
        }
      },
      "LLC": {
        "LOAD": {
          "hit": [1393],
          "miss": [10307031]
        },
        "RFO": {
          "hit": [0],
          "miss": [175]
        },
        "PREFETCH": {
          "hit": [15875],
          "miss": [4554572]
        },
        "WRITE": {
          "hit": [17403],
          "miss": [0]
        },
        "TRANSLATION": {
          "hit": [5223],
          "miss": [50794]
        },
        "mshr full": 0,
        "prefetch requested": 0,
        "prefetch issued": 0,
        "prefetch filled": 4554558,
        "prefetch useful": 0,
        "prefetch useless": 0,
        "prefetch late": 0,
        "pf_useful_at_l2_from_l1":          0,
        "pf_late_at_l2_from_l1":          0,
        "pf_useless_at_l2_from_l1":          0,
        "pf_at_l2_to_l1":        467,
        "pf_fill_this_level":          0,
        "miss latency": 14.0229,
        "cache queues": {
          "PQ_ACCESS": 4570446,
          "PQ_FULL": 0,
          "PQ_TO_CACHE": 4570446,
          "PQ_MERGED": 0,
          "RQ_ACCESS": 10364616,
          "RQ_MERGED": 0,
          "RQ_FULL": 0,
          "WQ_ACCESS": 17420,
          "WQ_MERGED": 0,
          "WQ_FULL": 0
        }
      },
      "DRAM": [
        {
          "RQ ROW_BUFFER_HIT": 13296627,
          "RQ ROW_BUFFER_MISS": 1615929,
          "PQ FULL": 0,
          "WQ ROW_BUFFER_HIT": 1448,
          "WQ ROW_BUFFER_MISS": 15804,
          "WQ FULL": 0,
          "AVG DBUS CONGESTED CYCLE": 3.98804
        }
      ]

    },
    "sim": {
      "cores": [
        {
          "instructions": 200000004,
          "cycles": 230530228,
          "Avg ROB occupancy at mispredict": 100.234, 
          "mispredict": {
            "BRANCH_DIRECT_JUMP": 15876,
            "BRANCH_INDIRECT": 0,
            "BRANCH_CONDITIONAL": 721074,
            "BRANCH_DIRECT_CALL": 460,
            "BRANCH_INDIRECT_CALL": 0,
            "BRANCH_RETURN": 13
          }
        }
      ],
      "cpu0_L1I": {
        "LOAD": {
          "hit":133,
          "miss":66
        },
        "RFO": {
          "hit":0,
          "miss":0
        },
        "PREFETCH": {
          "hit":0,
          "miss":0
        },
        "WRITE": {
          "hit":0,
          "miss":0
        },
        "TRANSLATION": {
          "hit":0,
          "miss":0
        },
        "mshr full": 0,
        "prefetch requested": 0,
        "prefetch issued": 0,
        "prefetch filled": 0,
        "prefetch useful": 0,
        "prefetch useless": 0,
        "prefetch late": 0,
        "pf_useful_at_l2_from_l1":          0,
        "pf_late_at_l2_from_l1":          0,
        "pf_useless_at_l2_from_l1":          0,
        "pf_at_l2_to_l1":          0,
        "pf_fill_this_level":          0,
        "miss latency": 12.7908,
        "cache queues": {
          "PQ_ACCESS": 0,
          "PQ_FULL": 0,
          "PQ_TO_CACHE": 0,
          "PQ_MERGED": 0,
          "RQ_ACCESS": 199,
          "RQ_MERGED": 0,
          "RQ_FULL": 0,
          "WQ_ACCESS": 0,
          "WQ_MERGED": 0,
          "WQ_FULL": 0
        }
      },
      "cpu0_ITLB": {
        "LOAD": {
          "hit":176,
          "miss":5
        },
        "RFO": {
          "hit":0,
          "miss":0
        },
        "PREFETCH": {
          "hit":0,
          "miss":0
        },
        "WRITE": {
          "hit":0,
          "miss":0
        },
        "TRANSLATION": {
          "hit":0,
          "miss":0
        },
        "mshr full": 0,
        "prefetch requested": 0,
        "prefetch issued": 0,
        "prefetch filled": 0,
        "prefetch useful": 0,
        "prefetch useless": 0,
        "prefetch late": 0,
        "pf_useful_at_l2_from_l1":          0,
        "pf_late_at_l2_from_l1":          0,
        "pf_useless_at_l2_from_l1":          0,
        "pf_at_l2_to_l1":          0,
        "pf_fill_this_level":          0,
        "miss latency": 27.875,
        "cache queues": {
          "PQ_ACCESS": 0,
          "PQ_FULL": 0,
          "PQ_TO_CACHE": 0,
          "PQ_MERGED": 0,
          "RQ_ACCESS": 181,
          "RQ_MERGED": 0,
          "RQ_FULL": 0,
          "WQ_ACCESS": 0,
          "WQ_MERGED": 0,
          "WQ_FULL": 0
        }
      },
      "cpu0_DTLB": {
        "LOAD": {
          "hit":69874984,
          "miss":4728732
        },
        "RFO": {
          "hit":0,
          "miss":0
        },
        "PREFETCH": {
          "hit":0,
          "miss":0
        },
        "WRITE": {
          "hit":0,
          "miss":0
        },
        "TRANSLATION": {
          "hit":0,
          "miss":0
        },
        "mshr full": 9830,
        "prefetch requested": 0,
        "prefetch issued": 0,
        "prefetch filled": 0,
        "prefetch useful": 0,
        "prefetch useless": 0,
        "prefetch late": 0,
        "pf_useful_at_l2_from_l1":          0,
        "pf_late_at_l2_from_l1":          0,
        "pf_useless_at_l2_from_l1":          0,
        "pf_at_l2_to_l1":          0,
        "pf_fill_this_level":          0,
        "miss latency": 0.417599,
        "cache queues": {
          "PQ_ACCESS": 0,
          "PQ_FULL": 0,
          "PQ_TO_CACHE": 0,
          "PQ_MERGED": 0,
          "RQ_ACCESS": 74650542,
          "RQ_MERGED": 0,
          "RQ_FULL": 46826,
          "WQ_ACCESS": 0,
          "WQ_MERGED": 0,
          "WQ_FULL": 0
        }
      },
      "cpu0_STLB": {
        "LOAD": {
          "hit":9952,
          "miss":264405
        },
        "RFO": {
          "hit":0,
          "miss":0
        },
        "PREFETCH": {
          "hit":0,
          "miss":0
        },
        "WRITE": {
          "hit":0,
          "miss":0
        },
        "TRANSLATION": {
          "hit":0,
          "miss":0
        },
        "mshr full": 0,
        "prefetch requested": 0,
        "prefetch issued": 0,
        "prefetch filled": 0,
        "prefetch useful": 0,
        "prefetch useless": 0,
        "prefetch late": 0,
        "pf_useful_at_l2_from_l1":          0,
        "pf_late_at_l2_from_l1":          0,
        "pf_useless_at_l2_from_l1":          0,
        "pf_at_l2_to_l1":          0,
        "pf_fill_this_level":          0,
        "miss latency": 6.88746,
        "cache queues": {
          "PQ_ACCESS": 0,
          "PQ_FULL": 0,
          "PQ_TO_CACHE": 0,
          "PQ_MERGED": 0,
          "RQ_ACCESS": 274357,
          "RQ_MERGED": 0,
          "RQ_FULL": 0,
          "WQ_ACCESS": 0,
          "WQ_MERGED": 0,
          "WQ_FULL": 0
        }
      },
      "cpu0_L1D": {
        "LOAD": {
          "hit":10321966,
          "miss":61275594
        },
        "RFO": {
          "hit":0,
          "miss":0
        },
        "PREFETCH": {
          "hit":135453,
          "miss":6268428
        },
        "WRITE": {
          "hit":2961346,
          "miss":5245
        },
        "TRANSLATION": {
          "hit":204125,
          "miss":66035
        },
        "mshr full": 119669517,
        "prefetch requested": 6403879,
        "prefetch issued": 6403879,
        "prefetch filled": 870614,
        "prefetch useful": 2606544,
        "prefetch useless": 218726,
        "prefetch late": 1954619,
        "pf_useful_at_l2_from_l1":          0,
        "pf_late_at_l2_from_l1":          0,
        "pf_useless_at_l2_from_l1":          0,
        "pf_at_l2_to_l1":          0,
        "pf_fill_this_level":     870614,
        "miss latency": 2.54462,
        "cache queues": {
          "PQ_ACCESS": 6403879,
          "PQ_FULL": 0,
          "PQ_TO_CACHE": 6403879,
          "PQ_MERGED": 1,
          "RQ_ACCESS": 287104328,
          "RQ_MERGED": 39571,
          "RQ_FULL": 215467197,
          "WQ_ACCESS": 2966591,
          "WQ_MERGED": 0,
          "WQ_FULL": 0
        }
      },
      "cpu0_L2C": {
        "LOAD": {
          "hit":366008,
          "miss":11014187
        },
        "RFO": {
          "hit":4659,
          "miss":196
        },
        "PREFETCH": {
          "hit":611531,
          "miss":4571005
        },
        "WRITE": {
          "hit":19078,
          "miss":0
        },
        "TRANSLATION": {
          "hit":10018,
          "miss":56017
        },
        "mshr full": 845427,
        "prefetch requested": 0,
        "prefetch issued": 0,
        "prefetch filled": 3864649,
        "prefetch useful": 0,
        "prefetch useless": 0,
        "prefetch late": 0,
        "pf_useful_at_l2_from_l1":    1060045,
        "pf_late_at_l2_from_l1":     705784,
        "pf_useless_at_l2_from_l1":     700836,
        "pf_at_l2_to_l1":       6704,
        "pf_fill_this_level":    1061876,
        "miss latency": 14.513,
        "cache queues": {
          "PQ_ACCESS": 5197657,
          "PQ_FULL": 15118,
          "PQ_TO_CACHE": 5182539,
          "PQ_MERGED": 0,
          "RQ_ACCESS": 11451091,
          "RQ_MERGED": 0,
          "RQ_FULL": 0,
          "WQ_ACCESS": 19158,
          "WQ_MERGED": 0,
          "WQ_FULL": 0
        }
      },
      "LLC": {
        "LOAD": {
          "hit": [1393],
          "miss": [10307031]
        },
        "RFO": {
          "hit": [0],
          "miss": [175]
        },
        "PREFETCH": {
          "hit": [15875],
          "miss": [4554572]
        },
        "WRITE": {
          "hit": [17403],
          "miss": [0]
        },
        "TRANSLATION": {
          "hit": [5223],
          "miss": [50794]
        },
        "mshr full": 0,
        "prefetch requested": 0,
        "prefetch issued": 0,
        "prefetch filled": 4554558,
        "prefetch useful": 0,
        "prefetch useless": 0,
        "prefetch late": 0,
        "pf_useful_at_l2_from_l1":          0,
        "pf_late_at_l2_from_l1":          0,
        "pf_useless_at_l2_from_l1":          0,
        "pf_at_l2_to_l1":        467,
        "pf_fill_this_level":          0,
        "miss latency": 14.0229,
        "cache queues": {
          "PQ_ACCESS": 4570446,
          "PQ_FULL": 0,
          "PQ_TO_CACHE": 4570446,
          "PQ_MERGED": 0,
          "RQ_ACCESS": 10364616,
          "RQ_MERGED": 0,
          "RQ_FULL": 0,
          "WQ_ACCESS": 17420,
          "WQ_MERGED": 0,
          "WQ_FULL": 0
        }
      },
      "DRAM": [
        {
          "RQ ROW_BUFFER_HIT": 13296627,
          "RQ ROW_BUFFER_MISS": 1615929,
          "PQ FULL": 0,
          "WQ ROW_BUFFER_HIT": 1448,
          "WQ ROW_BUFFER_MISS": 15804,
          "WQ FULL": 0,
          "AVG DBUS CONGESTED CYCLE": 3.98804
        }
      ]

    }
  }
]
cpu0_ITLB
cpu0_DTLB
cpu0_STLB
Prefetch Request to L1: 3714738, Prefetch Request to L2: 2689141
Invalid by Eviction: 510242
Invalid by Max: 21697
Filter table begin
 ┌────────────────────┬─────────────┐
 | Region             | Offset      |
 ├────────────────────┼─────────────┤
 | 0x0000000000000264 | 12          |
 ├────────────────────┼─────────────┤
 | 0x000000000000f6ea | 10          |
 ├────────────────────┼─────────────┤
 | 0x000000000000e2fb | 5           |
 ├────────────────────┼─────────────┤
 | 0x0000000000009c54 | 22          |
 ├────────────────────┼─────────────┤
 | 0x0000000000007e10 | 13          |
 ├────────────────────┼─────────────┤
 | 0x0000000000009b6f | 19          |
 ├────────────────────┼─────────────┤
 | 0x000000000001815f | 29          |
 ├────────────────────┼─────────────┤
 | 0x000000000000d118 | 17          |
 ├────────────────────┼─────────────┤
 | 0x0000000000005737 | 13          |
 ├────────────────────┼─────────────┤
 | 0x000000000000752f | 26          |
 ├────────────────────┼─────────────┤
 | 0x000000000000f70b | 22          |
 ├────────────────────┼─────────────┤
 | 0x0000000000000269 | 4           |
 ├────────────────────┼─────────────┤
 | 0x0000000000000261 | 14          |
 ├────────────────────┼─────────────┤
 | 0x000000000000c3e2 | 13          |
 ├────────────────────┼─────────────┤
 | 0x0000000000004683 | 13          |
 ├────────────────────┼─────────────┤
 | 0x000000000000d218 | 7           |
 ├────────────────────┼─────────────┤
 | 0x000000000000f66f | 18          |
 ├────────────────────┼─────────────┤
 | 0x000000000000f6ed | 6           |
 ├────────────────────┼─────────────┤
 | 0x000000000000021d | 21          |
 ├────────────────────┼─────────────┤
 | 0x0000000000000255 | 29          |
 ├────────────────────┼─────────────┤
 | 0x000000000000e9af | 6           |
 ├────────────────────┼─────────────┤
 | 0x000000000000a685 | 14          |
 ├────────────────────┼─────────────┤
 | 0x000000000000ad6a | 7           |
 └────────────────────┴─────────────┘
Filter table end
Accumulation table begin
 ┌────────────────────┬─────────────┬─────────────┬──────────────────────────────────────────────────────────────────┐
 | Region             | Offset      | Second      | Pattern                                                          |
 ├────────────────────┼─────────────┼─────────────┼──────────────────────────────────────────────────────────────────┤
 | 0x0000000000000258 | 24          | 25          | 0 0 0 0 0 0 0 0 0 0 0 0 0 0 0 0 0 0 0 0 0 0 0 0 1 1 0 0 0 0 0 0  |
 ├────────────────────┼─────────────┼─────────────┼──────────────────────────────────────────────────────────────────┤
 | 0x000000000000f7ab | 0           | 1           | 1 1 1 1 1 1 1 1 1 1 1 1 1 1 1 1 1 1 1 1 1 1 1 1 1 1 1 1 1 1 1 1  |
 ├────────────────────┼─────────────┼─────────────┼──────────────────────────────────────────────────────────────────┤
 | 0x000000000000f7b3 | 0           | 1           | 1 1 1 1 1 1 1 1 1 1 1 1 1 1 1 1 1 1 1 1 1 1 1 1 1 1 1 1 1 1 1 1  |
 ├────────────────────┼─────────────┼─────────────┼──────────────────────────────────────────────────────────────────┤
 | 0x000000000000f7b0 | 4           | 5           | 1 1 1 1 1 1 1 1 1 1 1 1 1 1 1 1 1 1 1 1 1 1 1 1 1 1 1 1 1 1 1 1  |
 ├────────────────────┼─────────────┼─────────────┼──────────────────────────────────────────────────────────────────┤
 | 0x000000000000f7b5 | 0           | 1           | 1 1 1 1 1 1 1 1 1 1 1 1 1 1 1 1 1 1 1 1 1 1 1 1 1 1 1 1 1 1 1 1  |
 ├────────────────────┼─────────────┼─────────────┼──────────────────────────────────────────────────────────────────┤
 | 0x000000000000f7a4 | 0           | 1           | 1 1 1 1 1 1 1 1 1 1 1 1 1 1 1 1 1 1 1 1 1 1 1 1 1 1 1 1 1 1 1 1  |
 ├────────────────────┼─────────────┼─────────────┼──────────────────────────────────────────────────────────────────┤
 | 0x000000000000f7b6 | 4           | 5           | 1 1 1 1 1 1 1 1 1 1 1 1 1 1 1 1 1 1 1 1 1 1 1 1 1 1 1 1 1 1 1 1  |
 ├────────────────────┼─────────────┼─────────────┼──────────────────────────────────────────────────────────────────┤
 | 0x000000000000f7ad | 0           | 1           | 1 1 1 1 1 1 1 1 1 1 1 1 1 1 1 1 1 1 1 1 1 1 1 1 1 1 1 1 1 1 1 1  |
 ├────────────────────┼─────────────┼─────────────┼──────────────────────────────────────────────────────────────────┤
 | 0x000000000000021f | 13          | 12          | 0 0 0 0 0 0 0 0 0 0 0 1 1 1 0 0 0 0 0 0 0 0 0 0 0 0 0 0 0 0 0 0  |
 ├────────────────────┼─────────────┼─────────────┼──────────────────────────────────────────────────────────────────┤
 | 0x000000000000f7a7 | 0           | 1           | 1 1 1 1 1 1 1 1 1 1 1 1 1 1 1 0 0 0 0 0 0 0 0 0 0 0 0 0 0 0 0 0  |
 ├────────────────────┼─────────────┼─────────────┼──────────────────────────────────────────────────────────────────┤
 | 0x0000000000000237 | 26          | 20          | 0 0 0 0 0 0 0 0 0 0 0 0 0 0 0 0 0 0 0 0 1 0 0 0 0 0 1 0 0 0 0 0  |
 ├────────────────────┼─────────────┼─────────────┼──────────────────────────────────────────────────────────────────┤
 | 0x000000000000f7ae | 0           | 1           | 1 1 1 1 1 1 1 1 1 1 1 1 1 1 1 1 1 1 1 1 1 1 1 1 1 1 1 1 1 1 1 1  |
 ├────────────────────┼─────────────┼─────────────┼──────────────────────────────────────────────────────────────────┤
 | 0x000000000000f7a8 | 0           | 1           | 1 1 1 1 1 1 1 1 1 1 1 1 1 1 1 1 1 1 1 1 1 1 1 1 1 1 1 1 1 1 1 1  |
 ├────────────────────┼─────────────┼─────────────┼──────────────────────────────────────────────────────────────────┤
 | 0x000000000000f7a5 | 0           | 1           | 1 1 1 1 1 1 1 1 1 1 1 1 1 1 1 1 1 1 1 1 1 1 1 1 1 1 1 1 1 1 1 1  |
 ├────────────────────┼─────────────┼─────────────┼──────────────────────────────────────────────────────────────────┤
 | 0x000000000000f7af | 0           | 1           | 1 1 1 1 1 1 1 1 1 1 1 1 1 1 1 1 1 1 1 1 1 1 1 1 1 1 1 1 1 1 1 1  |
 ├────────────────────┼─────────────┼─────────────┼──────────────────────────────────────────────────────────────────┤
 | 0x000000000000f7ac | 0           | 1           | 1 1 1 1 1 1 1 1 1 1 1 1 1 1 1 1 1 1 1 1 1 1 1 1 1 1 1 1 1 1 1 1  |
 ├────────────────────┼─────────────┼─────────────┼──────────────────────────────────────────────────────────────────┤
 | 0x000000000000f7b1 | 0           | 1           | 1 1 1 1 1 1 1 1 1 1 1 1 1 1 1 1 1 1 1 1 1 1 1 1 1 1 1 1 1 1 1 1  |
 ├────────────────────┼─────────────┼─────────────┼──────────────────────────────────────────────────────────────────┤
 | 0x000000000000f7a3 | 0           | 1           | 1 1 1 1 1 1 1 1 1 1 1 1 1 1 1 1 1 1 1 1 1 1 1 1 1 1 1 1 1 1 1 1  |
 ├────────────────────┼─────────────┼─────────────┼──────────────────────────────────────────────────────────────────┤
 | 0x000000000000f7a6 | 0           | 1           | 1 1 1 1 1 1 1 1 1 1 1 1 1 1 1 1 1 1 1 1 1 1 1 1 1 1 1 1 1 1 1 1  |
 ├────────────────────┼─────────────┼─────────────┼──────────────────────────────────────────────────────────────────┤
 | 0x000000000000f766 | 10          | 11          | 0 0 0 0 0 0 0 0 0 0 1 1 0 0 0 0 0 0 0 0 0 0 0 0 0 0 0 0 0 0 0 0  |
 ├────────────────────┼─────────────┼─────────────┼──────────────────────────────────────────────────────────────────┤
 | 0x000000000000f7b4 | 4           | 5           | 1 1 1 1 1 1 1 1 1 1 1 1 1 1 1 1 1 1 1 1 1 1 1 1 1 1 1 1 1 1 1 1  |
 ├────────────────────┼─────────────┼─────────────┼──────────────────────────────────────────────────────────────────┤
 | 0x000000000000f7a9 | 0           | 1           | 1 1 1 1 1 1 1 1 1 1 1 1 1 1 1 1 1 1 1 1 1 1 1 1 1 1 1 1 1 1 1 1  |
 ├────────────────────┼─────────────┼─────────────┼──────────────────────────────────────────────────────────────────┤
 | 0x0000000000000271 | 26          | 27          | 0 0 0 0 0 0 0 0 0 0 0 0 0 0 0 0 0 0 0 0 0 0 0 0 0 0 1 1 0 0 0 0  |
 ├────────────────────┼─────────────┼─────────────┼──────────────────────────────────────────────────────────────────┤
 | 0x000000000000f7b7 | 0           | 1           | 1 1 1 1 1 1 1 1 0 0 0 0 0 0 0 0 0 0 0 0 0 0 0 0 0 0 0 0 0 0 0 0  |
 ├────────────────────┼─────────────┼─────────────┼──────────────────────────────────────────────────────────────────┤
 | 0x000000000000f7b2 | 0           | 1           | 1 1 1 1 1 1 1 1 1 1 1 1 1 1 1 1 1 1 1 1 1 1 1 1 1 1 1 1 1 1 1 1  |
 ├────────────────────┼─────────────┼─────────────┼──────────────────────────────────────────────────────────────────┤
 | 0x0000000000000228 | 12          | 13          | 0 0 0 0 0 0 0 0 0 0 0 0 1 1 1 1 0 0 0 0 0 0 0 0 0 0 0 0 0 0 0 0  |
 ├────────────────────┼─────────────┼─────────────┼──────────────────────────────────────────────────────────────────┤
 | 0x000000000000f799 | 10          | 11          | 0 0 0 0 0 0 0 0 0 0 1 1 1 1 1 1 1 1 1 1 1 1 1 0 0 0 0 0 0 0 0 0  |
 ├────────────────────┼─────────────┼─────────────┼──────────────────────────────────────────────────────────────────┤
 | 0x000000000000f7aa | 0           | 1           | 1 1 1 1 1 1 1 1 1 1 1 1 1 1 1 1 1 1 1 1 1 1 1 1 1 1 1 1 1 1 1 1  |
 └────────────────────┴─────────────┴─────────────┴──────────────────────────────────────────────────────────────────┘
Accumulation table end
Offset pattern table begin
 ┌────────────────────┬─────────────┬──────────────────────────────────────────────────────────────────────────────────────────────────┐
 | Key                | Second      | Pattern                                                                                          |
 ├────────────────────┼─────────────┼──────────────────────────────────────────────────────────────────────────────────────────────────┤
 | 0x0000000000000000 | 1           | 27 26 26 26 26 26 26 26 26 26 25 25 25 25 25 26 25 25 25 25 25 25 25 25 25 25 25 25 25 25 25 25  |
 ├────────────────────┼─────────────┼──────────────────────────────────────────────────────────────────────────────────────────────────┤
 | 0x0000000000000001 | 0           | 28 23 23 21 21 21 20 20 21 20 20 20 21 21 20 20 20 19 18 20 19 18 18 18 18 18 18 18 18 18 18 18  |
 ├────────────────────┼─────────────┼──────────────────────────────────────────────────────────────────────────────────────────────────┤
 | 0x0000000000000002 | 5           | 19 15 13 14 13 13 13 11 11 11 11 11 11 11 11 10 10 8 8 8 8 8 8 8 8 8 8 8 8 8 9 11                |
 ├────────────────────┼─────────────┼──────────────────────────────────────────────────────────────────────────────────────────────────┤
 | 0x0000000000000003 | 2           | 17 16 16 16 16 16 16 16 16 16 16 16 16 16 16 15 15 15 15 15 15 15 15 15 15 14 14 14 14 16 16 16  |
 ├────────────────────┼─────────────┼──────────────────────────────────────────────────────────────────────────────────────────────────┤
 | 0x0000000000000004 | 5           | 22 20 20 20 20 20 20 20 20 20 20 20 20 20 20 20 19 19 19 19 18 18 18 18 18 18 19 18 17 17 17 17  |
 ├────────────────────┼─────────────┼──────────────────────────────────────────────────────────────────────────────────────────────────┤
 | 0x0000000000000005 | 4           | 16 9 7 8 7 7 7 6 7 6 7 7 6 6 6 6 4 3 4 4 3 3 3 4 3 3 2 0 0 0 1 2                                 |
 ├────────────────────┼─────────────┼──────────────────────────────────────────────────────────────────────────────────────────────────┤
 | 0x0000000000000006 | 7           | 30 22 14 15 13 14 13 13 13 13 13 13 13 13 13 13 12 8 8 8 9 8 7 8 8 8 0 0 0 0 0 2                 |
 ├────────────────────┼─────────────┼──────────────────────────────────────────────────────────────────────────────────────────────────┤
 | 0x0000000000000007 | 8           | 24 18 12 13 12 12 13 12 13 12 13 12 12 13 12 12 10 6 6 6 6 6 6 6 6 2 2 2 2 2 2 3                 |
 ├────────────────────┼─────────────┼──────────────────────────────────────────────────────────────────────────────────────────────────┤
 | 0x0000000000000008 | 9           | 31 24 15 17 14 16 16 14 14 16 14 14 14 14 14 14 13 10 9 9 9 9 9 9 1 1 1 1 1 2 1 6                |
 ├────────────────────┼─────────────┼──────────────────────────────────────────────────────────────────────────────────────────────────┤
 | 0x0000000000000009 | 12          | 26 19 16 13 14 13 13 13 14 14 14 13 13 13 13 12 11 7 7 7 7 7 7 0 0 0 0 0 0 0 0 3                 |
 ├────────────────────┼─────────────┼──────────────────────────────────────────────────────────────────────────────────────────────────┤
 | 0x000000000000000a | 16          | 31 22 18 17 16 15 16 15 14 15 15 15 14 14 14 14 12 11 10 10 10 9 1 1 1 1 1 1 1 1 1 5             |
 ├────────────────────┼─────────────┼──────────────────────────────────────────────────────────────────────────────────────────────────┤
 | 0x000000000000000b | 12          | 29 20 16 15 16 15 14 15 14 14 14 14 14 14 14 14 14 11 11 10 10 2 2 2 2 2 2 2 2 2 2 6             |
 ├────────────────────┼─────────────┼──────────────────────────────────────────────────────────────────────────────────────────────────┤
 | 0x000000000000000c | 13          | 23 16 11 12 10 11 11 9 9 9 9 10 9 9 9 10 8 6 6 6 0 0 0 0 0 0 0 0 0 0 0 3                         |
 ├────────────────────┼─────────────┼──────────────────────────────────────────────────────────────────────────────────────────────────┤
 | 0x000000000000000d | 15          | 24 17 13 12 12 12 11 11 12 11 11 11 11 11 11 9 8 5 5 0 1 0 0 0 0 0 0 0 0 0 5 10                  |
 ├────────────────────┼─────────────┼──────────────────────────────────────────────────────────────────────────────────────────────────┤
 | 0x000000000000000e | 13          | 24 17 13 11 10 10 9 10 10 10 9 9 9 10 9 9 8 6 0 0 0 0 0 0 0 0 0 0 0 0 0 6                        |
 ├────────────────────┼─────────────┼──────────────────────────────────────────────────────────────────────────────────────────────────┤
 | 0x000000000000000f | 16          | 30 18 18 16 14 14 15 13 14 14 14 14 14 13 13 13 14 0 0 0 0 0 0 0 0 0 0 0 0 0 0 4                 |
 ├────────────────────┼─────────────┼──────────────────────────────────────────────────────────────────────────────────────────────────┤
 | 0x0000000000000010 | 17          | 25 21 13 12 12 13 12 11 11 11 11 11 11 11 11 11 0 0 0 0 0 0 0 0 0 0 0 0 0 0 0 3                  |
 ├────────────────────┼─────────────┼──────────────────────────────────────────────────────────────────────────────────────────────────┤
 | 0x0000000000000011 | 16          | 28 18 11 12 10 9 11 9 9 9 10 9 9 9 9 0 0 0 0 0 0 0 0 0 0 0 0 0 0 0 0 5                           |
 ├────────────────────┼─────────────┼──────────────────────────────────────────────────────────────────────────────────────────────────┤
 | 0x0000000000000012 | 19          | 17 14 6 7 5 5 5 5 5 5 5 5 5 5 0 0 0 0 0 0 0 0 0 0 0 0 0 0 0 0 0 2                                |
 ├────────────────────┼─────────────┼──────────────────────────────────────────────────────────────────────────────────────────────────┤
 | 0x0000000000000013 | 20          | 28 26 18 16 15 14 14 14 14 13 13 13 13 0 0 0 0 0 0 0 0 0 0 0 0 0 0 0 0 0 0 5                     |
 ├────────────────────┼─────────────┼──────────────────────────────────────────────────────────────────────────────────────────────────┤
 | 0x0000000000000014 | 21          | 30 16 12 10 9 10 9 7 7 7 7 7 0 0 0 0 0 0 0 0 0 0 0 0 0 0 0 0 0 0 0 4                             |
 ├────────────────────┼─────────────┼──────────────────────────────────────────────────────────────────────────────────────────────────┤
 | 0x0000000000000015 | 23          | 26 18 12 10 9 8 7 7 8 7 7 0 0 0 0 0 0 0 0 0 0 0 0 0 0 0 0 0 0 0 0 4                              |
 ├────────────────────┼─────────────┼──────────────────────────────────────────────────────────────────────────────────────────────────┤
 | 0x0000000000000016 | 23          | 25 19 16 14 12 11 12 10 11 11 0 0 0 0 0 0 0 0 0 0 0 0 0 0 0 0 0 0 0 0 0 6                        |
 ├────────────────────┼─────────────┼──────────────────────────────────────────────────────────────────────────────────────────────────┤
 | 0x0000000000000017 | 21          | 21 17 11 10 9 9 8 8 8 0 0 0 0 0 0 0 0 0 0 0 0 0 0 0 0 0 0 0 0 0 0 3                              |
 ├────────────────────┼─────────────┼──────────────────────────────────────────────────────────────────────────────────────────────────┤
 | 0x0000000000000018 | 25          | 16 12 8 7 6 5 5 4 0 0 0 0 0 0 0 0 0 0 0 0 0 0 0 0 0 0 0 0 0 0 0 2                                |
 ├────────────────────┼─────────────┼──────────────────────────────────────────────────────────────────────────────────────────────────┤
 | 0x0000000000000019 | 26          | 22 17 12 8 8 8 7 0 0 0 0 0 0 0 0 0 0 0 0 0 0 0 0 0 0 0 0 0 0 0 0 2                               |
 ├────────────────────┼─────────────┼──────────────────────────────────────────────────────────────────────────────────────────────────┤
 | 0x000000000000001a | 27          | 27 23 14 13 12 12 0 0 0 0 0 0 0 0 0 0 0 0 0 0 0 0 0 0 0 0 0 0 0 0 1 4                            |
 ├────────────────────┼─────────────┼──────────────────────────────────────────────────────────────────────────────────────────────────┤
 | 0x000000000000001b | 28          | 22 18 12 12 9 0 0 0 0 0 0 0 0 0 0 0 0 0 0 0 0 0 0 0 0 0 0 0 0 0 1 3                              |
 ├────────────────────┼─────────────┼──────────────────────────────────────────────────────────────────────────────────────────────────┤
 | 0x000000000000001c | 27          | 25 21 16 15 0 0 0 0 0 0 0 0 0 0 0 0 0 0 0 0 0 0 0 0 0 0 0 0 0 0 0 4                              |
 ├────────────────────┼─────────────┼──────────────────────────────────────────────────────────────────────────────────────────────────┤
 | 0x000000000000001d | 30          | 22 19 13 0 0 0 0 0 0 0 0 0 0 0 0 0 0 0 0 0 0 0 0 0 0 0 0 0 0 0 0 4                               |
 ├────────────────────┼─────────────┼──────────────────────────────────────────────────────────────────────────────────────────────────┤
 | 0x000000000000001e | 31          | 28 27 0 0 0 0 0 0 0 0 0 0 1 0 0 0 0 0 0 0 0 0 0 0 0 0 0 0 0 0 0 4                                |
 ├────────────────────┼─────────────┼──────────────────────────────────────────────────────────────────────────────────────────────────┤
 | 0x000000000000001f | 24          | 24 0 0 0 0 0 0 0 0 0 0 0 0 0 0 0 0 0 0 0 0 0 0 0 1 1 0 1 1 1 2 20                                |
 └────────────────────┴─────────────┴──────────────────────────────────────────────────────────────────────────────────────────────────┘
Offset pattern table end
PC pattern table begin
 ┌────────────────────┬─────────────┬──────────────────────────────────────────────────┐
 | Key                | Second      | Pattern                                          |
 ├────────────────────┼─────────────┼──────────────────────────────────────────────────┤
 | 0x0000000000000001 | 1           | 22 21 21 21 21 21 21 21 19 19 19 18 18 18 19 20  |
 ├────────────────────┼─────────────┼──────────────────────────────────────────────────┤
 | 0x0000000000000002 | 15          | 27 26 24 23 22 21 21 21 21 20 20 20 19 19 19 21  |
 ├────────────────────┼─────────────┼──────────────────────────────────────────────────┤
 | 0x0000000000000003 | 13          | 9 5 5 5 5 5 5 5 1 1 1 1 1 1 1 7                  |
 ├────────────────────┼─────────────┼──────────────────────────────────────────────────┤
 | 0x0000000000000004 | 30          | 14 10 4 4 4 4 4 4 4 4 4 2 2 0 0 2                |
 ├────────────────────┼─────────────┼──────────────────────────────────────────────────┤
 | 0x0000000000000005 | 1           | 20 11 7 4 4 4 4 4 1 1 2 1 2 1 1 3                |
 ├────────────────────┼─────────────┼──────────────────────────────────────────────────┤
 | 0x0000000000000006 | 1           | 16 15 15 14 14 14 14 14 14 13 12 12 12 12 12 13  |
 ├────────────────────┼─────────────┼──────────────────────────────────────────────────┤
 | 0x0000000000000007 | 1           | 16 15 16 14 16 15 14 14 14 14 13 15 14 15 14 13  |
 ├────────────────────┼─────────────┼──────────────────────────────────────────────────┤
 | 0x0000000000000008 | 16          | 20 6 3 1 0 1 0 1 1 0 0 0 0 1 0 0                 |
 ├────────────────────┼─────────────┼──────────────────────────────────────────────────┤
 | 0x0000000000000009 | 14          | 22 0 0 1 0 0 0 0 0 0 0 1 0 0 0 8                 |
 ├────────────────────┼─────────────┼──────────────────────────────────────────────────┤
 | 0x000000000000000a | 1           | 24 24 24 24 24 22 22 22 22 22 22 22 21 21 21 21  |
 ├────────────────────┼─────────────┼──────────────────────────────────────────────────┤
 | 0x000000000000000b | 29          | 3 0 0 0 0 0 0 0 0 0 0 0 0 0 0 0                  |
 ├────────────────────┼─────────────┼──────────────────────────────────────────────────┤
 | 0x000000000000000c | 1           | 28 25 25 25 24 24 24 25 24 24 24 24 24 24 24 24  |
 ├────────────────────┼─────────────┼──────────────────────────────────────────────────┤
 | 0x000000000000000d | 24          | 21 20 20 20 20 20 20 20 20 20 20 20 20 20 20 20  |
 ├────────────────────┼─────────────┼──────────────────────────────────────────────────┤
 | 0x000000000000000f | 1           | 23 19 19 18 18 18 18 15 16 15 15 15 15 15 15 15  |
 ├────────────────────┼─────────────┼──────────────────────────────────────────────────┤
 | 0x0000000000000010 | 0           | 5 0 0 0 0 0 0 0 0 0 0 0 0 0 5 0                  |
 ├────────────────────┼─────────────┼──────────────────────────────────────────────────┤
 | 0x0000000000000011 | 8           | 22 6 0 0 0 0 0 0 0 0 0 0 1 0 0 4                 |
 ├────────────────────┼─────────────┼──────────────────────────────────────────────────┤
 | 0x0000000000000013 | 7           | 21 7 2 1 0 0 0 0 0 0 0 0 0 0 0 0                 |
 ├────────────────────┼─────────────┼──────────────────────────────────────────────────┤
 | 0x0000000000000014 | 1           | 7 7 7 7 7 7 7 7 7 7 7 7 7 7 7 7                  |
 ├────────────────────┼─────────────┼──────────────────────────────────────────────────┤
 | 0x0000000000000015 | 2           | 20 8 3 4 1 2 1 0 0 0 0 0 0 0 0 0                 |
 ├────────────────────┼─────────────┼──────────────────────────────────────────────────┤
 | 0x0000000000000016 | 14          | 8 8 0 0 0 0 0 0 0 0 0 0 0 0 0 0                  |
 ├────────────────────┼─────────────┼──────────────────────────────────────────────────┤
 | 0x0000000000000017 | 1           | 25 12 1 2 0 0 0 0 0 0 0 0 0 0 0 0                |
 ├────────────────────┼─────────────┼──────────────────────────────────────────────────┤
 | 0x0000000000000018 | 29          | 23 18 13 7 5 10 12 8 6 8 9 7 6 2 2 6             |
 ├────────────────────┼─────────────┼──────────────────────────────────────────────────┤
 | 0x0000000000000019 | 1           | 29 28 27 26 26 26 25 25 25 23 23 23 23 23 21 22  |
 ├────────────────────┼─────────────┼──────────────────────────────────────────────────┤
 | 0x000000000000001a | 12          | 17 7 7 3 1 3 1 0 2 0 0 0 0 0 0 0                 |
 ├────────────────────┼─────────────┼──────────────────────────────────────────────────┤
 | 0x000000000000001b | 5           | 1 1 0 0 0 0 0 0 0 0 0 0 0 0 0 0                  |
 ├────────────────────┼─────────────┼──────────────────────────────────────────────────┤
 | 0x000000000000001c | 12          | 30 4 4 8 4 4 4 4 4 4 3 3 3 12 3 11               |
 ├────────────────────┼─────────────┼──────────────────────────────────────────────────┤
 | 0x000000000000001d | 20          | 8 8 0 0 0 0 0 0 0 0 0 0 0 0 0 1                  |
 ├────────────────────┼─────────────┼──────────────────────────────────────────────────┤
 | 0x000000000000001e | 11          | 2 1 0 0 0 0 0 0 0 0 0 0 0 0 0 0                  |
 └────────────────────┴─────────────┴──────────────────────────────────────────────────┘
PC pattern table end
Prefetch buffer begin
 ┌────────────────────┬──────────────────────────────────────────────────────────────────┐
 | Region             | Pattern                                                          |
 ├────────────────────┼──────────────────────────────────────────────────────────────────┤
 | 0x000000000000f794 | 2 2 2 2 2 2 2 2 2 2 2 2 2 2 2 2 2 2 2 2 0 0 0 0 0 0 0 0 0 0 0 0  |
 ├────────────────────┼──────────────────────────────────────────────────────────────────┤
 | 0x000000000000f66f | 0 0 0 0 0 0 0 0 0 0 0 0 0 0 0 0 0 0 0 0 0 0 0 0 0 0 0 2 2 2 2 2  |
 ├────────────────────┼──────────────────────────────────────────────────────────────────┤
 | 0x000000000000f70d | 2 2 2 2 2 2 2 2 2 2 2 2 2 0 0 0 0 0 0 0 0 0 0 0 0 0 0 0 0 0 0 0  |
 ├────────────────────┼──────────────────────────────────────────────────────────────────┤
 | 0x000000000000f734 | 0 0 0 0 0 0 0 0 0 0 0 0 0 0 0 0 0 0 0 0 0 0 0 0 0 0 0 0 0 0 0 2  |
 ├────────────────────┼──────────────────────────────────────────────────────────────────┤
 | 0x000000000000f5c9 | 0 0 0 0 0 0 0 0 0 0 0 0 0 0 0 0 0 0 0 0 0 2 2 2 2 2 2 2 2 2 2 2  |
 ├────────────────────┼──────────────────────────────────────────────────────────────────┤
 | 0x000000000000f674 | 2 0 0 0 0 0 0 0 0 0 0 0 0 0 0 0 0 0 0 0 0 0 0 0 0 0 0 0 0 0 0 0  |
 ├────────────────────┼──────────────────────────────────────────────────────────────────┤
 | 0x000000000000f6ed | 0 0 0 0 0 0 0 0 0 0 2 2 2 2 2 2 2 2 2 2 2 2 2 0 0 0 2 0 0 0 0 0  |
 ├────────────────────┼──────────────────────────────────────────────────────────────────┤
 | 0x000000000000f790 | 0 0 0 0 0 0 0 0 0 0 0 0 0 0 0 0 0 0 2 2 2 2 2 2 2 2 2 2 2 2 2 2  |
 ├────────────────────┼──────────────────────────────────────────────────────────────────┤
 | 0x000000000000f765 | 0 0 0 0 0 0 0 0 0 0 0 0 1 1 1 1 1 1 1 1 1 1 1 2 2 2 2 2 2 2 2 2  |
 ├────────────────────┼──────────────────────────────────────────────────────────────────┤
 | 0x000000000000f6ec | 0 0 0 0 0 0 0 0 0 0 0 0 0 0 0 0 0 0 0 0 0 0 0 0 0 2 2 2 2 2 2 2  |
 ├────────────────────┼──────────────────────────────────────────────────────────────────┤
 | 0x000000000000f712 | 0 0 0 0 0 0 0 0 0 0 0 0 0 0 0 0 0 0 0 0 0 0 0 0 0 0 0 0 0 0 0 1  |
 ├────────────────────┼──────────────────────────────────────────────────────────────────┤
 | 0x000000000000f7b7 | 0 0 0 0 0 0 0 0 0 0 0 0 0 0 0 0 0 0 0 0 0 0 0 0 0 0 0 0 0 0 1 1  |
 ├────────────────────┼──────────────────────────────────────────────────────────────────┤
 | 0x000000000000f685 | 0 0 0 0 0 0 0 0 0 0 0 0 0 0 0 0 2 2 2 2 2 2 2 2 2 2 2 2 2 2 2 2  |
 ├────────────────────┼──────────────────────────────────────────────────────────────────┤
 | 0x000000000000f6e6 | 0 0 0 0 0 0 0 0 0 0 0 0 0 0 0 0 0 1 1 1 1 1 1 1 1 1 1 1 2 2 2 2  |
 ├────────────────────┼──────────────────────────────────────────────────────────────────┤
 | 0x000000000000f709 | 0 0 0 0 0 0 0 0 0 0 0 0 0 0 0 0 0 0 0 0 0 1 1 1 1 1 1 1 1 1 1 1  |
 ├────────────────────┼──────────────────────────────────────────────────────────────────┤
 | 0x0000000000000233 | 2 2 2 2 2 2 2 2 2 2 2 0 0 0 0 0 0 0 0 0 0 0 0 0 0 0 0 0 2 2 2 2  |
 ├────────────────────┼──────────────────────────────────────────────────────────────────┤
 | 0x000000000000f766 | 0 0 0 0 0 0 0 0 0 0 0 0 0 0 0 0 0 0 0 0 0 0 0 0 0 2 2 2 2 2 2 2  |
 ├────────────────────┼──────────────────────────────────────────────────────────────────┤
 | 0x000000000000f799 | 2 2 2 2 2 2 2 2 2 2 0 0 0 0 0 0 0 0 0 0 0 0 0 0 0 0 0 0 0 2 2 2  |
 ├────────────────────┼──────────────────────────────────────────────────────────────────┤
 | 0x000000000000f769 | 2 0 0 0 0 0 0 0 0 0 0 0 0 0 0 0 0 0 0 0 0 0 0 0 0 0 0 0 0 0 0 0  |
 ├────────────────────┼──────────────────────────────────────────────────────────────────┤
 | 0x000000000000f6f1 | 0 0 0 0 0 0 0 0 0 0 0 0 0 0 0 0 0 2 2 2 2 2 2 2 2 2 2 2 2 2 2 2  |
 ├────────────────────┼──────────────────────────────────────────────────────────────────┤
 | 0x000000000000f6ef | 0 0 0 0 0 0 0 0 0 0 0 0 0 0 0 0 0 0 0 0 1 2 2 2 2 2 2 2 2 2 2 2  |
 ├────────────────────┼──────────────────────────────────────────────────────────────────┤
 | 0x000000000000f70a | 2 2 2 2 2 2 2 2 2 2 2 2 2 2 0 0 0 0 0 0 0 0 0 0 0 0 0 0 0 0 0 2  |
 ├────────────────────┼──────────────────────────────────────────────────────────────────┤
 | 0x000000000000f6fa | 2 2 2 2 2 2 2 2 2 2 2 2 2 2 2 2 2 2 2 2 2 2 2 0 0 0 0 0 0 0 0 0  |
 ├────────────────────┼──────────────────────────────────────────────────────────────────┤
 | 0x000000000000f792 | 0 0 0 0 0 0 0 0 0 0 0 0 0 0 0 0 0 0 2 2 2 2 2 2 2 2 2 2 2 2 2 2  |
 ├────────────────────┼──────────────────────────────────────────────────────────────────┤
 | 0x000000000000f70b | 2 2 2 2 2 2 2 2 2 2 2 2 2 2 0 0 0 0 0 0 0 0 0 0 0 0 0 0 0 0 0 0  |
 ├────────────────────┼──────────────────────────────────────────────────────────────────┤
 | 0x000000000000f751 | 0 0 0 0 0 0 0 0 0 0 0 0 0 0 0 0 0 0 0 0 0 0 0 2 2 2 2 2 2 2 2 2  |
 ├────────────────────┼──────────────────────────────────────────────────────────────────┤
 | 0x000000000000f737 | 0 0 0 0 0 0 0 0 0 0 0 0 0 0 0 0 0 0 0 0 0 0 0 0 0 0 0 0 2 2 2 2  |
 ├────────────────────┼──────────────────────────────────────────────────────────────────┤
 | 0x000000000000f6f0 | 2 2 2 2 2 2 2 2 0 0 0 0 0 0 0 0 0 0 0 0 0 0 0 0 0 0 0 0 0 0 0 0  |
 ├────────────────────┼──────────────────────────────────────────────────────────────────┤
 | 0x000000000000f74f | 0 0 0 0 0 0 0 0 0 1 1 1 1 1 1 1 1 1 1 1 1 1 1 2 2 2 2 2 2 2 2 2  |
 └────────────────────┴──────────────────────────────────────────────────────────────────┘
Prefetch buffer end
Filter by PPT: 0
cpu0_L2C
Num Con Filled: 0
Num Con Useful: 0 Useless:0 Accuracy: nan
LLC
