41 41 41
Available num physical pages: 35184372088576
WARNING: physical memory size is smaller than virtual memory size

*** ChampSim Multicore Out-of-Order Simulator ***

Warmup Instructions: 5000000
Simulation Instructions: 20000000
Number of CPUs: 1
Page size: 4096

Basic BTB sets: 1024 ways: 8 indirect buffer size: 4096 RAS size: 64
cpu0_L1D PMP prefetcher
Off-chip DRAM Size: 4 GiB Channels: 1 Width: 64-bit Data Rate: 3200 MT/s
Max paddr 1M
Warmup finished CPU 0 instructions: 5000001 cycles: 1318147 cumulative IPC: 3.79321 (Simulation time: 0 hr 3 min 12 sec) 

Warmup complete CPU 0 instructions: 5000001 cycles: 1318147 (Simulation time: 0 hr 3 min 12 sec) 

Heartbeat CPU 0 instructions: 10000002 cycles: 2961940 heartbeat IPC: 3.37617 cumulative IPC: 3.04175 (Simulation time: 0 hr 7 min 2 sec) 
Heartbeat CPU 0 instructions: 20000004 cycles: 6242199 heartbeat IPC: 3.04855 cumulative IPC: 3.04628 (Simulation time: 0 hr 14 min 30 sec) 
Max paddr 2M
Simulation finished CPU 0 instructions: 20000000 cycles: 6584419 cumulative IPC: 3.03748 (Simulation time: 0 hr 16 min 48 sec) 

Simulation complete CPU 0 instructions: 20000000 cycles: 6584419 (Simulation time: 0 hr 16 min 48 sec) 


ChampSim completed all CPUs

[
  {
    "name": "Simulation",
    "traces": [
      "../traces/481.wrf-1170B.champsimtrace.xz"
    ],
    "roi": {
      "cores": [
        {
          "instructions": 20000000,
          "cycles": 6584419,
          "Avg ROB occupancy at mispredict": 55.5099, 
          "mispredict": {
            "BRANCH_DIRECT_JUMP": 0,
            "BRANCH_INDIRECT": 0,
            "BRANCH_CONDITIONAL": 65434,
            "BRANCH_DIRECT_CALL": 0,
            "BRANCH_INDIRECT_CALL": 0,
            "BRANCH_RETURN": 0
          }
        }
      ],
      "cpu0_L1I": {
        "LOAD": {
          "hit":286545,
          "miss":41569
        },
        "RFO": {
          "hit":0,
          "miss":0
        },
        "PREFETCH": {
          "hit":0,
          "miss":0
        },
        "WRITE": {
          "hit":0,
          "miss":0
        },
        "TRANSLATION": {
          "hit":0,
          "miss":0
        },
        "mshr full": 0,
        "prefetch requested": 0,
        "prefetch issued": 0,
        "prefetch filled": 0,
        "prefetch useful": 0,
        "prefetch useless": 0,
        "prefetch late": 0,
        "pf_useful_at_l2_from_l1":          0,
        "pf_late_at_l2_from_l1":          0,
        "pf_useless_at_l2_from_l1":          0,
        "pf_at_l2_to_l1":          0,
        "pf_fill_this_level":          0,
        "miss latency": 0.402745,
        "cache queues": {
          "PQ_ACCESS": 0,
          "PQ_FULL": 0,
          "PQ_TO_CACHE": 0,
          "PQ_MERGED": 0,
          "RQ_ACCESS": 328790,
          "RQ_MERGED": 676,
          "RQ_FULL": 0,
          "WQ_ACCESS": 0,
          "WQ_MERGED": 0,
          "WQ_FULL": 0
        }
      },
      "cpu0_ITLB": {
        "LOAD": {
          "hit":282142,
          "miss":0
        },
        "RFO": {
          "hit":0,
          "miss":0
        },
        "PREFETCH": {
          "hit":0,
          "miss":0
        },
        "WRITE": {
          "hit":0,
          "miss":0
        },
        "TRANSLATION": {
          "hit":0,
          "miss":0
        },
        "mshr full": 0,
        "prefetch requested": 0,
        "prefetch issued": 0,
        "prefetch filled": 0,
        "prefetch useful": 0,
        "prefetch useless": 0,
        "prefetch late": 0,
        "pf_useful_at_l2_from_l1":          0,
        "pf_late_at_l2_from_l1":          0,
        "pf_useless_at_l2_from_l1":          0,
        "pf_at_l2_to_l1":          0,
        "pf_fill_this_level":          0,
        "miss latency": null,
        "cache queues": {
          "PQ_ACCESS": 0,
          "PQ_FULL": 0,
          "PQ_TO_CACHE": 0,
          "PQ_MERGED": 0,
          "RQ_ACCESS": 282142,
          "RQ_MERGED": 0,
          "RQ_FULL": 0,
          "WQ_ACCESS": 0,
          "WQ_MERGED": 0,
          "WQ_FULL": 0
        }
      },
      "cpu0_DTLB": {
        "LOAD": {
          "hit":8003465,
          "miss":46588
        },
        "RFO": {
          "hit":0,
          "miss":0
        },
        "PREFETCH": {
          "hit":0,
          "miss":0
        },
        "WRITE": {
          "hit":0,
          "miss":0
        },
        "TRANSLATION": {
          "hit":0,
          "miss":0
        },
        "mshr full": 0,
        "prefetch requested": 0,
        "prefetch issued": 0,
        "prefetch filled": 0,
        "prefetch useful": 0,
        "prefetch useless": 0,
        "prefetch late": 0,
        "pf_useful_at_l2_from_l1":          0,
        "pf_late_at_l2_from_l1":          0,
        "pf_useless_at_l2_from_l1":          0,
        "pf_at_l2_to_l1":          0,
        "pf_fill_this_level":          0,
        "miss latency": 0.444714,
        "cache queues": {
          "PQ_ACCESS": 0,
          "PQ_FULL": 0,
          "PQ_TO_CACHE": 0,
          "PQ_MERGED": 0,
          "RQ_ACCESS": 8750030,
          "RQ_MERGED": 0,
          "RQ_FULL": 699977,
          "WQ_ACCESS": 0,
          "WQ_MERGED": 0,
          "WQ_FULL": 0
        }
      },
      "cpu0_STLB": {
        "LOAD": {
          "hit":30368,
          "miss":119
        },
        "RFO": {
          "hit":0,
          "miss":0
        },
        "PREFETCH": {
          "hit":0,
          "miss":0
        },
        "WRITE": {
          "hit":0,
          "miss":0
        },
        "TRANSLATION": {
          "hit":0,
          "miss":0
        },
        "mshr full": 0,
        "prefetch requested": 0,
        "prefetch issued": 0,
        "prefetch filled": 0,
        "prefetch useful": 0,
        "prefetch useless": 0,
        "prefetch late": 0,
        "pf_useful_at_l2_from_l1":          0,
        "pf_late_at_l2_from_l1":          0,
        "pf_useless_at_l2_from_l1":          0,
        "pf_at_l2_to_l1":          0,
        "pf_fill_this_level":          0,
        "miss latency": 45.5951,
        "cache queues": {
          "PQ_ACCESS": 0,
          "PQ_FULL": 0,
          "PQ_TO_CACHE": 0,
          "PQ_MERGED": 0,
          "RQ_ACCESS": 30487,
          "RQ_MERGED": 0,
          "RQ_FULL": 0,
          "WQ_ACCESS": 0,
          "WQ_MERGED": 0,
          "WQ_FULL": 0
        }
      },
      "cpu0_L1D": {
        "LOAD": {
          "hit":5169171,
          "miss":56143
        },
        "RFO": {
          "hit":0,
          "miss":0
        },
        "PREFETCH": {
          "hit":85412,
          "miss":116255
        },
        "WRITE": {
          "hit":3167305,
          "miss":31818
        },
        "TRANSLATION": {
          "hit":0,
          "miss":121
        },
        "mshr full": 31111,
        "prefetch requested": 201675,
        "prefetch issued": 201675,
        "prefetch filled": 136,
        "prefetch useful": 63,
        "prefetch useless": 83,
        "prefetch late": 0,
        "pf_useful_at_l2_from_l1":          0,
        "pf_late_at_l2_from_l1":          0,
        "pf_useless_at_l2_from_l1":          0,
        "pf_at_l2_to_l1":          0,
        "pf_fill_this_level":        136,
        "miss latency": 1.48659,
        "cache queues": {
          "PQ_ACCESS": 201675,
          "PQ_FULL": 0,
          "PQ_TO_CACHE": 201675,
          "PQ_MERGED": 7,
          "RQ_ACCESS": 18431535,
          "RQ_MERGED": 1,
          "RQ_FULL": 13206220,
          "WQ_ACCESS": 3200238,
          "WQ_MERGED": 0,
          "WQ_FULL": 1115
        }
      },
      "cpu0_L2C": {
        "LOAD": {
          "hit":75171,
          "miss":4391
        },
        "RFO": {
          "hit":19192,
          "miss":108
        },
        "PREFETCH": {
          "hit":110487,
          "miss":5467
        },
        "WRITE": {
          "hit":28688,
          "miss":0
        },
        "TRANSLATION": {
          "hit":17,
          "miss":104
        },
        "mshr full": 10809,
        "prefetch requested": 0,
        "prefetch issued": 0,
        "prefetch filled": 5421,
        "prefetch useful": 0,
        "prefetch useless": 0,
        "prefetch late": 0,
        "pf_useful_at_l2_from_l1":       4656,
        "pf_late_at_l2_from_l1":         42,
        "pf_useless_at_l2_from_l1":        172,
        "pf_at_l2_to_l1":         18,
        "pf_fill_this_level":       5400,
        "miss latency": 34.755,
        "cache queues": {
          "PQ_ACCESS": 115958,
          "PQ_FULL": 0,
          "PQ_TO_CACHE": 115958,
          "PQ_MERGED": 0,
          "RQ_ACCESS": 99172,
          "RQ_MERGED": 0,
          "RQ_FULL": 0,
          "WQ_ACCESS": 28702,
          "WQ_MERGED": 0,
          "WQ_FULL": 0
        }
      },
      "LLC": {
        "LOAD": {
          "hit": [1],
          "miss": [4348]
        },
        "RFO": {
          "hit": [1],
          "miss": [107]
        },
        "PREFETCH": {
          "hit": [9],
          "miss": [5454]
        },
        "WRITE": {
          "hit": [2077],
          "miss": [0]
        },
        "TRANSLATION": {
          "hit": [32],
          "miss": [72]
        },
        "mshr full": 0,
        "prefetch requested": 0,
        "prefetch issued": 0,
        "prefetch filled": 5454,
        "prefetch useful": 0,
        "prefetch useless": 0,
        "prefetch late": 0,
        "pf_useful_at_l2_from_l1":          0,
        "pf_late_at_l2_from_l1":          0,
        "pf_useless_at_l2_from_l1":          0,
        "pf_at_l2_to_l1":          0,
        "pf_fill_this_level":          0,
        "miss latency": 32.8858,
        "cache queues": {
          "PQ_ACCESS": 5463,
          "PQ_FULL": 0,
          "PQ_TO_CACHE": 5463,
          "PQ_MERGED": 0,
          "RQ_ACCESS": 4561,
          "RQ_MERGED": 0,
          "RQ_FULL": 0,
          "WQ_ACCESS": 2077,
          "WQ_MERGED": 0,
          "WQ_FULL": 0
        }
      },
      "DRAM": [
        {
          "RQ ROW_BUFFER_HIT": 5128,
          "RQ ROW_BUFFER_MISS": 4853,
          "PQ FULL": 0,
          "WQ ROW_BUFFER_HIT": 0,
          "WQ ROW_BUFFER_MISS": 0,
          "WQ FULL": 0,
          "AVG DBUS CONGESTED CYCLE": 3.87466
        }
      ]

    },
    "sim": {
      "cores": [
        {
          "instructions": 20000000,
          "cycles": 6584419,
          "Avg ROB occupancy at mispredict": 55.5099, 
          "mispredict": {
            "BRANCH_DIRECT_JUMP": 0,
            "BRANCH_INDIRECT": 0,
            "BRANCH_CONDITIONAL": 65434,
            "BRANCH_DIRECT_CALL": 0,
            "BRANCH_INDIRECT_CALL": 0,
            "BRANCH_RETURN": 0
          }
        }
      ],
      "cpu0_L1I": {
        "LOAD": {
          "hit":286545,
          "miss":41569
        },
        "RFO": {
          "hit":0,
          "miss":0
        },
        "PREFETCH": {
          "hit":0,
          "miss":0
        },
        "WRITE": {
          "hit":0,
          "miss":0
        },
        "TRANSLATION": {
          "hit":0,
          "miss":0
        },
        "mshr full": 0,
        "prefetch requested": 0,
        "prefetch issued": 0,
        "prefetch filled": 0,
        "prefetch useful": 0,
        "prefetch useless": 0,
        "prefetch late": 0,
        "pf_useful_at_l2_from_l1":          0,
        "pf_late_at_l2_from_l1":          0,
        "pf_useless_at_l2_from_l1":          0,
        "pf_at_l2_to_l1":          0,
        "pf_fill_this_level":          0,
        "miss latency": 0.402745,
        "cache queues": {
          "PQ_ACCESS": 0,
          "PQ_FULL": 0,
          "PQ_TO_CACHE": 0,
          "PQ_MERGED": 0,
          "RQ_ACCESS": 328790,
          "RQ_MERGED": 676,
          "RQ_FULL": 0,
          "WQ_ACCESS": 0,
          "WQ_MERGED": 0,
          "WQ_FULL": 0
        }
      },
      "cpu0_ITLB": {
        "LOAD": {
          "hit":282142,
          "miss":0
        },
        "RFO": {
          "hit":0,
          "miss":0
        },
        "PREFETCH": {
          "hit":0,
          "miss":0
        },
        "WRITE": {
          "hit":0,
          "miss":0
        },
        "TRANSLATION": {
          "hit":0,
          "miss":0
        },
        "mshr full": 0,
        "prefetch requested": 0,
        "prefetch issued": 0,
        "prefetch filled": 0,
        "prefetch useful": 0,
        "prefetch useless": 0,
        "prefetch late": 0,
        "pf_useful_at_l2_from_l1":          0,
        "pf_late_at_l2_from_l1":          0,
        "pf_useless_at_l2_from_l1":          0,
        "pf_at_l2_to_l1":          0,
        "pf_fill_this_level":          0,
        "miss latency": null,
        "cache queues": {
          "PQ_ACCESS": 0,
          "PQ_FULL": 0,
          "PQ_TO_CACHE": 0,
          "PQ_MERGED": 0,
          "RQ_ACCESS": 282142,
          "RQ_MERGED": 0,
          "RQ_FULL": 0,
          "WQ_ACCESS": 0,
          "WQ_MERGED": 0,
          "WQ_FULL": 0
        }
      },
      "cpu0_DTLB": {
        "LOAD": {
          "hit":8003465,
          "miss":46588
        },
        "RFO": {
          "hit":0,
          "miss":0
        },
        "PREFETCH": {
          "hit":0,
          "miss":0
        },
        "WRITE": {
          "hit":0,
          "miss":0
        },
        "TRANSLATION": {
          "hit":0,
          "miss":0
        },
        "mshr full": 0,
        "prefetch requested": 0,
        "prefetch issued": 0,
        "prefetch filled": 0,
        "prefetch useful": 0,
        "prefetch useless": 0,
        "prefetch late": 0,
        "pf_useful_at_l2_from_l1":          0,
        "pf_late_at_l2_from_l1":          0,
        "pf_useless_at_l2_from_l1":          0,
        "pf_at_l2_to_l1":          0,
        "pf_fill_this_level":          0,
        "miss latency": 0.444714,
        "cache queues": {
          "PQ_ACCESS": 0,
          "PQ_FULL": 0,
          "PQ_TO_CACHE": 0,
          "PQ_MERGED": 0,
          "RQ_ACCESS": 8750030,
          "RQ_MERGED": 0,
          "RQ_FULL": 699977,
          "WQ_ACCESS": 0,
          "WQ_MERGED": 0,
          "WQ_FULL": 0
        }
      },
      "cpu0_STLB": {
        "LOAD": {
          "hit":30368,
          "miss":119
        },
        "RFO": {
          "hit":0,
          "miss":0
        },
        "PREFETCH": {
          "hit":0,
          "miss":0
        },
        "WRITE": {
          "hit":0,
          "miss":0
        },
        "TRANSLATION": {
          "hit":0,
          "miss":0
        },
        "mshr full": 0,
        "prefetch requested": 0,
        "prefetch issued": 0,
        "prefetch filled": 0,
        "prefetch useful": 0,
        "prefetch useless": 0,
        "prefetch late": 0,
        "pf_useful_at_l2_from_l1":          0,
        "pf_late_at_l2_from_l1":          0,
        "pf_useless_at_l2_from_l1":          0,
        "pf_at_l2_to_l1":          0,
        "pf_fill_this_level":          0,
        "miss latency": 45.5951,
        "cache queues": {
          "PQ_ACCESS": 0,
          "PQ_FULL": 0,
          "PQ_TO_CACHE": 0,
          "PQ_MERGED": 0,
          "RQ_ACCESS": 30487,
          "RQ_MERGED": 0,
          "RQ_FULL": 0,
          "WQ_ACCESS": 0,
          "WQ_MERGED": 0,
          "WQ_FULL": 0
        }
      },
      "cpu0_L1D": {
        "LOAD": {
          "hit":5169171,
          "miss":56143
        },
        "RFO": {
          "hit":0,
          "miss":0
        },
        "PREFETCH": {
          "hit":85412,
          "miss":116255
        },
        "WRITE": {
          "hit":3167305,
          "miss":31818
        },
        "TRANSLATION": {
          "hit":0,
          "miss":121
        },
        "mshr full": 31111,
        "prefetch requested": 201675,
        "prefetch issued": 201675,
        "prefetch filled": 136,
        "prefetch useful": 63,
        "prefetch useless": 83,
        "prefetch late": 0,
        "pf_useful_at_l2_from_l1":          0,
        "pf_late_at_l2_from_l1":          0,
        "pf_useless_at_l2_from_l1":          0,
        "pf_at_l2_to_l1":          0,
        "pf_fill_this_level":        136,
        "miss latency": 1.48659,
        "cache queues": {
          "PQ_ACCESS": 201675,
          "PQ_FULL": 0,
          "PQ_TO_CACHE": 201675,
          "PQ_MERGED": 7,
          "RQ_ACCESS": 18431535,
          "RQ_MERGED": 1,
          "RQ_FULL": 13206220,
          "WQ_ACCESS": 3200238,
          "WQ_MERGED": 0,
          "WQ_FULL": 1115
        }
      },
      "cpu0_L2C": {
        "LOAD": {
          "hit":75171,
          "miss":4391
        },
        "RFO": {
          "hit":19192,
          "miss":108
        },
        "PREFETCH": {
          "hit":110487,
          "miss":5467
        },
        "WRITE": {
          "hit":28688,
          "miss":0
        },
        "TRANSLATION": {
          "hit":17,
          "miss":104
        },
        "mshr full": 10809,
        "prefetch requested": 0,
        "prefetch issued": 0,
        "prefetch filled": 5421,
        "prefetch useful": 0,
        "prefetch useless": 0,
        "prefetch late": 0,
        "pf_useful_at_l2_from_l1":       4656,
        "pf_late_at_l2_from_l1":         42,
        "pf_useless_at_l2_from_l1":        172,
        "pf_at_l2_to_l1":         18,
        "pf_fill_this_level":       5400,
        "miss latency": 34.755,
        "cache queues": {
          "PQ_ACCESS": 115958,
          "PQ_FULL": 0,
          "PQ_TO_CACHE": 115958,
          "PQ_MERGED": 0,
          "RQ_ACCESS": 99172,
          "RQ_MERGED": 0,
          "RQ_FULL": 0,
          "WQ_ACCESS": 28702,
          "WQ_MERGED": 0,
          "WQ_FULL": 0
        }
      },
      "LLC": {
        "LOAD": {
          "hit": [1],
          "miss": [4348]
        },
        "RFO": {
          "hit": [1],
          "miss": [107]
        },
        "PREFETCH": {
          "hit": [9],
          "miss": [5454]
        },
        "WRITE": {
          "hit": [2077],
          "miss": [0]
        },
        "TRANSLATION": {
          "hit": [32],
          "miss": [72]
        },
        "mshr full": 0,
        "prefetch requested": 0,
        "prefetch issued": 0,
        "prefetch filled": 5454,
        "prefetch useful": 0,
        "prefetch useless": 0,
        "prefetch late": 0,
        "pf_useful_at_l2_from_l1":          0,
        "pf_late_at_l2_from_l1":          0,
        "pf_useless_at_l2_from_l1":          0,
        "pf_at_l2_to_l1":          0,
        "pf_fill_this_level":          0,
        "miss latency": 32.8858,
        "cache queues": {
          "PQ_ACCESS": 5463,
          "PQ_FULL": 0,
          "PQ_TO_CACHE": 5463,
          "PQ_MERGED": 0,
          "RQ_ACCESS": 4561,
          "RQ_MERGED": 0,
          "RQ_FULL": 0,
          "WQ_ACCESS": 2077,
          "WQ_MERGED": 0,
          "WQ_FULL": 0
        }
      },
      "DRAM": [
        {
          "RQ ROW_BUFFER_HIT": 5128,
          "RQ ROW_BUFFER_MISS": 4853,
          "PQ FULL": 0,
          "WQ ROW_BUFFER_HIT": 0,
          "WQ ROW_BUFFER_MISS": 0,
          "WQ FULL": 0,
          "AVG DBUS CONGESTED CYCLE": 3.87466
        }
      ]

    }
  }
]
cpu0_ITLB
cpu0_DTLB
cpu0_STLB
Prefetch Request to L1: 580, Prefetch Request to L2: 201095
Invalid by Eviction: 5390
Invalid by Max: 53209
Filter table begin
 ┌────────────────────┬─────────────┐
 | Region             | Offset      |
 ├────────────────────┼─────────────┤
 | 0x000000000000021a | 4           |
 ├────────────────────┼─────────────┤
 | 0x0000000000000264 | 24          |
 ├────────────────────┼─────────────┤
 | 0x00000000000004a4 | 2           |
 ├────────────────────┼─────────────┤
 | 0x000000000000033a | 15          |
 ├────────────────────┼─────────────┤
 | 0x0000000000000467 | 25          |
 ├────────────────────┼─────────────┤
 | 0x0000000000000236 | 12          |
 ├────────────────────┼─────────────┤
 | 0x0000000000000248 | 8           |
 ├────────────────────┼─────────────┤
 | 0x0000000000000241 | 19          |
 ├────────────────────┼─────────────┤
 | 0x0000000000000411 | 23          |
 ├────────────────────┼─────────────┤
 | 0x00000000000004a6 | 0           |
 ├────────────────────┼─────────────┤
 | 0x0000000000000267 | 18          |
 ├────────────────────┼─────────────┤
 | 0x00000000000003fd | 26          |
 ├────────────────────┼─────────────┤
 | 0x00000000000004a0 | 3           |
 ├────────────────────┼─────────────┤
 | 0x00000000000004a8 | 0           |
 ├────────────────────┼─────────────┤
 | 0x000000000000023b | 8           |
 ├────────────────────┼─────────────┤
 | 0x00000000000002a8 | 5           |
 ├────────────────────┼─────────────┤
 | 0x00000000000004a2 | 3           |
 ├────────────────────┼─────────────┤
 | 0x0000000000000473 | 4           |
 ├────────────────────┼─────────────┤
 | 0x00000000000003ff | 31          |
 ├────────────────────┼─────────────┤
 | 0x000000000000033d | 1           |
 └────────────────────┴─────────────┘
Filter table end
Accumulation table begin
 ┌────────────────────┬─────────────┬─────────────┬──────────────────────────────────────────────────────────────────┐
 | Region             | Offset      | Second      | Pattern                                                          |
 ├────────────────────┼─────────────┼─────────────┼──────────────────────────────────────────────────────────────────┤
 | 0x0000000000000245 | 28          | 30          | 0 0 0 0 0 0 0 0 0 0 1 1 1 1 0 0 0 0 0 0 0 0 0 0 0 0 0 0 1 1 1 1  |
 ├────────────────────┼─────────────┼─────────────┼──────────────────────────────────────────────────────────────────┤
 | 0x0000000000000238 | 15          | 16          | 0 0 0 0 0 0 0 0 0 0 0 0 0 0 0 1 1 0 0 0 0 0 0 0 0 0 0 0 0 0 0 0  |
 ├────────────────────┼─────────────┼─────────────┼──────────────────────────────────────────────────────────────────┤
 | 0x000000000000049b | 10          | 19          | 0 0 0 0 0 0 0 0 0 0 1 0 0 0 0 0 0 0 0 1 0 0 0 0 0 0 0 1 0 0 0 0  |
 ├────────────────────┼─────────────┼─────────────┼──────────────────────────────────────────────────────────────────┤
 | 0x000000000000049d | 6           | 15          | 0 0 0 0 0 0 1 0 0 0 0 0 0 0 0 1 0 0 0 0 0 0 0 0 1 0 0 0 0 0 0 0  |
 ├────────────────────┼─────────────┼─────────────┼──────────────────────────────────────────────────────────────────┤
 | 0x000000000000049e | 21          | 13          | 0 0 0 0 1 0 0 0 0 0 0 0 0 1 0 0 0 0 0 0 0 1 0 0 0 0 0 0 0 0 1 0  |
 ├────────────────────┼─────────────┼─────────────┼──────────────────────────────────────────────────────────────────┤
 | 0x0000000000000491 | 3           | 12          | 0 0 0 1 0 0 0 0 0 0 0 0 1 0 0 0 0 0 0 0 0 0 0 0 0 0 0 0 0 0 0 0  |
 ├────────────────────┼─────────────┼─────────────┼──────────────────────────────────────────────────────────────────┤
 | 0x0000000000000498 | 8           | 16          | 0 0 0 0 0 0 0 0 1 0 0 0 0 0 0 0 1 0 0 0 0 0 0 0 0 1 0 0 0 0 0 0  |
 ├────────────────────┼─────────────┼─────────────┼──────────────────────────────────────────────────────────────────┤
 | 0x0000000000000494 | 3           | 11          | 0 0 0 1 0 0 0 0 0 0 0 1 0 0 0 0 0 0 0 0 1 0 0 0 0 0 0 0 1 0 0 0  |
 ├────────────────────┼─────────────┼─────────────┼──────────────────────────────────────────────────────────────────┤
 | 0x0000000000000229 | 12          | 9           | 0 1 1 1 1 1 1 1 1 1 0 1 1 0 0 0 0 0 0 0 0 0 0 0 0 0 0 0 0 1 0 0  |
 ├────────────────────┼─────────────┼─────────────┼──────────────────────────────────────────────────────────────────┤
 | 0x0000000000000497 | 5           | 14          | 0 0 0 0 0 1 0 0 0 0 0 0 0 0 1 0 0 0 0 0 0 0 1 0 0 0 0 0 0 0 0 1  |
 ├────────────────────┼─────────────┼─────────────┼──────────────────────────────────────────────────────────────────┤
 | 0x000000000000048f | 15          | 24          | 0 0 0 0 0 0 0 1 0 0 0 0 0 0 0 1 0 0 0 0 0 0 0 0 1 0 0 0 0 0 0 0  |
 ├────────────────────┼─────────────┼─────────────┼──────────────────────────────────────────────────────────────────┤
 | 0x0000000000000492 | 27          | 1           | 0 1 0 0 0 0 0 0 0 1 0 0 0 0 0 0 0 0 1 0 0 0 0 0 0 0 0 1 0 0 0 0  |
 ├────────────────────┼─────────────┼─────────────┼──────────────────────────────────────────────────────────────────┤
 | 0x000000000000023d | 12          | 0           | 1 1 0 1 0 0 0 0 0 1 0 0 1 1 0 0 0 0 0 0 0 0 0 0 0 0 0 0 0 0 0 0  |
 ├────────────────────┼─────────────┼─────────────┼──────────────────────────────────────────────────────────────────┤
 | 0x000000000000022a | 31          | 28          | 0 0 0 0 0 0 0 0 0 0 0 0 0 0 0 0 0 0 0 0 0 0 0 0 0 0 0 0 1 0 0 1  |
 ├────────────────────┼─────────────┼─────────────┼──────────────────────────────────────────────────────────────────┤
 | 0x000000000000021f | 11          | 10          | 0 0 0 0 0 0 0 0 0 0 1 1 0 0 0 0 0 0 0 0 0 0 0 0 0 0 0 0 0 0 0 0  |
 ├────────────────────┼─────────────┼─────────────┼──────────────────────────────────────────────────────────────────┤
 | 0x0000000000000262 | 7           | 10          | 0 0 0 0 0 0 0 1 1 0 1 0 0 0 0 0 0 0 0 0 0 0 0 0 0 0 0 0 0 0 0 0  |
 ├────────────────────┼─────────────┼─────────────┼──────────────────────────────────────────────────────────────────┤
 | 0x000000000000049c | 4           | 13          | 0 0 0 0 1 0 0 0 0 0 0 0 0 1 0 0 0 0 0 0 0 1 0 0 0 0 0 0 0 0 1 0  |
 ├────────────────────┼─────────────┼─────────────┼──────────────────────────────────────────────────────────────────┤
 | 0x0000000000000239 | 26          | 25          | 0 0 0 0 0 0 0 0 0 0 0 0 0 0 0 0 0 0 0 0 0 0 1 1 1 1 1 1 1 1 1 1  |
 ├────────────────────┼─────────────┼─────────────┼──────────────────────────────────────────────────────────────────┤
 | 0x0000000000000221 | 3           | 8           | 0 0 0 1 1 0 0 0 1 1 0 0 0 0 1 0 0 0 1 0 0 0 0 1 0 0 0 0 0 0 0 0  |
 ├────────────────────┼─────────────┼─────────────┼──────────────────────────────────────────────────────────────────┤
 | 0x000000000000021b | 0           | 6           | 1 0 0 0 0 0 1 1 0 0 0 0 0 0 0 0 0 0 0 0 0 0 0 0 0 0 0 0 0 0 0 0  |
 ├────────────────────┼─────────────┼─────────────┼──────────────────────────────────────────────────────────────────┤
 | 0x0000000000000263 | 10          | 8           | 0 0 1 0 0 0 0 0 1 0 1 0 0 0 0 0 0 0 0 0 0 0 0 0 0 0 0 0 0 0 0 0  |
 ├────────────────────┼─────────────┼─────────────┼──────────────────────────────────────────────────────────────────┤
 | 0x000000000000049a | 8           | 16          | 0 0 0 0 0 0 0 0 1 0 0 0 0 0 0 0 1 0 0 0 0 0 0 0 0 1 0 0 0 0 0 0  |
 ├────────────────────┼─────────────┼─────────────┼──────────────────────────────────────────────────────────────────┤
 | 0x000000000000026a | 1           | 3           | 1 1 0 1 1 0 0 0 0 0 0 0 0 0 0 0 0 0 0 0 0 0 0 0 0 0 0 0 0 0 0 0  |
 ├────────────────────┼─────────────┼─────────────┼──────────────────────────────────────────────────────────────────┤
 | 0x000000000000049f | 6           | 15          | 0 0 0 0 0 0 1 0 0 0 0 0 0 0 0 1 0 0 0 0 0 0 0 0 1 0 0 0 0 0 0 0  |
 ├────────────────────┼─────────────┼─────────────┼──────────────────────────────────────────────────────────────────┤
 | 0x0000000000000496 | 11          | 20          | 0 0 0 0 0 0 0 0 0 0 0 1 0 0 0 0 0 0 0 0 1 0 0 0 0 0 0 0 1 0 0 0  |
 ├────────────────────┼─────────────┼─────────────┼──────────────────────────────────────────────────────────────────┤
 | 0x000000000000022d | 17          | 18          | 0 0 0 0 0 0 0 0 0 0 0 0 0 0 0 0 0 1 1 1 1 1 0 1 1 1 1 1 1 1 0 1  |
 ├────────────────────┼─────────────┼─────────────┼──────────────────────────────────────────────────────────────────┤
 | 0x0000000000000499 | 1           | 19          | 0 1 0 0 0 0 0 0 0 0 1 0 0 0 0 0 0 0 0 1 0 0 0 0 0 0 0 1 0 0 0 0  |
 ├────────────────────┼─────────────┼─────────────┼──────────────────────────────────────────────────────────────────┤
 | 0x0000000000000244 | 26          | 28          | 0 0 0 0 0 0 0 0 0 0 0 0 0 0 0 0 0 0 0 0 0 0 0 0 0 0 1 0 1 0 1 0  |
 ├────────────────────┼─────────────┼─────────────┼──────────────────────────────────────────────────────────────────┤
 | 0x0000000000000228 | 7           | 8           | 0 0 1 1 0 0 1 1 1 1 1 1 0 0 1 0 1 1 1 1 1 1 1 1 1 1 1 1 1 1 1 1  |
 ├────────────────────┼─────────────┼─────────────┼──────────────────────────────────────────────────────────────────┤
 | 0x000000000000022e | 3           | 9           | 1 1 0 1 1 1 0 0 0 1 1 1 1 1 0 0 0 0 0 0 0 0 0 0 0 0 0 0 0 0 0 0  |
 ├────────────────────┼─────────────┼─────────────┼──────────────────────────────────────────────────────────────────┤
 | 0x0000000000000495 | 5           | 14          | 0 0 0 0 0 1 0 0 0 0 0 0 0 0 1 0 0 0 0 0 0 0 1 0 0 0 0 0 0 0 0 1  |
 ├────────────────────┼─────────────┼─────────────┼──────────────────────────────────────────────────────────────────┤
 | 0x000000000000023c | 15          | 17          | 1 1 1 0 1 1 1 1 0 0 0 1 1 0 1 1 1 1 1 1 0 1 1 0 1 1 0 0 0 0 0 0  |
 └────────────────────┴─────────────┴─────────────┴──────────────────────────────────────────────────────────────────┘
Accumulation table end
Offset pattern table begin
 ┌────────────────────┬─────────────┬──────────────────────────────────────────────────────────────────────────────────────┐
 | Key                | Second      | Pattern                                                                              |
 ├────────────────────┼─────────────┼──────────────────────────────────────────────────────────────────────────────────────┤
 | 0x0000000000000000 | 17          | 30 0 0 0 0 0 2 2 8 15 2 0 0 0 0 0 0 17 6 0 0 0 0 0 0 1 21 0 2 0 0 0                  |
 ├────────────────────┼─────────────┼──────────────────────────────────────────────────────────────────────────────────────┤
 | 0x0000000000000001 | 9           | 24 0 0 0 0 0 0 0 6 16 0 0 0 0 0 0 0 16 6 0 0 0 0 0 0 2 20 0 0 0 0 0                  |
 ├────────────────────┼─────────────┼──────────────────────────────────────────────────────────────────────────────────────┤
 | 0x0000000000000002 | 3           | 28 0 0 0 0 0 0 0 12 14 0 0 0 0 0 0 0 21 4 0 0 0 0 0 0 2 22 0 0 0 0 0                 |
 ├────────────────────┼─────────────┼──────────────────────────────────────────────────────────────────────────────────────┤
 | 0x0000000000000003 | 23          | 17 3 0 0 0 1 2 0 5 10 0 1 0 0 0 1 0 7 3 0 2 0 0 0 0 1 8 0 0 1 2 0                    |
 ├────────────────────┼─────────────┼──────────────────────────────────────────────────────────────────────────────────────┤
 | 0x0000000000000004 | 21          | 24 0 0 0 0 0 0 0 8 14 0 0 0 0 0 0 0 18 4 0 0 0 0 0 0 3 17 0 0 0 0 0                  |
 ├────────────────────┼─────────────┼──────────────────────────────────────────────────────────────────────────────────────┤
 | 0x0000000000000005 | 14          | 19 0 0 0 0 0 0 0 7 11 0 0 0 0 0 0 0 11 5 0 0 0 0 0 0 2 13 0 0 0 0 0                  |
 ├────────────────────┼─────────────┼──────────────────────────────────────────────────────────────────────────────────────┤
 | 0x0000000000000006 | 7           | 20 0 0 0 0 0 0 0 5 14 0 0 0 0 0 0 0 9 6 0 0 0 0 0 0 0 0 0 0 0 0 0                    |
 ├────────────────────┼─────────────┼──────────────────────────────────────────────────────────────────────────────────────┤
 | 0x0000000000000007 | 16          | 31 4 3 4 2 1 1 2 10 17 2 2 2 2 2 2 2 20 7 2 2 2 2 2 2 1 1 2 3 0 0 4                  |
 ├────────────────────┼─────────────┼──────────────────────────────────────────────────────────────────────────────────────┤
 | 0x0000000000000008 | 17          | 30 0 0 0 2 0 0 0 13 13 0 0 0 0 0 0 0 25 1 0 0 0 0 0 2 0 0 1 0 0 1 2                  |
 ├────────────────────┼─────────────┼──────────────────────────────────────────────────────────────────────────────────────┤
 | 0x0000000000000009 | 11          | 16 0 0 2 1 0 0 0 6 7 0 0 0 0 0 0 0 10 2 0 0 0 0 7 4 0 1 1 0 0 2 0                    |
 ├────────────────────┼─────────────┼──────────────────────────────────────────────────────────────────────────────────────┤
 | 0x000000000000000a | 8           | 16 0 1 1 1 0 0 0 2 4 0 0 0 0 0 0 0 3 2 0 0 0 0 3 8 0 1 0 1 0 9 5                     |
 ├────────────────────┼─────────────┼──────────────────────────────────────────────────────────────────────────────────────┤
 | 0x000000000000000b | 10          | 31 2 0 0 0 0 0 0 6 13 0 0 0 0 0 0 0 11 7 0 0 0 0 9 3 0 0 0 2 2 2 6                   |
 ├────────────────────┼─────────────┼──────────────────────────────────────────────────────────────────────────────────────┤
 | 0x000000000000000c | 21          | 17 3 2 2 2 2 2 2 5 9 2 2 2 2 2 2 2 8 6 2 0 3 2 8 6 2 2 3 3 4 0 2                     |
 ├────────────────────┼─────────────┼──────────────────────────────────────────────────────────────────────────────────────┤
 | 0x000000000000000d | 9           | 19 0 0 0 0 0 0 0 4 8 0 0 0 0 0 0 0 7 5 0 5 0 5 4 11 0 5 0 5 0 5 0                    |
 ├────────────────────┼─────────────┼──────────────────────────────────────────────────────────────────────────────────────┤
 | 0x000000000000000e | 6           | 27 0 0 0 0 0 0 0 12 13 0 0 0 0 0 0 0 22 0 0 0 0 0 6 2 0 0 0 0 0 0 0                  |
 ├────────────────────┼─────────────┼──────────────────────────────────────────────────────────────────────────────────────┤
 | 0x000000000000000f | 16          | 25 13 9 3 9 1 2 3 7 9 4 0 1 0 1 0 1 5 5 3 1 5 4 9 5 0 1 1 5 5 3 3                    |
 ├────────────────────┼─────────────┼──────────────────────────────────────────────────────────────────────────────────────┤
 | 0x0000000000000010 | 8           | 18 2 2 2 2 1 2 2 8 11 1 0 1 0 1 0 1 2 0 0 2 2 2 10 6 0 1 2 2 2 2 0                   |
 ├────────────────────┼─────────────┼──────────────────────────────────────────────────────────────────────────────────────┤
 | 0x0000000000000011 | 18          | 28 16 16 13 13 1 12 13 20 15 12 12 12 0 12 3 1 0 0 0 1 1 0 6 1 1 1 1 0 1 0 2         |
 ├────────────────────┼─────────────┼──────────────────────────────────────────────────────────────────────────────────────┤
 | 0x0000000000000012 | 20          | 27 0 0 0 0 0 0 0 7 18 0 0 0 0 1 7 0 0 0 0 0 0 0 7 2 0 0 0 0 0 0 0                    |
 ├────────────────────┼─────────────┼──────────────────────────────────────────────────────────────────────────────────────┤
 | 0x0000000000000013 | 14          | 26 0 0 0 0 0 0 0 10 14 0 1 0 0 2 3 0 0 0 0 0 0 0 7 7 0 0 1 0 0 0 0                   |
 ├────────────────────┼─────────────┼──────────────────────────────────────────────────────────────────────────────────────┤
 | 0x0000000000000014 | 12          | 19 0 0 0 0 0 0 0 6 12 0 0 0 0 1 3 0 0 0 0 0 0 0 9 6 0 0 0 0 0 0 0                    |
 ├────────────────────┼─────────────┼──────────────────────────────────────────────────────────────────────────────────────┤
 | 0x0000000000000015 | 30          | 22 0 0 0 0 0 0 0 7 13 0 0 0 0 3 8 0 0 0 0 0 0 0 10 1 0 0 0 0 0 0 0                   |
 ├────────────────────┼─────────────┼──────────────────────────────────────────────────────────────────────────────────────┤
 | 0x0000000000000016 | 31          | 22 0 0 0 0 0 0 0 7 13 0 0 0 0 3 6 0 0 0 0 0 0 0 6 5 0 0 0 0 0 0 0                    |
 ├────────────────────┼─────────────┼──────────────────────────────────────────────────────────────────────────────────────┤
 | 0x0000000000000017 | 15          | 23 0 0 0 0 0 0 0 12 0 0 0 0 0 3 11 0 0 0 0 0 0 0 11 3 0 0 0 0 0 0 0                  |
 ├────────────────────┼─────────────┼──────────────────────────────────────────────────────────────────────────────────────┤
 | 0x0000000000000018 | 7           | 28 0 0 0 0 0 0 0 0 0 0 0 0 0 6 19 0 0 0 0 0 0 0 17 7 0 0 0 0 0 0 0                   |
 ├────────────────────┼─────────────┼──────────────────────────────────────────────────────────────────────────────────────┤
 | 0x0000000000000019 | 24          | 23 9 7 12 9 8 9 0 1 1 1 1 1 1 5 7 1 0 3 3 1 1 3 14 11 7 7 7 7 6 9 7                  |
 ├────────────────────┼─────────────┼──────────────────────────────────────────────────────────────────────────────────────┤
 | 0x000000000000001a | 28          | 31 9 30 6 20 9 10 0 10 0 10 0 10 0 10 0 10 0 10 0 10 0 10 0 10 0 10 0 20 9 20 9      |
 ├────────────────────┼─────────────┼──────────────────────────────────────────────────────────────────────────────────────┤
 | 0x000000000000001b | 20          | 24 10 8 9 9 0 10 3 1 1 1 1 1 1 2 11 1 1 1 2 2 2 2 5 7 2 2 9 8 8 9 9                  |
 ├────────────────────┼─────────────┼──────────────────────────────────────────────────────────────────────────────────────┤
 | 0x000000000000001c | 31          | 21 14 17 15 9 3 15 3 12 3 12 4 14 4 10 16 14 12 14 6 17 7 15 9 16 6 15 6 13 7 15 3   |
 ├────────────────────┼─────────────┼──────────────────────────────────────────────────────────────────────────────────────┤
 | 0x000000000000001d | 12          | 24 12 11 10 0 10 7 11 0 10 0 10 0 10 13 16 10 10 0 10 0 10 0 17 2 10 0 10 0 10 0 10  |
 ├────────────────────┼─────────────┼──────────────────────────────────────────────────────────────────────────────────────┤
 | 0x000000000000001e | 31          | 20 7 0 1 2 1 7 2 2 1 2 1 0 2 5 6 2 3 6 3 4 3 4 9 7 2 1 6 4 1 6 2                     |
 ├────────────────────┼─────────────┼──────────────────────────────────────────────────────────────────────────────────────┤
 | 0x000000000000001f | 29          | 29 0 15 0 15 0 18 1 15 0 15 0 15 0 16 2 15 0 15 0 15 6 15 9 18 7 15 7 15 8 15 0      |
 └────────────────────┴─────────────┴──────────────────────────────────────────────────────────────────────────────────────┘
Offset pattern table end
PC pattern table begin
 ┌────────────────────┬─────────────┬──────────────────────────────────────────────────┐
 | Key                | Second      | Pattern                                          |
 ├────────────────────┼─────────────┼──────────────────────────────────────────────────┤
 | 0x0000000000000000 | 16          | 26 0 0 0 17 7 0 0 8 12 0 0 3 10 0 0              |
 ├────────────────────┼─────────────┼──────────────────────────────────────────────────┤
 | 0x0000000000000001 | 30          | 29 0 0 0 18 9 0 2 7 11 0 4 5 10 0 0              |
 ├────────────────────┼─────────────┼──────────────────────────────────────────────────┤
 | 0x0000000000000002 | 21          | 19 0 0 0 10 5 0 0 6 9 0 0 4 8 0 2                |
 ├────────────────────┼─────────────┼──────────────────────────────────────────────────┤
 | 0x0000000000000003 | 9           | 27 4 6 2 14 7 0 0 6 9 2 3 6 10 5 6               |
 ├────────────────────┼─────────────┼──────────────────────────────────────────────────┤
 | 0x0000000000000004 | 16          | 20 16 14 14 14 14 14 14 14 14 17 14 14 17 20 14  |
 ├────────────────────┼─────────────┼──────────────────────────────────────────────────┤
 | 0x0000000000000005 | 3           | 21 20 18 2 2 2 2 2 2 2 2 2 2 4 2 2               |
 ├────────────────────┼─────────────┼──────────────────────────────────────────────────┤
 | 0x0000000000000006 | 9           | 28 21 13 14 13 14 13 13 13 13 16 13 13 15 18 14  |
 ├────────────────────┼─────────────┼──────────────────────────────────────────────────┤
 | 0x0000000000000007 | 22          | 7 7 2 1 1 1 1 1 1 6 7 7 7 7 7 7                  |
 ├────────────────────┼─────────────┼──────────────────────────────────────────────────┤
 | 0x0000000000000008 | 8           | 16 0 0 0 0 0 0 0 0 0 0 0 0 0 0 15                |
 ├────────────────────┼─────────────┼──────────────────────────────────────────────────┤
 | 0x0000000000000009 | 20          | 23 0 0 0 16 6 0 0 8 12 0 0 2 11 0 0              |
 ├────────────────────┼─────────────┼──────────────────────────────────────────────────┤
 | 0x000000000000000a | 28          | 26 24 14 21 21 21 21 21 22 24 25 25 15 22 18 23  |
 ├────────────────────┼─────────────┼──────────────────────────────────────────────────┤
 | 0x000000000000000b | 0           | 20 0 0 0 12 7 0 0 9 8 0 2 4 8 0 0                |
 ├────────────────────┼─────────────┼──────────────────────────────────────────────────┤
 | 0x000000000000000c | 12          | 27 17 2 18 2 2 13 2 15 2 16 2 2 2 9 9            |
 ├────────────────────┼─────────────┼──────────────────────────────────────────────────┤
 | 0x000000000000000d | 23          | 17 16 8 5 0 0 5 0 5 0 5 0 0 2 0 0                |
 ├────────────────────┼─────────────┼──────────────────────────────────────────────────┤
 | 0x000000000000000e | 10          | 30 28 0 1 1 0 2 1 1 0 1 1 0 0 1 0                |
 ├────────────────────┼─────────────┼──────────────────────────────────────────────────┤
 | 0x000000000000000f | 14          | 25 1 0 0 16 4 0 1 7 9 0 2 3 5 0 1                |
 ├────────────────────┼─────────────┼──────────────────────────────────────────────────┤
 | 0x0000000000000010 | 17          | 17 0 0 0 13 3 0 0 6 7 0 0 0 8 0 0                |
 ├────────────────────┼─────────────┼──────────────────────────────────────────────────┤
 | 0x0000000000000011 | 7           | 24 4 3 4 17 10 4 4 9 14 4 5 9 13 4 4             |
 ├────────────────────┼─────────────┼──────────────────────────────────────────────────┤
 | 0x0000000000000012 | 20          | 21 4 4 1 1 1 1 1 1 1 1 1 1 1 17 17               |
 ├────────────────────┼─────────────┼──────────────────────────────────────────────────┤
 | 0x0000000000000013 | 10          | 18 2 1 1 1 1 1 1 1 1 2 2 1 1 2 1                 |
 ├────────────────────┼─────────────┼──────────────────────────────────────────────────┤
 | 0x0000000000000014 | 11          | 29 27 19 26 24 24 24 24 15 15 15 15 17 15 15 16  |
 ├────────────────────┼─────────────┼──────────────────────────────────────────────────┤
 | 0x0000000000000015 | 17          | 23 0 0 0 14 8 0 0 8 13 0 1 2 12 0 0              |
 ├────────────────────┼─────────────┼──────────────────────────────────────────────────┤
 | 0x0000000000000016 | 12          | 18 0 0 0 12 4 0 0 8 8 0 0 1 10 0 0               |
 ├────────────────────┼─────────────┼──────────────────────────────────────────────────┤
 | 0x0000000000000017 | 31          | 31 16 16 16 16 30 16 16 16 16 16 16 16 1 16 1    |
 ├────────────────────┼─────────────┼──────────────────────────────────────────────────┤
 | 0x0000000000000018 | 25          | 16 5 15 13 13 13 13 13 14 14 16 16 16 16 16 16   |
 ├────────────────────┼─────────────┼──────────────────────────────────────────────────┤
 | 0x0000000000000019 | 7           | 21 1 0 0 0 1 1 1 1 2 20 20 20 20 20 20           |
 ├────────────────────┼─────────────┼──────────────────────────────────────────────────┤
 | 0x000000000000001a | 28          | 15 15 14 15 14 14 9 10 10 9 9 9 9 13 13 12       |
 ├────────────────────┼─────────────┼──────────────────────────────────────────────────┤
 | 0x000000000000001b | 10          | 26 12 12 0 0 1 2 0 0 0 0 0 0 0 6 2               |
 ├────────────────────┼─────────────┼──────────────────────────────────────────────────┤
 | 0x000000000000001c | 28          | 16 2 2 0 0 0 1 1 2 2 4 4 4 4 4 16                |
 ├────────────────────┼─────────────┼──────────────────────────────────────────────────┤
 | 0x000000000000001d | 4           | 21 11 11 10 1 1 1 5 5 9 9 9 12 9 9 9             |
 ├────────────────────┼─────────────┼──────────────────────────────────────────────────┤
 | 0x000000000000001e | 3           | 22 3 3 3 3 3 3 3 3 3 3 3 3 3 4 21                |
 ├────────────────────┼─────────────┼──────────────────────────────────────────────────┤
 | 0x000000000000001f | 30          | 19 18 18 4 4 4 4 4 4 5 5 5 1 5 5 5               |
 └────────────────────┴─────────────┴──────────────────────────────────────────────────┘
PC pattern table end
Prefetch buffer begin
 ┌────────────────────┬──────────────────────────────────────────────────────────────────┐
 | Region             | Pattern                                                          |
 ├────────────────────┼──────────────────────────────────────────────────────────────────┤
 | 0x0000000000000497 | 2 0 0 0 0 0 0 0 0 0 0 0 0 0 0 0 0 0 0 0 0 0 0 0 0 0 0 0 0 0 0 0  |
 ├────────────────────┼──────────────────────────────────────────────────────────────────┤
 | 0x000000000000048c | 0 0 0 0 0 2 0 0 0 0 0 0 2 0 2 2 0 0 0 0 2 2 0 2 0 0 0 0 2 2 0 2  |
 ├────────────────────┼──────────────────────────────────────────────────────────────────┤
 | 0x0000000000000489 | 0 0 0 2 0 0 0 0 0 0 0 2 2 2 0 0 0 0 2 0 2 2 0 0 0 0 0 0 0 2 0 0  |
 ├────────────────────┼──────────────────────────────────────────────────────────────────┤
 | 0x0000000000000483 | 2 0 0 0 0 0 2 0 0 0 0 0 0 2 0 2 2 0 0 0 0 2 2 0 2 0 0 0 0 0 0 0  |
 ├────────────────────┼──────────────────────────────────────────────────────────────────┤
 | 0x0000000000000492 | 0 0 0 2 2 2 2 0 0 0 2 2 2 2 2 0 0 0 0 2 0 2 2 2 2 2 2 0 2 2 2 2  |
 ├────────────────────┼──────────────────────────────────────────────────────────────────┤
 | 0x0000000000000498 | 2 2 2 2 0 0 0 0 0 2 0 0 0 0 0 0 0 2 2 2 0 0 0 0 2 0 2 2 0 0 0 0  |
 ├────────────────────┼──────────────────────────────────────────────────────────────────┤
 | 0x000000000000049d | 2 2 0 0 0 0 0 2 0 0 0 0 0 0 2 0 2 2 0 0 0 0 2 2 0 2 0 0 0 0 2 2  |
 ├────────────────────┼──────────────────────────────────────────────────────────────────┤
 | 0x0000000000000493 | 0 0 0 0 2 0 0 0 0 0 0 2 0 2 2 0 0 0 0 2 2 2 2 0 0 0 0 0 0 2 2 0  |
 ├────────────────────┼──────────────────────────────────────────────────────────────────┤
 | 0x0000000000000499 | 0 0 2 0 0 0 0 0 0 2 0 2 2 0 0 0 0 2 2 0 2 0 0 0 0 2 2 0 2 0 0 0  |
 ├────────────────────┼──────────────────────────────────────────────────────────────────┤
 | 0x0000000000000496 | 0 0 2 0 0 2 2 0 0 0 0 0 2 0 0 0 0 0 0 2 0 2 2 0 0 0 0 2 0 2 2 0  |
 ├────────────────────┼──────────────────────────────────────────────────────────────────┤
 | 0x000000000000048d | 2 2 2 0 0 0 0 0 2 0 0 0 0 0 0 0 2 2 2 0 0 0 0 2 0 2 2 0 0 0 0 2  |
 ├────────────────────┼──────────────────────────────────────────────────────────────────┤
 | 0x000000000000042d | 0 2 0 0 0 0 0 0 2 0 2 2 0 0 0 0 2 0 2 2 0 0 0 0 2 2 0 2 0 0 0 0  |
 ├────────────────────┼──────────────────────────────────────────────────────────────────┤
 | 0x0000000000000427 | 0 0 0 0 0 0 0 0 0 0 0 0 0 0 0 0 0 0 0 0 0 0 0 0 0 0 0 2 0 0 0 0  |
 ├────────────────────┼──────────────────────────────────────────────────────────────────┤
 | 0x000000000000049c | 0 0 0 0 0 2 0 0 0 0 0 0 2 0 2 2 0 0 0 0 2 0 2 2 0 0 0 0 2 2 0 2  |
 ├────────────────────┼──────────────────────────────────────────────────────────────────┤
 | 0x000000000000049f | 2 2 0 0 0 0 0 2 0 0 0 0 0 0 2 0 2 2 0 0 0 0 2 0 0 0 0 0 0 0 0 0  |
 ├────────────────────┼──────────────────────────────────────────────────────────────────┤
 | 0x000000000000048e | 2 2 0 0 0 2 2 2 2 2 0 0 0 0 0 0 2 2 0 0 0 0 0 2 0 0 0 0 0 0 0 2  |
 ├────────────────────┼──────────────────────────────────────────────────────────────────┤
 | 0x0000000000000490 | 0 0 2 0 0 0 0 0 0 0 2 2 2 0 0 0 0 2 0 2 2 0 0 0 0 2 2 0 2 0 0 0  |
 ├────────────────────┼──────────────────────────────────────────────────────────────────┤
 | 0x000000000000049a | 0 0 2 2 0 0 0 0 0 2 0 0 0 0 0 0 0 2 2 2 0 0 0 0 2 0 2 2 0 0 0 0  |
 ├────────────────────┼──────────────────────────────────────────────────────────────────┤
 | 0x0000000000000495 | 2 0 0 0 0 0 2 0 0 0 0 0 0 2 0 2 2 0 0 0 0 2 0 2 2 0 0 0 0 2 2 0  |
 ├────────────────────┼──────────────────────────────────────────────────────────────────┤
 | 0x00000000000004a8 | 0 0 0 0 0 0 0 0 0 0 0 0 0 0 0 0 0 0 0 2 0 0 0 0 0 0 2 2 0 0 0 0  |
 ├────────────────────┼──────────────────────────────────────────────────────────────────┤
 | 0x000000000000049b | 0 0 2 0 2 2 0 0 2 2 0 2 0 0 0 0 0 0 2 0 2 2 0 0 0 0 2 0 2 2 0 0  |
 ├────────────────────┼──────────────────────────────────────────────────────────────────┤
 | 0x000000000000049e | 2 0 0 0 0 2 2 2 2 0 0 0 2 0 0 2 2 0 0 0 0 0 2 0 0 0 0 0 0 2 0 2  |
 ├────────────────────┼──────────────────────────────────────────────────────────────────┤
 | 0x000000000000021a | 0 0 0 0 0 0 0 0 0 2 2 2 2 2 2 2 2 2 2 2 2 2 2 2 2 2 2 2 2 2 2 2  |
 ├────────────────────┼──────────────────────────────────────────────────────────────────┤
 | 0x000000000000048f | 2 2 2 0 0 0 2 0 0 2 2 0 0 0 0 0 2 2 0 2 0 0 0 2 0 2 2 0 0 0 0 2  |
 ├────────────────────┼──────────────────────────────────────────────────────────────────┤
 | 0x0000000000000494 | 0 0 0 0 2 0 0 0 0 0 0 0 2 2 2 0 0 0 0 2 0 2 2 0 0 0 0 2 0 2 2 0  |
 └────────────────────┴──────────────────────────────────────────────────────────────────┘
Prefetch buffer end
Filter by PPT: 0
cpu0_L2C
Num Con Filled: 0
Num Con Useful: 0 Useless:0 Accuracy: nan
LLC
