41 41 41
Available num physical pages: 35184372088576
WARNING: physical memory size is smaller than virtual memory size

*** ChampSim Multicore Out-of-Order Simulator ***

Warmup Instructions: 2000000
Simulation Instructions: 2000000
Number of CPUs: 1
Page size: 4096

Basic BTB sets: 1024 ways: 8 indirect buffer size: 4096 RAS size: 64
cpu0_L1D PMP prefetcher
Off-chip DRAM Size: 4 GiB Channels: 1 Width: 64-bit Data Rate: 3200 MT/s
Max paddr 128M
Warmup finished CPU 0 instructions: 2000001 cycles: 534419 cumulative IPC: 3.74239 (Simulation time: 0 hr 1 min 26 sec) 

Warmup complete CPU 0 instructions: 2000001 cycles: 534419 (Simulation time: 0 hr 1 min 26 sec) 

Max paddr 145M
Simulation finished CPU 0 instructions: 2000000 cycles: 9919702 cumulative IPC: 0.201619 (Simulation time: 0 hr 3 min 19 sec) 

Simulation complete CPU 0 instructions: 2000000 cycles: 9919702 (Simulation time: 0 hr 3 min 19 sec) 


ChampSim completed all CPUs

[
  {
    "name": "Simulation",
    "traces": [
      "../traces/429.mcf-51B.champsimtrace.xz"
    ],
    "roi": {
      "cores": [
        {
          "instructions": 2000000,
          "cycles": 9919702,
          "Avg ROB occupancy at mispredict": 21.869, 
          "mispredict": {
            "BRANCH_DIRECT_JUMP": 1891,
            "BRANCH_INDIRECT": 0,
            "BRANCH_CONDITIONAL": 46630,
            "BRANCH_DIRECT_CALL": 0,
            "BRANCH_INDIRECT_CALL": 0,
            "BRANCH_RETURN": 1
          }
        }
      ],
      "cpu0_L1I": {
        "LOAD": {
          "hit":1,
          "miss":0
        },
        "RFO": {
          "hit":0,
          "miss":0
        },
        "PREFETCH": {
          "hit":0,
          "miss":0
        },
        "WRITE": {
          "hit":0,
          "miss":0
        },
        "TRANSLATION": {
          "hit":0,
          "miss":0
        },
        "mshr full": 0,
        "prefetch requested": 0,
        "prefetch issued": 0,
        "prefetch filled": 0,
        "prefetch useful": 0,
        "prefetch useless": 0,
        "prefetch late": 0,
        "pf_useful_at_l2_from_l1":          0,
        "pf_late_at_l2_from_l1":          0,
        "pf_useless_at_l2_from_l1":          0,
        "pf_at_l2_to_l1":          0,
        "pf_fill_this_level":          0,
        "miss latency": null,
        "cache queues": {
          "PQ_ACCESS": 0,
          "PQ_FULL": 0,
          "PQ_TO_CACHE": 0,
          "PQ_MERGED": 0,
          "RQ_ACCESS": 1,
          "RQ_MERGED": 0,
          "RQ_FULL": 0,
          "WQ_ACCESS": 0,
          "WQ_MERGED": 0,
          "WQ_FULL": 0
        }
      },
      "cpu0_ITLB": {
        "LOAD": {
          "hit":1,
          "miss":0
        },
        "RFO": {
          "hit":0,
          "miss":0
        },
        "PREFETCH": {
          "hit":0,
          "miss":0
        },
        "WRITE": {
          "hit":0,
          "miss":0
        },
        "TRANSLATION": {
          "hit":0,
          "miss":0
        },
        "mshr full": 0,
        "prefetch requested": 0,
        "prefetch issued": 0,
        "prefetch filled": 0,
        "prefetch useful": 0,
        "prefetch useless": 0,
        "prefetch late": 0,
        "pf_useful_at_l2_from_l1":          0,
        "pf_late_at_l2_from_l1":          0,
        "pf_useless_at_l2_from_l1":          0,
        "pf_at_l2_to_l1":          0,
        "pf_fill_this_level":          0,
        "miss latency": null,
        "cache queues": {
          "PQ_ACCESS": 0,
          "PQ_FULL": 0,
          "PQ_TO_CACHE": 0,
          "PQ_MERGED": 0,
          "RQ_ACCESS": 1,
          "RQ_MERGED": 0,
          "RQ_FULL": 0,
          "WQ_ACCESS": 0,
          "WQ_MERGED": 0,
          "WQ_FULL": 0
        }
      },
      "cpu0_DTLB": {
        "LOAD": {
          "hit":335296,
          "miss":375230
        },
        "RFO": {
          "hit":0,
          "miss":0
        },
        "PREFETCH": {
          "hit":0,
          "miss":0
        },
        "WRITE": {
          "hit":0,
          "miss":0
        },
        "TRANSLATION": {
          "hit":0,
          "miss":0
        },
        "mshr full": 27516,
        "prefetch requested": 0,
        "prefetch issued": 0,
        "prefetch filled": 0,
        "prefetch useful": 0,
        "prefetch useless": 0,
        "prefetch late": 0,
        "pf_useful_at_l2_from_l1":          0,
        "pf_late_at_l2_from_l1":          0,
        "pf_useless_at_l2_from_l1":          0,
        "pf_at_l2_to_l1":          0,
        "pf_fill_this_level":          0,
        "miss latency": 0.702255,
        "cache queues": {
          "PQ_ACCESS": 0,
          "PQ_FULL": 0,
          "PQ_TO_CACHE": 0,
          "PQ_MERGED": 0,
          "RQ_ACCESS": 1101685,
          "RQ_MERGED": 0,
          "RQ_FULL": 391164,
          "WQ_ACCESS": 0,
          "WQ_MERGED": 0,
          "WQ_FULL": 0
        }
      },
      "cpu0_STLB": {
        "LOAD": {
          "hit":166246,
          "miss":7367
        },
        "RFO": {
          "hit":0,
          "miss":0
        },
        "PREFETCH": {
          "hit":0,
          "miss":0
        },
        "WRITE": {
          "hit":0,
          "miss":0
        },
        "TRANSLATION": {
          "hit":0,
          "miss":0
        },
        "mshr full": 0,
        "prefetch requested": 0,
        "prefetch issued": 0,
        "prefetch filled": 0,
        "prefetch useful": 0,
        "prefetch useless": 0,
        "prefetch late": 0,
        "pf_useful_at_l2_from_l1":          0,
        "pf_late_at_l2_from_l1":          0,
        "pf_useless_at_l2_from_l1":          0,
        "pf_at_l2_to_l1":          0,
        "pf_fill_this_level":          0,
        "miss latency": 23.8504,
        "cache queues": {
          "PQ_ACCESS": 0,
          "PQ_FULL": 0,
          "PQ_TO_CACHE": 0,
          "PQ_MERGED": 0,
          "RQ_ACCESS": 173613,
          "RQ_MERGED": 0,
          "RQ_FULL": 0,
          "WQ_ACCESS": 0,
          "WQ_MERGED": 0,
          "WQ_FULL": 0
        }
      },
      "cpu0_L1D": {
        "LOAD": {
          "hit":274089,
          "miss":315078
        },
        "RFO": {
          "hit":0,
          "miss":0
        },
        "PREFETCH": {
          "hit":8029,
          "miss":122137
        },
        "WRITE": {
          "hit":82163,
          "miss":7434
        },
        "TRANSLATION": {
          "hit":1129,
          "miss":8638
        },
        "mshr full": 2749207,
        "prefetch requested": 130189,
        "prefetch issued": 130189,
        "prefetch filled": 50837,
        "prefetch useful": 2734,
        "prefetch useless": 48521,
        "prefetch late": 558,
        "pf_useful_at_l2_from_l1":          0,
        "pf_late_at_l2_from_l1":          0,
        "pf_useless_at_l2_from_l1":          0,
        "pf_at_l2_to_l1":          0,
        "pf_fill_this_level":      50835,
        "miss latency": 11.5577,
        "cache queues": {
          "PQ_ACCESS": 130189,
          "PQ_FULL": 0,
          "PQ_TO_CACHE": 130189,
          "PQ_MERGED": 16,
          "RQ_ACCESS": 1381756,
          "RQ_MERGED": 42326,
          "RQ_FULL": 750323,
          "WQ_ACCESS": 91117,
          "WQ_MERGED": 1197,
          "WQ_FULL": 324
        }
      },
      "cpu0_L2C": {
        "LOAD": {
          "hit":93896,
          "miss":95311
        },
        "RFO": {
          "hit":2577,
          "miss":778
        },
        "PREFETCH": {
          "hit":44254,
          "miss":61729
        },
        "WRITE": {
          "hit":28407,
          "miss":0
        },
        "TRANSLATION": {
          "hit":2537,
          "miss":6101
        },
        "mshr full": 0,
        "prefetch requested": 0,
        "prefetch issued": 0,
        "prefetch filled": 61686,
        "prefetch useful": 0,
        "prefetch useless": 0,
        "prefetch late": 0,
        "pf_useful_at_l2_from_l1":      10319,
        "pf_late_at_l2_from_l1":         41,
        "pf_useless_at_l2_from_l1":      23231,
        "pf_at_l2_to_l1":        766,
        "pf_fill_this_level":      34738,
        "miss latency": 42.3005,
        "cache queues": {
          "PQ_ACCESS": 105985,
          "PQ_FULL": 0,
          "PQ_TO_CACHE": 105985,
          "PQ_MERGED": 0,
          "RQ_ACCESS": 201205,
          "RQ_MERGED": 0,
          "RQ_FULL": 0,
          "WQ_ACCESS": 28419,
          "WQ_MERGED": 0,
          "WQ_FULL": 0
        }
      },
      "LLC": {
        "LOAD": {
          "hit": [32010],
          "miss": [63287]
        },
        "RFO": {
          "hit": [215],
          "miss": [537]
        },
        "PREFETCH": {
          "hit": [19871],
          "miss": [41856]
        },
        "WRITE": {
          "hit": [8291],
          "miss": [0]
        },
        "TRANSLATION": {
          "hit": [1566],
          "miss": [4535]
        },
        "mshr full": 0,
        "prefetch requested": 0,
        "prefetch issued": 0,
        "prefetch filled": 41856,
        "prefetch useful": 0,
        "prefetch useless": 0,
        "prefetch late": 0,
        "pf_useful_at_l2_from_l1":          0,
        "pf_late_at_l2_from_l1":          0,
        "pf_useless_at_l2_from_l1":          0,
        "pf_at_l2_to_l1":       1123,
        "pf_fill_this_level":          0,
        "miss latency": 60.6419,
        "cache queues": {
          "PQ_ACCESS": 61727,
          "PQ_FULL": 0,
          "PQ_TO_CACHE": 61727,
          "PQ_MERGED": 0,
          "RQ_ACCESS": 102149,
          "RQ_MERGED": 0,
          "RQ_FULL": 0,
          "WQ_ACCESS": 8423,
          "WQ_MERGED": 0,
          "WQ_FULL": 0
        }
      },
      "DRAM": [
        {
          "RQ ROW_BUFFER_HIT": 2279,
          "RQ ROW_BUFFER_MISS": 107929,
          "PQ FULL": 0,
          "WQ ROW_BUFFER_HIT": 913,
          "WQ ROW_BUFFER_MISS": 9016,
          "WQ FULL": 0,
          "AVG DBUS CONGESTED CYCLE": 3.9512
        }
      ]

    },
    "sim": {
      "cores": [
        {
          "instructions": 2000000,
          "cycles": 9919702,
          "Avg ROB occupancy at mispredict": 21.869, 
          "mispredict": {
            "BRANCH_DIRECT_JUMP": 1891,
            "BRANCH_INDIRECT": 0,
            "BRANCH_CONDITIONAL": 46630,
            "BRANCH_DIRECT_CALL": 0,
            "BRANCH_INDIRECT_CALL": 0,
            "BRANCH_RETURN": 1
          }
        }
      ],
      "cpu0_L1I": {
        "LOAD": {
          "hit":1,
          "miss":0
        },
        "RFO": {
          "hit":0,
          "miss":0
        },
        "PREFETCH": {
          "hit":0,
          "miss":0
        },
        "WRITE": {
          "hit":0,
          "miss":0
        },
        "TRANSLATION": {
          "hit":0,
          "miss":0
        },
        "mshr full": 0,
        "prefetch requested": 0,
        "prefetch issued": 0,
        "prefetch filled": 0,
        "prefetch useful": 0,
        "prefetch useless": 0,
        "prefetch late": 0,
        "pf_useful_at_l2_from_l1":          0,
        "pf_late_at_l2_from_l1":          0,
        "pf_useless_at_l2_from_l1":          0,
        "pf_at_l2_to_l1":          0,
        "pf_fill_this_level":          0,
        "miss latency": null,
        "cache queues": {
          "PQ_ACCESS": 0,
          "PQ_FULL": 0,
          "PQ_TO_CACHE": 0,
          "PQ_MERGED": 0,
          "RQ_ACCESS": 1,
          "RQ_MERGED": 0,
          "RQ_FULL": 0,
          "WQ_ACCESS": 0,
          "WQ_MERGED": 0,
          "WQ_FULL": 0
        }
      },
      "cpu0_ITLB": {
        "LOAD": {
          "hit":1,
          "miss":0
        },
        "RFO": {
          "hit":0,
          "miss":0
        },
        "PREFETCH": {
          "hit":0,
          "miss":0
        },
        "WRITE": {
          "hit":0,
          "miss":0
        },
        "TRANSLATION": {
          "hit":0,
          "miss":0
        },
        "mshr full": 0,
        "prefetch requested": 0,
        "prefetch issued": 0,
        "prefetch filled": 0,
        "prefetch useful": 0,
        "prefetch useless": 0,
        "prefetch late": 0,
        "pf_useful_at_l2_from_l1":          0,
        "pf_late_at_l2_from_l1":          0,
        "pf_useless_at_l2_from_l1":          0,
        "pf_at_l2_to_l1":          0,
        "pf_fill_this_level":          0,
        "miss latency": null,
        "cache queues": {
          "PQ_ACCESS": 0,
          "PQ_FULL": 0,
          "PQ_TO_CACHE": 0,
          "PQ_MERGED": 0,
          "RQ_ACCESS": 1,
          "RQ_MERGED": 0,
          "RQ_FULL": 0,
          "WQ_ACCESS": 0,
          "WQ_MERGED": 0,
          "WQ_FULL": 0
        }
      },
      "cpu0_DTLB": {
        "LOAD": {
          "hit":335296,
          "miss":375230
        },
        "RFO": {
          "hit":0,
          "miss":0
        },
        "PREFETCH": {
          "hit":0,
          "miss":0
        },
        "WRITE": {
          "hit":0,
          "miss":0
        },
        "TRANSLATION": {
          "hit":0,
          "miss":0
        },
        "mshr full": 27516,
        "prefetch requested": 0,
        "prefetch issued": 0,
        "prefetch filled": 0,
        "prefetch useful": 0,
        "prefetch useless": 0,
        "prefetch late": 0,
        "pf_useful_at_l2_from_l1":          0,
        "pf_late_at_l2_from_l1":          0,
        "pf_useless_at_l2_from_l1":          0,
        "pf_at_l2_to_l1":          0,
        "pf_fill_this_level":          0,
        "miss latency": 0.702255,
        "cache queues": {
          "PQ_ACCESS": 0,
          "PQ_FULL": 0,
          "PQ_TO_CACHE": 0,
          "PQ_MERGED": 0,
          "RQ_ACCESS": 1101685,
          "RQ_MERGED": 0,
          "RQ_FULL": 391164,
          "WQ_ACCESS": 0,
          "WQ_MERGED": 0,
          "WQ_FULL": 0
        }
      },
      "cpu0_STLB": {
        "LOAD": {
          "hit":166246,
          "miss":7367
        },
        "RFO": {
          "hit":0,
          "miss":0
        },
        "PREFETCH": {
          "hit":0,
          "miss":0
        },
        "WRITE": {
          "hit":0,
          "miss":0
        },
        "TRANSLATION": {
          "hit":0,
          "miss":0
        },
        "mshr full": 0,
        "prefetch requested": 0,
        "prefetch issued": 0,
        "prefetch filled": 0,
        "prefetch useful": 0,
        "prefetch useless": 0,
        "prefetch late": 0,
        "pf_useful_at_l2_from_l1":          0,
        "pf_late_at_l2_from_l1":          0,
        "pf_useless_at_l2_from_l1":          0,
        "pf_at_l2_to_l1":          0,
        "pf_fill_this_level":          0,
        "miss latency": 23.8504,
        "cache queues": {
          "PQ_ACCESS": 0,
          "PQ_FULL": 0,
          "PQ_TO_CACHE": 0,
          "PQ_MERGED": 0,
          "RQ_ACCESS": 173613,
          "RQ_MERGED": 0,
          "RQ_FULL": 0,
          "WQ_ACCESS": 0,
          "WQ_MERGED": 0,
          "WQ_FULL": 0
        }
      },
      "cpu0_L1D": {
        "LOAD": {
          "hit":274089,
          "miss":315078
        },
        "RFO": {
          "hit":0,
          "miss":0
        },
        "PREFETCH": {
          "hit":8029,
          "miss":122137
        },
        "WRITE": {
          "hit":82163,
          "miss":7434
        },
        "TRANSLATION": {
          "hit":1129,
          "miss":8638
        },
        "mshr full": 2749207,
        "prefetch requested": 130189,
        "prefetch issued": 130189,
        "prefetch filled": 50837,
        "prefetch useful": 2734,
        "prefetch useless": 48521,
        "prefetch late": 558,
        "pf_useful_at_l2_from_l1":          0,
        "pf_late_at_l2_from_l1":          0,
        "pf_useless_at_l2_from_l1":          0,
        "pf_at_l2_to_l1":          0,
        "pf_fill_this_level":      50835,
        "miss latency": 11.5577,
        "cache queues": {
          "PQ_ACCESS": 130189,
          "PQ_FULL": 0,
          "PQ_TO_CACHE": 130189,
          "PQ_MERGED": 16,
          "RQ_ACCESS": 1381756,
          "RQ_MERGED": 42326,
          "RQ_FULL": 750323,
          "WQ_ACCESS": 91117,
          "WQ_MERGED": 1197,
          "WQ_FULL": 324
        }
      },
      "cpu0_L2C": {
        "LOAD": {
          "hit":93896,
          "miss":95311
        },
        "RFO": {
          "hit":2577,
          "miss":778
        },
        "PREFETCH": {
          "hit":44254,
          "miss":61729
        },
        "WRITE": {
          "hit":28407,
          "miss":0
        },
        "TRANSLATION": {
          "hit":2537,
          "miss":6101
        },
        "mshr full": 0,
        "prefetch requested": 0,
        "prefetch issued": 0,
        "prefetch filled": 61686,
        "prefetch useful": 0,
        "prefetch useless": 0,
        "prefetch late": 0,
        "pf_useful_at_l2_from_l1":      10319,
        "pf_late_at_l2_from_l1":         41,
        "pf_useless_at_l2_from_l1":      23231,
        "pf_at_l2_to_l1":        766,
        "pf_fill_this_level":      34738,
        "miss latency": 42.3005,
        "cache queues": {
          "PQ_ACCESS": 105985,
          "PQ_FULL": 0,
          "PQ_TO_CACHE": 105985,
          "PQ_MERGED": 0,
          "RQ_ACCESS": 201205,
          "RQ_MERGED": 0,
          "RQ_FULL": 0,
          "WQ_ACCESS": 28419,
          "WQ_MERGED": 0,
          "WQ_FULL": 0
        }
      },
      "LLC": {
        "LOAD": {
          "hit": [32010],
          "miss": [63287]
        },
        "RFO": {
          "hit": [215],
          "miss": [537]
        },
        "PREFETCH": {
          "hit": [19871],
          "miss": [41856]
        },
        "WRITE": {
          "hit": [8291],
          "miss": [0]
        },
        "TRANSLATION": {
          "hit": [1566],
          "miss": [4535]
        },
        "mshr full": 0,
        "prefetch requested": 0,
        "prefetch issued": 0,
        "prefetch filled": 41856,
        "prefetch useful": 0,
        "prefetch useless": 0,
        "prefetch late": 0,
        "pf_useful_at_l2_from_l1":          0,
        "pf_late_at_l2_from_l1":          0,
        "pf_useless_at_l2_from_l1":          0,
        "pf_at_l2_to_l1":       1123,
        "pf_fill_this_level":          0,
        "miss latency": 60.6419,
        "cache queues": {
          "PQ_ACCESS": 61727,
          "PQ_FULL": 0,
          "PQ_TO_CACHE": 61727,
          "PQ_MERGED": 0,
          "RQ_ACCESS": 102149,
          "RQ_MERGED": 0,
          "RQ_FULL": 0,
          "WQ_ACCESS": 8423,
          "WQ_MERGED": 0,
          "WQ_FULL": 0
        }
      },
      "DRAM": [
        {
          "RQ ROW_BUFFER_HIT": 2279,
          "RQ ROW_BUFFER_MISS": 107929,
          "PQ FULL": 0,
          "WQ ROW_BUFFER_HIT": 913,
          "WQ ROW_BUFFER_MISS": 9016,
          "WQ FULL": 0,
          "AVG DBUS CONGESTED CYCLE": 3.9512
        }
      ]

    }
  }
]
cpu0_ITLB
cpu0_DTLB
cpu0_STLB
Prefetch Request to L1: 66597, Prefetch Request to L2: 63592
Invalid by Eviction: 13529
Invalid by Max: 79705
Filter table begin
 ┌────────────────────┬─────────────┐
 | Region             | Offset      |
 ├────────────────────┼─────────────┤
 | 0x0000000000000ba7 | 17          |
 ├────────────────────┼─────────────┤
 | 0x00000000000003b8 | 25          |
 ├────────────────────┼─────────────┤
 | 0x0000000000000ce8 | 4           |
 ├────────────────────┼─────────────┤
 | 0x0000000000011fd1 | 0           |
 ├────────────────────┼─────────────┤
 | 0x0000000000000941 | 4           |
 ├────────────────────┼─────────────┤
 | 0x000000000000059f | 2           |
 ├────────────────────┼─────────────┤
 | 0x0000000000001064 | 4           |
 ├────────────────────┼─────────────┤
 | 0x0000000000001116 | 13          |
 ├────────────────────┼─────────────┤
 | 0x0000000000000e06 | 3           |
 ├────────────────────┼─────────────┤
 | 0x000000000000038f | 3           |
 ├────────────────────┼─────────────┤
 | 0x0000000000012224 | 0           |
 ├────────────────────┼─────────────┤
 | 0x0000000000001048 | 18          |
 ├────────────────────┼─────────────┤
 | 0x0000000000011f37 | 8           |
 ├────────────────────┼─────────────┤
 | 0x000000000000046f | 6           |
 ├────────────────────┼─────────────┤
 | 0x000000000001206e | 24          |
 ├────────────────────┼─────────────┤
 | 0x00000000000007aa | 13          |
 ├────────────────────┼─────────────┤
 | 0x00000000000009fe | 10          |
 ├────────────────────┼─────────────┤
 | 0x0000000000011e9f | 16          |
 ├────────────────────┼─────────────┤
 | 0x0000000000000bac | 9           |
 ├────────────────────┼─────────────┤
 | 0x0000000000012106 | 16          |
 ├────────────────────┼─────────────┤
 | 0x00000000000121a0 | 8           |
 ├────────────────────┼─────────────┤
 | 0x000000000001223c | 0           |
 ├────────────────────┼─────────────┤
 | 0x0000000000000b75 | 29          |
 ├────────────────────┼─────────────┤
 | 0x000000000001219e | 8           |
 ├────────────────────┼─────────────┤
 | 0x00000000000004fd | 5           |
 ├────────────────────┼─────────────┤
 | 0x000000000000088c | 9           |
 ├────────────────────┼─────────────┤
 | 0x0000000000012066 | 24          |
 ├────────────────────┼─────────────┤
 | 0x0000000000000b9b | 28          |
 ├────────────────────┼─────────────┤
 | 0x00000000000006e7 | 28          |
 ├────────────────────┼─────────────┤
 | 0x0000000000012100 | 16          |
 ├────────────────────┼─────────────┤
 | 0x000000000000079a | 10          |
 ├────────────────────┼─────────────┤
 | 0x0000000000012190 | 8           |
 ├────────────────────┼─────────────┤
 | 0x0000000000011e99 | 16          |
 ├────────────────────┼─────────────┤
 | 0x00000000000120f8 | 16          |
 ├────────────────────┼─────────────┤
 | 0x0000000000000c19 | 1           |
 ├────────────────────┼─────────────┤
 | 0x0000000000000cd3 | 12          |
 ├────────────────────┼─────────────┤
 | 0x0000000000011fcf | 0           |
 ├────────────────────┼─────────────┤
 | 0x0000000000011e01 | 24          |
 ├────────────────────┼─────────────┤
 | 0x0000000000000ad1 | 4           |
 ├────────────────────┼─────────────┤
 | 0x0000000000012198 | 8           |
 ├────────────────────┼─────────────┤
 | 0x0000000000012108 | 16          |
 ├────────────────────┼─────────────┤
 | 0x0000000000012232 | 0           |
 ├────────────────────┼─────────────┤
 | 0x0000000000000d70 | 9           |
 ├────────────────────┼─────────────┤
 | 0x000000000001206a | 24          |
 ├────────────────────┼─────────────┤
 | 0x0000000000011e9b | 16          |
 ├────────────────────┼─────────────┤
 | 0x0000000000012238 | 0           |
 ├────────────────────┼─────────────┤
 | 0x0000000000000cc3 | 10          |
 ├────────────────────┼─────────────┤
 | 0x0000000000000e3e | 27          |
 ├────────────────────┼─────────────┤
 | 0x0000000000000776 | 16          |
 ├────────────────────┼─────────────┤
 | 0x0000000000001038 | 23          |
 ├────────────────────┼─────────────┤
 | 0x0000000000011f39 | 8           |
 ├────────────────────┼─────────────┤
 | 0x00000000000003c1 | 31          |
 ├────────────────────┼─────────────┤
 | 0x0000000000011e03 | 24          |
 ├────────────────────┼─────────────┤
 | 0x0000000000000358 | 11          |
 ├────────────────────┼─────────────┤
 | 0x0000000000000deb | 24          |
 ├────────────────────┼─────────────┤
 | 0x0000000000000e48 | 0           |
 ├────────────────────┼─────────────┤
 | 0x0000000000011f31 | 8           |
 ├────────────────────┼─────────────┤
 | 0x00000000000006c7 | 9           |
 └────────────────────┴─────────────┘
Filter table end
Accumulation table begin
 ┌────────────────────┬─────────────┬─────────────┬──────────────────────────────────────────────────────────────────┐
 | Region             | Offset      | Second      | Pattern                                                          |
 ├────────────────────┼─────────────┼─────────────┼──────────────────────────────────────────────────────────────────┤
 | 0x00000000000004dc | 15          | 14          | 0 0 0 0 0 0 0 0 0 0 0 0 0 0 1 1 0 0 0 0 0 0 0 0 0 0 0 0 0 0 0 0  |
 ├────────────────────┼─────────────┼─────────────┼──────────────────────────────────────────────────────────────────┤
 | 0x00000000000009ac | 31          | 29          | 0 0 0 0 0 0 0 0 0 0 0 0 0 0 0 0 0 0 0 0 0 0 0 0 0 0 0 0 0 1 0 1  |
 ├────────────────────┼─────────────┼─────────────┼──────────────────────────────────────────────────────────────────┤
 | 0x0000000000000434 | 3           | 2           | 1 1 1 1 0 0 0 0 0 0 0 0 0 0 0 0 0 0 0 0 0 0 0 0 0 0 0 0 0 0 0 0  |
 ├────────────────────┼─────────────┼─────────────┼──────────────────────────────────────────────────────────────────┤
 | 0x0000000000000c36 | 30          | 12          | 0 0 0 0 0 0 0 0 0 0 0 0 1 0 0 0 0 0 0 0 0 0 0 0 0 0 0 0 0 0 1 0  |
 ├────────────────────┼─────────────┼─────────────┼──────────────────────────────────────────────────────────────────┤
 | 0x00000000000003d7 | 29          | 19          | 0 0 0 0 0 0 0 0 0 0 0 0 0 0 0 0 0 0 0 1 0 0 0 0 0 0 0 0 0 1 0 0  |
 ├────────────────────┼─────────────┼─────────────┼──────────────────────────────────────────────────────────────────┤
 | 0x00000000000005eb | 6           | 25          | 0 0 0 0 0 0 1 0 0 0 0 0 0 0 0 0 0 0 0 0 0 0 0 0 0 1 0 0 0 0 0 0  |
 ├────────────────────┼─────────────┼─────────────┼──────────────────────────────────────────────────────────────────┤
 | 0x0000000000000483 | 30          | 9           | 0 1 0 0 0 0 0 0 0 1 0 0 0 0 0 0 0 0 0 0 1 0 0 0 0 0 0 1 0 0 1 0  |
 ├────────────────────┼─────────────┼─────────────┼──────────────────────────────────────────────────────────────────┤
 | 0x000000000000042f | 28          | 31          | 0 1 1 0 0 0 0 0 1 0 1 0 0 1 0 0 0 0 1 0 1 1 1 1 1 0 0 1 1 1 1 1  |
 ├────────────────────┼─────────────┼─────────────┼──────────────────────────────────────────────────────────────────┤
 | 0x0000000000000431 | 14          | 1           | 0 1 1 0 0 1 1 0 0 0 1 0 0 1 1 0 0 1 1 1 1 0 1 1 1 0 0 1 0 0 1 1  |
 ├────────────────────┼─────────────┼─────────────┼──────────────────────────────────────────────────────────────────┤
 | 0x0000000000000430 | 2           | 20          | 0 1 1 0 1 0 1 0 0 0 0 0 1 0 0 0 0 1 0 0 1 1 0 0 1 1 0 1 0 1 0 1  |
 ├────────────────────┼─────────────┼─────────────┼──────────────────────────────────────────────────────────────────┤
 | 0x0000000000000601 | 23          | 20          | 0 0 1 0 0 0 0 0 0 0 0 0 0 0 0 0 0 0 0 0 1 0 0 1 0 0 0 0 0 0 0 0  |
 ├────────────────────┼─────────────┼─────────────┼──────────────────────────────────────────────────────────────────┤
 | 0x000000000000042e | 5           | 18          | 1 0 0 0 0 1 1 1 0 0 1 1 0 0 1 0 1 1 1 1 0 0 0 1 0 0 0 0 0 0 0 0  |
 ├────────────────────┼─────────────┼─────────────┼──────────────────────────────────────────────────────────────────┤
 | 0x0000000000000cae | 27          | 30          | 0 0 0 0 0 0 0 0 0 0 0 0 0 0 0 0 0 0 0 0 0 0 0 0 0 0 0 1 0 0 1 0  |
 ├────────────────────┼─────────────┼─────────────┼──────────────────────────────────────────────────────────────────┤
 | 0x0000000000000433 | 27          | 28          | 0 0 0 0 0 0 0 0 0 0 0 0 0 0 0 0 0 0 0 0 0 0 0 0 0 1 0 1 1 0 0 0  |
 ├────────────────────┼─────────────┼─────────────┼──────────────────────────────────────────────────────────────────┤
 | 0x00000000000005b6 | 17          | 2           | 0 0 1 0 0 0 0 0 0 0 0 0 0 0 0 0 0 1 0 0 0 0 0 0 0 0 0 0 0 0 0 0  |
 └────────────────────┴─────────────┴─────────────┴──────────────────────────────────────────────────────────────────┘
Accumulation table end
Offset pattern table begin
 ┌────────────────────┬─────────────┬─────────────────────────────────────────────────────────────────────┐
 | Key                | Second      | Pattern                                                             |
 ├────────────────────┼─────────────┼─────────────────────────────────────────────────────────────────────┤
 | 0x0000000000000000 | 1           | 21 15 9 1 1 0 0 0 0 0 2 0 0 1 0 0 0 0 0 0 1 0 0 0 0 0 0 0 0 0 0 2   |
 ├────────────────────┼─────────────┼─────────────────────────────────────────────────────────────────────┤
 | 0x0000000000000001 | 2           | 28 10 0 1 0 3 2 1 0 1 0 0 0 0 0 0 0 0 0 1 0 0 0 0 0 0 0 0 0 0 0 16  |
 ├────────────────────┼─────────────┼─────────────────────────────────────────────────────────────────────┤
 | 0x0000000000000002 | 3           | 19 1 1 0 1 0 0 0 0 0 1 1 0 0 1 2 0 0 1 1 0 0 1 1 0 1 0 1 0 1 2 10   |
 ├────────────────────┼─────────────┼─────────────────────────────────────────────────────────────────────┤
 | 0x0000000000000003 | 4           | 28 13 0 0 0 0 0 0 0 0 0 0 0 0 0 0 0 0 0 0 0 0 0 0 0 0 0 0 0 1 1 17  |
 ├────────────────────┼─────────────┼─────────────────────────────────────────────────────────────────────┤
 | 0x0000000000000004 | 5           | 17 3 0 0 0 0 0 0 1 1 0 0 0 0 0 0 0 0 0 0 0 0 0 0 0 0 0 0 0 0 0 13   |
 ├────────────────────┼─────────────┼─────────────────────────────────────────────────────────────────────┤
 | 0x0000000000000005 | 4           | 27 5 0 0 0 0 0 0 0 0 0 0 0 0 0 0 1 0 0 1 0 0 0 0 0 0 0 0 0 0 4 16   |
 ├────────────────────┼─────────────┼─────────────────────────────────────────────────────────────────────┤
 | 0x0000000000000006 | 5           | 18 0 0 0 0 0 0 0 0 0 0 1 0 0 0 0 2 0 0 0 0 1 0 0 0 1 0 0 0 0 1 12   |
 ├────────────────────┼─────────────┼─────────────────────────────────────────────────────────────────────┤
 | 0x0000000000000007 | 8           | 23 6 0 0 0 0 0 0 0 0 0 1 0 0 0 0 0 0 0 0 0 0 0 0 0 0 0 0 0 0 0 14   |
 ├────────────────────┼─────────────┼─────────────────────────────────────────────────────────────────────┤
 | 0x0000000000000008 | 7           | 24 1 0 0 0 0 0 0 0 0 0 0 0 0 0 0 0 0 0 0 0 0 0 0 0 0 1 0 0 0 0 21   |
 ├────────────────────┼─────────────┼─────────────────────────────────────────────────────────────────────┤
 | 0x0000000000000009 | 8           | 21 7 1 0 0 1 0 0 0 0 0 0 0 0 0 0 0 0 0 0 0 0 0 0 1 0 0 0 0 0 0 11   |
 ├────────────────────┼─────────────┼─────────────────────────────────────────────────────────────────────┤
 | 0x000000000000000a | 2           | 26 10 0 0 0 0 0 0 0 0 0 0 0 0 0 0 0 0 0 0 0 0 1 0 0 0 0 0 0 0 0 16  |
 ├────────────────────┼─────────────┼─────────────────────────────────────────────────────────────────────┤
 | 0x000000000000000b | 10          | 26 4 0 1 0 0 0 0 0 0 0 0 0 0 0 0 0 0 0 0 0 0 0 0 0 0 0 0 0 0 1 19   |
 ├────────────────────┼─────────────┼─────────────────────────────────────────────────────────────────────┤
 | 0x000000000000000c | 11          | 28 9 0 0 0 0 0 0 0 0 0 0 0 0 0 0 0 0 0 0 0 0 0 0 0 2 0 0 0 0 0 14   |
 ├────────────────────┼─────────────┼─────────────────────────────────────────────────────────────────────┤
 | 0x000000000000000d | 14          | 27 5 0 0 0 0 0 0 4 1 0 0 0 0 0 0 0 0 0 0 0 0 1 1 0 0 0 0 0 0 1 18   |
 ├────────────────────┼─────────────┼─────────────────────────────────────────────────────────────────────┤
 | 0x000000000000000e | 15          | 31 6 2 2 2 3 1 0 1 2 1 0 0 1 2 0 1 1 0 2 1 0 1 3 1 0 0 0 2 0 1 16   |
 ├────────────────────┼─────────────┼─────────────────────────────────────────────────────────────────────┤
 | 0x000000000000000f | 16          | 21 3 0 0 4 3 0 0 0 0 0 0 0 0 0 0 0 0 0 0 0 0 0 1 0 1 0 0 0 0 0 15   |
 ├────────────────────┼─────────────┼─────────────────────────────────────────────────────────────────────┤
 | 0x0000000000000010 | 17          | 16 2 0 0 0 0 0 0 0 0 0 0 0 0 0 0 0 0 0 0 0 0 0 0 0 1 0 0 0 0 0 11   |
 ├────────────────────┼─────────────┼─────────────────────────────────────────────────────────────────────┤
 | 0x0000000000000011 | 18          | 25 5 0 0 0 0 0 0 0 0 0 0 0 0 0 0 0 0 0 1 0 0 0 0 0 0 0 0 0 0 0 18   |
 ├────────────────────┼─────────────┼─────────────────────────────────────────────────────────────────────┤
 | 0x0000000000000012 | 19          | 17 6 0 0 0 1 0 0 0 0 0 0 0 0 1 0 1 0 0 1 0 0 0 0 1 0 0 0 1 0 1 11   |
 ├────────────────────┼─────────────┼─────────────────────────────────────────────────────────────────────┤
 | 0x0000000000000013 | 6           | 31 6 0 0 1 0 0 0 0 0 0 0 0 3 0 0 0 0 0 0 0 0 0 0 0 0 0 0 0 0 0 26   |
 ├────────────────────┼─────────────┼─────────────────────────────────────────────────────────────────────┤
 | 0x0000000000000014 | 12          | 17 4 0 0 1 0 0 0 0 0 0 1 0 0 1 0 1 0 0 0 0 0 0 0 1 0 0 0 0 0 0 10   |
 ├────────────────────┼─────────────┼─────────────────────────────────────────────────────────────────────┤
 | 0x0000000000000015 | 22          | 23 5 0 0 0 0 3 1 0 0 0 0 1 0 0 0 1 0 0 0 0 0 0 1 1 1 0 0 0 0 2 16   |
 ├────────────────────┼─────────────┼─────────────────────────────────────────────────────────────────────┤
 | 0x0000000000000016 | 23          | 26 10 1 0 0 3 1 0 0 0 0 2 1 0 0 0 2 0 0 0 1 0 1 2 1 0 0 1 0 0 1 12  |
 ├────────────────────┼─────────────┼─────────────────────────────────────────────────────────────────────┤
 | 0x0000000000000017 | 22          | 27 3 3 0 3 1 0 0 0 0 0 0 0 0 0 0 0 0 0 0 0 0 0 0 0 0 0 0 0 0 0 19   |
 ├────────────────────┼─────────────┼─────────────────────────────────────────────────────────────────────┤
 | 0x0000000000000018 | 25          | 20 7 1 0 0 1 0 0 0 0 0 1 1 0 1 0 0 0 0 0 1 0 0 0 0 0 0 0 1 0 0 10   |
 ├────────────────────┼─────────────┼─────────────────────────────────────────────────────────────────────┤
 | 0x0000000000000019 | 24          | 20 1 0 0 0 0 0 0 0 0 0 0 0 0 0 0 0 0 0 0 0 0 0 0 0 0 0 0 0 0 1 18   |
 ├────────────────────┼─────────────┼─────────────────────────────────────────────────────────────────────┤
 | 0x000000000000001a | 27          | 19 8 0 0 2 3 0 0 0 0 0 0 0 0 0 0 0 0 0 0 0 0 0 0 0 0 0 0 0 0 0 10   |
 ├────────────────────┼─────────────┼─────────────────────────────────────────────────────────────────────┤
 | 0x000000000000001b | 1           | 26 3 2 2 2 1 0 1 0 0 0 0 0 0 0 2 0 0 1 0 0 0 0 2 0 1 0 0 1 2 3 22   |
 ├────────────────────┼─────────────┼─────────────────────────────────────────────────────────────────────┤
 | 0x000000000000001c | 31          | 30 5 3 3 0 2 1 0 0 0 0 0 1 0 2 0 0 2 0 0 0 0 1 0 1 2 1 1 1 0 0 24   |
 ├────────────────────┼─────────────┼─────────────────────────────────────────────────────────────────────┤
 | 0x000000000000001d | 30          | 20 12 1 0 0 0 0 0 0 0 0 0 0 0 0 0 0 0 0 0 0 0 0 0 0 0 0 0 0 0 0 6   |
 ├────────────────────┼─────────────┼─────────────────────────────────────────────────────────────────────┤
 | 0x000000000000001e | 28          | 21 3 0 0 0 0 0 0 0 0 0 0 0 0 0 2 1 0 0 0 0 0 0 0 0 0 0 0 0 0 0 14   |
 ├────────────────────┼─────────────┼─────────────────────────────────────────────────────────────────────┤
 | 0x000000000000001f | 30          | 31 0 0 0 0 0 0 0 0 0 0 0 0 0 0 0 0 1 0 5 0 0 0 0 0 0 0 0 0 0 1 24   |
 └────────────────────┴─────────────┴─────────────────────────────────────────────────────────────────────┘
Offset pattern table end
PC pattern table begin
 ┌────────────────────┬─────────────┬─────────────────────────────────────────────────┐
 | Key                | Second      | Pattern                                         |
 ├────────────────────┼─────────────┼─────────────────────────────────────────────────┤
 | 0x0000000000000000 | 1           | 21 14 12 8 6 6 7 6 6 6 5 6 6 11 11 11           |
 ├────────────────────┼─────────────┼─────────────────────────────────────────────────┤
 | 0x0000000000000001 | 4           | 18 4 1 1 4 4 3 1 0 0 0 0 2 0 0 1                |
 ├────────────────────┼─────────────┼─────────────────────────────────────────────────┤
 | 0x0000000000000002 | 1           | 21 20 0 0 0 0 0 0 0 0 0 0 0 0 0 0               |
 ├────────────────────┼─────────────┼─────────────────────────────────────────────────┤
 | 0x0000000000000003 | 30          | 31 27 25 24 19 0 0 0 0 0 0 0 0 0 0 0            |
 ├────────────────────┼─────────────┼─────────────────────────────────────────────────┤
 | 0x0000000000000004 | 0           | 23 3 2 2 2 1 1 2 2 0 0 0 1 0 2 2                |
 ├────────────────────┼─────────────┼─────────────────────────────────────────────────┤
 | 0x0000000000000005 | 1           | 18 9 11 10 7 8 8 10 7 9 8 8 9 9 9 11            |
 ├────────────────────┼─────────────┼─────────────────────────────────────────────────┤
 | 0x0000000000000006 | 5           | 19 6 8 6 3 4 7 5 3 6 6 4 7 2 5 7                |
 ├────────────────────┼─────────────┼─────────────────────────────────────────────────┤
 | 0x0000000000000007 | 10          | 16 12 0 0 0 0 0 0 0 0 0 0 0 0 0 1               |
 ├────────────────────┼─────────────┼─────────────────────────────────────────────────┤
 | 0x0000000000000008 | 14          | 26 8 0 0 0 0 0 0 0 0 0 0 0 0 0 3                |
 ├────────────────────┼─────────────┼─────────────────────────────────────────────────┤
 | 0x0000000000000009 | 17          | 29 7 2 3 3 4 2 2 1 3 2 1 5 0 2 2                |
 ├────────────────────┼─────────────┼─────────────────────────────────────────────────┤
 | 0x000000000000000a | 30          | 24 19 11 6 4 2 8 10 7 6 4 11 10 11 13 8         |
 ├────────────────────┼─────────────┼─────────────────────────────────────────────────┤
 | 0x000000000000000b | 1           | 24 14 18 10 6 12 9 14 6 15 10 11 16 9 14 16     |
 ├────────────────────┼─────────────┼─────────────────────────────────────────────────┤
 | 0x000000000000000c | 31          | 29 28 25 23 14 9 20 23 24 14 11 23 25 27 26 27  |
 ├────────────────────┼─────────────┼─────────────────────────────────────────────────┤
 | 0x000000000000000d | 25          | 22 4 1 1 1 2 0 0 0 1 1 1 1 1 1 2                |
 ├────────────────────┼─────────────┼─────────────────────────────────────────────────┤
 | 0x000000000000000e | 16          | 19 12 7 3 3 0 0 1 5 5 0 2 5 4 4 6               |
 ├────────────────────┼─────────────┼─────────────────────────────────────────────────┤
 | 0x000000000000000f | 12          | 28 3 5 0 1 1 1 1 4 0 3 1 0 2 1 0                |
 ├────────────────────┼─────────────┼─────────────────────────────────────────────────┤
 | 0x0000000000000010 | 22          | 24 11 0 0 0 0 0 0 0 0 0 0 0 0 0 0               |
 ├────────────────────┼─────────────┼─────────────────────────────────────────────────┤
 | 0x0000000000000011 | 31          | 24 15 0 0 0 0 0 0 0 0 0 0 0 0 1 8               |
 ├────────────────────┼─────────────┼─────────────────────────────────────────────────┤
 | 0x0000000000000012 | 23          | 21 14 11 0 5 5 4 4 0 6 3 6 7 6 8 8              |
 ├────────────────────┼─────────────┼─────────────────────────────────────────────────┤
 | 0x0000000000000013 | 12          | 30 2 1 0 0 0 0 0 0 0 0 0 0 0 0 19               |
 ├────────────────────┼─────────────┼─────────────────────────────────────────────────┤
 | 0x0000000000000014 | 22          | 20 1 0 1 0 1 1 4 1 1 1 1 2 1 0 1                |
 ├────────────────────┼─────────────┼─────────────────────────────────────────────────┤
 | 0x0000000000000015 | 24          | 24 7 1 2 4 1 1 2 2 1 1 1 1 0 0 1                |
 ├────────────────────┼─────────────┼─────────────────────────────────────────────────┤
 | 0x0000000000000016 | 16          | 30 1 1 0 0 0 0 6 10 1 3 0 1 3 0 1               |
 ├────────────────────┼─────────────┼─────────────────────────────────────────────────┤
 | 0x0000000000000018 | 5           | 31 0 0 0 0 0 0 1 0 0 0 0 0 0 0 12               |
 ├────────────────────┼─────────────┼─────────────────────────────────────────────────┤
 | 0x0000000000000019 | 2           | 26 0 0 0 0 1 0 0 0 0 1 0 2 0 0 11               |
 ├────────────────────┼─────────────┼─────────────────────────────────────────────────┤
 | 0x000000000000001a | 4           | 25 10 0 0 0 0 0 0 0 0 0 0 0 0 0 1               |
 ├────────────────────┼─────────────┼─────────────────────────────────────────────────┤
 | 0x000000000000001b | 2           | 22 4 2 1 0 0 0 0 0 1 0 1 2 1 0 0                |
 ├────────────────────┼─────────────┼─────────────────────────────────────────────────┤
 | 0x000000000000001c | 23          | 31 5 3 0 12 2 0 1 0 0 0 1 0 0 0 0               |
 ├────────────────────┼─────────────┼─────────────────────────────────────────────────┤
 | 0x000000000000001d | 19          | 31 13 0 0 0 0 0 0 0 0 0 0 0 1 1 0               |
 ├────────────────────┼─────────────┼─────────────────────────────────────────────────┤
 | 0x000000000000001e | 30          | 29 10 1 0 0 1 1 1 1 2 0 0 0 1 2 3               |
 ├────────────────────┼─────────────┼─────────────────────────────────────────────────┤
 | 0x000000000000001f | 8           | 18 1 0 0 0 0 0 0 0 0 0 0 0 0 0 9                |
 └────────────────────┴─────────────┴─────────────────────────────────────────────────┘
PC pattern table end
Prefetch buffer begin
 ┌────────────────────┬──────────────────────────────────────────────────────────────────┐
 | Region             | Pattern                                                          |
 ├────────────────────┼──────────────────────────────────────────────────────────────────┤
 | 0x00000000000013a7 | 0 0 0 0 0 0 0 0 0 0 0 0 0 0 0 0 0 0 0 0 0 0 0 0 0 0 1 0 0 0 0 0  |
 ├────────────────────┼──────────────────────────────────────────────────────────────────┤
 | 0x000000000001219e | 0 0 0 0 0 0 0 1 0 0 0 0 0 0 0 0 0 0 0 0 0 0 0 0 0 0 0 0 0 0 0 0  |
 ├────────────────────┼──────────────────────────────────────────────────────────────────┤
 | 0x000000000001206a | 0 0 0 0 0 0 0 0 0 0 0 0 0 0 0 0 0 0 0 0 0 0 0 1 0 2 0 0 0 0 0 0  |
 ├────────────────────┼──────────────────────────────────────────────────────────────────┤
 | 0x00000000000003b8 | 0 0 0 0 0 0 0 0 0 0 0 0 0 0 0 0 0 0 0 0 0 0 0 0 1 0 0 0 0 0 0 0  |
 ├────────────────────┼──────────────────────────────────────────────────────────────────┤
 | 0x0000000000000b97 | 0 0 0 0 0 0 0 1 0 0 0 0 0 0 0 0 0 0 0 0 0 0 0 0 0 0 0 0 0 0 0 0  |
 ├────────────────────┼──────────────────────────────────────────────────────────────────┤
 | 0x000000000000023b | 0 0 0 0 0 0 0 1 0 0 0 0 0 0 0 0 0 0 0 0 0 0 0 0 0 0 0 0 0 0 0 0  |
 ├────────────────────┼──────────────────────────────────────────────────────────────────┤
 | 0x0000000000000c19 | 1 0 2 0 0 0 0 0 0 0 0 0 0 0 0 0 0 0 0 0 0 0 0 0 0 0 0 0 0 0 0 0  |
 ├────────────────────┼──────────────────────────────────────────────────────────────────┤
 | 0x000000000000079a | 0 0 0 0 0 0 0 0 0 1 0 2 0 0 0 0 0 0 0 0 0 0 0 0 0 0 0 0 0 0 0 0  |
 ├────────────────────┼──────────────────────────────────────────────────────────────────┤
 | 0x000000000000038f | 0 0 1 0 2 0 0 0 0 0 0 0 0 0 0 0 0 0 0 0 0 0 0 0 0 0 0 0 0 0 0 0  |
 ├────────────────────┼──────────────────────────────────────────────────────────────────┤
 | 0x00000000000003c1 | 0 0 0 0 0 0 0 0 0 0 0 0 0 0 0 0 0 0 2 0 0 0 0 0 0 0 0 0 0 0 1 0  |
 ├────────────────────┼──────────────────────────────────────────────────────────────────┤
 | 0x0000000000011e99 | 0 0 0 0 0 0 0 0 0 0 0 0 0 0 0 1 0 0 0 0 0 0 0 0 0 0 0 0 0 0 0 0  |
 ├────────────────────┼──────────────────────────────────────────────────────────────────┤
 | 0x0000000000000307 | 0 0 0 0 0 0 0 0 0 0 0 0 0 1 0 2 0 0 0 0 0 0 0 0 0 0 0 0 0 0 0 0  |
 ├────────────────────┼──────────────────────────────────────────────────────────────────┤
 | 0x0000000000000358 | 0 0 0 0 0 0 0 0 0 0 1 0 2 0 0 0 0 0 0 0 0 0 0 0 0 0 0 0 0 0 0 0  |
 ├────────────────────┼──────────────────────────────────────────────────────────────────┤
 | 0x0000000000000deb | 0 0 0 0 0 0 0 0 0 0 0 0 0 0 0 0 0 0 0 0 0 0 0 1 0 2 0 0 0 0 0 0  |
 ├────────────────────┼──────────────────────────────────────────────────────────────────┤
 | 0x0000000000000e24 | 0 0 0 0 0 0 0 0 0 0 1 0 2 0 0 0 0 0 0 0 0 0 0 0 0 0 0 0 0 0 0 0  |
 ├────────────────────┼──────────────────────────────────────────────────────────────────┤
 | 0x0000000000000bac | 0 0 0 0 0 0 0 0 1 0 2 0 0 0 0 0 0 0 0 0 0 0 0 0 0 0 0 0 0 0 0 0  |
 ├────────────────────┼──────────────────────────────────────────────────────────────────┤
 | 0x0000000000000e48 | 0 1 2 0 0 0 0 0 0 0 0 0 0 0 0 0 0 0 0 0 0 0 0 0 0 0 0 0 0 0 0 0  |
 ├────────────────────┼──────────────────────────────────────────────────────────────────┤
 | 0x00000000000010a9 | 0 0 0 1 0 2 0 0 0 0 0 0 0 0 0 0 0 0 0 0 0 0 0 0 0 0 0 0 0 0 0 0  |
 ├────────────────────┼──────────────────────────────────────────────────────────────────┤
 | 0x0000000000011e9f | 0 0 0 0 0 0 0 0 0 0 0 0 0 0 0 1 0 0 0 0 0 0 0 0 0 0 0 0 0 0 0 0  |
 ├────────────────────┼──────────────────────────────────────────────────────────────────┤
 | 0x0000000000000e06 | 0 0 1 0 2 0 0 0 0 0 0 0 0 0 0 0 0 0 0 0 0 0 0 0 0 0 0 0 0 0 0 0  |
 ├────────────────────┼──────────────────────────────────────────────────────────────────┤
 | 0x0000000000000776 | 0 0 0 0 0 0 0 0 0 0 0 0 0 0 0 1 0 0 0 0 0 0 0 0 0 0 0 0 0 0 0 0  |
 ├────────────────────┼──────────────────────────────────────────────────────────────────┤
 | 0x0000000000000e3e | 0 0 0 0 0 0 0 0 0 0 0 0 0 0 0 0 0 0 0 0 0 0 0 0 0 0 1 0 0 0 0 0  |
 ├────────────────────┼──────────────────────────────────────────────────────────────────┤
 | 0x0000000000001064 | 0 0 0 1 0 0 0 0 0 0 0 0 0 0 0 0 0 0 0 0 0 0 0 0 0 0 0 0 0 0 0 0  |
 ├────────────────────┼──────────────────────────────────────────────────────────────────┤
 | 0x0000000000000ba7 | 0 0 0 0 0 0 0 0 0 0 0 0 0 0 0 0 1 0 2 0 0 0 0 0 0 0 0 0 0 0 0 0  |
 ├────────────────────┼──────────────────────────────────────────────────────────────────┤
 | 0x0000000000011e9b | 0 0 0 0 0 0 0 0 0 0 0 0 0 0 0 1 0 0 0 0 0 0 0 0 0 0 0 0 0 0 0 0  |
 ├────────────────────┼──────────────────────────────────────────────────────────────────┤
 | 0x0000000000000b75 | 0 0 0 0 0 0 0 0 0 0 0 0 0 0 0 0 0 0 0 0 0 0 0 0 0 0 0 0 2 0 1 0  |
 ├────────────────────┼──────────────────────────────────────────────────────────────────┤
 | 0x00000000000004fd | 0 0 0 0 1 0 2 0 0 0 0 0 0 0 0 0 0 0 0 0 0 0 0 0 0 0 0 0 0 0 0 0  |
 └────────────────────┴──────────────────────────────────────────────────────────────────┘
Prefetch buffer end
Filter by PPT: 0
cpu0_L2C
Num Con Filled: 0
Num Con Useful: 0 Useless:0 Accuracy: nan
LLC
