41 41 41
Available num physical pages: 35184372088576
WARNING: physical memory size is smaller than virtual memory size

*** ChampSim Multicore Out-of-Order Simulator ***

Warmup Instructions: 5000000
Simulation Instructions: 20000000
Number of CPUs: 1
Page size: 4096

Basic BTB sets: 1024 ways: 8 indirect buffer size: 4096 RAS size: 64
cpu0_L1D PMP prefetcher
Off-chip DRAM Size: 4 GiB Channels: 1 Width: 64-bit Data Rate: 3200 MT/s
Max paddr 2M
Warmup finished CPU 0 instructions: 5000001 cycles: 1250213 cumulative IPC: 3.99932 (Simulation time: 0 hr 2 min 38 sec) 

Warmup complete CPU 0 instructions: 5000001 cycles: 1250213 (Simulation time: 0 hr 2 min 38 sec) 

Heartbeat CPU 0 instructions: 10000001 cycles: 3664587 heartbeat IPC: 2.72883 cumulative IPC: 2.07094 (Simulation time: 0 hr 6 min 4 sec) 
Heartbeat CPU 0 instructions: 20000000 cycles: 8021725 heartbeat IPC: 2.29509 cumulative IPC: 2.21517 (Simulation time: 0 hr 14 min 52 sec) 
Max paddr 3M
Simulation finished CPU 0 instructions: 20000002 cycles: 8538745 cumulative IPC: 2.34227 (Simulation time: 0 hr 18 min 3 sec) 

Simulation complete CPU 0 instructions: 20000002 cycles: 8538745 (Simulation time: 0 hr 18 min 3 sec) 


ChampSim completed all CPUs

[
  {
    "name": "Simulation",
    "traces": [
      "../traces/401.bzip2-38B.champsimtrace.xz"
    ],
    "roi": {
      "cores": [
        {
          "instructions": 20000002,
          "cycles": 8538745,
          "Avg ROB occupancy at mispredict": 39.2456, 
          "mispredict": {
            "BRANCH_DIRECT_JUMP": 13072,
            "BRANCH_INDIRECT": 0,
            "BRANCH_CONDITIONAL": 255935,
            "BRANCH_DIRECT_CALL": 1,
            "BRANCH_INDIRECT_CALL": 0,
            "BRANCH_RETURN": 1
          }
        }
      ],
      "cpu0_L1I": {
        "LOAD": {
          "hit":1423341,
          "miss":195
        },
        "RFO": {
          "hit":0,
          "miss":0
        },
        "PREFETCH": {
          "hit":0,
          "miss":0
        },
        "WRITE": {
          "hit":0,
          "miss":0
        },
        "TRANSLATION": {
          "hit":0,
          "miss":0
        },
        "mshr full": 0,
        "prefetch requested": 0,
        "prefetch issued": 0,
        "prefetch filled": 0,
        "prefetch useful": 0,
        "prefetch useless": 0,
        "prefetch late": 0,
        "pf_useful_at_l2_from_l1":          0,
        "pf_late_at_l2_from_l1":          0,
        "pf_useless_at_l2_from_l1":          0,
        "pf_at_l2_to_l1":          0,
        "pf_fill_this_level":          0,
        "miss latency": 7.75545,
        "cache queues": {
          "PQ_ACCESS": 0,
          "PQ_FULL": 0,
          "PQ_TO_CACHE": 0,
          "PQ_MERGED": 0,
          "RQ_ACCESS": 1427298,
          "RQ_MERGED": 3762,
          "RQ_FULL": 0,
          "WQ_ACCESS": 0,
          "WQ_MERGED": 0,
          "WQ_FULL": 0
        }
      },
      "cpu0_ITLB": {
        "LOAD": {
          "hit":1223659,
          "miss":4
        },
        "RFO": {
          "hit":0,
          "miss":0
        },
        "PREFETCH": {
          "hit":0,
          "miss":0
        },
        "WRITE": {
          "hit":0,
          "miss":0
        },
        "TRANSLATION": {
          "hit":0,
          "miss":0
        },
        "mshr full": 0,
        "prefetch requested": 0,
        "prefetch issued": 0,
        "prefetch filled": 0,
        "prefetch useful": 0,
        "prefetch useless": 0,
        "prefetch late": 0,
        "pf_useful_at_l2_from_l1":          0,
        "pf_late_at_l2_from_l1":          0,
        "pf_useless_at_l2_from_l1":          0,
        "pf_at_l2_to_l1":          0,
        "pf_fill_this_level":          0,
        "miss latency": 12.9375,
        "cache queues": {
          "PQ_ACCESS": 0,
          "PQ_FULL": 0,
          "PQ_TO_CACHE": 0,
          "PQ_MERGED": 0,
          "RQ_ACCESS": 1223663,
          "RQ_MERGED": 0,
          "RQ_FULL": 0,
          "WQ_ACCESS": 0,
          "WQ_MERGED": 0,
          "WQ_FULL": 0
        }
      },
      "cpu0_DTLB": {
        "LOAD": {
          "hit":8305687,
          "miss":63639
        },
        "RFO": {
          "hit":0,
          "miss":0
        },
        "PREFETCH": {
          "hit":0,
          "miss":0
        },
        "WRITE": {
          "hit":0,
          "miss":0
        },
        "TRANSLATION": {
          "hit":0,
          "miss":0
        },
        "mshr full": 0,
        "prefetch requested": 0,
        "prefetch issued": 0,
        "prefetch filled": 0,
        "prefetch useful": 0,
        "prefetch useless": 0,
        "prefetch late": 0,
        "pf_useful_at_l2_from_l1":          0,
        "pf_late_at_l2_from_l1":          0,
        "pf_useless_at_l2_from_l1":          0,
        "pf_at_l2_to_l1":          0,
        "pf_fill_this_level":          0,
        "miss latency": 0.480214,
        "cache queues": {
          "PQ_ACCESS": 0,
          "PQ_FULL": 0,
          "PQ_TO_CACHE": 0,
          "PQ_MERGED": 0,
          "RQ_ACCESS": 10529951,
          "RQ_MERGED": 0,
          "RQ_FULL": 2160611,
          "WQ_ACCESS": 0,
          "WQ_MERGED": 0,
          "WQ_FULL": 0
        }
      },
      "cpu0_STLB": {
        "LOAD": {
          "hit":50349,
          "miss":381
        },
        "RFO": {
          "hit":0,
          "miss":0
        },
        "PREFETCH": {
          "hit":0,
          "miss":0
        },
        "WRITE": {
          "hit":0,
          "miss":0
        },
        "TRANSLATION": {
          "hit":0,
          "miss":0
        },
        "mshr full": 0,
        "prefetch requested": 0,
        "prefetch issued": 0,
        "prefetch filled": 0,
        "prefetch useful": 0,
        "prefetch useless": 0,
        "prefetch late": 0,
        "pf_useful_at_l2_from_l1":          0,
        "pf_late_at_l2_from_l1":          0,
        "pf_useless_at_l2_from_l1":          0,
        "pf_at_l2_to_l1":          0,
        "pf_fill_this_level":          0,
        "miss latency": 13.7023,
        "cache queues": {
          "PQ_ACCESS": 0,
          "PQ_FULL": 0,
          "PQ_TO_CACHE": 0,
          "PQ_MERGED": 0,
          "RQ_ACCESS": 50729,
          "RQ_MERGED": 0,
          "RQ_FULL": 0,
          "WQ_ACCESS": 0,
          "WQ_MERGED": 0,
          "WQ_FULL": 0
        }
      },
      "cpu0_L1D": {
        "LOAD": {
          "hit":5337090,
          "miss":284612
        },
        "RFO": {
          "hit":0,
          "miss":0
        },
        "PREFETCH": {
          "hit":47970,
          "miss":403355
        },
        "WRITE": {
          "hit":3060010,
          "miss":21663
        },
        "TRANSLATION": {
          "hit":86,
          "miss":295
        },
        "mshr full": 134,
        "prefetch requested": 451359,
        "prefetch issued": 451359,
        "prefetch filled": 15362,
        "prefetch useful": 14491,
        "prefetch useless": 913,
        "prefetch late": 48,
        "pf_useful_at_l2_from_l1":          0,
        "pf_late_at_l2_from_l1":          0,
        "pf_useless_at_l2_from_l1":          0,
        "pf_at_l2_to_l1":          0,
        "pf_fill_this_level":      15362,
        "miss latency": 0.691449,
        "cache queues": {
          "PQ_ACCESS": 451359,
          "PQ_FULL": 0,
          "PQ_TO_CACHE": 451359,
          "PQ_MERGED": 34,
          "RQ_ACCESS": 5729995,
          "RQ_MERGED": 18,
          "RQ_FULL": 108250,
          "WQ_ACCESS": 3082825,
          "WQ_MERGED": 0,
          "WQ_FULL": 1144
        }
      },
      "cpu0_L2C": {
        "LOAD": {
          "hit":225365,
          "miss":15552
        },
        "RFO": {
          "hit":137,
          "miss":4644
        },
        "PREFETCH": {
          "hit":348967,
          "miss":50120
        },
        "WRITE": {
          "hit":5200,
          "miss":0
        },
        "TRANSLATION": {
          "hit":285,
          "miss":10
        },
        "mshr full": 2117,
        "prefetch requested": 0,
        "prefetch issued": 0,
        "prefetch filled": 49664,
        "prefetch useful": 0,
        "prefetch useless": 0,
        "prefetch late": 0,
        "pf_useful_at_l2_from_l1":      33536,
        "pf_late_at_l2_from_l1":        411,
        "pf_useless_at_l2_from_l1":       5704,
        "pf_at_l2_to_l1":         72,
        "pf_fill_this_level":      38207,
        "miss latency": 11.0915,
        "cache queues": {
          "PQ_ACCESS": 400273,
          "PQ_FULL": 1136,
          "PQ_TO_CACHE": 399137,
          "PQ_MERGED": 9,
          "RQ_ACCESS": 246003,
          "RQ_MERGED": 0,
          "RQ_FULL": 0,
          "WQ_ACCESS": 5229,
          "WQ_MERGED": 0,
          "WQ_FULL": 0
        }
      },
      "LLC": {
        "LOAD": {
          "hit": [13787],
          "miss": [1354]
        },
        "RFO": {
          "hit": [227],
          "miss": [4417]
        },
        "PREFETCH": {
          "hit": [29157],
          "miss": [20918]
        },
        "WRITE": {
          "hit": [4798],
          "miss": [0]
        },
        "TRANSLATION": {
          "hit": [3],
          "miss": [7]
        },
        "mshr full": 0,
        "prefetch requested": 0,
        "prefetch issued": 0,
        "prefetch filled": 20918,
        "prefetch useful": 0,
        "prefetch useless": 0,
        "prefetch late": 0,
        "pf_useful_at_l2_from_l1":          0,
        "pf_late_at_l2_from_l1":          0,
        "pf_useless_at_l2_from_l1":          0,
        "pf_at_l2_to_l1":        420,
        "pf_fill_this_level":          0,
        "miss latency": 28.2916,
        "cache queues": {
          "PQ_ACCESS": 50075,
          "PQ_FULL": 0,
          "PQ_TO_CACHE": 50075,
          "PQ_MERGED": 0,
          "RQ_ACCESS": 19795,
          "RQ_MERGED": 0,
          "RQ_FULL": 0,
          "WQ_ACCESS": 4799,
          "WQ_MERGED": 0,
          "WQ_FULL": 0
        }
      },
      "DRAM": [
        {
          "RQ ROW_BUFFER_HIT": 23710,
          "RQ ROW_BUFFER_MISS": 2986,
          "PQ FULL": 0,
          "WQ ROW_BUFFER_HIT": 1021,
          "WQ ROW_BUFFER_MISS": 964,
          "WQ FULL": 0,
          "AVG DBUS CONGESTED CYCLE": 3.9703
        }
      ]

    },
    "sim": {
      "cores": [
        {
          "instructions": 20000002,
          "cycles": 8538745,
          "Avg ROB occupancy at mispredict": 39.2456, 
          "mispredict": {
            "BRANCH_DIRECT_JUMP": 13072,
            "BRANCH_INDIRECT": 0,
            "BRANCH_CONDITIONAL": 255935,
            "BRANCH_DIRECT_CALL": 1,
            "BRANCH_INDIRECT_CALL": 0,
            "BRANCH_RETURN": 1
          }
        }
      ],
      "cpu0_L1I": {
        "LOAD": {
          "hit":1423341,
          "miss":195
        },
        "RFO": {
          "hit":0,
          "miss":0
        },
        "PREFETCH": {
          "hit":0,
          "miss":0
        },
        "WRITE": {
          "hit":0,
          "miss":0
        },
        "TRANSLATION": {
          "hit":0,
          "miss":0
        },
        "mshr full": 0,
        "prefetch requested": 0,
        "prefetch issued": 0,
        "prefetch filled": 0,
        "prefetch useful": 0,
        "prefetch useless": 0,
        "prefetch late": 0,
        "pf_useful_at_l2_from_l1":          0,
        "pf_late_at_l2_from_l1":          0,
        "pf_useless_at_l2_from_l1":          0,
        "pf_at_l2_to_l1":          0,
        "pf_fill_this_level":          0,
        "miss latency": 7.75545,
        "cache queues": {
          "PQ_ACCESS": 0,
          "PQ_FULL": 0,
          "PQ_TO_CACHE": 0,
          "PQ_MERGED": 0,
          "RQ_ACCESS": 1427298,
          "RQ_MERGED": 3762,
          "RQ_FULL": 0,
          "WQ_ACCESS": 0,
          "WQ_MERGED": 0,
          "WQ_FULL": 0
        }
      },
      "cpu0_ITLB": {
        "LOAD": {
          "hit":1223659,
          "miss":4
        },
        "RFO": {
          "hit":0,
          "miss":0
        },
        "PREFETCH": {
          "hit":0,
          "miss":0
        },
        "WRITE": {
          "hit":0,
          "miss":0
        },
        "TRANSLATION": {
          "hit":0,
          "miss":0
        },
        "mshr full": 0,
        "prefetch requested": 0,
        "prefetch issued": 0,
        "prefetch filled": 0,
        "prefetch useful": 0,
        "prefetch useless": 0,
        "prefetch late": 0,
        "pf_useful_at_l2_from_l1":          0,
        "pf_late_at_l2_from_l1":          0,
        "pf_useless_at_l2_from_l1":          0,
        "pf_at_l2_to_l1":          0,
        "pf_fill_this_level":          0,
        "miss latency": 12.9375,
        "cache queues": {
          "PQ_ACCESS": 0,
          "PQ_FULL": 0,
          "PQ_TO_CACHE": 0,
          "PQ_MERGED": 0,
          "RQ_ACCESS": 1223663,
          "RQ_MERGED": 0,
          "RQ_FULL": 0,
          "WQ_ACCESS": 0,
          "WQ_MERGED": 0,
          "WQ_FULL": 0
        }
      },
      "cpu0_DTLB": {
        "LOAD": {
          "hit":8305687,
          "miss":63639
        },
        "RFO": {
          "hit":0,
          "miss":0
        },
        "PREFETCH": {
          "hit":0,
          "miss":0
        },
        "WRITE": {
          "hit":0,
          "miss":0
        },
        "TRANSLATION": {
          "hit":0,
          "miss":0
        },
        "mshr full": 0,
        "prefetch requested": 0,
        "prefetch issued": 0,
        "prefetch filled": 0,
        "prefetch useful": 0,
        "prefetch useless": 0,
        "prefetch late": 0,
        "pf_useful_at_l2_from_l1":          0,
        "pf_late_at_l2_from_l1":          0,
        "pf_useless_at_l2_from_l1":          0,
        "pf_at_l2_to_l1":          0,
        "pf_fill_this_level":          0,
        "miss latency": 0.480214,
        "cache queues": {
          "PQ_ACCESS": 0,
          "PQ_FULL": 0,
          "PQ_TO_CACHE": 0,
          "PQ_MERGED": 0,
          "RQ_ACCESS": 10529951,
          "RQ_MERGED": 0,
          "RQ_FULL": 2160611,
          "WQ_ACCESS": 0,
          "WQ_MERGED": 0,
          "WQ_FULL": 0
        }
      },
      "cpu0_STLB": {
        "LOAD": {
          "hit":50349,
          "miss":381
        },
        "RFO": {
          "hit":0,
          "miss":0
        },
        "PREFETCH": {
          "hit":0,
          "miss":0
        },
        "WRITE": {
          "hit":0,
          "miss":0
        },
        "TRANSLATION": {
          "hit":0,
          "miss":0
        },
        "mshr full": 0,
        "prefetch requested": 0,
        "prefetch issued": 0,
        "prefetch filled": 0,
        "prefetch useful": 0,
        "prefetch useless": 0,
        "prefetch late": 0,
        "pf_useful_at_l2_from_l1":          0,
        "pf_late_at_l2_from_l1":          0,
        "pf_useless_at_l2_from_l1":          0,
        "pf_at_l2_to_l1":          0,
        "pf_fill_this_level":          0,
        "miss latency": 13.7023,
        "cache queues": {
          "PQ_ACCESS": 0,
          "PQ_FULL": 0,
          "PQ_TO_CACHE": 0,
          "PQ_MERGED": 0,
          "RQ_ACCESS": 50729,
          "RQ_MERGED": 0,
          "RQ_FULL": 0,
          "WQ_ACCESS": 0,
          "WQ_MERGED": 0,
          "WQ_FULL": 0
        }
      },
      "cpu0_L1D": {
        "LOAD": {
          "hit":5337090,
          "miss":284612
        },
        "RFO": {
          "hit":0,
          "miss":0
        },
        "PREFETCH": {
          "hit":47970,
          "miss":403355
        },
        "WRITE": {
          "hit":3060010,
          "miss":21663
        },
        "TRANSLATION": {
          "hit":86,
          "miss":295
        },
        "mshr full": 134,
        "prefetch requested": 451359,
        "prefetch issued": 451359,
        "prefetch filled": 15362,
        "prefetch useful": 14491,
        "prefetch useless": 913,
        "prefetch late": 48,
        "pf_useful_at_l2_from_l1":          0,
        "pf_late_at_l2_from_l1":          0,
        "pf_useless_at_l2_from_l1":          0,
        "pf_at_l2_to_l1":          0,
        "pf_fill_this_level":      15362,
        "miss latency": 0.691449,
        "cache queues": {
          "PQ_ACCESS": 451359,
          "PQ_FULL": 0,
          "PQ_TO_CACHE": 451359,
          "PQ_MERGED": 34,
          "RQ_ACCESS": 5729995,
          "RQ_MERGED": 18,
          "RQ_FULL": 108250,
          "WQ_ACCESS": 3082825,
          "WQ_MERGED": 0,
          "WQ_FULL": 1144
        }
      },
      "cpu0_L2C": {
        "LOAD": {
          "hit":225365,
          "miss":15552
        },
        "RFO": {
          "hit":137,
          "miss":4644
        },
        "PREFETCH": {
          "hit":348967,
          "miss":50120
        },
        "WRITE": {
          "hit":5200,
          "miss":0
        },
        "TRANSLATION": {
          "hit":285,
          "miss":10
        },
        "mshr full": 2117,
        "prefetch requested": 0,
        "prefetch issued": 0,
        "prefetch filled": 49664,
        "prefetch useful": 0,
        "prefetch useless": 0,
        "prefetch late": 0,
        "pf_useful_at_l2_from_l1":      33536,
        "pf_late_at_l2_from_l1":        411,
        "pf_useless_at_l2_from_l1":       5704,
        "pf_at_l2_to_l1":         72,
        "pf_fill_this_level":      38207,
        "miss latency": 11.0915,
        "cache queues": {
          "PQ_ACCESS": 400273,
          "PQ_FULL": 1136,
          "PQ_TO_CACHE": 399137,
          "PQ_MERGED": 9,
          "RQ_ACCESS": 246003,
          "RQ_MERGED": 0,
          "RQ_FULL": 0,
          "WQ_ACCESS": 5229,
          "WQ_MERGED": 0,
          "WQ_FULL": 0
        }
      },
      "LLC": {
        "LOAD": {
          "hit": [13787],
          "miss": [1354]
        },
        "RFO": {
          "hit": [227],
          "miss": [4417]
        },
        "PREFETCH": {
          "hit": [29157],
          "miss": [20918]
        },
        "WRITE": {
          "hit": [4798],
          "miss": [0]
        },
        "TRANSLATION": {
          "hit": [3],
          "miss": [7]
        },
        "mshr full": 0,
        "prefetch requested": 0,
        "prefetch issued": 0,
        "prefetch filled": 20918,
        "prefetch useful": 0,
        "prefetch useless": 0,
        "prefetch late": 0,
        "pf_useful_at_l2_from_l1":          0,
        "pf_late_at_l2_from_l1":          0,
        "pf_useless_at_l2_from_l1":          0,
        "pf_at_l2_to_l1":        420,
        "pf_fill_this_level":          0,
        "miss latency": 28.2916,
        "cache queues": {
          "PQ_ACCESS": 50075,
          "PQ_FULL": 0,
          "PQ_TO_CACHE": 50075,
          "PQ_MERGED": 0,
          "RQ_ACCESS": 19795,
          "RQ_MERGED": 0,
          "RQ_FULL": 0,
          "WQ_ACCESS": 4799,
          "WQ_MERGED": 0,
          "WQ_FULL": 0
        }
      },
      "DRAM": [
        {
          "RQ ROW_BUFFER_HIT": 23710,
          "RQ ROW_BUFFER_MISS": 2986,
          "PQ FULL": 0,
          "WQ ROW_BUFFER_HIT": 1021,
          "WQ ROW_BUFFER_MISS": 964,
          "WQ FULL": 0,
          "AVG DBUS CONGESTED CYCLE": 3.9703
        }
      ]

    }
  }
]
cpu0_ITLB
cpu0_DTLB
cpu0_STLB
Prefetch Request to L1: 15785, Prefetch Request to L2: 435574
Invalid by Eviction: 25001
Invalid by Max: 45151
Filter table begin
 ┌────────────────────┬─────────────┐
 | Region             | Offset      |
 ├────────────────────┼─────────────┤
 | 0x0000000000000253 | 3           |
 ├────────────────────┼─────────────┤
 | 0x000000000000022e | 1           |
 ├────────────────────┼─────────────┤
 | 0x0000000000000215 | 12          |
 └────────────────────┴─────────────┘
Filter table end
Accumulation table begin
 ┌────────────────────┬─────────────┬─────────────┬──────────────────────────────────────────────────────────────────┐
 | Region             | Offset      | Second      | Pattern                                                          |
 ├────────────────────┼─────────────┼─────────────┼──────────────────────────────────────────────────────────────────┤
 | 0x00000000000006bd | 24          | 25          | 1 1 1 0 0 0 0 0 1 1 1 1 1 1 1 1 1 1 1 0 0 0 0 0 1 1 1 1 1 1 1 1  |
 ├────────────────────┼─────────────┼─────────────┼──────────────────────────────────────────────────────────────────┤
 | 0x00000000000006be | 19          | 11          | 1 1 0 0 0 0 0 0 1 1 1 1 1 1 1 1 1 1 1 1 1 1 1 1 1 1 1 1 1 1 1 1  |
 ├────────────────────┼─────────────┼─────────────┼──────────────────────────────────────────────────────────────────┤
 | 0x000000000000060a | 0           | 1           | 1 1 1 1 1 1 1 1 1 1 1 1 1 1 1 1 1 1 1 1 1 1 1 1 1 1 1 1 1 1 1 1  |
 ├────────────────────┼─────────────┼─────────────┼──────────────────────────────────────────────────────────────────┤
 | 0x0000000000000614 | 0           | 1           | 1 1 1 1 1 1 1 1 1 1 1 1 1 1 1 1 1 1 1 1 1 1 1 1 1 1 1 1 1 1 1 1  |
 ├────────────────────┼─────────────┼─────────────┼──────────────────────────────────────────────────────────────────┤
 | 0x0000000000000641 | 0           | 1           | 1 1 1 1 1 1 1 1 1 1 1 1 1 1 1 1 1 1 1 1 1 1 1 1 1 1 1 1 1 1 1 1  |
 ├────────────────────┼─────────────┼─────────────┼──────────────────────────────────────────────────────────────────┤
 | 0x0000000000000639 | 0           | 1           | 1 1 1 1 1 1 1 1 1 1 1 1 1 1 1 1 1 1 1 1 1 1 1 1 1 1 1 1 1 1 1 1  |
 ├────────────────────┼─────────────┼─────────────┼──────────────────────────────────────────────────────────────────┤
 | 0x00000000000005f9 | 0           | 1           | 1 1 1 1 1 1 1 1 1 1 1 1 1 1 1 1 1 1 1 1 1 1 1 1 1 1 1 1 1 1 1 1  |
 ├────────────────────┼─────────────┼─────────────┼──────────────────────────────────────────────────────────────────┤
 | 0x000000000000061e | 0           | 1           | 1 1 1 1 1 1 1 1 1 1 1 1 1 1 1 1 1 1 1 1 1 1 1 1 1 1 1 1 1 1 1 1  |
 ├────────────────────┼─────────────┼─────────────┼──────────────────────────────────────────────────────────────────┤
 | 0x000000000000064d | 0           | 1           | 1 1 1 1 1 1 1 1 1 1 1 1 1 1 1 1 1 1 1 1 1 1 1 1 1 1 1 1 1 1 1 1  |
 ├────────────────────┼─────────────┼─────────────┼──────────────────────────────────────────────────────────────────┤
 | 0x00000000000006bb | 24          | 27          | 0 0 0 0 0 0 0 1 1 1 1 1 1 1 1 1 1 1 1 0 0 0 0 0 1 1 1 1 1 1 1 1  |
 ├────────────────────┼─────────────┼─────────────┼──────────────────────────────────────────────────────────────────┤
 | 0x0000000000000630 | 0           | 1           | 1 1 1 1 1 1 1 1 1 1 1 1 1 1 1 1 1 1 1 1 1 1 1 1 1 1 1 1 1 1 1 1  |
 ├────────────────────┼─────────────┼─────────────┼──────────────────────────────────────────────────────────────────┤
 | 0x000000000000065c | 0           | 1           | 1 1 1 1 1 1 1 1 1 1 1 1 1 1 1 1 1 1 1 1 1 1 1 1 1 1 1 1 1 1 1 1  |
 ├────────────────────┼─────────────┼─────────────┼──────────────────────────────────────────────────────────────────┤
 | 0x00000000000006b7 | 16          | 20          | 0 0 0 0 0 0 0 0 0 0 0 0 0 0 1 1 1 1 1 1 1 1 0 1 1 1 0 1 1 1 0 1  |
 ├────────────────────┼─────────────┼─────────────┼──────────────────────────────────────────────────────────────────┤
 | 0x0000000000000600 | 0           | 1           | 1 1 1 1 1 1 1 1 1 1 1 1 1 1 1 1 1 1 1 1 1 1 1 1 1 1 1 1 1 1 1 1  |
 ├────────────────────┼─────────────┼─────────────┼──────────────────────────────────────────────────────────────────┤
 | 0x0000000000000601 | 0           | 1           | 1 1 1 1 1 1 1 1 1 1 1 1 1 1 1 1 1 1 1 1 1 1 1 1 1 1 1 1 1 1 1 1  |
 ├────────────────────┼─────────────┼─────────────┼──────────────────────────────────────────────────────────────────┤
 | 0x000000000000065d | 0           | 1           | 1 1 1 1 1 1 1 1 1 1 1 1 1 1 1 1 1 1 1 1 1 1 1 0 0 0 0 0 0 0 0 0  |
 ├────────────────────┼─────────────┼─────────────┼──────────────────────────────────────────────────────────────────┤
 | 0x000000000000060b | 0           | 1           | 1 1 1 1 1 1 1 1 1 1 1 1 1 1 1 1 1 1 1 1 1 1 1 1 1 1 1 1 1 1 1 1  |
 ├────────────────────┼─────────────┼─────────────┼──────────────────────────────────────────────────────────────────┤
 | 0x0000000000000222 | 13          | 9           | 0 0 0 0 0 0 1 1 1 1 0 0 1 1 1 1 0 0 0 1 0 0 0 0 0 0 0 0 0 0 0 0  |
 ├────────────────────┼─────────────┼─────────────┼──────────────────────────────────────────────────────────────────┤
 | 0x00000000000006bc | 8           | 9           | 1 1 0 0 0 0 0 0 1 1 1 1 1 1 1 1 1 1 1 0 0 0 0 0 1 1 1 1 1 1 1 1  |
 ├────────────────────┼─────────────┼─────────────┼──────────────────────────────────────────────────────────────────┤
 | 0x0000000000000615 | 0           | 1           | 1 1 1 1 1 1 1 1 1 1 1 1 1 1 1 1 1 1 1 1 1 1 1 1 1 1 1 1 1 1 1 1  |
 ├────────────────────┼─────────────┼─────────────┼──────────────────────────────────────────────────────────────────┤
 | 0x000000000000061f | 0           | 1           | 1 1 1 1 1 1 1 1 1 1 1 1 1 1 1 1 1 1 1 1 1 1 1 1 1 1 1 1 1 1 1 1  |
 ├────────────────────┼─────────────┼─────────────┼──────────────────────────────────────────────────────────────────┤
 | 0x0000000000000638 | 0           | 1           | 1 1 1 1 1 1 1 1 1 1 1 1 1 1 1 1 1 1 1 1 1 1 1 1 1 1 1 1 1 1 1 1  |
 ├────────────────────┼─────────────┼─────────────┼──────────────────────────────────────────────────────────────────┤
 | 0x0000000000000640 | 0           | 1           | 1 1 1 1 1 1 1 1 1 1 1 1 1 1 1 1 1 1 1 1 1 1 1 1 1 1 1 1 1 1 1 1  |
 ├────────────────────┼─────────────┼─────────────┼──────────────────────────────────────────────────────────────────┤
 | 0x0000000000000631 | 0           | 1           | 1 1 1 1 1 1 1 1 1 1 1 1 1 1 1 1 1 1 1 1 1 1 1 1 1 1 1 1 1 1 1 1  |
 ├────────────────────┼─────────────┼─────────────┼──────────────────────────────────────────────────────────────────┤
 | 0x00000000000006bf | 18          | 3           | 1 1 1 1 1 1 1 1 1 1 1 1 1 1 1 1 1 1 1 1 0 0 0 0 0 0 0 0 0 0 0 0  |
 ├────────────────────┼─────────────┼─────────────┼──────────────────────────────────────────────────────────────────┤
 | 0x000000000000064c | 0           | 1           | 1 1 1 1 1 1 1 1 1 1 1 1 1 1 1 1 1 1 1 1 1 1 1 1 1 1 1 1 1 1 1 1  |
 └────────────────────┴─────────────┴─────────────┴──────────────────────────────────────────────────────────────────┘
Accumulation table end
Offset pattern table begin
 ┌────────────────────┬─────────────┬──────────────────────────────────────────────────────────────────────────────────────────────────┐
 | Key                | Second      | Pattern                                                                                          |
 ├────────────────────┼─────────────┼──────────────────────────────────────────────────────────────────────────────────────────────────┤
 | 0x0000000000000000 | 16          | 16 15 15 15 15 15 15 15 15 15 15 15 15 15 15 15 15 15 15 15 15 15 15 15 15 15 15 15 15 15 15 15  |
 ├────────────────────┼─────────────┼──────────────────────────────────────────────────────────────────────────────────────────────────┤
 | 0x0000000000000001 | 25          | 31 7 9 8 5 8 8 6 6 4 4 5 4 5 6 4 3 3 4 3 2 2 4 4 4 2 2 3 2 2 2 8                                 |
 ├────────────────────┼─────────────┼──────────────────────────────────────────────────────────────────────────────────────────────────┤
 | 0x0000000000000002 | 10          | 28 7 5 5 2 2 3 1 1 0 3 1 1 1 2 0 2 2 0 1 1 1 1 1 0 0 0 2 1 0 4 2                                 |
 ├────────────────────┼─────────────┼──────────────────────────────────────────────────────────────────────────────────────────────────┤
 | 0x0000000000000003 | 22          | 25 6 8 8 4 4 4 2 2 4 2 3 1 3 1 2 3 0 2 2 1 2 2 2 1 0 0 0 1 5 6 4                                 |
 ├────────────────────┼─────────────┼──────────────────────────────────────────────────────────────────────────────────────────────────┤
 | 0x0000000000000004 | 17          | 30 7 4 3 3 3 4 3 2 3 3 4 4 4 3 3 1 1 1 1 4 2 2 1 1 2 1 1 4 6 6 5                                 |
 ├────────────────────┼─────────────┼──────────────────────────────────────────────────────────────────────────────────────────────────┤
 | 0x0000000000000005 | 28          | 28 5 2 2 1 3 2 3 3 3 2 2 2 5 3 2 3 0 2 3 3 3 2 1 1 2 2 1 2 2 1 2                                 |
 ├────────────────────┼─────────────┼──────────────────────────────────────────────────────────────────────────────────────────────────┤
 | 0x0000000000000006 | 1           | 25 2 2 3 1 4 2 4 4 3 4 2 0 1 1 1 0 1 0 1 2 1 1 0 0 0 5 2 4 3 5 5                                 |
 ├────────────────────┼─────────────┼──────────────────────────────────────────────────────────────────────────────────────────────────┤
 | 0x0000000000000007 | 1           | 25 7 6 5 4 3 4 3 3 3 3 3 2 2 2 2 1 1 2 1 0 1 0 1 1 3 2 4 3 2 3 5                                 |
 ├────────────────────┼─────────────┼──────────────────────────────────────────────────────────────────────────────────────────────────┤
 | 0x0000000000000008 | 11          | 29 10 11 7 11 9 13 9 9 10 8 5 8 6 9 7 7 8 7 6 6 6 5 4 5 2 5 6 4 1 5 7                            |
 ├────────────────────┼─────────────┼──────────────────────────────────────────────────────────────────────────────────────────────────┤
 | 0x0000000000000009 | 11          | 21 7 6 8 5 6 7 5 5 6 5 5 6 6 4 5 6 5 5 6 6 5 5 3 2 2 2 2 1 2 4 8                                 |
 ├────────────────────┼─────────────┼──────────────────────────────────────────────────────────────────────────────────────────────────┤
 | 0x000000000000000a | 15          | 28 8 6 2 3 1 4 2 1 4 4 3 4 3 2 3 3 2 3 1 1 1 1 2 2 0 2 1 0 1 3 2                                 |
 ├────────────────────┼─────────────┼──────────────────────────────────────────────────────────────────────────────────────────────────┤
 | 0x000000000000000b | 29          | 31 5 4 2 3 4 5 2 0 2 1 1 3 4 3 0 5 1 1 0 1 1 3 0 2 0 3 4 0 2 3 1                                 |
 ├────────────────────┼─────────────┼──────────────────────────────────────────────────────────────────────────────────────────────────┤
 | 0x000000000000000c | 6           | 28 5 7 7 3 4 5 4 1 2 1 1 1 2 0 1 1 0 0 1 1 1 2 8 1 1 3 6 8 6 2 3                                 |
 ├────────────────────┼─────────────┼──────────────────────────────────────────────────────────────────────────────────────────────────┤
 | 0x000000000000000d | 17          | 27 8 8 2 0 0 6 0 0 0 0 0 0 1 0 1 1 0 2 1 4 1 2 2 1 7 7 7 10 2 8 8                                |
 ├────────────────────┼─────────────┼──────────────────────────────────────────────────────────────────────────────────────────────────┤
 | 0x000000000000000e | 13          | 20 1 5 3 1 1 2 1 1 1 0 0 1 2 1 2 2 2 2 1 2 2 1 0 2 2 1 2 2 2 2 4                                 |
 ├────────────────────┼─────────────┼──────────────────────────────────────────────────────────────────────────────────────────────────┤
 | 0x000000000000000f | 24          | 31 6 5 4 4 4 3 3 2 2 4 3 1 3 2 2 1 1 1 6 2 3 3 3 1 4 3 5 2 4 6 7                                 |
 ├────────────────────┼─────────────┼──────────────────────────────────────────────────────────────────────────────────────────────────┤
 | 0x0000000000000010 | 13          | 31 7 7 6 9 5 5 4 4 5 6 6 3 3 3 4 4 2 2 3 6 2 1 3 1 2 1 2 2 3 2 5                                 |
 ├────────────────────┼─────────────┼──────────────────────────────────────────────────────────────────────────────────────────────────┤
 | 0x0000000000000011 | 19          | 29 6 3 2 2 0 2 2 1 0 2 0 1 0 1 2 3 1 4 2 0 2 2 3 3 3 4 4 2 4 4 6                                 |
 ├────────────────────┼─────────────┼──────────────────────────────────────────────────────────────────────────────────────────────────┤
 | 0x0000000000000012 | 30          | 20 5 5 3 3 3 4 4 0 2 2 2 1 2 1 2 1 1 1 1 1 1 1 0 0 0 1 2 2 5 5 4                                 |
 ├────────────────────┼─────────────┼──────────────────────────────────────────────────────────────────────────────────────────────────┤
 | 0x0000000000000013 | 26          | 16 2 4 1 3 2 3 3 1 2 2 1 1 0 1 0 0 0 1 0 0 0 0 2 1 0 1 2 1 1 2 2                                 |
 ├────────────────────┼─────────────┼──────────────────────────────────────────────────────────────────────────────────────────────────┤
 | 0x0000000000000014 | 19          | 26 3 7 5 6 3 4 2 3 1 2 2 0 1 1 0 1 2 0 1 2 3 2 1 1 2 1 3 1 3 4 3                                 |
 ├────────────────────┼─────────────┼──────────────────────────────────────────────────────────────────────────────────────────────────┤
 | 0x0000000000000015 | 22          | 26 3 3 3 4 4 3 3 4 4 1 2 1 1 1 1 2 1 2 1 2 2 2 5 0 4 2 4 2 5 4 3                                 |
 ├────────────────────┼─────────────┼──────────────────────────────────────────────────────────────────────────────────────────────────┤
 | 0x0000000000000016 | 9           | 19 4 4 3 4 3 4 3 3 1 4 1 2 1 2 0 1 1 0 1 1 1 1 2 2 3 1 3 2 3 5 3                                 |
 ├────────────────────┼─────────────┼──────────────────────────────────────────────────────────────────────────────────────────────────┤
 | 0x0000000000000017 | 28          | 18 3 4 4 5 5 3 3 2 2 0 0 1 0 0 1 1 3 1 2 1 2 3 2 1 3 2 1 3 2 3 4                                 |
 ├────────────────────┼─────────────┼──────────────────────────────────────────────────────────────────────────────────────────────────┤
 | 0x0000000000000018 | 17          | 31 17 15 13 13 12 11 9 3 3 3 1 1 2 2 3 12 12 12 8 7 10 7 4 3 2 2 2 1 2 3 2                       |
 ├────────────────────┼─────────────┼──────────────────────────────────────────────────────────────────────────────────────────────────┤
 | 0x0000000000000019 | 27          | 19 4 3 3 3 2 1 0 0 0 0 0 0 0 1 1 1 3 2 2 2 2 3 2 1 2 0 2 1 1 2 4                                 |
 ├────────────────────┼─────────────┼──────────────────────────────────────────────────────────────────────────────────────────────────┤
 | 0x000000000000001a | 15          | 24 2 3 4 3 3 1 3 2 1 0 3 2 1 1 2 0 2 2 1 3 3 1 3 1 0 2 1 6 4 3 3                                 |
 ├────────────────────┼─────────────┼──────────────────────────────────────────────────────────────────────────────────────────────────┤
 | 0x000000000000001b | 26          | 23 7 5 3 3 1 2 1 1 0 1 1 1 2 2 1 0 1 1 1 0 1 1 1 0 1 2 2 2 3 2 4                                 |
 ├────────────────────┼─────────────┼──────────────────────────────────────────────────────────────────────────────────────────────────┤
 | 0x000000000000001c | 29          | 19 1 4 0 1 0 0 0 0 0 0 0 1 1 1 1 0 2 0 1 0 1 1 0 0 1 1 1 3 2 2 2                                 |
 ├────────────────────┼─────────────┼──────────────────────────────────────────────────────────────────────────────────────────────────┤
 | 0x000000000000001d | 26          | 19 4 4 0 0 2 1 0 0 1 0 0 1 1 1 1 0 2 1 2 5 1 3 1 3 1 2 2 1 1 3 4                                 |
 ├────────────────────┼─────────────┼──────────────────────────────────────────────────────────────────────────────────────────────────┤
 | 0x000000000000001e | 31          | 28 7 0 0 1 0 0 0 1 0 1 3 1 2 2 2 3 1 1 2 3 5 5 1 2 4 4 4 3 3 7 5                                 |
 ├────────────────────┼─────────────┼──────────────────────────────────────────────────────────────────────────────────────────────────┤
 | 0x000000000000001f | 28          | 21 1 0 1 1 2 3 0 0 1 0 1 1 2 2 2 2 3 3 2 2 1 1 2 1 3 3 1 2 4 2 3                                 |
 └────────────────────┴─────────────┴──────────────────────────────────────────────────────────────────────────────────────────────────┘
Offset pattern table end
PC pattern table begin
 ┌────────────────────┬─────────────┬──────────────────────────────────────────────────┐
 | Key                | Second      | Pattern                                          |
 ├────────────────────┼─────────────┼──────────────────────────────────────────────────┤
 | 0x0000000000000000 | 1           | 6 6 6 6 6 6 5 5 6 6 6 5 5 5 5 5                  |
 ├────────────────────┼─────────────┼──────────────────────────────────────────────────┤
 | 0x0000000000000001 | 1           | 2 2 2 2 2 2 2 2 2 2 2 2 2 2 2 2                  |
 ├────────────────────┼─────────────┼──────────────────────────────────────────────────┤
 | 0x0000000000000002 | 3           | 16 15 14 14 13 13 13 13 13 13 13 15 13 14 15 13  |
 ├────────────────────┼─────────────┼──────────────────────────────────────────────────┤
 | 0x0000000000000003 | 1           | 24 24 24 24 24 24 24 24 24 24 24 24 24 24 23 23  |
 ├────────────────────┼─────────────┼──────────────────────────────────────────────────┤
 | 0x0000000000000004 | 1           | 24 24 24 24 24 24 24 24 24 24 24 24 24 24 24 24  |
 ├────────────────────┼─────────────┼──────────────────────────────────────────────────┤
 | 0x0000000000000005 | 2           | 21 19 7 9 8 8 8 8 7 8 19 7 7 8 8 7               |
 ├────────────────────┼─────────────┼──────────────────────────────────────────────────┤
 | 0x0000000000000007 | 1           | 11 11 11 11 11 11 11 11 11 11 11 11 11 11 11 11  |
 ├────────────────────┼─────────────┼──────────────────────────────────────────────────┤
 | 0x0000000000000008 | 1           | 1 1 0 0 1 1 1 1 1 1 0 0 1 1 1 1                  |
 ├────────────────────┼─────────────┼──────────────────────────────────────────────────┤
 | 0x0000000000000009 | 1           | 18 18 18 18 18 18 18 18 18 18 18 18 18 18 18 18  |
 ├────────────────────┼─────────────┼──────────────────────────────────────────────────┤
 | 0x000000000000000a | 2           | 24 23 18 18 18 18 18 18 18 18 24 18 18 18 18 18  |
 ├────────────────────┼─────────────┼──────────────────────────────────────────────────┤
 | 0x000000000000000b | 14          | 27 21 15 12 7 6 6 5 5 5 5 25 5 15 27 7           |
 ├────────────────────┼─────────────┼──────────────────────────────────────────────────┤
 | 0x000000000000000c | 3           | 31 30 29 28 28 27 27 27 27 27 27 27 26 26 26 25  |
 ├────────────────────┼─────────────┼──────────────────────────────────────────────────┤
 | 0x000000000000000d | 1           | 15 15 15 15 15 15 15 15 15 15 14 14 14 14 14 14  |
 ├────────────────────┼─────────────┼──────────────────────────────────────────────────┤
 | 0x000000000000000e | 1           | 28 28 28 28 28 28 28 28 28 28 28 28 28 28 28 28  |
 ├────────────────────┼─────────────┼──────────────────────────────────────────────────┤
 | 0x000000000000000f | 2           | 4 4 0 1 0 0 0 0 0 0 3 0 0 1 1 1                  |
 ├────────────────────┼─────────────┼──────────────────────────────────────────────────┤
 | 0x0000000000000010 | 1           | 10 10 10 10 9 10 9 9 9 9 9 9 9 9 9 10            |
 ├────────────────────┼─────────────┼──────────────────────────────────────────────────┤
 | 0x0000000000000011 | 3           | 16 15 15 15 15 15 15 16 16 16 16 16 15 15 16 16  |
 ├────────────────────┼─────────────┼──────────────────────────────────────────────────┤
 | 0x0000000000000012 | 1           | 16 16 16 16 16 16 16 16 15 15 15 15 15 15 15 15  |
 ├────────────────────┼─────────────┼──────────────────────────────────────────────────┤
 | 0x0000000000000013 | 9           | 16 12 11 8 5 4 3 3 3 3 3 15 3 10 15 4            |
 ├────────────────────┼─────────────┼──────────────────────────────────────────────────┤
 | 0x0000000000000014 | 2           | 10 9 9 9 9 9 9 9 9 9 9 9 10 10 9 9               |
 ├────────────────────┼─────────────┼──────────────────────────────────────────────────┤
 | 0x0000000000000015 | 27          | 17 16 15 13 3 2 0 1 14 14 12 10 3 1 0 2          |
 ├────────────────────┼─────────────┼──────────────────────────────────────────────────┤
 | 0x0000000000000016 | 11          | 7 7 6 7 6 6 5 5 5 6 6 6 5 6 5 5                  |
 ├────────────────────┼─────────────┼──────────────────────────────────────────────────┤
 | 0x0000000000000017 | 2           | 21 20 14 14 14 14 14 14 14 14 21 14 14 14 14 14  |
 ├────────────────────┼─────────────┼──────────────────────────────────────────────────┤
 | 0x0000000000000018 | 1           | 14 14 14 14 14 14 14 14 14 14 14 14 14 14 14 14  |
 ├────────────────────┼─────────────┼──────────────────────────────────────────────────┤
 | 0x0000000000000019 | 1           | 14 14 14 14 14 14 14 14 14 14 14 13 13 13 13 13  |
 ├────────────────────┼─────────────┼──────────────────────────────────────────────────┤
 | 0x000000000000001a | 29          | 24 4 0 0 0 0 1 1 0 1 0 1 0 0 2 11                |
 ├────────────────────┼─────────────┼──────────────────────────────────────────────────┤
 | 0x000000000000001b | 1           | 5 5 5 5 5 5 5 5 5 5 5 5 4 4 4 4                  |
 ├────────────────────┼─────────────┼──────────────────────────────────────────────────┤
 | 0x000000000000001c | 1           | 4 4 4 4 4 4 4 4 4 4 4 4 4 3 3 3                  |
 ├────────────────────┼─────────────┼──────────────────────────────────────────────────┤
 | 0x000000000000001d | 15          | 17 3 3 3 3 3 17 16 3 3 3 3 3 2 2 2               |
 ├────────────────────┼─────────────┼──────────────────────────────────────────────────┤
 | 0x000000000000001e | 12          | 23 6 21 20 15 10 8 8 6 4 4 4 4 20 5 15           |
 ├────────────────────┼─────────────┼──────────────────────────────────────────────────┤
 | 0x000000000000001f | 9           | 6 6 5 6 5 5 5 5 5 5 5 5 5 6 6 6                  |
 └────────────────────┴─────────────┴──────────────────────────────────────────────────┘
PC pattern table end
Prefetch buffer begin
 ┌────────────────────┬──────────────────────────────────────────────────────────────────┐
 | Region             | Pattern                                                          |
 ├────────────────────┼──────────────────────────────────────────────────────────────────┤
 | 0x0000000000000249 | 0 0 2 2 2 0 0 0 0 0 0 0 0 2 2 2 2 2 2 0 2 0 2 0 0 0 0 0 0 0 0 0  |
 ├────────────────────┼──────────────────────────────────────────────────────────────────┤
 | 0x000000000000028f | 0 0 0 0 0 0 0 0 0 0 0 0 2 0 0 0 0 2 0 0 0 0 0 0 0 0 0 0 0 0 0 0  |
 ├────────────────────┼──────────────────────────────────────────────────────────────────┤
 | 0x00000000000002da | 0 0 0 0 0 0 0 0 0 0 0 0 0 0 0 0 0 0 0 0 0 0 0 0 2 0 0 0 0 0 0 0  |
 ├────────────────────┼──────────────────────────────────────────────────────────────────┤
 | 0x0000000000000252 | 0 0 0 0 0 0 0 0 0 0 0 0 0 0 0 0 0 0 0 0 0 0 2 0 0 0 0 0 0 0 0 0  |
 ├────────────────────┼──────────────────────────────────────────────────────────────────┤
 | 0x000000000000022e | 2 0 0 2 2 2 2 2 2 2 0 0 0 0 0 2 0 0 0 0 0 0 0 0 0 0 0 0 0 0 0 0  |
 ├────────────────────┼──────────────────────────────────────────────────────────────────┤
 | 0x000000000000026a | 0 0 2 0 0 0 0 0 0 0 0 0 0 0 0 0 0 0 0 0 0 0 0 0 0 0 0 0 0 0 0 0  |
 ├────────────────────┼──────────────────────────────────────────────────────────────────┤
 | 0x0000000000000313 | 0 0 0 0 0 0 0 0 0 0 0 0 0 0 0 0 0 2 0 0 0 2 0 0 0 0 0 2 2 0 2 2  |
 ├────────────────────┼──────────────────────────────────────────────────────────────────┤
 | 0x00000000000002f3 | 2 0 0 0 0 0 0 0 0 0 0 0 0 0 0 2 0 2 0 0 0 0 0 0 0 0 2 2 2 2 2 0  |
 ├────────────────────┼──────────────────────────────────────────────────────────────────┤
 | 0x0000000000000308 | 0 0 0 0 0 0 2 0 2 2 2 2 0 0 0 0 0 0 0 0 0 0 0 0 0 0 0 0 0 0 0 0  |
 ├────────────────────┼──────────────────────────────────────────────────────────────────┤
 | 0x0000000000000307 | 0 0 0 0 0 0 0 0 0 0 0 0 0 0 2 2 2 2 2 0 2 0 2 0 0 0 0 0 0 0 0 0  |
 ├────────────────────┼──────────────────────────────────────────────────────────────────┤
 | 0x0000000000000310 | 0 0 0 0 0 2 0 0 0 0 0 0 0 0 0 0 0 0 0 0 0 0 0 0 0 0 0 0 0 0 0 0  |
 ├────────────────────┼──────────────────────────────────────────────────────────────────┤
 | 0x0000000000000239 | 0 0 0 0 0 0 0 0 0 0 0 0 0 0 0 0 0 0 0 0 0 0 0 0 0 2 0 0 0 0 0 0  |
 ├────────────────────┼──────────────────────────────────────────────────────────────────┤
 | 0x0000000000000272 | 0 2 0 0 0 0 0 0 0 0 0 0 0 0 0 0 0 0 0 0 0 0 0 0 0 0 0 0 0 0 0 0  |
 ├────────────────────┼──────────────────────────────────────────────────────────────────┤
 | 0x0000000000000241 | 0 0 0 0 0 0 0 0 0 0 0 0 0 0 0 0 0 0 0 2 2 0 0 0 0 0 0 0 2 0 0 0  |
 ├────────────────────┼──────────────────────────────────────────────────────────────────┤
 | 0x00000000000002aa | 0 0 0 0 0 0 0 0 0 0 0 0 0 0 0 0 0 0 0 0 0 2 0 0 0 2 0 0 0 0 0 0  |
 ├────────────────────┼──────────────────────────────────────────────────────────────────┤
 | 0x000000000000023c | 0 0 0 0 0 0 0 0 0 0 0 0 2 0 2 0 2 0 0 0 0 0 0 0 0 0 0 0 0 2 2 0  |
 ├────────────────────┼──────────────────────────────────────────────────────────────────┤
 | 0x000000000000023d | 0 0 0 0 2 0 0 0 0 0 0 0 0 0 0 0 0 0 0 0 2 0 0 0 0 0 0 0 0 0 0 0  |
 ├────────────────────┼──────────────────────────────────────────────────────────────────┤
 | 0x0000000000000254 | 0 0 0 0 0 0 0 0 0 0 2 2 0 0 0 0 0 0 0 0 0 0 0 0 0 0 0 0 0 0 0 0  |
 ├────────────────────┼──────────────────────────────────────────────────────────────────┤
 | 0x00000000000002c2 | 0 0 0 0 0 0 0 0 0 0 0 0 0 0 0 0 0 0 0 0 0 0 0 0 0 2 2 0 0 0 0 0  |
 ├────────────────────┼──────────────────────────────────────────────────────────────────┤
 | 0x0000000000000268 | 0 0 0 0 0 0 0 0 0 0 0 0 0 0 0 0 2 2 2 2 2 2 2 2 2 2 2 2 2 2 2 2  |
 └────────────────────┴──────────────────────────────────────────────────────────────────┘
Prefetch buffer end
Filter by PPT: 0
cpu0_L2C
Num Con Filled: 0
Num Con Useful: 0 Useless:0 Accuracy: nan
LLC
