41 41 41
Available num physical pages: 35184372088576
WARNING: physical memory size is smaller than virtual memory size

*** ChampSim Multicore Out-of-Order Simulator ***

Warmup Instructions: 5000000
Simulation Instructions: 5000000
Number of CPUs: 1
Page size: 4096

Basic BTB sets: 1024 ways: 8 indirect buffer size: 4096 RAS size: 64
cpu0_L1D PMP prefetcher
Off-chip DRAM Size: 4 GiB Channels: 1 Width: 64-bit Data Rate: 3200 MT/s
Max paddr 16M
Warmup finished CPU 0 instructions: 5000000 cycles: 1278548 cumulative IPC: 3.91069 (Simulation time: 0 hr 2 min 36 sec) 

Warmup complete CPU 0 instructions: 5000000 cycles: 1278548 (Simulation time: 0 hr 2 min 36 sec) 

Heartbeat CPU 0 instructions: 10000000 cycles: 9367330 heartbeat IPC: 1.06755 cumulative IPC: 0.618141 (Simulation time: 0 hr 7 min 1 sec) 
Max paddr 24M
Simulation finished CPU 0 instructions: 5000000 cycles: 8088783 cumulative IPC: 0.61814 (Simulation time: 0 hr 7 min 1 sec) 

Simulation complete CPU 0 instructions: 5000000 cycles: 8088783 (Simulation time: 0 hr 7 min 1 sec) 


ChampSim completed all CPUs

[
  {
    "name": "Simulation",
    "traces": [
      "../traces/450.soplex-92B.champsimtrace.xz"
    ],
    "roi": {
      "cores": [
        {
          "instructions": 5000000,
          "cycles": 8088783,
          "Avg ROB occupancy at mispredict": 17.4207, 
          "mispredict": {
            "BRANCH_DIRECT_JUMP": 31,
            "BRANCH_INDIRECT": 2,
            "BRANCH_CONDITIONAL": 125665,
            "BRANCH_DIRECT_CALL": 31,
            "BRANCH_INDIRECT_CALL": 12,
            "BRANCH_RETURN": 48
          }
        }
      ],
      "cpu0_L1I": {
        "LOAD": {
          "hit":240,
          "miss":242
        },
        "RFO": {
          "hit":0,
          "miss":0
        },
        "PREFETCH": {
          "hit":0,
          "miss":0
        },
        "WRITE": {
          "hit":0,
          "miss":0
        },
        "TRANSLATION": {
          "hit":0,
          "miss":0
        },
        "mshr full": 0,
        "prefetch requested": 0,
        "prefetch issued": 0,
        "prefetch filled": 0,
        "prefetch useful": 0,
        "prefetch useless": 0,
        "prefetch late": 0,
        "pf_useful_at_l2_from_l1":          0,
        "pf_late_at_l2_from_l1":          0,
        "pf_useless_at_l2_from_l1":          0,
        "pf_at_l2_to_l1":          0,
        "pf_fill_this_level":          0,
        "miss latency": 13.0269,
        "cache queues": {
          "PQ_ACCESS": 0,
          "PQ_FULL": 0,
          "PQ_TO_CACHE": 0,
          "PQ_MERGED": 0,
          "RQ_ACCESS": 485,
          "RQ_MERGED": 3,
          "RQ_FULL": 0,
          "WQ_ACCESS": 0,
          "WQ_MERGED": 0,
          "WQ_FULL": 0
        }
      },
      "cpu0_ITLB": {
        "LOAD": {
          "hit":400,
          "miss":25
        },
        "RFO": {
          "hit":0,
          "miss":0
        },
        "PREFETCH": {
          "hit":0,
          "miss":0
        },
        "WRITE": {
          "hit":0,
          "miss":0
        },
        "TRANSLATION": {
          "hit":0,
          "miss":0
        },
        "mshr full": 0,
        "prefetch requested": 0,
        "prefetch issued": 0,
        "prefetch filled": 0,
        "prefetch useful": 0,
        "prefetch useless": 0,
        "prefetch late": 0,
        "pf_useful_at_l2_from_l1":          0,
        "pf_late_at_l2_from_l1":          0,
        "pf_useless_at_l2_from_l1":          0,
        "pf_at_l2_to_l1":          0,
        "pf_fill_this_level":          0,
        "miss latency": 10.75,
        "cache queues": {
          "PQ_ACCESS": 0,
          "PQ_FULL": 0,
          "PQ_TO_CACHE": 0,
          "PQ_MERGED": 0,
          "RQ_ACCESS": 425,
          "RQ_MERGED": 0,
          "RQ_FULL": 0,
          "WQ_ACCESS": 0,
          "WQ_MERGED": 0,
          "WQ_FULL": 0
        }
      },
      "cpu0_DTLB": {
        "LOAD": {
          "hit":1412258,
          "miss":44365
        },
        "RFO": {
          "hit":0,
          "miss":0
        },
        "PREFETCH": {
          "hit":0,
          "miss":0
        },
        "WRITE": {
          "hit":0,
          "miss":0
        },
        "TRANSLATION": {
          "hit":0,
          "miss":0
        },
        "mshr full": 0,
        "prefetch requested": 0,
        "prefetch issued": 0,
        "prefetch filled": 0,
        "prefetch useful": 0,
        "prefetch useless": 0,
        "prefetch late": 0,
        "pf_useful_at_l2_from_l1":          0,
        "pf_late_at_l2_from_l1":          0,
        "pf_useless_at_l2_from_l1":          0,
        "pf_at_l2_to_l1":          0,
        "pf_fill_this_level":          0,
        "miss latency": 1.43372,
        "cache queues": {
          "PQ_ACCESS": 0,
          "PQ_FULL": 0,
          "PQ_TO_CACHE": 0,
          "PQ_MERGED": 0,
          "RQ_ACCESS": 1468744,
          "RQ_MERGED": 0,
          "RQ_FULL": 12121,
          "WQ_ACCESS": 0,
          "WQ_MERGED": 0,
          "WQ_FULL": 0
        }
      },
      "cpu0_STLB": {
        "LOAD": {
          "hit":20144,
          "miss":3046
        },
        "RFO": {
          "hit":0,
          "miss":0
        },
        "PREFETCH": {
          "hit":0,
          "miss":0
        },
        "WRITE": {
          "hit":0,
          "miss":0
        },
        "TRANSLATION": {
          "hit":0,
          "miss":0
        },
        "mshr full": 0,
        "prefetch requested": 0,
        "prefetch issued": 0,
        "prefetch filled": 0,
        "prefetch useful": 0,
        "prefetch useless": 0,
        "prefetch late": 0,
        "pf_useful_at_l2_from_l1":          0,
        "pf_late_at_l2_from_l1":          0,
        "pf_useless_at_l2_from_l1":          0,
        "pf_at_l2_to_l1":          0,
        "pf_fill_this_level":          0,
        "miss latency": 17.0497,
        "cache queues": {
          "PQ_ACCESS": 0,
          "PQ_FULL": 0,
          "PQ_TO_CACHE": 0,
          "PQ_MERGED": 0,
          "RQ_ACCESS": 23190,
          "RQ_MERGED": 0,
          "RQ_FULL": 0,
          "WQ_ACCESS": 0,
          "WQ_MERGED": 0,
          "WQ_FULL": 0
        }
      },
      "cpu0_L1D": {
        "LOAD": {
          "hit":877511,
          "miss":215211
        },
        "RFO": {
          "hit":0,
          "miss":0
        },
        "PREFETCH": {
          "hit":41940,
          "miss":309619
        },
        "WRITE": {
          "hit":225261,
          "miss":147607
        },
        "TRANSLATION": {
          "hit":1526,
          "miss":1490
        },
        "mshr full": 1946692,
        "prefetch requested": 351560,
        "prefetch issued": 351560,
        "prefetch filled": 2366,
        "prefetch useful": 2184,
        "prefetch useless": 390,
        "prefetch late": 82,
        "pf_useful_at_l2_from_l1":          0,
        "pf_late_at_l2_from_l1":          0,
        "pf_useless_at_l2_from_l1":          0,
        "pf_at_l2_to_l1":          0,
        "pf_fill_this_level":       2366,
        "miss latency": 6.17597,
        "cache queues": {
          "PQ_ACCESS": 351560,
          "PQ_FULL": 0,
          "PQ_TO_CACHE": 351560,
          "PQ_MERGED": 9,
          "RQ_ACCESS": 28570903,
          "RQ_MERGED": 141,
          "RQ_FULL": 27478041,
          "WQ_ACCESS": 622025,
          "WQ_MERGED": 1,
          "WQ_FULL": 249092
        }
      },
      "cpu0_L2C": {
        "LOAD": {
          "hit":95184,
          "miss":44774
        },
        "RFO": {
          "hit":1133,
          "miss":36517
        },
        "PREFETCH": {
          "hit":128565,
          "miss":177381
        },
        "WRITE": {
          "hit":51254,
          "miss":0
        },
        "TRANSLATION": {
          "hit":592,
          "miss":898
        },
        "mshr full": 448271,
        "prefetch requested": 0,
        "prefetch issued": 0,
        "prefetch filled": 168681,
        "prefetch useful": 0,
        "prefetch useless": 0,
        "prefetch late": 0,
        "pf_useful_at_l2_from_l1":      70136,
        "pf_late_at_l2_from_l1":       7169,
        "pf_useless_at_l2_from_l1":     107339,
        "pf_at_l2_to_l1":        340,
        "pf_fill_this_level":     167668,
        "miss latency": 47.3982,
        "cache queues": {
          "PQ_ACCESS": 359889,
          "PQ_FULL": 53954,
          "PQ_TO_CACHE": 305935,
          "PQ_MERGED": 3,
          "RQ_ACCESS": 179104,
          "RQ_MERGED": 0,
          "RQ_FULL": 0,
          "WQ_ACCESS": 51398,
          "WQ_MERGED": 0,
          "WQ_FULL": 0
        }
      },
      "LLC": {
        "LOAD": {
          "hit": [12481],
          "miss": [25124]
        },
        "RFO": {
          "hit": [5685],
          "miss": [30829]
        },
        "PREFETCH": {
          "hit": [51444],
          "miss": [124404]
        },
        "WRITE": {
          "hit": [35571],
          "miss": [0]
        },
        "TRANSLATION": {
          "hit": [214],
          "miss": [684]
        },
        "mshr full": 0,
        "prefetch requested": 0,
        "prefetch issued": 0,
        "prefetch filled": 124406,
        "prefetch useful": 0,
        "prefetch useless": 0,
        "prefetch late": 0,
        "pf_useful_at_l2_from_l1":          0,
        "pf_late_at_l2_from_l1":          0,
        "pf_useless_at_l2_from_l1":          0,
        "pf_at_l2_to_l1":         28,
        "pf_fill_this_level":          0,
        "miss latency": 68.0198,
        "cache queues": {
          "PQ_ACCESS": 175845,
          "PQ_FULL": 0,
          "PQ_TO_CACHE": 175845,
          "PQ_MERGED": 0,
          "RQ_ACCESS": 75020,
          "RQ_MERGED": 0,
          "RQ_FULL": 0,
          "WQ_ACCESS": 35584,
          "WQ_MERGED": 0,
          "WQ_FULL": 0
        }
      },
      "DRAM": [
        {
          "RQ ROW_BUFFER_HIT": 103765,
          "RQ ROW_BUFFER_MISS": 77256,
          "PQ FULL": 0,
          "WQ ROW_BUFFER_HIT": 2239,
          "WQ ROW_BUFFER_MISS": 21483,
          "WQ FULL": 0,
          "AVG DBUS CONGESTED CYCLE": 3.96654
        }
      ]

    },
    "sim": {
      "cores": [
        {
          "instructions": 5000000,
          "cycles": 8088783,
          "Avg ROB occupancy at mispredict": 17.4207, 
          "mispredict": {
            "BRANCH_DIRECT_JUMP": 31,
            "BRANCH_INDIRECT": 2,
            "BRANCH_CONDITIONAL": 125665,
            "BRANCH_DIRECT_CALL": 31,
            "BRANCH_INDIRECT_CALL": 12,
            "BRANCH_RETURN": 48
          }
        }
      ],
      "cpu0_L1I": {
        "LOAD": {
          "hit":240,
          "miss":242
        },
        "RFO": {
          "hit":0,
          "miss":0
        },
        "PREFETCH": {
          "hit":0,
          "miss":0
        },
        "WRITE": {
          "hit":0,
          "miss":0
        },
        "TRANSLATION": {
          "hit":0,
          "miss":0
        },
        "mshr full": 0,
        "prefetch requested": 0,
        "prefetch issued": 0,
        "prefetch filled": 0,
        "prefetch useful": 0,
        "prefetch useless": 0,
        "prefetch late": 0,
        "pf_useful_at_l2_from_l1":          0,
        "pf_late_at_l2_from_l1":          0,
        "pf_useless_at_l2_from_l1":          0,
        "pf_at_l2_to_l1":          0,
        "pf_fill_this_level":          0,
        "miss latency": 13.0269,
        "cache queues": {
          "PQ_ACCESS": 0,
          "PQ_FULL": 0,
          "PQ_TO_CACHE": 0,
          "PQ_MERGED": 0,
          "RQ_ACCESS": 485,
          "RQ_MERGED": 3,
          "RQ_FULL": 0,
          "WQ_ACCESS": 0,
          "WQ_MERGED": 0,
          "WQ_FULL": 0
        }
      },
      "cpu0_ITLB": {
        "LOAD": {
          "hit":400,
          "miss":25
        },
        "RFO": {
          "hit":0,
          "miss":0
        },
        "PREFETCH": {
          "hit":0,
          "miss":0
        },
        "WRITE": {
          "hit":0,
          "miss":0
        },
        "TRANSLATION": {
          "hit":0,
          "miss":0
        },
        "mshr full": 0,
        "prefetch requested": 0,
        "prefetch issued": 0,
        "prefetch filled": 0,
        "prefetch useful": 0,
        "prefetch useless": 0,
        "prefetch late": 0,
        "pf_useful_at_l2_from_l1":          0,
        "pf_late_at_l2_from_l1":          0,
        "pf_useless_at_l2_from_l1":          0,
        "pf_at_l2_to_l1":          0,
        "pf_fill_this_level":          0,
        "miss latency": 10.75,
        "cache queues": {
          "PQ_ACCESS": 0,
          "PQ_FULL": 0,
          "PQ_TO_CACHE": 0,
          "PQ_MERGED": 0,
          "RQ_ACCESS": 425,
          "RQ_MERGED": 0,
          "RQ_FULL": 0,
          "WQ_ACCESS": 0,
          "WQ_MERGED": 0,
          "WQ_FULL": 0
        }
      },
      "cpu0_DTLB": {
        "LOAD": {
          "hit":1412258,
          "miss":44365
        },
        "RFO": {
          "hit":0,
          "miss":0
        },
        "PREFETCH": {
          "hit":0,
          "miss":0
        },
        "WRITE": {
          "hit":0,
          "miss":0
        },
        "TRANSLATION": {
          "hit":0,
          "miss":0
        },
        "mshr full": 0,
        "prefetch requested": 0,
        "prefetch issued": 0,
        "prefetch filled": 0,
        "prefetch useful": 0,
        "prefetch useless": 0,
        "prefetch late": 0,
        "pf_useful_at_l2_from_l1":          0,
        "pf_late_at_l2_from_l1":          0,
        "pf_useless_at_l2_from_l1":          0,
        "pf_at_l2_to_l1":          0,
        "pf_fill_this_level":          0,
        "miss latency": 1.43372,
        "cache queues": {
          "PQ_ACCESS": 0,
          "PQ_FULL": 0,
          "PQ_TO_CACHE": 0,
          "PQ_MERGED": 0,
          "RQ_ACCESS": 1468744,
          "RQ_MERGED": 0,
          "RQ_FULL": 12121,
          "WQ_ACCESS": 0,
          "WQ_MERGED": 0,
          "WQ_FULL": 0
        }
      },
      "cpu0_STLB": {
        "LOAD": {
          "hit":20144,
          "miss":3046
        },
        "RFO": {
          "hit":0,
          "miss":0
        },
        "PREFETCH": {
          "hit":0,
          "miss":0
        },
        "WRITE": {
          "hit":0,
          "miss":0
        },
        "TRANSLATION": {
          "hit":0,
          "miss":0
        },
        "mshr full": 0,
        "prefetch requested": 0,
        "prefetch issued": 0,
        "prefetch filled": 0,
        "prefetch useful": 0,
        "prefetch useless": 0,
        "prefetch late": 0,
        "pf_useful_at_l2_from_l1":          0,
        "pf_late_at_l2_from_l1":          0,
        "pf_useless_at_l2_from_l1":          0,
        "pf_at_l2_to_l1":          0,
        "pf_fill_this_level":          0,
        "miss latency": 17.0497,
        "cache queues": {
          "PQ_ACCESS": 0,
          "PQ_FULL": 0,
          "PQ_TO_CACHE": 0,
          "PQ_MERGED": 0,
          "RQ_ACCESS": 23190,
          "RQ_MERGED": 0,
          "RQ_FULL": 0,
          "WQ_ACCESS": 0,
          "WQ_MERGED": 0,
          "WQ_FULL": 0
        }
      },
      "cpu0_L1D": {
        "LOAD": {
          "hit":877511,
          "miss":215211
        },
        "RFO": {
          "hit":0,
          "miss":0
        },
        "PREFETCH": {
          "hit":41940,
          "miss":309619
        },
        "WRITE": {
          "hit":225261,
          "miss":147607
        },
        "TRANSLATION": {
          "hit":1526,
          "miss":1490
        },
        "mshr full": 1946692,
        "prefetch requested": 351560,
        "prefetch issued": 351560,
        "prefetch filled": 2366,
        "prefetch useful": 2184,
        "prefetch useless": 390,
        "prefetch late": 82,
        "pf_useful_at_l2_from_l1":          0,
        "pf_late_at_l2_from_l1":          0,
        "pf_useless_at_l2_from_l1":          0,
        "pf_at_l2_to_l1":          0,
        "pf_fill_this_level":       2366,
        "miss latency": 6.17597,
        "cache queues": {
          "PQ_ACCESS": 351560,
          "PQ_FULL": 0,
          "PQ_TO_CACHE": 351560,
          "PQ_MERGED": 9,
          "RQ_ACCESS": 28570903,
          "RQ_MERGED": 141,
          "RQ_FULL": 27478041,
          "WQ_ACCESS": 622025,
          "WQ_MERGED": 1,
          "WQ_FULL": 249092
        }
      },
      "cpu0_L2C": {
        "LOAD": {
          "hit":95184,
          "miss":44774
        },
        "RFO": {
          "hit":1133,
          "miss":36517
        },
        "PREFETCH": {
          "hit":128565,
          "miss":177381
        },
        "WRITE": {
          "hit":51254,
          "miss":0
        },
        "TRANSLATION": {
          "hit":592,
          "miss":898
        },
        "mshr full": 448271,
        "prefetch requested": 0,
        "prefetch issued": 0,
        "prefetch filled": 168681,
        "prefetch useful": 0,
        "prefetch useless": 0,
        "prefetch late": 0,
        "pf_useful_at_l2_from_l1":      70136,
        "pf_late_at_l2_from_l1":       7169,
        "pf_useless_at_l2_from_l1":     107339,
        "pf_at_l2_to_l1":        340,
        "pf_fill_this_level":     167668,
        "miss latency": 47.3982,
        "cache queues": {
          "PQ_ACCESS": 359889,
          "PQ_FULL": 53954,
          "PQ_TO_CACHE": 305935,
          "PQ_MERGED": 3,
          "RQ_ACCESS": 179104,
          "RQ_MERGED": 0,
          "RQ_FULL": 0,
          "WQ_ACCESS": 51398,
          "WQ_MERGED": 0,
          "WQ_FULL": 0
        }
      },
      "LLC": {
        "LOAD": {
          "hit": [12481],
          "miss": [25124]
        },
        "RFO": {
          "hit": [5685],
          "miss": [30829]
        },
        "PREFETCH": {
          "hit": [51444],
          "miss": [124404]
        },
        "WRITE": {
          "hit": [35571],
          "miss": [0]
        },
        "TRANSLATION": {
          "hit": [214],
          "miss": [684]
        },
        "mshr full": 0,
        "prefetch requested": 0,
        "prefetch issued": 0,
        "prefetch filled": 124406,
        "prefetch useful": 0,
        "prefetch useless": 0,
        "prefetch late": 0,
        "pf_useful_at_l2_from_l1":          0,
        "pf_late_at_l2_from_l1":          0,
        "pf_useless_at_l2_from_l1":          0,
        "pf_at_l2_to_l1":         28,
        "pf_fill_this_level":          0,
        "miss latency": 68.0198,
        "cache queues": {
          "PQ_ACCESS": 175845,
          "PQ_FULL": 0,
          "PQ_TO_CACHE": 175845,
          "PQ_MERGED": 0,
          "RQ_ACCESS": 75020,
          "RQ_MERGED": 0,
          "RQ_FULL": 0,
          "WQ_ACCESS": 35584,
          "WQ_MERGED": 0,
          "WQ_FULL": 0
        }
      },
      "DRAM": [
        {
          "RQ ROW_BUFFER_HIT": 103765,
          "RQ ROW_BUFFER_MISS": 77256,
          "PQ FULL": 0,
          "WQ ROW_BUFFER_HIT": 2239,
          "WQ ROW_BUFFER_MISS": 21483,
          "WQ FULL": 0,
          "AVG DBUS CONGESTED CYCLE": 3.96654
        }
      ]

    }
  }
]
cpu0_ITLB
cpu0_DTLB
cpu0_STLB
Prefetch Request to L1: 2638, Prefetch Request to L2: 348922
Invalid by Eviction: 13740
Invalid by Max: 24327
Filter table begin
 ┌────────┬────────┐
 | Region | Offset |
 └────────┴────────┘
Filter table end
Accumulation table begin
 ┌────────┬────────┬────────┬─────────┐
 | Region | Offset | Second | Pattern |
 └────────┴────────┴────────┴─────────┘
Accumulation table end
Offset pattern table begin
 ┌────────────────────┬─────────────┬──────────────────────────────────────────────────────────────────────────────────────────────────┐
 | Key                | Second      | Pattern                                                                                          |
 ├────────────────────┼─────────────┼──────────────────────────────────────────────────────────────────────────────────────────────────┤
 | 0x0000000000000000 | 1           | 22 3 0 2 3 1 0 2 2 1 2 1 3 4 3 2 4 1 1 2 1 0 1 1 0 2 1 2 2 2 1 3                                 |
 ├────────────────────┼─────────────┼──────────────────────────────────────────────────────────────────────────────────────────────────┤
 | 0x0000000000000001 | 0           | 25 5 5 1 3 2 4 3 3 4 3 2 5 3 3 3 3 3 3 3 3 2 3 3 4 3 3 2 2 2 1 9                                 |
 ├────────────────────┼─────────────┼──────────────────────────────────────────────────────────────────────────────────────────────────┤
 | 0x0000000000000002 | 3           | 27 6 4 6 5 5 4 4 4 3 5 3 5 3 3 5 4 4 3 5 3 4 4 3 4 7 3 3 5 5 6 4                                 |
 ├────────────────────┼─────────────┼──────────────────────────────────────────────────────────────────────────────────────────────────┤
 | 0x0000000000000003 | 10          | 31 2 1 2 3 4 2 2 1 2 4 4 3 3 3 1 2 2 3 1 2 2 2 1 6 1 2 3 4 3 2 5                                 |
 ├────────────────────┼─────────────┼──────────────────────────────────────────────────────────────────────────────────────────────────┤
 | 0x0000000000000004 | 17          | 28 3 5 4 4 3 2 3 3 4 3 2 6 6 4 2 2 2 3 3 4 3 3 3 3 1 5 2 6 7 5 10                                |
 ├────────────────────┼─────────────┼──────────────────────────────────────────────────────────────────────────────────────────────────┤
 | 0x0000000000000005 | 4           | 19 2 2 1 1 1 1 1 1 1 0 0 2 2 3 2 1 1 3 3 0 1 3 2 2 2 2 1 3 1 2 3                                 |
 ├────────────────────┼─────────────┼──────────────────────────────────────────────────────────────────────────────────────────────────┤
 | 0x0000000000000006 | 17          | 30 6 3 2 1 3 1 3 1 2 2 3 6 8 3 2 1 2 1 3 2 2 3 3 2 4 6 2 5 7 4 9                                 |
 ├────────────────────┼─────────────┼──────────────────────────────────────────────────────────────────────────────────────────────────┤
 | 0x0000000000000007 | 18          | 24 4 0 2 2 1 2 1 0 2 2 2 4 2 2 1 2 1 2 2 1 2 1 1 2 1 1 1 1 0 4 4                                 |
 ├────────────────────┼─────────────┼──────────────────────────────────────────────────────────────────────────────────────────────────┤
 | 0x0000000000000008 | 9           | 27 7 2 1 1 1 2 1 1 2 0 3 6 4 4 3 2 2 1 1 1 1 2 3 2 2 3 2 4 4 5 5                                 |
 ├────────────────────┼─────────────┼──────────────────────────────────────────────────────────────────────────────────────────────────┤
 | 0x0000000000000009 | 5           | 30 5 3 1 0 1 1 2 2 4 1 0 7 2 3 2 2 2 4 1 1 2 1 3 3 3 2 4 3 4 2 8                                 |
 ├────────────────────┼─────────────┼──────────────────────────────────────────────────────────────────────────────────────────────────┤
 | 0x000000000000000a | 22          | 30 3 5 5 1 3 3 1 2 2 2 4 4 5 2 2 5 3 2 2 1 4 3 2 3 6 2 2 2 1 5 5                                 |
 ├────────────────────┼─────────────┼──────────────────────────────────────────────────────────────────────────────────────────────────┤
 | 0x000000000000000b | 10          | 29 5 5 3 3 3 3 3 2 2 3 5 5 5 4 4 2 2 4 3 3 4 4 3 2 3 4 4 4 3 5 8                                 |
 ├────────────────────┼─────────────┼──────────────────────────────────────────────────────────────────────────────────────────────────┤
 | 0x000000000000000c | 6           | 18 2 1 3 1 2 1 1 1 1 3 1 3 3 1 2 3 2 1 1 4 1 2 3 1 2 3 2 2 2 3 3                                 |
 ├────────────────────┼─────────────┼──────────────────────────────────────────────────────────────────────────────────────────────────┤
 | 0x000000000000000d | 12          | 28 7 3 2 2 3 2 1 1 2 1 3 4 3 1 1 1 2 2 8 5 5 3 3 3 3 2 2 4 2 6 10                                |
 ├────────────────────┼─────────────┼──────────────────────────────────────────────────────────────────────────────────────────────────┤
 | 0x000000000000000e | 13          | 22 4 4 4 5 2 2 4 4 3 4 3 5 4 3 2 3 2 2 6 4 4 4 3 3 4 2 3 5 3 4 3                                 |
 ├────────────────────┼─────────────┼──────────────────────────────────────────────────────────────────────────────────────────────────┤
 | 0x000000000000000f | 16          | 22 4 1 3 0 2 1 1 2 1 0 2 2 3 0 1 0 2 2 5 3 2 1 2 1 2 4 1 1 0 2 3                                 |
 ├────────────────────┼─────────────┼──────────────────────────────────────────────────────────────────────────────────────────────────┤
 | 0x0000000000000010 | 29          | 20 4 3 1 0 1 3 0 3 2 2 1 3 1 3 3 2 3 3 7 4 3 1 2 3 2 2 2 3 1 3 5                                 |
 ├────────────────────┼─────────────┼──────────────────────────────────────────────────────────────────────────────────────────────────┤
 | 0x0000000000000011 | 12          | 22 3 3 3 2 4 2 3 2 1 2 2 2 1 1 1 3 0 3 4 3 2 1 4 2 2 3 4 1 1 2 4                                 |
 ├────────────────────┼─────────────┼──────────────────────────────────────────────────────────────────────────────────────────────────┤
 | 0x0000000000000012 | 16          | 20 2 2 2 2 1 2 3 2 3 2 3 2 3 2 1 3 3 4 4 5 2 3 3 2 2 4 3 3 4 5 4                                 |
 ├────────────────────┼─────────────┼──────────────────────────────────────────────────────────────────────────────────────────────────┤
 | 0x0000000000000013 | 30          | 19 3 2 1 4 2 2 1 0 2 2 2 1 1 3 4 1 2 3 6 4 2 3 2 2 1 2 2 3 3 1 3                                 |
 ├────────────────────┼─────────────┼──────────────────────────────────────────────────────────────────────────────────────────────────┤
 | 0x0000000000000014 | 21          | 17 4 1 2 1 1 0 0 0 0 1 0 3 2 2 1 1 2 2 5 3 3 3 1 2 2 0 2 2 2 0 4                                 |
 ├────────────────────┼─────────────┼──────────────────────────────────────────────────────────────────────────────────────────────────┤
 | 0x0000000000000015 | 20          | 31 6 5 5 2 3 5 4 3 3 5 3 6 4 8 3 4 3 5 4 4 6 5 5 5 2 4 5 2 4 5 9                                 |
 ├────────────────────┼─────────────┼──────────────────────────────────────────────────────────────────────────────────────────────────┤
 | 0x0000000000000016 | 23          | 31 2 6 5 6 5 5 2 2 2 5 3 4 5 6 3 4 4 7 11 6 4 4 8 7 7 6 7 5 7 5 10                               |
 ├────────────────────┼─────────────┼──────────────────────────────────────────────────────────────────────────────────────────────────┤
 | 0x0000000000000017 | 21          | 30 3 2 2 2 3 2 3 3 3 2 2 3 2 3 3 2 3 6 7 8 4 2 3 3 3 3 2 2 3 3 4                                 |
 ├────────────────────┼─────────────┼──────────────────────────────────────────────────────────────────────────────────────────────────┤
 | 0x0000000000000018 | 30          | 25 3 6 5 6 6 5 2 2 2 5 6 4 3 4 6 11 6 8 9 6 8 4 4 2 3 4 4 3 5 6 8                                |
 ├────────────────────┼─────────────┼──────────────────────────────────────────────────────────────────────────────────────────────────┤
 | 0x0000000000000019 | 1           | 17 4 2 2 2 2 1 3 2 4 3 3 3 2 3 3 3 4 3 2 3 2 2 2 2 0 2 1 3 2 3 4                                 |
 ├────────────────────┼─────────────┼──────────────────────────────────────────────────────────────────────────────────────────────────┤
 | 0x000000000000001a | 22          | 18 0 2 0 1 3 4 3 2 2 2 1 3 2 3 4 3 3 5 4 4 4 3 3 1 1 1 1 4 3 3 3                                 |
 ├────────────────────┼─────────────┼──────────────────────────────────────────────────────────────────────────────────────────────────┤
 | 0x000000000000001b | 22          | 30 7 2 3 3 1 5 8 6 3 6 5 2 4 5 3 4 5 5 4 5 6 5 5 4 5 6 5 5 3 6 7                                 |
 ├────────────────────┼─────────────┼──────────────────────────────────────────────────────────────────────────────────────────────────┤
 | 0x000000000000001c | 27          | 26 5 2 3 7 9 9 4 4 4 3 4 5 5 6 6 8 6 10 8 8 4 6 3 7 5 5 5 4 7 8 8                                |
 ├────────────────────┼─────────────┼──────────────────────────────────────────────────────────────────────────────────────────────────┤
 | 0x000000000000001d | 26          | 26 3 3 6 4 6 8 5 4 6 5 3 4 4 5 5 5 7 8 9 4 5 3 4 3 3 5 5 5 3 6 11                                |
 ├────────────────────┼─────────────┼──────────────────────────────────────────────────────────────────────────────────────────────────┤
 | 0x000000000000001e | 27          | 17 2 4 5 7 6 6 5 4 5 4 6 5 4 5 6 7 7 7 6 6 5 5 4 5 3 4 5 5 5 5 6                                 |
 ├────────────────────┼─────────────┼──────────────────────────────────────────────────────────────────────────────────────────────────┤
 | 0x000000000000001f | 30          | 26 18 19 21 21 21 22 20 21 22 22 19 18 18 21 23 23 21 22 23 22 22 21 22 18 19 20 23 22 22 21 22  |
 └────────────────────┴─────────────┴──────────────────────────────────────────────────────────────────────────────────────────────────┘
Offset pattern table end
PC pattern table begin
 ┌────────────────────┬─────────────┬──────────────────────────────────────────────────┐
 | Key                | Second      | Pattern                                          |
 ├────────────────────┼─────────────┼──────────────────────────────────────────────────┤
 | 0x0000000000000000 | 12          | 30 23 24 26 26 26 24 24 23 26 22 23 22 22 22 21  |
 ├────────────────────┼─────────────┼──────────────────────────────────────────────────┤
 | 0x0000000000000001 | 28          | 27 6 11 12 11 11 11 9 11 11 12 13 11 13 11 13    |
 ├────────────────────┼─────────────┼──────────────────────────────────────────────────┤
 | 0x0000000000000002 | 12          | 31 24 23 20 20 18 16 17 16 14 16 11 14 11 8 11   |
 ├────────────────────┼─────────────┼──────────────────────────────────────────────────┤
 | 0x0000000000000003 | 7           | 21 9 10 2 5 4 4 6 6 3 6 5 4 7 6 4                |
 ├────────────────────┼─────────────┼──────────────────────────────────────────────────┤
 | 0x0000000000000004 | 28          | 8 1 2 2 2 1 2 2 2 6 1 2 1 2 1 4                  |
 ├────────────────────┼─────────────┼──────────────────────────────────────────────────┤
 | 0x0000000000000005 | 16          | 27 20 18 21 20 19 14 13 13 9 9 7 6 6 6 5         |
 ├────────────────────┼─────────────┼──────────────────────────────────────────────────┤
 | 0x0000000000000006 | 5           | 24 8 5 4 9 6 7 7 4 7 9 8 5 5 6 3                 |
 ├────────────────────┼─────────────┼──────────────────────────────────────────────────┤
 | 0x0000000000000007 | 28          | 23 9 5 4 4 4 2 2 2 3 2 5 3 2 1 3                 |
 ├────────────────────┼─────────────┼──────────────────────────────────────────────────┤
 | 0x0000000000000008 | 4           | 17 3 3 1 2 1 1 2 1 3 4 2 2 2 3 3                 |
 ├────────────────────┼─────────────┼──────────────────────────────────────────────────┤
 | 0x0000000000000009 | 12          | 29 11 15 16 12 15 19 11 13 14 16 11 15 15 12 15  |
 ├────────────────────┼─────────────┼──────────────────────────────────────────────────┤
 | 0x000000000000000a | 10          | 31 23 16 10 6 5 5 5 4 3 2 1 2 1 0 0              |
 ├────────────────────┼─────────────┼──────────────────────────────────────────────────┤
 | 0x000000000000000b | 17          | 27 4 8 2 5 4 3 6 6 3 6 5 2 6 6 7                 |
 ├────────────────────┼─────────────┼──────────────────────────────────────────────────┤
 | 0x000000000000000c | 9           | 18 8 5 7 6 6 5 5 7 5 7 7 6 7 7 8                 |
 ├────────────────────┼─────────────┼──────────────────────────────────────────────────┤
 | 0x000000000000000d | 0           | 24 5 5 3 5 2 5 4 3 5 6 3 2 5 3 3                 |
 ├────────────────────┼─────────────┼──────────────────────────────────────────────────┤
 | 0x000000000000000e | 21          | 27 14 6 7 7 6 7 6 7 6 4 5 6 5 4 5                |
 ├────────────────────┼─────────────┼──────────────────────────────────────────────────┤
 | 0x000000000000000f | 18          | 28 5 5 2 4 5 7 8 7 5 9 6 4 7 5 7                 |
 ├────────────────────┼─────────────┼──────────────────────────────────────────────────┤
 | 0x0000000000000010 | 16          | 26 20 19 17 14 15 14 13 12 13 12 12 13 11 11 12  |
 ├────────────────────┼─────────────┼──────────────────────────────────────────────────┤
 | 0x0000000000000012 | 29          | 20 6 6 6 6 6 6 6 2 7 3 4 5 3 2 1                 |
 ├────────────────────┼─────────────┼──────────────────────────────────────────────────┤
 | 0x0000000000000013 | 26          | 24 6 0 0 1 2 0 1 0 3 0 2 1 0 1 0                 |
 ├────────────────────┼─────────────┼──────────────────────────────────────────────────┤
 | 0x0000000000000014 | 24          | 28 18 16 17 15 14 12 12 13 13 12 10 14 10 10 10  |
 ├────────────────────┼─────────────┼──────────────────────────────────────────────────┤
 | 0x0000000000000015 | 29          | 19 4 8 11 11 12 9 9 11 9 10 13 10 12 10 10       |
 ├────────────────────┼─────────────┼──────────────────────────────────────────────────┤
 | 0x0000000000000016 | 25          | 31 8 1 0 1 1 1 1 2 2 3 1 2 2 1 2                 |
 ├────────────────────┼─────────────┼──────────────────────────────────────────────────┤
 | 0x0000000000000017 | 30          | 21 9 9 11 13 10 9 9 10 10 12 12 10 10 11 11      |
 ├────────────────────┼─────────────┼──────────────────────────────────────────────────┤
 | 0x0000000000000018 | 14          | 2 1 0 1 1 0 0 1 0 0 1 0 0 0 1 1                  |
 ├────────────────────┼─────────────┼──────────────────────────────────────────────────┤
 | 0x0000000000000019 | 6           | 1 1 0 0 0 0 0 0 0 0 0 0 0 0 0 0                  |
 ├────────────────────┼─────────────┼──────────────────────────────────────────────────┤
 | 0x000000000000001a | 8           | 30 6 11 12 10 11 10 10 14 15 14 9 11 12 14 13    |
 ├────────────────────┼─────────────┼──────────────────────────────────────────────────┤
 | 0x000000000000001b | 1           | 20 14 16 17 16 13 16 16 15 18 17 13 16 15 16 18  |
 ├────────────────────┼─────────────┼──────────────────────────────────────────────────┤
 | 0x000000000000001c | 8           | 1 0 0 0 0 0 0 0 0 0 0 0 0 0 1 0                  |
 ├────────────────────┼─────────────┼──────────────────────────────────────────────────┤
 | 0x000000000000001d | 2           | 20 17 18 19 19 19 19 19 19 19 19 19 19 19 19 19  |
 ├────────────────────┼─────────────┼──────────────────────────────────────────────────┤
 | 0x000000000000001e | 30          | 30 28 27 27 27 27 27 28 28 28 28 28 28 28 28 29  |
 ├────────────────────┼─────────────┼──────────────────────────────────────────────────┤
 | 0x000000000000001f | 0           | 26 14 15 15 14 12 14 13 15 12 16 14 15 15 12 15  |
 └────────────────────┴─────────────┴──────────────────────────────────────────────────┘
PC pattern table end
Prefetch buffer begin
 ┌────────────────────┬──────────────────────────────────────────────────────────────────┐
 | Region             | Pattern                                                          |
 ├────────────────────┼──────────────────────────────────────────────────────────────────┤
 | 0x0000000000000225 | 2 2 2 2 0 0 0 0 0 0 0 0 0 0 0 0 0 0 0 0 0 0 0 0 0 0 0 0 0 0 2 2  |
 ├────────────────────┼──────────────────────────────────────────────────────────────────┤
 | 0x000000000000028a | 2 2 2 2 2 2 2 2 2 2 2 2 2 2 2 2 2 2 2 2 0 0 0 0 0 0 0 0 0 2 2 2  |
 ├────────────────────┼──────────────────────────────────────────────────────────────────┤
 | 0x0000000000000219 | 0 0 0 0 0 0 0 0 0 0 0 2 2 2 2 2 2 2 2 2 2 2 2 2 2 2 2 2 2 2 2 0  |
 ├────────────────────┼──────────────────────────────────────────────────────────────────┤
 | 0x0000000000000291 | 0 0 0 0 0 0 0 0 0 2 2 2 2 2 2 2 2 2 2 2 2 2 2 2 2 2 2 2 2 2 2 2  |
 ├────────────────────┼──────────────────────────────────────────────────────────────────┤
 | 0x0000000000000294 | 2 2 2 2 2 2 0 0 0 0 0 0 0 0 0 0 0 0 0 0 0 0 0 0 0 0 0 0 0 0 0 0  |
 ├────────────────────┼──────────────────────────────────────────────────────────────────┤
 | 0x0000000000000218 | 2 2 2 2 2 2 2 2 2 2 2 2 2 2 2 2 2 2 2 2 2 2 2 2 2 2 2 2 2 2 0 0  |
 ├────────────────────┼──────────────────────────────────────────────────────────────────┤
 | 0x000000000000028b | 2 2 2 2 2 2 0 0 0 0 0 0 0 0 0 0 0 0 0 0 0 0 0 0 0 0 0 0 0 0 0 0  |
 ├────────────────────┼──────────────────────────────────────────────────────────────────┤
 | 0x00000000000002ac | 2 2 2 2 0 0 0 0 0 0 0 0 0 0 0 0 0 0 2 2 2 2 2 2 2 2 2 2 2 2 2 2  |
 ├────────────────────┼──────────────────────────────────────────────────────────────────┤
 | 0x0000000000000224 | 2 2 2 2 2 2 2 2 2 0 0 0 0 0 0 0 0 0 0 0 0 0 0 0 0 0 2 2 2 2 2 2  |
 ├────────────────────┼──────────────────────────────────────────────────────────────────┤
 | 0x000000000000028e | 0 0 0 0 0 0 0 0 0 0 0 0 0 0 0 0 0 0 2 2 2 2 2 2 2 2 2 2 2 2 2 2  |
 ├────────────────────┼──────────────────────────────────────────────────────────────────┤
 | 0x0000000000000290 | 2 2 2 2 2 2 2 0 0 0 0 0 0 0 0 0 0 0 0 0 0 0 0 0 0 0 0 0 0 0 0 0  |
 ├────────────────────┼──────────────────────────────────────────────────────────────────┤
 | 0x00000000000002aa | 2 2 2 2 2 2 2 2 2 2 2 0 0 0 0 0 0 0 0 0 2 2 2 2 2 2 2 2 2 2 2 2  |
 ├────────────────────┼──────────────────────────────────────────────────────────────────┤
 | 0x00000000000002a5 | 0 0 0 0 0 0 0 0 0 2 2 2 2 2 2 2 2 2 2 2 2 2 2 2 2 2 2 2 2 2 2 2  |
 ├────────────────────┼──────────────────────────────────────────────────────────────────┤
 | 0x0000000000000293 | 0 0 0 0 0 0 0 0 0 0 0 0 0 0 0 0 0 0 0 0 0 0 0 0 0 2 2 2 2 2 2 2  |
 ├────────────────────┼──────────────────────────────────────────────────────────────────┤
 | 0x0000000000000287 | 2 2 2 2 2 2 2 2 2 2 2 0 0 0 0 0 0 0 0 0 2 2 2 0 0 0 0 0 0 0 0 0  |
 ├────────────────────┼──────────────────────────────────────────────────────────────────┤
 | 0x00000000000002a1 | 2 2 2 2 2 2 2 2 2 2 2 2 2 2 2 2 0 0 0 0 0 0 0 0 0 2 2 2 2 2 2 2  |
 ├────────────────────┼──────────────────────────────────────────────────────────────────┤
 | 0x000000000000028c | 0 0 0 0 0 0 0 0 0 0 0 0 0 0 0 0 0 0 0 0 0 0 0 0 0 0 0 2 2 2 2 2  |
 ├────────────────────┼──────────────────────────────────────────────────────────────────┤
 | 0x00000000000002ab | 0 0 0 0 0 0 0 0 0 2 2 2 2 2 2 2 2 2 2 2 2 2 2 2 2 2 2 2 2 2 2 2  |
 ├────────────────────┼──────────────────────────────────────────────────────────────────┤
 | 0x00000000000002a4 | 2 2 2 2 2 2 2 2 2 2 2 2 2 2 2 2 2 2 2 2 2 2 0 0 0 0 0 0 0 0 0 2  |
 ├────────────────────┼──────────────────────────────────────────────────────────────────┤
 | 0x0000000000000286 | 2 2 2 2 2 2 2 2 2 2 2 2 2 2 2 0 0 0 0 0 0 0 0 0 0 0 0 0 0 0 0 0  |
 └────────────────────┴──────────────────────────────────────────────────────────────────┘
Prefetch buffer end
Filter by PPT: 0
cpu0_L2C
Num Con Filled: 0
Num Con Useful: 0 Useless:0 Accuracy: nan
LLC
