41 41 41
Available num physical pages: 35184372088576
WARNING: physical memory size is smaller than virtual memory size

*** ChampSim Multicore Out-of-Order Simulator ***

Warmup Instructions: 5000000
Simulation Instructions: 5000000
Number of CPUs: 1
Page size: 4096

Basic BTB sets: 1024 ways: 8 indirect buffer size: 4096 RAS size: 64
cpu0_L1D PMP prefetcher
Off-chip DRAM Size: 4 GiB Channels: 1 Width: 64-bit Data Rate: 3200 MT/s
Max paddr 1M
Warmup finished CPU 0 instructions: 5000002 cycles: 1318016 cumulative IPC: 3.79359 (Simulation time: 0 hr 3 min 22 sec) 

Warmup complete CPU 0 instructions: 5000002 cycles: 1318016 (Simulation time: 0 hr 3 min 22 sec) 

Heartbeat CPU 0 instructions: 10000002 cycles: 2962532 heartbeat IPC: 3.3755 cumulative IPC: 3.04041 (Simulation time: 0 hr 6 min 28 sec) 
Max paddr 1M
Simulation finished CPU 0 instructions: 5000000 cycles: 1644517 cumulative IPC: 3.04041 (Simulation time: 0 hr 6 min 28 sec) 

Simulation complete CPU 0 instructions: 5000000 cycles: 1644517 (Simulation time: 0 hr 6 min 28 sec) 


ChampSim completed all CPUs

[
  {
    "name": "Simulation",
    "traces": [
      "../traces/481.wrf-1170B.champsimtrace.xz"
    ],
    "roi": {
      "cores": [
        {
          "instructions": 5000000,
          "cycles": 1644517,
          "Avg ROB occupancy at mispredict": 56.009, 
          "mispredict": {
            "BRANCH_DIRECT_JUMP": 0,
            "BRANCH_INDIRECT": 0,
            "BRANCH_CONDITIONAL": 16343,
            "BRANCH_DIRECT_CALL": 0,
            "BRANCH_INDIRECT_CALL": 0,
            "BRANCH_RETURN": 0
          }
        }
      ],
      "cpu0_L1I": {
        "LOAD": {
          "hit":71841,
          "miss":10421
        },
        "RFO": {
          "hit":0,
          "miss":0
        },
        "PREFETCH": {
          "hit":0,
          "miss":0
        },
        "WRITE": {
          "hit":0,
          "miss":0
        },
        "TRANSLATION": {
          "hit":0,
          "miss":0
        },
        "mshr full": 0,
        "prefetch requested": 0,
        "prefetch issued": 0,
        "prefetch filled": 0,
        "prefetch useful": 0,
        "prefetch useless": 0,
        "prefetch late": 0,
        "pf_useful_at_l2_from_l1":          0,
        "pf_late_at_l2_from_l1":          0,
        "pf_useless_at_l2_from_l1":          0,
        "pf_at_l2_to_l1":          0,
        "pf_fill_this_level":          0,
        "miss latency": 0.402913,
        "cache queues": {
          "PQ_ACCESS": 0,
          "PQ_FULL": 0,
          "PQ_TO_CACHE": 0,
          "PQ_MERGED": 0,
          "RQ_ACCESS": 82432,
          "RQ_MERGED": 170,
          "RQ_FULL": 0,
          "WQ_ACCESS": 0,
          "WQ_MERGED": 0,
          "WQ_FULL": 0
        }
      },
      "cpu0_ITLB": {
        "LOAD": {
          "hit":70753,
          "miss":0
        },
        "RFO": {
          "hit":0,
          "miss":0
        },
        "PREFETCH": {
          "hit":0,
          "miss":0
        },
        "WRITE": {
          "hit":0,
          "miss":0
        },
        "TRANSLATION": {
          "hit":0,
          "miss":0
        },
        "mshr full": 0,
        "prefetch requested": 0,
        "prefetch issued": 0,
        "prefetch filled": 0,
        "prefetch useful": 0,
        "prefetch useless": 0,
        "prefetch late": 0,
        "pf_useful_at_l2_from_l1":          0,
        "pf_late_at_l2_from_l1":          0,
        "pf_useless_at_l2_from_l1":          0,
        "pf_at_l2_to_l1":          0,
        "pf_fill_this_level":          0,
        "miss latency": null,
        "cache queues": {
          "PQ_ACCESS": 0,
          "PQ_FULL": 0,
          "PQ_TO_CACHE": 0,
          "PQ_MERGED": 0,
          "RQ_ACCESS": 70753,
          "RQ_MERGED": 0,
          "RQ_FULL": 0,
          "WQ_ACCESS": 0,
          "WQ_MERGED": 0,
          "WQ_FULL": 0
        }
      },
      "cpu0_DTLB": {
        "LOAD": {
          "hit":1997643,
          "miss":12305
        },
        "RFO": {
          "hit":0,
          "miss":0
        },
        "PREFETCH": {
          "hit":0,
          "miss":0
        },
        "WRITE": {
          "hit":0,
          "miss":0
        },
        "TRANSLATION": {
          "hit":0,
          "miss":0
        },
        "mshr full": 0,
        "prefetch requested": 0,
        "prefetch issued": 0,
        "prefetch filled": 0,
        "prefetch useful": 0,
        "prefetch useless": 0,
        "prefetch late": 0,
        "pf_useful_at_l2_from_l1":          0,
        "pf_late_at_l2_from_l1":          0,
        "pf_useless_at_l2_from_l1":          0,
        "pf_at_l2_to_l1":          0,
        "pf_fill_this_level":          0,
        "miss latency": 0.332538,
        "cache queues": {
          "PQ_ACCESS": 0,
          "PQ_FULL": 0,
          "PQ_TO_CACHE": 0,
          "PQ_MERGED": 0,
          "RQ_ACCESS": 2187502,
          "RQ_MERGED": 0,
          "RQ_FULL": 177554,
          "WQ_ACCESS": 0,
          "WQ_MERGED": 0,
          "WQ_FULL": 0
        }
      },
      "cpu0_STLB": {
        "LOAD": {
          "hit":8030,
          "miss":2
        },
        "RFO": {
          "hit":0,
          "miss":0
        },
        "PREFETCH": {
          "hit":0,
          "miss":0
        },
        "WRITE": {
          "hit":0,
          "miss":0
        },
        "TRANSLATION": {
          "hit":0,
          "miss":0
        },
        "mshr full": 0,
        "prefetch requested": 0,
        "prefetch issued": 0,
        "prefetch filled": 0,
        "prefetch useful": 0,
        "prefetch useless": 0,
        "prefetch late": 0,
        "pf_useful_at_l2_from_l1":          0,
        "pf_late_at_l2_from_l1":          0,
        "pf_useless_at_l2_from_l1":          0,
        "pf_at_l2_to_l1":          0,
        "pf_fill_this_level":          0,
        "miss latency": 32.0625,
        "cache queues": {
          "PQ_ACCESS": 0,
          "PQ_FULL": 0,
          "PQ_TO_CACHE": 0,
          "PQ_MERGED": 0,
          "RQ_ACCESS": 8032,
          "RQ_MERGED": 0,
          "RQ_FULL": 0,
          "WQ_ACCESS": 0,
          "WQ_MERGED": 0,
          "WQ_FULL": 0
        }
      },
      "cpu0_L1D": {
        "LOAD": {
          "hit":1290242,
          "miss":15050
        },
        "RFO": {
          "hit":0,
          "miss":0
        },
        "PREFETCH": {
          "hit":17893,
          "miss":16440
        },
        "WRITE": {
          "hit":789865,
          "miss":10046
        },
        "TRANSLATION": {
          "hit":0,
          "miss":3
        },
        "mshr full": 0,
        "prefetch requested": 34339,
        "prefetch issued": 34339,
        "prefetch filled": 976,
        "prefetch useful": 275,
        "prefetch useless": 704,
        "prefetch late": 4,
        "pf_useful_at_l2_from_l1":          0,
        "pf_late_at_l2_from_l1":          0,
        "pf_useless_at_l2_from_l1":          0,
        "pf_at_l2_to_l1":          0,
        "pf_fill_this_level":        976,
        "miss latency": 1.62458,
        "cache queues": {
          "PQ_ACCESS": 34339,
          "PQ_FULL": 0,
          "PQ_TO_CACHE": 34339,
          "PQ_MERGED": 1,
          "RQ_ACCESS": 4513307,
          "RQ_MERGED": 0,
          "RQ_FULL": 3208013,
          "WQ_ACCESS": 800404,
          "WQ_MERGED": 0,
          "WQ_FULL": 491
        }
      },
      "cpu0_L2C": {
        "LOAD": {
          "hit":19526,
          "miss":1134
        },
        "RFO": {
          "hit":5855,
          "miss":26
        },
        "PREFETCH": {
          "hit":14904,
          "miss":1412
        },
        "WRITE": {
          "hit":8606,
          "miss":0
        },
        "TRANSLATION": {
          "hit":1,
          "miss":2
        },
        "mshr full": 0,
        "prefetch requested": 0,
        "prefetch issued": 0,
        "prefetch filled": 1399,
        "prefetch useful": 0,
        "prefetch useless": 0,
        "prefetch late": 0,
        "pf_useful_at_l2_from_l1":        702,
        "pf_late_at_l2_from_l1":         13,
        "pf_useless_at_l2_from_l1":         10,
        "pf_at_l2_to_l1":         82,
        "pf_fill_this_level":       1116,
        "miss latency": 26.261,
        "cache queues": {
          "PQ_ACCESS": 16318,
          "PQ_FULL": 0,
          "PQ_TO_CACHE": 16318,
          "PQ_MERGED": 0,
          "RQ_ACCESS": 26589,
          "RQ_MERGED": 0,
          "RQ_FULL": 0,
          "WQ_ACCESS": 8607,
          "WQ_MERGED": 0,
          "WQ_FULL": 0
        }
      },
      "LLC": {
        "LOAD": {
          "hit": [0],
          "miss": [1121]
        },
        "RFO": {
          "hit": [0],
          "miss": [26]
        },
        "PREFETCH": {
          "hit": [2],
          "miss": [1410]
        },
        "WRITE": {
          "hit": [51],
          "miss": [0]
        },
        "TRANSLATION": {
          "hit": [0],
          "miss": [2]
        },
        "mshr full": 0,
        "prefetch requested": 0,
        "prefetch issued": 0,
        "prefetch filled": 1410,
        "prefetch useful": 0,
        "prefetch useless": 0,
        "prefetch late": 0,
        "pf_useful_at_l2_from_l1":          0,
        "pf_late_at_l2_from_l1":          0,
        "pf_useless_at_l2_from_l1":          0,
        "pf_at_l2_to_l1":          0,
        "pf_fill_this_level":          0,
        "miss latency": 24.3067,
        "cache queues": {
          "PQ_ACCESS": 1412,
          "PQ_FULL": 0,
          "PQ_TO_CACHE": 1412,
          "PQ_MERGED": 0,
          "RQ_ACCESS": 1149,
          "RQ_MERGED": 0,
          "RQ_FULL": 0,
          "WQ_ACCESS": 51,
          "WQ_MERGED": 0,
          "WQ_FULL": 0
        }
      },
      "DRAM": [
        {
          "RQ ROW_BUFFER_HIT": 1112,
          "RQ ROW_BUFFER_MISS": 1447,
          "PQ FULL": 0,
          "WQ ROW_BUFFER_HIT": 0,
          "WQ ROW_BUFFER_MISS": 0,
          "WQ FULL": 0,
          "AVG DBUS CONGESTED CYCLE": 3.83189
        }
      ]

    },
    "sim": {
      "cores": [
        {
          "instructions": 5000000,
          "cycles": 1644517,
          "Avg ROB occupancy at mispredict": 56.009, 
          "mispredict": {
            "BRANCH_DIRECT_JUMP": 0,
            "BRANCH_INDIRECT": 0,
            "BRANCH_CONDITIONAL": 16343,
            "BRANCH_DIRECT_CALL": 0,
            "BRANCH_INDIRECT_CALL": 0,
            "BRANCH_RETURN": 0
          }
        }
      ],
      "cpu0_L1I": {
        "LOAD": {
          "hit":71841,
          "miss":10421
        },
        "RFO": {
          "hit":0,
          "miss":0
        },
        "PREFETCH": {
          "hit":0,
          "miss":0
        },
        "WRITE": {
          "hit":0,
          "miss":0
        },
        "TRANSLATION": {
          "hit":0,
          "miss":0
        },
        "mshr full": 0,
        "prefetch requested": 0,
        "prefetch issued": 0,
        "prefetch filled": 0,
        "prefetch useful": 0,
        "prefetch useless": 0,
        "prefetch late": 0,
        "pf_useful_at_l2_from_l1":          0,
        "pf_late_at_l2_from_l1":          0,
        "pf_useless_at_l2_from_l1":          0,
        "pf_at_l2_to_l1":          0,
        "pf_fill_this_level":          0,
        "miss latency": 0.402913,
        "cache queues": {
          "PQ_ACCESS": 0,
          "PQ_FULL": 0,
          "PQ_TO_CACHE": 0,
          "PQ_MERGED": 0,
          "RQ_ACCESS": 82432,
          "RQ_MERGED": 170,
          "RQ_FULL": 0,
          "WQ_ACCESS": 0,
          "WQ_MERGED": 0,
          "WQ_FULL": 0
        }
      },
      "cpu0_ITLB": {
        "LOAD": {
          "hit":70753,
          "miss":0
        },
        "RFO": {
          "hit":0,
          "miss":0
        },
        "PREFETCH": {
          "hit":0,
          "miss":0
        },
        "WRITE": {
          "hit":0,
          "miss":0
        },
        "TRANSLATION": {
          "hit":0,
          "miss":0
        },
        "mshr full": 0,
        "prefetch requested": 0,
        "prefetch issued": 0,
        "prefetch filled": 0,
        "prefetch useful": 0,
        "prefetch useless": 0,
        "prefetch late": 0,
        "pf_useful_at_l2_from_l1":          0,
        "pf_late_at_l2_from_l1":          0,
        "pf_useless_at_l2_from_l1":          0,
        "pf_at_l2_to_l1":          0,
        "pf_fill_this_level":          0,
        "miss latency": null,
        "cache queues": {
          "PQ_ACCESS": 0,
          "PQ_FULL": 0,
          "PQ_TO_CACHE": 0,
          "PQ_MERGED": 0,
          "RQ_ACCESS": 70753,
          "RQ_MERGED": 0,
          "RQ_FULL": 0,
          "WQ_ACCESS": 0,
          "WQ_MERGED": 0,
          "WQ_FULL": 0
        }
      },
      "cpu0_DTLB": {
        "LOAD": {
          "hit":1997643,
          "miss":12305
        },
        "RFO": {
          "hit":0,
          "miss":0
        },
        "PREFETCH": {
          "hit":0,
          "miss":0
        },
        "WRITE": {
          "hit":0,
          "miss":0
        },
        "TRANSLATION": {
          "hit":0,
          "miss":0
        },
        "mshr full": 0,
        "prefetch requested": 0,
        "prefetch issued": 0,
        "prefetch filled": 0,
        "prefetch useful": 0,
        "prefetch useless": 0,
        "prefetch late": 0,
        "pf_useful_at_l2_from_l1":          0,
        "pf_late_at_l2_from_l1":          0,
        "pf_useless_at_l2_from_l1":          0,
        "pf_at_l2_to_l1":          0,
        "pf_fill_this_level":          0,
        "miss latency": 0.332538,
        "cache queues": {
          "PQ_ACCESS": 0,
          "PQ_FULL": 0,
          "PQ_TO_CACHE": 0,
          "PQ_MERGED": 0,
          "RQ_ACCESS": 2187502,
          "RQ_MERGED": 0,
          "RQ_FULL": 177554,
          "WQ_ACCESS": 0,
          "WQ_MERGED": 0,
          "WQ_FULL": 0
        }
      },
      "cpu0_STLB": {
        "LOAD": {
          "hit":8030,
          "miss":2
        },
        "RFO": {
          "hit":0,
          "miss":0
        },
        "PREFETCH": {
          "hit":0,
          "miss":0
        },
        "WRITE": {
          "hit":0,
          "miss":0
        },
        "TRANSLATION": {
          "hit":0,
          "miss":0
        },
        "mshr full": 0,
        "prefetch requested": 0,
        "prefetch issued": 0,
        "prefetch filled": 0,
        "prefetch useful": 0,
        "prefetch useless": 0,
        "prefetch late": 0,
        "pf_useful_at_l2_from_l1":          0,
        "pf_late_at_l2_from_l1":          0,
        "pf_useless_at_l2_from_l1":          0,
        "pf_at_l2_to_l1":          0,
        "pf_fill_this_level":          0,
        "miss latency": 32.0625,
        "cache queues": {
          "PQ_ACCESS": 0,
          "PQ_FULL": 0,
          "PQ_TO_CACHE": 0,
          "PQ_MERGED": 0,
          "RQ_ACCESS": 8032,
          "RQ_MERGED": 0,
          "RQ_FULL": 0,
          "WQ_ACCESS": 0,
          "WQ_MERGED": 0,
          "WQ_FULL": 0
        }
      },
      "cpu0_L1D": {
        "LOAD": {
          "hit":1290242,
          "miss":15050
        },
        "RFO": {
          "hit":0,
          "miss":0
        },
        "PREFETCH": {
          "hit":17893,
          "miss":16440
        },
        "WRITE": {
          "hit":789865,
          "miss":10046
        },
        "TRANSLATION": {
          "hit":0,
          "miss":3
        },
        "mshr full": 0,
        "prefetch requested": 34339,
        "prefetch issued": 34339,
        "prefetch filled": 976,
        "prefetch useful": 275,
        "prefetch useless": 704,
        "prefetch late": 4,
        "pf_useful_at_l2_from_l1":          0,
        "pf_late_at_l2_from_l1":          0,
        "pf_useless_at_l2_from_l1":          0,
        "pf_at_l2_to_l1":          0,
        "pf_fill_this_level":        976,
        "miss latency": 1.62458,
        "cache queues": {
          "PQ_ACCESS": 34339,
          "PQ_FULL": 0,
          "PQ_TO_CACHE": 34339,
          "PQ_MERGED": 1,
          "RQ_ACCESS": 4513307,
          "RQ_MERGED": 0,
          "RQ_FULL": 3208013,
          "WQ_ACCESS": 800404,
          "WQ_MERGED": 0,
          "WQ_FULL": 491
        }
      },
      "cpu0_L2C": {
        "LOAD": {
          "hit":19526,
          "miss":1134
        },
        "RFO": {
          "hit":5855,
          "miss":26
        },
        "PREFETCH": {
          "hit":14904,
          "miss":1412
        },
        "WRITE": {
          "hit":8606,
          "miss":0
        },
        "TRANSLATION": {
          "hit":1,
          "miss":2
        },
        "mshr full": 0,
        "prefetch requested": 0,
        "prefetch issued": 0,
        "prefetch filled": 1399,
        "prefetch useful": 0,
        "prefetch useless": 0,
        "prefetch late": 0,
        "pf_useful_at_l2_from_l1":        702,
        "pf_late_at_l2_from_l1":         13,
        "pf_useless_at_l2_from_l1":         10,
        "pf_at_l2_to_l1":         82,
        "pf_fill_this_level":       1116,
        "miss latency": 26.261,
        "cache queues": {
          "PQ_ACCESS": 16318,
          "PQ_FULL": 0,
          "PQ_TO_CACHE": 16318,
          "PQ_MERGED": 0,
          "RQ_ACCESS": 26589,
          "RQ_MERGED": 0,
          "RQ_FULL": 0,
          "WQ_ACCESS": 8607,
          "WQ_MERGED": 0,
          "WQ_FULL": 0
        }
      },
      "LLC": {
        "LOAD": {
          "hit": [0],
          "miss": [1121]
        },
        "RFO": {
          "hit": [0],
          "miss": [26]
        },
        "PREFETCH": {
          "hit": [2],
          "miss": [1410]
        },
        "WRITE": {
          "hit": [51],
          "miss": [0]
        },
        "TRANSLATION": {
          "hit": [0],
          "miss": [2]
        },
        "mshr full": 0,
        "prefetch requested": 0,
        "prefetch issued": 0,
        "prefetch filled": 1410,
        "prefetch useful": 0,
        "prefetch useless": 0,
        "prefetch late": 0,
        "pf_useful_at_l2_from_l1":          0,
        "pf_late_at_l2_from_l1":          0,
        "pf_useless_at_l2_from_l1":          0,
        "pf_at_l2_to_l1":          0,
        "pf_fill_this_level":          0,
        "miss latency": 24.3067,
        "cache queues": {
          "PQ_ACCESS": 1412,
          "PQ_FULL": 0,
          "PQ_TO_CACHE": 1412,
          "PQ_MERGED": 0,
          "RQ_ACCESS": 1149,
          "RQ_MERGED": 0,
          "RQ_FULL": 0,
          "WQ_ACCESS": 51,
          "WQ_MERGED": 0,
          "WQ_FULL": 0
        }
      },
      "DRAM": [
        {
          "RQ ROW_BUFFER_HIT": 1112,
          "RQ ROW_BUFFER_MISS": 1447,
          "PQ FULL": 0,
          "WQ ROW_BUFFER_HIT": 0,
          "WQ ROW_BUFFER_MISS": 0,
          "WQ FULL": 0,
          "AVG DBUS CONGESTED CYCLE": 3.83189
        }
      ]

    }
  }
]
cpu0_ITLB
cpu0_DTLB
cpu0_STLB
Prefetch Request to L1: 3355, Prefetch Request to L2: 30984
Invalid by Eviction: 3074
Invalid by Max: 20915
Filter table begin
 ┌────────────────────┬─────────────┐
 | Region             | Offset      |
 ├────────────────────┼─────────────┤
 | 0x0000000000000264 | 24          |
 ├────────────────────┼─────────────┤
 | 0x0000000000000317 | 31          |
 ├────────────────────┼─────────────┤
 | 0x000000000000033a | 15          |
 ├────────────────────┼─────────────┤
 | 0x0000000000000236 | 12          |
 ├────────────────────┼─────────────┤
 | 0x0000000000000241 | 19          |
 ├────────────────────┼─────────────┤
 | 0x0000000000000248 | 8           |
 ├────────────────────┼─────────────┤
 | 0x0000000000000331 | 29          |
 ├────────────────────┼─────────────┤
 | 0x000000000000026f | 7           |
 ├────────────────────┼─────────────┤
 | 0x0000000000000267 | 18          |
 ├────────────────────┼─────────────┤
 | 0x00000000000002f1 | 29          |
 ├────────────────────┼─────────────┤
 | 0x0000000000000245 | 0           |
 ├────────────────────┼─────────────┤
 | 0x000000000000038b | 0           |
 ├────────────────────┼─────────────┤
 | 0x00000000000002a8 | 5           |
 ├────────────────────┼─────────────┤
 | 0x00000000000003ac | 0           |
 ├────────────────────┼─────────────┤
 | 0x00000000000003be | 2           |
 ├────────────────────┼─────────────┤
 | 0x000000000000033d | 1           |
 ├────────────────────┼─────────────┤
 | 0x0000000000000389 | 0           |
 ├────────────────────┼─────────────┤
 | 0x00000000000002b2 | 28          |
 └────────────────────┴─────────────┘
Filter table end
Accumulation table begin
 ┌────────────────────┬─────────────┬─────────────┬──────────────────────────────────────────────────────────────────┐
 | Region             | Offset      | Second      | Pattern                                                          |
 ├────────────────────┼─────────────┼─────────────┼──────────────────────────────────────────────────────────────────┤
 | 0x00000000000003aa | 15          | 23          | 0 0 0 0 0 0 0 0 0 0 0 0 0 0 0 1 0 0 0 0 0 0 0 1 0 0 0 0 0 0 0 0  |
 ├────────────────────┼─────────────┼─────────────┼──────────────────────────────────────────────────────────────────┤
 | 0x000000000000021f | 11          | 10          | 0 0 0 0 0 0 0 0 0 0 1 1 0 0 0 0 0 0 0 0 0 0 0 0 0 0 0 0 0 0 0 0  |
 ├────────────────────┼─────────────┼─────────────┼──────────────────────────────────────────────────────────────────┤
 | 0x00000000000003a3 | 15          | 24          | 0 0 0 0 0 0 0 1 0 0 0 0 0 0 0 1 0 0 0 0 0 0 0 0 1 0 0 0 0 0 0 0  |
 ├────────────────────┼─────────────┼─────────────┼──────────────────────────────────────────────────────────────────┤
 | 0x00000000000003b4 | 7           | 16          | 0 0 0 0 0 0 0 1 0 0 0 0 0 0 0 0 1 0 0 0 0 0 0 0 0 1 0 0 0 0 0 0  |
 ├────────────────────┼─────────────┼─────────────┼──────────────────────────────────────────────────────────────────┤
 | 0x00000000000003b2 | 7           | 16          | 0 0 0 0 0 0 0 1 0 0 0 0 0 0 0 0 1 0 0 0 0 0 0 0 0 1 0 0 0 0 0 0  |
 ├────────────────────┼─────────────┼─────────────┼──────────────────────────────────────────────────────────────────┤
 | 0x0000000000000262 | 7           | 10          | 0 0 0 0 0 0 0 1 1 0 1 0 0 0 0 0 0 0 0 0 0 0 0 0 0 0 0 0 0 0 0 0  |
 ├────────────────────┼─────────────┼─────────────┼──────────────────────────────────────────────────────────────────┤
 | 0x000000000000022a | 31          | 28          | 0 0 0 0 0 0 0 0 0 0 0 0 0 0 0 0 0 0 0 0 0 0 0 0 0 0 0 0 1 0 0 1  |
 ├────────────────────┼─────────────┼─────────────┼──────────────────────────────────────────────────────────────────┤
 | 0x0000000000000229 | 12          | 29          | 0 0 0 0 0 0 0 0 0 0 0 1 1 0 0 0 0 0 0 0 0 0 0 0 0 0 0 0 0 1 0 0  |
 ├────────────────────┼─────────────┼─────────────┼──────────────────────────────────────────────────────────────────┤
 | 0x000000000000039a | 3           | 20          | 0 0 0 1 0 0 0 0 0 0 0 1 0 0 0 0 0 0 0 0 1 0 0 0 0 0 0 0 0 1 0 0  |
 ├────────────────────┼─────────────┼─────────────┼──────────────────────────────────────────────────────────────────┤
 | 0x00000000000003a9 | 8           | 17          | 1 0 0 0 0 0 0 0 1 0 0 0 0 0 0 0 0 1 0 0 0 0 0 0 0 0 1 0 0 0 0 0  |
 ├────────────────────┼─────────────┼─────────────┼──────────────────────────────────────────────────────────────────┤
 | 0x00000000000003b8 | 12          | 21          | 0 0 0 0 0 0 0 0 0 0 0 0 1 0 0 0 0 0 0 0 0 1 0 0 0 0 0 0 0 0 1 0  |
 ├────────────────────┼─────────────┼─────────────┼──────────────────────────────────────────────────────────────────┤
 | 0x0000000000000399 | 5           | 31          | 0 0 0 0 0 1 0 0 0 0 0 0 0 0 1 0 0 0 0 0 0 0 1 0 0 0 0 0 0 0 0 1  |
 ├────────────────────┼─────────────┼─────────────┼──────────────────────────────────────────────────────────────────┤
 | 0x00000000000003b1 | 13          | 22          | 0 0 0 0 0 1 0 0 0 0 0 0 0 1 0 0 0 0 0 0 0 0 1 0 0 0 0 0 0 0 0 1  |
 ├────────────────────┼─────────────┼─────────────┼──────────────────────────────────────────────────────────────────┤
 | 0x000000000000039f | 10          | 2           | 0 0 1 0 0 0 0 0 0 0 1 0 0 0 0 0 0 0 0 1 0 0 0 0 0 0 0 1 0 0 0 0  |
 ├────────────────────┼─────────────┼─────────────┼──────────────────────────────────────────────────────────────────┤
 | 0x00000000000003af | 5           | 13          | 0 0 0 0 0 1 0 0 0 0 0 0 0 1 0 0 0 0 0 0 0 0 1 0 0 0 0 0 0 0 0 1  |
 ├────────────────────┼─────────────┼─────────────┼──────────────────────────────────────────────────────────────────┤
 | 0x00000000000003a0 | 21          | 4           | 0 0 0 0 1 0 0 0 0 0 0 0 0 1 0 0 0 0 0 0 0 1 0 0 0 0 0 0 0 0 1 0  |
 ├────────────────────┼─────────────┼─────────────┼──────────────────────────────────────────────────────────────────┤
 | 0x0000000000000221 | 3           | 8           | 0 0 0 1 0 0 0 0 1 0 0 0 0 0 0 0 0 0 0 0 0 0 0 0 0 0 0 0 0 0 0 0  |
 ├────────────────────┼─────────────┼─────────────┼──────────────────────────────────────────────────────────────────┤
 | 0x00000000000003b0 | 2           | 11          | 0 0 1 0 0 0 0 0 0 0 0 1 0 0 0 0 0 0 0 0 1 0 0 0 0 0 0 0 1 0 0 0  |
 ├────────────────────┼─────────────┼─────────────┼──────────────────────────────────────────────────────────────────┤
 | 0x00000000000003a8 | 6           | 15          | 0 0 0 0 0 0 1 0 0 0 0 0 0 0 0 1 0 0 0 0 0 0 0 1 0 0 0 0 0 0 0 0  |
 ├────────────────────┼─────────────┼─────────────┼──────────────────────────────────────────────────────────────────┤
 | 0x00000000000003b3 | 10          | 18          | 0 1 0 0 0 0 0 0 0 0 1 0 0 0 0 0 0 0 1 0 0 0 0 0 0 0 0 1 0 0 0 0  |
 ├────────────────────┼─────────────┼─────────────┼──────────────────────────────────────────────────────────────────┤
 | 0x0000000000000244 | 26          | 28          | 0 0 0 0 0 0 0 0 0 0 0 0 0 0 0 0 0 0 0 0 0 0 0 0 0 0 1 0 1 0 1 0  |
 ├────────────────────┼─────────────┼─────────────┼──────────────────────────────────────────────────────────────────┤
 | 0x00000000000003b6 | 4           | 12          | 0 0 0 0 1 0 0 0 0 0 0 0 1 0 0 0 0 0 0 0 0 1 0 0 0 0 0 0 0 0 1 0  |
 ├────────────────────┼─────────────┼─────────────┼──────────────────────────────────────────────────────────────────┤
 | 0x00000000000003ab | 0           | 8           | 1 0 0 0 0 0 0 0 1 0 0 0 0 0 0 0 0 1 0 0 0 0 0 0 0 0 1 0 0 0 0 0  |
 ├────────────────────┼─────────────┼─────────────┼──────────────────────────────────────────────────────────────────┤
 | 0x000000000000021b | 0           | 6           | 1 0 0 0 0 0 1 0 0 0 0 0 0 0 0 0 0 0 0 0 0 0 0 0 0 0 0 0 0 0 0 0  |
 ├────────────────────┼─────────────┼─────────────┼──────────────────────────────────────────────────────────────────┤
 | 0x00000000000003a4 | 0           | 9           | 1 0 0 0 0 0 0 0 0 1 0 0 0 0 0 0 0 0 0 0 0 0 0 0 0 0 0 0 0 0 0 0  |
 ├────────────────────┼─────────────┼─────────────┼──────────────────────────────────────────────────────────────────┤
 | 0x00000000000003a2 | 4           | 21          | 0 0 0 0 1 0 0 0 0 0 0 0 0 1 0 0 0 0 0 0 0 1 0 0 0 0 0 0 0 0 1 0  |
 ├────────────────────┼─────────────┼─────────────┼──────────────────────────────────────────────────────────────────┤
 | 0x00000000000003b5 | 1           | 10          | 0 1 0 0 0 0 0 0 0 0 1 0 0 0 0 0 0 0 1 0 0 0 0 0 0 0 0 1 0 0 0 0  |
 ├────────────────────┼─────────────┼─────────────┼──────────────────────────────────────────────────────────────────┤
 | 0x00000000000003a1 | 15          | 24          | 0 0 0 0 0 0 0 1 0 0 0 0 0 0 0 1 0 0 0 0 0 0 0 0 1 0 0 0 0 0 0 0  |
 ├────────────────────┼─────────────┼─────────────┼──────────────────────────────────────────────────────────────────┤
 | 0x0000000000000263 | 10          | 8           | 0 0 1 0 0 0 0 0 1 0 1 0 0 0 0 0 0 0 0 0 0 0 0 0 0 0 0 0 0 0 0 0  |
 ├────────────────────┼─────────────┼─────────────┼──────────────────────────────────────────────────────────────────┤
 | 0x00000000000003ae | 11          | 20          | 0 0 1 0 0 0 0 0 0 0 0 1 0 0 0 0 0 0 0 0 1 0 0 0 0 0 0 0 1 0 0 0  |
 ├────────────────────┼─────────────┼─────────────┼──────────────────────────────────────────────────────────────────┤
 | 0x000000000000026a | 1           | 3           | 1 1 0 1 1 0 0 0 0 0 0 0 0 0 0 0 0 0 0 0 0 0 0 0 0 0 0 0 0 0 0 0  |
 ├────────────────────┼─────────────┼─────────────┼──────────────────────────────────────────────────────────────────┤
 | 0x0000000000000228 | 7           | 8           | 0 0 1 1 0 0 1 1 1 1 1 0 0 0 0 0 0 0 0 0 0 0 0 0 0 0 0 0 0 0 0 0  |
 └────────────────────┴─────────────┴─────────────┴──────────────────────────────────────────────────────────────────┘
Accumulation table end
Offset pattern table begin
 ┌────────────────────┬─────────────┬──────────────────────────────────────────────────────────────────────────────────┐
 | Key                | Second      | Pattern                                                                          |
 ├────────────────────┼─────────────┼──────────────────────────────────────────────────────────────────────────────────┤
 | 0x0000000000000000 | 17          | 19 1 0 1 1 1 2 2 5 9 2 1 0 0 0 0 0 9 3 0 0 0 0 0 0 1 10 0 0 1 0 1                |
 ├────────────────────┼─────────────┼──────────────────────────────────────────────────────────────────────────────────┤
 | 0x0000000000000001 | 9           | 22 0 0 0 0 0 0 0 6 14 0 0 0 0 0 0 0 15 4 0 0 0 0 0 0 0 18 0 0 0 0 0              |
 ├────────────────────┼─────────────┼──────────────────────────────────────────────────────────────────────────────────┤
 | 0x0000000000000002 | 3           | 24 0 0 0 0 0 0 0 7 16 0 0 0 0 0 0 0 16 7 0 0 0 0 0 0 3 19 0 0 0 0 0              |
 ├────────────────────┼─────────────┼──────────────────────────────────────────────────────────────────────────────────┤
 | 0x0000000000000003 | 23          | 23 5 0 0 0 1 2 0 7 11 0 1 0 0 0 1 0 8 4 0 1 0 0 0 0 1 9 0 0 0 3 0                |
 ├────────────────────┼─────────────┼──────────────────────────────────────────────────────────────────────────────────┤
 | 0x0000000000000004 | 21          | 17 0 0 0 0 0 0 0 7 8 0 0 0 0 0 0 0 11 3 0 0 0 0 0 0 1 13 0 1 1 0 1               |
 ├────────────────────┼─────────────┼──────────────────────────────────────────────────────────────────────────────────┤
 | 0x0000000000000005 | 14          | 28 0 0 0 0 0 0 0 12 15 0 0 0 0 0 0 0 20 5 0 0 0 0 0 0 2 24 0 0 0 0 0             |
 ├────────────────────┼─────────────┼──────────────────────────────────────────────────────────────────────────────────┤
 | 0x0000000000000006 | 7           | 20 0 0 0 0 0 0 0 7 12 0 0 0 0 0 0 0 14 5 0 0 0 0 0 0 1 0 0 0 0 0 0               |
 ├────────────────────┼─────────────┼──────────────────────────────────────────────────────────────────────────────────┤
 | 0x0000000000000007 | 16          | 24 3 1 3 1 0 0 1 7 14 0 1 1 1 1 1 1 16 6 1 0 1 1 1 0 0 0 1 1 0 0 3               |
 ├────────────────────┼─────────────┼──────────────────────────────────────────────────────────────────────────────────┤
 | 0x0000000000000008 | 17          | 30 0 0 0 2 0 0 0 14 12 0 0 0 0 0 0 0 21 1 0 0 0 0 0 2 2 1 2 0 0 2 2              |
 ├────────────────────┼─────────────┼──────────────────────────────────────────────────────────────────────────────────┤
 | 0x0000000000000009 | 11          | 25 0 0 2 1 0 0 0 9 10 0 0 0 0 0 0 0 15 4 0 0 0 0 11 6 0 2 0 0 0 2 1              |
 ├────────────────────┼─────────────┼──────────────────────────────────────────────────────────────────────────────────┤
 | 0x000000000000000a | 8           | 25 3 2 0 2 0 2 0 6 10 2 0 2 0 2 0 2 10 6 0 2 0 3 6 15 0 3 0 2 0 9 6              |
 ├────────────────────┼─────────────┼──────────────────────────────────────────────────────────────────────────────────┤
 | 0x000000000000000b | 10          | 16 0 0 0 0 0 0 0 2 8 0 0 0 0 0 0 0 8 2 0 0 0 0 2 3 0 0 0 0 0 0 3                 |
 ├────────────────────┼─────────────┼──────────────────────────────────────────────────────────────────────────────────┤
 | 0x000000000000000c | 21          | 19 3 2 2 2 2 2 2 8 10 2 2 2 2 2 2 2 14 4 2 1 3 2 7 5 2 2 2 3 2 0 2               |
 ├────────────────────┼─────────────┼──────────────────────────────────────────────────────────────────────────────────┤
 | 0x000000000000000d | 9           | 17 0 0 0 0 0 0 0 4 5 0 0 0 0 0 0 0 8 1 0 6 0 6 6 8 0 6 0 6 0 6 0                 |
 ├────────────────────┼─────────────┼──────────────────────────────────────────────────────────────────────────────────┤
 | 0x000000000000000e | 6           | 22 0 2 2 2 2 2 2 11 11 1 2 2 2 2 1 2 17 0 0 0 0 0 9 4 1 1 1 1 1 0 0              |
 ├────────────────────┼─────────────┼──────────────────────────────────────────────────────────────────────────────────┤
 | 0x000000000000000f | 16          | 22 12 6 0 6 0 0 0 4 4 0 0 0 0 0 0 0 2 1 0 2 2 1 5 1 0 2 2 2 2 1 0                |
 ├────────────────────┼─────────────┼──────────────────────────────────────────────────────────────────────────────────┤
 | 0x0000000000000010 | 8           | 24 6 6 6 1 4 6 1 12 14 0 0 0 0 0 0 5 6 3 2 6 5 6 9 7 0 0 6 6 4 3 0               |
 ├────────────────────┼─────────────┼──────────────────────────────────────────────────────────────────────────────────┤
 | 0x0000000000000011 | 18          | 31 10 11 11 10 0 10 10 18 20 10 11 9 1 10 1 0 0 0 0 0 0 0 10 7 0 0 0 0 1 0 0     |
 ├────────────────────┼─────────────┼──────────────────────────────────────────────────────────────────────────────────┤
 | 0x0000000000000012 | 20          | 20 1 2 2 1 2 2 1 9 10 1 1 0 2 2 6 0 0 1 1 1 0 0 7 4 1 1 0 1 1 1 2                |
 ├────────────────────┼─────────────┼──────────────────────────────────────────────────────────────────────────────────┤
 | 0x0000000000000013 | 14          | 24 1 1 1 1 0 1 1 6 18 0 1 1 0 2 12 0 0 0 0 0 0 0 6 8 1 0 1 1 1 1 1               |
 ├────────────────────┼─────────────┼──────────────────────────────────────────────────────────────────────────────────┤
 | 0x0000000000000014 | 12          | 20 2 2 2 2 2 2 2 9 12 2 2 0 0 1 4 0 0 0 0 2 2 2 4 1 0 2 0 2 2 2 2                |
 ├────────────────────┼─────────────┼──────────────────────────────────────────────────────────────────────────────────┤
 | 0x0000000000000015 | 30          | 23 2 1 1 2 2 2 2 7 15 2 0 0 0 2 5 0 0 0 1 1 0 0 4 3 2 1 2 2 2 2 2                |
 ├────────────────────┼─────────────┼──────────────────────────────────────────────────────────────────────────────────┤
 | 0x0000000000000016 | 31          | 29 0 0 1 1 1 1 0 9 20 0 0 0 0 2 6 0 0 0 0 0 0 0 4 7 1 1 1 1 0 1 1                |
 ├────────────────────┼─────────────┼──────────────────────────────────────────────────────────────────────────────────┤
 | 0x0000000000000017 | 15          | 27 0 0 0 0 0 0 0 14 0 0 0 0 0 3 14 0 0 0 0 0 0 0 12 5 0 0 0 0 0 0 0              |
 ├────────────────────┼─────────────┼──────────────────────────────────────────────────────────────────────────────────┤
 | 0x0000000000000018 | 7           | 16 0 0 0 0 0 0 0 0 0 0 0 0 0 3 10 0 0 0 0 0 0 0 10 4 0 0 0 0 0 0 0               |
 ├────────────────────┼─────────────┼──────────────────────────────────────────────────────────────────────────────────┤
 | 0x0000000000000019 | 24          | 29 8 7 8 7 5 7 0 1 1 1 1 1 1 6 16 1 0 1 1 1 1 1 13 9 1 1 1 1 7 7 7               |
 ├────────────────────┼─────────────┼──────────────────────────────────────────────────────────────────────────────────┤
 | 0x000000000000001a | 28          | 29 9 26 7 16 9 8 0 8 0 8 0 8 0 8 2 8 0 8 0 8 0 8 1 8 2 10 2 16 9 18 9            |
 ├────────────────────┼─────────────┼──────────────────────────────────────────────────────────────────────────────────┤
 | 0x000000000000001b | 25          | 28 15 6 11 11 0 8 3 1 1 1 1 1 1 4 8 1 3 1 7 6 6 7 12 10 6 6 11 9 6 11 11         |
 ├────────────────────┼─────────────┼──────────────────────────────────────────────────────────────────────────────────┤
 | 0x000000000000001c | 31          | 20 12 16 15 4 2 7 2 7 2 7 3 8 3 4 9 9 7 14 8 14 10 12 14 16 10 13 9 10 12 15 7   |
 ├────────────────────┼─────────────┼──────────────────────────────────────────────────────────────────────────────────┤
 | 0x000000000000001d | 3           | 24 8 10 3 0 3 7 4 0 3 2 6 2 6 9 10 6 6 0 6 2 6 2 13 7 6 2 6 2 6 2 6              |
 ├────────────────────┼─────────────┼──────────────────────────────────────────────────────────────────────────────────┤
 | 0x000000000000001e | 31          | 18 10 3 3 7 3 10 3 7 4 8 4 4 8 8 4 8 4 9 4 8 4 8 6 9 4 7 4 12 3 12 5             |
 ├────────────────────┼─────────────┼──────────────────────────────────────────────────────────────────────────────────┤
 | 0x000000000000001f | 29          | 26 1 15 0 15 1 15 0 14 0 15 1 15 0 14 0 15 0 15 0 15 7 15 7 16 7 15 7 15 9 15 0  |
 └────────────────────┴─────────────┴──────────────────────────────────────────────────────────────────────────────────┘
Offset pattern table end
PC pattern table begin
 ┌────────────────────┬─────────────┬──────────────────────────────────────────────────┐
 | Key                | Second      | Pattern                                          |
 ├────────────────────┼─────────────┼──────────────────────────────────────────────────┤
 | 0x0000000000000000 | 16          | 30 0 0 0 22 7 0 0 9 14 0 2 5 8 0 0               |
 ├────────────────────┼─────────────┼──────────────────────────────────────────────────┤
 | 0x0000000000000001 | 30          | 24 1 1 1 16 6 1 4 6 10 1 4 6 8 1 2               |
 ├────────────────────┼─────────────┼──────────────────────────────────────────────────┤
 | 0x0000000000000002 | 21          | 17 0 0 0 11 4 0 0 5 6 0 1 3 7 0 2                |
 ├────────────────────┼─────────────┼──────────────────────────────────────────────────┤
 | 0x0000000000000003 | 9           | 22 3 4 1 14 2 0 0 6 8 1 3 3 10 3 3               |
 ├────────────────────┼─────────────┼──────────────────────────────────────────────────┤
 | 0x0000000000000004 | 25          | 23 22 11 15 16 17 16 17 19 21 22 21 16 16 17 20  |
 ├────────────────────┼─────────────┼──────────────────────────────────────────────────┤
 | 0x0000000000000005 | 9           | 23 21 21 5 5 4 4 3 3 3 3 3 3 5 5 4               |
 ├────────────────────┼─────────────┼──────────────────────────────────────────────────┤
 | 0x0000000000000006 | 9           | 29 23 17 19 17 19 18 19 21 13 16 16 22 25 26 16  |
 ├────────────────────┼─────────────┼──────────────────────────────────────────────────┤
 | 0x0000000000000007 | 22          | 21 15 3 9 9 9 8 8 8 20 20 21 14 14 11 20         |
 ├────────────────────┼─────────────┼──────────────────────────────────────────────────┤
 | 0x0000000000000008 | 8           | 5 2 4 3 3 3 3 3 3 3 3 3 4 4 4 3                  |
 ├────────────────────┼─────────────┼──────────────────────────────────────────────────┤
 | 0x0000000000000009 | 20          | 18 0 0 0 11 6 0 0 4 11 0 0 2 9 0 0               |
 ├────────────────────┼─────────────┼──────────────────────────────────────────────────┤
 | 0x000000000000000a | 9           | 16 10 2 2 2 4 7 6 8 12 11 11 9 8 11 11           |
 ├────────────────────┼─────────────┼──────────────────────────────────────────────────┤
 | 0x000000000000000b | 0           | 24 0 0 0 15 7 0 0 9 12 0 0 4 9 0 0               |
 ├────────────────────┼─────────────┼──────────────────────────────────────────────────┤
 | 0x000000000000000c | 1           | 24 18 8 12 6 6 10 6 16 6 16 6 6 6 10 11          |
 ├────────────────────┼─────────────┼──────────────────────────────────────────────────┤
 | 0x000000000000000d | 23          | 21 20 5 9 1 1 10 1 10 2 11 2 2 6 2 2             |
 ├────────────────────┼─────────────┼──────────────────────────────────────────────────┤
 | 0x000000000000000e | 10          | 26 25 1 0 0 0 1 1 1 1 2 2 1 1 2 1                |
 ├────────────────────┼─────────────┼──────────────────────────────────────────────────┤
 | 0x000000000000000f | 14          | 19 2 0 0 11 4 0 1 4 7 0 0 3 7 0 2                |
 ├────────────────────┼─────────────┼──────────────────────────────────────────────────┤
 | 0x0000000000000010 | 17          | 16 0 0 0 10 4 0 0 6 7 0 1 2 4 0 0                |
 ├────────────────────┼─────────────┼──────────────────────────────────────────────────┤
 | 0x0000000000000011 | 7           | 23 5 3 5 15 12 5 4 12 12 5 5 8 10 5 5            |
 ├────────────────────┼─────────────┼──────────────────────────────────────────────────┤
 | 0x0000000000000012 | 3           | 24 12 5 6 6 6 6 6 6 8 8 8 8 3 15 15              |
 ├────────────────────┼─────────────┼──────────────────────────────────────────────────┤
 | 0x0000000000000013 | 10          | 11 1 0 0 0 0 0 0 0 1 1 1 0 0 1 0                 |
 ├────────────────────┼─────────────┼──────────────────────────────────────────────────┤
 | 0x0000000000000014 | 11          | 24 23 17 22 22 22 16 17 6 6 7 7 7 8 8 12         |
 ├────────────────────┼─────────────┼──────────────────────────────────────────────────┤
 | 0x0000000000000015 | 17          | 16 0 0 0 11 4 0 0 6 8 0 0 1 8 0 0                |
 ├────────────────────┼─────────────┼──────────────────────────────────────────────────┤
 | 0x0000000000000016 | 12          | 22 0 0 0 15 6 0 0 9 10 0 0 0 12 0 0              |
 ├────────────────────┼─────────────┼──────────────────────────────────────────────────┤
 | 0x0000000000000017 | 31          | 17 10 10 8 6 12 5 4 4 5 5 5 6 1 6 1              |
 ├────────────────────┼─────────────┼──────────────────────────────────────────────────┤
 | 0x0000000000000018 | 0           | 27 5 9 23 24 11 10 10 11 10 9 10 10 12 19 13     |
 ├────────────────────┼─────────────┼──────────────────────────────────────────────────┤
 | 0x0000000000000019 | 7           | 26 1 1 1 1 1 1 1 2 1 25 25 25 25 25 25           |
 ├────────────────────┼─────────────┼──────────────────────────────────────────────────┤
 | 0x000000000000001a | 16          | 27 19 17 13 14 13 18 18 25 12 23 23 22 23 23 25  |
 ├────────────────────┼─────────────┼──────────────────────────────────────────────────┤
 | 0x000000000000001b | 10          | 27 19 19 0 0 4 4 0 0 1 1 1 3 3 8 7               |
 ├────────────────────┼─────────────┼──────────────────────────────────────────────────┤
 | 0x000000000000001c | 28          | 16 2 2 1 1 1 1 1 1 1 2 2 2 2 2 16                |
 ├────────────────────┼─────────────┼──────────────────────────────────────────────────┤
 | 0x000000000000001d | 4           | 25 20 11 12 6 6 6 5 8 6 6 7 11 8 9 12            |
 ├────────────────────┼─────────────┼──────────────────────────────────────────────────┤
 | 0x000000000000001e | 3           | 22 2 5 6 5 2 6 5 5 2 3 5 5 5 6 17                |
 ├────────────────────┼─────────────┼──────────────────────────────────────────────────┤
 | 0x000000000000001f | 30          | 30 26 26 1 1 1 1 1 1 9 9 12 1 12 9 9             |
 └────────────────────┴─────────────┴──────────────────────────────────────────────────┘
PC pattern table end
Prefetch buffer begin
 ┌────────────────────┬──────────────────────────────────────────────────────────────────┐
 | Region             | Pattern                                                          |
 ├────────────────────┼──────────────────────────────────────────────────────────────────┤
 | 0x00000000000003a3 | 0 0 0 0 0 0 3 0 0 0 0 0 0 0 0 0 1 3 0 3 0 0 0 2 0 0 0 0 0 0 0 0  |
 ├────────────────────┼──────────────────────────────────────────────────────────────────┤
 | 0x00000000000003b2 | 0 0 0 0 0 0 0 0 0 0 0 0 0 0 0 2 0 0 0 0 0 0 0 0 2 0 0 0 0 0 0 0  |
 ├────────────────────┼──────────────────────────────────────────────────────────────────┤
 | 0x000000000000039f | 0 2 0 0 0 0 0 0 3 3 0 0 0 0 0 0 0 0 2 0 0 0 0 0 0 0 0 0 2 0 0 0  |
 ├────────────────────┼──────────────────────────────────────────────────────────────────┤
 | 0x00000000000003b8 | 0 3 0 3 2 0 0 0 3 0 0 0 0 2 0 0 0 0 0 0 2 0 0 0 0 0 0 0 0 2 0 0  |
 ├────────────────────┼──────────────────────────────────────────────────────────────────┤
 | 0x00000000000003a9 | 0 0 0 0 0 0 0 0 0 0 0 0 0 0 0 0 2 0 0 0 0 0 0 0 0 2 0 0 0 0 0 0  |
 ├────────────────────┼──────────────────────────────────────────────────────────────────┤
 | 0x000000000000039a | 0 0 0 0 2 0 0 0 0 0 0 0 2 0 0 0 0 0 0 0 0 0 0 0 0 0 0 0 0 0 0 0  |
 ├────────────────────┼──────────────────────────────────────────────────────────────────┤
 | 0x00000000000003ac | 0 0 0 0 0 0 0 0 2 2 0 0 0 0 0 0 0 2 2 0 0 0 0 0 0 0 2 0 0 0 0 0  |
 ├────────────────────┼──────────────────────────────────────────────────────────────────┤
 | 0x000000000000039e | 0 0 0 0 0 0 0 0 0 0 0 0 0 0 0 0 0 2 0 0 0 0 0 0 0 0 0 0 0 0 0 0  |
 ├────────────────────┼──────────────────────────────────────────────────────────────────┤
 | 0x000000000000039b | 0 0 0 0 0 0 2 0 0 0 0 0 0 0 0 0 0 0 0 0 0 0 0 1 0 0 0 0 0 0 0 0  |
 ├────────────────────┼──────────────────────────────────────────────────────────────────┤
 | 0x00000000000003b3 | 0 0 2 0 0 0 0 0 3 3 0 0 0 0 0 0 0 0 0 2 0 0 0 0 0 0 0 0 2 0 0 0  |
 ├────────────────────┼──────────────────────────────────────────────────────────────────┤
 | 0x00000000000003b6 | 0 0 0 0 0 0 0 0 0 0 0 0 0 2 0 0 0 0 0 0 0 0 2 0 0 0 0 0 0 0 0 0  |
 ├────────────────────┼──────────────────────────────────────────────────────────────────┤
 | 0x00000000000003a2 | 0 0 0 0 0 0 0 0 0 0 0 0 2 0 0 0 0 0 0 0 0 0 2 0 0 0 0 0 0 0 0 0  |
 ├────────────────────┼──────────────────────────────────────────────────────────────────┤
 | 0x00000000000003a8 | 0 0 0 0 0 0 0 0 0 0 0 0 0 0 2 0 0 0 0 0 0 0 0 0 2 0 0 0 0 0 0 0  |
 ├────────────────────┼──────────────────────────────────────────────────────────────────┤
 | 0x0000000000000331 | 0 0 0 3 3 0 0 0 2 0 3 3 3 2 2 0 2 0 3 0 2 2 2 0 2 0 3 0 3 0 2 3  |
 ├────────────────────┼──────────────────────────────────────────────────────────────────┤
 | 0x00000000000003b0 | 0 0 0 0 0 0 0 0 0 0 2 0 0 0 0 0 0 0 0 2 0 0 0 0 0 0 0 0 0 0 0 0  |
 ├────────────────────┼──────────────────────────────────────────────────────────────────┤
 | 0x00000000000003ae | 0 0 0 3 0 0 0 0 0 0 3 0 0 0 0 0 0 0 0 0 0 0 0 0 0 0 0 0 0 0 0 0  |
 ├────────────────────┼──────────────────────────────────────────────────────────────────┤
 | 0x00000000000003b5 | 0 0 0 0 0 0 0 0 0 2 0 0 0 0 0 0 0 0 0 2 0 0 0 0 0 0 0 0 0 0 0 0  |
 ├────────────────────┼──────────────────────────────────────────────────────────────────┤
 | 0x00000000000003ab | 0 0 0 0 0 0 0 0 0 2 0 0 0 0 0 0 0 0 2 0 0 0 0 0 0 0 0 0 0 0 0 0  |
 ├────────────────────┼──────────────────────────────────────────────────────────────────┤
 | 0x00000000000003a4 | 0 0 0 0 0 0 0 0 2 0 0 0 0 0 0 0 0 2 2 0 0 0 0 0 0 0 2 0 0 0 0 0  |
 ├────────────────────┼──────────────────────────────────────────────────────────────────┤
 | 0x00000000000003a1 | 0 0 0 0 0 0 2 0 0 0 0 0 0 0 0 0 1 3 0 3 0 0 0 2 0 0 0 0 0 0 0 0  |
 ├────────────────────┼──────────────────────────────────────────────────────────────────┤
 | 0x00000000000003b1 | 0 3 0 3 3 0 0 2 0 3 0 3 0 0 0 0 0 0 0 0 0 2 0 0 0 0 0 0 0 0 2 0  |
 ├────────────────────┼──────────────────────────────────────────────────────────────────┤
 | 0x00000000000003b4 | 0 0 0 0 0 0 0 0 0 0 0 0 0 0 0 2 0 0 0 0 0 0 0 0 2 0 0 0 0 0 0 0  |
 ├────────────────────┼──────────────────────────────────────────────────────────────────┤
 | 0x00000000000003aa | 0 0 0 0 0 0 3 0 0 0 0 0 0 0 0 0 1 3 0 3 0 0 0 0 2 0 0 0 0 0 0 0  |
 ├────────────────────┼──────────────────────────────────────────────────────────────────┤
 | 0x00000000000003a0 | 0 0 0 0 0 0 0 0 0 0 0 0 2 0 0 0 0 0 0 0 0 0 0 0 0 0 0 0 0 2 0 0  |
 ├────────────────────┼──────────────────────────────────────────────────────────────────┤
 | 0x00000000000002f1 | 0 0 0 3 3 0 0 0 2 0 3 3 3 2 2 0 2 0 3 0 2 3 3 0 2 0 3 0 3 0 2 3  |
 ├────────────────────┼──────────────────────────────────────────────────────────────────┤
 | 0x00000000000003af | 0 0 0 0 0 0 0 0 0 0 0 0 0 0 1 0 0 0 0 0 0 0 0 2 0 0 0 0 0 0 0 0  |
 └────────────────────┴──────────────────────────────────────────────────────────────────┘
Prefetch buffer end
Filter by PPT: 0
cpu0_L2C
Num Con Filled: 0
Num Con Useful: 0 Useless:0 Accuracy: nan
LLC
