41 41 41
Available num physical pages: 35184372088576
WARNING: physical memory size is smaller than virtual memory size

*** ChampSim Multicore Out-of-Order Simulator ***

Warmup Instructions: 5000000
Simulation Instructions: 20000000
Number of CPUs: 1
Page size: 4096

Basic BTB sets: 1024 ways: 8 indirect buffer size: 4096 RAS size: 64
cpu0_L1D PMP prefetcher
Off-chip DRAM Size: 4 GiB Channels: 1 Width: 64-bit Data Rate: 3200 MT/s
Max paddr 2M
Warmup finished CPU 0 instructions: 5000002 cycles: 1250269 cumulative IPC: 3.99915 (Simulation time: 0 hr 2 min 35 sec) 

Warmup complete CPU 0 instructions: 5000002 cycles: 1250269 (Simulation time: 0 hr 2 min 35 sec) 

Heartbeat CPU 0 instructions: 10000000 cycles: 2823520 heartbeat IPC: 3.54168 cumulative IPC: 3.17814 (Simulation time: 0 hr 5 min 24 sec) 
Heartbeat CPU 0 instructions: 20000001 cycles: 5799071 heartbeat IPC: 3.36073 cumulative IPC: 3.29758 (Simulation time: 0 hr 11 min 5 sec) 
Max paddr 2M
Simulation finished CPU 0 instructions: 20000003 cycles: 6074630 cumulative IPC: 3.29239 (Simulation time: 0 hr 13 min 47 sec) 

Simulation complete CPU 0 instructions: 20000003 cycles: 6074630 (Simulation time: 0 hr 13 min 47 sec) 


ChampSim completed all CPUs

[
  {
    "name": "Simulation",
    "traces": [
      "../traces/600.perlbench_s-1273B.champsimtrace.xz"
    ],
    "roi": {
      "cores": [
        {
          "instructions": 20000003,
          "cycles": 6074630,
          "Avg ROB occupancy at mispredict": 98.5382, 
          "mispredict": {
            "BRANCH_DIRECT_JUMP": 389,
            "BRANCH_INDIRECT": 6554,
            "BRANCH_CONDITIONAL": 45375,
            "BRANCH_DIRECT_CALL": 18,
            "BRANCH_INDIRECT_CALL": 8,
            "BRANCH_RETURN": 18
          }
        }
      ],
      "cpu0_L1I": {
        "LOAD": {
          "hit":15274,
          "miss":716
        },
        "RFO": {
          "hit":0,
          "miss":0
        },
        "PREFETCH": {
          "hit":0,
          "miss":0
        },
        "WRITE": {
          "hit":0,
          "miss":0
        },
        "TRANSLATION": {
          "hit":0,
          "miss":0
        },
        "mshr full": 0,
        "prefetch requested": 0,
        "prefetch issued": 0,
        "prefetch filled": 0,
        "prefetch useful": 0,
        "prefetch useless": 0,
        "prefetch late": 0,
        "pf_useful_at_l2_from_l1":          0,
        "pf_late_at_l2_from_l1":          0,
        "pf_useless_at_l2_from_l1":          0,
        "pf_at_l2_to_l1":          0,
        "pf_fill_this_level":          0,
        "miss latency": 1.29871,
        "cache queues": {
          "PQ_ACCESS": 0,
          "PQ_FULL": 0,
          "PQ_TO_CACHE": 0,
          "PQ_MERGED": 0,
          "RQ_ACCESS": 16021,
          "RQ_MERGED": 31,
          "RQ_FULL": 0,
          "WQ_ACCESS": 0,
          "WQ_MERGED": 0,
          "WQ_FULL": 0
        }
      },
      "cpu0_ITLB": {
        "LOAD": {
          "hit":12429,
          "miss":212
        },
        "RFO": {
          "hit":0,
          "miss":0
        },
        "PREFETCH": {
          "hit":0,
          "miss":0
        },
        "WRITE": {
          "hit":0,
          "miss":0
        },
        "TRANSLATION": {
          "hit":0,
          "miss":0
        },
        "mshr full": 0,
        "prefetch requested": 0,
        "prefetch issued": 0,
        "prefetch filled": 0,
        "prefetch useful": 0,
        "prefetch useless": 0,
        "prefetch late": 0,
        "pf_useful_at_l2_from_l1":          0,
        "pf_late_at_l2_from_l1":          0,
        "pf_useless_at_l2_from_l1":          0,
        "pf_at_l2_to_l1":          0,
        "pf_fill_this_level":          0,
        "miss latency": 0.246168,
        "cache queues": {
          "PQ_ACCESS": 0,
          "PQ_FULL": 0,
          "PQ_TO_CACHE": 0,
          "PQ_MERGED": 0,
          "RQ_ACCESS": 12641,
          "RQ_MERGED": 0,
          "RQ_FULL": 0,
          "WQ_ACCESS": 0,
          "WQ_MERGED": 0,
          "WQ_FULL": 0
        }
      },
      "cpu0_DTLB": {
        "LOAD": {
          "hit":7590899,
          "miss":19354
        },
        "RFO": {
          "hit":0,
          "miss":0
        },
        "PREFETCH": {
          "hit":0,
          "miss":0
        },
        "WRITE": {
          "hit":0,
          "miss":0
        },
        "TRANSLATION": {
          "hit":0,
          "miss":0
        },
        "mshr full": 0,
        "prefetch requested": 0,
        "prefetch issued": 0,
        "prefetch filled": 0,
        "prefetch useful": 0,
        "prefetch useless": 0,
        "prefetch late": 0,
        "pf_useful_at_l2_from_l1":          0,
        "pf_late_at_l2_from_l1":          0,
        "pf_useless_at_l2_from_l1":          0,
        "pf_at_l2_to_l1":          0,
        "pf_fill_this_level":          0,
        "miss latency": 0.479843,
        "cache queues": {
          "PQ_ACCESS": 0,
          "PQ_FULL": 0,
          "PQ_TO_CACHE": 0,
          "PQ_MERGED": 0,
          "RQ_ACCESS": 7745023,
          "RQ_MERGED": 0,
          "RQ_FULL": 134769,
          "WQ_ACCESS": 0,
          "WQ_MERGED": 0,
          "WQ_FULL": 0
        }
      },
      "cpu0_STLB": {
        "LOAD": {
          "hit":10806,
          "miss":141
        },
        "RFO": {
          "hit":0,
          "miss":0
        },
        "PREFETCH": {
          "hit":0,
          "miss":0
        },
        "WRITE": {
          "hit":0,
          "miss":0
        },
        "TRANSLATION": {
          "hit":0,
          "miss":0
        },
        "mshr full": 0,
        "prefetch requested": 0,
        "prefetch issued": 0,
        "prefetch filled": 0,
        "prefetch useful": 0,
        "prefetch useless": 0,
        "prefetch late": 0,
        "pf_useful_at_l2_from_l1":          0,
        "pf_late_at_l2_from_l1":          0,
        "pf_useless_at_l2_from_l1":          0,
        "pf_at_l2_to_l1":          0,
        "pf_fill_this_level":          0,
        "miss latency": 27.3281,
        "cache queues": {
          "PQ_ACCESS": 0,
          "PQ_FULL": 0,
          "PQ_TO_CACHE": 0,
          "PQ_MERGED": 0,
          "RQ_ACCESS": 10947,
          "RQ_MERGED": 0,
          "RQ_FULL": 0,
          "WQ_ACCESS": 0,
          "WQ_MERGED": 0,
          "WQ_FULL": 0
        }
      },
      "cpu0_L1D": {
        "LOAD": {
          "hit":3144423,
          "miss":2195
        },
        "RFO": {
          "hit":0,
          "miss":0
        },
        "PREFETCH": {
          "hit":2901,
          "miss":6757
        },
        "WRITE": {
          "hit":4492687,
          "miss":142
        },
        "TRANSLATION": {
          "hit":22,
          "miss":128
        },
        "mshr full": 0,
        "prefetch requested": 9658,
        "prefetch issued": 9658,
        "prefetch filled": 207,
        "prefetch useful": 51,
        "prefetch useless": 204,
        "prefetch late": 3,
        "pf_useful_at_l2_from_l1":          0,
        "pf_late_at_l2_from_l1":          0,
        "pf_useless_at_l2_from_l1":          0,
        "pf_at_l2_to_l1":          0,
        "pf_fill_this_level":        207,
        "miss latency": 3.30242,
        "cache queues": {
          "PQ_ACCESS": 9658,
          "PQ_FULL": 0,
          "PQ_TO_CACHE": 9658,
          "PQ_MERGED": 0,
          "RQ_ACCESS": 3146747,
          "RQ_MERGED": 123,
          "RQ_FULL": 0,
          "WQ_ACCESS": 4492831,
          "WQ_MERGED": 0,
          "WQ_FULL": 0
        }
      },
      "cpu0_L2C": {
        "LOAD": {
          "hit":968,
          "miss":580
        },
        "RFO": {
          "hit":11,
          "miss":30
        },
        "PREFETCH": {
          "hit":4264,
          "miss":2418
        },
        "WRITE": {
          "hit":50,
          "miss":0
        },
        "TRANSLATION": {
          "hit":37,
          "miss":91
        },
        "mshr full": 210,
        "prefetch requested": 0,
        "prefetch issued": 0,
        "prefetch filled": 2366,
        "prefetch useful": 0,
        "prefetch useless": 0,
        "prefetch late": 0,
        "pf_useful_at_l2_from_l1":        480,
        "pf_late_at_l2_from_l1":         52,
        "pf_useless_at_l2_from_l1":         19,
        "pf_at_l2_to_l1":         46,
        "pf_fill_this_level":       2242,
        "miss latency": 46.1217,
        "cache queues": {
          "PQ_ACCESS": 6682,
          "PQ_FULL": 0,
          "PQ_TO_CACHE": 6682,
          "PQ_MERGED": 0,
          "RQ_ACCESS": 1717,
          "RQ_MERGED": 0,
          "RQ_FULL": 0,
          "WQ_ACCESS": 50,
          "WQ_MERGED": 0,
          "WQ_FULL": 0
        }
      },
      "LLC": {
        "LOAD": {
          "hit": [0],
          "miss": [528]
        },
        "RFO": {
          "hit": [0],
          "miss": [30]
        },
        "PREFETCH": {
          "hit": [0],
          "miss": [2418]
        },
        "WRITE": {
          "hit": [0],
          "miss": [0]
        },
        "TRANSLATION": {
          "hit": [0],
          "miss": [91]
        },
        "mshr full": 0,
        "prefetch requested": 0,
        "prefetch issued": 0,
        "prefetch filled": 2418,
        "prefetch useful": 0,
        "prefetch useless": 0,
        "prefetch late": 0,
        "pf_useful_at_l2_from_l1":          0,
        "pf_late_at_l2_from_l1":          0,
        "pf_useless_at_l2_from_l1":          0,
        "pf_at_l2_to_l1":          0,
        "pf_fill_this_level":          0,
        "miss latency": 44.992,
        "cache queues": {
          "PQ_ACCESS": 2418,
          "PQ_FULL": 0,
          "PQ_TO_CACHE": 2418,
          "PQ_MERGED": 0,
          "RQ_ACCESS": 649,
          "RQ_MERGED": 0,
          "RQ_FULL": 0,
          "WQ_ACCESS": 0,
          "WQ_MERGED": 0,
          "WQ_FULL": 0
        }
      },
      "DRAM": [
        {
          "RQ ROW_BUFFER_HIT": 1550,
          "RQ ROW_BUFFER_MISS": 1517,
          "PQ FULL": 0,
          "WQ ROW_BUFFER_HIT": 0,
          "WQ ROW_BUFFER_MISS": 0,
          "WQ FULL": 0,
          "AVG DBUS CONGESTED CYCLE": 3.94244
        }
      ]

    },
    "sim": {
      "cores": [
        {
          "instructions": 20000003,
          "cycles": 6074630,
          "Avg ROB occupancy at mispredict": 98.5382, 
          "mispredict": {
            "BRANCH_DIRECT_JUMP": 389,
            "BRANCH_INDIRECT": 6554,
            "BRANCH_CONDITIONAL": 45375,
            "BRANCH_DIRECT_CALL": 18,
            "BRANCH_INDIRECT_CALL": 8,
            "BRANCH_RETURN": 18
          }
        }
      ],
      "cpu0_L1I": {
        "LOAD": {
          "hit":15274,
          "miss":716
        },
        "RFO": {
          "hit":0,
          "miss":0
        },
        "PREFETCH": {
          "hit":0,
          "miss":0
        },
        "WRITE": {
          "hit":0,
          "miss":0
        },
        "TRANSLATION": {
          "hit":0,
          "miss":0
        },
        "mshr full": 0,
        "prefetch requested": 0,
        "prefetch issued": 0,
        "prefetch filled": 0,
        "prefetch useful": 0,
        "prefetch useless": 0,
        "prefetch late": 0,
        "pf_useful_at_l2_from_l1":          0,
        "pf_late_at_l2_from_l1":          0,
        "pf_useless_at_l2_from_l1":          0,
        "pf_at_l2_to_l1":          0,
        "pf_fill_this_level":          0,
        "miss latency": 1.29871,
        "cache queues": {
          "PQ_ACCESS": 0,
          "PQ_FULL": 0,
          "PQ_TO_CACHE": 0,
          "PQ_MERGED": 0,
          "RQ_ACCESS": 16021,
          "RQ_MERGED": 31,
          "RQ_FULL": 0,
          "WQ_ACCESS": 0,
          "WQ_MERGED": 0,
          "WQ_FULL": 0
        }
      },
      "cpu0_ITLB": {
        "LOAD": {
          "hit":12429,
          "miss":212
        },
        "RFO": {
          "hit":0,
          "miss":0
        },
        "PREFETCH": {
          "hit":0,
          "miss":0
        },
        "WRITE": {
          "hit":0,
          "miss":0
        },
        "TRANSLATION": {
          "hit":0,
          "miss":0
        },
        "mshr full": 0,
        "prefetch requested": 0,
        "prefetch issued": 0,
        "prefetch filled": 0,
        "prefetch useful": 0,
        "prefetch useless": 0,
        "prefetch late": 0,
        "pf_useful_at_l2_from_l1":          0,
        "pf_late_at_l2_from_l1":          0,
        "pf_useless_at_l2_from_l1":          0,
        "pf_at_l2_to_l1":          0,
        "pf_fill_this_level":          0,
        "miss latency": 0.246168,
        "cache queues": {
          "PQ_ACCESS": 0,
          "PQ_FULL": 0,
          "PQ_TO_CACHE": 0,
          "PQ_MERGED": 0,
          "RQ_ACCESS": 12641,
          "RQ_MERGED": 0,
          "RQ_FULL": 0,
          "WQ_ACCESS": 0,
          "WQ_MERGED": 0,
          "WQ_FULL": 0
        }
      },
      "cpu0_DTLB": {
        "LOAD": {
          "hit":7590899,
          "miss":19354
        },
        "RFO": {
          "hit":0,
          "miss":0
        },
        "PREFETCH": {
          "hit":0,
          "miss":0
        },
        "WRITE": {
          "hit":0,
          "miss":0
        },
        "TRANSLATION": {
          "hit":0,
          "miss":0
        },
        "mshr full": 0,
        "prefetch requested": 0,
        "prefetch issued": 0,
        "prefetch filled": 0,
        "prefetch useful": 0,
        "prefetch useless": 0,
        "prefetch late": 0,
        "pf_useful_at_l2_from_l1":          0,
        "pf_late_at_l2_from_l1":          0,
        "pf_useless_at_l2_from_l1":          0,
        "pf_at_l2_to_l1":          0,
        "pf_fill_this_level":          0,
        "miss latency": 0.479843,
        "cache queues": {
          "PQ_ACCESS": 0,
          "PQ_FULL": 0,
          "PQ_TO_CACHE": 0,
          "PQ_MERGED": 0,
          "RQ_ACCESS": 7745023,
          "RQ_MERGED": 0,
          "RQ_FULL": 134769,
          "WQ_ACCESS": 0,
          "WQ_MERGED": 0,
          "WQ_FULL": 0
        }
      },
      "cpu0_STLB": {
        "LOAD": {
          "hit":10806,
          "miss":141
        },
        "RFO": {
          "hit":0,
          "miss":0
        },
        "PREFETCH": {
          "hit":0,
          "miss":0
        },
        "WRITE": {
          "hit":0,
          "miss":0
        },
        "TRANSLATION": {
          "hit":0,
          "miss":0
        },
        "mshr full": 0,
        "prefetch requested": 0,
        "prefetch issued": 0,
        "prefetch filled": 0,
        "prefetch useful": 0,
        "prefetch useless": 0,
        "prefetch late": 0,
        "pf_useful_at_l2_from_l1":          0,
        "pf_late_at_l2_from_l1":          0,
        "pf_useless_at_l2_from_l1":          0,
        "pf_at_l2_to_l1":          0,
        "pf_fill_this_level":          0,
        "miss latency": 27.3281,
        "cache queues": {
          "PQ_ACCESS": 0,
          "PQ_FULL": 0,
          "PQ_TO_CACHE": 0,
          "PQ_MERGED": 0,
          "RQ_ACCESS": 10947,
          "RQ_MERGED": 0,
          "RQ_FULL": 0,
          "WQ_ACCESS": 0,
          "WQ_MERGED": 0,
          "WQ_FULL": 0
        }
      },
      "cpu0_L1D": {
        "LOAD": {
          "hit":3144423,
          "miss":2195
        },
        "RFO": {
          "hit":0,
          "miss":0
        },
        "PREFETCH": {
          "hit":2901,
          "miss":6757
        },
        "WRITE": {
          "hit":4492687,
          "miss":142
        },
        "TRANSLATION": {
          "hit":22,
          "miss":128
        },
        "mshr full": 0,
        "prefetch requested": 9658,
        "prefetch issued": 9658,
        "prefetch filled": 207,
        "prefetch useful": 51,
        "prefetch useless": 204,
        "prefetch late": 3,
        "pf_useful_at_l2_from_l1":          0,
        "pf_late_at_l2_from_l1":          0,
        "pf_useless_at_l2_from_l1":          0,
        "pf_at_l2_to_l1":          0,
        "pf_fill_this_level":        207,
        "miss latency": 3.30242,
        "cache queues": {
          "PQ_ACCESS": 9658,
          "PQ_FULL": 0,
          "PQ_TO_CACHE": 9658,
          "PQ_MERGED": 0,
          "RQ_ACCESS": 3146747,
          "RQ_MERGED": 123,
          "RQ_FULL": 0,
          "WQ_ACCESS": 4492831,
          "WQ_MERGED": 0,
          "WQ_FULL": 0
        }
      },
      "cpu0_L2C": {
        "LOAD": {
          "hit":968,
          "miss":580
        },
        "RFO": {
          "hit":11,
          "miss":30
        },
        "PREFETCH": {
          "hit":4264,
          "miss":2418
        },
        "WRITE": {
          "hit":50,
          "miss":0
        },
        "TRANSLATION": {
          "hit":37,
          "miss":91
        },
        "mshr full": 210,
        "prefetch requested": 0,
        "prefetch issued": 0,
        "prefetch filled": 2366,
        "prefetch useful": 0,
        "prefetch useless": 0,
        "prefetch late": 0,
        "pf_useful_at_l2_from_l1":        480,
        "pf_late_at_l2_from_l1":         52,
        "pf_useless_at_l2_from_l1":         19,
        "pf_at_l2_to_l1":         46,
        "pf_fill_this_level":       2242,
        "miss latency": 46.1217,
        "cache queues": {
          "PQ_ACCESS": 6682,
          "PQ_FULL": 0,
          "PQ_TO_CACHE": 6682,
          "PQ_MERGED": 0,
          "RQ_ACCESS": 1717,
          "RQ_MERGED": 0,
          "RQ_FULL": 0,
          "WQ_ACCESS": 50,
          "WQ_MERGED": 0,
          "WQ_FULL": 0
        }
      },
      "LLC": {
        "LOAD": {
          "hit": [0],
          "miss": [528]
        },
        "RFO": {
          "hit": [0],
          "miss": [30]
        },
        "PREFETCH": {
          "hit": [0],
          "miss": [2418]
        },
        "WRITE": {
          "hit": [0],
          "miss": [0]
        },
        "TRANSLATION": {
          "hit": [0],
          "miss": [91]
        },
        "mshr full": 0,
        "prefetch requested": 0,
        "prefetch issued": 0,
        "prefetch filled": 2418,
        "prefetch useful": 0,
        "prefetch useless": 0,
        "prefetch late": 0,
        "pf_useful_at_l2_from_l1":          0,
        "pf_late_at_l2_from_l1":          0,
        "pf_useless_at_l2_from_l1":          0,
        "pf_at_l2_to_l1":          0,
        "pf_fill_this_level":          0,
        "miss latency": 44.992,
        "cache queues": {
          "PQ_ACCESS": 2418,
          "PQ_FULL": 0,
          "PQ_TO_CACHE": 2418,
          "PQ_MERGED": 0,
          "RQ_ACCESS": 649,
          "RQ_MERGED": 0,
          "RQ_FULL": 0,
          "WQ_ACCESS": 0,
          "WQ_MERGED": 0,
          "WQ_FULL": 0
        }
      },
      "DRAM": [
        {
          "RQ ROW_BUFFER_HIT": 1550,
          "RQ ROW_BUFFER_MISS": 1517,
          "PQ FULL": 0,
          "WQ ROW_BUFFER_HIT": 0,
          "WQ ROW_BUFFER_MISS": 0,
          "WQ FULL": 0,
          "AVG DBUS CONGESTED CYCLE": 3.94244
        }
      ]

    }
  }
]
cpu0_ITLB
cpu0_DTLB
cpu0_STLB
Prefetch Request to L1: 924, Prefetch Request to L2: 8734
Invalid by Eviction: 72
Invalid by Max: 748
Filter table begin
 ┌────────────────────┬─────────────┐
 | Region             | Offset      |
 ├────────────────────┼─────────────┤
 | 0x0000000000000283 | 10          |
 ├────────────────────┼─────────────┤
 | 0x0000000000000298 | 10          |
 ├────────────────────┼─────────────┤
 | 0x00000000000002f4 | 8           |
 ├────────────────────┼─────────────┤
 | 0x0000000000000530 | 5           |
 ├────────────────────┼─────────────┤
 | 0x0000000000000291 | 31          |
 ├────────────────────┼─────────────┤
 | 0x0000000000000344 | 5           |
 ├────────────────────┼─────────────┤
 | 0x00000000000002af | 30          |
 ├────────────────────┼─────────────┤
 | 0x000000000000027e | 30          |
 ├────────────────────┼─────────────┤
 | 0x00000000000004f6 | 16          |
 ├────────────────────┼─────────────┤
 | 0x000000000000025a | 16          |
 ├────────────────────┼─────────────┤
 | 0x00000000000002d8 | 16          |
 ├────────────────────┼─────────────┤
 | 0x000000000000031f | 14          |
 ├────────────────────┼─────────────┤
 | 0x000000000000050d | 3           |
 ├────────────────────┼─────────────┤
 | 0x0000000000000315 | 19          |
 ├────────────────────┼─────────────┤
 | 0x00000000000002b7 | 22          |
 ├────────────────────┼─────────────┤
 | 0x0000000000000424 | 29          |
 ├────────────────────┼─────────────┤
 | 0x0000000000000274 | 12          |
 ├────────────────────┼─────────────┤
 | 0x000000000000036b | 10          |
 ├────────────────────┼─────────────┤
 | 0x00000000000003d6 | 12          |
 ├────────────────────┼─────────────┤
 | 0x000000000000039f | 8           |
 ├────────────────────┼─────────────┤
 | 0x00000000000002e5 | 3           |
 ├────────────────────┼─────────────┤
 | 0x0000000000000289 | 15          |
 ├────────────────────┼─────────────┤
 | 0x00000000000002bf | 13          |
 ├────────────────────┼─────────────┤
 | 0x0000000000000306 | 20          |
 ├────────────────────┼─────────────┤
 | 0x00000000000003cc | 2           |
 ├────────────────────┼─────────────┤
 | 0x0000000000000340 | 10          |
 ├────────────────────┼─────────────┤
 | 0x000000000000023a | 4           |
 ├────────────────────┼─────────────┤
 | 0x0000000000000295 | 2           |
 ├────────────────────┼─────────────┤
 | 0x00000000000002cf | 26          |
 ├────────────────────┼─────────────┤
 | 0x000000000000035b | 12          |
 ├────────────────────┼─────────────┤
 | 0x0000000000000543 | 18          |
 ├────────────────────┼─────────────┤
 | 0x00000000000002a3 | 20          |
 ├────────────────────┼─────────────┤
 | 0x0000000000000511 | 14          |
 ├────────────────────┼─────────────┤
 | 0x000000000000031b | 17          |
 ├────────────────────┼─────────────┤
 | 0x000000000000032d | 3           |
 ├────────────────────┼─────────────┤
 | 0x0000000000000423 | 6           |
 ├────────────────────┼─────────────┤
 | 0x000000000000054b | 16          |
 ├────────────────────┼─────────────┤
 | 0x0000000000000518 | 26          |
 ├────────────────────┼─────────────┤
 | 0x00000000000002cd | 10          |
 ├────────────────────┼─────────────┤
 | 0x0000000000000303 | 20          |
 ├────────────────────┼─────────────┤
 | 0x0000000000000374 | 26          |
 ├────────────────────┼─────────────┤
 | 0x000000000000025d | 11          |
 ├────────────────────┼─────────────┤
 | 0x00000000000004f1 | 11          |
 ├────────────────────┼─────────────┤
 | 0x00000000000002b2 | 0           |
 ├────────────────────┼─────────────┤
 | 0x000000000000032f | 8           |
 ├────────────────────┼─────────────┤
 | 0x00000000000002f3 | 9           |
 ├────────────────────┼─────────────┤
 | 0x00000000000002fa | 25          |
 ├────────────────────┼─────────────┤
 | 0x000000000000030b | 27          |
 ├────────────────────┼─────────────┤
 | 0x0000000000000319 | 8           |
 ├────────────────────┼─────────────┤
 | 0x00000000000004f9 | 7           |
 ├────────────────────┼─────────────┤
 | 0x00000000000002a9 | 26          |
 └────────────────────┴─────────────┘
Filter table end
Accumulation table begin
 ┌────────────────────┬─────────────┬─────────────┬──────────────────────────────────────────────────────────────────┐
 | Region             | Offset      | Second      | Pattern                                                          |
 ├────────────────────┼─────────────┼─────────────┼──────────────────────────────────────────────────────────────────┤
 | 0x000000000000025b | 2           | 3           | 0 0 1 1 1 0 0 0 0 0 0 0 0 0 0 0 0 0 0 0 0 0 0 0 0 0 0 0 0 0 0 0  |
 ├────────────────────┼─────────────┼─────────────┼──────────────────────────────────────────────────────────────────┤
 | 0x0000000000000556 | 2           | 1           | 1 1 1 0 0 0 0 0 0 0 0 0 0 0 0 0 0 0 0 0 0 0 0 0 0 0 0 0 0 0 0 0  |
 ├────────────────────┼─────────────┼─────────────┼──────────────────────────────────────────────────────────────────┤
 | 0x0000000000000363 | 9           | 10          | 0 0 0 0 0 0 0 0 0 1 1 0 0 0 0 0 0 0 0 0 0 0 0 0 0 0 0 0 0 0 0 0  |
 ├────────────────────┼─────────────┼─────────────┼──────────────────────────────────────────────────────────────────┤
 | 0x000000000000052e | 30          | 5           | 0 0 0 0 0 1 0 0 1 0 0 1 1 0 1 1 1 1 1 1 0 0 0 0 0 0 0 0 0 0 1 0  |
 ├────────────────────┼─────────────┼─────────────┼──────────────────────────────────────────────────────────────────┤
 | 0x0000000000000541 | 18          | 16          | 0 0 0 0 0 1 1 0 0 0 0 0 0 0 0 0 1 1 1 1 0 0 0 0 0 0 0 0 0 0 0 0  |
 ├────────────────────┼─────────────┼─────────────┼──────────────────────────────────────────────────────────────────┤
 | 0x0000000000000553 | 24          | 23          | 0 0 0 0 0 0 0 0 0 0 0 0 0 0 0 0 0 0 0 0 0 0 0 1 1 0 0 1 1 1 0 1  |
 ├────────────────────┼─────────────┼─────────────┼──────────────────────────────────────────────────────────────────┤
 | 0x0000000000000249 | 0           | 1           | 1 1 1 1 0 0 0 0 0 0 0 0 0 0 0 0 0 0 0 0 0 0 0 0 0 0 0 0 0 0 0 0  |
 ├────────────────────┼─────────────┼─────────────┼──────────────────────────────────────────────────────────────────┤
 | 0x0000000000000279 | 3           | 2           | 0 0 1 1 0 0 0 0 0 0 0 0 0 0 0 0 0 0 0 0 0 0 0 0 0 0 0 0 0 0 0 0  |
 ├────────────────────┼─────────────┼─────────────┼──────────────────────────────────────────────────────────────────┤
 | 0x0000000000000544 | 4           | 3           | 0 0 0 1 1 0 0 0 0 0 0 0 0 0 0 0 0 0 0 0 0 0 0 0 0 0 0 0 0 0 0 0  |
 ├────────────────────┼─────────────┼─────────────┼──────────────────────────────────────────────────────────────────┤
 | 0x000000000000055a | 8           | 2           | 0 0 1 1 1 1 0 1 1 0 0 0 0 0 0 0 0 0 0 0 0 0 0 0 0 0 0 0 0 0 0 0  |
 ├────────────────────┼─────────────┼─────────────┼──────────────────────────────────────────────────────────────────┤
 | 0x0000000000000258 | 0           | 1           | 1 1 0 0 0 0 0 0 0 0 0 0 0 0 0 0 0 0 0 0 0 0 0 0 0 0 0 0 0 0 0 0  |
 ├────────────────────┼─────────────┼─────────────┼──────────────────────────────────────────────────────────────────┤
 | 0x0000000000000333 | 9           | 10          | 0 0 0 0 0 0 0 0 0 1 1 0 0 0 0 0 0 0 0 0 0 0 0 0 0 0 0 0 0 0 0 0  |
 ├────────────────────┼─────────────┼─────────────┼──────────────────────────────────────────────────────────────────┤
 | 0x0000000000000229 | 1           | 0           | 1 1 0 0 0 0 0 0 0 0 0 0 0 0 0 0 0 0 0 0 0 0 0 0 0 0 0 0 0 0 0 0  |
 ├────────────────────┼─────────────┼─────────────┼──────────────────────────────────────────────────────────────────┤
 | 0x000000000000052d | 14          | 13          | 0 0 0 0 0 0 0 0 0 0 0 0 1 1 1 1 1 1 1 1 1 1 1 1 0 0 0 0 0 0 0 0  |
 ├────────────────────┼─────────────┼─────────────┼──────────────────────────────────────────────────────────────────┤
 | 0x0000000000000547 | 16          | 17          | 0 0 0 0 0 0 0 0 0 0 0 0 0 0 0 0 1 1 0 0 0 0 0 0 0 0 0 0 0 0 0 0  |
 ├────────────────────┼─────────────┼─────────────┼──────────────────────────────────────────────────────────────────┤
 | 0x00000000000002e3 | 8           | 7           | 0 0 0 0 0 0 0 1 1 0 0 0 1 1 0 0 0 0 0 0 0 0 0 0 0 0 0 0 0 0 0 0  |
 ├────────────────────┼─────────────┼─────────────┼──────────────────────────────────────────────────────────────────┤
 | 0x000000000000024b | 15          | 19          | 0 0 0 0 0 0 0 0 0 0 0 0 0 0 0 1 1 1 1 1 1 0 0 0 0 0 0 0 0 0 0 0  |
 ├────────────────────┼─────────────┼─────────────┼──────────────────────────────────────────────────────────────────┤
 | 0x0000000000000228 | 31          | 25          | 1 1 0 1 0 0 1 1 1 0 0 0 0 1 0 1 1 1 0 0 0 0 0 0 0 1 0 0 0 0 1 1  |
 ├────────────────────┼─────────────┼─────────────┼──────────────────────────────────────────────────────────────────┤
 | 0x000000000000022b | 19          | 21          | 0 0 0 0 0 0 0 0 0 0 0 0 0 0 0 0 0 1 0 1 1 1 1 0 0 1 0 0 0 0 0 1  |
 ├────────────────────┼─────────────┼─────────────┼──────────────────────────────────────────────────────────────────┤
 | 0x0000000000000272 | 16          | 20          | 0 0 0 0 0 0 0 0 0 0 0 0 0 0 0 0 1 0 1 1 1 1 1 0 0 0 0 0 0 0 0 0  |
 ├────────────────────┼─────────────┼─────────────┼──────────────────────────────────────────────────────────────────┤
 | 0x0000000000000281 | 27          | 29          | 0 0 0 0 0 0 0 0 0 0 0 0 0 0 0 0 0 0 0 0 0 0 0 0 0 0 1 1 1 1 1 0  |
 ├────────────────────┼─────────────┼─────────────┼──────────────────────────────────────────────────────────────────┤
 | 0x000000000000054c | 1           | 0           | 1 1 0 0 0 0 0 0 0 0 0 0 0 0 0 0 0 0 0 0 0 0 0 0 0 0 0 0 0 0 0 0  |
 ├────────────────────┼─────────────┼─────────────┼──────────────────────────────────────────────────────────────────┤
 | 0x00000000000002a6 | 22          | 23          | 0 0 0 0 0 0 0 0 0 0 0 0 0 0 0 0 0 0 0 0 0 0 1 1 0 0 0 0 0 0 0 0  |
 ├────────────────────┼─────────────┼─────────────┼──────────────────────────────────────────────────────────────────┤
 | 0x0000000000000239 | 23          | 21          | 0 0 0 0 0 0 0 0 0 0 0 0 0 0 0 0 0 0 0 0 0 1 0 1 0 0 0 0 0 0 0 0  |
 ├────────────────────┼─────────────┼─────────────┼──────────────────────────────────────────────────────────────────┤
 | 0x000000000000025c | 19          | 20          | 0 0 0 0 0 0 0 0 0 0 0 0 0 0 0 0 0 0 0 1 1 0 0 0 0 0 0 0 0 0 0 0  |
 ├────────────────────┼─────────────┼─────────────┼──────────────────────────────────────────────────────────────────┤
 | 0x0000000000000551 | 8           | 9           | 0 0 0 0 0 0 0 0 1 1 0 0 0 0 0 0 0 0 0 0 0 0 0 0 0 0 0 0 0 0 0 0  |
 ├────────────────────┼─────────────┼─────────────┼──────────────────────────────────────────────────────────────────┤
 | 0x000000000000023f | 16          | 14          | 0 1 1 1 1 0 1 1 1 1 1 1 1 1 1 1 1 1 0 0 0 0 0 0 0 0 0 0 0 0 0 0  |
 ├────────────────────┼─────────────┼─────────────┼──────────────────────────────────────────────────────────────────┤
 | 0x00000000000002b1 | 23          | 24          | 0 0 0 0 0 0 0 0 0 0 0 0 0 0 0 0 0 0 0 0 0 0 0 1 1 1 1 1 1 1 1 1  |
 ├────────────────────┼─────────────┼─────────────┼──────────────────────────────────────────────────────────────────┤
 | 0x000000000000027b | 19          | 18          | 0 0 0 0 0 0 0 0 0 0 0 0 0 0 0 0 0 0 1 1 0 0 0 0 0 0 0 0 0 0 0 0  |
 ├────────────────────┼─────────────┼─────────────┼──────────────────────────────────────────────────────────────────┤
 | 0x00000000000004a6 | 31          | 30          | 0 0 0 0 0 0 0 0 0 0 0 0 0 0 1 0 1 0 0 0 0 1 1 1 0 1 1 1 1 1 1 1  |
 ├────────────────────┼─────────────┼─────────────┼──────────────────────────────────────────────────────────────────┤
 | 0x000000000000024d | 9           | 8           | 0 0 0 0 0 0 1 0 1 1 1 0 0 0 0 0 0 0 0 1 0 0 0 0 0 0 0 0 0 0 0 0  |
 ├────────────────────┼─────────────┼─────────────┼──────────────────────────────────────────────────────────────────┤
 | 0x0000000000000558 | 3           | 5           | 0 0 0 1 1 1 0 0 0 0 0 0 0 0 0 0 0 0 0 0 0 0 0 0 0 0 0 0 0 0 0 0  |
 └────────────────────┴─────────────┴─────────────┴──────────────────────────────────────────────────────────────────┘
Accumulation table end
Offset pattern table begin
 ┌────────────────────┬─────────────┬───────────────────────────────────────────────────────────────────────────────┐
 | Key                | Second      | Pattern                                                                       |
 ├────────────────────┼─────────────┼───────────────────────────────────────────────────────────────────────────────┤
 | 0x0000000000000000 | 1           | 17 15 14 15 12 11 11 11 7 7 7 7 7 7 7 7 7 7 7 7 7 7 7 7 3 3 3 3 0 0 0 0       |
 ├────────────────────┼─────────────┼───────────────────────────────────────────────────────────────────────────────┤
 | 0x0000000000000001 | 0           | 17 5 5 5 3 3 4 4 3 3 2 1 2 2 1 1 1 1 1 1 1 1 1 0 0 0 0 0 0 1 1 14             |
 ├────────────────────┼─────────────┼───────────────────────────────────────────────────────────────────────────────┤
 | 0x0000000000000002 | 3           | 17 9 4 7 5 4 5 4 3 4 3 3 3 3 3 2 2 2 2 1 2 1 2 2 1 1 0 0 0 0 6 10             |
 ├────────────────────┼─────────────┼───────────────────────────────────────────────────────────────────────────────┤
 | 0x0000000000000003 | 4           | 16 13 10 10 10 10 9 9 10 10 10 10 10 10 9 9 9 9 9 9 9 10 9 9 9 9 9 9 9 1 1 4  |
 ├────────────────────┼─────────────┼───────────────────────────────────────────────────────────────────────────────┤
 | 0x0000000000000004 | 5           | 20 9 5 3 3 2 2 2 1 1 1 1 1 1 1 1 2 2 2 1 1 1 1 2 1 1 1 1 6 1 5 10             |
 ├────────────────────┼─────────────┼───────────────────────────────────────────────────────────────────────────────┤
 | 0x0000000000000005 | 7           | 10 3 4 2 1 1 0 2 2 1 1 2 1 1 1 0 1 1 2 2 2 0 0 0 0 1 0 2 2 5 3 5              |
 ├────────────────────┼─────────────┼───────────────────────────────────────────────────────────────────────────────┤
 | 0x0000000000000006 | 2           | 12 7 4 3 3 3 3 3 2 3 3 4 1 1 1 1 1 1 1 2 1 1 1 1 2 2 4 4 3 5 1 7              |
 ├────────────────────┼─────────────┼───────────────────────────────────────────────────────────────────────────────┤
 | 0x0000000000000007 | 10          | 26 12 2 8 3 0 0 0 6 0 0 0 0 0 1 0 0 0 0 0 0 0 0 0 0 0 0 0 2 1 0 2             |
 ├────────────────────┼─────────────┼───────────────────────────────────────────────────────────────────────────────┤
 | 0x0000000000000008 | 10          | 17 6 3 4 7 6 4 3 2 2 2 1 1 1 1 0 0 1 2 2 1 1 0 0 2 4 1 3 2 4 1 10             |
 ├────────────────────┼─────────────┼───────────────────────────────────────────────────────────────────────────────┤
 | 0x0000000000000009 | 3           | 17 15 0 1 0 0 0 0 0 0 0 0 0 0 0 0 0 0 0 0 0 0 0 0 0 0 0 0 0 0 1 2             |
 ├────────────────────┼─────────────┼───────────────────────────────────────────────────────────────────────────────┤
 | 0x000000000000000a | 11          | 14 7 4 5 2 4 3 3 0 1 1 2 1 0 1 1 2 1 1 0 0 0 1 1 1 1 1 2 2 2 2 6              |
 ├────────────────────┼─────────────┼───────────────────────────────────────────────────────────────────────────────┤
 | 0x000000000000000b | 12          | 13 7 4 6 4 3 3 4 2 3 3 2 3 2 3 2 2 2 1 1 1 2 2 0 1 1 1 2 0 2 5 6              |
 ├────────────────────┼─────────────┼───────────────────────────────────────────────────────────────────────────────┤
 | 0x000000000000000c | 16          | 22 4 5 5 19 3 4 2 3 4 2 0 1 1 0 0 0 0 0 1 1 1 0 1 1 1 1 0 1 1 2 5             |
 ├────────────────────┼─────────────┼───────────────────────────────────────────────────────────────────────────────┤
 | 0x000000000000000d | 12          | 15 4 10 9 9 9 9 9 9 0 0 0 0 0 0 0 0 0 0 0 0 0 0 0 0 0 0 0 0 0 1 2             |
 ├────────────────────┼─────────────┼───────────────────────────────────────────────────────────────────────────────┤
 | 0x000000000000000e | 15          | 10 3 3 5 2 1 2 3 2 3 2 0 1 1 0 0 0 1 1 1 1 1 1 0 0 0 0 0 0 1 1 3              |
 ├────────────────────┼─────────────┼───────────────────────────────────────────────────────────────────────────────┤
 | 0x000000000000000f | 13          | 13 8 6 8 6 5 5 1 3 3 2 2 2 2 2 0 0 0 1 0 1 1 0 0 0 0 0 1 0 1 3 5              |
 ├────────────────────┼─────────────┼───────────────────────────────────────────────────────────────────────────────┤
 | 0x0000000000000010 | 15          | 16 6 8 9 3 3 1 1 2 1 0 1 1 1 1 1 2 2 1 2 2 2 2 2 2 2 2 2 4 3 2 4              |
 ├────────────────────┼─────────────┼───────────────────────────────────────────────────────────────────────────────┤
 | 0x0000000000000011 | 18          | 30 25 4 1 2 1 1 0 1 1 0 0 0 0 0 1 2 2 2 3 2 1 2 2 1 2 2 2 2 2 2 3             |
 ├────────────────────┼─────────────┼───────────────────────────────────────────────────────────────────────────────┤
 | 0x0000000000000012 | 19          | 23 18 1 4 0 3 3 0 0 0 0 0 0 0 2 2 0 1 1 1 2 1 0 0 0 0 0 0 0 2 0 4             |
 ├────────────────────┼─────────────┼───────────────────────────────────────────────────────────────────────────────┤
 | 0x0000000000000013 | 20          | 25 11 9 0 8 8 0 0 0 0 0 0 0 0 0 0 0 0 0 0 1 1 2 1 1 1 1 1 0 1 1 19            |
 ├────────────────────┼─────────────┼───────────────────────────────────────────────────────────────────────────────┤
 | 0x0000000000000014 | 21          | 27 24 2 6 4 1 2 1 2 2 0 1 0 0 0 0 0 0 0 0 0 0 0 0 0 0 0 0 4 4 4 6             |
 ├────────────────────┼─────────────┼───────────────────────────────────────────────────────────────────────────────┤
 | 0x0000000000000015 | 20          | 23 3 2 1 1 2 2 1 1 2 1 0 1 1 0 1 1 1 1 1 1 1 0 0 0 0 0 17 17 0 1 20           |
 ├────────────────────┼─────────────┼───────────────────────────────────────────────────────────────────────────────┤
 | 0x0000000000000016 | 21          | 27 23 4 5 2 1 1 1 1 2 0 0 0 0 0 0 1 1 1 1 1 0 0 0 0 1 2 1 2 2 2 7             |
 ├────────────────────┼─────────────┼───────────────────────────────────────────────────────────────────────────────┤
 | 0x0000000000000017 | 24          | 22 17 18 13 12 11 12 12 11 0 0 0 0 0 0 0 0 0 0 0 0 0 0 0 0 0 0 0 0 0 0 3      |
 ├────────────────────┼─────────────┼───────────────────────────────────────────────────────────────────────────────┤
 | 0x0000000000000018 | 23          | 11 7 7 7 7 7 8 7 2 2 1 0 1 1 1 0 1 1 2 1 2 1 1 0 0 1 1 1 0 0 1 6              |
 ├────────────────────┼─────────────┼───────────────────────────────────────────────────────────────────────────────┤
 | 0x0000000000000019 | 27          | 8 3 3 2 2 2 3 1 0 1 2 0 0 1 1 0 1 1 1 1 1 1 0 0 1 1 1 0 1 1 1 3               |
 ├────────────────────┼─────────────┼───────────────────────────────────────────────────────────────────────────────┤
 | 0x000000000000001a | 0           | 17 2 2 1 1 1 12 0 0 0 0 0 0 0 0 0 0 0 0 0 0 0 0 0 0 0 0 0 0 1 1 2             |
 ├────────────────────┼─────────────┼───────────────────────────────────────────────────────────────────────────────┤
 | 0x000000000000001b | 28          | 17 16 7 7 7 0 0 0 0 0 0 0 0 0 0 0 0 0 0 0 0 0 0 0 0 0 0 0 0 0 0 0             |
 ├────────────────────┼─────────────┼───────────────────────────────────────────────────────────────────────────────┤
 | 0x000000000000001c | 31          | 10 6 3 5 0 0 0 0 0 0 0 0 0 0 0 0 0 0 0 0 0 0 0 0 0 0 1 0 1 2 2 4              |
 ├────────────────────┼─────────────┼───────────────────────────────────────────────────────────────────────────────┤
 | 0x000000000000001d | 30          | 19 11 8 0 1 1 0 2 2 2 3 1 1 1 1 1 0 0 1 0 1 0 2 1 0 1 2 1 1 5 4 11            |
 ├────────────────────┼─────────────┼───────────────────────────────────────────────────────────────────────────────┤
 | 0x000000000000001e | 9           | 14 12 0 0 0 0 0 0 0 0 1 1 0 0 0 0 0 0 0 0 1 1 0 0 0 0 0 0 0 3 6 7             |
 ├────────────────────┼─────────────┼───────────────────────────────────────────────────────────────────────────────┤
 | 0x000000000000001f | 30          | 19 1 2 1 1 1 1 0 0 1 1 1 0 0 0 0 0 1 1 1 1 1 0 1 1 0 0 0 0 0 2 17             |
 └────────────────────┴─────────────┴───────────────────────────────────────────────────────────────────────────────┘
Offset pattern table end
PC pattern table begin
 ┌────────────────────┬─────────────┬───────────────────────────────────────┐
 | Key                | Second      | Pattern                               |
 ├────────────────────┼─────────────┼───────────────────────────────────────┤
 | 0x0000000000000000 | 5           | 2 1 0 0 0 0 0 0 0 0 0 0 0 0 0 0       |
 ├────────────────────┼─────────────┼───────────────────────────────────────┤
 | 0x0000000000000001 | 15          | 5 2 3 1 1 1 0 0 0 0 1 0 0 0 1 3       |
 ├────────────────────┼─────────────┼───────────────────────────────────────┤
 | 0x0000000000000002 | 10          | 14 5 2 1 1 1 1 0 1 1 1 1 1 1 2 2      |
 ├────────────────────┼─────────────┼───────────────────────────────────────┤
 | 0x0000000000000003 | 28          | 19 18 1 1 1 1 0 0 0 0 0 0 0 1 0 1     |
 ├────────────────────┼─────────────┼───────────────────────────────────────┤
 | 0x0000000000000004 | 19          | 29 17 11 11 6 6 2 3 1 1 1 0 1 1 2 8   |
 ├────────────────────┼─────────────┼───────────────────────────────────────┤
 | 0x0000000000000005 | 13          | 3 2 2 2 0 0 0 0 0 0 0 0 0 0 0 2       |
 ├────────────────────┼─────────────┼───────────────────────────────────────┤
 | 0x0000000000000006 | 0           | 28 0 3 23 0 0 0 0 1 1 1 1 1 1 2 2     |
 ├────────────────────┼─────────────┼───────────────────────────────────────┤
 | 0x0000000000000007 | 5           | 15 11 3 0 0 0 0 0 0 0 0 0 0 0 0 1     |
 ├────────────────────┼─────────────┼───────────────────────────────────────┤
 | 0x0000000000000008 | 11          | 3 2 2 0 0 0 0 0 0 0 1 1 1 1 1 1       |
 ├────────────────────┼─────────────┼───────────────────────────────────────┤
 | 0x0000000000000009 | 14          | 17 17 7 4 0 0 0 1 3 3 0 2 0 2 3 2     |
 ├────────────────────┼─────────────┼───────────────────────────────────────┤
 | 0x000000000000000a | 30          | 14 5 1 0 1 0 0 0 0 0 0 0 0 0 2 8      |
 ├────────────────────┼─────────────┼───────────────────────────────────────┤
 | 0x000000000000000b | 3           | 17 7 2 0 0 0 0 0 0 0 0 0 0 0 0 3      |
 ├────────────────────┼─────────────┼───────────────────────────────────────┤
 | 0x000000000000000c | 0           | 12 2 0 0 0 0 0 0 0 0 0 0 0 0 7 1      |
 ├────────────────────┼─────────────┼───────────────────────────────────────┤
 | 0x000000000000000d | 1           | 3 2 1 1 0 0 0 1 1 1 0 0 0 0 0 0       |
 ├────────────────────┼─────────────┼───────────────────────────────────────┤
 | 0x000000000000000e | 20          | 14 7 2 2 0 1 0 0 1 1 1 0 1 2 5 6      |
 ├────────────────────┼─────────────┼───────────────────────────────────────┤
 | 0x000000000000000f | 30          | 20 1 1 0 0 0 0 0 0 0 0 0 0 0 1 1      |
 ├────────────────────┼─────────────┼───────────────────────────────────────┤
 | 0x0000000000000010 | 10          | 12 3 1 1 0 0 0 0 0 0 0 1 1 1 4 4      |
 ├────────────────────┼─────────────┼───────────────────────────────────────┤
 | 0x0000000000000011 | 10          | 25 4 8 0 6 2 0 1 0 1 1 1 1 1 1 5      |
 ├────────────────────┼─────────────┼───────────────────────────────────────┤
 | 0x0000000000000012 | 18          | 1 1 0 0 0 0 0 0 0 0 0 0 0 0 0 0       |
 ├────────────────────┼─────────────┼───────────────────────────────────────┤
 | 0x0000000000000013 | 22          | 27 6 3 2 1 1 1 0 0 0 0 1 1 0 1 3      |
 ├────────────────────┼─────────────┼───────────────────────────────────────┤
 | 0x0000000000000014 | 24          | 5 1 0 1 1 1 0 0 0 1 0 0 1 1 1 2       |
 ├────────────────────┼─────────────┼───────────────────────────────────────┤
 | 0x0000000000000015 | 20          | 22 2 0 0 0 0 0 0 0 0 0 0 0 0 11 6     |
 ├────────────────────┼─────────────┼───────────────────────────────────────┤
 | 0x0000000000000016 | 30          | 17 13 6 3 3 2 1 2 1 2 2 1 4 4 3 4     |
 ├────────────────────┼─────────────┼───────────────────────────────────────┤
 | 0x0000000000000017 | 1           | 1 1 1 1 0 0 0 0 0 0 0 1 1 1 1 1       |
 ├────────────────────┼─────────────┼───────────────────────────────────────┤
 | 0x0000000000000018 | 10          | 13 6 1 1 1 1 1 1 1 2 2 4 1 1 4 5      |
 ├────────────────────┼─────────────┼───────────────────────────────────────┤
 | 0x0000000000000019 | 7           | 12 2 2 1 1 0 0 0 0 0 0 0 0 0 7 3      |
 ├────────────────────┼─────────────┼───────────────────────────────────────┤
 | 0x000000000000001a | 19          | 2 1 0 0 0 0 0 1 0 1 1 0 0 1 1 1       |
 ├────────────────────┼─────────────┼───────────────────────────────────────┤
 | 0x000000000000001b | 24          | 30 29 20 18 15 9 9 9 9 9 9 9 6 6 2 0  |
 ├────────────────────┼─────────────┼───────────────────────────────────────┤
 | 0x000000000000001c | 15          | 25 16 13 12 10 4 5 5 5 4 4 5 2 2 0 5  |
 ├────────────────────┼─────────────┼───────────────────────────────────────┤
 | 0x000000000000001d | 3           | 28 11 23 7 6 4 4 4 5 5 5 5 4 4 3 1    |
 ├────────────────────┼─────────────┼───────────────────────────────────────┤
 | 0x000000000000001e | 21          | 26 22 17 14 12 6 6 6 6 6 6 6 3 3 2 0  |
 ├────────────────────┼─────────────┼───────────────────────────────────────┤
 | 0x000000000000001f | 12          | 7 1 0 0 0 0 0 0 0 0 0 0 0 0 0 4       |
 └────────────────────┴─────────────┴───────────────────────────────────────┘
PC pattern table end
Prefetch buffer begin
 ┌────────────────────┬──────────────────────────────────────────────────────────────────┐
 | Region             | Pattern                                                          |
 ├────────────────────┼──────────────────────────────────────────────────────────────────┤
 | 0x0000000000000374 | 2 0 0 0 0 0 0 0 0 0 0 0 0 0 0 0 0 0 0 0 2 0 0 0 0 0 0 0 0 0 0 0  |
 ├────────────────────┼──────────────────────────────────────────────────────────────────┤
 | 0x0000000000000321 | 2 2 2 2 2 2 0 0 0 2 0 2 2 2 2 2 2 2 2 2 2 2 2 2 2 2 2 2 2 2 2 2  |
 ├────────────────────┼──────────────────────────────────────────────────────────────────┤
 | 0x00000000000004f1 | 2 2 0 0 0 0 2 0 0 0 0 0 0 0 0 0 0 2 2 2 2 2 2 2 2 2 2 2 2 2 2 2  |
 ├────────────────────┼──────────────────────────────────────────────────────────────────┤
 | 0x00000000000003ed | 2 2 2 2 2 2 0 0 0 0 0 0 0 2 2 2 2 2 2 2 2 2 2 2 2 2 2 2 2 2 2 2  |
 ├────────────────────┼──────────────────────────────────────────────────────────────────┤
 | 0x00000000000004ea | 2 2 0 0 0 0 0 0 0 0 0 0 0 2 2 2 2 0 0 0 0 0 0 0 0 0 2 2 0 0 0 0  |
 ├────────────────────┼──────────────────────────────────────────────────────────────────┤
 | 0x000000000000054b | 2 2 2 2 2 2 2 2 0 0 0 0 2 0 2 2 0 2 2 2 2 2 2 2 2 2 2 2 2 2 2 2  |
 ├────────────────────┼──────────────────────────────────────────────────────────────────┤
 | 0x0000000000000423 | 2 2 2 2 0 2 0 2 2 0 0 0 0 2 0 2 2 2 0 0 0 0 0 0 0 0 0 0 0 0 0 0  |
 ├────────────────────┼──────────────────────────────────────────────────────────────────┤
 | 0x000000000000033b | 2 2 0 0 0 0 0 0 0 0 0 0 0 0 0 0 0 0 0 0 0 0 0 0 0 0 0 0 0 0 0 0  |
 ├────────────────────┼──────────────────────────────────────────────────────────────────┤
 | 0x000000000000050e | 2 2 2 0 0 0 0 0 0 2 2 0 0 0 0 2 2 2 2 0 0 0 0 0 0 0 0 0 2 2 2 2  |
 ├────────────────────┼──────────────────────────────────────────────────────────────────┤
 | 0x0000000000000537 | 2 2 2 2 2 2 2 2 2 2 2 2 2 2 2 0 0 0 0 0 0 0 0 0 0 0 0 0 0 0 2 2  |
 ├────────────────────┼──────────────────────────────────────────────────────────────────┤
 | 0x000000000000036b | 2 2 2 2 2 2 0 0 0 0 0 0 0 0 0 2 2 2 2 2 2 2 2 2 2 2 2 2 2 2 2 2  |
 ├────────────────────┼──────────────────────────────────────────────────────────────────┤
 | 0x00000000000002a3 | 2 2 2 2 2 2 2 2 2 2 2 2 0 0 0 0 0 0 0 0 0 0 0 0 0 0 0 0 2 2 2 2  |
 ├────────────────────┼──────────────────────────────────────────────────────────────────┤
 | 0x000000000000052f | 0 0 0 0 0 0 0 0 0 0 0 0 2 2 2 2 2 2 2 2 2 2 2 2 0 0 0 0 0 0 2 2  |
 ├────────────────────┼──────────────────────────────────────────────────────────────────┤
 | 0x0000000000000543 | 0 0 0 0 0 0 0 0 0 0 0 0 0 0 2 2 0 0 0 1 0 0 0 0 0 0 0 0 0 0 0 0  |
 ├────────────────────┼──────────────────────────────────────────────────────────────────┤
 | 0x000000000000031f | 2 2 2 2 2 2 0 0 0 0 0 0 0 0 0 0 0 0 0 0 0 0 0 2 0 0 0 0 0 0 2 2  |
 ├────────────────────┼──────────────────────────────────────────────────────────────────┤
 | 0x0000000000000340 | 0 0 0 0 0 0 0 0 0 0 0 0 0 0 0 0 0 2 0 0 0 0 0 0 0 0 0 0 0 0 0 0  |
 ├────────────────────┼──────────────────────────────────────────────────────────────────┤
 | 0x00000000000004f6 | 0 0 0 0 0 0 0 0 0 0 0 0 2 2 0 2 0 0 2 2 0 0 0 0 0 0 0 0 0 0 0 0  |
 ├────────────────────┼──────────────────────────────────────────────────────────────────┤
 | 0x0000000000000549 | 2 0 2 2 0 2 2 2 0 0 0 0 0 0 0 0 0 0 0 0 0 0 0 0 0 0 0 0 0 0 0 0  |
 ├────────────────────┼──────────────────────────────────────────────────────────────────┤
 | 0x00000000000004f9 | 0 0 0 2 2 2 2 0 2 2 2 0 0 0 0 2 0 0 0 0 0 0 0 0 0 0 0 0 0 0 0 0  |
 ├────────────────────┼──────────────────────────────────────────────────────────────────┤
 | 0x0000000000000524 | 0 0 0 2 2 0 0 0 0 2 2 2 0 0 0 0 0 0 0 0 0 0 0 2 2 2 2 2 2 0 0 0  |
 ├────────────────────┼──────────────────────────────────────────────────────────────────┤
 | 0x0000000000000512 | 0 0 0 0 0 0 0 0 0 0 2 2 2 2 2 2 2 2 2 2 2 2 2 2 0 2 2 2 2 2 2 2  |
 ├────────────────────┼──────────────────────────────────────────────────────────────────┤
 | 0x0000000000000289 | 0 0 0 0 0 2 2 2 2 2 2 2 2 0 0 0 0 0 0 2 2 2 2 2 2 0 0 0 0 0 0 0  |
 ├────────────────────┼──────────────────────────────────────────────────────────────────┤
 | 0x00000000000003b1 | 2 2 2 2 2 2 0 0 0 2 0 2 2 2 2 2 2 2 2 2 2 2 2 2 2 2 2 2 2 2 2 2  |
 ├────────────────────┼──────────────────────────────────────────────────────────────────┤
 | 0x0000000000000388 | 0 0 0 0 0 0 0 0 0 2 2 2 2 2 0 0 0 0 0 0 0 0 0 0 0 0 0 0 0 0 0 0  |
 ├────────────────────┼──────────────────────────────────────────────────────────────────┤
 | 0x000000000000051d | 2 2 2 2 2 2 2 2 2 2 2 2 2 2 2 2 0 0 0 0 0 0 0 0 0 0 0 0 0 0 0 0  |
 ├────────────────────┼──────────────────────────────────────────────────────────────────┤
 | 0x0000000000000530 | 0 0 0 0 0 0 0 0 0 0 0 0 2 2 0 0 2 0 0 0 0 0 0 2 2 2 0 0 0 0 0 0  |
 └────────────────────┴──────────────────────────────────────────────────────────────────┘
Prefetch buffer end
Filter by PPT: 0
cpu0_L2C
Num Con Filled: 0
Num Con Useful: 0 Useless:0 Accuracy: nan
LLC
