41 41 41
Available num physical pages: 35184372088576
WARNING: physical memory size is smaller than virtual memory size

*** ChampSim Multicore Out-of-Order Simulator ***

Warmup Instructions: 5000000
Simulation Instructions: 200000000
Number of CPUs: 1
Page size: 4096

Basic BTB sets: 1024 ways: 8 indirect buffer size: 4096 RAS size: 64
cpu0_L1D PMP prefetcher
Off-chip DRAM Size: 4 GiB Channels: 1 Width: 64-bit Data Rate: 3200 MT/s
Max paddr 1M
Warmup finished CPU 0 instructions: 5000002 cycles: 1253604 cumulative IPC: 3.98851 (Simulation time: 0 hr 2 min 48 sec) 

Warmup complete CPU 0 instructions: 5000002 cycles: 1253604 (Simulation time: 0 hr 2 min 48 sec) 

Heartbeat CPU 0 instructions: 10000001 cycles: 3264033 heartbeat IPC: 3.0637 cumulative IPC: 2.48704 (Simulation time: 0 hr 6 min 9 sec) 
Heartbeat CPU 0 instructions: 20000001 cycles: 6867673 heartbeat IPC: 2.77498 cumulative IPC: 2.67186 (Simulation time: 0 hr 12 min 2 sec) 
Heartbeat CPU 0 instructions: 30000003 cycles: 10944480 heartbeat IPC: 2.45291 cumulative IPC: 2.57975 (Simulation time: 0 hr 18 min 33 sec) 
Heartbeat CPU 0 instructions: 40000000 cycles: 15095771 heartbeat IPC: 2.40889 cumulative IPC: 2.52851 (Simulation time: 0 hr 25 min 23 sec) 
Heartbeat CPU 0 instructions: 50000001 cycles: 19297486 heartbeat IPC: 2.37999 cumulative IPC: 2.49393 (Simulation time: 0 hr 32 min 17 sec) 
Heartbeat CPU 0 instructions: 60000003 cycles: 23562936 heartbeat IPC: 2.34442 cumulative IPC: 2.46534 (Simulation time: 0 hr 39 min 13 sec) 
Heartbeat CPU 0 instructions: 70000003 cycles: 27945602 heartbeat IPC: 2.28172 cumulative IPC: 2.43519 (Simulation time: 0 hr 46 min 15 sec) 
Heartbeat CPU 0 instructions: 80000002 cycles: 32385846 heartbeat IPC: 2.25213 cumulative IPC: 2.40908 (Simulation time: 0 hr 53 min 6 sec) 
Heartbeat CPU 0 instructions: 90000001 cycles: 36715877 heartbeat IPC: 2.30946 cumulative IPC: 2.39692 (Simulation time: 0 hr 59 min 49 sec) 
Heartbeat CPU 0 instructions: 100000003 cycles: 41079134 heartbeat IPC: 2.29187 cumulative IPC: 2.38541 (Simulation time: 1 hr 6 min 28 sec) 
Heartbeat CPU 0 instructions: 110000001 cycles: 45440518 heartbeat IPC: 2.29285 cumulative IPC: 2.37627 (Simulation time: 1 hr 13 min 19 sec) 
Heartbeat CPU 0 instructions: 120000000 cycles: 49780526 heartbeat IPC: 2.30415 cumulative IPC: 2.36982 (Simulation time: 1 hr 20 min 33 sec) 
Heartbeat CPU 0 instructions: 130000004 cycles: 54089704 heartbeat IPC: 2.32063 cumulative IPC: 2.36581 (Simulation time: 1 hr 28 min 1 sec) 
Heartbeat CPU 0 instructions: 140000000 cycles: 58242058 heartbeat IPC: 2.40828 cumulative IPC: 2.36891 (Simulation time: 1 hr 36 min 5 sec) 
Heartbeat CPU 0 instructions: 150000002 cycles: 62314551 heartbeat IPC: 2.4555 cumulative IPC: 2.37468 (Simulation time: 1 hr 43 min 54 sec) 
Heartbeat CPU 0 instructions: 160000000 cycles: 66437809 heartbeat IPC: 2.42527 cumulative IPC: 2.37788 (Simulation time: 1 hr 51 min 12 sec) 
Heartbeat CPU 0 instructions: 170000000 cycles: 70618107 heartbeat IPC: 2.39218 cumulative IPC: 2.37874 (Simulation time: 1 hr 58 min 5 sec) 
Heartbeat CPU 0 instructions: 180000000 cycles: 74892389 heartbeat IPC: 2.33958 cumulative IPC: 2.37647 (Simulation time: 2 hr 4 min 59 sec) 
Heartbeat CPU 0 instructions: 190000000 cycles: 79261938 heartbeat IPC: 2.28857 cumulative IPC: 2.37155 (Simulation time: 2 hr 11 min 47 sec) 
Heartbeat CPU 0 instructions: 200000001 cycles: 83664635 heartbeat IPC: 2.27134 cumulative IPC: 2.36619 (Simulation time: 2 hr 17 min 11 sec) 
Max paddr 2M
Simulation finished CPU 0 instructions: 200000004 cycles: 84600450 cumulative IPC: 2.36406 (Simulation time: 2 hr 19 min 29 sec) 

Simulation complete CPU 0 instructions: 200000004 cycles: 84600450 (Simulation time: 2 hr 19 min 29 sec) 


ChampSim completed all CPUs

[
  {
    "name": "Simulation",
    "traces": [
      "../traces/453.povray-576B.champsimtrace.xz"
    ],
    "roi": {
      "cores": [
        {
          "instructions": 200000004,
          "cycles": 84600450,
          "Avg ROB occupancy at mispredict": 34.3589, 
          "mispredict": {
            "BRANCH_DIRECT_JUMP": 264,
            "BRANCH_INDIRECT": 2256,
            "BRANCH_CONDITIONAL": 1714580,
            "BRANCH_DIRECT_CALL": 319,
            "BRANCH_INDIRECT_CALL": 153373,
            "BRANCH_RETURN": 164325
          }
        }
      ],
      "cpu0_L1I": {
        "LOAD": {
          "hit":3774991,
          "miss":904396
        },
        "RFO": {
          "hit":0,
          "miss":0
        },
        "PREFETCH": {
          "hit":0,
          "miss":0
        },
        "WRITE": {
          "hit":0,
          "miss":0
        },
        "TRANSLATION": {
          "hit":0,
          "miss":0
        },
        "mshr full": 1501,
        "prefetch requested": 0,
        "prefetch issued": 0,
        "prefetch filled": 0,
        "prefetch useful": 0,
        "prefetch useless": 0,
        "prefetch late": 0,
        "pf_useful_at_l2_from_l1":          0,
        "pf_late_at_l2_from_l1":          0,
        "pf_useless_at_l2_from_l1":          0,
        "pf_at_l2_to_l1":          0,
        "pf_fill_this_level":          0,
        "miss latency": 0.430262,
        "cache queues": {
          "PQ_ACCESS": 0,
          "PQ_FULL": 0,
          "PQ_TO_CACHE": 0,
          "PQ_MERGED": 0,
          "RQ_ACCESS": 4704635,
          "RQ_MERGED": 25247,
          "RQ_FULL": 0,
          "WQ_ACCESS": 0,
          "WQ_MERGED": 0,
          "WQ_FULL": 0
        }
      },
      "cpu0_ITLB": {
        "LOAD": {
          "hit":3701877,
          "miss":113673
        },
        "RFO": {
          "hit":0,
          "miss":0
        },
        "PREFETCH": {
          "hit":0,
          "miss":0
        },
        "WRITE": {
          "hit":0,
          "miss":0
        },
        "TRANSLATION": {
          "hit":0,
          "miss":0
        },
        "mshr full": 0,
        "prefetch requested": 0,
        "prefetch issued": 0,
        "prefetch filled": 0,
        "prefetch useful": 0,
        "prefetch useless": 0,
        "prefetch late": 0,
        "pf_useful_at_l2_from_l1":          0,
        "pf_late_at_l2_from_l1":          0,
        "pf_useless_at_l2_from_l1":          0,
        "pf_at_l2_to_l1":          0,
        "pf_fill_this_level":          0,
        "miss latency": 0.127609,
        "cache queues": {
          "PQ_ACCESS": 0,
          "PQ_FULL": 0,
          "PQ_TO_CACHE": 0,
          "PQ_MERGED": 0,
          "RQ_ACCESS": 3815550,
          "RQ_MERGED": 0,
          "RQ_FULL": 0,
          "WQ_ACCESS": 0,
          "WQ_MERGED": 0,
          "WQ_FULL": 0
        }
      },
      "cpu0_DTLB": {
        "LOAD": {
          "hit":79914549,
          "miss":1413561
        },
        "RFO": {
          "hit":0,
          "miss":0
        },
        "PREFETCH": {
          "hit":0,
          "miss":0
        },
        "WRITE": {
          "hit":0,
          "miss":0
        },
        "TRANSLATION": {
          "hit":0,
          "miss":0
        },
        "mshr full": 0,
        "prefetch requested": 0,
        "prefetch issued": 0,
        "prefetch filled": 0,
        "prefetch useful": 0,
        "prefetch useless": 0,
        "prefetch late": 0,
        "pf_useful_at_l2_from_l1":          0,
        "pf_late_at_l2_from_l1":          0,
        "pf_useless_at_l2_from_l1":          0,
        "pf_at_l2_to_l1":          0,
        "pf_fill_this_level":          0,
        "miss latency": 0.170087,
        "cache queues": {
          "PQ_ACCESS": 0,
          "PQ_FULL": 0,
          "PQ_TO_CACHE": 0,
          "PQ_MERGED": 0,
          "RQ_ACCESS": 81779913,
          "RQ_MERGED": 0,
          "RQ_FULL": 451798,
          "WQ_ACCESS": 0,
          "WQ_MERGED": 0,
          "WQ_FULL": 0
        }
      },
      "cpu0_STLB": {
        "LOAD": {
          "hit":504578,
          "miss":132
        },
        "RFO": {
          "hit":0,
          "miss":0
        },
        "PREFETCH": {
          "hit":0,
          "miss":0
        },
        "WRITE": {
          "hit":0,
          "miss":0
        },
        "TRANSLATION": {
          "hit":0,
          "miss":0
        },
        "mshr full": 0,
        "prefetch requested": 0,
        "prefetch issued": 0,
        "prefetch filled": 0,
        "prefetch useful": 0,
        "prefetch useless": 0,
        "prefetch late": 0,
        "pf_useful_at_l2_from_l1":          0,
        "pf_late_at_l2_from_l1":          0,
        "pf_useless_at_l2_from_l1":          0,
        "pf_at_l2_to_l1":          0,
        "pf_fill_this_level":          0,
        "miss latency": 17.7804,
        "cache queues": {
          "PQ_ACCESS": 0,
          "PQ_FULL": 0,
          "PQ_TO_CACHE": 0,
          "PQ_MERGED": 0,
          "RQ_ACCESS": 504710,
          "RQ_MERGED": 0,
          "RQ_FULL": 0,
          "WQ_ACCESS": 0,
          "WQ_MERGED": 0,
          "WQ_FULL": 0
        }
      },
      "cpu0_L1D": {
        "LOAD": {
          "hit":50121436,
          "miss":2408754
        },
        "RFO": {
          "hit":0,
          "miss":0
        },
        "PREFETCH": {
          "hit":3305081,
          "miss":8464742
        },
        "WRITE": {
          "hit":28284007,
          "miss":582436
        },
        "TRANSLATION": {
          "hit":26,
          "miss":109
        },
        "mshr full": 0,
        "prefetch requested": 11770716,
        "prefetch issued": 11770716,
        "prefetch filled": 8681,
        "prefetch useful": 3758,
        "prefetch useless": 5183,
        "prefetch late": 220,
        "pf_useful_at_l2_from_l1":          0,
        "pf_late_at_l2_from_l1":          0,
        "pf_useless_at_l2_from_l1":          0,
        "pf_at_l2_to_l1":          0,
        "pf_fill_this_level":       8681,
        "miss latency": 0.171537,
        "cache queues": {
          "PQ_ACCESS": 11770716,
          "PQ_FULL": 0,
          "PQ_TO_CACHE": 11770716,
          "PQ_MERGED": 307,
          "RQ_ACCESS": 52538964,
          "RQ_MERGED": 3300,
          "RQ_FULL": 5468,
          "WQ_ACCESS": 28866879,
          "WQ_MERGED": 312,
          "WQ_FULL": 119
        }
      },
      "cpu0_L2C": {
        "LOAD": {
          "hit":1640321,
          "miss":5958
        },
        "RFO": {
          "hit":164992,
          "miss":630
        },
        "PREFETCH": {
          "hit":8288840,
          "miss":16104
        },
        "WRITE": {
          "hit":109671,
          "miss":0
        },
        "TRANSLATION": {
          "hit":39,
          "miss":70
        },
        "mshr full": 465,
        "prefetch requested": 0,
        "prefetch issued": 0,
        "prefetch filled": 15546,
        "prefetch useful": 0,
        "prefetch useless": 0,
        "prefetch late": 0,
        "pf_useful_at_l2_from_l1":       5048,
        "pf_late_at_l2_from_l1":        551,
        "pf_useless_at_l2_from_l1":       9895,
        "pf_at_l2_to_l1":         94,
        "pf_fill_this_level":      15490,
        "miss latency": 9.78059,
        "cache queues": {
          "PQ_ACCESS": 8317974,
          "PQ_FULL": 12852,
          "PQ_TO_CACHE": 8305122,
          "PQ_MERGED": 75,
          "RQ_ACCESS": 1812263,
          "RQ_MERGED": 0,
          "RQ_FULL": 0,
          "WQ_ACCESS": 109736,
          "WQ_MERGED": 0,
          "WQ_FULL": 0
        }
      },
      "LLC": {
        "LOAD": {
          "hit": [3669],
          "miss": [1750]
        },
        "RFO": {
          "hit": [360],
          "miss": [258]
        },
        "PREFETCH": {
          "hit": [11080],
          "miss": [5017]
        },
        "WRITE": {
          "hit": [1130],
          "miss": [0]
        },
        "TRANSLATION": {
          "hit": [33],
          "miss": [37]
        },
        "mshr full": 0,
        "prefetch requested": 0,
        "prefetch issued": 0,
        "prefetch filled": 5017,
        "prefetch useful": 0,
        "prefetch useless": 0,
        "prefetch late": 0,
        "pf_useful_at_l2_from_l1":          0,
        "pf_late_at_l2_from_l1":          0,
        "pf_useless_at_l2_from_l1":          0,
        "pf_at_l2_to_l1":         21,
        "pf_fill_this_level":          0,
        "miss latency": 24.0636,
        "cache queues": {
          "PQ_ACCESS": 16097,
          "PQ_FULL": 0,
          "PQ_TO_CACHE": 16097,
          "PQ_MERGED": 0,
          "RQ_ACCESS": 6107,
          "RQ_MERGED": 0,
          "RQ_FULL": 0,
          "WQ_ACCESS": 1130,
          "WQ_MERGED": 0,
          "WQ_FULL": 0
        }
      },
      "DRAM": [
        {
          "RQ ROW_BUFFER_HIT": 3594,
          "RQ ROW_BUFFER_MISS": 3468,
          "PQ FULL": 0,
          "WQ ROW_BUFFER_HIT": 0,
          "WQ ROW_BUFFER_MISS": 0,
          "WQ FULL": 0,
          "AVG DBUS CONGESTED CYCLE": 3.92678
        }
      ]

    },
    "sim": {
      "cores": [
        {
          "instructions": 200000004,
          "cycles": 84600450,
          "Avg ROB occupancy at mispredict": 34.3589, 
          "mispredict": {
            "BRANCH_DIRECT_JUMP": 264,
            "BRANCH_INDIRECT": 2256,
            "BRANCH_CONDITIONAL": 1714580,
            "BRANCH_DIRECT_CALL": 319,
            "BRANCH_INDIRECT_CALL": 153373,
            "BRANCH_RETURN": 164325
          }
        }
      ],
      "cpu0_L1I": {
        "LOAD": {
          "hit":3774991,
          "miss":904396
        },
        "RFO": {
          "hit":0,
          "miss":0
        },
        "PREFETCH": {
          "hit":0,
          "miss":0
        },
        "WRITE": {
          "hit":0,
          "miss":0
        },
        "TRANSLATION": {
          "hit":0,
          "miss":0
        },
        "mshr full": 1501,
        "prefetch requested": 0,
        "prefetch issued": 0,
        "prefetch filled": 0,
        "prefetch useful": 0,
        "prefetch useless": 0,
        "prefetch late": 0,
        "pf_useful_at_l2_from_l1":          0,
        "pf_late_at_l2_from_l1":          0,
        "pf_useless_at_l2_from_l1":          0,
        "pf_at_l2_to_l1":          0,
        "pf_fill_this_level":          0,
        "miss latency": 0.430262,
        "cache queues": {
          "PQ_ACCESS": 0,
          "PQ_FULL": 0,
          "PQ_TO_CACHE": 0,
          "PQ_MERGED": 0,
          "RQ_ACCESS": 4704635,
          "RQ_MERGED": 25247,
          "RQ_FULL": 0,
          "WQ_ACCESS": 0,
          "WQ_MERGED": 0,
          "WQ_FULL": 0
        }
      },
      "cpu0_ITLB": {
        "LOAD": {
          "hit":3701877,
          "miss":113673
        },
        "RFO": {
          "hit":0,
          "miss":0
        },
        "PREFETCH": {
          "hit":0,
          "miss":0
        },
        "WRITE": {
          "hit":0,
          "miss":0
        },
        "TRANSLATION": {
          "hit":0,
          "miss":0
        },
        "mshr full": 0,
        "prefetch requested": 0,
        "prefetch issued": 0,
        "prefetch filled": 0,
        "prefetch useful": 0,
        "prefetch useless": 0,
        "prefetch late": 0,
        "pf_useful_at_l2_from_l1":          0,
        "pf_late_at_l2_from_l1":          0,
        "pf_useless_at_l2_from_l1":          0,
        "pf_at_l2_to_l1":          0,
        "pf_fill_this_level":          0,
        "miss latency": 0.127609,
        "cache queues": {
          "PQ_ACCESS": 0,
          "PQ_FULL": 0,
          "PQ_TO_CACHE": 0,
          "PQ_MERGED": 0,
          "RQ_ACCESS": 3815550,
          "RQ_MERGED": 0,
          "RQ_FULL": 0,
          "WQ_ACCESS": 0,
          "WQ_MERGED": 0,
          "WQ_FULL": 0
        }
      },
      "cpu0_DTLB": {
        "LOAD": {
          "hit":79914549,
          "miss":1413561
        },
        "RFO": {
          "hit":0,
          "miss":0
        },
        "PREFETCH": {
          "hit":0,
          "miss":0
        },
        "WRITE": {
          "hit":0,
          "miss":0
        },
        "TRANSLATION": {
          "hit":0,
          "miss":0
        },
        "mshr full": 0,
        "prefetch requested": 0,
        "prefetch issued": 0,
        "prefetch filled": 0,
        "prefetch useful": 0,
        "prefetch useless": 0,
        "prefetch late": 0,
        "pf_useful_at_l2_from_l1":          0,
        "pf_late_at_l2_from_l1":          0,
        "pf_useless_at_l2_from_l1":          0,
        "pf_at_l2_to_l1":          0,
        "pf_fill_this_level":          0,
        "miss latency": 0.170087,
        "cache queues": {
          "PQ_ACCESS": 0,
          "PQ_FULL": 0,
          "PQ_TO_CACHE": 0,
          "PQ_MERGED": 0,
          "RQ_ACCESS": 81779913,
          "RQ_MERGED": 0,
          "RQ_FULL": 451798,
          "WQ_ACCESS": 0,
          "WQ_MERGED": 0,
          "WQ_FULL": 0
        }
      },
      "cpu0_STLB": {
        "LOAD": {
          "hit":504578,
          "miss":132
        },
        "RFO": {
          "hit":0,
          "miss":0
        },
        "PREFETCH": {
          "hit":0,
          "miss":0
        },
        "WRITE": {
          "hit":0,
          "miss":0
        },
        "TRANSLATION": {
          "hit":0,
          "miss":0
        },
        "mshr full": 0,
        "prefetch requested": 0,
        "prefetch issued": 0,
        "prefetch filled": 0,
        "prefetch useful": 0,
        "prefetch useless": 0,
        "prefetch late": 0,
        "pf_useful_at_l2_from_l1":          0,
        "pf_late_at_l2_from_l1":          0,
        "pf_useless_at_l2_from_l1":          0,
        "pf_at_l2_to_l1":          0,
        "pf_fill_this_level":          0,
        "miss latency": 17.7804,
        "cache queues": {
          "PQ_ACCESS": 0,
          "PQ_FULL": 0,
          "PQ_TO_CACHE": 0,
          "PQ_MERGED": 0,
          "RQ_ACCESS": 504710,
          "RQ_MERGED": 0,
          "RQ_FULL": 0,
          "WQ_ACCESS": 0,
          "WQ_MERGED": 0,
          "WQ_FULL": 0
        }
      },
      "cpu0_L1D": {
        "LOAD": {
          "hit":50121436,
          "miss":2408754
        },
        "RFO": {
          "hit":0,
          "miss":0
        },
        "PREFETCH": {
          "hit":3305081,
          "miss":8464742
        },
        "WRITE": {
          "hit":28284007,
          "miss":582436
        },
        "TRANSLATION": {
          "hit":26,
          "miss":109
        },
        "mshr full": 0,
        "prefetch requested": 11770716,
        "prefetch issued": 11770716,
        "prefetch filled": 8681,
        "prefetch useful": 3758,
        "prefetch useless": 5183,
        "prefetch late": 220,
        "pf_useful_at_l2_from_l1":          0,
        "pf_late_at_l2_from_l1":          0,
        "pf_useless_at_l2_from_l1":          0,
        "pf_at_l2_to_l1":          0,
        "pf_fill_this_level":       8681,
        "miss latency": 0.171537,
        "cache queues": {
          "PQ_ACCESS": 11770716,
          "PQ_FULL": 0,
          "PQ_TO_CACHE": 11770716,
          "PQ_MERGED": 307,
          "RQ_ACCESS": 52538964,
          "RQ_MERGED": 3300,
          "RQ_FULL": 5468,
          "WQ_ACCESS": 28866879,
          "WQ_MERGED": 312,
          "WQ_FULL": 119
        }
      },
      "cpu0_L2C": {
        "LOAD": {
          "hit":1640321,
          "miss":5958
        },
        "RFO": {
          "hit":164992,
          "miss":630
        },
        "PREFETCH": {
          "hit":8288840,
          "miss":16104
        },
        "WRITE": {
          "hit":109671,
          "miss":0
        },
        "TRANSLATION": {
          "hit":39,
          "miss":70
        },
        "mshr full": 465,
        "prefetch requested": 0,
        "prefetch issued": 0,
        "prefetch filled": 15546,
        "prefetch useful": 0,
        "prefetch useless": 0,
        "prefetch late": 0,
        "pf_useful_at_l2_from_l1":       5048,
        "pf_late_at_l2_from_l1":        551,
        "pf_useless_at_l2_from_l1":       9895,
        "pf_at_l2_to_l1":         94,
        "pf_fill_this_level":      15490,
        "miss latency": 9.78059,
        "cache queues": {
          "PQ_ACCESS": 8317974,
          "PQ_FULL": 12852,
          "PQ_TO_CACHE": 8305122,
          "PQ_MERGED": 75,
          "RQ_ACCESS": 1812263,
          "RQ_MERGED": 0,
          "RQ_FULL": 0,
          "WQ_ACCESS": 109736,
          "WQ_MERGED": 0,
          "WQ_FULL": 0
        }
      },
      "LLC": {
        "LOAD": {
          "hit": [3669],
          "miss": [1750]
        },
        "RFO": {
          "hit": [360],
          "miss": [258]
        },
        "PREFETCH": {
          "hit": [11080],
          "miss": [5017]
        },
        "WRITE": {
          "hit": [1130],
          "miss": [0]
        },
        "TRANSLATION": {
          "hit": [33],
          "miss": [37]
        },
        "mshr full": 0,
        "prefetch requested": 0,
        "prefetch issued": 0,
        "prefetch filled": 5017,
        "prefetch useful": 0,
        "prefetch useless": 0,
        "prefetch late": 0,
        "pf_useful_at_l2_from_l1":          0,
        "pf_late_at_l2_from_l1":          0,
        "pf_useless_at_l2_from_l1":          0,
        "pf_at_l2_to_l1":         21,
        "pf_fill_this_level":          0,
        "miss latency": 24.0636,
        "cache queues": {
          "PQ_ACCESS": 16097,
          "PQ_FULL": 0,
          "PQ_TO_CACHE": 16097,
          "PQ_MERGED": 0,
          "RQ_ACCESS": 6107,
          "RQ_MERGED": 0,
          "RQ_FULL": 0,
          "WQ_ACCESS": 1130,
          "WQ_MERGED": 0,
          "WQ_FULL": 0
        }
      },
      "DRAM": [
        {
          "RQ ROW_BUFFER_HIT": 3594,
          "RQ ROW_BUFFER_MISS": 3468,
          "PQ FULL": 0,
          "WQ ROW_BUFFER_HIT": 0,
          "WQ ROW_BUFFER_MISS": 0,
          "WQ FULL": 0,
          "AVG DBUS CONGESTED CYCLE": 3.92678
        }
      ]

    }
  }
]
cpu0_ITLB
cpu0_DTLB
cpu0_STLB
Prefetch Request to L1: 44813, Prefetch Request to L2: 11725903
Invalid by Eviction: 84890
Invalid by Max: 728480
Filter table begin
 ┌────────────────────┬─────────────┐
 | Region             | Offset      |
 ├────────────────────┼─────────────┤
 | 0x0000000000000305 | 1           |
 ├────────────────────┼─────────────┤
 | 0x000000000000033a | 18          |
 ├────────────────────┼─────────────┤
 | 0x0000000000000344 | 19          |
 ├────────────────────┼─────────────┤
 | 0x00000000000002b5 | 24          |
 ├────────────────────┼─────────────┤
 | 0x000000000000028b | 17          |
 ├────────────────────┼─────────────┤
 | 0x00000000000002b4 | 24          |
 ├────────────────────┼─────────────┤
 | 0x000000000000038c | 28          |
 ├────────────────────┼─────────────┤
 | 0x00000000000002ff | 5           |
 ├────────────────────┼─────────────┤
 | 0x000000000000034f | 25          |
 ├────────────────────┼─────────────┤
 | 0x000000000000034e | 16          |
 ├────────────────────┼─────────────┤
 | 0x0000000000000314 | 24          |
 ├────────────────────┼─────────────┤
 | 0x0000000000000371 | 5           |
 ├────────────────────┼─────────────┤
 | 0x000000000000030f | 2           |
 ├────────────────────┼─────────────┤
 | 0x000000000000023a | 1           |
 ├────────────────────┼─────────────┤
 | 0x0000000000000337 | 4           |
 ├────────────────────┼─────────────┤
 | 0x000000000000027b | 0           |
 ├────────────────────┼─────────────┤
 | 0x0000000000000257 | 12          |
 ├────────────────────┼─────────────┤
 | 0x0000000000000377 | 20          |
 ├────────────────────┼─────────────┤
 | 0x000000000000025e | 31          |
 ├────────────────────┼─────────────┤
 | 0x0000000000000353 | 27          |
 ├────────────────────┼─────────────┤
 | 0x000000000000024c | 30          |
 ├────────────────────┼─────────────┤
 | 0x0000000000000285 | 31          |
 ├────────────────────┼─────────────┤
 | 0x0000000000000238 | 0           |
 ├────────────────────┼─────────────┤
 | 0x00000000000002a1 | 0           |
 ├────────────────────┼─────────────┤
 | 0x0000000000000335 | 15          |
 ├────────────────────┼─────────────┤
 | 0x0000000000000254 | 4           |
 ├────────────────────┼─────────────┤
 | 0x0000000000000246 | 29          |
 ├────────────────────┼─────────────┤
 | 0x0000000000000271 | 31          |
 ├────────────────────┼─────────────┤
 | 0x000000000000025c | 27          |
 ├────────────────────┼─────────────┤
 | 0x0000000000000326 | 31          |
 ├────────────────────┼─────────────┤
 | 0x00000000000002de | 25          |
 └────────────────────┴─────────────┘
Filter table end
Accumulation table begin
 ┌────────────────────┬─────────────┬─────────────┬──────────────────────────────────────────────────────────────────┐
 | Region             | Offset      | Second      | Pattern                                                          |
 ├────────────────────┼─────────────┼─────────────┼──────────────────────────────────────────────────────────────────┤
 | 0x0000000000000234 | 3           | 1           | 1 1 1 1 0 0 0 0 0 1 1 1 0 0 0 0 0 1 1 1 0 0 0 0 0 1 1 1 0 0 0 0  |
 ├────────────────────┼─────────────┼─────────────┼──────────────────────────────────────────────────────────────────┤
 | 0x0000000000000237 | 4           | 23          | 0 0 0 0 1 0 0 0 0 0 0 0 0 0 0 0 0 0 0 0 0 0 0 1 0 0 0 0 0 0 0 0  |
 ├────────────────────┼─────────────┼─────────────┼──────────────────────────────────────────────────────────────────┤
 | 0x000000000000023e | 5           | 3           | 0 0 1 1 1 1 0 0 0 0 0 1 1 1 0 0 0 0 0 1 1 1 0 0 0 0 0 1 1 1 0 0  |
 ├────────────────────┼─────────────┼─────────────┼──────────────────────────────────────────────────────────────────┤
 | 0x000000000000026b | 2           | 1           | 0 1 1 1 0 0 0 0 0 1 1 1 1 0 0 0 0 0 1 1 1 0 0 0 0 0 1 1 1 0 0 0  |
 ├────────────────────┼─────────────┼─────────────┼──────────────────────────────────────────────────────────────────┤
 | 0x0000000000000291 | 0           | 15          | 1 0 0 0 0 0 0 0 0 0 0 0 0 0 0 1 0 0 0 0 0 0 0 0 0 0 0 0 0 0 0 0  |
 ├────────────────────┼─────────────┼─────────────┼──────────────────────────────────────────────────────────────────┤
 | 0x000000000000042f | 21          | 20          | 0 0 0 0 0 0 0 0 0 0 0 0 0 0 0 0 0 0 0 1 1 1 1 1 1 0 0 0 0 0 1 1  |
 ├────────────────────┼─────────────┼─────────────┼──────────────────────────────────────────────────────────────────┤
 | 0x00000000000002d6 | 11          | 16          | 0 0 0 0 0 0 0 1 0 0 0 1 0 0 0 0 1 0 0 0 0 0 0 0 0 0 0 0 0 0 0 0  |
 ├────────────────────┼─────────────┼─────────────┼──────────────────────────────────────────────────────────────────┤
 | 0x000000000000025d | 29          | 30          | 0 0 0 0 0 0 0 0 0 0 0 0 0 0 0 0 0 0 0 0 0 0 0 0 0 0 0 0 0 1 1 1  |
 ├────────────────────┼─────────────┼─────────────┼──────────────────────────────────────────────────────────────────┤
 | 0x00000000000002fd | 9           | 11          | 0 0 0 0 0 0 0 0 0 1 0 1 0 1 0 1 1 0 0 0 0 0 1 1 0 0 0 0 0 0 0 0  |
 ├────────────────────┼─────────────┼─────────────┼──────────────────────────────────────────────────────────────────┤
 | 0x00000000000002ea | 9           | 10          | 0 0 0 0 0 0 0 0 0 1 1 1 1 1 1 1 0 0 0 0 0 0 0 0 0 0 0 0 0 0 0 0  |
 ├────────────────────┼─────────────┼─────────────┼──────────────────────────────────────────────────────────────────┤
 | 0x00000000000002df | 29          | 14          | 0 0 0 0 0 0 0 0 0 0 0 0 0 1 1 1 0 0 0 0 0 0 0 0 0 0 0 0 1 1 0 0  |
 ├────────────────────┼─────────────┼─────────────┼──────────────────────────────────────────────────────────────────┤
 | 0x00000000000002d0 | 31          | 28          | 0 0 0 0 0 0 0 0 0 0 0 0 0 1 1 1 1 1 1 1 1 1 1 1 1 1 1 0 1 0 1 1  |
 ├────────────────────┼─────────────┼─────────────┼──────────────────────────────────────────────────────────────────┤
 | 0x000000000000023d | 5           | 4           | 0 0 0 0 1 1 0 0 0 0 0 0 0 0 0 0 0 0 0 0 0 0 0 0 0 0 0 0 0 0 0 0  |
 ├────────────────────┼─────────────┼─────────────┼──────────────────────────────────────────────────────────────────┤
 | 0x0000000000000399 | 5           | 6           | 0 1 1 1 1 1 1 0 0 0 0 0 0 0 0 0 0 0 0 0 0 0 0 0 0 0 0 0 0 0 0 0  |
 ├────────────────────┼─────────────┼─────────────┼──────────────────────────────────────────────────────────────────┤
 | 0x000000000000029e | 7           | 5           | 0 0 1 0 1 1 0 1 1 0 0 0 0 0 0 0 0 0 0 0 0 0 0 0 0 0 0 0 0 0 0 0  |
 ├────────────────────┼─────────────┼─────────────┼──────────────────────────────────────────────────────────────────┤
 | 0x00000000000002ba | 3           | 0           | 1 0 0 1 0 0 0 0 0 0 0 0 0 0 0 0 0 0 0 0 0 0 0 0 0 0 0 0 0 0 0 0  |
 ├────────────────────┼─────────────┼─────────────┼──────────────────────────────────────────────────────────────────┤
 | 0x00000000000003fd | 10          | 11          | 0 0 0 0 0 0 0 0 0 0 1 1 1 1 1 1 0 0 1 0 0 1 1 0 0 0 1 1 0 1 0 0  |
 ├────────────────────┼─────────────┼─────────────┼──────────────────────────────────────────────────────────────────┤
 | 0x0000000000000236 | 20          | 23          | 0 0 0 0 0 0 0 0 0 0 0 0 0 0 0 0 0 0 0 0 1 1 0 1 0 1 0 0 0 1 0 1  |
 ├────────────────────┼─────────────┼─────────────┼──────────────────────────────────────────────────────────────────┤
 | 0x0000000000000255 | 29          | 31          | 0 0 0 0 0 0 0 0 0 0 0 0 0 0 0 0 0 0 0 0 0 0 0 0 0 0 0 0 0 1 0 1  |
 ├────────────────────┼─────────────┼─────────────┼──────────────────────────────────────────────────────────────────┤
 | 0x0000000000000239 | 16          | 19          | 0 0 0 0 0 0 0 0 0 0 0 0 0 0 0 0 1 0 0 1 0 0 0 0 0 0 0 0 0 0 0 0  |
 ├────────────────────┼─────────────┼─────────────┼──────────────────────────────────────────────────────────────────┤
 | 0x0000000000000351 | 3           | 5           | 1 0 0 1 1 1 1 0 0 0 0 0 0 0 0 0 0 0 0 0 0 0 0 0 0 0 0 0 0 0 0 0  |
 ├────────────────────┼─────────────┼─────────────┼──────────────────────────────────────────────────────────────────┤
 | 0x000000000000049a | 1           | 0           | 1 1 0 0 0 0 0 0 1 1 1 0 0 0 0 0 0 0 0 0 0 0 0 0 0 0 0 0 0 0 0 0  |
 ├────────────────────┼─────────────┼─────────────┼──────────────────────────────────────────────────────────────────┤
 | 0x00000000000002e4 | 18          | 19          | 0 0 0 0 0 0 0 0 0 0 0 0 0 0 0 0 0 0 1 1 1 1 0 0 0 0 0 0 0 0 0 0  |
 ├────────────────────┼─────────────┼─────────────┼──────────────────────────────────────────────────────────────────┤
 | 0x000000000000023c | 2           | 1           | 1 1 1 0 0 0 0 0 0 0 1 0 0 0 0 0 0 0 0 0 0 0 0 0 0 0 0 0 0 0 0 0  |
 ├────────────────────┼─────────────┼─────────────┼──────────────────────────────────────────────────────────────────┤
 | 0x0000000000000308 | 23          | 24          | 0 0 0 0 0 0 0 0 0 0 0 0 0 0 0 0 0 0 0 0 1 1 1 1 1 1 0 0 0 0 0 0  |
 ├────────────────────┼─────────────┼─────────────┼──────────────────────────────────────────────────────────────────┤
 | 0x0000000000000338 | 2           | 7           | 1 1 1 1 0 0 0 1 1 0 1 0 0 0 0 0 0 0 0 0 0 0 0 0 0 0 0 0 0 0 0 0  |
 ├────────────────────┼─────────────┼─────────────┼──────────────────────────────────────────────────────────────────┤
 | 0x00000000000002a0 | 6           | 31          | 0 0 0 0 0 0 1 0 0 0 0 0 0 0 0 0 0 0 0 0 0 0 0 0 0 0 0 0 0 0 1 1  |
 ├────────────────────┼─────────────┼─────────────┼──────────────────────────────────────────────────────────────────┤
 | 0x0000000000000370 | 1           | 0           | 1 1 0 0 0 0 0 0 0 0 0 0 0 0 0 0 0 0 0 0 0 0 0 0 0 0 0 0 0 0 0 0  |
 ├────────────────────┼─────────────┼─────────────┼──────────────────────────────────────────────────────────────────┤
 | 0x0000000000000233 | 5           | 25          | 0 0 0 0 0 1 0 0 0 0 0 0 0 0 0 0 0 0 0 0 0 0 0 0 0 1 0 0 0 0 0 0  |
 ├────────────────────┼─────────────┼─────────────┼──────────────────────────────────────────────────────────────────┤
 | 0x000000000000025a | 17          | 18          | 0 0 0 0 0 0 0 0 0 0 0 0 0 0 0 0 0 1 1 0 1 0 1 0 0 0 0 0 0 0 0 0  |
 ├────────────────────┼─────────────┼─────────────┼──────────────────────────────────────────────────────────────────┤
 | 0x00000000000002d1 | 22          | 4           | 1 1 1 1 1 0 0 0 0 0 0 0 0 0 0 0 0 0 0 1 1 0 1 1 1 1 1 1 1 1 1 1  |
 ├────────────────────┼─────────────┼─────────────┼──────────────────────────────────────────────────────────────────┤
 | 0x00000000000003a8 | 4           | 5           | 0 0 0 0 1 1 0 0 0 0 0 0 0 0 0 0 0 0 0 0 0 0 0 0 0 0 0 0 0 0 0 0  |
 └────────────────────┴─────────────┴─────────────┴──────────────────────────────────────────────────────────────────┘
Accumulation table end
Offset pattern table begin
 ┌────────────────────┬─────────────┬─────────────────────────────────────────────────────────────────────────────────┐
 | Key                | Second      | Pattern                                                                         |
 ├────────────────────┼─────────────┼─────────────────────────────────────────────────────────────────────────────────┤
 | 0x0000000000000000 | 1           | 21 14 9 5 4 1 5 8 6 5 5 2 2 2 1 5 6 6 2 1 1 1 0 4 6 6 2 1 2 2 2 6               |
 ├────────────────────┼─────────────┼─────────────────────────────────────────────────────────────────────────────────┤
 | 0x0000000000000001 | 0           | 27 17 5 3 4 2 3 9 11 11 5 2 2 3 5 3 6 6 4 1 1 2 2 3 6 6 4 0 0 0 1 19            |
 ├────────────────────┼─────────────┼─────────────────────────────────────────────────────────────────────────────────┤
 | 0x0000000000000002 | 1           | 24 11 9 6 4 4 5 7 18 15 14 6 4 6 2 4 12 12 8 4 4 4 0 4 12 12 8 4 4 4 10 22      |
 ├────────────────────┼─────────────┼─────────────────────────────────────────────────────────────────────────────────┤
 | 0x0000000000000003 | 2           | 24 17 11 4 0 1 4 5 6 3 3 1 1 0 3 3 5 2 1 0 0 0 3 3 5 1 1 0 0 8 4 8              |
 ├────────────────────┼─────────────┼─────────────────────────────────────────────────────────────────────────────────┤
 | 0x0000000000000004 | 5           | 24 11 7 0 0 0 4 5 5 5 3 2 2 0 1 0 0 0 2 3 2 0 0 0 0 0 2 2 0 0 8 12              |
 ├────────────────────┼─────────────┼─────────────────────────────────────────────────────────────────────────────────┤
 | 0x0000000000000005 | 4           | 31 18 15 7 6 4 4 5 13 7 0 13 12 12 8 4 4 0 0 8 12 10 5 5 4 6 5 0 5 14 9 20      |
 ├────────────────────┼─────────────┼─────────────────────────────────────────────────────────────────────────────────┤
 | 0x0000000000000006 | 5           | 19 6 6 3 1 3 0 0 0 3 2 4 1 1 0 0 0 0 0 0 0 0 0 3 11 8 2 3 2 6 9 9               |
 ├────────────────────┼─────────────┼─────────────────────────────────────────────────────────────────────────────────┤
 | 0x0000000000000007 | 11          | 31 23 12 0 3 1 1 0 0 0 0 0 1 1 1 1 1 1 0 0 0 0 0 1 1 2 3 4 2 8 7 7              |
 ├────────────────────┼─────────────┼─────────────────────────────────────────────────────────────────────────────────┤
 | 0x0000000000000008 | 7           | 31 26 13 1 1 1 0 0 0 0 0 1 1 1 1 1 1 0 0 0 0 0 1 1 6 7 8 2 2 1 2 16             |
 ├────────────────────┼─────────────┼─────────────────────────────────────────────────────────────────────────────────┤
 | 0x0000000000000009 | 8           | 25 15 10 9 7 3 6 3 0 0 0 0 0 2 2 1 0 0 0 0 0 0 0 0 1 1 0 0 0 0 4 12             |
 ├────────────────────┼─────────────┼─────────────────────────────────────────────────────────────────────────────────┤
 | 0x000000000000000a | 9           | 28 14 10 5 6 5 0 0 6 0 0 6 6 0 0 0 6 5 0 6 0 0 3 0 0 3 0 3 3 3 12 20            |
 ├────────────────────┼─────────────┼─────────────────────────────────────────────────────────────────────────────────┤
 | 0x000000000000000b | 12          | 28 14 13 1 1 4 1 1 1 1 1 0 1 0 1 1 2 1 1 1 1 0 0 0 1 0 0 1 7 1 9 8              |
 ├────────────────────┼─────────────┼─────────────────────────────────────────────────────────────────────────────────┤
 | 0x000000000000000c | 14          | 21 15 14 4 0 0 0 0 0 0 0 0 0 0 0 0 0 0 0 0 0 0 0 1 0 0 0 1 3 3 3 4              |
 ├────────────────────┼─────────────┼─────────────────────────────────────────────────────────────────────────────────┤
 | 0x000000000000000d | 12          | 26 23 17 17 17 16 14 2 14 0 0 0 0 2 2 3 0 0 0 0 14 0 0 14 14 0 14 14 0 14 15 7  |
 ├────────────────────┼─────────────┼─────────────────────────────────────────────────────────────────────────────────┤
 | 0x000000000000000e | 13          | 23 17 4 9 6 6 0 0 0 0 0 5 5 6 9 2 1 1 2 2 2 3 3 2 1 0 0 4 0 2 7 9               |
 ├────────────────────┼─────────────┼─────────────────────────────────────────────────────────────────────────────────┤
 | 0x000000000000000f | 14          | 31 25 29 11 5 1 1 0 1 4 9 9 9 4 1 1 1 0 4 4 4 4 0 0 0 0 0 0 0 0 0 13            |
 ├────────────────────┼─────────────┼─────────────────────────────────────────────────────────────────────────────────┤
 | 0x0000000000000010 | 19          | 21 2 8 19 8 7 0 0 0 0 0 8 8 7 7 0 0 0 0 0 0 0 1 1 1 1 1 2 1 0 0 2               |
 ├────────────────────┼─────────────┼─────────────────────────────────────────────────────────────────────────────────┤
 | 0x0000000000000011 | 16          | 18 12 8 7 7 3 0 1 0 0 3 6 6 6 3 0 0 0 0 0 0 0 0 0 1 0 0 0 0 0 0 7               |
 ├────────────────────┼─────────────┼─────────────────────────────────────────────────────────────────────────────────┤
 | 0x0000000000000012 | 17          | 24 16 20 20 3 0 0 1 1 9 12 12 12 5 0 1 0 0 1 1 0 0 0 0 0 0 0 0 1 0 8 11         |
 ├────────────────────┼─────────────┼─────────────────────────────────────────────────────────────────────────────────┤
 | 0x0000000000000013 | 18          | 23 10 12 3 3 0 0 0 0 0 0 0 0 2 2 2 2 0 0 0 0 0 0 0 0 0 0 1 5 6 0 3              |
 ├────────────────────┼─────────────┼─────────────────────────────────────────────────────────────────────────────────┤
 | 0x0000000000000014 | 19          | 22 18 10 14 1 5 2 1 1 5 2 6 0 0 0 0 0 0 0 0 0 0 0 1 0 0 1 2 2 1 2 9             |
 ├────────────────────┼─────────────┼─────────────────────────────────────────────────────────────────────────────────┤
 | 0x0000000000000015 | 20          | 27 16 9 9 1 0 0 2 0 5 5 0 2 0 0 2 2 0 2 2 0 2 2 0 2 3 3 2 3 3 18 16             |
 ├────────────────────┼─────────────┼─────────────────────────────────────────────────────────────────────────────────┤
 | 0x0000000000000016 | 26          | 27 22 10 6 6 6 6 6 6 6 8 8 8 7 6 0 0 0 0 3 0 3 1 1 1 0 1 1 2 8 19 13            |
 ├────────────────────┼─────────────┼─────────────────────────────────────────────────────────────────────────────────┤
 | 0x0000000000000017 | 24          | 27 23 24 3 4 3 0 0 1 0 0 0 0 0 0 0 0 0 0 0 0 0 0 0 0 0 0 0 3 24 24 24           |
 ├────────────────────┼─────────────┼─────────────────────────────────────────────────────────────────────────────────┤
 | 0x0000000000000018 | 25          | 16 2 5 8 3 1 0 0 7 5 2 0 5 0 9 0 0 0 0 0 0 0 3 0 0 0 0 0 0 3 0 0                |
 ├────────────────────┼─────────────┼─────────────────────────────────────────────────────────────────────────────────┤
 | 0x0000000000000019 | 31          | 18 6 0 0 4 0 4 0 0 0 0 0 2 0 0 0 0 0 0 0 0 0 0 0 0 0 0 12 12 12 14 10           |
 ├────────────────────┼─────────────┼─────────────────────────────────────────────────────────────────────────────────┤
 | 0x000000000000001a | 25          | 25 9 9 1 1 6 5 6 6 0 0 2 1 0 0 0 0 0 0 0 0 0 0 0 0 0 0 0 4 0 0 4                |
 ├────────────────────┼─────────────┼─────────────────────────────────────────────────────────────────────────────────┤
 | 0x000000000000001b | 26          | 18 16 1 1 1 0 0 0 0 0 0 0 0 0 0 0 0 0 0 0 0 0 0 0 0 0 1 0 0 1 0 16              |
 ├────────────────────┼─────────────┼─────────────────────────────────────────────────────────────────────────────────┤
 | 0x000000000000001c | 29          | 29 16 16 16 1 0 0 1 1 0 0 0 0 1 0 1 1 1 1 1 1 1 1 1 2 2 2 2 2 2 3 11            |
 ├────────────────────┼─────────────┼─────────────────────────────────────────────────────────────────────────────────┤
 | 0x000000000000001d | 28          | 18 11 14 0 0 0 0 0 0 0 0 0 1 2 2 2 0 1 0 0 0 0 0 0 0 0 0 0 0 0 0 2              |
 ├────────────────────┼─────────────┼─────────────────────────────────────────────────────────────────────────────────┤
 | 0x000000000000001e | 31          | 19 15 0 0 0 0 0 0 1 0 0 0 0 0 0 0 0 0 0 0 0 3 0 0 0 3 0 0 0 0 4 5               |
 ├────────────────────┼─────────────┼─────────────────────────────────────────────────────────────────────────────────┤
 | 0x000000000000001f | 30          | 16 0 0 0 0 0 0 1 0 0 0 0 0 0 0 0 0 0 0 1 1 2 3 2 2 2 2 3 3 4 3 14               |
 └────────────────────┴─────────────┴─────────────────────────────────────────────────────────────────────────────────┘
Offset pattern table end
PC pattern table begin
 ┌────────────────────┬─────────────┬────────────────────────────────────────────┐
 | Key                | Second      | Pattern                                    |
 ├────────────────────┼─────────────┼────────────────────────────────────────────┤
 | 0x0000000000000000 | 5           | 29 21 10 4 3 2 4 5 0 0 2 2 0 0 2 3         |
 ├────────────────────┼─────────────┼────────────────────────────────────────────┤
 | 0x0000000000000001 | 0           | 30 17 14 8 11 8 1 0 0 0 0 7 7 12 12 18     |
 ├────────────────────┼─────────────┼────────────────────────────────────────────┤
 | 0x0000000000000002 | 26          | 24 11 15 7 9 6 3 3 0 0 0 0 0 1 3 11        |
 ├────────────────────┼─────────────┼────────────────────────────────────────────┤
 | 0x0000000000000003 | 0           | 25 12 2 0 0 2 0 2 2 0 1 7 7 7 7 10         |
 ├────────────────────┼─────────────┼────────────────────────────────────────────┤
 | 0x0000000000000004 | 19          | 25 14 3 1 4 2 3 3 1 0 1 0 0 0 1 8          |
 ├────────────────────┼─────────────┼────────────────────────────────────────────┤
 | 0x0000000000000005 | 21          | 24 16 2 0 0 0 2 3 0 1 0 0 0 0 0 0          |
 ├────────────────────┼─────────────┼────────────────────────────────────────────┤
 | 0x0000000000000006 | 2           | 30 10 6 12 14 8 7 11 10 6 4 8 10 6 4 24    |
 ├────────────────────┼─────────────┼────────────────────────────────────────────┤
 | 0x0000000000000007 | 21          | 16 2 1 0 11 11 0 0 1 1 1 1 1 2 0 2         |
 ├────────────────────┼─────────────┼────────────────────────────────────────────┤
 | 0x0000000000000008 | 23          | 22 6 10 5 8 6 2 0 0 0 0 0 0 1 5 7          |
 ├────────────────────┼─────────────┼────────────────────────────────────────────┤
 | 0x0000000000000009 | 3           | 24 13 1 1 10 10 1 4 1 3 3 8 8 9 4 7        |
 ├────────────────────┼─────────────┼────────────────────────────────────────────┤
 | 0x000000000000000a | 28          | 31 10 2 7 0 0 0 0 0 0 0 2 0 1 7 5          |
 ├────────────────────┼─────────────┼────────────────────────────────────────────┤
 | 0x000000000000000b | 9           | 20 14 7 3 1 5 6 7 1 0 0 0 0 0 0 0          |
 ├────────────────────┼─────────────┼────────────────────────────────────────────┤
 | 0x000000000000000c | 31          | 25 20 3 1 1 1 0 0 0 1 0 0 0 0 0 0          |
 ├────────────────────┼─────────────┼────────────────────────────────────────────┤
 | 0x000000000000000d | 30          | 17 3 2 2 2 2 2 1 1 0 8 3 4 1 2 9           |
 ├────────────────────┼─────────────┼────────────────────────────────────────────┤
 | 0x000000000000000e | 5           | 17 5 6 1 1 5 0 0 1 2 0 1 1 1 6 7           |
 ├────────────────────┼─────────────┼────────────────────────────────────────────┤
 | 0x000000000000000f | 4           | 19 13 5 6 6 0 1 7 4 1 2 4 7 8 2 3          |
 ├────────────────────┼─────────────┼────────────────────────────────────────────┤
 | 0x0000000000000010 | 29          | 27 13 2 0 1 2 0 0 0 0 0 0 0 0 6 0          |
 ├────────────────────┼─────────────┼────────────────────────────────────────────┤
 | 0x0000000000000011 | 13          | 23 16 10 0 0 0 0 0 0 0 0 0 0 1 1 12        |
 ├────────────────────┼─────────────┼────────────────────────────────────────────┤
 | 0x0000000000000012 | 1           | 21 12 0 2 8 8 1 1 6 6 1 1 6 6 0 6          |
 ├────────────────────┼─────────────┼────────────────────────────────────────────┤
 | 0x0000000000000013 | 1           | 28 16 10 2 4 0 2 2 1 1 1 2 3 11 11 15      |
 ├────────────────────┼─────────────┼────────────────────────────────────────────┤
 | 0x0000000000000014 | 2           | 22 0 0 0 0 0 0 0 0 2 0 0 0 0 5 1           |
 ├────────────────────┼─────────────┼────────────────────────────────────────────┤
 | 0x0000000000000015 | 29          | 26 9 5 1 0 0 0 8 8 0 0 11 1 12 12 12       |
 ├────────────────────┼─────────────┼────────────────────────────────────────────┤
 | 0x0000000000000016 | 11          | 20 7 5 0 0 0 0 0 0 0 0 0 0 0 7 8           |
 ├────────────────────┼─────────────┼────────────────────────────────────────────┤
 | 0x0000000000000017 | 14          | 17 10 7 7 9 2 2 3 1 2 6 3 7 4 6 7          |
 ├────────────────────┼─────────────┼────────────────────────────────────────────┤
 | 0x0000000000000018 | 7           | 22 18 12 5 7 4 3 4 2 4 4 7 6 8 5 18        |
 ├────────────────────┼─────────────┼────────────────────────────────────────────┤
 | 0x0000000000000019 | 2           | 22 1 2 4 1 0 0 0 0 0 3 0 5 5 7 5           |
 ├────────────────────┼─────────────┼────────────────────────────────────────────┤
 | 0x000000000000001a | 0           | 19 12 5 1 3 2 2 0 2 3 1 0 3 3 3 8          |
 ├────────────────────┼─────────────┼────────────────────────────────────────────┤
 | 0x000000000000001b | 30          | 31 8 2 6 4 4 4 0 0 4 4 0 1 4 1 20          |
 ├────────────────────┼─────────────┼────────────────────────────────────────────┤
 | 0x000000000000001c | 10          | 31 6 26 1 25 27 16 14 0 0 0 10 11 7 12 30  |
 ├────────────────────┼─────────────┼────────────────────────────────────────────┤
 | 0x000000000000001d | 18          | 22 12 7 3 5 7 8 5 3 3 4 4 2 2 4 7          |
 ├────────────────────┼─────────────┼────────────────────────────────────────────┤
 | 0x000000000000001e | 20          | 31 1 2 1 2 1 5 5 9 9 5 23 1 24 19 24       |
 ├────────────────────┼─────────────┼────────────────────────────────────────────┤
 | 0x000000000000001f | 14          | 28 20 16 4 4 15 11 0 1 13 12 2 2 5 5 5     |
 └────────────────────┴─────────────┴────────────────────────────────────────────┘
PC pattern table end
Prefetch buffer begin
 ┌────────────────────┬──────────────────────────────────────────────────────────────────┐
 | Region             | Pattern                                                          |
 ├────────────────────┼──────────────────────────────────────────────────────────────────┤
 | 0x000000000000024c | 2 2 2 2 0 0 2 2 0 0 0 0 0 0 0 0 2 2 0 0 0 0 2 0 0 0 0 0 0 0 0 0  |
 ├────────────────────┼──────────────────────────────────────────────────────────────────┤
 | 0x000000000000029e | 0 0 0 0 0 0 0 0 0 0 0 0 0 0 0 0 0 0 2 2 2 2 2 0 0 0 0 0 0 0 0 0  |
 ├────────────────────┼──────────────────────────────────────────────────────────────────┤
 | 0x000000000000027a | 2 2 2 0 0 0 0 2 2 0 0 0 0 0 0 0 0 0 0 0 0 0 0 0 0 0 0 0 0 0 0 0  |
 ├────────────────────┼──────────────────────────────────────────────────────────────────┤
 | 0x0000000000000342 | 0 0 0 0 0 0 0 0 0 0 0 0 0 0 0 0 0 0 0 0 0 0 0 0 0 0 2 2 2 2 2 2  |
 ├────────────────────┼──────────────────────────────────────────────────────────────────┤
 | 0x00000000000002fd | 2 2 0 0 0 0 0 0 0 0 0 0 0 0 0 0 0 0 0 0 0 0 0 0 0 0 2 0 0 0 0 2  |
 ├────────────────────┼──────────────────────────────────────────────────────────────────┤
 | 0x0000000000000335 | 0 0 0 0 0 0 0 0 0 0 0 0 0 0 0 0 0 0 0 0 0 0 0 0 0 2 2 2 2 2 2 0  |
 ├────────────────────┼──────────────────────────────────────────────────────────────────┤
 | 0x000000000000033a | 2 2 2 2 2 2 0 0 2 2 2 2 2 0 0 0 0 0 0 0 0 0 0 0 2 2 2 2 2 2 2 2  |
 ├────────────────────┼──────────────────────────────────────────────────────────────────┤
 | 0x00000000000002d0 | 2 2 2 0 0 0 0 0 0 0 0 0 0 0 0 0 0 0 0 0 0 0 0 0 0 0 0 0 0 0 0 0  |
 ├────────────────────┼──────────────────────────────────────────────────────────────────┤
 | 0x000000000000028b | 2 2 2 2 2 2 2 2 2 0 0 2 2 2 2 2 0 0 0 2 2 2 0 0 0 0 0 0 2 2 2 2  |
 ├────────────────────┼──────────────────────────────────────────────────────────────────┤
 | 0x000000000000023a | 2 0 2 2 2 2 2 0 2 2 2 2 2 2 2 2 2 0 0 0 0 2 2 2 2 0 0 0 0 2 2 2  |
 ├────────────────────┼──────────────────────────────────────────────────────────────────┤
 | 0x0000000000000325 | 2 2 2 2 2 2 2 2 2 2 2 0 0 0 0 0 0 0 0 0 0 2 2 0 0 0 0 0 0 0 0 0  |
 ├────────────────────┼──────────────────────────────────────────────────────────────────┤
 | 0x000000000000025a | 2 2 2 2 2 0 0 2 2 2 2 2 2 0 0 2 0 0 0 0 0 0 0 0 0 0 2 2 2 2 2 2  |
 ├────────────────────┼──────────────────────────────────────────────────────────────────┤
 | 0x0000000000000266 | 0 0 0 0 0 0 0 0 0 0 0 0 0 2 2 2 2 2 2 2 0 0 0 0 0 0 0 0 0 0 0 0  |
 ├────────────────────┼──────────────────────────────────────────────────────────────────┤
 | 0x0000000000000288 | 0 0 0 0 0 0 0 0 0 0 0 0 0 0 0 0 0 0 0 0 0 0 0 0 0 2 0 0 0 0 2 2  |
 ├────────────────────┼──────────────────────────────────────────────────────────────────┤
 | 0x000000000000026c | 0 0 0 0 0 0 0 0 0 0 0 0 0 0 0 0 0 0 0 0 0 0 0 2 0 0 2 2 2 2 2 2  |
 ├────────────────────┼──────────────────────────────────────────────────────────────────┤
 | 0x0000000000000337 | 2 2 2 2 0 2 2 2 2 2 2 2 2 2 2 2 0 0 2 2 0 0 2 2 2 2 2 2 2 2 2 2  |
 ├────────────────────┼──────────────────────────────────────────────────────────────────┤
 | 0x000000000000030f | 0 0 0 0 0 0 0 0 0 0 2 2 2 2 2 2 2 2 2 2 2 0 0 0 0 0 2 2 2 0 0 0  |
 ├────────────────────┼──────────────────────────────────────────────────────────────────┤
 | 0x0000000000000279 | 0 0 0 0 0 0 0 0 0 0 0 0 0 0 0 0 0 0 0 0 0 0 0 2 2 0 0 0 0 2 2 2  |
 ├────────────────────┼──────────────────────────────────────────────────────────────────┤
 | 0x0000000000000336 | 0 0 2 2 0 2 2 2 2 2 2 2 2 2 0 0 0 0 2 2 2 2 0 0 0 0 2 2 2 2 2 2  |
 ├────────────────────┼──────────────────────────────────────────────────────────────────┤
 | 0x0000000000000305 | 0 0 0 0 0 0 0 0 0 0 2 0 0 0 0 2 2 2 2 0 0 0 0 2 2 0 0 2 2 2 2 2  |
 ├────────────────────┼──────────────────────────────────────────────────────────────────┤
 | 0x0000000000000314 | 2 2 0 0 2 0 2 0 0 0 0 0 0 0 0 0 0 0 0 0 0 0 0 0 0 0 2 2 0 0 0 0  |
 ├────────────────────┼──────────────────────────────────────────────────────────────────┤
 | 0x000000000000034b | 2 2 0 0 2 0 2 2 0 0 0 0 0 0 0 0 0 0 0 0 0 0 0 0 0 2 2 2 2 2 0 0  |
 └────────────────────┴──────────────────────────────────────────────────────────────────┘
Prefetch buffer end
Filter by PPT: 0
cpu0_L2C
Num Con Filled: 0
Num Con Useful: 0 Useless:0 Accuracy: nan
LLC
