41 41 41
Available num physical pages: 35184372088576
WARNING: physical memory size is smaller than virtual memory size

*** ChampSim Multicore Out-of-Order Simulator ***

Warmup Instructions: 5000000
Simulation Instructions: 20000000
Number of CPUs: 1
Page size: 4096

Basic BTB sets: 1024 ways: 8 indirect buffer size: 4096 RAS size: 64
cpu0_L1D PMP prefetcher
Off-chip DRAM Size: 4 GiB Channels: 1 Width: 64-bit Data Rate: 3200 MT/s
Max paddr 1M
Warmup finished CPU 0 instructions: 5000000 cycles: 1254439 cumulative IPC: 3.98585 (Simulation time: 0 hr 2 min 47 sec) 

Warmup complete CPU 0 instructions: 5000000 cycles: 1254439 (Simulation time: 0 hr 2 min 47 sec) 

Heartbeat CPU 0 instructions: 10000002 cycles: 3276718 heartbeat IPC: 3.05184 cumulative IPC: 2.47246 (Simulation time: 0 hr 6 min 13 sec) 
Heartbeat CPU 0 instructions: 20000000 cycles: 7357223 heartbeat IPC: 2.45068 cumulative IPC: 2.4579 (Simulation time: 0 hr 13 min 5 sec) 
Max paddr 1M
Simulation finished CPU 0 instructions: 20000002 cycles: 8172458 cumulative IPC: 2.44725 (Simulation time: 0 hr 15 min 47 sec) 

Simulation complete CPU 0 instructions: 20000002 cycles: 8172458 (Simulation time: 0 hr 15 min 47 sec) 


ChampSim completed all CPUs

[
  {
    "name": "Simulation",
    "traces": [
      "../traces/453.povray-800B.champsimtrace.xz"
    ],
    "roi": {
      "cores": [
        {
          "instructions": 20000002,
          "cycles": 8172458,
          "Avg ROB occupancy at mispredict": 35.5195, 
          "mispredict": {
            "BRANCH_DIRECT_JUMP": 36,
            "BRANCH_INDIRECT": 73,
            "BRANCH_CONDITIONAL": 156028,
            "BRANCH_DIRECT_CALL": 29,
            "BRANCH_INDIRECT_CALL": 14551,
            "BRANCH_RETURN": 16269
          }
        }
      ],
      "cpu0_L1I": {
        "LOAD": {
          "hit":383196,
          "miss":97063
        },
        "RFO": {
          "hit":0,
          "miss":0
        },
        "PREFETCH": {
          "hit":0,
          "miss":0
        },
        "WRITE": {
          "hit":0,
          "miss":0
        },
        "TRANSLATION": {
          "hit":0,
          "miss":0
        },
        "mshr full": 68,
        "prefetch requested": 0,
        "prefetch issued": 0,
        "prefetch filled": 0,
        "prefetch useful": 0,
        "prefetch useless": 0,
        "prefetch late": 0,
        "pf_useful_at_l2_from_l1":          0,
        "pf_late_at_l2_from_l1":          0,
        "pf_useless_at_l2_from_l1":          0,
        "pf_at_l2_to_l1":          0,
        "pf_fill_this_level":          0,
        "miss latency": 0.440212,
        "cache queues": {
          "PQ_ACCESS": 0,
          "PQ_FULL": 0,
          "PQ_TO_CACHE": 0,
          "PQ_MERGED": 0,
          "RQ_ACCESS": 482489,
          "RQ_MERGED": 2230,
          "RQ_FULL": 0,
          "WQ_ACCESS": 0,
          "WQ_MERGED": 0,
          "WQ_FULL": 0
        }
      },
      "cpu0_ITLB": {
        "LOAD": {
          "hit":375618,
          "miss":13880
        },
        "RFO": {
          "hit":0,
          "miss":0
        },
        "PREFETCH": {
          "hit":0,
          "miss":0
        },
        "WRITE": {
          "hit":0,
          "miss":0
        },
        "TRANSLATION": {
          "hit":0,
          "miss":0
        },
        "mshr full": 0,
        "prefetch requested": 0,
        "prefetch issued": 0,
        "prefetch filled": 0,
        "prefetch useful": 0,
        "prefetch useless": 0,
        "prefetch late": 0,
        "pf_useful_at_l2_from_l1":          0,
        "pf_late_at_l2_from_l1":          0,
        "pf_useless_at_l2_from_l1":          0,
        "pf_at_l2_to_l1":          0,
        "pf_fill_this_level":          0,
        "miss latency": 0.132682,
        "cache queues": {
          "PQ_ACCESS": 0,
          "PQ_FULL": 0,
          "PQ_TO_CACHE": 0,
          "PQ_MERGED": 0,
          "RQ_ACCESS": 389498,
          "RQ_MERGED": 0,
          "RQ_FULL": 0,
          "WQ_ACCESS": 0,
          "WQ_MERGED": 0,
          "WQ_FULL": 0
        }
      },
      "cpu0_DTLB": {
        "LOAD": {
          "hit":8108151,
          "miss":143704
        },
        "RFO": {
          "hit":0,
          "miss":0
        },
        "PREFETCH": {
          "hit":0,
          "miss":0
        },
        "WRITE": {
          "hit":0,
          "miss":0
        },
        "TRANSLATION": {
          "hit":0,
          "miss":0
        },
        "mshr full": 0,
        "prefetch requested": 0,
        "prefetch issued": 0,
        "prefetch filled": 0,
        "prefetch useful": 0,
        "prefetch useless": 0,
        "prefetch late": 0,
        "pf_useful_at_l2_from_l1":          0,
        "pf_late_at_l2_from_l1":          0,
        "pf_useless_at_l2_from_l1":          0,
        "pf_at_l2_to_l1":          0,
        "pf_fill_this_level":          0,
        "miss latency": 0.170118,
        "cache queues": {
          "PQ_ACCESS": 0,
          "PQ_FULL": 0,
          "PQ_TO_CACHE": 0,
          "PQ_MERGED": 0,
          "RQ_ACCESS": 8301245,
          "RQ_MERGED": 0,
          "RQ_FULL": 49389,
          "WQ_ACCESS": 0,
          "WQ_MERGED": 0,
          "WQ_FULL": 0
        }
      },
      "cpu0_STLB": {
        "LOAD": {
          "hit":51575,
          "miss":24
        },
        "RFO": {
          "hit":0,
          "miss":0
        },
        "PREFETCH": {
          "hit":0,
          "miss":0
        },
        "WRITE": {
          "hit":0,
          "miss":0
        },
        "TRANSLATION": {
          "hit":0,
          "miss":0
        },
        "mshr full": 0,
        "prefetch requested": 0,
        "prefetch issued": 0,
        "prefetch filled": 0,
        "prefetch useful": 0,
        "prefetch useless": 0,
        "prefetch late": 0,
        "pf_useful_at_l2_from_l1":          0,
        "pf_late_at_l2_from_l1":          0,
        "pf_useless_at_l2_from_l1":          0,
        "pf_at_l2_to_l1":          0,
        "pf_fill_this_level":          0,
        "miss latency": 18.8724,
        "cache queues": {
          "PQ_ACCESS": 0,
          "PQ_FULL": 0,
          "PQ_TO_CACHE": 0,
          "PQ_MERGED": 0,
          "RQ_ACCESS": 51599,
          "RQ_MERGED": 0,
          "RQ_FULL": 0,
          "WQ_ACCESS": 0,
          "WQ_MERGED": 0,
          "WQ_FULL": 0
        }
      },
      "cpu0_L1D": {
        "LOAD": {
          "hit":5097346,
          "miss":150313
        },
        "RFO": {
          "hit":0,
          "miss":0
        },
        "PREFETCH": {
          "hit":385655,
          "miss":892042
        },
        "WRITE": {
          "hit":2964536,
          "miss":47564
        },
        "TRANSLATION": {
          "hit":0,
          "miss":24
        },
        "mshr full": 0,
        "prefetch requested": 1277917,
        "prefetch issued": 1277917,
        "prefetch filled": 3140,
        "prefetch useful": 1363,
        "prefetch useless": 2253,
        "prefetch late": 428,
        "pf_useful_at_l2_from_l1":          0,
        "pf_late_at_l2_from_l1":          0,
        "pf_useless_at_l2_from_l1":          0,
        "pf_at_l2_to_l1":          0,
        "pf_fill_this_level":       3140,
        "miss latency": 0.135419,
        "cache queues": {
          "PQ_ACCESS": 1277917,
          "PQ_FULL": 0,
          "PQ_TO_CACHE": 1277917,
          "PQ_MERGED": 55,
          "RQ_ACCESS": 5248267,
          "RQ_MERGED": 625,
          "RQ_FULL": 0,
          "WQ_ACCESS": 3012358,
          "WQ_MERGED": 256,
          "WQ_FULL": 0
        }
      },
      "cpu0_L2C": {
        "LOAD": {
          "hit":124656,
          "miss":385
        },
        "RFO": {
          "hit":13662,
          "miss":8
        },
        "PREFETCH": {
          "hit":882761,
          "miss":1634
        },
        "WRITE": {
          "hit":7966,
          "miss":0
        },
        "TRANSLATION": {
          "hit":13,
          "miss":11
        },
        "mshr full": 918,
        "prefetch requested": 0,
        "prefetch issued": 0,
        "prefetch filled": 1609,
        "prefetch useful": 0,
        "prefetch useless": 0,
        "prefetch late": 0,
        "pf_useful_at_l2_from_l1":        342,
        "pf_late_at_l2_from_l1":         25,
        "pf_useless_at_l2_from_l1":        179,
        "pf_at_l2_to_l1":         47,
        "pf_fill_this_level":       1591,
        "miss latency": 34.369,
        "cache queues": {
          "PQ_ACCESS": 886062,
          "PQ_FULL": 1657,
          "PQ_TO_CACHE": 884405,
          "PQ_MERGED": 6,
          "RQ_ACCESS": 138778,
          "RQ_MERGED": 0,
          "RQ_FULL": 0,
          "WQ_ACCESS": 7966,
          "WQ_MERGED": 0,
          "WQ_FULL": 0
        }
      },
      "LLC": {
        "LOAD": {
          "hit": [71],
          "miss": [289]
        },
        "RFO": {
          "hit": [0],
          "miss": [8]
        },
        "PREFETCH": {
          "hit": [154],
          "miss": [1480]
        },
        "WRITE": {
          "hit": [0],
          "miss": [0]
        },
        "TRANSLATION": {
          "hit": [1],
          "miss": [10]
        },
        "mshr full": 0,
        "prefetch requested": 0,
        "prefetch issued": 0,
        "prefetch filled": 1480,
        "prefetch useful": 0,
        "prefetch useless": 0,
        "prefetch late": 0,
        "pf_useful_at_l2_from_l1":          0,
        "pf_late_at_l2_from_l1":          0,
        "pf_useless_at_l2_from_l1":          0,
        "pf_at_l2_to_l1":          0,
        "pf_fill_this_level":          0,
        "miss latency": 37.5654,
        "cache queues": {
          "PQ_ACCESS": 1634,
          "PQ_FULL": 0,
          "PQ_TO_CACHE": 1634,
          "PQ_MERGED": 0,
          "RQ_ACCESS": 379,
          "RQ_MERGED": 0,
          "RQ_FULL": 0,
          "WQ_ACCESS": 0,
          "WQ_MERGED": 0,
          "WQ_FULL": 0
        }
      },
      "DRAM": [
        {
          "RQ ROW_BUFFER_HIT": 606,
          "RQ ROW_BUFFER_MISS": 1181,
          "PQ FULL": 0,
          "WQ ROW_BUFFER_HIT": 0,
          "WQ ROW_BUFFER_MISS": 0,
          "WQ FULL": 0,
          "AVG DBUS CONGESTED CYCLE": 3.92146
        }
      ]

    },
    "sim": {
      "cores": [
        {
          "instructions": 20000002,
          "cycles": 8172458,
          "Avg ROB occupancy at mispredict": 35.5195, 
          "mispredict": {
            "BRANCH_DIRECT_JUMP": 36,
            "BRANCH_INDIRECT": 73,
            "BRANCH_CONDITIONAL": 156028,
            "BRANCH_DIRECT_CALL": 29,
            "BRANCH_INDIRECT_CALL": 14551,
            "BRANCH_RETURN": 16269
          }
        }
      ],
      "cpu0_L1I": {
        "LOAD": {
          "hit":383196,
          "miss":97063
        },
        "RFO": {
          "hit":0,
          "miss":0
        },
        "PREFETCH": {
          "hit":0,
          "miss":0
        },
        "WRITE": {
          "hit":0,
          "miss":0
        },
        "TRANSLATION": {
          "hit":0,
          "miss":0
        },
        "mshr full": 68,
        "prefetch requested": 0,
        "prefetch issued": 0,
        "prefetch filled": 0,
        "prefetch useful": 0,
        "prefetch useless": 0,
        "prefetch late": 0,
        "pf_useful_at_l2_from_l1":          0,
        "pf_late_at_l2_from_l1":          0,
        "pf_useless_at_l2_from_l1":          0,
        "pf_at_l2_to_l1":          0,
        "pf_fill_this_level":          0,
        "miss latency": 0.440212,
        "cache queues": {
          "PQ_ACCESS": 0,
          "PQ_FULL": 0,
          "PQ_TO_CACHE": 0,
          "PQ_MERGED": 0,
          "RQ_ACCESS": 482489,
          "RQ_MERGED": 2230,
          "RQ_FULL": 0,
          "WQ_ACCESS": 0,
          "WQ_MERGED": 0,
          "WQ_FULL": 0
        }
      },
      "cpu0_ITLB": {
        "LOAD": {
          "hit":375618,
          "miss":13880
        },
        "RFO": {
          "hit":0,
          "miss":0
        },
        "PREFETCH": {
          "hit":0,
          "miss":0
        },
        "WRITE": {
          "hit":0,
          "miss":0
        },
        "TRANSLATION": {
          "hit":0,
          "miss":0
        },
        "mshr full": 0,
        "prefetch requested": 0,
        "prefetch issued": 0,
        "prefetch filled": 0,
        "prefetch useful": 0,
        "prefetch useless": 0,
        "prefetch late": 0,
        "pf_useful_at_l2_from_l1":          0,
        "pf_late_at_l2_from_l1":          0,
        "pf_useless_at_l2_from_l1":          0,
        "pf_at_l2_to_l1":          0,
        "pf_fill_this_level":          0,
        "miss latency": 0.132682,
        "cache queues": {
          "PQ_ACCESS": 0,
          "PQ_FULL": 0,
          "PQ_TO_CACHE": 0,
          "PQ_MERGED": 0,
          "RQ_ACCESS": 389498,
          "RQ_MERGED": 0,
          "RQ_FULL": 0,
          "WQ_ACCESS": 0,
          "WQ_MERGED": 0,
          "WQ_FULL": 0
        }
      },
      "cpu0_DTLB": {
        "LOAD": {
          "hit":8108151,
          "miss":143704
        },
        "RFO": {
          "hit":0,
          "miss":0
        },
        "PREFETCH": {
          "hit":0,
          "miss":0
        },
        "WRITE": {
          "hit":0,
          "miss":0
        },
        "TRANSLATION": {
          "hit":0,
          "miss":0
        },
        "mshr full": 0,
        "prefetch requested": 0,
        "prefetch issued": 0,
        "prefetch filled": 0,
        "prefetch useful": 0,
        "prefetch useless": 0,
        "prefetch late": 0,
        "pf_useful_at_l2_from_l1":          0,
        "pf_late_at_l2_from_l1":          0,
        "pf_useless_at_l2_from_l1":          0,
        "pf_at_l2_to_l1":          0,
        "pf_fill_this_level":          0,
        "miss latency": 0.170118,
        "cache queues": {
          "PQ_ACCESS": 0,
          "PQ_FULL": 0,
          "PQ_TO_CACHE": 0,
          "PQ_MERGED": 0,
          "RQ_ACCESS": 8301245,
          "RQ_MERGED": 0,
          "RQ_FULL": 49389,
          "WQ_ACCESS": 0,
          "WQ_MERGED": 0,
          "WQ_FULL": 0
        }
      },
      "cpu0_STLB": {
        "LOAD": {
          "hit":51575,
          "miss":24
        },
        "RFO": {
          "hit":0,
          "miss":0
        },
        "PREFETCH": {
          "hit":0,
          "miss":0
        },
        "WRITE": {
          "hit":0,
          "miss":0
        },
        "TRANSLATION": {
          "hit":0,
          "miss":0
        },
        "mshr full": 0,
        "prefetch requested": 0,
        "prefetch issued": 0,
        "prefetch filled": 0,
        "prefetch useful": 0,
        "prefetch useless": 0,
        "prefetch late": 0,
        "pf_useful_at_l2_from_l1":          0,
        "pf_late_at_l2_from_l1":          0,
        "pf_useless_at_l2_from_l1":          0,
        "pf_at_l2_to_l1":          0,
        "pf_fill_this_level":          0,
        "miss latency": 18.8724,
        "cache queues": {
          "PQ_ACCESS": 0,
          "PQ_FULL": 0,
          "PQ_TO_CACHE": 0,
          "PQ_MERGED": 0,
          "RQ_ACCESS": 51599,
          "RQ_MERGED": 0,
          "RQ_FULL": 0,
          "WQ_ACCESS": 0,
          "WQ_MERGED": 0,
          "WQ_FULL": 0
        }
      },
      "cpu0_L1D": {
        "LOAD": {
          "hit":5097346,
          "miss":150313
        },
        "RFO": {
          "hit":0,
          "miss":0
        },
        "PREFETCH": {
          "hit":385655,
          "miss":892042
        },
        "WRITE": {
          "hit":2964536,
          "miss":47564
        },
        "TRANSLATION": {
          "hit":0,
          "miss":24
        },
        "mshr full": 0,
        "prefetch requested": 1277917,
        "prefetch issued": 1277917,
        "prefetch filled": 3140,
        "prefetch useful": 1363,
        "prefetch useless": 2253,
        "prefetch late": 428,
        "pf_useful_at_l2_from_l1":          0,
        "pf_late_at_l2_from_l1":          0,
        "pf_useless_at_l2_from_l1":          0,
        "pf_at_l2_to_l1":          0,
        "pf_fill_this_level":       3140,
        "miss latency": 0.135419,
        "cache queues": {
          "PQ_ACCESS": 1277917,
          "PQ_FULL": 0,
          "PQ_TO_CACHE": 1277917,
          "PQ_MERGED": 55,
          "RQ_ACCESS": 5248267,
          "RQ_MERGED": 625,
          "RQ_FULL": 0,
          "WQ_ACCESS": 3012358,
          "WQ_MERGED": 256,
          "WQ_FULL": 0
        }
      },
      "cpu0_L2C": {
        "LOAD": {
          "hit":124656,
          "miss":385
        },
        "RFO": {
          "hit":13662,
          "miss":8
        },
        "PREFETCH": {
          "hit":882761,
          "miss":1634
        },
        "WRITE": {
          "hit":7966,
          "miss":0
        },
        "TRANSLATION": {
          "hit":13,
          "miss":11
        },
        "mshr full": 918,
        "prefetch requested": 0,
        "prefetch issued": 0,
        "prefetch filled": 1609,
        "prefetch useful": 0,
        "prefetch useless": 0,
        "prefetch late": 0,
        "pf_useful_at_l2_from_l1":        342,
        "pf_late_at_l2_from_l1":         25,
        "pf_useless_at_l2_from_l1":        179,
        "pf_at_l2_to_l1":         47,
        "pf_fill_this_level":       1591,
        "miss latency": 34.369,
        "cache queues": {
          "PQ_ACCESS": 886062,
          "PQ_FULL": 1657,
          "PQ_TO_CACHE": 884405,
          "PQ_MERGED": 6,
          "RQ_ACCESS": 138778,
          "RQ_MERGED": 0,
          "RQ_FULL": 0,
          "WQ_ACCESS": 7966,
          "WQ_MERGED": 0,
          "WQ_FULL": 0
        }
      },
      "LLC": {
        "LOAD": {
          "hit": [71],
          "miss": [289]
        },
        "RFO": {
          "hit": [0],
          "miss": [8]
        },
        "PREFETCH": {
          "hit": [154],
          "miss": [1480]
        },
        "WRITE": {
          "hit": [0],
          "miss": [0]
        },
        "TRANSLATION": {
          "hit": [1],
          "miss": [10]
        },
        "mshr full": 0,
        "prefetch requested": 0,
        "prefetch issued": 0,
        "prefetch filled": 1480,
        "prefetch useful": 0,
        "prefetch useless": 0,
        "prefetch late": 0,
        "pf_useful_at_l2_from_l1":          0,
        "pf_late_at_l2_from_l1":          0,
        "pf_useless_at_l2_from_l1":          0,
        "pf_at_l2_to_l1":          0,
        "pf_fill_this_level":          0,
        "miss latency": 37.5654,
        "cache queues": {
          "PQ_ACCESS": 1634,
          "PQ_FULL": 0,
          "PQ_TO_CACHE": 1634,
          "PQ_MERGED": 0,
          "RQ_ACCESS": 379,
          "RQ_MERGED": 0,
          "RQ_FULL": 0,
          "WQ_ACCESS": 0,
          "WQ_MERGED": 0,
          "WQ_FULL": 0
        }
      },
      "DRAM": [
        {
          "RQ ROW_BUFFER_HIT": 606,
          "RQ ROW_BUFFER_MISS": 1181,
          "PQ FULL": 0,
          "WQ ROW_BUFFER_HIT": 0,
          "WQ ROW_BUFFER_MISS": 0,
          "WQ FULL": 0,
          "AVG DBUS CONGESTED CYCLE": 3.92146
        }
      ]

    }
  }
]
cpu0_ITLB
cpu0_DTLB
cpu0_STLB
Prefetch Request to L1: 18497, Prefetch Request to L2: 1259420
Invalid by Eviction: 8665
Invalid by Max: 97437
Filter table begin
 ┌────────────────────┬─────────────┐
 | Region             | Offset      |
 ├────────────────────┼─────────────┤
 | 0x000000000000025b | 16          |
 ├────────────────────┼─────────────┤
 | 0x0000000000000237 | 4           |
 ├────────────────────┼─────────────┤
 | 0x0000000000000372 | 20          |
 ├────────────────────┼─────────────┤
 | 0x00000000000002ef | 27          |
 ├────────────────────┼─────────────┤
 | 0x0000000000000394 | 14          |
 ├────────────────────┼─────────────┤
 | 0x0000000000000329 | 5           |
 ├────────────────────┼─────────────┤
 | 0x000000000000033b | 24          |
 ├────────────────────┼─────────────┤
 | 0x00000000000002ed | 5           |
 ├────────────────────┼─────────────┤
 | 0x000000000000035d | 27          |
 ├────────────────────┼─────────────┤
 | 0x0000000000000226 | 1           |
 ├────────────────────┼─────────────┤
 | 0x0000000000000267 | 31          |
 ├────────────────────┼─────────────┤
 | 0x0000000000000355 | 12          |
 ├────────────────────┼─────────────┤
 | 0x0000000000000258 | 31          |
 ├────────────────────┼─────────────┤
 | 0x0000000000000330 | 19          |
 ├────────────────────┼─────────────┤
 | 0x00000000000002b6 | 24          |
 ├────────────────────┼─────────────┤
 | 0x0000000000000308 | 24          |
 ├────────────────────┼─────────────┤
 | 0x000000000000037e | 8           |
 ├────────────────────┼─────────────┤
 | 0x0000000000000268 | 28          |
 ├────────────────────┼─────────────┤
 | 0x0000000000000232 | 29          |
 ├────────────────────┼─────────────┤
 | 0x0000000000000246 | 4           |
 ├────────────────────┼─────────────┤
 | 0x0000000000000342 | 16          |
 ├────────────────────┼─────────────┤
 | 0x00000000000002a1 | 0           |
 ├────────────────────┼─────────────┤
 | 0x0000000000000350 | 19          |
 ├────────────────────┼─────────────┤
 | 0x000000000000026b | 31          |
 ├────────────────────┼─────────────┤
 | 0x000000000000022a | 0           |
 ├────────────────────┼─────────────┤
 | 0x000000000000028c | 31          |
 ├────────────────────┼─────────────┤
 | 0x0000000000000343 | 25          |
 ├────────────────────┼─────────────┤
 | 0x0000000000000334 | 28          |
 ├────────────────────┼─────────────┤
 | 0x000000000000026a | 0           |
 ├────────────────────┼─────────────┤
 | 0x00000000000002bb | 17          |
 ├────────────────────┼─────────────┤
 | 0x0000000000000351 | 20          |
 └────────────────────┴─────────────┘
Filter table end
Accumulation table begin
 ┌────────────────────┬─────────────┬─────────────┬──────────────────────────────────────────────────────────────────┐
 | Region             | Offset      | Second      | Pattern                                                          |
 ├────────────────────┼─────────────┼─────────────┼──────────────────────────────────────────────────────────────────┤
 | 0x0000000000000249 | 12          | 10          | 0 0 0 0 0 0 0 0 1 0 1 1 1 0 0 0 0 0 0 0 0 0 0 0 0 0 0 0 0 0 0 0  |
 ├────────────────────┼─────────────┼─────────────┼──────────────────────────────────────────────────────────────────┤
 | 0x000000000000027a | 4           | 3           | 0 0 0 1 1 1 0 0 0 0 0 0 0 0 0 0 0 0 0 0 0 0 0 0 0 0 0 0 0 0 0 0  |
 ├────────────────────┼─────────────┼─────────────┼──────────────────────────────────────────────────────────────────┤
 | 0x0000000000000270 | 4           | 3           | 0 0 0 1 1 1 0 0 0 0 0 0 0 0 0 0 0 0 0 0 0 0 0 0 0 0 0 0 0 0 0 0  |
 ├────────────────────┼─────────────┼─────────────┼──────────────────────────────────────────────────────────────────┤
 | 0x0000000000000280 | 5           | 4           | 0 0 0 1 1 1 0 0 0 0 0 1 1 1 1 0 0 0 0 0 1 0 0 0 0 0 0 0 0 0 0 0  |
 ├────────────────────┼─────────────┼─────────────┼──────────────────────────────────────────────────────────────────┤
 | 0x000000000000027f | 3           | 2           | 0 0 1 1 1 0 0 0 0 0 1 1 1 1 0 0 0 0 0 1 1 1 0 0 0 0 0 1 1 1 0 0  |
 ├────────────────────┼─────────────┼─────────────┼──────────────────────────────────────────────────────────────────┤
 | 0x0000000000000245 | 16          | 15          | 0 0 0 0 0 0 0 0 0 0 0 0 0 0 0 1 1 1 0 0 0 0 0 0 0 0 0 0 0 0 0 0  |
 ├────────────────────┼─────────────┼─────────────┼──────────────────────────────────────────────────────────────────┤
 | 0x0000000000000276 | 2           | 1           | 1 1 1 0 0 0 0 0 0 0 0 0 0 0 0 0 0 0 0 0 0 0 0 0 0 0 0 0 0 0 0 0  |
 ├────────────────────┼─────────────┼─────────────┼──────────────────────────────────────────────────────────────────┤
 | 0x000000000000023e | 21          | 22          | 0 0 0 0 0 0 0 0 0 0 0 0 0 0 0 0 0 0 0 0 0 1 1 1 0 0 0 0 0 0 0 0  |
 ├────────────────────┼─────────────┼─────────────┼──────────────────────────────────────────────────────────────────┤
 | 0x000000000000021c | 31          | 25          | 0 0 0 0 0 0 0 0 0 0 0 0 0 0 0 0 0 0 0 0 1 1 1 1 0 1 0 0 0 1 0 1  |
 ├────────────────────┼─────────────┼─────────────┼──────────────────────────────────────────────────────────────────┤
 | 0x0000000000000243 | 5           | 25          | 0 0 0 0 0 1 0 0 0 0 0 0 0 0 0 0 0 0 0 0 0 0 0 0 0 1 1 0 0 0 0 0  |
 ├────────────────────┼─────────────┼─────────────┼──────────────────────────────────────────────────────────────────┤
 | 0x0000000000000264 | 0           | 1           | 1 1 0 0 0 0 0 0 0 0 0 0 0 0 0 0 0 0 0 0 0 0 0 0 0 0 0 0 0 0 0 0  |
 ├────────────────────┼─────────────┼─────────────┼──────────────────────────────────────────────────────────────────┤
 | 0x000000000000026d | 0           | 1           | 1 1 1 0 0 0 0 0 0 0 0 0 0 0 0 0 0 0 0 0 0 0 0 0 0 0 0 0 0 0 0 0  |
 ├────────────────────┼─────────────┼─────────────┼──────────────────────────────────────────────────────────────────┤
 | 0x000000000000026e | 21          | 22          | 0 0 0 0 0 0 0 0 0 0 0 0 0 0 0 0 0 0 0 0 0 1 1 1 0 0 0 0 0 0 0 0  |
 ├────────────────────┼─────────────┼─────────────┼──────────────────────────────────────────────────────────────────┤
 | 0x0000000000000219 | 5           | 4           | 0 0 0 0 1 1 0 0 0 0 0 0 0 0 0 0 0 0 0 0 0 0 0 0 0 0 0 0 0 0 0 0  |
 ├────────────────────┼─────────────┼─────────────┼──────────────────────────────────────────────────────────────────┤
 | 0x000000000000023b | 8           | 6           | 1 1 1 1 1 1 1 1 1 0 0 0 0 0 0 0 0 0 0 0 0 0 0 0 0 0 0 0 0 0 0 0  |
 ├────────────────────┼─────────────┼─────────────┼──────────────────────────────────────────────────────────────────┤
 | 0x0000000000000229 | 18          | 1           | 0 1 0 0 0 0 0 0 0 0 0 0 0 0 0 0 0 0 1 0 0 0 0 0 0 0 0 0 0 0 0 0  |
 ├────────────────────┼─────────────┼─────────────┼──────────────────────────────────────────────────────────────────┤
 | 0x0000000000000247 | 31          | 29          | 0 0 0 0 0 0 0 0 0 0 0 0 0 0 0 0 0 0 0 0 0 0 0 0 0 0 0 0 0 1 0 1  |
 ├────────────────────┼─────────────┼─────────────┼──────────────────────────────────────────────────────────────────┤
 | 0x000000000000027d | 1           | 2           | 0 1 1 1 1 1 1 1 0 0 0 0 0 1 1 1 1 0 0 0 0 0 1 1 1 0 0 0 0 0 1 1  |
 ├────────────────────┼─────────────┼─────────────┼──────────────────────────────────────────────────────────────────┤
 | 0x000000000000023c | 10          | 9           | 0 1 1 0 0 0 0 0 0 1 1 1 0 0 0 0 0 0 0 0 0 0 0 0 0 0 0 0 0 0 0 0  |
 ├────────────────────┼─────────────┼─────────────┼──────────────────────────────────────────────────────────────────┤
 | 0x0000000000000269 | 31          | 30          | 0 0 0 0 0 0 0 0 0 0 0 0 0 0 0 0 0 0 0 0 0 0 0 0 0 0 0 0 0 0 1 1  |
 ├────────────────────┼─────────────┼─────────────┼──────────────────────────────────────────────────────────────────┤
 | 0x000000000000025c | 17          | 18          | 0 0 0 0 0 0 0 0 0 0 0 0 0 0 0 0 0 1 1 0 1 1 1 0 0 0 0 0 1 1 1 1  |
 ├────────────────────┼─────────────┼─────────────┼──────────────────────────────────────────────────────────────────┤
 | 0x0000000000000274 | 6           | 5           | 0 0 0 0 1 1 1 1 0 0 0 0 0 0 0 0 0 0 0 0 0 0 0 0 0 0 0 0 0 0 0 0  |
 ├────────────────────┼─────────────┼─────────────┼──────────────────────────────────────────────────────────────────┤
 | 0x0000000000000260 | 5           | 4           | 0 0 0 1 1 1 0 0 0 0 0 1 1 1 0 0 0 0 0 0 0 0 0 0 0 0 0 0 0 0 0 0  |
 ├────────────────────┼─────────────┼─────────────┼──────────────────────────────────────────────────────────────────┤
 | 0x0000000000000233 | 12          | 11          | 0 1 0 0 0 0 0 0 0 0 1 1 1 1 1 1 1 0 0 0 0 0 1 1 1 0 0 0 0 0 0 0  |
 ├────────────────────┼─────────────┼─────────────┼──────────────────────────────────────────────────────────────────┤
 | 0x0000000000000239 | 19          | 20          | 0 0 0 0 0 0 0 0 0 0 0 0 0 0 0 0 0 0 0 1 1 1 1 0 0 0 0 0 0 0 0 0  |
 ├────────────────────┼─────────────┼─────────────┼──────────────────────────────────────────────────────────────────┤
 | 0x0000000000000278 | 15          | 14          | 0 0 0 0 0 0 0 0 0 0 0 0 0 1 1 1 0 0 0 0 0 0 0 0 0 0 0 0 0 0 0 0  |
 ├────────────────────┼─────────────┼─────────────┼──────────────────────────────────────────────────────────────────┤
 | 0x0000000000000218 | 0           | 2           | 1 1 1 0 0 1 0 0 0 0 1 0 0 0 0 0 0 0 0 0 0 0 0 0 0 0 0 0 0 0 0 0  |
 ├────────────────────┼─────────────┼─────────────┼──────────────────────────────────────────────────────────────────┤
 | 0x000000000000027e | 0           | 2           | 1 1 1 1 0 0 0 0 0 1 1 1 1 0 0 0 0 0 1 1 1 0 0 0 0 0 1 1 1 0 0 0  |
 ├────────────────────┼─────────────┼─────────────┼──────────────────────────────────────────────────────────────────┤
 | 0x0000000000000272 | 16          | 15          | 0 0 0 0 0 0 0 0 0 0 0 0 0 0 0 1 1 1 1 0 0 0 0 0 0 0 0 0 0 0 0 0  |
 ├────────────────────┼─────────────┼─────────────┼──────────────────────────────────────────────────────────────────┤
 | 0x0000000000000253 | 8           | 9           | 0 0 0 0 0 0 0 0 1 1 1 0 0 0 0 0 0 0 0 0 0 0 0 0 0 0 0 0 0 0 0 0  |
 ├────────────────────┼─────────────┼─────────────┼──────────────────────────────────────────────────────────────────┤
 | 0x000000000000025f | 3           | 2           | 0 0 1 1 1 0 0 0 0 0 1 1 1 0 0 0 0 0 1 1 1 1 0 0 0 0 0 1 1 1 0 0  |
 ├────────────────────┼─────────────┼─────────────┼──────────────────────────────────────────────────────────────────┤
 | 0x0000000000000228 | 24          | 25          | 0 0 0 0 0 0 0 0 0 0 0 0 0 0 0 0 0 0 0 0 1 1 1 1 1 1 0 0 0 0 1 0  |
 └────────────────────┴─────────────┴─────────────┴──────────────────────────────────────────────────────────────────┘
Accumulation table end
Offset pattern table begin
 ┌────────────────────┬─────────────┬────────────────────────────────────────────────────────────────────────────┐
 | Key                | Second      | Pattern                                                                    |
 ├────────────────────┼─────────────┼────────────────────────────────────────────────────────────────────────────┤
 | 0x0000000000000000 | 1           | 25 23 11 5 2 2 1 4 4 3 2 1 1 0 0 2 2 2 3 0 1 0 0 0 2 2 3 2 1 0 0 0         |
 ├────────────────────┼─────────────┼────────────────────────────────────────────────────────────────────────────┤
 | 0x0000000000000001 | 3           | 18 11 9 4 2 2 5 5 10 9 7 3 4 2 6 7 5 3 3 3 1 2 4 4 5 6 3 2 1 2 2 10        |
 ├────────────────────┼─────────────┼────────────────────────────────────────────────────────────────────────────┤
 | 0x0000000000000002 | 1           | 23 6 0 0 0 0 7 14 14 6 0 0 0 0 7 14 14 8 6 0 0 0 5 7 14 14 6 0 0 0 14 22   |
 ├────────────────────┼─────────────┼────────────────────────────────────────────────────────────────────────────┤
 | 0x0000000000000003 | 2           | 24 14 8 6 4 2 5 13 12 8 7 4 4 4 6 8 12 12 8 3 4 4 1 6 12 12 8 2 2 3 10 16  |
 ├────────────────────┼─────────────┼────────────────────────────────────────────────────────────────────────────┤
 | 0x0000000000000004 | 3           | 22 15 4 2 0 0 0 7 7 7 7 4 4 0 0 0 1 3 6 8 5 4 0 0 1 1 1 4 0 1 0 13         |
 ├────────────────────┼─────────────┼────────────────────────────────────────────────────────────────────────────┤
 | 0x0000000000000005 | 4           | 21 5 1 1 1 0 6 6 6 3 1 1 0 1 0 2 2 3 0 0 1 0 0 2 2 2 0 0 0 0 13 18         |
 ├────────────────────┼─────────────┼────────────────────────────────────────────────────────────────────────────┤
 | 0x0000000000000006 | 4           | 19 12 3 2 0 0 0 7 7 7 7 9 7 7 0 0 0 0 0 7 7 7 0 2 1 1 0 0 0 3 2 15         |
 ├────────────────────┼─────────────┼────────────────────────────────────────────────────────────────────────────┤
 | 0x0000000000000007 | 11          | 30 5 0 0 9 0 0 0 0 1 0 0 0 0 0 0 0 0 0 0 0 0 0 0 0 0 0 0 0 5 20 19         |
 ├────────────────────┼─────────────┼────────────────────────────────────────────────────────────────────────────┤
 | 0x0000000000000008 | 9           | 25 19 18 0 0 0 0 0 0 1 0 0 0 0 0 0 0 0 0 0 0 0 0 0 2 2 2 3 2 3 4 2         |
 ├────────────────────┼─────────────┼────────────────────────────────────────────────────────────────────────────┤
 | 0x0000000000000009 | 10          | 30 26 15 7 7 0 3 3 3 0 0 0 0 0 0 0 0 0 0 0 0 0 0 0 7 7 0 0 0 0 0 4         |
 ├────────────────────┼─────────────┼────────────────────────────────────────────────────────────────────────────┤
 | 0x000000000000000a | 12          | 16 12 6 4 2 0 0 0 2 0 0 1 1 0 0 1 1 1 0 1 0 0 0 1 1 0 0 0 0 0 0 7          |
 ├────────────────────┼─────────────┼────────────────────────────────────────────────────────────────────────────┤
 | 0x000000000000000b | 10          | 23 15 5 6 0 6 0 0 0 0 0 0 0 0 0 0 0 0 0 0 0 0 0 0 0 0 0 0 6 0 0 10         |
 ├────────────────────┼─────────────┼────────────────────────────────────────────────────────────────────────────┤
 | 0x000000000000000c | 11          | 22 14 11 8 8 3 3 1 0 0 5 6 6 0 0 1 1 0 0 0 2 7 2 2 6 2 3 2 9 7 17 19       |
 ├────────────────────┼─────────────┼────────────────────────────────────────────────────────────────────────────┤
 | 0x000000000000000d | 12          | 25 20 18 2 0 0 0 0 0 0 0 0 0 0 0 2 5 0 0 2 2 3 2 2 2 2 2 2 0 3 3 6         |
 ├────────────────────┼─────────────┼────────────────────────────────────────────────────────────────────────────┤
 | 0x000000000000000e | 29          | 19 13 10 10 10 10 10 6 0 0 0 0 3 3 6 6 0 0 0 0 6 6 6 6 0 0 6 0 0 6 0 6     |
 ├────────────────────┼─────────────┼────────────────────────────────────────────────────────────────────────────┤
 | 0x000000000000000f | 13          | 24 11 11 7 7 4 0 0 0 0 0 4 4 4 5 2 2 0 0 0 0 0 0 0 0 0 0 0 0 0 8 13        |
 ├────────────────────┼─────────────┼────────────────────────────────────────────────────────────────────────────┤
 | 0x0000000000000010 | 15          | 18 11 6 7 2 0 0 0 0 0 2 2 2 2 0 0 0 0 0 0 0 0 0 0 0 0 0 0 0 0 2 12         |
 ├────────────────────┼─────────────┼────────────────────────────────────────────────────────────────────────────┤
 | 0x0000000000000011 | 18          | 19 17 3 10 9 11 2 2 1 2 2 11 9 9 10 0 1 0 0 0 0 0 0 0 0 0 0 0 0 0 4 5      |
 ├────────────────────┼─────────────┼────────────────────────────────────────────────────────────────────────────┤
 | 0x0000000000000012 | 17          | 23 4 8 7 7 8 8 7 6 6 14 7 7 11 6 6 0 0 0 0 0 6 0 6 6 7 7 6 4 5 6 14        |
 ├────────────────────┼─────────────┼────────────────────────────────────────────────────────────────────────────┤
 | 0x0000000000000013 | 21          | 21 19 16 11 2 2 2 0 0 0 0 0 0 0 0 5 0 0 0 0 0 0 0 0 0 0 0 0 0 0 0 4        |
 ├────────────────────┼─────────────┼────────────────────────────────────────────────────────────────────────────┤
 | 0x0000000000000014 | 9           | 31 9 18 21 17 21 12 8 11 12 8 11 0 0 0 0 0 0 0 0 1 0 0 1 0 0 0 0 0 0 8 9   |
 ├────────────────────┼─────────────┼────────────────────────────────────────────────────────────────────────────┤
 | 0x0000000000000015 | 20          | 26 25 18 0 1 0 0 0 1 0 1 0 0 0 0 0 0 0 0 0 0 0 0 0 0 0 0 0 1 0 0 8         |
 ├────────────────────┼─────────────┼────────────────────────────────────────────────────────────────────────────┤
 | 0x0000000000000016 | 21          | 30 10 0 2 0 0 0 0 0 0 0 0 0 0 0 0 0 0 1 0 0 0 2 0 1 1 0 0 0 0 12 22        |
 ├────────────────────┼─────────────┼────────────────────────────────────────────────────────────────────────────┤
 | 0x0000000000000017 | 25          | 17 1 4 0 0 1 4 0 5 0 0 0 1 1 0 0 0 0 0 0 0 0 0 0 0 0 0 0 0 6 9 10          |
 ├────────────────────┼─────────────┼────────────────────────────────────────────────────────────────────────────┤
 | 0x0000000000000018 | 25          | 31 19 7 6 7 1 3 4 1 1 0 0 2 0 2 0 0 0 0 0 6 6 0 6 0 7 1 7 4 4 4 4          |
 ├────────────────────┼─────────────┼────────────────────────────────────────────────────────────────────────────┤
 | 0x0000000000000019 | 24          | 16 6 7 8 11 1 5 0 5 0 0 5 5 0 5 5 5 0 0 0 0 5 0 0 0 0 0 3 3 6 2 3          |
 ├────────────────────┼─────────────┼────────────────────────────────────────────────────────────────────────────┤
 | 0x000000000000001a | 22          | 18 8 1 0 0 0 0 0 0 0 0 0 0 0 0 0 1 0 0 6 0 6 0 0 0 0 0 0 6 0 7 8           |
 ├────────────────────┼─────────────┼────────────────────────────────────────────────────────────────────────────┤
 | 0x000000000000001b | 28          | 25 20 17 3 3 3 3 0 1 0 0 1 0 1 1 1 1 1 1 0 0 1 2 4 4 0 0 1 3 6 2 4         |
 ├────────────────────┼─────────────┼────────────────────────────────────────────────────────────────────────────┤
 | 0x000000000000001c | 27          | 17 11 0 0 0 0 0 0 0 0 0 0 0 0 0 1 0 0 0 0 1 0 0 1 1 1 0 0 2 1 0 4          |
 ├────────────────────┼─────────────┼────────────────────────────────────────────────────────────────────────────┤
 | 0x000000000000001d | 28          | 27 21 12 0 0 0 0 0 0 0 0 0 0 0 0 0 0 0 0 0 0 0 0 0 1 1 1 5 4 0 0 7         |
 ├────────────────────┼─────────────┼────────────────────────────────────────────────────────────────────────────┤
 | 0x000000000000001e | 31          | 20 18 2 2 2 2 2 0 6 0 0 0 0 0 0 0 0 0 0 0 0 0 2 0 0 0 0 0 2 2 2 4          |
 ├────────────────────┼─────────────┼────────────────────────────────────────────────────────────────────────────┤
 | 0x000000000000001f | 30          | 21 0 0 0 0 0 0 0 0 0 0 0 0 0 0 0 0 0 0 0 0 5 0 0 0 5 0 0 0 0 16 11         |
 └────────────────────┴─────────────┴────────────────────────────────────────────────────────────────────────────┘
Offset pattern table end
PC pattern table begin
 ┌────────────────────┬─────────────┬───────────────────────────────────────────┐
 | Key                | Second      | Pattern                                   |
 ├────────────────────┼─────────────┼───────────────────────────────────────────┤
 | 0x0000000000000000 | 29          | 28 23 13 9 1 1 9 11 4 2 2 4 4 0 1 7       |
 ├────────────────────┼─────────────┼───────────────────────────────────────────┤
 | 0x0000000000000001 | 6           | 18 9 15 9 3 4 0 1 1 0 4 4 7 4 5 4         |
 ├────────────────────┼─────────────┼───────────────────────────────────────────┤
 | 0x0000000000000002 | 5           | 20 3 7 4 3 3 3 3 0 3 3 3 3 3 0 8          |
 ├────────────────────┼─────────────┼───────────────────────────────────────────┤
 | 0x0000000000000003 | 2           | 28 4 3 2 2 2 1 2 1 0 6 1 1 1 0 12         |
 ├────────────────────┼─────────────┼───────────────────────────────────────────┤
 | 0x0000000000000004 | 10          | 26 18 8 4 0 5 8 4 0 0 4 4 0 0 4 11        |
 ├────────────────────┼─────────────┼───────────────────────────────────────────┤
 | 0x0000000000000005 | 0           | 27 21 3 0 0 0 0 0 0 1 0 0 0 0 0 3         |
 ├────────────────────┼─────────────┼───────────────────────────────────────────┤
 | 0x0000000000000006 | 1           | 20 3 3 9 8 4 3 8 8 3 2 7 8 5 1 14         |
 ├────────────────────┼─────────────┼───────────────────────────────────────────┤
 | 0x0000000000000007 | 10          | 24 15 8 11 9 2 1 0 0 0 0 1 6 2 2 3        |
 ├────────────────────┼─────────────┼───────────────────────────────────────────┤
 | 0x0000000000000008 | 18          | 21 1 4 4 10 1 0 0 0 0 0 0 0 0 6 7         |
 ├────────────────────┼─────────────┼───────────────────────────────────────────┤
 | 0x0000000000000009 | 15          | 19 13 0 1 1 1 1 2 3 1 0 1 1 0 1 6         |
 ├────────────────────┼─────────────┼───────────────────────────────────────────┤
 | 0x000000000000000a | 5           | 26 6 0 8 0 1 1 0 0 0 0 0 1 1 12 6         |
 ├────────────────────┼─────────────┼───────────────────────────────────────────┤
 | 0x000000000000000b | 5           | 29 19 14 11 2 0 8 9 2 0 0 0 0 1 1 3       |
 ├────────────────────┼─────────────┼───────────────────────────────────────────┤
 | 0x000000000000000c | 4           | 31 24 8 0 3 3 3 0 2 5 3 0 0 3 4 3         |
 ├────────────────────┼─────────────┼───────────────────────────────────────────┤
 | 0x000000000000000d | 15          | 21 8 4 2 0 2 1 1 6 0 1 3 4 1 5 6          |
 ├────────────────────┼─────────────┼───────────────────────────────────────────┤
 | 0x000000000000000e | 26          | 16 3 12 12 12 0 0 0 0 0 0 0 0 0 0 0       |
 ├────────────────────┼─────────────┼───────────────────────────────────────────┤
 | 0x000000000000000f | 14          | 23 15 5 2 1 2 1 1 0 1 0 2 4 2 6 10        |
 ├────────────────────┼─────────────┼───────────────────────────────────────────┤
 | 0x0000000000000010 | 24          | 27 4 0 5 4 1 2 4 5 3 0 0 3 3 11 8         |
 ├────────────────────┼─────────────┼───────────────────────────────────────────┤
 | 0x0000000000000011 | 4           | 16 13 10 0 0 0 1 0 0 0 0 0 0 0 0 10       |
 ├────────────────────┼─────────────┼───────────────────────────────────────────┤
 | 0x0000000000000012 | 3           | 25 14 0 7 11 9 3 2 5 9 3 0 5 7 0 8        |
 ├────────────────────┼─────────────┼───────────────────────────────────────────┤
 | 0x0000000000000013 | 31          | 18 17 1 2 2 0 0 0 0 0 0 0 4 5 0 7         |
 ├────────────────────┼─────────────┼───────────────────────────────────────────┤
 | 0x0000000000000014 | 5           | 26 0 0 4 3 0 0 0 0 5 0 0 0 0 8 5          |
 ├────────────────────┼─────────────┼───────────────────────────────────────────┤
 | 0x0000000000000015 | 4           | 23 4 1 1 1 0 0 1 1 0 0 0 8 0 8 12         |
 ├────────────────────┼─────────────┼───────────────────────────────────────────┤
 | 0x0000000000000016 | 4           | 17 4 6 0 0 0 0 0 0 0 2 2 3 2 2 6          |
 ├────────────────────┼─────────────┼───────────────────────────────────────────┤
 | 0x0000000000000017 | 22          | 26 19 12 9 9 7 2 2 5 2 5 7 0 7 2 5        |
 ├────────────────────┼─────────────┼───────────────────────────────────────────┤
 | 0x0000000000000018 | 15          | 21 13 9 2 1 8 0 0 0 0 0 4 0 0 5 7         |
 ├────────────────────┼─────────────┼───────────────────────────────────────────┤
 | 0x0000000000000019 | 20          | 29 0 0 0 0 0 0 0 0 0 0 0 0 0 0 9          |
 ├────────────────────┼─────────────┼───────────────────────────────────────────┤
 | 0x000000000000001a | 4           | 24 7 4 2 4 3 3 2 2 3 1 4 7 6 4 10         |
 ├────────────────────┼─────────────┼───────────────────────────────────────────┤
 | 0x000000000000001b | 5           | 17 5 0 0 0 0 0 0 0 0 0 0 0 0 1 9          |
 ├────────────────────┼─────────────┼───────────────────────────────────────────┤
 | 0x000000000000001c | 30          | 18 12 4 10 6 9 10 6 6 7 2 7 7 7 5 8       |
 ├────────────────────┼─────────────┼───────────────────────────────────────────┤
 | 0x000000000000001d | 15          | 29 19 16 9 5 4 8 9 4 1 8 8 8 8 6 10       |
 ├────────────────────┼─────────────┼───────────────────────────────────────────┤
 | 0x000000000000001e | 23          | 26 6 7 0 0 0 1 0 5 5 2 1 1 1 1 1          |
 ├────────────────────┼─────────────┼───────────────────────────────────────────┤
 | 0x000000000000001f | 2           | 25 18 8 7 12 11 11 0 0 11 10 3 1 11 13 6  |
 └────────────────────┴─────────────┴───────────────────────────────────────────┘
PC pattern table end
Prefetch buffer begin
 ┌────────────────────┬──────────────────────────────────────────────────────────────────┐
 | Region             | Pattern                                                          |
 ├────────────────────┼──────────────────────────────────────────────────────────────────┤
 | 0x00000000000002ec | 0 0 0 0 0 0 0 0 0 2 2 2 0 2 0 2 2 2 0 2 2 0 0 0 0 0 2 0 0 0 0 0  |
 ├────────────────────┼──────────────────────────────────────────────────────────────────┤
 | 0x0000000000000270 | 0 0 0 0 0 0 0 0 0 0 0 0 0 0 0 0 0 0 2 2 0 0 2 2 2 2 2 2 0 0 0 0  |
 ├────────────────────┼──────────────────────────────────────────────────────────────────┤
 | 0x000000000000027a | 0 0 2 0 0 0 0 2 0 0 2 2 2 2 2 2 0 0 0 0 2 2 2 2 0 0 0 0 2 2 2 2  |
 ├────────────────────┼──────────────────────────────────────────────────────────────────┤
 | 0x00000000000002bc | 0 0 2 0 2 0 0 0 0 0 2 2 2 0 0 0 0 0 2 2 2 2 0 0 0 0 0 2 2 2 0 0  |
 ├────────────────────┼──────────────────────────────────────────────────────────────────┤
 | 0x000000000000037b | 0 0 0 0 0 0 0 2 2 0 0 2 2 2 2 0 2 0 2 2 2 0 0 0 0 0 0 0 0 0 0 0  |
 ├────────────────────┼──────────────────────────────────────────────────────────────────┤
 | 0x0000000000000280 | 0 0 0 0 0 0 0 0 0 0 0 0 0 0 0 0 0 0 0 0 0 0 0 0 0 0 0 0 0 0 2 2  |
 ├────────────────────┼──────────────────────────────────────────────────────────────────┤
 | 0x0000000000000312 | 0 2 0 0 0 0 0 0 0 0 0 0 0 0 0 0 0 0 0 0 2 2 0 2 2 0 0 0 0 0 0 0  |
 ├────────────────────┼──────────────────────────────────────────────────────────────────┤
 | 0x0000000000000253 | 2 2 2 0 0 0 0 0 0 0 0 0 0 0 0 2 2 2 2 2 0 0 0 0 2 2 2 2 0 0 0 0  |
 ├────────────────────┼──────────────────────────────────────────────────────────────────┤
 | 0x000000000000032f | 0 0 0 0 0 0 0 0 0 0 0 0 0 2 2 0 2 2 2 0 2 2 2 0 0 0 0 2 2 2 2 0  |
 ├────────────────────┼──────────────────────────────────────────────────────────────────┤
 | 0x0000000000000375 | 0 0 0 0 0 0 0 0 0 0 0 0 0 2 0 0 0 0 2 2 0 0 0 0 0 0 0 0 0 0 2 2  |
 ├────────────────────┼──────────────────────────────────────────────────────────────────┤
 | 0x0000000000000260 | 0 0 0 0 0 0 0 0 0 0 0 0 0 0 0 0 0 0 0 0 0 0 0 0 0 0 0 0 0 0 2 2  |
 ├────────────────────┼──────────────────────────────────────────────────────────────────┤
 | 0x000000000000024d | 0 0 0 0 0 0 0 0 0 0 0 0 0 0 0 0 0 0 0 0 0 0 0 0 0 0 2 2 2 2 0 0  |
 ├────────────────────┼──────────────────────────────────────────────────────────────────┤
 | 0x0000000000000274 | 0 0 0 0 0 0 0 0 0 0 0 0 0 0 0 0 2 2 2 2 0 0 0 0 0 2 2 2 0 0 0 0  |
 ├────────────────────┼──────────────────────────────────────────────────────────────────┤
 | 0x0000000000000334 | 2 2 0 0 0 0 0 0 0 0 0 0 2 2 0 0 0 0 2 2 2 0 0 0 0 0 0 0 0 0 0 0  |
 ├────────────────────┼──────────────────────────────────────────────────────────────────┤
 | 0x00000000000002bb | 0 2 2 2 2 0 0 0 0 0 0 0 0 0 0 0 0 0 2 2 2 2 2 0 0 0 0 0 2 2 2 2  |
 ├────────────────────┼──────────────────────────────────────────────────────────────────┤
 | 0x0000000000000338 | 2 2 2 2 2 2 2 2 0 0 0 0 0 0 0 0 0 0 0 0 0 0 0 0 0 0 0 0 0 0 2 2  |
 ├────────────────────┼──────────────────────────────────────────────────────────────────┤
 | 0x0000000000000351 | 0 0 0 0 0 0 0 0 2 2 2 2 0 0 2 0 0 0 0 0 0 0 0 0 0 0 2 2 2 2 2 2  |
 ├────────────────────┼──────────────────────────────────────────────────────────────────┤
 | 0x0000000000000272 | 2 2 2 2 0 0 0 0 2 2 2 2 0 0 0 0 0 0 0 0 0 0 0 2 2 2 2 2 0 0 0 0  |
 ├────────────────────┼──────────────────────────────────────────────────────────────────┤
 | 0x0000000000000332 | 0 0 0 0 0 0 0 0 0 0 0 0 0 0 0 0 0 0 0 0 0 2 2 2 0 0 0 0 0 0 0 0  |
 ├────────────────────┼──────────────────────────────────────────────────────────────────┤
 | 0x000000000000028d | 0 0 0 0 0 0 0 0 0 0 0 0 0 0 0 0 0 0 2 2 0 0 0 0 2 2 2 2 0 0 2 2  |
 ├────────────────────┼──────────────────────────────────────────────────────────────────┤
 | 0x0000000000000278 | 0 0 0 0 0 0 0 0 0 0 0 0 0 0 0 0 0 0 2 2 0 0 0 0 0 0 0 0 0 0 0 0  |
 ├────────────────────┼──────────────────────────────────────────────────────────────────┤
 | 0x000000000000023d | 2 2 0 0 0 0 0 0 0 0 0 0 0 0 0 0 0 0 2 2 0 0 0 0 2 2 2 2 0 0 0 0  |
 ├────────────────────┼──────────────────────────────────────────────────────────────────┤
 | 0x0000000000000262 | 2 0 0 0 0 0 0 0 0 0 0 0 0 0 0 0 0 0 0 0 0 0 0 0 0 0 0 0 0 0 0 0  |
 ├────────────────────┼──────────────────────────────────────────────────────────────────┤
 | 0x0000000000000232 | 2 0 0 0 0 0 0 0 0 0 0 0 0 0 0 0 0 0 0 0 0 0 0 0 0 0 0 2 2 0 0 2  |
 ├────────────────────┼──────────────────────────────────────────────────────────────────┤
 | 0x00000000000002d9 | 2 2 2 2 0 2 2 2 2 2 0 2 2 2 2 2 0 0 0 0 0 0 0 2 0 0 2 2 0 0 0 0  |
 ├────────────────────┼──────────────────────────────────────────────────────────────────┤
 | 0x0000000000000350 | 0 0 0 0 0 0 0 2 2 2 2 0 0 2 2 0 0 2 2 0 1 2 2 2 2 2 2 2 2 2 2 0  |
 ├────────────────────┼──────────────────────────────────────────────────────────────────┤
 | 0x0000000000000378 | 0 1 2 2 2 2 0 0 0 0 0 0 0 0 0 0 0 0 0 0 0 0 0 0 0 0 0 0 2 2 2 2  |
 ├────────────────────┼──────────────────────────────────────────────────────────────────┤
 | 0x00000000000002dc | 2 2 2 2 0 0 2 2 2 2 2 2 2 0 0 0 2 2 0 0 2 2 2 2 2 2 2 2 2 2 2 2  |
 ├────────────────────┼──────────────────────────────────────────────────────────────────┤
 | 0x0000000000000276 | 0 0 0 0 0 0 0 0 0 2 2 0 0 0 0 0 2 2 2 2 0 0 0 0 0 2 2 2 0 0 0 0  |
 └────────────────────┴──────────────────────────────────────────────────────────────────┘
Prefetch buffer end
Filter by PPT: 0
cpu0_L2C
Num Con Filled: 0
Num Con Useful: 0 Useless:0 Accuracy: nan
LLC
