41 41 41
Available num physical pages: 35184372088576
WARNING: physical memory size is smaller than virtual memory size

*** ChampSim Multicore Out-of-Order Simulator ***

Warmup Instructions: 5000000
Simulation Instructions: 200000000
Number of CPUs: 1
Page size: 4096

Basic BTB sets: 1024 ways: 8 indirect buffer size: 4096 RAS size: 64
cpu0_L1D PMP prefetcher
Off-chip DRAM Size: 4 GiB Channels: 1 Width: 64-bit Data Rate: 3200 MT/s
Max paddr 3M
Warmup finished CPU 0 instructions: 5000001 cycles: 1250050 cumulative IPC: 3.99985 (Simulation time: 0 hr 2 min 26 sec) 

Warmup complete CPU 0 instructions: 5000001 cycles: 1250050 (Simulation time: 0 hr 2 min 26 sec) 

Heartbeat CPU 0 instructions: 10000002 cycles: 2767932 heartbeat IPC: 3.61281 cumulative IPC: 3.29407 (Simulation time: 0 hr 5 min 43 sec) 
Heartbeat CPU 0 instructions: 20000003 cycles: 5743612 heartbeat IPC: 3.36058 cumulative IPC: 3.33811 (Simulation time: 0 hr 11 min 54 sec) 
Heartbeat CPU 0 instructions: 30000002 cycles: 8638752 heartbeat IPC: 3.45407 cumulative IPC: 3.38355 (Simulation time: 0 hr 17 min 34 sec) 
Heartbeat CPU 0 instructions: 40000004 cycles: 11458906 heartbeat IPC: 3.54591 cumulative IPC: 3.4284 (Simulation time: 0 hr 22 min 58 sec) 
Heartbeat CPU 0 instructions: 50000002 cycles: 14264330 heartbeat IPC: 3.56453 cumulative IPC: 3.45775 (Simulation time: 0 hr 28 min 52 sec) 
Heartbeat CPU 0 instructions: 60000002 cycles: 17130115 heartbeat IPC: 3.48945 cumulative IPC: 3.46347 (Simulation time: 0 hr 34 min 48 sec) 
Heartbeat CPU 0 instructions: 70000003 cycles: 20470560 heartbeat IPC: 2.99362 cumulative IPC: 3.38181 (Simulation time: 0 hr 42 min 17 sec) 
Heartbeat CPU 0 instructions: 80000003 cycles: 24599752 heartbeat IPC: 2.42179 cumulative IPC: 3.21204 (Simulation time: 0 hr 52 min 0 sec) 
Heartbeat CPU 0 instructions: 90000001 cycles: 27600592 heartbeat IPC: 3.3324 cumulative IPC: 3.22575 (Simulation time: 1 hr 0 min 9 sec) 
Heartbeat CPU 0 instructions: 100000002 cycles: 36058740 heartbeat IPC: 1.1823 cumulative IPC: 2.72921 (Simulation time: 1 hr 14 min 22 sec) 
Heartbeat CPU 0 instructions: 110000001 cycles: 42781437 heartbeat IPC: 1.4875 cumulative IPC: 2.52821 (Simulation time: 1 hr 27 min 9 sec) 
Heartbeat CPU 0 instructions: 120000001 cycles: 50521574 heartbeat IPC: 1.29197 cumulative IPC: 2.33401 (Simulation time: 1 hr 42 min 56 sec) 
Heartbeat CPU 0 instructions: 130000002 cycles: 61106751 heartbeat IPC: 0.944718 cumulative IPC: 2.08833 (Simulation time: 2 hr 1 min 40 sec) 
Heartbeat CPU 0 instructions: 140000003 cycles: 70479461 heartbeat IPC: 1.06693 cumulative IPC: 1.95004 (Simulation time: 2 hr 15 min 47 sec) 
Heartbeat CPU 0 instructions: 150000004 cycles: 76103799 heartbeat IPC: 1.77799 cumulative IPC: 1.93712 (Simulation time: 2 hr 22 min 16 sec) 
Heartbeat CPU 0 instructions: 160000004 cycles: 82029800 heartbeat IPC: 1.68748 cumulative IPC: 1.9188 (Simulation time: 2 hr 27 min 25 sec) 
Heartbeat CPU 0 instructions: 170000002 cycles: 85476305 heartbeat IPC: 2.90149 cumulative IPC: 1.95901 (Simulation time: 2 hr 30 min 26 sec) 
Heartbeat CPU 0 instructions: 180000001 cycles: 90082599 heartbeat IPC: 2.17095 cumulative IPC: 1.97 (Simulation time: 2 hr 34 min 4 sec) 
Heartbeat CPU 0 instructions: 190000001 cycles: 93302990 heartbeat IPC: 3.10522 cumulative IPC: 2.00972 (Simulation time: 2 hr 37 min 30 sec) 
Heartbeat CPU 0 instructions: 200000003 cycles: 96326283 heartbeat IPC: 3.30766 cumulative IPC: 2.05099 (Simulation time: 2 hr 40 min 39 sec) 
Max paddr 82M
Simulation finished CPU 0 instructions: 200000002 cycles: 96586567 cumulative IPC: 2.07069 (Simulation time: 2 hr 42 min 12 sec) 

Simulation complete CPU 0 instructions: 200000002 cycles: 96586567 (Simulation time: 2 hr 42 min 12 sec) 


ChampSim completed all CPUs

[
  {
    "name": "Simulation",
    "traces": [
      "../traces/481.wrf-816B.champsimtrace.xz"
    ],
    "roi": {
      "cores": [
        {
          "instructions": 200000002,
          "cycles": 96586567,
          "Avg ROB occupancy at mispredict": 282.735, 
          "mispredict": {
            "BRANCH_DIRECT_JUMP": 91,
            "BRANCH_INDIRECT": 0,
            "BRANCH_CONDITIONAL": 82041,
            "BRANCH_DIRECT_CALL": 30,
            "BRANCH_INDIRECT_CALL": 0,
            "BRANCH_RETURN": 31
          }
        }
      ],
      "cpu0_L1I": {
        "LOAD": {
          "hit":292,
          "miss":1191
        },
        "RFO": {
          "hit":0,
          "miss":0
        },
        "PREFETCH": {
          "hit":0,
          "miss":0
        },
        "WRITE": {
          "hit":0,
          "miss":0
        },
        "TRANSLATION": {
          "hit":0,
          "miss":0
        },
        "mshr full": 0,
        "prefetch requested": 0,
        "prefetch issued": 0,
        "prefetch filled": 0,
        "prefetch useful": 0,
        "prefetch useless": 0,
        "prefetch late": 0,
        "pf_useful_at_l2_from_l1":          0,
        "pf_late_at_l2_from_l1":          0,
        "pf_useless_at_l2_from_l1":          0,
        "pf_at_l2_to_l1":          0,
        "pf_fill_this_level":          0,
        "miss latency": 19.1042,
        "cache queues": {
          "PQ_ACCESS": 0,
          "PQ_FULL": 0,
          "PQ_TO_CACHE": 0,
          "PQ_MERGED": 0,
          "RQ_ACCESS": 1483,
          "RQ_MERGED": 0,
          "RQ_FULL": 0,
          "WQ_ACCESS": 0,
          "WQ_MERGED": 0,
          "WQ_FULL": 0
        }
      },
      "cpu0_ITLB": {
        "LOAD": {
          "hit":1139,
          "miss":126
        },
        "RFO": {
          "hit":0,
          "miss":0
        },
        "PREFETCH": {
          "hit":0,
          "miss":0
        },
        "WRITE": {
          "hit":0,
          "miss":0
        },
        "TRANSLATION": {
          "hit":0,
          "miss":0
        },
        "mshr full": 0,
        "prefetch requested": 0,
        "prefetch issued": 0,
        "prefetch filled": 0,
        "prefetch useful": 0,
        "prefetch useless": 0,
        "prefetch late": 0,
        "pf_useful_at_l2_from_l1":          0,
        "pf_late_at_l2_from_l1":          0,
        "pf_useless_at_l2_from_l1":          0,
        "pf_at_l2_to_l1":          0,
        "pf_fill_this_level":          0,
        "miss latency": 11.95,
        "cache queues": {
          "PQ_ACCESS": 0,
          "PQ_FULL": 0,
          "PQ_TO_CACHE": 0,
          "PQ_MERGED": 0,
          "RQ_ACCESS": 1265,
          "RQ_MERGED": 0,
          "RQ_FULL": 0,
          "WQ_ACCESS": 0,
          "WQ_MERGED": 0,
          "WQ_FULL": 0
        }
      },
      "cpu0_DTLB": {
        "LOAD": {
          "hit":71859557,
          "miss":543569
        },
        "RFO": {
          "hit":0,
          "miss":0
        },
        "PREFETCH": {
          "hit":0,
          "miss":0
        },
        "WRITE": {
          "hit":0,
          "miss":0
        },
        "TRANSLATION": {
          "hit":0,
          "miss":0
        },
        "mshr full": 72477,
        "prefetch requested": 0,
        "prefetch issued": 0,
        "prefetch filled": 0,
        "prefetch useful": 0,
        "prefetch useless": 0,
        "prefetch late": 0,
        "pf_useful_at_l2_from_l1":          0,
        "pf_late_at_l2_from_l1":          0,
        "pf_useless_at_l2_from_l1":          0,
        "pf_at_l2_to_l1":          0,
        "pf_fill_this_level":          0,
        "miss latency": 0.837453,
        "cache queues": {
          "PQ_ACCESS": 0,
          "PQ_FULL": 0,
          "PQ_TO_CACHE": 0,
          "PQ_MERGED": 0,
          "RQ_ACCESS": 79350594,
          "RQ_MERGED": 0,
          "RQ_FULL": 6947467,
          "WQ_ACCESS": 0,
          "WQ_MERGED": 0,
          "WQ_FULL": 0
        }
      },
      "cpu0_STLB": {
        "LOAD": {
          "hit":34848,
          "miss":33398
        },
        "RFO": {
          "hit":0,
          "miss":0
        },
        "PREFETCH": {
          "hit":0,
          "miss":0
        },
        "WRITE": {
          "hit":0,
          "miss":0
        },
        "TRANSLATION": {
          "hit":0,
          "miss":0
        },
        "mshr full": 0,
        "prefetch requested": 0,
        "prefetch issued": 0,
        "prefetch filled": 0,
        "prefetch useful": 0,
        "prefetch useless": 0,
        "prefetch late": 0,
        "pf_useful_at_l2_from_l1":          0,
        "pf_late_at_l2_from_l1":          0,
        "pf_useless_at_l2_from_l1":          0,
        "pf_at_l2_to_l1":          0,
        "pf_fill_this_level":          0,
        "miss latency": 12.5901,
        "cache queues": {
          "PQ_ACCESS": 0,
          "PQ_FULL": 0,
          "PQ_TO_CACHE": 0,
          "PQ_MERGED": 0,
          "RQ_ACCESS": 68246,
          "RQ_MERGED": 0,
          "RQ_FULL": 0,
          "WQ_ACCESS": 0,
          "WQ_MERGED": 0,
          "WQ_FULL": 0
        }
      },
      "cpu0_L1D": {
        "LOAD": {
          "hit":57397804,
          "miss":2880753
        },
        "RFO": {
          "hit":0,
          "miss":0
        },
        "PREFETCH": {
          "hit":82856,
          "miss":1759815
        },
        "WRITE": {
          "hit":7395227,
          "miss":5562410
        },
        "TRANSLATION": {
          "hit":22808,
          "miss":10695
        },
        "mshr full": 33645115,
        "prefetch requested": 1843019,
        "prefetch issued": 1843019,
        "prefetch filled": 1234531,
        "prefetch useful": 1277224,
        "prefetch useless": 37539,
        "prefetch late": 80127,
        "pf_useful_at_l2_from_l1":          0,
        "pf_late_at_l2_from_l1":          0,
        "pf_useless_at_l2_from_l1":          0,
        "pf_at_l2_to_l1":          3,
        "pf_fill_this_level":    1234516,
        "miss latency": 12.9549,
        "cache queues": {
          "PQ_ACCESS": 1843019,
          "PQ_FULL": 0,
          "PQ_TO_CACHE": 1843019,
          "PQ_MERGED": 338,
          "RQ_ACCESS": 117787457,
          "RQ_MERGED": 2512,
          "RQ_FULL": 57506385,
          "WQ_ACCESS": 15262684,
          "WQ_MERGED": 0,
          "WQ_FULL": 2305045
        }
      },
      "cpu0_L2C": {
        "LOAD": {
          "hit":317932,
          "miss":111644
        },
        "RFO": {
          "hit":49750,
          "miss":395735
        },
        "PREFETCH": {
          "hit":336981,
          "miss":1401422
        },
        "WRITE": {
          "hit":812929,
          "miss":0
        },
        "TRANSLATION": {
          "hit":8340,
          "miss":2355
        },
        "mshr full": 1093149,
        "prefetch requested": 0,
        "prefetch issued": 0,
        "prefetch filled": 1393972,
        "prefetch useful": 0,
        "prefetch useless": 0,
        "prefetch late": 0,
        "pf_useful_at_l2_from_l1":     248402,
        "pf_late_at_l2_from_l1":       7397,
        "pf_useless_at_l2_from_l1":      18044,
        "pf_at_l2_to_l1":       2219,
        "pf_fill_this_level":     261545,
        "miss latency": 94.6315,
        "cache queues": {
          "PQ_ACCESS": 1824748,
          "PQ_FULL": 86283,
          "PQ_TO_CACHE": 1738465,
          "PQ_MERGED": 40,
          "RQ_ACCESS": 885762,
          "RQ_MERGED": 0,
          "RQ_FULL": 0,
          "WQ_ACCESS": 812939,
          "WQ_MERGED": 0,
          "WQ_FULL": 0
        }
      },
      "LLC": {
        "LOAD": {
          "hit": [305],
          "miss": [105236]
        },
        "RFO": {
          "hit": [789],
          "miss": [393652]
        },
        "PREFETCH": {
          "hit": [2405],
          "miss": [1398964]
        },
        "WRITE": {
          "hit": [744283],
          "miss": [0]
        },
        "TRANSLATION": {
          "hit": [189],
          "miss": [2166]
        },
        "mshr full": 0,
        "prefetch requested": 0,
        "prefetch issued": 0,
        "prefetch filled": 1398964,
        "prefetch useful": 0,
        "prefetch useless": 0,
        "prefetch late": 0,
        "pf_useful_at_l2_from_l1":          0,
        "pf_late_at_l2_from_l1":          0,
        "pf_useless_at_l2_from_l1":          0,
        "pf_at_l2_to_l1":         40,
        "pf_fill_this_level":          0,
        "miss latency": 92.544,
        "cache queues": {
          "PQ_ACCESS": 1401369,
          "PQ_FULL": 0,
          "PQ_TO_CACHE": 1401369,
          "PQ_MERGED": 0,
          "RQ_ACCESS": 502337,
          "RQ_MERGED": 0,
          "RQ_FULL": 0,
          "WQ_ACCESS": 744285,
          "WQ_MERGED": 0,
          "WQ_FULL": 0
        }
      },
      "DRAM": [
        {
          "RQ ROW_BUFFER_HIT": 1038005,
          "RQ ROW_BUFFER_MISS": 861976,
          "PQ FULL": 0,
          "WQ ROW_BUFFER_HIT": 186144,
          "WQ ROW_BUFFER_MISS": 558979,
          "WQ FULL": 0,
          "AVG DBUS CONGESTED CYCLE": 3.97731
        }
      ]

    },
    "sim": {
      "cores": [
        {
          "instructions": 200000002,
          "cycles": 96586567,
          "Avg ROB occupancy at mispredict": 282.735, 
          "mispredict": {
            "BRANCH_DIRECT_JUMP": 91,
            "BRANCH_INDIRECT": 0,
            "BRANCH_CONDITIONAL": 82041,
            "BRANCH_DIRECT_CALL": 30,
            "BRANCH_INDIRECT_CALL": 0,
            "BRANCH_RETURN": 31
          }
        }
      ],
      "cpu0_L1I": {
        "LOAD": {
          "hit":292,
          "miss":1191
        },
        "RFO": {
          "hit":0,
          "miss":0
        },
        "PREFETCH": {
          "hit":0,
          "miss":0
        },
        "WRITE": {
          "hit":0,
          "miss":0
        },
        "TRANSLATION": {
          "hit":0,
          "miss":0
        },
        "mshr full": 0,
        "prefetch requested": 0,
        "prefetch issued": 0,
        "prefetch filled": 0,
        "prefetch useful": 0,
        "prefetch useless": 0,
        "prefetch late": 0,
        "pf_useful_at_l2_from_l1":          0,
        "pf_late_at_l2_from_l1":          0,
        "pf_useless_at_l2_from_l1":          0,
        "pf_at_l2_to_l1":          0,
        "pf_fill_this_level":          0,
        "miss latency": 19.1042,
        "cache queues": {
          "PQ_ACCESS": 0,
          "PQ_FULL": 0,
          "PQ_TO_CACHE": 0,
          "PQ_MERGED": 0,
          "RQ_ACCESS": 1483,
          "RQ_MERGED": 0,
          "RQ_FULL": 0,
          "WQ_ACCESS": 0,
          "WQ_MERGED": 0,
          "WQ_FULL": 0
        }
      },
      "cpu0_ITLB": {
        "LOAD": {
          "hit":1139,
          "miss":126
        },
        "RFO": {
          "hit":0,
          "miss":0
        },
        "PREFETCH": {
          "hit":0,
          "miss":0
        },
        "WRITE": {
          "hit":0,
          "miss":0
        },
        "TRANSLATION": {
          "hit":0,
          "miss":0
        },
        "mshr full": 0,
        "prefetch requested": 0,
        "prefetch issued": 0,
        "prefetch filled": 0,
        "prefetch useful": 0,
        "prefetch useless": 0,
        "prefetch late": 0,
        "pf_useful_at_l2_from_l1":          0,
        "pf_late_at_l2_from_l1":          0,
        "pf_useless_at_l2_from_l1":          0,
        "pf_at_l2_to_l1":          0,
        "pf_fill_this_level":          0,
        "miss latency": 11.95,
        "cache queues": {
          "PQ_ACCESS": 0,
          "PQ_FULL": 0,
          "PQ_TO_CACHE": 0,
          "PQ_MERGED": 0,
          "RQ_ACCESS": 1265,
          "RQ_MERGED": 0,
          "RQ_FULL": 0,
          "WQ_ACCESS": 0,
          "WQ_MERGED": 0,
          "WQ_FULL": 0
        }
      },
      "cpu0_DTLB": {
        "LOAD": {
          "hit":71859557,
          "miss":543569
        },
        "RFO": {
          "hit":0,
          "miss":0
        },
        "PREFETCH": {
          "hit":0,
          "miss":0
        },
        "WRITE": {
          "hit":0,
          "miss":0
        },
        "TRANSLATION": {
          "hit":0,
          "miss":0
        },
        "mshr full": 72477,
        "prefetch requested": 0,
        "prefetch issued": 0,
        "prefetch filled": 0,
        "prefetch useful": 0,
        "prefetch useless": 0,
        "prefetch late": 0,
        "pf_useful_at_l2_from_l1":          0,
        "pf_late_at_l2_from_l1":          0,
        "pf_useless_at_l2_from_l1":          0,
        "pf_at_l2_to_l1":          0,
        "pf_fill_this_level":          0,
        "miss latency": 0.837453,
        "cache queues": {
          "PQ_ACCESS": 0,
          "PQ_FULL": 0,
          "PQ_TO_CACHE": 0,
          "PQ_MERGED": 0,
          "RQ_ACCESS": 79350594,
          "RQ_MERGED": 0,
          "RQ_FULL": 6947467,
          "WQ_ACCESS": 0,
          "WQ_MERGED": 0,
          "WQ_FULL": 0
        }
      },
      "cpu0_STLB": {
        "LOAD": {
          "hit":34848,
          "miss":33398
        },
        "RFO": {
          "hit":0,
          "miss":0
        },
        "PREFETCH": {
          "hit":0,
          "miss":0
        },
        "WRITE": {
          "hit":0,
          "miss":0
        },
        "TRANSLATION": {
          "hit":0,
          "miss":0
        },
        "mshr full": 0,
        "prefetch requested": 0,
        "prefetch issued": 0,
        "prefetch filled": 0,
        "prefetch useful": 0,
        "prefetch useless": 0,
        "prefetch late": 0,
        "pf_useful_at_l2_from_l1":          0,
        "pf_late_at_l2_from_l1":          0,
        "pf_useless_at_l2_from_l1":          0,
        "pf_at_l2_to_l1":          0,
        "pf_fill_this_level":          0,
        "miss latency": 12.5901,
        "cache queues": {
          "PQ_ACCESS": 0,
          "PQ_FULL": 0,
          "PQ_TO_CACHE": 0,
          "PQ_MERGED": 0,
          "RQ_ACCESS": 68246,
          "RQ_MERGED": 0,
          "RQ_FULL": 0,
          "WQ_ACCESS": 0,
          "WQ_MERGED": 0,
          "WQ_FULL": 0
        }
      },
      "cpu0_L1D": {
        "LOAD": {
          "hit":57397804,
          "miss":2880753
        },
        "RFO": {
          "hit":0,
          "miss":0
        },
        "PREFETCH": {
          "hit":82856,
          "miss":1759815
        },
        "WRITE": {
          "hit":7395227,
          "miss":5562410
        },
        "TRANSLATION": {
          "hit":22808,
          "miss":10695
        },
        "mshr full": 33645115,
        "prefetch requested": 1843019,
        "prefetch issued": 1843019,
        "prefetch filled": 1234531,
        "prefetch useful": 1277224,
        "prefetch useless": 37539,
        "prefetch late": 80127,
        "pf_useful_at_l2_from_l1":          0,
        "pf_late_at_l2_from_l1":          0,
        "pf_useless_at_l2_from_l1":          0,
        "pf_at_l2_to_l1":          3,
        "pf_fill_this_level":    1234516,
        "miss latency": 12.9549,
        "cache queues": {
          "PQ_ACCESS": 1843019,
          "PQ_FULL": 0,
          "PQ_TO_CACHE": 1843019,
          "PQ_MERGED": 338,
          "RQ_ACCESS": 117787457,
          "RQ_MERGED": 2512,
          "RQ_FULL": 57506385,
          "WQ_ACCESS": 15262684,
          "WQ_MERGED": 0,
          "WQ_FULL": 2305045
        }
      },
      "cpu0_L2C": {
        "LOAD": {
          "hit":317932,
          "miss":111644
        },
        "RFO": {
          "hit":49750,
          "miss":395735
        },
        "PREFETCH": {
          "hit":336981,
          "miss":1401422
        },
        "WRITE": {
          "hit":812929,
          "miss":0
        },
        "TRANSLATION": {
          "hit":8340,
          "miss":2355
        },
        "mshr full": 1093149,
        "prefetch requested": 0,
        "prefetch issued": 0,
        "prefetch filled": 1393972,
        "prefetch useful": 0,
        "prefetch useless": 0,
        "prefetch late": 0,
        "pf_useful_at_l2_from_l1":     248402,
        "pf_late_at_l2_from_l1":       7397,
        "pf_useless_at_l2_from_l1":      18044,
        "pf_at_l2_to_l1":       2219,
        "pf_fill_this_level":     261545,
        "miss latency": 94.6315,
        "cache queues": {
          "PQ_ACCESS": 1824748,
          "PQ_FULL": 86283,
          "PQ_TO_CACHE": 1738465,
          "PQ_MERGED": 40,
          "RQ_ACCESS": 885762,
          "RQ_MERGED": 0,
          "RQ_FULL": 0,
          "WQ_ACCESS": 812939,
          "WQ_MERGED": 0,
          "WQ_FULL": 0
        }
      },
      "LLC": {
        "LOAD": {
          "hit": [305],
          "miss": [105236]
        },
        "RFO": {
          "hit": [789],
          "miss": [393652]
        },
        "PREFETCH": {
          "hit": [2405],
          "miss": [1398964]
        },
        "WRITE": {
          "hit": [744283],
          "miss": [0]
        },
        "TRANSLATION": {
          "hit": [189],
          "miss": [2166]
        },
        "mshr full": 0,
        "prefetch requested": 0,
        "prefetch issued": 0,
        "prefetch filled": 1398964,
        "prefetch useful": 0,
        "prefetch useless": 0,
        "prefetch late": 0,
        "pf_useful_at_l2_from_l1":          0,
        "pf_late_at_l2_from_l1":          0,
        "pf_useless_at_l2_from_l1":          0,
        "pf_at_l2_to_l1":         40,
        "pf_fill_this_level":          0,
        "miss latency": 92.544,
        "cache queues": {
          "PQ_ACCESS": 1401369,
          "PQ_FULL": 0,
          "PQ_TO_CACHE": 1401369,
          "PQ_MERGED": 0,
          "RQ_ACCESS": 502337,
          "RQ_MERGED": 0,
          "RQ_FULL": 0,
          "WQ_ACCESS": 744285,
          "WQ_MERGED": 0,
          "WQ_FULL": 0
        }
      },
      "DRAM": [
        {
          "RQ ROW_BUFFER_HIT": 1038005,
          "RQ ROW_BUFFER_MISS": 861976,
          "PQ FULL": 0,
          "WQ ROW_BUFFER_HIT": 186144,
          "WQ ROW_BUFFER_MISS": 558979,
          "WQ FULL": 0,
          "AVG DBUS CONGESTED CYCLE": 3.97731
        }
      ]

    }
  }
]
cpu0_ITLB
cpu0_DTLB
cpu0_STLB
Prefetch Request to L1: 1358834, Prefetch Request to L2: 484185
Invalid by Eviction: 64903
Invalid by Max: 8537
Filter table begin
 ┌────────────────────┬─────────────┐
 | Region             | Offset      |
 ├────────────────────┼─────────────┤
 | 0x0000000000008990 | 8           |
 ├────────────────────┼─────────────┤
 | 0x0000000000004268 | 31          |
 ├────────────────────┼─────────────┤
 | 0x00000000000042a2 | 31          |
 ├────────────────────┼─────────────┤
 | 0x00000000000042fb | 31          |
 ├────────────────────┼─────────────┤
 | 0x00000000000009c1 | 8           |
 ├────────────────────┼─────────────┤
 | 0x00000000000018fa | 18          |
 ├────────────────────┼─────────────┤
 | 0x0000000000001df5 | 0           |
 ├────────────────────┼─────────────┤
 | 0x0000000000003343 | 31          |
 ├────────────────────┼─────────────┤
 | 0x000000000000314a | 31          |
 ├────────────────────┼─────────────┤
 | 0x000000000000023b | 29          |
 ├────────────────────┼─────────────┤
 | 0x0000000000002e99 | 31          |
 ├────────────────────┼─────────────┤
 | 0x00000000000045cd | 31          |
 ├────────────────────┼─────────────┤
 | 0x0000000000004757 | 31          |
 └────────────────────┴─────────────┘
Filter table end
Accumulation table begin
 ┌────────────────────┬─────────────┬─────────────┬──────────────────────────────────────────────────────────────────┐
 | Region             | Offset      | Second      | Pattern                                                          |
 ├────────────────────┼─────────────┼─────────────┼──────────────────────────────────────────────────────────────────┤
 | 0x000000000000a41a | 0           | 1           | 1 1 1 1 1 1 1 1 1 1 1 1 1 1 1 1 1 0 0 0 0 0 0 0 0 0 0 0 0 0 0 0  |
 ├────────────────────┼─────────────┼─────────────┼──────────────────────────────────────────────────────────────────┤
 | 0x0000000000000234 | 9           | 17          | 0 1 0 0 1 1 1 1 1 1 0 0 0 1 1 0 1 1 1 0 1 0 0 0 0 0 0 0 0 0 0 0  |
 ├────────────────────┼─────────────┼─────────────┼──────────────────────────────────────────────────────────────────┤
 | 0x000000000000a41c | 0           | 1           | 1 1 1 1 1 1 1 1 1 1 1 1 1 1 1 1 1 1 1 1 1 1 1 1 1 1 1 0 0 0 0 0  |
 ├────────────────────┼─────────────┼─────────────┼──────────────────────────────────────────────────────────────────┤
 | 0x000000000000a415 | 0           | 1           | 1 1 1 1 1 1 1 1 1 1 1 1 1 1 1 1 1 1 1 1 1 1 1 1 1 1 1 1 1 1 1 1  |
 ├────────────────────┼─────────────┼─────────────┼──────────────────────────────────────────────────────────────────┤
 | 0x000000000000a419 | 0           | 1           | 1 1 1 1 1 1 1 1 1 1 1 1 1 1 1 1 1 1 1 1 1 1 1 1 1 1 1 1 1 1 1 1  |
 ├────────────────────┼─────────────┼─────────────┼──────────────────────────────────────────────────────────────────┤
 | 0x000000000000a0c6 | 0           | 1           | 1 1 1 1 1 1 1 1 1 1 1 1 1 1 1 1 1 1 1 1 1 1 1 1 1 1 1 0 0 0 0 0  |
 ├────────────────────┼─────────────┼─────────────┼──────────────────────────────────────────────────────────────────┤
 | 0x000000000000a0d4 | 0           | 1           | 1 1 1 1 1 1 1 1 1 1 1 1 1 1 1 1 1 1 1 1 1 1 1 0 0 0 0 0 0 0 0 0  |
 ├────────────────────┼─────────────┼─────────────┼──────────────────────────────────────────────────────────────────┤
 | 0x000000000000a0c5 | 28          | 29          | 1 1 1 1 1 1 1 1 1 1 1 1 1 1 1 1 1 1 1 1 1 1 1 1 1 1 1 1 1 1 1 1  |
 ├────────────────────┼─────────────┼─────────────┼──────────────────────────────────────────────────────────────────┤
 | 0x00000000000090ff | 0           | 1           | 1 1 1 1 1 1 1 1 1 1 1 1 1 1 1 1 1 1 1 1 1 1 1 1 1 1 1 1 1 1 1 1  |
 ├────────────────────┼─────────────┼─────────────┼──────────────────────────────────────────────────────────────────┤
 | 0x000000000000a0db | 0           | 1           | 1 1 1 1 1 1 1 1 1 1 1 1 1 1 1 1 1 1 1 1 1 1 1 1 1 1 1 1 1 1 1 1  |
 ├────────────────────┼─────────────┼─────────────┼──────────────────────────────────────────────────────────────────┤
 | 0x000000000000a0d7 | 0           | 1           | 1 1 1 1 1 1 1 1 1 1 1 1 1 1 1 1 1 1 1 1 1 1 1 1 1 1 1 1 1 1 1 1  |
 ├────────────────────┼─────────────┼─────────────┼──────────────────────────────────────────────────────────────────┤
 | 0x000000000000a0dd | 0           | 1           | 1 1 1 1 1 1 1 1 1 1 1 1 1 1 1 1 1 1 1 1 1 1 1 1 1 1 1 1 1 1 1 1  |
 ├────────────────────┼─────────────┼─────────────┼──────────────────────────────────────────────────────────────────┤
 | 0x000000000000a0d8 | 0           | 1           | 1 1 1 1 1 1 1 1 1 1 1 1 1 1 1 1 1 1 1 1 1 1 1 1 1 1 1 1 1 1 1 1  |
 ├────────────────────┼─────────────┼─────────────┼──────────────────────────────────────────────────────────────────┤
 | 0x000000000000a0c7 | 3           | 4           | 0 0 0 1 1 1 1 1 1 1 1 1 0 0 0 0 0 0 0 0 0 0 0 0 0 0 0 0 0 0 0 0  |
 ├────────────────────┼─────────────┼─────────────┼──────────────────────────────────────────────────────────────────┤
 | 0x000000000000a418 | 0           | 1           | 1 1 1 1 1 1 1 1 1 1 1 1 1 1 1 1 1 1 1 1 1 1 1 1 1 1 1 1 1 1 1 1  |
 ├────────────────────┼─────────────┼─────────────┼──────────────────────────────────────────────────────────────────┤
 | 0x000000000000432e | 11          | 12          | 0 0 0 0 0 0 0 0 0 0 0 1 1 1 1 1 1 1 1 1 0 0 0 0 0 0 0 0 0 0 0 0  |
 ├────────────────────┼─────────────┼─────────────┼──────────────────────────────────────────────────────────────────┤
 | 0x000000000000a0dc | 0           | 1           | 1 1 1 1 1 1 1 1 1 1 1 1 1 1 1 1 1 1 1 1 1 1 1 1 1 1 1 1 1 1 1 1  |
 ├────────────────────┼─────────────┼─────────────┼──────────────────────────────────────────────────────────────────┤
 | 0x0000000000000233 | 31          | 30          | 0 0 0 0 0 0 0 0 0 0 0 0 0 0 0 0 0 0 0 0 0 0 0 0 0 0 0 0 0 1 1 1  |
 ├────────────────────┼─────────────┼─────────────┼──────────────────────────────────────────────────────────────────┤
 | 0x000000000000a417 | 0           | 1           | 1 1 1 1 1 1 1 1 1 1 1 1 1 1 1 1 1 1 1 1 1 1 1 1 1 1 1 1 1 1 1 1  |
 ├────────────────────┼─────────────┼─────────────┼──────────────────────────────────────────────────────────────────┤
 | 0x000000000000a0c4 | 0           | 1           | 1 1 1 1 1 1 1 1 1 1 1 1 1 1 1 1 1 1 1 1 1 1 1 1 1 1 1 1 1 1 1 1  |
 ├────────────────────┼─────────────┼─────────────┼──────────────────────────────────────────────────────────────────┤
 | 0x000000000000a0d5 | 0           | 1           | 1 1 1 1 1 1 1 1 1 1 1 1 1 1 1 1 1 1 1 1 1 1 1 1 1 1 1 1 1 1 1 1  |
 ├────────────────────┼─────────────┼─────────────┼──────────────────────────────────────────────────────────────────┤
 | 0x0000000000001df4 | 5           | 6           | 0 0 0 0 0 1 1 1 1 1 1 1 1 1 1 1 1 1 1 1 1 1 1 1 1 1 1 1 1 1 1 1  |
 ├────────────────────┼─────────────┼─────────────┼──────────────────────────────────────────────────────────────────┤
 | 0x000000000000a0d9 | 0           | 1           | 1 1 1 1 1 1 1 1 1 1 1 1 1 1 1 1 1 1 1 1 1 1 1 1 1 1 1 1 1 1 1 1  |
 └────────────────────┴─────────────┴─────────────┴──────────────────────────────────────────────────────────────────┘
Accumulation table end
Offset pattern table begin
 ┌────────────────────┬─────────────┬──────────────────────────────────────────────────────────────────────────────────────────────────┐
 | Key                | Second      | Pattern                                                                                          |
 ├────────────────────┼─────────────┼──────────────────────────────────────────────────────────────────────────────────────────────────┤
 | 0x0000000000000000 | 1           | 22 21 21 21 21 21 21 20 20 20 20 20 20 20 20 20 20 20 20 20 20 20 20 20 20 19 19 19 19 18 18 18  |
 ├────────────────────┼─────────────┼──────────────────────────────────────────────────────────────────────────────────────────────────┤
 | 0x0000000000000001 | 2           | 20 18 16 15 16 15 15 15 15 13 12 14 14 14 14 14 14 14 14 12 12 12 12 12 12 12 12 12 12 12 12 5   |
 ├────────────────────┼─────────────┼──────────────────────────────────────────────────────────────────────────────────────────────────┤
 | 0x0000000000000002 | 3           | 26 22 18 18 18 18 18 18 19 16 14 14 14 14 14 14 14 17 14 13 13 13 13 13 13 13 16 13 13 13 3 3    |
 ├────────────────────┼─────────────┼──────────────────────────────────────────────────────────────────────────────────────────────────┤
 | 0x0000000000000003 | 4           | 22 21 12 12 12 12 12 12 12 4 4 4 4 4 4 4 4 4 4 4 4 4 4 4 4 4 4 4 4 1 1 1                         |
 ├────────────────────┼─────────────┼──────────────────────────────────────────────────────────────────────────────────────────────────┤
 | 0x0000000000000004 | 5           | 17 13 11 11 11 11 11 11 12 10 8 8 8 8 8 8 8 11 9 8 8 8 8 8 8 8 11 8 1 1 1 2                      |
 ├────────────────────┼─────────────┼──────────────────────────────────────────────────────────────────────────────────────────────────┤
 | 0x0000000000000005 | 6           | 21 11 18 18 15 8 8 18 18 18 15 9 17 9 15 8 7 8 8 7 7 7 7 7 7 7 9 2 11 4 4 4                      |
 ├────────────────────┼─────────────┼──────────────────────────────────────────────────────────────────────────────────────────────────┤
 | 0x0000000000000006 | 7           | 19 13 13 13 12 12 12 12 13 13 10 10 10 10 10 10 10 14 11 10 10 10 10 10 10 10 2 2 2 2 2 3        |
 ├────────────────────┼─────────────┼──────────────────────────────────────────────────────────────────────────────────────────────────┤
 | 0x0000000000000007 | 8           | 17 13 11 10 10 12 12 12 13 11 10 9 9 8 8 8 8 11 9 8 8 8 8 8 8 1 3 2 2 2 3 4                      |
 ├────────────────────┼─────────────┼──────────────────────────────────────────────────────────────────────────────────────────────────┤
 | 0x0000000000000008 | 9           | 28 24 13 13 18 19 19 17 16 17 13 15 12 11 11 11 11 14 10 10 10 10 10 10 3 9 4 4 5 9 11 9         |
 ├────────────────────┼─────────────┼──────────────────────────────────────────────────────────────────────────────────────────────────┤
 | 0x0000000000000009 | 10          | 21 7 7 8 16 16 8 16 16 15 7 15 6 6 6 6 6 6 6 6 6 6 6 1 10 1 2 10 10 14 10 14                     |
 ├────────────────────┼─────────────┼──────────────────────────────────────────────────────────────────────────────────────────────────┤
 | 0x000000000000000a | 9           | 28 19 18 18 18 18 18 18 21 19 13 13 13 13 13 13 13 18 15 12 12 12 0 2 2 1 1 1 1 1 1 2            |
 ├────────────────────┼─────────────┼──────────────────────────────────────────────────────────────────────────────────────────────────┤
 | 0x000000000000000b | 2           | 31 21 21 21 20 20 20 20 24 23 18 18 18 18 18 18 17 24 20 17 17 0 0 1 2 1 2 2 2 2 2 3             |
 ├────────────────────┼─────────────┼──────────────────────────────────────────────────────────────────────────────────────────────────┤
 | 0x000000000000000c | 3           | 23 20 20 18 16 20 16 18 14 10 8 8 8 8 8 8 8 10 9 8 0 7 3 3 3 8 3 7 7 6 0 1                       |
 ├────────────────────┼─────────────┼──────────────────────────────────────────────────────────────────────────────────────────────────┤
 | 0x000000000000000d | 14          | 23 22 21 20 22 20 11 8 7 6 6 6 6 6 6 6 6 6 5 0 4 2 2 2 4 2 4 4 4 0 0 6                           |
 ├────────────────────┼─────────────┼──────────────────────────────────────────────────────────────────────────────────────────────────┤
 | 0x000000000000000e | 15          | 28 22 20 22 20 21 17 17 18 16 13 13 13 13 13 13 13 17 1 6 3 3 3 7 4 7 7 6 1 2 7 8                |
 ├────────────────────┼─────────────┼──────────────────────────────────────────────────────────────────────────────────────────────────┤
 | 0x000000000000000f | 7           | 19 15 14 14 12 12 12 12 13 12 10 10 10 10 10 10 9 0 2 0 2 1 2 2 3 3 3 1 1 1 3 3                  |
 ├────────────────────┼─────────────┼──────────────────────────────────────────────────────────────────────────────────────────────────┤
 | 0x0000000000000010 | 14          | 29 19 18 18 18 18 18 18 20 21 15 15 15 15 15 15 0 0 0 0 0 0 0 2 2 1 1 1 1 1 1 2                  |
 ├────────────────────┼─────────────┼──────────────────────────────────────────────────────────────────────────────────────────────────┤
 | 0x0000000000000011 | 8           | 30 25 24 21 21 21 20 20 21 16 16 16 16 16 16 1 5 3 3 3 5 3 5 5 5 2 3 6 7 7 6 6                   |
 ├────────────────────┼─────────────┼──────────────────────────────────────────────────────────────────────────────────────────────────┤
 | 0x0000000000000012 | 19          | 19 14 12 3 3 3 3 3 3 2 2 2 2 2 0 9 3 8 10 8 10 10 10 10 0 0 9 13 13 13 12 14                     |
 ├────────────────────┼─────────────┼──────────────────────────────────────────────────────────────────────────────────────────────────┤
 | 0x0000000000000013 | 20          | 26 25 19 19 19 19 19 19 19 13 13 13 13 0 0 0 0 0 0 0 0 0 0 1 1 3 3 3 3 3 4 5                     |
 ├────────────────────┼─────────────┼──────────────────────────────────────────────────────────────────────────────────────────────────┤
 | 0x0000000000000014 | 19          | 17 14 13 12 12 12 12 12 12 11 10 10 0 0 0 0 0 0 0 0 0 0 0 0 0 0 0 0 0 0 0 3                      |
 ├────────────────────┼─────────────┼──────────────────────────────────────────────────────────────────────────────────────────────────┤
 | 0x0000000000000015 | 22          | 19 18 17 17 17 16 16 16 16 13 13 0 0 0 0 0 0 0 0 0 0 0 0 1 1 1 1 1 1 2 2 2                       |
 ├────────────────────┼─────────────┼──────────────────────────────────────────────────────────────────────────────────────────────────┤
 | 0x0000000000000016 | 23          | 25 20 19 19 19 19 19 19 18 17 0 0 0 0 1 1 1 1 1 1 1 1 1 2 2 2 1 3 3 2 4 7                        |
 ├────────────────────┼─────────────┼──────────────────────────────────────────────────────────────────────────────────────────────────┤
 | 0x0000000000000017 | 22          | 20 19 18 18 18 17 17 17 17 0 0 0 0 0 0 0 0 0 0 0 0 0 0 0 1 1 1 1 1 2 2 3                         |
 ├────────────────────┼─────────────┼──────────────────────────────────────────────────────────────────────────────────────────────────┤
 | 0x0000000000000018 | 25          | 22 20 20 20 20 20 20 19 0 0 0 0 0 0 1 1 1 1 1 1 1 1 1 2 3 3 3 3 3 3 3 4                          |
 ├────────────────────┼─────────────┼──────────────────────────────────────────────────────────────────────────────────────────────────┤
 | 0x0000000000000019 | 28          | 22 20 20 19 19 19 18 1 0 0 0 0 0 0 0 1 0 0 0 0 0 0 0 1 2 2 2 2 2 2 2 2                           |
 ├────────────────────┼─────────────┼──────────────────────────────────────────────────────────────────────────────────────────────────┤
 | 0x000000000000001a | 27          | 18 16 15 15 15 15 1 0 0 0 0 0 0 0 0 2 1 1 1 1 1 1 1 2 2 1 1 1 1 1 1 2                            |
 ├────────────────────┼─────────────┼──────────────────────────────────────────────────────────────────────────────────────────────────┤
 | 0x000000000000001b | 28          | 30 26 25 25 24 0 4 0 0 0 0 0 0 0 2 2 0 0 0 0 0 0 0 4 1 1 1 1 1 2 2 3                             |
 ├────────────────────┼─────────────┼──────────────────────────────────────────────────────────────────────────────────────────────────┤
 | 0x000000000000001c | 29          | 26 25 25 23 15 15 15 15 15 15 15 15 15 14 14 14 14 14 14 14 14 14 14 14 14 14 14 14 14 14 14 14  |
 ├────────────────────┼─────────────┼──────────────────────────────────────────────────────────────────────────────────────────────────┤
 | 0x000000000000001d | 28          | 27 26 24 0 0 0 0 0 0 0 0 0 0 0 0 0 0 0 0 0 0 0 0 0 12 12 12 12 12 12 12 21                       |
 ├────────────────────┼─────────────┼──────────────────────────────────────────────────────────────────────────────────────────────────┤
 | 0x000000000000001e | 29          | 21 19 0 0 0 0 1 0 0 0 0 0 0 0 0 1 0 0 0 0 0 0 0 1 1 0 0 0 0 0 7 8                                |
 ├────────────────────┼─────────────┼──────────────────────────────────────────────────────────────────────────────────────────────────┤
 | 0x000000000000001f | 28          | 20 0 0 0 0 0 0 0 0 0 0 0 0 0 0 1 0 0 0 0 0 0 0 1 1 1 1 1 1 1 18 19                               |
 └────────────────────┴─────────────┴──────────────────────────────────────────────────────────────────────────────────────────────────┘
Offset pattern table end
PC pattern table begin
 ┌────────────────────┬─────────────┬──────────────────────────────────────────────────┐
 | Key                | Second      | Pattern                                          |
 ├────────────────────┼─────────────┼──────────────────────────────────────────────────┤
 | 0x0000000000000000 | 9           | 20 18 18 18 17 17 17 17 17 17 17 17 17 17 17 18  |
 ├────────────────────┼─────────────┼──────────────────────────────────────────────────┤
 | 0x0000000000000001 | 1           | 17 16 6 3 0 0 0 0 0 0 5 2 5 5 5 9                |
 ├────────────────────┼─────────────┼──────────────────────────────────────────────────┤
 | 0x0000000000000002 | 1           | 28 26 26 21 16 15 15 14 12 12 21 14 20 21 25 14  |
 ├────────────────────┼─────────────┼──────────────────────────────────────────────────┤
 | 0x0000000000000003 | 1           | 23 22 20 20 20 20 20 20 20 19 18 18 20 20 20 20  |
 ├────────────────────┼─────────────┼──────────────────────────────────────────────────┤
 | 0x0000000000000004 | 1           | 17 16 16 15 15 15 15 15 15 14 14 13 12 12 12 12  |
 ├────────────────────┼─────────────┼──────────────────────────────────────────────────┤
 | 0x0000000000000005 | 1           | 29 27 27 26 25 25 25 25 25 24 23 22 22 21 21 21  |
 ├────────────────────┼─────────────┼──────────────────────────────────────────────────┤
 | 0x0000000000000006 | 1           | 18 17 13 13 13 13 13 13 12 12 12 13 13 12 12 12  |
 ├────────────────────┼─────────────┼──────────────────────────────────────────────────┤
 | 0x0000000000000007 | 14          | 28 27 25 24 23 22 20 20 18 16 16 13 13 12 12 11  |
 ├────────────────────┼─────────────┼──────────────────────────────────────────────────┤
 | 0x0000000000000008 | 1           | 22 21 21 21 21 20 19 18 18 19 19 19 19 18 17 15  |
 ├────────────────────┼─────────────┼──────────────────────────────────────────────────┤
 | 0x0000000000000009 | 1           | 31 30 26 25 24 16 20 19 19 18 13 15 17 17 17 17  |
 ├────────────────────┼─────────────┼──────────────────────────────────────────────────┤
 | 0x000000000000000a | 1           | 20 5 19 14 19 19 18 3 2 1 1 1 15 4 19 15         |
 ├────────────────────┼─────────────┼──────────────────────────────────────────────────┤
 | 0x000000000000000b | 29          | 23 0 0 0 15 6 0 0 9 10 0 0 1 12 0 1              |
 ├────────────────────┼─────────────┼──────────────────────────────────────────────────┤
 | 0x000000000000000c | 1           | 30 29 29 29 28 28 27 26 26 25 25 25 25 24 23 23  |
 ├────────────────────┼─────────────┼──────────────────────────────────────────────────┤
 | 0x000000000000000d | 6           | 19 16 14 13 11 11 11 11 10 10 12 11 12 12 12 11  |
 ├────────────────────┼─────────────┼──────────────────────────────────────────────────┤
 | 0x000000000000000e | 12          | 26 22 10 5 4 3 1 1 0 0 0 1 2 3 5 6               |
 ├────────────────────┼─────────────┼──────────────────────────────────────────────────┤
 | 0x000000000000000f | 28          | 31 30 30 3 1 1 1 0 0 0 0 0 2 22 30 29            |
 ├────────────────────┼─────────────┼──────────────────────────────────────────────────┤
 | 0x0000000000000010 | 12          | 27 26 26 26 26 2 2 2 3 3 2 2 2 2 2 3             |
 ├────────────────────┼─────────────┼──────────────────────────────────────────────────┤
 | 0x0000000000000011 | 1           | 26 25 25 25 24 22 21 21 21 21 21 21 21 20 19 19  |
 ├────────────────────┼─────────────┼──────────────────────────────────────────────────┤
 | 0x0000000000000012 | 1           | 21 17 17 18 19 18 14 14 14 14 14 13 13 13 15 15  |
 ├────────────────────┼─────────────┼──────────────────────────────────────────────────┤
 | 0x0000000000000013 | 1           | 24 23 21 18 18 10 9 9 9 9 9 9 9 9 9 10           |
 ├────────────────────┼─────────────┼──────────────────────────────────────────────────┤
 | 0x0000000000000014 | 29          | 18 13 7 9 7 7 4 5 4 2 1 2 1 5 5 14               |
 ├────────────────────┼─────────────┼──────────────────────────────────────────────────┤
 | 0x0000000000000015 | 1           | 25 24 24 23 23 23 23 23 22 22 22 21 21 21 21 21  |
 ├────────────────────┼─────────────┼──────────────────────────────────────────────────┤
 | 0x0000000000000016 | 9           | 25 23 5 7 7 7 6 4 4 5 5 5 5 7 6 8                |
 ├────────────────────┼─────────────┼──────────────────────────────────────────────────┤
 | 0x0000000000000017 | 1           | 16 15 15 15 15 15 15 15 15 15 15 15 15 15 14 14  |
 ├────────────────────┼─────────────┼──────────────────────────────────────────────────┤
 | 0x0000000000000018 | 28          | 26 23 21 21 21 19 19 19 18 17 15 14 15 15 15 20  |
 ├────────────────────┼─────────────┼──────────────────────────────────────────────────┤
 | 0x0000000000000019 | 5           | 30 28 26 24 24 22 22 21 21 20 19 19 17 18 18 18  |
 ├────────────────────┼─────────────┼──────────────────────────────────────────────────┤
 | 0x000000000000001a | 11          | 17 15 2 0 2 2 1 15 12 14 14 14 0 14 15 15        |
 ├────────────────────┼─────────────┼──────────────────────────────────────────────────┤
 | 0x000000000000001b | 11          | 19 15 10 9 10 3 2 2 3 2 0 0 0 2 0 0              |
 ├────────────────────┼─────────────┼──────────────────────────────────────────────────┤
 | 0x000000000000001c | 1           | 18 16 16 15 14 14 14 14 14 14 13 13 13 13 13 13  |
 ├────────────────────┼─────────────┼──────────────────────────────────────────────────┤
 | 0x000000000000001d | 1           | 22 20 2 2 2 1 2 2 2 1 1 1 1 2 1 2                |
 ├────────────────────┼─────────────┼──────────────────────────────────────────────────┤
 | 0x000000000000001e | 7           | 29 6 6 6 4 4 4 4 4 4 6 5 6 6 6 26                |
 ├────────────────────┼─────────────┼──────────────────────────────────────────────────┤
 | 0x000000000000001f | 1           | 27 10 7 4 3 2 2 8 8 10 9 10 2 8 9 17             |
 └────────────────────┴─────────────┴──────────────────────────────────────────────────┘
PC pattern table end
Prefetch buffer begin
 ┌────────────────────┬──────────────────────────────────────────────────────────────────┐
 | Region             | Pattern                                                          |
 ├────────────────────┼──────────────────────────────────────────────────────────────────┤
 | 0x0000000000008ae3 | 2 2 2 2 2 2 2 2 2 2 2 2 2 2 2 2 2 2 2 2 2 2 2 2 2 2 2 2 2 0 0 0  |
 ├────────────────────┼──────────────────────────────────────────────────────────────────┤
 | 0x00000000000049b6 | 2 2 2 2 2 2 0 0 0 0 0 0 0 0 0 0 0 0 0 0 0 0 0 0 0 0 0 0 0 0 0 0  |
 ├────────────────────┼──────────────────────────────────────────────────────────────────┤
 | 0x0000000000008b09 | 2 2 2 2 2 2 2 2 2 2 2 2 2 2 2 2 2 2 2 2 0 0 0 0 0 0 0 0 0 0 0 0  |
 ├────────────────────┼──────────────────────────────────────────────────────────────────┤
 | 0x0000000000001d95 | 2 2 2 2 2 2 2 2 2 2 2 0 0 0 0 0 0 0 0 0 0 0 0 0 0 0 0 0 0 0 0 0  |
 ├────────────────────┼──────────────────────────────────────────────────────────────────┤
 | 0x0000000000008b18 | 2 2 2 2 2 2 2 2 2 2 2 2 2 2 2 2 2 2 2 2 2 2 2 2 0 0 0 0 0 0 0 0  |
 ├────────────────────┼──────────────────────────────────────────────────────────────────┤
 | 0x0000000000002475 | 2 2 2 2 2 2 2 2 2 0 0 0 0 0 0 0 0 0 0 0 0 0 0 0 0 0 0 0 0 0 0 0  |
 ├────────────────────┼──────────────────────────────────────────────────────────────────┤
 | 0x0000000000004a87 | 2 2 2 2 2 2 2 2 2 2 2 2 2 2 2 2 2 2 2 2 0 0 0 0 0 0 0 0 0 0 0 0  |
 ├────────────────────┼──────────────────────────────────────────────────────────────────┤
 | 0x00000000000009c1 | 0 0 0 0 0 0 0 0 0 0 0 0 0 0 0 0 0 0 0 0 0 0 0 0 0 2 2 2 2 2 2 2  |
 ├────────────────────┼──────────────────────────────────────────────────────────────────┤
 | 0x0000000000004ac6 | 2 2 2 2 2 2 0 0 0 0 0 0 0 0 0 0 0 0 0 0 0 0 0 0 0 0 0 0 0 0 0 0  |
 ├────────────────────┼──────────────────────────────────────────────────────────────────┤
 | 0x000000000000a0ab | 2 2 2 2 2 2 2 2 2 2 2 2 2 2 2 2 2 2 2 2 2 2 2 2 2 2 2 2 2 1 1 0  |
 ├────────────────────┼──────────────────────────────────────────────────────────────────┤
 | 0x0000000000004aff | 2 2 2 2 2 2 2 2 2 2 2 2 2 2 2 2 2 2 2 2 2 2 2 2 2 2 2 2 2 2 0 0  |
 ├────────────────────┼──────────────────────────────────────────────────────────────────┤
 | 0x000000000000a3f4 | 2 0 0 0 0 0 0 0 0 0 0 0 0 0 0 0 0 0 0 0 0 0 0 0 0 0 0 0 0 0 0 0  |
 ├────────────────────┼──────────────────────────────────────────────────────────────────┤
 | 0x0000000000008990 | 0 0 0 0 0 0 0 0 0 0 0 0 0 0 0 0 0 0 0 0 0 0 0 0 0 2 2 2 2 2 2 2  |
 ├────────────────────┼──────────────────────────────────────────────────────────────────┤
 | 0x000000000000a392 | 2 2 2 2 2 2 2 2 2 2 2 2 2 2 2 2 2 2 2 2 2 2 2 2 2 2 2 0 0 0 0 0  |
 ├────────────────────┼──────────────────────────────────────────────────────────────────┤
 | 0x0000000000008afa | 2 2 2 2 2 2 2 2 2 2 2 2 2 2 2 2 2 0 0 0 0 0 0 0 0 0 0 0 0 0 0 0  |
 ├────────────────────┼──────────────────────────────────────────────────────────────────┤
 | 0x0000000000004ac4 | 2 2 2 2 2 2 2 2 2 2 2 2 2 2 2 2 2 2 2 2 2 2 2 2 2 2 0 0 0 0 0 0  |
 ├────────────────────┼──────────────────────────────────────────────────────────────────┤
 | 0x0000000000001df5 | 0 0 0 0 0 0 0 0 0 1 1 1 1 1 1 1 1 1 1 1 1 1 1 1 1 2 2 2 2 2 2 2  |
 ├────────────────────┼──────────────────────────────────────────────────────────────────┤
 | 0x0000000000008b36 | 2 2 2 2 2 2 2 2 2 2 2 2 2 2 2 2 2 2 2 2 2 2 2 2 2 2 2 2 2 2 0 0  |
 ├────────────────────┼──────────────────────────────────────────────────────────────────┤
 | 0x000000000000a3b1 | 2 2 2 2 2 2 2 2 2 2 2 2 2 2 2 2 2 2 2 2 2 2 2 2 2 2 2 2 2 2 0 0  |
 ├────────────────────┼──────────────────────────────────────────────────────────────────┤
 | 0x0000000000008b27 | 2 2 2 2 2 2 2 2 2 2 2 2 2 2 2 2 2 2 2 2 2 2 2 0 0 0 0 0 0 0 0 0  |
 ├────────────────────┼──────────────────────────────────────────────────────────────────┤
 | 0x0000000000007646 | 2 2 2 2 2 2 2 2 2 2 2 2 2 2 2 2 2 2 2 2 2 2 2 2 2 2 2 2 2 0 0 0  |
 └────────────────────┴──────────────────────────────────────────────────────────────────┘
Prefetch buffer end
Filter by PPT: 0
cpu0_L2C
Num Con Filled: 0
Num Con Useful: 0 Useless:0 Accuracy: nan
LLC
