41 41 41
Available num physical pages: 35184372088576
WARNING: physical memory size is smaller than virtual memory size

*** ChampSim Multicore Out-of-Order Simulator ***

Warmup Instructions: 5000000
Simulation Instructions: 20000000
Number of CPUs: 1
Page size: 4096

Basic BTB sets: 1024 ways: 8 indirect buffer size: 4096 RAS size: 64
cpu0_L1D PMP prefetcher
Off-chip DRAM Size: 4 GiB Channels: 1 Width: 64-bit Data Rate: 3200 MT/s
Max paddr 8M
Warmup finished CPU 0 instructions: 5000001 cycles: 1281759 cumulative IPC: 3.9009 (Simulation time: 0 hr 2 min 32 sec) 

Warmup complete CPU 0 instructions: 5000001 cycles: 1281759 (Simulation time: 0 hr 2 min 32 sec) 

Heartbeat CPU 0 instructions: 10000002 cycles: 3748495 heartbeat IPC: 2.66774 cumulative IPC: 2.02698 (Simulation time: 0 hr 6 min 38 sec) 
Heartbeat CPU 0 instructions: 20000002 cycles: 9299935 heartbeat IPC: 1.80134 cumulative IPC: 1.87075 (Simulation time: 0 hr 15 min 28 sec) 
Max paddr 10M
Simulation finished CPU 0 instructions: 20000001 cycles: 10957130 cumulative IPC: 1.8253 (Simulation time: 0 hr 18 min 4 sec) 

Simulation complete CPU 0 instructions: 20000001 cycles: 10957130 (Simulation time: 0 hr 18 min 4 sec) 


ChampSim completed all CPUs

[
  {
    "name": "Simulation",
    "traces": [
      "../traces/482.sphinx3-1297B.champsimtrace.xz"
    ],
    "roi": {
      "cores": [
        {
          "instructions": 20000001,
          "cycles": 10957130,
          "Avg ROB occupancy at mispredict": 149.315, 
          "mispredict": {
            "BRANCH_DIRECT_JUMP": 15,
            "BRANCH_INDIRECT": 0,
            "BRANCH_CONDITIONAL": 72065,
            "BRANCH_DIRECT_CALL": 23,
            "BRANCH_INDIRECT_CALL": 2,
            "BRANCH_RETURN": 48
          }
        }
      ],
      "cpu0_L1I": {
        "LOAD": {
          "hit":3841,
          "miss":139
        },
        "RFO": {
          "hit":0,
          "miss":0
        },
        "PREFETCH": {
          "hit":0,
          "miss":0
        },
        "WRITE": {
          "hit":0,
          "miss":0
        },
        "TRANSLATION": {
          "hit":0,
          "miss":0
        },
        "mshr full": 0,
        "prefetch requested": 0,
        "prefetch issued": 0,
        "prefetch filled": 0,
        "prefetch useful": 0,
        "prefetch useless": 0,
        "prefetch late": 0,
        "pf_useful_at_l2_from_l1":          0,
        "pf_late_at_l2_from_l1":          0,
        "pf_useless_at_l2_from_l1":          0,
        "pf_at_l2_to_l1":          0,
        "pf_fill_this_level":          0,
        "miss latency": 8.72168,
        "cache queues": {
          "PQ_ACCESS": 0,
          "PQ_FULL": 0,
          "PQ_TO_CACHE": 0,
          "PQ_MERGED": 0,
          "RQ_ACCESS": 4068,
          "RQ_MERGED": 88,
          "RQ_FULL": 0,
          "WQ_ACCESS": 0,
          "WQ_MERGED": 0,
          "WQ_FULL": 0
        }
      },
      "cpu0_ITLB": {
        "LOAD": {
          "hit":3259,
          "miss":3
        },
        "RFO": {
          "hit":0,
          "miss":0
        },
        "PREFETCH": {
          "hit":0,
          "miss":0
        },
        "WRITE": {
          "hit":0,
          "miss":0
        },
        "TRANSLATION": {
          "hit":0,
          "miss":0
        },
        "mshr full": 0,
        "prefetch requested": 0,
        "prefetch issued": 0,
        "prefetch filled": 0,
        "prefetch useful": 0,
        "prefetch useless": 0,
        "prefetch late": 0,
        "pf_useful_at_l2_from_l1":          0,
        "pf_late_at_l2_from_l1":          0,
        "pf_useless_at_l2_from_l1":          0,
        "pf_at_l2_to_l1":          0,
        "pf_fill_this_level":          0,
        "miss latency": 21.2917,
        "cache queues": {
          "PQ_ACCESS": 0,
          "PQ_FULL": 0,
          "PQ_TO_CACHE": 0,
          "PQ_MERGED": 0,
          "RQ_ACCESS": 3262,
          "RQ_MERGED": 0,
          "RQ_FULL": 0,
          "WQ_ACCESS": 0,
          "WQ_MERGED": 0,
          "WQ_FULL": 0
        }
      },
      "cpu0_DTLB": {
        "LOAD": {
          "hit":5380998,
          "miss":124322
        },
        "RFO": {
          "hit":0,
          "miss":0
        },
        "PREFETCH": {
          "hit":0,
          "miss":0
        },
        "WRITE": {
          "hit":0,
          "miss":0
        },
        "TRANSLATION": {
          "hit":0,
          "miss":0
        },
        "mshr full": 182,
        "prefetch requested": 0,
        "prefetch issued": 0,
        "prefetch filled": 0,
        "prefetch useful": 0,
        "prefetch useless": 0,
        "prefetch late": 0,
        "pf_useful_at_l2_from_l1":          0,
        "pf_late_at_l2_from_l1":          0,
        "pf_useless_at_l2_from_l1":          0,
        "pf_at_l2_to_l1":          0,
        "pf_fill_this_level":          0,
        "miss latency": 0.725027,
        "cache queues": {
          "PQ_ACCESS": 0,
          "PQ_FULL": 0,
          "PQ_TO_CACHE": 0,
          "PQ_MERGED": 0,
          "RQ_ACCESS": 5513026,
          "RQ_MERGED": 0,
          "RQ_FULL": 7706,
          "WQ_ACCESS": 0,
          "WQ_MERGED": 0,
          "WQ_FULL": 0
        }
      },
      "cpu0_STLB": {
        "LOAD": {
          "hit":12939,
          "miss":8507
        },
        "RFO": {
          "hit":0,
          "miss":0
        },
        "PREFETCH": {
          "hit":0,
          "miss":0
        },
        "WRITE": {
          "hit":0,
          "miss":0
        },
        "TRANSLATION": {
          "hit":0,
          "miss":0
        },
        "mshr full": 0,
        "prefetch requested": 0,
        "prefetch issued": 0,
        "prefetch filled": 0,
        "prefetch useful": 0,
        "prefetch useless": 0,
        "prefetch late": 0,
        "pf_useful_at_l2_from_l1":          0,
        "pf_late_at_l2_from_l1":          0,
        "pf_useless_at_l2_from_l1":          0,
        "pf_at_l2_to_l1":          0,
        "pf_fill_this_level":          0,
        "miss latency": 9.26529,
        "cache queues": {
          "PQ_ACCESS": 0,
          "PQ_FULL": 0,
          "PQ_TO_CACHE": 0,
          "PQ_MERGED": 0,
          "RQ_ACCESS": 21446,
          "RQ_MERGED": 0,
          "RQ_FULL": 0,
          "WQ_ACCESS": 0,
          "WQ_MERGED": 0,
          "WQ_FULL": 0
        }
      },
      "cpu0_L1D": {
        "LOAD": {
          "hit":4345441,
          "miss":669186
        },
        "RFO": {
          "hit":0,
          "miss":0
        },
        "PREFETCH": {
          "hit":27425,
          "miss":289114
        },
        "WRITE": {
          "hit":309982,
          "miss":168388
        },
        "TRANSLATION": {
          "hit":3320,
          "miss":4917
        },
        "mshr full": 497157,
        "prefetch requested": 316548,
        "prefetch issued": 316548,
        "prefetch filled": 164736,
        "prefetch useful": 160620,
        "prefetch useless": 13538,
        "prefetch late": 9442,
        "pf_useful_at_l2_from_l1":          0,
        "pf_late_at_l2_from_l1":          0,
        "pf_useless_at_l2_from_l1":          0,
        "pf_at_l2_to_l1":          0,
        "pf_fill_this_level":     164736,
        "miss latency": 4.60224,
        "cache queues": {
          "PQ_ACCESS": 316548,
          "PQ_FULL": 0,
          "PQ_TO_CACHE": 316548,
          "PQ_MERGED": 8,
          "RQ_ACCESS": 5137638,
          "RQ_MERGED": 14094,
          "RQ_FULL": 108912,
          "WQ_ACCESS": 507343,
          "WQ_MERGED": 3,
          "WQ_FULL": 28970
        }
      },
      "cpu0_L2C": {
        "LOAD": {
          "hit":49559,
          "miss":61993
        },
        "RFO": {
          "hit":2013,
          "miss":22419
        },
        "PREFETCH": {
          "hit":50073,
          "miss":233812
        },
        "WRITE": {
          "hit":29555,
          "miss":0
        },
        "TRANSLATION": {
          "hit":1914,
          "miss":3003
        },
        "mshr full": 145816,
        "prefetch requested": 0,
        "prefetch issued": 0,
        "prefetch filled": 229732,
        "prefetch useful": 0,
        "prefetch useless": 0,
        "prefetch late": 0,
        "pf_useful_at_l2_from_l1":      23418,
        "pf_late_at_l2_from_l1":       4007,
        "pf_useless_at_l2_from_l1":      53924,
        "pf_at_l2_to_l1":        608,
        "pf_fill_this_level":      71554,
        "miss latency": 39.2982,
        "cache queues": {
          "PQ_ACCESS": 307628,
          "PQ_FULL": 23741,
          "PQ_TO_CACHE": 283887,
          "PQ_MERGED": 0,
          "RQ_ACCESS": 140901,
          "RQ_MERGED": 0,
          "RQ_FULL": 0,
          "WQ_ACCESS": 29581,
          "WQ_MERGED": 0,
          "WQ_FULL": 0
        }
      },
      "LLC": {
        "LOAD": {
          "hit": [6886],
          "miss": [51101]
        },
        "RFO": {
          "hit": [3779],
          "miss": [18639]
        },
        "PREFETCH": {
          "hit": [9008],
          "miss": [224731]
        },
        "WRITE": {
          "hit": [11849],
          "miss": [0]
        },
        "TRANSLATION": {
          "hit": [294],
          "miss": [2709]
        },
        "mshr full": 0,
        "prefetch requested": 0,
        "prefetch issued": 0,
        "prefetch filled": 224731,
        "prefetch useful": 0,
        "prefetch useless": 0,
        "prefetch late": 0,
        "pf_useful_at_l2_from_l1":          0,
        "pf_late_at_l2_from_l1":          0,
        "pf_useless_at_l2_from_l1":          0,
        "pf_at_l2_to_l1":        991,
        "pf_fill_this_level":          0,
        "miss latency": 41.2017,
        "cache queues": {
          "PQ_ACCESS": 233739,
          "PQ_FULL": 0,
          "PQ_TO_CACHE": 233739,
          "PQ_MERGED": 0,
          "RQ_ACCESS": 83408,
          "RQ_MERGED": 0,
          "RQ_FULL": 0,
          "WQ_ACCESS": 11853,
          "WQ_MERGED": 0,
          "WQ_FULL": 0
        }
      },
      "DRAM": [
        {
          "RQ ROW_BUFFER_HIT": 220661,
          "RQ ROW_BUFFER_MISS": 76393,
          "PQ FULL": 0,
          "WQ ROW_BUFFER_HIT": 1261,
          "WQ ROW_BUFFER_MISS": 4110,
          "WQ FULL": 0,
          "AVG DBUS CONGESTED CYCLE": 3.96376
        }
      ]

    },
    "sim": {
      "cores": [
        {
          "instructions": 20000001,
          "cycles": 10957130,
          "Avg ROB occupancy at mispredict": 149.315, 
          "mispredict": {
            "BRANCH_DIRECT_JUMP": 15,
            "BRANCH_INDIRECT": 0,
            "BRANCH_CONDITIONAL": 72065,
            "BRANCH_DIRECT_CALL": 23,
            "BRANCH_INDIRECT_CALL": 2,
            "BRANCH_RETURN": 48
          }
        }
      ],
      "cpu0_L1I": {
        "LOAD": {
          "hit":3841,
          "miss":139
        },
        "RFO": {
          "hit":0,
          "miss":0
        },
        "PREFETCH": {
          "hit":0,
          "miss":0
        },
        "WRITE": {
          "hit":0,
          "miss":0
        },
        "TRANSLATION": {
          "hit":0,
          "miss":0
        },
        "mshr full": 0,
        "prefetch requested": 0,
        "prefetch issued": 0,
        "prefetch filled": 0,
        "prefetch useful": 0,
        "prefetch useless": 0,
        "prefetch late": 0,
        "pf_useful_at_l2_from_l1":          0,
        "pf_late_at_l2_from_l1":          0,
        "pf_useless_at_l2_from_l1":          0,
        "pf_at_l2_to_l1":          0,
        "pf_fill_this_level":          0,
        "miss latency": 8.72168,
        "cache queues": {
          "PQ_ACCESS": 0,
          "PQ_FULL": 0,
          "PQ_TO_CACHE": 0,
          "PQ_MERGED": 0,
          "RQ_ACCESS": 4068,
          "RQ_MERGED": 88,
          "RQ_FULL": 0,
          "WQ_ACCESS": 0,
          "WQ_MERGED": 0,
          "WQ_FULL": 0
        }
      },
      "cpu0_ITLB": {
        "LOAD": {
          "hit":3259,
          "miss":3
        },
        "RFO": {
          "hit":0,
          "miss":0
        },
        "PREFETCH": {
          "hit":0,
          "miss":0
        },
        "WRITE": {
          "hit":0,
          "miss":0
        },
        "TRANSLATION": {
          "hit":0,
          "miss":0
        },
        "mshr full": 0,
        "prefetch requested": 0,
        "prefetch issued": 0,
        "prefetch filled": 0,
        "prefetch useful": 0,
        "prefetch useless": 0,
        "prefetch late": 0,
        "pf_useful_at_l2_from_l1":          0,
        "pf_late_at_l2_from_l1":          0,
        "pf_useless_at_l2_from_l1":          0,
        "pf_at_l2_to_l1":          0,
        "pf_fill_this_level":          0,
        "miss latency": 21.2917,
        "cache queues": {
          "PQ_ACCESS": 0,
          "PQ_FULL": 0,
          "PQ_TO_CACHE": 0,
          "PQ_MERGED": 0,
          "RQ_ACCESS": 3262,
          "RQ_MERGED": 0,
          "RQ_FULL": 0,
          "WQ_ACCESS": 0,
          "WQ_MERGED": 0,
          "WQ_FULL": 0
        }
      },
      "cpu0_DTLB": {
        "LOAD": {
          "hit":5380998,
          "miss":124322
        },
        "RFO": {
          "hit":0,
          "miss":0
        },
        "PREFETCH": {
          "hit":0,
          "miss":0
        },
        "WRITE": {
          "hit":0,
          "miss":0
        },
        "TRANSLATION": {
          "hit":0,
          "miss":0
        },
        "mshr full": 182,
        "prefetch requested": 0,
        "prefetch issued": 0,
        "prefetch filled": 0,
        "prefetch useful": 0,
        "prefetch useless": 0,
        "prefetch late": 0,
        "pf_useful_at_l2_from_l1":          0,
        "pf_late_at_l2_from_l1":          0,
        "pf_useless_at_l2_from_l1":          0,
        "pf_at_l2_to_l1":          0,
        "pf_fill_this_level":          0,
        "miss latency": 0.725027,
        "cache queues": {
          "PQ_ACCESS": 0,
          "PQ_FULL": 0,
          "PQ_TO_CACHE": 0,
          "PQ_MERGED": 0,
          "RQ_ACCESS": 5513026,
          "RQ_MERGED": 0,
          "RQ_FULL": 7706,
          "WQ_ACCESS": 0,
          "WQ_MERGED": 0,
          "WQ_FULL": 0
        }
      },
      "cpu0_STLB": {
        "LOAD": {
          "hit":12939,
          "miss":8507
        },
        "RFO": {
          "hit":0,
          "miss":0
        },
        "PREFETCH": {
          "hit":0,
          "miss":0
        },
        "WRITE": {
          "hit":0,
          "miss":0
        },
        "TRANSLATION": {
          "hit":0,
          "miss":0
        },
        "mshr full": 0,
        "prefetch requested": 0,
        "prefetch issued": 0,
        "prefetch filled": 0,
        "prefetch useful": 0,
        "prefetch useless": 0,
        "prefetch late": 0,
        "pf_useful_at_l2_from_l1":          0,
        "pf_late_at_l2_from_l1":          0,
        "pf_useless_at_l2_from_l1":          0,
        "pf_at_l2_to_l1":          0,
        "pf_fill_this_level":          0,
        "miss latency": 9.26529,
        "cache queues": {
          "PQ_ACCESS": 0,
          "PQ_FULL": 0,
          "PQ_TO_CACHE": 0,
          "PQ_MERGED": 0,
          "RQ_ACCESS": 21446,
          "RQ_MERGED": 0,
          "RQ_FULL": 0,
          "WQ_ACCESS": 0,
          "WQ_MERGED": 0,
          "WQ_FULL": 0
        }
      },
      "cpu0_L1D": {
        "LOAD": {
          "hit":4345441,
          "miss":669186
        },
        "RFO": {
          "hit":0,
          "miss":0
        },
        "PREFETCH": {
          "hit":27425,
          "miss":289114
        },
        "WRITE": {
          "hit":309982,
          "miss":168388
        },
        "TRANSLATION": {
          "hit":3320,
          "miss":4917
        },
        "mshr full": 497157,
        "prefetch requested": 316548,
        "prefetch issued": 316548,
        "prefetch filled": 164736,
        "prefetch useful": 160620,
        "prefetch useless": 13538,
        "prefetch late": 9442,
        "pf_useful_at_l2_from_l1":          0,
        "pf_late_at_l2_from_l1":          0,
        "pf_useless_at_l2_from_l1":          0,
        "pf_at_l2_to_l1":          0,
        "pf_fill_this_level":     164736,
        "miss latency": 4.60224,
        "cache queues": {
          "PQ_ACCESS": 316548,
          "PQ_FULL": 0,
          "PQ_TO_CACHE": 316548,
          "PQ_MERGED": 8,
          "RQ_ACCESS": 5137638,
          "RQ_MERGED": 14094,
          "RQ_FULL": 108912,
          "WQ_ACCESS": 507343,
          "WQ_MERGED": 3,
          "WQ_FULL": 28970
        }
      },
      "cpu0_L2C": {
        "LOAD": {
          "hit":49559,
          "miss":61993
        },
        "RFO": {
          "hit":2013,
          "miss":22419
        },
        "PREFETCH": {
          "hit":50073,
          "miss":233812
        },
        "WRITE": {
          "hit":29555,
          "miss":0
        },
        "TRANSLATION": {
          "hit":1914,
          "miss":3003
        },
        "mshr full": 145816,
        "prefetch requested": 0,
        "prefetch issued": 0,
        "prefetch filled": 229732,
        "prefetch useful": 0,
        "prefetch useless": 0,
        "prefetch late": 0,
        "pf_useful_at_l2_from_l1":      23418,
        "pf_late_at_l2_from_l1":       4007,
        "pf_useless_at_l2_from_l1":      53924,
        "pf_at_l2_to_l1":        608,
        "pf_fill_this_level":      71554,
        "miss latency": 39.2982,
        "cache queues": {
          "PQ_ACCESS": 307628,
          "PQ_FULL": 23741,
          "PQ_TO_CACHE": 283887,
          "PQ_MERGED": 0,
          "RQ_ACCESS": 140901,
          "RQ_MERGED": 0,
          "RQ_FULL": 0,
          "WQ_ACCESS": 29581,
          "WQ_MERGED": 0,
          "WQ_FULL": 0
        }
      },
      "LLC": {
        "LOAD": {
          "hit": [6886],
          "miss": [51101]
        },
        "RFO": {
          "hit": [3779],
          "miss": [18639]
        },
        "PREFETCH": {
          "hit": [9008],
          "miss": [224731]
        },
        "WRITE": {
          "hit": [11849],
          "miss": [0]
        },
        "TRANSLATION": {
          "hit": [294],
          "miss": [2709]
        },
        "mshr full": 0,
        "prefetch requested": 0,
        "prefetch issued": 0,
        "prefetch filled": 224731,
        "prefetch useful": 0,
        "prefetch useless": 0,
        "prefetch late": 0,
        "pf_useful_at_l2_from_l1":          0,
        "pf_late_at_l2_from_l1":          0,
        "pf_useless_at_l2_from_l1":          0,
        "pf_at_l2_to_l1":        991,
        "pf_fill_this_level":          0,
        "miss latency": 41.2017,
        "cache queues": {
          "PQ_ACCESS": 233739,
          "PQ_FULL": 0,
          "PQ_TO_CACHE": 233739,
          "PQ_MERGED": 0,
          "RQ_ACCESS": 83408,
          "RQ_MERGED": 0,
          "RQ_FULL": 0,
          "WQ_ACCESS": 11853,
          "WQ_MERGED": 0,
          "WQ_FULL": 0
        }
      },
      "DRAM": [
        {
          "RQ ROW_BUFFER_HIT": 220661,
          "RQ ROW_BUFFER_MISS": 76393,
          "PQ FULL": 0,
          "WQ ROW_BUFFER_HIT": 1261,
          "WQ ROW_BUFFER_MISS": 4110,
          "WQ FULL": 0,
          "AVG DBUS CONGESTED CYCLE": 3.96376
        }
      ]

    }
  }
]
cpu0_ITLB
cpu0_DTLB
cpu0_STLB
Prefetch Request to L1: 180827, Prefetch Request to L2: 135721
Invalid by Eviction: 22223
Invalid by Max: 20390
Filter table begin
 ┌────────────────────┬─────────────┐
 | Region             | Offset      |
 ├────────────────────┼─────────────┤
 | 0x0000000000000c47 | 30          |
 ├────────────────────┼─────────────┤
 | 0x0000000000001570 | 13          |
 ├────────────────────┼─────────────┤
 | 0x0000000000000dec | 31          |
 ├────────────────────┼─────────────┤
 | 0x0000000000000cde | 31          |
 ├────────────────────┼─────────────┤
 | 0x0000000000000c39 | 30          |
 ├────────────────────┼─────────────┤
 | 0x0000000000000bae | 9           |
 ├────────────────────┼─────────────┤
 | 0x00000000000011d5 | 22          |
 ├────────────────────┼─────────────┤
 | 0x00000000000011e3 | 29          |
 ├────────────────────┼─────────────┤
 | 0x0000000000000c8c | 5           |
 ├────────────────────┼─────────────┤
 | 0x0000000000000ce0 | 9           |
 ├────────────────────┼─────────────┤
 | 0x0000000000001201 | 13          |
 ├────────────────────┼─────────────┤
 | 0x0000000000000b82 | 19          |
 ├────────────────────┼─────────────┤
 | 0x0000000000000c29 | 9           |
 ├────────────────────┼─────────────┤
 | 0x0000000000000c3b | 29          |
 ├────────────────────┼─────────────┤
 | 0x0000000000001202 | 21          |
 ├────────────────────┼─────────────┤
 | 0x00000000000011e1 | 29          |
 ├────────────────────┼─────────────┤
 | 0x0000000000000c95 | 3           |
 ├────────────────────┼─────────────┤
 | 0x0000000000000d25 | 16          |
 ├────────────────────┼─────────────┤
 | 0x0000000000000caa | 8           |
 ├────────────────────┼─────────────┤
 | 0x0000000000000bf0 | 21          |
 ├────────────────────┼─────────────┤
 | 0x0000000000000bcf | 21          |
 ├────────────────────┼─────────────┤
 | 0x00000000000011f4 | 31          |
 ├────────────────────┼─────────────┤
 | 0x0000000000000f85 | 31          |
 ├────────────────────┼─────────────┤
 | 0x00000000000011c2 | 13          |
 ├────────────────────┼─────────────┤
 | 0x0000000000000c51 | 20          |
 ├────────────────────┼─────────────┤
 | 0x0000000000000c34 | 20          |
 ├────────────────────┼─────────────┤
 | 0x0000000000000c27 | 22          |
 ├────────────────────┼─────────────┤
 | 0x0000000000000ce4 | 6           |
 ├────────────────────┼─────────────┤
 | 0x000000000000156e | 16          |
 ├────────────────────┼─────────────┤
 | 0x0000000000000bfb | 29          |
 ├────────────────────┼─────────────┤
 | 0x0000000000000c53 | 23          |
 ├────────────────────┼─────────────┤
 | 0x0000000000000b85 | 20          |
 ├────────────────────┼─────────────┤
 | 0x0000000000000df8 | 3           |
 ├────────────────────┼─────────────┤
 | 0x0000000000000bd7 | 7           |
 ├────────────────────┼─────────────┤
 | 0x0000000000000cae | 2           |
 ├────────────────────┼─────────────┤
 | 0x00000000000011fe | 27          |
 ├────────────────────┼─────────────┤
 | 0x00000000000002c5 | 22          |
 ├────────────────────┼─────────────┤
 | 0x00000000000011bf | 26          |
 └────────────────────┴─────────────┘
Filter table end
Accumulation table begin
 ┌────────────────────┬─────────────┬─────────────┬──────────────────────────────────────────────────────────────────┐
 | Region             | Offset      | Second      | Pattern                                                          |
 ├────────────────────┼─────────────┼─────────────┼──────────────────────────────────────────────────────────────────┤
 | 0x0000000000001001 | 0           | 1           | 1 1 1 1 1 1 1 1 1 1 1 1 1 1 1 1 1 0 0 0 0 0 0 0 0 0 0 0 0 0 0 0  |
 ├────────────────────┼─────────────┼─────────────┼──────────────────────────────────────────────────────────────────┤
 | 0x0000000000000f84 | 26          | 27          | 0 0 0 0 0 0 0 0 0 0 0 0 0 0 0 0 0 0 0 0 0 0 0 0 0 0 1 1 1 1 1 1  |
 ├────────────────────┼─────────────┼─────────────┼──────────────────────────────────────────────────────────────────┤
 | 0x000000000000102a | 0           | 1           | 1 1 1 1 1 1 1 1 1 1 1 1 1 1 1 1 1 1 1 1 1 1 1 1 1 1 1 1 1 0 0 0  |
 ├────────────────────┼─────────────┼─────────────┼──────────────────────────────────────────────────────────────────┤
 | 0x000000000000102c | 0           | 1           | 1 1 1 1 1 1 1 1 1 1 1 1 1 1 1 1 1 1 1 1 1 1 1 1 1 1 1 1 1 0 0 0  |
 ├────────────────────┼─────────────┼─────────────┼──────────────────────────────────────────────────────────────────┤
 | 0x000000000000101c | 0           | 1           | 1 1 1 1 1 1 1 1 1 1 1 1 1 1 1 1 1 1 1 1 1 1 1 1 1 1 1 1 1 1 1 1  |
 ├────────────────────┼─────────────┼─────────────┼──────────────────────────────────────────────────────────────────┤
 | 0x0000000000001013 | 0           | 1           | 1 1 1 1 1 1 1 1 1 1 1 1 1 1 1 1 1 1 1 1 1 1 1 1 0 0 0 0 0 0 0 0  |
 ├────────────────────┼─────────────┼─────────────┼──────────────────────────────────────────────────────────────────┤
 | 0x0000000000001020 | 0           | 1           | 1 1 1 1 1 1 1 1 1 1 1 1 1 1 1 1 1 1 1 1 1 1 1 1 1 1 1 1 1 1 1 1  |
 ├────────────────────┼─────────────┼─────────────┼──────────────────────────────────────────────────────────────────┤
 | 0x000000000000101a | 0           | 1           | 1 1 1 1 1 1 1 1 1 1 1 1 1 1 1 1 1 1 1 1 1 1 1 1 1 1 1 1 1 1 1 1  |
 ├────────────────────┼─────────────┼─────────────┼──────────────────────────────────────────────────────────────────┤
 | 0x0000000000001029 | 0           | 1           | 1 1 1 1 1 1 1 1 1 1 1 1 1 1 1 1 1 1 1 1 1 1 1 1 1 1 1 1 1 1 1 1  |
 ├────────────────────┼─────────────┼─────────────┼──────────────────────────────────────────────────────────────────┤
 | 0x0000000000000fc3 | 26          | 27          | 0 0 0 0 0 0 0 0 0 0 0 0 0 0 0 0 0 0 0 0 0 0 0 0 0 0 1 1 1 1 1 1  |
 ├────────────────────┼─────────────┼─────────────┼──────────────────────────────────────────────────────────────────┤
 | 0x000000000000101f | 0           | 1           | 1 1 1 1 1 1 1 1 1 1 1 1 1 1 1 1 1 1 1 1 1 1 1 1 1 1 1 1 1 1 1 1  |
 ├────────────────────┼─────────────┼─────────────┼──────────────────────────────────────────────────────────────────┤
 | 0x0000000000001015 | 0           | 1           | 1 1 1 1 1 1 1 1 1 1 1 1 1 1 1 1 1 1 1 1 1 1 1 1 0 0 0 0 0 0 0 0  |
 ├────────────────────┼─────────────┼─────────────┼──────────────────────────────────────────────────────────────────┤
 | 0x0000000000001023 | 0           | 1           | 1 1 1 1 1 1 1 1 1 1 1 1 1 1 1 1 1 1 1 1 1 1 1 1 1 1 1 1 1 1 1 1  |
 ├────────────────────┼─────────────┼─────────────┼──────────────────────────────────────────────────────────────────┤
 | 0x0000000000001025 | 0           | 1           | 1 1 1 1 1 1 1 1 1 1 1 1 1 1 1 1 1 1 1 1 1 1 1 1 1 1 1 1 1 1 1 1  |
 ├────────────────────┼─────────────┼─────────────┼──────────────────────────────────────────────────────────────────┤
 | 0x0000000000001026 | 0           | 1           | 1 1 1 1 1 1 1 1 1 1 1 1 1 1 1 1 1 1 1 1 1 1 1 1 1 1 1 1 1 1 1 1  |
 ├────────────────────┼─────────────┼─────────────┼──────────────────────────────────────────────────────────────────┤
 | 0x0000000000000214 | 26          | 25          | 0 0 0 0 0 0 0 0 0 0 0 0 0 0 0 0 0 0 0 0 0 0 0 0 0 1 1 1 1 0 1 0  |
 ├────────────────────┼─────────────┼─────────────┼──────────────────────────────────────────────────────────────────┤
 | 0x0000000000001021 | 0           | 1           | 1 1 1 1 1 1 1 1 1 1 1 1 1 1 1 1 1 1 1 1 1 1 1 1 1 1 1 1 1 1 1 1  |
 ├────────────────────┼─────────────┼─────────────┼──────────────────────────────────────────────────────────────────┤
 | 0x000000000000101b | 0           | 1           | 1 1 1 1 1 1 1 1 1 1 1 1 1 1 1 1 1 1 1 1 1 1 1 1 1 1 1 1 1 1 1 1  |
 ├────────────────────┼─────────────┼─────────────┼──────────────────────────────────────────────────────────────────┤
 | 0x000000000000101d | 0           | 1           | 1 1 1 1 1 1 1 1 1 1 1 1 1 1 1 1 1 1 1 1 1 1 1 1 1 1 1 1 1 1 1 1  |
 ├────────────────────┼─────────────┼─────────────┼──────────────────────────────────────────────────────────────────┤
 | 0x0000000000001028 | 0           | 1           | 1 1 1 1 1 1 1 1 1 1 1 1 1 1 1 1 1 1 1 1 1 1 1 1 1 1 1 1 1 1 1 1  |
 ├────────────────────┼─────────────┼─────────────┼──────────────────────────────────────────────────────────────────┤
 | 0x0000000000001022 | 0           | 1           | 1 1 1 1 1 1 1 1 1 1 1 1 1 1 1 1 1 1 1 1 1 1 1 1 1 1 1 1 1 1 1 1  |
 ├────────────────────┼─────────────┼─────────────┼──────────────────────────────────────────────────────────────────┤
 | 0x0000000000001027 | 0           | 1           | 1 1 1 1 1 1 1 1 1 1 1 1 1 1 1 1 1 1 1 1 1 1 1 1 1 1 1 1 1 1 1 1  |
 ├────────────────────┼─────────────┼─────────────┼──────────────────────────────────────────────────────────────────┤
 | 0x000000000000101e | 0           | 1           | 1 1 1 1 1 1 1 1 1 1 1 1 1 1 1 1 1 1 1 1 1 1 1 1 1 1 1 1 1 1 1 1  |
 ├────────────────────┼─────────────┼─────────────┼──────────────────────────────────────────────────────────────────┤
 | 0x0000000000001024 | 0           | 1           | 1 1 1 1 1 1 1 1 1 1 1 1 1 1 1 1 1 1 1 1 1 1 1 1 1 1 1 1 1 1 1 1  |
 └────────────────────┴─────────────┴─────────────┴──────────────────────────────────────────────────────────────────┘
Accumulation table end
Offset pattern table begin
 ┌────────────────────┬─────────────┬──────────────────────────────────────────────────────────────────────────────────────────────────┐
 | Key                | Second      | Pattern                                                                                          |
 ├────────────────────┼─────────────┼──────────────────────────────────────────────────────────────────────────────────────────────────┤
 | 0x0000000000000000 | 1           | 25 24 24 24 24 24 24 24 24 24 24 24 24 24 24 24 24 24 24 24 24 24 24 24 24 24 24 24 24 24 24 24  |
 ├────────────────────┼─────────────┼──────────────────────────────────────────────────────────────────────────────────────────────────┤
 | 0x0000000000000001 | 2           | 29 19 19 17 17 16 17 15 14 15 16 15 17 18 16 15 15 16 16 15 15 17 15 14 16 14 15 14 15 15 15 17  |
 ├────────────────────┼─────────────┼──────────────────────────────────────────────────────────────────────────────────────────────────┤
 | 0x0000000000000002 | 20          | 19 9 8 7 7 6 7 6 5 5 5 5 5 6 6 5 5 6 5 6 6 5 5 5 4 6 6 4 4 4 5 10                                |
 ├────────────────────┼─────────────┼──────────────────────────────────────────────────────────────────────────────────────────────────┤
 | 0x0000000000000003 | 8           | 27 9 4 7 3 2 1 1 3 3 2 2 5 4 4 4 2 2 3 3 3 3 2 1 4 3 2 1 2 1 3 7                                 |
 ├────────────────────┼─────────────┼──────────────────────────────────────────────────────────────────────────────────────────────────┤
 | 0x0000000000000004 | 28          | 16 6 4 2 3 4 2 3 3 2 2 3 2 4 2 2 2 2 2 3 3 2 3 4 3 3 4 3 1 0 0 3                                 |
 ├────────────────────┼─────────────┼──────────────────────────────────────────────────────────────────────────────────────────────────┤
 | 0x0000000000000005 | 4           | 25 7 3 5 3 4 2 3 3 2 3 2 2 3 5 2 4 3 2 2 3 2 3 2 2 3 2 0 0 1 0 6                                 |
 ├────────────────────┼─────────────┼──────────────────────────────────────────────────────────────────────────────────────────────────┤
 | 0x0000000000000006 | 8           | 16 5 2 2 0 1 1 1 2 2 0 0 0 0 0 0 0 1 0 0 1 1 2 1 0 1 0 0 0 0 0 3                                 |
 ├────────────────────┼─────────────┼──────────────────────────────────────────────────────────────────────────────────────────────────┤
 | 0x0000000000000007 | 8           | 24 3 2 2 2 2 1 5 1 2 2 2 2 3 3 2 3 1 1 3 1 1 3 2 4 0 0 0 0 0 0 8                                 |
 ├────────────────────┼─────────────┼──────────────────────────────────────────────────────────────────────────────────────────────────┤
 | 0x0000000000000008 | 9           | 23 7 3 4 2 1 2 3 0 1 0 1 1 0 0 1 0 1 2 2 1 1 1 0 0 0 0 1 0 0 0 5                                 |
 ├────────────────────┼─────────────┼──────────────────────────────────────────────────────────────────────────────────────────────────┤
 | 0x0000000000000009 | 10          | 30 6 3 1 1 1 0 2 1 1 2 1 3 1 1 1 1 1 1 4 0 0 1 0 1 0 1 0 0 0 1 11                                |
 ├────────────────────┼─────────────┼──────────────────────────────────────────────────────────────────────────────────────────────────┤
 | 0x000000000000000a | 11          | 31 8 3 2 2 2 1 0 2 1 1 1 1 1 0 1 0 0 2 3 1 0 0 1 2 1 2 0 0 0 1 10                                |
 ├────────────────────┼─────────────┼──────────────────────────────────────────────────────────────────────────────────────────────────┤
 | 0x000000000000000b | 10          | 25 5 4 2 0 2 3 1 1 0 0 1 1 0 1 0 0 0 0 0 0 0 1 0 0 0 0 0 0 2 0 11                                |
 ├────────────────────┼─────────────┼──────────────────────────────────────────────────────────────────────────────────────────────────┤
 | 0x000000000000000c | 9           | 31 11 5 4 2 3 1 2 1 2 3 2 2 1 1 1 1 2 3 2 0 1 0 0 0 0 0 0 0 0 2 10                               |
 ├────────────────────┼─────────────┼──────────────────────────────────────────────────────────────────────────────────────────────────┤
 | 0x000000000000000d | 14          | 18 5 3 3 2 1 1 1 0 1 1 1 1 0 1 1 1 0 0 0 1 1 0 0 0 0 0 0 0 0 0 5                                 |
 ├────────────────────┼─────────────┼──────────────────────────────────────────────────────────────────────────────────────────────────┤
 | 0x000000000000000e | 10          | 18 6 2 3 2 3 1 1 1 1 1 0 1 0 0 0 0 0 0 0 0 0 0 1 0 0 0 0 0 0 0 5                                 |
 ├────────────────────┼─────────────┼──────────────────────────────────────────────────────────────────────────────────────────────────┤
 | 0x000000000000000f | 18          | 23 7 4 2 0 2 1 1 1 0 0 0 0 2 1 1 1 1 0 1 0 0 0 0 0 0 0 0 0 0 1 10                                |
 ├────────────────────┼─────────────┼──────────────────────────────────────────────────────────────────────────────────────────────────┤
 | 0x0000000000000010 | 17          | 19 7 2 1 2 0 0 1 0 0 0 0 1 1 1 0 2 0 0 0 0 0 0 0 0 1 0 0 0 0 0 7                                 |
 ├────────────────────┼─────────────┼──────────────────────────────────────────────────────────────────────────────────────────────────┤
 | 0x0000000000000011 | 27          | 31 9 5 3 2 1 3 1 1 1 1 1 1 0 2 2 1 0 0 0 1 1 1 1 2 0 0 0 1 0 0 11                                |
 ├────────────────────┼─────────────┼──────────────────────────────────────────────────────────────────────────────────────────────────┤
 | 0x0000000000000012 | 17          | 30 9 4 4 3 2 2 3 2 3 3 2 4 2 2 0 2 0 1 2 2 0 0 1 1 0 0 0 0 1 0 9                                 |
 ├────────────────────┼─────────────┼──────────────────────────────────────────────────────────────────────────────────────────────────┤
 | 0x0000000000000013 | 25          | 27 4 1 0 0 0 0 1 0 0 0 1 0 3 1 0 0 1 3 2 0 1 2 1 0 0 0 0 0 0 0 10                                |
 ├────────────────────┼─────────────┼──────────────────────────────────────────────────────────────────────────────────────────────────┤
 | 0x0000000000000014 | 22          | 31 5 2 2 0 2 0 0 1 0 1 3 0 1 1 0 0 0 1 3 1 3 1 0 1 0 0 0 0 0 0 9                                 |
 ├────────────────────┼─────────────┼──────────────────────────────────────────────────────────────────────────────────────────────────┤
 | 0x0000000000000015 | 22          | 29 16 14 13 13 13 0 1 1 0 0 1 1 1 1 0 0 0 0 2 1 0 0 0 0 0 0 1 0 0 0 5                            |
 ├────────────────────┼─────────────┼──────────────────────────────────────────────────────────────────────────────────────────────────┤
 | 0x0000000000000016 | 21          | 22 3 0 0 0 1 0 1 0 1 0 2 0 1 1 0 0 1 0 0 0 0 1 0 0 0 0 0 0 0 0 8                                 |
 ├────────────────────┼─────────────┼──────────────────────────────────────────────────────────────────────────────────────────────────┤
 | 0x0000000000000017 | 24          | 18 3 4 2 1 1 1 1 2 0 0 1 0 2 1 0 0 0 0 0 0 1 0 0 0 0 0 0 0 0 0 6                                 |
 ├────────────────────┼─────────────┼──────────────────────────────────────────────────────────────────────────────────────────────────┤
 | 0x0000000000000018 | 25          | 25 6 6 4 3 3 2 4 1 0 0 0 0 1 1 1 1 2 1 3 1 0 0 0 0 0 0 0 0 0 0 7                                 |
 ├────────────────────┼─────────────┼──────────────────────────────────────────────────────────────────────────────────────────────────┤
 | 0x0000000000000019 | 26          | 23 5 2 1 1 1 0 0 0 0 0 1 0 0 1 1 1 0 1 5 3 0 2 2 1 0 0 1 0 0 0 5                                 |
 ├────────────────────┼─────────────┼──────────────────────────────────────────────────────────────────────────────────────────────────┤
 | 0x000000000000001a | 27          | 19 9 7 7 7 7 0 0 1 0 0 1 0 0 0 0 1 1 1 0 0 0 0 0 0 0 0 0 0 0 0 4                                 |
 ├────────────────────┼─────────────┼──────────────────────────────────────────────────────────────────────────────────────────────────┤
 | 0x000000000000001b | 28          | 24 6 2 2 2 1 2 1 2 0 0 0 0 0 0 0 2 2 2 1 0 0 0 0 0 0 1 0 0 0 0 6                                 |
 ├────────────────────┼─────────────┼──────────────────────────────────────────────────────────────────────────────────────────────────┤
 | 0x000000000000001c | 4           | 31 4 1 1 1 1 3 2 2 0 4 2 3 0 0 3 0 0 1 3 4 2 1 1 0 1 0 1 1 2 0 10                                |
 ├────────────────────┼─────────────┼──────────────────────────────────────────────────────────────────────────────────────────────────┤
 | 0x000000000000001d | 30          | 22 4 0 1 1 1 0 1 0 1 0 0 0 3 0 0 0 1 2 1 0 0 0 0 0 0 0 0 0 0 0 6                                 |
 ├────────────────────┼─────────────┼──────────────────────────────────────────────────────────────────────────────────────────────────┤
 | 0x000000000000001e | 22          | 16 4 0 0 1 0 0 0 1 0 0 1 1 1 0 0 0 0 1 2 1 0 0 0 0 0 0 0 0 0 0 5                                 |
 ├────────────────────┼─────────────┼──────────────────────────────────────────────────────────────────────────────────────────────────┤
 | 0x000000000000001f | 17          | 26 3 0 0 1 2 0 2 3 3 1 4 2 1 1 2 0 0 0 3 1 0 2 1 0 0 0 0 2 0 0 6                                 |
 └────────────────────┴─────────────┴──────────────────────────────────────────────────────────────────────────────────────────────────┘
Offset pattern table end
PC pattern table begin
 ┌────────────────────┬─────────────┬──────────────────────────────────────────────────┐
 | Key                | Second      | Pattern                                          |
 ├────────────────────┼─────────────┼──────────────────────────────────────────────────┤
 | 0x0000000000000000 | 11          | 24 12 10 7 2 2 3 1 0 0 0 1 4 2 1 6               |
 ├────────────────────┼─────────────┼──────────────────────────────────────────────────┤
 | 0x0000000000000001 | 1           | 18 2 0 1 1 1 1 1 1 0 0 1 0 0 1 4                 |
 ├────────────────────┼─────────────┼──────────────────────────────────────────────────┤
 | 0x0000000000000002 | 28          | 20 18 17 17 15 16 17 16 15 17 17 16 15 15 15 15  |
 ├────────────────────┼─────────────┼──────────────────────────────────────────────────┤
 | 0x0000000000000003 | 26          | 26 11 4 2 0 0 2 3 6 5 0 2 0 2 0 4                |
 ├────────────────────┼─────────────┼──────────────────────────────────────────────────┤
 | 0x0000000000000004 | 7           | 22 5 4 3 5 0 3 2 4 4 5 5 1 4 2 2                 |
 ├────────────────────┼─────────────┼──────────────────────────────────────────────────┤
 | 0x0000000000000005 | 1           | 24 23 23 23 23 23 23 23 23 23 23 23 23 23 23 23  |
 ├────────────────────┼─────────────┼──────────────────────────────────────────────────┤
 | 0x0000000000000006 | 4           | 18 7 3 2 0 1 0 0 0 0 0 0 0 0 0 6                 |
 ├────────────────────┼─────────────┼──────────────────────────────────────────────────┤
 | 0x0000000000000007 | 9           | 16 5 1 1 1 1 0 0 1 1 1 0 1 0 0 1                 |
 ├────────────────────┼─────────────┼──────────────────────────────────────────────────┤
 | 0x0000000000000008 | 6           | 26 14 6 6 4 4 4 4 4 4 4 8 8 4 4 9                |
 ├────────────────────┼─────────────┼──────────────────────────────────────────────────┤
 | 0x0000000000000009 | 28          | 22 14 7 4 4 3 2 2 0 0 0 0 0 0 0 2                |
 ├────────────────────┼─────────────┼──────────────────────────────────────────────────┤
 | 0x000000000000000a | 8           | 27 6 2 2 5 4 6 6 3 3 3 3 2 2 2 4                 |
 ├────────────────────┼─────────────┼──────────────────────────────────────────────────┤
 | 0x000000000000000b | 4           | 23 22 21 20 20 20 20 20 20 20 20 20 19 19 19 20  |
 ├────────────────────┼─────────────┼──────────────────────────────────────────────────┤
 | 0x000000000000000c | 11          | 23 7 0 0 0 2 0 0 0 3 2 3 2 0 0 0                 |
 ├────────────────────┼─────────────┼──────────────────────────────────────────────────┤
 | 0x000000000000000d | 1           | 22 21 21 21 21 21 21 21 21 21 21 21 21 21 21 21  |
 ├────────────────────┼─────────────┼──────────────────────────────────────────────────┤
 | 0x000000000000000e | 1           | 21 18 17 16 16 17 16 16 16 16 16 16 16 16 15 15  |
 ├────────────────────┼─────────────┼──────────────────────────────────────────────────┤
 | 0x000000000000000f | 9           | 21 7 2 3 3 3 3 5 4 1 1 4 5 6 4 5                 |
 ├────────────────────┼─────────────┼──────────────────────────────────────────────────┤
 | 0x0000000000000010 | 8           | 30 10 3 4 3 3 3 2 1 1 1 1 3 2 1 11               |
 ├────────────────────┼─────────────┼──────────────────────────────────────────────────┤
 | 0x0000000000000011 | 20          | 27 20 8 5 3 3 2 1 1 2 1 0 1 2 1 2                |
 ├────────────────────┼─────────────┼──────────────────────────────────────────────────┤
 | 0x0000000000000012 | 11          | 18 1 1 1 1 1 1 1 0 7 3 1 1 1 0 0                 |
 ├────────────────────┼─────────────┼──────────────────────────────────────────────────┤
 | 0x0000000000000013 | 17          | 30 27 26 26 25 25 24 24 24 24 23 23 22 21 21 23  |
 ├────────────────────┼─────────────┼──────────────────────────────────────────────────┤
 | 0x0000000000000014 | 8           | 23 9 8 7 5 2 4 2 4 3 4 4 1 4 2 2                 |
 ├────────────────────┼─────────────┼──────────────────────────────────────────────────┤
 | 0x0000000000000015 | 1           | 25 19 18 17 17 17 18 17 17 17 18 18 17 17 15 18  |
 ├────────────────────┼─────────────┼──────────────────────────────────────────────────┤
 | 0x0000000000000016 | 22          | 24 14 11 7 9 8 6 5 5 4 3 5 4 2 4 4               |
 ├────────────────────┼─────────────┼──────────────────────────────────────────────────┤
 | 0x0000000000000017 | 1           | 25 21 19 13 6 6 6 6 6 6 6 0 0 0 0 0              |
 ├────────────────────┼─────────────┼──────────────────────────────────────────────────┤
 | 0x0000000000000018 | 14          | 30 0 0 0 0 1 3 2 0 1 1 1 1 0 0 9                 |
 ├────────────────────┼─────────────┼──────────────────────────────────────────────────┤
 | 0x0000000000000019 | 17          | 30 23 12 5 2 1 1 1 0 0 0 0 0 1 1 3               |
 ├────────────────────┼─────────────┼──────────────────────────────────────────────────┤
 | 0x000000000000001a | 12          | 28 13 12 12 12 12 11 11 11 12 19 13 6 7 13 6     |
 ├────────────────────┼─────────────┼──────────────────────────────────────────────────┤
 | 0x000000000000001b | 1           | 26 22 20 20 20 19 20 20 20 20 20 20 20 20 19 19  |
 ├────────────────────┼─────────────┼──────────────────────────────────────────────────┤
 | 0x000000000000001c | 22          | 16 2 1 1 1 0 0 0 2 0 0 0 0 0 2 4                 |
 ├────────────────────┼─────────────┼──────────────────────────────────────────────────┤
 | 0x000000000000001d | 1           | 22 13 7 4 4 6 4 3 2 1 1 1 2 1 0 0                |
 ├────────────────────┼─────────────┼──────────────────────────────────────────────────┤
 | 0x000000000000001e | 30          | 27 11 12 5 5 3 6 6 5 5 4 4 4 3 1 1               |
 ├────────────────────┼─────────────┼──────────────────────────────────────────────────┤
 | 0x000000000000001f | 19          | 23 8 2 2 3 2 1 3 1 0 2 1 0 0 0 1                 |
 └────────────────────┴─────────────┴──────────────────────────────────────────────────┘
PC pattern table end
Prefetch buffer begin
 ┌────────────────────┬──────────────────────────────────────────────────────────────────┐
 | Region             | Pattern                                                          |
 ├────────────────────┼──────────────────────────────────────────────────────────────────┤
 | 0x00000000000011e4 | 0 0 0 0 0 0 0 0 0 0 0 0 0 0 1 1 1 1 1 1 1 1 1 1 1 1 1 1 1 1 1 1  |
 ├────────────────────┼──────────────────────────────────────────────────────────────────┤
 | 0x00000000000011f0 | 0 0 0 0 0 0 0 0 0 0 0 0 0 0 0 2 2 2 2 2 2 2 2 2 2 2 2 2 2 2 2 2  |
 ├────────────────────┼──────────────────────────────────────────────────────────────────┤
 | 0x0000000000000cbd | 0 0 0 0 0 0 0 0 0 0 0 0 0 0 0 0 0 0 0 0 0 2 0 0 0 0 0 0 0 0 0 0  |
 ├────────────────────┼──────────────────────────────────────────────────────────────────┤
 | 0x0000000000000e15 | 0 0 0 0 0 0 0 0 0 2 0 2 0 0 0 0 0 0 0 0 0 0 0 0 0 0 0 0 0 0 0 0  |
 ├────────────────────┼──────────────────────────────────────────────────────────────────┤
 | 0x0000000000000cca | 0 0 0 0 0 0 0 0 0 0 0 0 0 0 0 0 0 2 0 2 0 0 0 0 0 0 0 0 0 0 0 0  |
 ├────────────────────┼──────────────────────────────────────────────────────────────────┤
 | 0x0000000000000cc5 | 0 0 0 0 0 0 0 0 0 0 0 0 0 2 0 2 2 2 0 0 0 0 0 0 0 0 0 0 0 0 0 0  |
 ├────────────────────┼──────────────────────────────────────────────────────────────────┤
 | 0x0000000000000c20 | 0 0 0 0 0 0 0 1 1 1 1 1 1 1 1 1 1 1 1 1 1 1 1 1 1 1 1 1 1 1 1 1  |
 ├────────────────────┼──────────────────────────────────────────────────────────────────┤
 | 0x0000000000000ccb | 0 0 0 0 0 0 0 0 0 0 0 0 0 0 0 0 0 0 0 0 0 0 0 0 0 0 0 0 2 0 2 0  |
 ├────────────────────┼──────────────────────────────────────────────────────────────────┤
 | 0x0000000000000ce3 | 0 0 0 0 0 0 0 0 0 0 0 0 0 0 0 0 0 0 0 0 2 0 2 0 0 0 0 0 0 0 0 0  |
 ├────────────────────┼──────────────────────────────────────────────────────────────────┤
 | 0x0000000000000c52 | 0 0 0 0 0 0 0 0 0 0 0 0 0 0 0 2 0 2 0 0 0 0 0 0 0 0 0 0 0 0 0 0  |
 ├────────────────────┼──────────────────────────────────────────────────────────────────┤
 | 0x00000000000011da | 0 0 0 0 0 0 0 0 0 0 0 0 0 0 0 0 1 1 0 0 0 0 0 0 0 0 0 0 0 0 0 0  |
 ├────────────────────┼──────────────────────────────────────────────────────────────────┤
 | 0x0000000000000e06 | 0 0 0 0 0 0 0 0 0 0 0 0 2 0 2 0 0 0 0 0 0 0 0 0 0 0 0 0 0 0 0 0  |
 ├────────────────────┼──────────────────────────────────────────────────────────────────┤
 | 0x0000000000000be8 | 0 0 0 0 0 0 0 0 0 0 0 0 0 0 0 0 0 0 0 0 0 0 0 0 0 0 2 2 2 2 2 2  |
 ├────────────────────┼──────────────────────────────────────────────────────────────────┤
 | 0x0000000000000bc0 | 0 0 0 0 1 1 1 1 1 1 1 1 1 1 1 1 1 1 1 1 1 1 1 1 1 1 1 1 1 1 1 1  |
 ├────────────────────┼──────────────────────────────────────────────────────────────────┤
 | 0x0000000000000bbc | 0 0 0 0 0 0 0 0 0 0 0 0 0 0 0 0 0 0 0 0 0 0 0 0 0 0 0 0 0 0 0 1  |
 ├────────────────────┼──────────────────────────────────────────────────────────────────┤
 | 0x00000000000011c5 | 0 0 0 0 0 0 0 0 0 0 0 0 0 0 0 2 2 2 2 2 2 2 2 2 2 2 2 2 2 2 2 2  |
 ├────────────────────┼──────────────────────────────────────────────────────────────────┤
 | 0x0000000000000bad | 0 0 0 0 0 0 0 0 0 0 0 0 0 0 0 2 2 2 2 2 2 2 2 2 2 2 2 2 2 2 2 2  |
 ├────────────────────┼──────────────────────────────────────────────────────────────────┤
 | 0x0000000000000c50 | 0 0 0 0 0 0 0 0 0 0 0 0 0 0 0 0 2 2 2 2 2 2 2 2 2 2 2 2 2 2 2 2  |
 ├────────────────────┼──────────────────────────────────────────────────────────────────┤
 | 0x0000000000000c3c | 1 0 2 2 0 0 0 0 0 0 0 0 0 0 0 0 0 0 0 0 0 0 0 0 0 0 0 0 0 0 0 0  |
 ├────────────────────┼──────────────────────────────────────────────────────────────────┤
 | 0x0000000000000c22 | 0 0 0 0 0 0 0 0 0 0 0 0 0 0 0 1 1 1 1 1 1 1 1 1 1 1 1 1 1 1 1 1  |
 └────────────────────┴──────────────────────────────────────────────────────────────────┘
Prefetch buffer end
Filter by PPT: 0
cpu0_L2C
Num Con Filled: 0
Num Con Useful: 0 Useless:0 Accuracy: nan
LLC
