41 41 41
Available num physical pages: 35184372088576
WARNING: physical memory size is smaller than virtual memory size

*** ChampSim Multicore Out-of-Order Simulator ***

Warmup Instructions: 5000000
Simulation Instructions: 5000000
Number of CPUs: 1
Page size: 4096

Basic BTB sets: 1024 ways: 8 indirect buffer size: 4096 RAS size: 64
cpu0_L1D PMP prefetcher
Off-chip DRAM Size: 4 GiB Channels: 1 Width: 64-bit Data Rate: 3200 MT/s
Max paddr 174M
Warmup finished CPU 0 instructions: 5000003 cycles: 1285116 cumulative IPC: 3.89071 (Simulation time: 0 hr 3 min 36 sec) 

Warmup complete CPU 0 instructions: 5000003 cycles: 1285116 (Simulation time: 0 hr 3 min 36 sec) 

Heartbeat CPU 0 instructions: 10000001 cycles: 38288277 heartbeat IPC: 0.261177 cumulative IPC: 0.135124 (Simulation time: 0 hr 7 min 55 sec) 
Max paddr 201M
Simulation finished CPU 0 instructions: 5000003 cycles: 37003163 cumulative IPC: 0.135124 (Simulation time: 0 hr 7 min 55 sec) 

Simulation complete CPU 0 instructions: 5000003 cycles: 37003163 (Simulation time: 0 hr 7 min 55 sec) 


ChampSim completed all CPUs

[
  {
    "name": "Simulation",
    "traces": [
      "../traces/429.mcf-184B.champsimtrace.xz"
    ],
    "roi": {
      "cores": [
        {
          "instructions": 5000003,
          "cycles": 37003163,
          "Avg ROB occupancy at mispredict": 19.3688, 
          "mispredict": {
            "BRANCH_DIRECT_JUMP": 1462,
            "BRANCH_INDIRECT": 0,
            "BRANCH_CONDITIONAL": 121016,
            "BRANCH_DIRECT_CALL": 0,
            "BRANCH_INDIRECT_CALL": 0,
            "BRANCH_RETURN": 0
          }
        }
      ],
      "cpu0_L1I": {
        "LOAD": {
          "hit":0,
          "miss":0
        },
        "RFO": {
          "hit":0,
          "miss":0
        },
        "PREFETCH": {
          "hit":0,
          "miss":0
        },
        "WRITE": {
          "hit":0,
          "miss":0
        },
        "TRANSLATION": {
          "hit":0,
          "miss":0
        },
        "mshr full": 0,
        "prefetch requested": 0,
        "prefetch issued": 0,
        "prefetch filled": 0,
        "prefetch useful": 0,
        "prefetch useless": 0,
        "prefetch late": 0,
        "pf_useful_at_l2_from_l1":          0,
        "pf_late_at_l2_from_l1":          0,
        "pf_useless_at_l2_from_l1":          0,
        "pf_at_l2_to_l1":          0,
        "pf_fill_this_level":          0,
        "miss latency": null,
        "cache queues": {
          "PQ_ACCESS": 0,
          "PQ_FULL": 0,
          "PQ_TO_CACHE": 0,
          "PQ_MERGED": 0,
          "RQ_ACCESS": 0,
          "RQ_MERGED": 0,
          "RQ_FULL": 0,
          "WQ_ACCESS": 0,
          "WQ_MERGED": 0,
          "WQ_FULL": 0
        }
      },
      "cpu0_ITLB": {
        "LOAD": {
          "hit":0,
          "miss":0
        },
        "RFO": {
          "hit":0,
          "miss":0
        },
        "PREFETCH": {
          "hit":0,
          "miss":0
        },
        "WRITE": {
          "hit":0,
          "miss":0
        },
        "TRANSLATION": {
          "hit":0,
          "miss":0
        },
        "mshr full": 0,
        "prefetch requested": 0,
        "prefetch issued": 0,
        "prefetch filled": 0,
        "prefetch useful": 0,
        "prefetch useless": 0,
        "prefetch late": 0,
        "pf_useful_at_l2_from_l1":          0,
        "pf_late_at_l2_from_l1":          0,
        "pf_useless_at_l2_from_l1":          0,
        "pf_at_l2_to_l1":          0,
        "pf_fill_this_level":          0,
        "miss latency": null,
        "cache queues": {
          "PQ_ACCESS": 0,
          "PQ_FULL": 0,
          "PQ_TO_CACHE": 0,
          "PQ_MERGED": 0,
          "RQ_ACCESS": 0,
          "RQ_MERGED": 0,
          "RQ_FULL": 0,
          "WQ_ACCESS": 0,
          "WQ_MERGED": 0,
          "WQ_FULL": 0
        }
      },
      "cpu0_DTLB": {
        "LOAD": {
          "hit":207552,
          "miss":1398192
        },
        "RFO": {
          "hit":0,
          "miss":0
        },
        "PREFETCH": {
          "hit":0,
          "miss":0
        },
        "WRITE": {
          "hit":0,
          "miss":0
        },
        "TRANSLATION": {
          "hit":0,
          "miss":0
        },
        "mshr full": 17184,
        "prefetch requested": 0,
        "prefetch issued": 0,
        "prefetch filled": 0,
        "prefetch useful": 0,
        "prefetch useless": 0,
        "prefetch late": 0,
        "pf_useful_at_l2_from_l1":          0,
        "pf_late_at_l2_from_l1":          0,
        "pf_useless_at_l2_from_l1":          0,
        "pf_at_l2_to_l1":          0,
        "pf_fill_this_level":          0,
        "miss latency": 0.469766,
        "cache queues": {
          "PQ_ACCESS": 0,
          "PQ_FULL": 0,
          "PQ_TO_CACHE": 0,
          "PQ_MERGED": 0,
          "RQ_ACCESS": 1823061,
          "RQ_MERGED": 0,
          "RQ_FULL": 217305,
          "WQ_ACCESS": 0,
          "WQ_MERGED": 0,
          "WQ_FULL": 0
        }
      },
      "cpu0_STLB": {
        "LOAD": {
          "hit":658116,
          "miss":15908
        },
        "RFO": {
          "hit":0,
          "miss":0
        },
        "PREFETCH": {
          "hit":0,
          "miss":0
        },
        "WRITE": {
          "hit":0,
          "miss":0
        },
        "TRANSLATION": {
          "hit":0,
          "miss":0
        },
        "mshr full": 0,
        "prefetch requested": 0,
        "prefetch issued": 0,
        "prefetch filled": 0,
        "prefetch useful": 0,
        "prefetch useless": 0,
        "prefetch late": 0,
        "pf_useful_at_l2_from_l1":          0,
        "pf_late_at_l2_from_l1":          0,
        "pf_useless_at_l2_from_l1":          0,
        "pf_at_l2_to_l1":          0,
        "pf_fill_this_level":          0,
        "miss latency": 20.0331,
        "cache queues": {
          "PQ_ACCESS": 0,
          "PQ_FULL": 0,
          "PQ_TO_CACHE": 0,
          "PQ_MERGED": 0,
          "RQ_ACCESS": 674026,
          "RQ_MERGED": 0,
          "RQ_FULL": 0,
          "WQ_ACCESS": 0,
          "WQ_MERGED": 0,
          "WQ_FULL": 0
        }
      },
      "cpu0_L1D": {
        "LOAD": {
          "hit":169261,
          "miss":1246875
        },
        "RFO": {
          "hit":0,
          "miss":0
        },
        "PREFETCH": {
          "hit":13951,
          "miss":1143035
        },
        "WRITE": {
          "hit":52852,
          "miss":1463
        },
        "TRANSLATION": {
          "hit":860,
          "miss":19407
        },
        "mshr full": 46883,
        "prefetch requested": 1156990,
        "prefetch issued": 1156990,
        "prefetch filled": 8,
        "prefetch useful": 0,
        "prefetch useless": 10,
        "prefetch late": 0,
        "pf_useful_at_l2_from_l1":          0,
        "pf_late_at_l2_from_l1":          0,
        "pf_useless_at_l2_from_l1":          0,
        "pf_at_l2_to_l1":          0,
        "pf_fill_this_level":          8,
        "miss latency": 2.74877,
        "cache queues": {
          "PQ_ACCESS": 1156990,
          "PQ_FULL": 0,
          "PQ_TO_CACHE": 1156990,
          "PQ_MERGED": 0,
          "RQ_ACCESS": 1810080,
          "RQ_MERGED": 141423,
          "RQ_FULL": 252472,
          "WQ_ACCESS": 55002,
          "WQ_MERGED": 457,
          "WQ_FULL": 225
        }
      },
      "cpu0_L2C": {
        "LOAD": {
          "hit":343297,
          "miss":338459
        },
        "RFO": {
          "hit":416,
          "miss":646
        },
        "PREFETCH": {
          "hit":479222,
          "miss":657212
        },
        "WRITE": {
          "hit":11802,
          "miss":0
        },
        "TRANSLATION": {
          "hit":2655,
          "miss":16752
        },
        "mshr full": 55294,
        "prefetch requested": 0,
        "prefetch issued": 0,
        "prefetch filled": 656922,
        "prefetch useful": 0,
        "prefetch useless": 0,
        "prefetch late": 0,
        "pf_useful_at_l2_from_l1":     218092,
        "pf_late_at_l2_from_l1":        202,
        "pf_useless_at_l2_from_l1":     436184,
        "pf_at_l2_to_l1":          0,
        "pf_fill_this_level":     656915,
        "miss latency": 34.0427,
        "cache queues": {
          "PQ_ACCESS": 1177510,
          "PQ_FULL": 41090,
          "PQ_TO_CACHE": 1136420,
          "PQ_MERGED": 2,
          "RQ_ACCESS": 702230,
          "RQ_MERGED": 0,
          "RQ_FULL": 0,
          "WQ_ACCESS": 11924,
          "WQ_MERGED": 0,
          "WQ_FULL": 0
        }
      },
      "LLC": {
        "LOAD": {
          "hit": [186154],
          "miss": [152100]
        },
        "RFO": {
          "hit": [412],
          "miss": [234]
        },
        "PREFETCH": {
          "hit": [206138],
          "miss": [450988]
        },
        "WRITE": {
          "hit": [8750],
          "miss": [0]
        },
        "TRANSLATION": {
          "hit": [7921],
          "miss": [8831]
        },
        "mshr full": 0,
        "prefetch requested": 0,
        "prefetch issued": 0,
        "prefetch filled": 450986,
        "prefetch useful": 0,
        "prefetch useless": 0,
        "prefetch late": 0,
        "pf_useful_at_l2_from_l1":          0,
        "pf_late_at_l2_from_l1":          0,
        "pf_useless_at_l2_from_l1":          0,
        "pf_at_l2_to_l1":          0,
        "pf_fill_this_level":          0,
        "miss latency": 59.7279,
        "cache queues": {
          "PQ_ACCESS": 657126,
          "PQ_FULL": 0,
          "PQ_TO_CACHE": 657126,
          "PQ_MERGED": 0,
          "RQ_ACCESS": 355655,
          "RQ_MERGED": 0,
          "RQ_FULL": 0,
          "WQ_ACCESS": 8754,
          "WQ_MERGED": 0,
          "WQ_FULL": 0
        }
      },
      "DRAM": [
        {
          "RQ ROW_BUFFER_HIT": 21109,
          "RQ ROW_BUFFER_MISS": 590930,
          "PQ FULL": 0,
          "WQ ROW_BUFFER_HIT": 649,
          "WQ ROW_BUFFER_MISS": 2980,
          "WQ FULL": 0,
          "AVG DBUS CONGESTED CYCLE": 3.94874
        }
      ]

    },
    "sim": {
      "cores": [
        {
          "instructions": 5000003,
          "cycles": 37003163,
          "Avg ROB occupancy at mispredict": 19.3688, 
          "mispredict": {
            "BRANCH_DIRECT_JUMP": 1462,
            "BRANCH_INDIRECT": 0,
            "BRANCH_CONDITIONAL": 121016,
            "BRANCH_DIRECT_CALL": 0,
            "BRANCH_INDIRECT_CALL": 0,
            "BRANCH_RETURN": 0
          }
        }
      ],
      "cpu0_L1I": {
        "LOAD": {
          "hit":0,
          "miss":0
        },
        "RFO": {
          "hit":0,
          "miss":0
        },
        "PREFETCH": {
          "hit":0,
          "miss":0
        },
        "WRITE": {
          "hit":0,
          "miss":0
        },
        "TRANSLATION": {
          "hit":0,
          "miss":0
        },
        "mshr full": 0,
        "prefetch requested": 0,
        "prefetch issued": 0,
        "prefetch filled": 0,
        "prefetch useful": 0,
        "prefetch useless": 0,
        "prefetch late": 0,
        "pf_useful_at_l2_from_l1":          0,
        "pf_late_at_l2_from_l1":          0,
        "pf_useless_at_l2_from_l1":          0,
        "pf_at_l2_to_l1":          0,
        "pf_fill_this_level":          0,
        "miss latency": null,
        "cache queues": {
          "PQ_ACCESS": 0,
          "PQ_FULL": 0,
          "PQ_TO_CACHE": 0,
          "PQ_MERGED": 0,
          "RQ_ACCESS": 0,
          "RQ_MERGED": 0,
          "RQ_FULL": 0,
          "WQ_ACCESS": 0,
          "WQ_MERGED": 0,
          "WQ_FULL": 0
        }
      },
      "cpu0_ITLB": {
        "LOAD": {
          "hit":0,
          "miss":0
        },
        "RFO": {
          "hit":0,
          "miss":0
        },
        "PREFETCH": {
          "hit":0,
          "miss":0
        },
        "WRITE": {
          "hit":0,
          "miss":0
        },
        "TRANSLATION": {
          "hit":0,
          "miss":0
        },
        "mshr full": 0,
        "prefetch requested": 0,
        "prefetch issued": 0,
        "prefetch filled": 0,
        "prefetch useful": 0,
        "prefetch useless": 0,
        "prefetch late": 0,
        "pf_useful_at_l2_from_l1":          0,
        "pf_late_at_l2_from_l1":          0,
        "pf_useless_at_l2_from_l1":          0,
        "pf_at_l2_to_l1":          0,
        "pf_fill_this_level":          0,
        "miss latency": null,
        "cache queues": {
          "PQ_ACCESS": 0,
          "PQ_FULL": 0,
          "PQ_TO_CACHE": 0,
          "PQ_MERGED": 0,
          "RQ_ACCESS": 0,
          "RQ_MERGED": 0,
          "RQ_FULL": 0,
          "WQ_ACCESS": 0,
          "WQ_MERGED": 0,
          "WQ_FULL": 0
        }
      },
      "cpu0_DTLB": {
        "LOAD": {
          "hit":207552,
          "miss":1398192
        },
        "RFO": {
          "hit":0,
          "miss":0
        },
        "PREFETCH": {
          "hit":0,
          "miss":0
        },
        "WRITE": {
          "hit":0,
          "miss":0
        },
        "TRANSLATION": {
          "hit":0,
          "miss":0
        },
        "mshr full": 17184,
        "prefetch requested": 0,
        "prefetch issued": 0,
        "prefetch filled": 0,
        "prefetch useful": 0,
        "prefetch useless": 0,
        "prefetch late": 0,
        "pf_useful_at_l2_from_l1":          0,
        "pf_late_at_l2_from_l1":          0,
        "pf_useless_at_l2_from_l1":          0,
        "pf_at_l2_to_l1":          0,
        "pf_fill_this_level":          0,
        "miss latency": 0.469766,
        "cache queues": {
          "PQ_ACCESS": 0,
          "PQ_FULL": 0,
          "PQ_TO_CACHE": 0,
          "PQ_MERGED": 0,
          "RQ_ACCESS": 1823061,
          "RQ_MERGED": 0,
          "RQ_FULL": 217305,
          "WQ_ACCESS": 0,
          "WQ_MERGED": 0,
          "WQ_FULL": 0
        }
      },
      "cpu0_STLB": {
        "LOAD": {
          "hit":658116,
          "miss":15908
        },
        "RFO": {
          "hit":0,
          "miss":0
        },
        "PREFETCH": {
          "hit":0,
          "miss":0
        },
        "WRITE": {
          "hit":0,
          "miss":0
        },
        "TRANSLATION": {
          "hit":0,
          "miss":0
        },
        "mshr full": 0,
        "prefetch requested": 0,
        "prefetch issued": 0,
        "prefetch filled": 0,
        "prefetch useful": 0,
        "prefetch useless": 0,
        "prefetch late": 0,
        "pf_useful_at_l2_from_l1":          0,
        "pf_late_at_l2_from_l1":          0,
        "pf_useless_at_l2_from_l1":          0,
        "pf_at_l2_to_l1":          0,
        "pf_fill_this_level":          0,
        "miss latency": 20.0331,
        "cache queues": {
          "PQ_ACCESS": 0,
          "PQ_FULL": 0,
          "PQ_TO_CACHE": 0,
          "PQ_MERGED": 0,
          "RQ_ACCESS": 674026,
          "RQ_MERGED": 0,
          "RQ_FULL": 0,
          "WQ_ACCESS": 0,
          "WQ_MERGED": 0,
          "WQ_FULL": 0
        }
      },
      "cpu0_L1D": {
        "LOAD": {
          "hit":169261,
          "miss":1246875
        },
        "RFO": {
          "hit":0,
          "miss":0
        },
        "PREFETCH": {
          "hit":13951,
          "miss":1143035
        },
        "WRITE": {
          "hit":52852,
          "miss":1463
        },
        "TRANSLATION": {
          "hit":860,
          "miss":19407
        },
        "mshr full": 46883,
        "prefetch requested": 1156990,
        "prefetch issued": 1156990,
        "prefetch filled": 8,
        "prefetch useful": 0,
        "prefetch useless": 10,
        "prefetch late": 0,
        "pf_useful_at_l2_from_l1":          0,
        "pf_late_at_l2_from_l1":          0,
        "pf_useless_at_l2_from_l1":          0,
        "pf_at_l2_to_l1":          0,
        "pf_fill_this_level":          8,
        "miss latency": 2.74877,
        "cache queues": {
          "PQ_ACCESS": 1156990,
          "PQ_FULL": 0,
          "PQ_TO_CACHE": 1156990,
          "PQ_MERGED": 0,
          "RQ_ACCESS": 1810080,
          "RQ_MERGED": 141423,
          "RQ_FULL": 252472,
          "WQ_ACCESS": 55002,
          "WQ_MERGED": 457,
          "WQ_FULL": 225
        }
      },
      "cpu0_L2C": {
        "LOAD": {
          "hit":343297,
          "miss":338459
        },
        "RFO": {
          "hit":416,
          "miss":646
        },
        "PREFETCH": {
          "hit":479222,
          "miss":657212
        },
        "WRITE": {
          "hit":11802,
          "miss":0
        },
        "TRANSLATION": {
          "hit":2655,
          "miss":16752
        },
        "mshr full": 55294,
        "prefetch requested": 0,
        "prefetch issued": 0,
        "prefetch filled": 656922,
        "prefetch useful": 0,
        "prefetch useless": 0,
        "prefetch late": 0,
        "pf_useful_at_l2_from_l1":     218092,
        "pf_late_at_l2_from_l1":        202,
        "pf_useless_at_l2_from_l1":     436184,
        "pf_at_l2_to_l1":          0,
        "pf_fill_this_level":     656915,
        "miss latency": 34.0427,
        "cache queues": {
          "PQ_ACCESS": 1177510,
          "PQ_FULL": 41090,
          "PQ_TO_CACHE": 1136420,
          "PQ_MERGED": 2,
          "RQ_ACCESS": 702230,
          "RQ_MERGED": 0,
          "RQ_FULL": 0,
          "WQ_ACCESS": 11924,
          "WQ_MERGED": 0,
          "WQ_FULL": 0
        }
      },
      "LLC": {
        "LOAD": {
          "hit": [186154],
          "miss": [152100]
        },
        "RFO": {
          "hit": [412],
          "miss": [234]
        },
        "PREFETCH": {
          "hit": [206138],
          "miss": [450988]
        },
        "WRITE": {
          "hit": [8750],
          "miss": [0]
        },
        "TRANSLATION": {
          "hit": [7921],
          "miss": [8831]
        },
        "mshr full": 0,
        "prefetch requested": 0,
        "prefetch issued": 0,
        "prefetch filled": 450986,
        "prefetch useful": 0,
        "prefetch useless": 0,
        "prefetch late": 0,
        "pf_useful_at_l2_from_l1":          0,
        "pf_late_at_l2_from_l1":          0,
        "pf_useless_at_l2_from_l1":          0,
        "pf_at_l2_to_l1":          0,
        "pf_fill_this_level":          0,
        "miss latency": 59.7279,
        "cache queues": {
          "PQ_ACCESS": 657126,
          "PQ_FULL": 0,
          "PQ_TO_CACHE": 657126,
          "PQ_MERGED": 0,
          "RQ_ACCESS": 355655,
          "RQ_MERGED": 0,
          "RQ_FULL": 0,
          "WQ_ACCESS": 8754,
          "WQ_MERGED": 0,
          "WQ_FULL": 0
        }
      },
      "DRAM": [
        {
          "RQ ROW_BUFFER_HIT": 21109,
          "RQ ROW_BUFFER_MISS": 590930,
          "PQ FULL": 0,
          "WQ ROW_BUFFER_HIT": 649,
          "WQ ROW_BUFFER_MISS": 2980,
          "WQ FULL": 0,
          "AVG DBUS CONGESTED CYCLE": 3.94874
        }
      ]

    }
  }
]
cpu0_ITLB
cpu0_DTLB
cpu0_STLB
Prefetch Request to L1: 8, Prefetch Request to L2: 1156982
Invalid by Eviction: 35406
Invalid by Max: 58929
Filter table begin
 ┌────────────────────┬─────────────┐
 | Region             | Offset      |
 ├────────────────────┼─────────────┤
 | 0x0000000000000804 | 13          |
 ├────────────────────┼─────────────┤
 | 0x0000000000000785 | 31          |
 ├────────────────────┼─────────────┤
 | 0x000000000000080d | 4           |
 ├────────────────────┼─────────────┤
 | 0x0000000000010400 | 30          |
 ├────────────────────┼─────────────┤
 | 0x000000000000081f | 8           |
 ├────────────────────┼─────────────┤
 | 0x0000000000000ec4 | 0           |
 ├────────────────────┼─────────────┤
 | 0x0000000000000b91 | 0           |
 ├────────────────────┼─────────────┤
 | 0x0000000000000ab8 | 6           |
 ├────────────────────┼─────────────┤
 | 0x000000000000079f | 1           |
 ├────────────────────┼─────────────┤
 | 0x0000000000017b69 | 6           |
 ├────────────────────┼─────────────┤
 | 0x0000000000010401 | 11          |
 ├────────────────────┼─────────────┤
 | 0x00000000000007e8 | 28          |
 ├────────────────────┼─────────────┤
 | 0x0000000000000b90 | 31          |
 ├────────────────────┼─────────────┤
 | 0x0000000000018227 | 12          |
 ├────────────────────┼─────────────┤
 | 0x00000000000002f5 | 10          |
 ├────────────────────┼─────────────┤
 | 0x000000000000046f | 0           |
 ├────────────────────┼─────────────┤
 | 0x000000000000035d | 14          |
 ├────────────────────┼─────────────┤
 | 0x00000000000193aa | 6           |
 ├────────────────────┼─────────────┤
 | 0x00000000000031cf | 17          |
 ├────────────────────┼─────────────┤
 | 0x0000000000000c29 | 25          |
 ├────────────────────┼─────────────┤
 | 0x00000000000007b1 | 22          |
 ├────────────────────┼─────────────┤
 | 0x0000000000000d12 | 31          |
 ├────────────────────┼─────────────┤
 | 0x00000000000007ce | 16          |
 ├────────────────────┼─────────────┤
 | 0x00000000000177b5 | 6           |
 ├────────────────────┼─────────────┤
 | 0x00000000000018b2 | 26          |
 ├────────────────────┼─────────────┤
 | 0x0000000000000815 | 29          |
 ├────────────────────┼─────────────┤
 | 0x00000000000007ea | 29          |
 ├────────────────────┼─────────────┤
 | 0x00000000000007e3 | 19          |
 ├────────────────────┼─────────────┤
 | 0x0000000000000a4e | 2           |
 ├────────────────────┼─────────────┤
 | 0x00000000000007f8 | 0           |
 ├────────────────────┼─────────────┤
 | 0x0000000000000841 | 31          |
 ├────────────────────┼─────────────┤
 | 0x0000000000002e91 | 4           |
 ├────────────────────┼─────────────┤
 | 0x00000000000007f6 | 2           |
 ├────────────────────┼─────────────┤
 | 0x00000000000166f6 | 23          |
 ├────────────────────┼─────────────┤
 | 0x000000000001920e | 22          |
 ├────────────────────┼─────────────┤
 | 0x00000000000007c0 | 21          |
 ├────────────────────┼─────────────┤
 | 0x0000000000000812 | 30          |
 ├────────────────────┼─────────────┤
 | 0x0000000000018fce | 10          |
 ├────────────────────┼─────────────┤
 | 0x00000000000007ec | 24          |
 ├────────────────────┼─────────────┤
 | 0x00000000000007b6 | 7           |
 ├────────────────────┼─────────────┤
 | 0x00000000000193a4 | 6           |
 ├────────────────────┼─────────────┤
 | 0x0000000000017693 | 26          |
 ├────────────────────┼─────────────┤
 | 0x0000000000000825 | 29          |
 ├────────────────────┼─────────────┤
 | 0x0000000000001dbb | 14          |
 ├────────────────────┼─────────────┤
 | 0x0000000000018494 | 20          |
 ├────────────────────┼─────────────┤
 | 0x0000000000000d97 | 22          |
 ├────────────────────┼─────────────┤
 | 0x000000000000f9ca | 25          |
 ├────────────────────┼─────────────┤
 | 0x0000000000000d9d | 31          |
 ├────────────────────┼─────────────┤
 | 0x0000000000017ff5 | 16          |
 ├────────────────────┼─────────────┤
 | 0x0000000000000be9 | 8           |
 ├────────────────────┼─────────────┤
 | 0x00000000000007ef | 22          |
 ├────────────────────┼─────────────┤
 | 0x00000000000010d6 | 1           |
 ├────────────────────┼─────────────┤
 | 0x000000000000276f | 2           |
 ├────────────────────┼─────────────┤
 | 0x00000000000011fe | 18          |
 ├────────────────────┼─────────────┤
 | 0x00000000000007ca | 12          |
 ├────────────────────┼─────────────┤
 | 0x0000000000015a17 | 0           |
 ├────────────────────┼─────────────┤
 | 0x0000000000000d8e | 30          |
 ├────────────────────┼─────────────┤
 | 0x0000000000000f61 | 14          |
 ├────────────────────┼─────────────┤
 | 0x00000000000178e8 | 20          |
 ├────────────────────┼─────────────┤
 | 0x0000000000000319 | 25          |
 └────────────────────┴─────────────┘
Filter table end
Accumulation table begin
 ┌────────────────────┬─────────────┬─────────────┬──────────────────────────────────────────────────────────────────┐
 | Region             | Offset      | Second      | Pattern                                                          |
 ├────────────────────┼─────────────┼─────────────┼──────────────────────────────────────────────────────────────────┤
 | 0x0000000000000e37 | 7           | 6           | 0 0 0 0 0 0 1 1 0 0 0 0 0 0 0 0 0 0 0 0 0 0 0 0 0 0 0 0 0 0 0 0  |
 ├────────────────────┼─────────────┼─────────────┼──────────────────────────────────────────────────────────────────┤
 | 0x0000000000000565 | 23          | 22          | 0 0 0 0 0 0 0 0 0 0 0 0 0 0 0 0 0 0 0 0 0 0 1 1 0 0 0 0 0 0 0 0  |
 ├────────────────────┼─────────────┼─────────────┼──────────────────────────────────────────────────────────────────┤
 | 0x0000000000000c1e | 17          | 16          | 0 0 0 0 0 0 0 0 0 0 0 0 0 0 0 0 1 1 0 0 0 0 0 0 0 0 0 0 0 0 0 0  |
 ├────────────────────┼─────────────┼─────────────┼──────────────────────────────────────────────────────────────────┤
 | 0x0000000000000b64 | 24          | 23          | 0 0 0 0 0 0 0 0 0 0 0 0 0 0 0 0 0 0 0 0 0 0 0 1 1 0 0 0 0 0 0 0  |
 ├────────────────────┼─────────────┼─────────────┼──────────────────────────────────────────────────────────────────┤
 | 0x000000000000092b | 13          | 12          | 0 0 0 0 0 0 0 0 0 0 0 0 1 1 0 0 0 0 0 0 0 0 0 0 0 0 0 0 0 0 0 0  |
 ├────────────────────┼─────────────┼─────────────┼──────────────────────────────────────────────────────────────────┤
 | 0x00000000000006d1 | 22          | 19          | 0 0 0 0 0 0 0 0 0 1 0 0 1 0 0 1 0 0 1 1 0 1 1 0 0 1 0 0 0 0 1 0  |
 ├────────────────────┼─────────────┼─────────────┼──────────────────────────────────────────────────────────────────┤
 | 0x0000000000017b68 | 29          | 18          | 0 0 0 0 0 0 0 0 0 0 0 0 0 0 0 0 0 0 1 0 0 0 0 0 0 0 0 0 0 1 0 0  |
 ├────────────────────┼─────────────┼─────────────┼──────────────────────────────────────────────────────────────────┤
 | 0x000000000000075d | 2           | 1           | 0 1 1 0 0 0 0 0 0 0 0 0 0 0 0 0 0 0 0 0 0 0 0 0 0 0 0 0 0 0 0 0  |
 ├────────────────────┼─────────────┼─────────────┼──────────────────────────────────────────────────────────────────┤
 | 0x00000000000006d2 | 0           | 1           | 1 1 0 0 0 0 0 0 0 0 0 0 0 0 0 0 0 0 0 0 0 0 0 0 0 0 0 0 0 0 0 0  |
 ├────────────────────┼─────────────┼─────────────┼──────────────────────────────────────────────────────────────────┤
 | 0x00000000000006cf | 27          | 16          | 1 0 1 0 0 0 0 0 0 0 0 1 1 1 0 1 1 1 0 0 0 0 0 0 0 0 0 1 1 1 1 1  |
 ├────────────────────┼─────────────┼─────────────┼──────────────────────────────────────────────────────────────────┤
 | 0x00000000000004fb | 4           | 3           | 0 0 0 1 1 0 0 0 0 0 0 0 0 0 0 0 0 0 0 0 0 0 0 0 0 0 0 0 0 0 0 0  |
 ├────────────────────┼─────────────┼─────────────┼──────────────────────────────────────────────────────────────────┤
 | 0x00000000000005d2 | 4           | 3           | 0 0 0 1 1 0 0 0 0 0 0 0 0 0 0 0 0 0 0 0 0 0 0 0 0 0 0 0 0 0 0 0  |
 ├────────────────────┼─────────────┼─────────────┼──────────────────────────────────────────────────────────────────┤
 | 0x0000000000000672 | 30          | 25          | 0 0 0 0 0 0 0 0 0 0 0 0 0 0 0 0 0 0 0 0 0 0 0 0 0 1 0 0 0 0 1 0  |
 ├────────────────────┼─────────────┼─────────────┼──────────────────────────────────────────────────────────────────┤
 | 0x0000000000001064 | 29          | 28          | 0 0 0 0 0 0 0 0 0 0 0 0 0 0 0 0 0 0 0 0 0 0 0 0 0 0 0 0 1 1 0 0  |
 ├────────────────────┼─────────────┼─────────────┼──────────────────────────────────────────────────────────────────┤
 | 0x0000000000000c6a | 18          | 17          | 0 0 0 0 0 0 0 0 0 0 0 0 0 0 0 0 0 1 1 0 0 0 0 0 0 0 0 0 0 0 0 0  |
 ├────────────────────┼─────────────┼─────────────┼──────────────────────────────────────────────────────────────────┤
 | 0x0000000000000ced | 13          | 12          | 0 0 0 0 0 0 0 0 0 0 0 0 1 1 0 0 0 0 0 0 0 0 0 0 0 0 0 0 0 0 0 0  |
 ├────────────────────┼─────────────┼─────────────┼──────────────────────────────────────────────────────────────────┤
 | 0x00000000000004ed | 18          | 17          | 0 0 0 0 0 0 0 0 0 0 0 0 0 0 0 0 0 1 1 0 0 0 0 0 0 0 0 0 0 0 0 0  |
 ├────────────────────┼─────────────┼─────────────┼──────────────────────────────────────────────────────────────────┤
 | 0x00000000000006d0 | 3           | 20          | 0 0 0 1 1 1 0 1 0 1 0 1 0 0 0 0 1 0 0 0 1 1 0 0 1 1 0 1 0 1 0 0  |
 ├────────────────────┼─────────────┼─────────────┼──────────────────────────────────────────────────────────────────┤
 | 0x00000000000006ce | 15          | 9           | 0 0 0 0 0 0 0 0 0 1 0 0 0 0 0 1 0 0 0 0 0 0 0 0 0 0 0 0 0 0 0 0  |
 ├────────────────────┼─────────────┼─────────────┼──────────────────────────────────────────────────────────────────┤
 | 0x0000000000000766 | 6           | 5           | 0 0 0 0 0 1 1 0 0 0 0 0 0 0 0 0 0 0 0 0 0 0 0 0 0 0 0 0 0 0 0 0  |
 ├────────────────────┼─────────────┼─────────────┼──────────────────────────────────────────────────────────────────┤
 | 0x00000000000006d5 | 25          | 31          | 0 0 0 0 0 0 0 0 0 0 0 0 0 0 0 0 0 0 0 0 0 0 0 0 0 1 0 0 0 0 0 1  |
 ├────────────────────┼─────────────┼─────────────┼──────────────────────────────────────────────────────────────────┤
 | 0x0000000000000741 | 14          | 13          | 0 0 0 0 0 0 0 0 0 0 0 0 0 1 1 0 0 0 0 0 0 0 0 0 0 0 0 0 0 0 0 0  |
 ├────────────────────┼─────────────┼─────────────┼──────────────────────────────────────────────────────────────────┤
 | 0x0000000000000787 | 20          | 7           | 0 0 0 0 0 0 0 1 0 0 0 0 0 0 0 0 0 0 0 0 1 0 0 0 0 0 0 0 0 0 0 0  |
 ├────────────────────┼─────────────┼─────────────┼──────────────────────────────────────────────────────────────────┤
 | 0x0000000000000902 | 22          | 21          | 0 0 0 0 0 0 0 0 0 0 0 0 0 0 0 0 0 0 0 0 0 1 1 0 0 0 0 0 0 0 0 0  |
 ├────────────────────┼─────────────┼─────────────┼──────────────────────────────────────────────────────────────────┤
 | 0x0000000000000c13 | 23          | 22          | 0 0 0 0 0 0 0 0 0 0 0 0 0 0 0 0 0 0 0 0 0 0 1 1 0 0 0 0 0 0 0 0  |
 ├────────────────────┼─────────────┼─────────────┼──────────────────────────────────────────────────────────────────┤
 | 0x00000000000006da | 19          | 20          | 0 0 0 0 0 0 0 0 0 0 0 0 0 0 0 0 0 0 0 1 1 1 0 0 0 0 0 0 0 0 0 0  |
 ├────────────────────┼─────────────┼─────────────┼──────────────────────────────────────────────────────────────────┤
 | 0x0000000000000b53 | 5           | 4           | 0 0 0 0 1 1 0 0 0 0 0 0 0 0 0 0 0 0 0 0 0 0 0 0 0 0 0 0 0 0 0 0  |
 ├────────────────────┼─────────────┼─────────────┼──────────────────────────────────────────────────────────────────┤
 | 0x000000000000027d | 1           | 31          | 0 1 0 0 0 0 0 0 0 0 0 0 0 0 0 0 0 0 0 0 0 0 0 0 0 0 0 0 0 0 0 1  |
 ├────────────────────┼─────────────┼─────────────┼──────────────────────────────────────────────────────────────────┤
 | 0x00000000000005ec | 18          | 29          | 0 0 0 0 0 0 0 0 0 0 0 0 0 0 0 0 0 0 1 0 0 0 0 0 0 0 0 0 0 1 0 0  |
 ├────────────────────┼─────────────┼─────────────┼──────────────────────────────────────────────────────────────────┤
 | 0x0000000000000b6c | 1           | 0           | 1 1 0 0 0 0 0 0 0 0 0 0 0 0 0 0 0 0 0 0 0 0 0 0 0 0 0 0 0 0 0 0  |
 ├────────────────────┼─────────────┼─────────────┼──────────────────────────────────────────────────────────────────┤
 | 0x00000000000005ae | 25          | 24          | 0 0 0 0 0 0 0 0 0 0 0 0 0 0 0 0 0 0 0 0 1 1 0 0 1 1 0 0 0 0 0 0  |
 ├────────────────────┼─────────────┼─────────────┼──────────────────────────────────────────────────────────────────┤
 | 0x0000000000000bbe | 21          | 20          | 0 0 0 0 0 0 0 0 0 0 0 0 0 0 0 0 0 0 0 0 1 1 0 0 0 0 0 0 0 0 0 0  |
 └────────────────────┴─────────────┴─────────────┴──────────────────────────────────────────────────────────────────┘
Accumulation table end
Offset pattern table begin
 ┌────────────────────┬─────────────┬─────────────────────────────────────────────────────────────────────┐
 | Key                | Second      | Pattern                                                             |
 ├────────────────────┼─────────────┼─────────────────────────────────────────────────────────────────────┤
 | 0x0000000000000000 | 1           | 26 12 0 1 0 2 0 1 0 1 1 0 0 0 0 1 2 0 0 0 0 0 0 0 0 0 1 0 0 0 0 1   |
 ├────────────────────┼─────────────┼─────────────────────────────────────────────────────────────────────┤
 | 0x0000000000000001 | 20          | 22 3 0 1 0 0 0 0 0 0 3 1 0 1 0 0 0 0 0 0 0 1 0 0 0 0 1 0 1 0 0 6    |
 ├────────────────────┼─────────────┼─────────────────────────────────────────────────────────────────────┤
 | 0x0000000000000002 | 1           | 19 3 0 0 0 0 1 0 1 0 0 0 0 1 1 0 0 0 2 0 0 0 0 0 2 0 1 0 0 0 0 4    |
 ├────────────────────┼─────────────┼─────────────────────────────────────────────────────────────────────┤
 | 0x0000000000000003 | 4           | 30 5 2 0 1 0 2 2 2 0 0 0 0 4 0 1 4 0 1 0 0 0 3 1 1 0 1 1 0 0 1 9    |
 ├────────────────────┼─────────────┼─────────────────────────────────────────────────────────────────────┤
 | 0x0000000000000004 | 5           | 19 4 0 1 0 0 0 0 0 0 0 0 0 1 0 0 0 0 0 0 0 0 1 0 0 0 0 0 0 0 0 7    |
 ├────────────────────┼─────────────┼─────────────────────────────────────────────────────────────────────┤
 | 0x0000000000000005 | 8           | 21 2 0 0 0 0 0 0 1 0 0 0 0 0 0 0 0 0 0 0 0 1 0 0 0 0 0 0 0 0 2 9    |
 ├────────────────────┼─────────────┼─────────────────────────────────────────────────────────────────────┤
 | 0x0000000000000006 | 5           | 25 4 0 0 0 1 1 1 3 0 0 0 0 2 0 0 1 0 0 1 0 0 1 0 0 0 0 0 0 0 0 6    |
 ├────────────────────┼─────────────┼─────────────────────────────────────────────────────────────────────┤
 | 0x0000000000000007 | 6           | 31 7 0 1 0 0 1 0 0 0 0 1 0 2 1 0 0 0 0 0 0 1 1 2 0 0 0 0 0 0 2 13   |
 ├────────────────────┼─────────────┼─────────────────────────────────────────────────────────────────────┤
 | 0x0000000000000008 | 7           | 19 2 0 0 1 1 0 0 1 0 0 0 0 0 0 0 1 1 0 0 0 2 0 0 0 0 0 0 1 0 0 6    |
 ├────────────────────┼─────────────┼─────────────────────────────────────────────────────────────────────┤
 | 0x0000000000000009 | 7           | 23 6 1 3 0 0 1 0 1 1 1 0 1 1 1 0 1 0 1 0 1 1 0 0 0 0 1 0 0 0 0 6    |
 ├────────────────────┼─────────────┼─────────────────────────────────────────────────────────────────────┤
 | 0x000000000000000a | 11          | 29 4 1 0 0 0 0 2 1 1 1 1 0 0 0 0 1 2 1 0 0 2 0 0 0 0 0 0 0 0 1 11   |
 ├────────────────────┼─────────────┼─────────────────────────────────────────────────────────────────────┤
 | 0x000000000000000b | 12          | 27 3 0 0 0 0 0 1 2 0 0 4 0 0 0 0 1 0 1 1 1 0 0 0 0 0 0 0 0 1 1 10   |
 ├────────────────────┼─────────────┼─────────────────────────────────────────────────────────────────────┤
 | 0x000000000000000c | 13          | 20 4 0 1 1 0 0 1 1 1 2 1 0 1 1 0 1 0 1 1 0 0 0 0 0 0 0 0 0 1 0 4    |
 ├────────────────────┼─────────────┼─────────────────────────────────────────────────────────────────────┤
 | 0x000000000000000d | 12          | 22 5 0 0 0 0 0 0 0 0 0 0 0 0 0 0 0 0 0 0 0 0 0 0 0 0 0 0 0 0 0 11   |
 ├────────────────────┼─────────────┼─────────────────────────────────────────────────────────────────────┤
 | 0x000000000000000e | 13          | 20 3 0 0 0 0 0 0 1 1 1 0 2 0 0 1 1 1 0 0 0 0 0 0 0 0 0 0 0 0 0 7    |
 ├────────────────────┼─────────────┼─────────────────────────────────────────────────────────────────────┤
 | 0x000000000000000f | 14          | 25 6 1 1 0 0 1 0 0 0 1 0 0 0 1 0 1 0 0 0 1 0 0 1 0 0 0 0 0 0 1 10   |
 ├────────────────────┼─────────────┼─────────────────────────────────────────────────────────────────────┤
 | 0x0000000000000010 | 15          | 23 7 3 4 3 3 1 0 0 0 1 0 0 0 0 0 0 1 0 0 0 0 0 0 0 0 0 0 2 0 0 11   |
 ├────────────────────┼─────────────┼─────────────────────────────────────────────────────────────────────┤
 | 0x0000000000000011 | 18          | 26 2 2 1 1 0 1 1 0 2 2 2 1 2 0 2 0 0 0 0 2 0 1 0 2 0 1 1 0 1 5 13   |
 ├────────────────────┼─────────────┼─────────────────────────────────────────────────────────────────────┤
 | 0x0000000000000012 | 19          | 22 2 0 0 0 0 1 0 2 0 4 2 0 0 0 0 0 0 0 0 0 0 1 0 0 0 0 0 0 0 2 8    |
 ├────────────────────┼─────────────┼─────────────────────────────────────────────────────────────────────┤
 | 0x0000000000000013 | 20          | 25 8 4 0 0 0 0 1 1 0 1 0 0 1 0 0 0 0 1 0 0 0 2 0 1 0 0 0 1 0 4 12   |
 ├────────────────────┼─────────────┼─────────────────────────────────────────────────────────────────────┤
 | 0x0000000000000014 | 19          | 16 4 0 0 0 0 0 0 0 0 0 0 0 0 0 0 0 0 0 1 0 0 0 0 0 0 0 0 0 0 0 10   |
 ├────────────────────┼─────────────┼─────────────────────────────────────────────────────────────────────┤
 | 0x0000000000000015 | 9           | 19 5 0 0 1 0 1 0 0 0 0 0 0 0 1 1 1 0 1 1 2 1 1 0 0 0 0 1 0 0 1 8    |
 ├────────────────────┼─────────────┼─────────────────────────────────────────────────────────────────────┤
 | 0x0000000000000016 | 21          | 21 3 0 0 0 0 0 0 0 0 0 0 0 0 0 0 0 0 1 1 0 0 0 0 0 0 0 1 0 0 0 14   |
 ├────────────────────┼─────────────┼─────────────────────────────────────────────────────────────────────┤
 | 0x0000000000000017 | 22          | 26 6 1 0 0 2 1 0 0 0 0 1 0 0 1 0 0 0 1 0 0 0 0 0 2 0 0 0 0 0 0 13   |
 ├────────────────────┼─────────────┼─────────────────────────────────────────────────────────────────────┤
 | 0x0000000000000018 | 25          | 23 5 0 0 1 1 1 1 0 0 0 1 0 1 0 1 0 1 0 1 0 0 0 0 1 0 0 0 1 1 2 12   |
 ├────────────────────┼─────────────┼─────────────────────────────────────────────────────────────────────┤
 | 0x0000000000000019 | 31          | 18 2 0 0 0 2 0 0 0 0 0 1 0 0 0 0 0 0 0 0 0 0 0 0 0 0 0 1 1 0 2 9    |
 ├────────────────────┼─────────────┼─────────────────────────────────────────────────────────────────────┤
 | 0x000000000000001a | 27          | 28 2 1 2 0 1 1 0 0 1 0 1 0 0 0 1 0 1 0 0 1 1 0 1 3 2 3 0 0 0 0 12   |
 ├────────────────────┼─────────────┼─────────────────────────────────────────────────────────────────────┤
 | 0x000000000000001b | 26          | 29 10 5 6 5 5 0 5 0 2 0 0 2 2 4 3 6 5 4 4 5 6 3 1 2 1 0 0 0 4 5 15  |
 ├────────────────────┼─────────────┼─────────────────────────────────────────────────────────────────────┤
 | 0x000000000000001c | 29          | 20 6 0 4 1 1 0 0 0 1 0 0 0 0 0 1 1 0 0 0 0 0 0 0 0 0 0 0 0 0 0 5    |
 ├────────────────────┼─────────────┼─────────────────────────────────────────────────────────────────────┤
 | 0x000000000000001d | 30          | 30 5 0 1 1 0 2 1 0 0 0 0 0 0 1 1 1 3 0 0 0 1 0 0 0 2 1 1 0 0 0 15   |
 ├────────────────────┼─────────────┼─────────────────────────────────────────────────────────────────────┤
 | 0x000000000000001e | 27          | 30 9 4 0 2 0 0 1 0 0 0 3 0 1 5 2 0 4 3 1 2 2 0 2 0 0 0 2 0 3 2 15   |
 ├────────────────────┼─────────────┼─────────────────────────────────────────────────────────────────────┤
 | 0x000000000000001f | 3           | 17 0 2 0 0 0 0 0 0 0 1 1 1 0 0 0 0 0 0 0 1 0 0 0 0 0 3 0 0 3 0 6    |
 └────────────────────┴─────────────┴─────────────────────────────────────────────────────────────────────┘
Offset pattern table end
PC pattern table begin
 ┌────────────────────┬─────────────┬───────────────────────────────────────────────┐
 | Key                | Second      | Pattern                                       |
 ├────────────────────┼─────────────┼───────────────────────────────────────────────┤
 | 0x0000000000000000 | 20          | 10 10 0 0 0 0 0 0 0 0 0 0 0 0 0 0             |
 ├────────────────────┼─────────────┼───────────────────────────────────────────────┤
 | 0x0000000000000001 | 5           | 18 0 1 0 0 2 2 1 1 3 2 1 0 0 0 0              |
 ├────────────────────┼─────────────┼───────────────────────────────────────────────┤
 | 0x0000000000000002 | 27          | 27 15 3 0 2 1 0 0 0 0 0 0 1 1 2 5             |
 ├────────────────────┼─────────────┼───────────────────────────────────────────────┤
 | 0x0000000000000003 | 25          | 16 15 0 15 15 0 0 0 0 0 0 0 0 0 0 0           |
 ├────────────────────┼─────────────┼───────────────────────────────────────────────┤
 | 0x0000000000000004 | 0           | 18 2 0 2 1 2 0 0 0 0 0 0 0 0 1 3              |
 ├────────────────────┼─────────────┼───────────────────────────────────────────────┤
 | 0x0000000000000005 | 12          | 19 15 3 5 1 6 2 7 2 2 2 1 5 2 7 7             |
 ├────────────────────┼─────────────┼───────────────────────────────────────────────┤
 | 0x0000000000000006 | 3           | 25 10 9 10 10 9 6 11 11 9 7 13 12 9 10 12     |
 ├────────────────────┼─────────────┼───────────────────────────────────────────────┤
 | 0x0000000000000007 | 3           | 24 14 0 0 0 0 0 0 0 0 0 0 0 0 0 1             |
 ├────────────────────┼─────────────┼───────────────────────────────────────────────┤
 | 0x0000000000000008 | 26          | 24 11 0 0 0 0 0 0 0 0 1 1 0 0 0 1             |
 ├────────────────────┼─────────────┼───────────────────────────────────────────────┤
 | 0x0000000000000009 | 7           | 17 0 0 0 1 3 1 3 0 0 1 2 1 0 0 0              |
 ├────────────────────┼─────────────┼───────────────────────────────────────────────┤
 | 0x000000000000000a | 21          | 21 7 5 5 4 0 1 1 6 7 6 5 0 1 0 3              |
 ├────────────────────┼─────────────┼───────────────────────────────────────────────┤
 | 0x000000000000000b | 9           | 26 10 12 12 7 14 9 15 14 16 8 12 14 12 19 11  |
 ├────────────────────┼─────────────┼───────────────────────────────────────────────┤
 | 0x000000000000000c | 4           | 21 19 18 18 18 0 0 0 6 18 18 18 18 0 0 0      |
 ├────────────────────┼─────────────┼───────────────────────────────────────────────┤
 | 0x000000000000000d | 30          | 21 9 0 0 0 1 1 0 1 1 0 0 1 2 1 2              |
 ├────────────────────┼─────────────┼───────────────────────────────────────────────┤
 | 0x000000000000000e | 30          | 19 7 7 7 6 0 0 0 6 7 7 6 0 0 0 1              |
 ├────────────────────┼─────────────┼───────────────────────────────────────────────┤
 | 0x000000000000000f | 20          | 23 1 1 1 3 3 1 3 2 0 1 1 0 0 0 1              |
 ├────────────────────┼─────────────┼───────────────────────────────────────────────┤
 | 0x0000000000000010 | 22          | 17 4 0 0 0 1 0 0 0 0 0 0 0 0 0 0              |
 ├────────────────────┼─────────────┼───────────────────────────────────────────────┤
 | 0x0000000000000011 | 0           | 19 9 9 0 0 0 0 0 0 0 0 0 0 0 0 0              |
 ├────────────────────┼─────────────┼───────────────────────────────────────────────┤
 | 0x0000000000000012 | 27          | 29 26 25 0 0 0 5 25 25 25 25 0 0 0 25 26      |
 ├────────────────────┼─────────────┼───────────────────────────────────────────────┤
 | 0x0000000000000013 | 26          | 18 1 0 0 0 0 0 0 0 0 0 0 1 0 0 11             |
 ├────────────────────┼─────────────┼───────────────────────────────────────────────┤
 | 0x0000000000000014 | 3           | 16 1 2 1 1 1 1 1 1 0 1 0 0 0 0 1              |
 ├────────────────────┼─────────────┼───────────────────────────────────────────────┤
 | 0x0000000000000015 | 19          | 18 1 1 1 1 1 0 2 0 2 1 2 0 0 0 1              |
 ├────────────────────┼─────────────┼───────────────────────────────────────────────┤
 | 0x0000000000000016 | 5           | 25 1 10 0 0 2 0 2 1 0 0 1 0 2 4 0             |
 ├────────────────────┼─────────────┼───────────────────────────────────────────────┤
 | 0x0000000000000018 | 29          | 19 0 0 0 0 0 0 0 0 0 0 0 0 0 0 6              |
 ├────────────────────┼─────────────┼───────────────────────────────────────────────┤
 | 0x0000000000000019 | 11          | 25 0 0 0 0 0 0 1 0 0 0 0 0 0 0 16             |
 ├────────────────────┼─────────────┼───────────────────────────────────────────────┤
 | 0x000000000000001a | 13          | 23 11 0 0 0 0 0 0 0 0 0 0 0 0 0 3             |
 ├────────────────────┼─────────────┼───────────────────────────────────────────────┤
 | 0x000000000000001b | 2           | 18 2 2 2 1 0 0 0 2 2 2 1 0 0 0 0              |
 ├────────────────────┼─────────────┼───────────────────────────────────────────────┤
 | 0x000000000000001c | 24          | 28 9 0 3 0 3 0 0 0 0 0 1 0 8 0 3              |
 ├────────────────────┼─────────────┼───────────────────────────────────────────────┤
 | 0x000000000000001d | 9           | 22 10 1 0 0 0 1 0 0 1 1 0 0 0 0 1             |
 ├────────────────────┼─────────────┼───────────────────────────────────────────────┤
 | 0x000000000000001e | 27          | 26 10 0 0 1 0 0 0 0 0 0 1 1 1 2 2             |
 ├────────────────────┼─────────────┼───────────────────────────────────────────────┤
 | 0x000000000000001f | 19          | 23 1 0 0 0 0 0 0 0 0 0 0 0 0 1 11             |
 └────────────────────┴─────────────┴───────────────────────────────────────────────┘
PC pattern table end
Prefetch buffer begin
 ┌────────────────────┬──────────────────────────────────────────────────────────────────┐
 | Region             | Pattern                                                          |
 ├────────────────────┼──────────────────────────────────────────────────────────────────┤
 | 0x0000000000010400 | 0 0 0 0 0 0 0 0 0 0 0 0 0 0 0 0 2 2 0 0 0 0 0 0 0 0 0 0 0 2 0 2  |
 ├────────────────────┼──────────────────────────────────────────────────────────────────┤
 | 0x0000000000000825 | 0 2 2 0 0 0 0 0 0 0 0 0 0 0 0 0 0 0 0 0 0 0 0 0 0 2 2 0 2 0 2 0  |
 ├────────────────────┼──────────────────────────────────────────────────────────────────┤
 | 0x00000000000007ce | 0 0 2 2 0 0 0 0 0 0 0 0 0 0 0 2 0 0 0 0 0 0 0 0 0 0 0 0 0 0 0 0  |
 ├────────────────────┼──────────────────────────────────────────────────────────────────┤
 | 0x0000000000000a4e | 0 0 0 2 2 2 0 0 0 0 0 0 0 0 0 0 0 0 0 0 0 0 0 0 0 0 0 0 2 2 0 0  |
 ├────────────────────┼──────────────────────────────────────────────────────────────────┤
 | 0x00000000000177b5 | 0 0 0 0 0 0 0 2 0 0 0 0 0 0 0 0 0 0 0 0 0 0 0 0 2 2 0 0 0 0 0 0  |
 ├────────────────────┼──────────────────────────────────────────────────────────────────┤
 | 0x00000000000007e3 | 0 0 0 0 0 0 0 0 0 0 0 0 0 2 2 0 0 0 2 0 2 2 2 0 0 0 0 0 0 0 0 0  |
 ├────────────────────┼──────────────────────────────────────────────────────────────────┤
 | 0x00000000000018b2 | 0 0 0 0 0 0 0 0 0 0 0 0 0 0 0 0 0 0 0 0 0 0 0 0 2 2 0 0 0 0 0 0  |
 ├────────────────────┼──────────────────────────────────────────────────────────────────┤
 | 0x00000000000007f8 | 0 2 0 0 2 2 0 0 0 0 0 0 0 0 0 0 0 0 0 0 0 0 0 0 0 0 0 0 2 2 0 0  |
 ├────────────────────┼──────────────────────────────────────────────────────────────────┤
 | 0x00000000000006ce | 2 2 2 2 2 2 2 2 2 0 2 2 2 2 2 0 2 2 2 2 2 2 2 2 2 2 2 2 2 2 2 2  |
 ├────────────────────┼──────────────────────────────────────────────────────────────────┤
 | 0x0000000000010401 | 0 0 0 0 0 0 0 0 0 0 2 0 2 0 0 0 0 0 0 0 0 0 0 0 0 0 0 0 0 2 2 0  |
 ├────────────────────┼──────────────────────────────────────────────────────────────────┤
 | 0x0000000000000803 | 2 2 0 0 0 0 0 2 2 2 0 0 0 0 0 0 0 0 0 0 0 0 0 0 0 0 0 0 0 0 0 0  |
 ├────────────────────┼──────────────────────────────────────────────────────────────────┤
 | 0x00000000000006d5 | 2 2 2 2 2 2 2 2 2 2 2 2 2 2 2 2 2 2 2 2 2 2 2 2 2 0 0 2 2 2 2 0  |
 ├────────────────────┼──────────────────────────────────────────────────────────────────┤
 | 0x00000000000007c0 | 0 0 0 0 0 0 0 0 0 0 0 0 0 0 0 0 0 2 2 0 2 0 2 0 0 2 2 0 0 0 0 0  |
 ├────────────────────┼──────────────────────────────────────────────────────────────────┤
 | 0x00000000000007f6 | 0 0 0 2 0 0 2 2 0 0 0 0 0 0 0 0 0 0 0 0 0 0 0 0 0 0 0 0 0 0 2 2  |
 ├────────────────────┼──────────────────────────────────────────────────────────────────┤
 | 0x0000000000000d8e | 2 2 0 0 0 0 0 0 0 0 0 0 0 0 0 0 0 0 0 0 0 0 0 0 2 2 0 0 0 2 0 2  |
 ├────────────────────┼──────────────────────────────────────────────────────────────────┤
 | 0x0000000000002e91 | 0 0 0 2 0 2 0 0 0 0 0 0 0 0 0 0 0 0 0 0 0 0 0 0 0 0 0 0 0 0 0 0  |
 ├────────────────────┼──────────────────────────────────────────────────────────────────┤
 | 0x000000000000081b | 0 0 0 0 0 0 0 0 0 0 0 2 2 0 2 0 2 0 0 2 2 0 0 0 0 0 0 0 0 0 0 0  |
 ├────────────────────┼──────────────────────────────────────────────────────────────────┤
 | 0x0000000000003308 | 0 2 2 0 0 0 0 0 0 0 0 0 0 0 2 0 2 0 0 0 0 0 0 0 0 0 0 0 0 0 0 0  |
 ├────────────────────┼──────────────────────────────────────────────────────────────────┤
 | 0x0000000000000836 | 0 0 0 0 0 0 0 0 0 0 0 0 0 0 0 0 0 0 0 0 0 0 2 2 0 0 0 0 0 2 2 2  |
 ├────────────────────┼──────────────────────────────────────────────────────────────────┤
 | 0x0000000000000841 | 2 0 0 2 2 0 0 0 0 0 0 0 0 0 0 0 0 0 0 0 0 0 0 0 0 0 0 2 2 0 0 0  |
 ├────────────────────┼──────────────────────────────────────────────────────────────────┤
 | 0x00000000000002f5 | 0 0 0 0 2 2 0 0 0 2 0 2 2 2 0 0 0 0 0 0 0 0 0 0 0 0 0 0 0 0 0 0  |
 ├────────────────────┼──────────────────────────────────────────────────────────────────┤
 | 0x00000000000166f6 | 0 2 2 0 0 2 2 0 0 0 0 0 0 0 0 0 0 0 0 0 0 0 2 0 0 0 0 0 0 0 0 0  |
 ├────────────────────┼──────────────────────────────────────────────────────────────────┤
 | 0x00000000000178e8 | 0 0 0 0 0 0 2 2 0 0 0 0 0 0 0 0 0 0 0 2 0 2 0 0 0 0 0 0 0 0 0 0  |
 ├────────────────────┼──────────────────────────────────────────────────────────────────┤
 | 0x0000000000015a17 | 0 2 0 0 0 0 0 0 0 0 0 0 0 0 0 0 0 0 2 2 0 0 0 0 0 0 0 0 0 0 0 0  |
 ├────────────────────┼──────────────────────────────────────────────────────────────────┤
 | 0x0000000000000815 | 0 2 2 0 0 0 0 0 0 0 0 0 0 0 0 0 0 0 0 0 0 0 0 0 0 2 2 0 2 0 0 0  |
 ├────────────────────┼──────────────────────────────────────────────────────────────────┤
 | 0x0000000000001dbb | 2 2 0 0 0 0 0 0 0 0 0 0 0 2 0 2 0 0 0 0 0 0 0 0 0 0 0 0 0 0 0 0  |
 ├────────────────────┼──────────────────────────────────────────────────────────────────┤
 | 0x0000000000000838 | 2 0 2 0 0 2 2 0 0 0 0 0 0 0 0 0 0 0 0 0 0 0 0 0 0 0 0 0 0 2 2 0  |
 ├────────────────────┼──────────────────────────────────────────────────────────────────┤
 | 0x00000000000007ea | 0 0 0 0 0 0 0 2 2 0 0 2 2 0 0 0 0 0 0 0 0 0 0 0 0 0 0 0 2 0 2 0  |
 ├────────────────────┼──────────────────────────────────────────────────────────────────┤
 | 0x00000000000007ef | 0 0 0 0 0 0 0 0 0 0 0 0 0 0 0 0 0 0 2 2 0 2 0 2 0 0 2 2 0 0 0 0  |
 ├────────────────────┼──────────────────────────────────────────────────────────────────┤
 | 0x0000000000000d97 | 0 0 0 0 0 0 0 0 0 0 0 0 0 0 0 0 2 2 0 0 0 2 0 2 2 2 0 0 0 0 0 0  |
 ├────────────────────┼──────────────────────────────────────────────────────────────────┤
 | 0x0000000000000355 | 0 2 2 0 0 0 0 0 0 2 2 0 0 0 0 0 0 0 0 0 0 0 0 0 0 0 0 0 0 0 0 0  |
 ├────────────────────┼──────────────────────────────────────────────────────────────────┤
 | 0x0000000000000ec4 | 0 0 2 2 0 0 0 0 0 0 0 0 0 0 0 0 0 0 0 0 0 0 0 0 0 0 2 2 0 0 0 0  |
 └────────────────────┴──────────────────────────────────────────────────────────────────┘
Prefetch buffer end
Filter by PPT: 0
cpu0_L2C
Num Con Filled: 0
Num Con Useful: 0 Useless:0 Accuracy: nan
LLC
