41 41 41
Available num physical pages: 35184372088576
WARNING: physical memory size is smaller than virtual memory size

*** ChampSim Multicore Out-of-Order Simulator ***

Warmup Instructions: 5000000
Simulation Instructions: 5000000
Number of CPUs: 1
Page size: 4096

Basic BTB sets: 1024 ways: 8 indirect buffer size: 4096 RAS size: 64
cpu0_L1D PMP prefetcher
Off-chip DRAM Size: 4 GiB Channels: 1 Width: 64-bit Data Rate: 3200 MT/s
Max paddr 6M
Warmup finished CPU 0 instructions: 5000002 cycles: 1250046 cumulative IPC: 3.99986 (Simulation time: 0 hr 2 min 40 sec) 

Warmup complete CPU 0 instructions: 5000002 cycles: 1250046 (Simulation time: 0 hr 2 min 40 sec) 

Heartbeat CPU 0 instructions: 10000002 cycles: 4090244 heartbeat IPC: 2.44485 cumulative IPC: 1.76045 (Simulation time: 0 hr 6 min 10 sec) 
Max paddr 7M
Simulation finished CPU 0 instructions: 5000000 cycles: 2840199 cumulative IPC: 1.76045 (Simulation time: 0 hr 6 min 10 sec) 

Simulation complete CPU 0 instructions: 5000000 cycles: 2840199 (Simulation time: 0 hr 6 min 10 sec) 


ChampSim completed all CPUs

[
  {
    "name": "Simulation",
    "traces": [
      "../traces/473.astar-153B.champsimtrace.xz"
    ],
    "roi": {
      "cores": [
        {
          "instructions": 5000000,
          "cycles": 2840199,
          "Avg ROB occupancy at mispredict": 55.0565, 
          "mispredict": {
            "BRANCH_DIRECT_JUMP": 0,
            "BRANCH_INDIRECT": 0,
            "BRANCH_CONDITIONAL": 86577,
            "BRANCH_DIRECT_CALL": 0,
            "BRANCH_INDIRECT_CALL": 0,
            "BRANCH_RETURN": 0
          }
        }
      ],
      "cpu0_L1I": {
        "LOAD": {
          "hit":0,
          "miss":0
        },
        "RFO": {
          "hit":0,
          "miss":0
        },
        "PREFETCH": {
          "hit":0,
          "miss":0
        },
        "WRITE": {
          "hit":0,
          "miss":0
        },
        "TRANSLATION": {
          "hit":0,
          "miss":0
        },
        "mshr full": 0,
        "prefetch requested": 0,
        "prefetch issued": 0,
        "prefetch filled": 0,
        "prefetch useful": 0,
        "prefetch useless": 0,
        "prefetch late": 0,
        "pf_useful_at_l2_from_l1":          0,
        "pf_late_at_l2_from_l1":          0,
        "pf_useless_at_l2_from_l1":          0,
        "pf_at_l2_to_l1":          0,
        "pf_fill_this_level":          0,
        "miss latency": null,
        "cache queues": {
          "PQ_ACCESS": 0,
          "PQ_FULL": 0,
          "PQ_TO_CACHE": 0,
          "PQ_MERGED": 0,
          "RQ_ACCESS": 0,
          "RQ_MERGED": 0,
          "RQ_FULL": 0,
          "WQ_ACCESS": 0,
          "WQ_MERGED": 0,
          "WQ_FULL": 0
        }
      },
      "cpu0_ITLB": {
        "LOAD": {
          "hit":0,
          "miss":0
        },
        "RFO": {
          "hit":0,
          "miss":0
        },
        "PREFETCH": {
          "hit":0,
          "miss":0
        },
        "WRITE": {
          "hit":0,
          "miss":0
        },
        "TRANSLATION": {
          "hit":0,
          "miss":0
        },
        "mshr full": 0,
        "prefetch requested": 0,
        "prefetch issued": 0,
        "prefetch filled": 0,
        "prefetch useful": 0,
        "prefetch useless": 0,
        "prefetch late": 0,
        "pf_useful_at_l2_from_l1":          0,
        "pf_late_at_l2_from_l1":          0,
        "pf_useless_at_l2_from_l1":          0,
        "pf_at_l2_to_l1":          0,
        "pf_fill_this_level":          0,
        "miss latency": null,
        "cache queues": {
          "PQ_ACCESS": 0,
          "PQ_FULL": 0,
          "PQ_TO_CACHE": 0,
          "PQ_MERGED": 0,
          "RQ_ACCESS": 0,
          "RQ_MERGED": 0,
          "RQ_FULL": 0,
          "WQ_ACCESS": 0,
          "WQ_MERGED": 0,
          "WQ_FULL": 0
        }
      },
      "cpu0_DTLB": {
        "LOAD": {
          "hit":1871541,
          "miss":24879
        },
        "RFO": {
          "hit":0,
          "miss":0
        },
        "PREFETCH": {
          "hit":0,
          "miss":0
        },
        "WRITE": {
          "hit":0,
          "miss":0
        },
        "TRANSLATION": {
          "hit":0,
          "miss":0
        },
        "mshr full": 0,
        "prefetch requested": 0,
        "prefetch issued": 0,
        "prefetch filled": 0,
        "prefetch useful": 0,
        "prefetch useless": 0,
        "prefetch late": 0,
        "pf_useful_at_l2_from_l1":          0,
        "pf_late_at_l2_from_l1":          0,
        "pf_useless_at_l2_from_l1":          0,
        "pf_at_l2_to_l1":          0,
        "pf_fill_this_level":          0,
        "miss latency": 0.488269,
        "cache queues": {
          "PQ_ACCESS": 0,
          "PQ_FULL": 0,
          "PQ_TO_CACHE": 0,
          "PQ_MERGED": 0,
          "RQ_ACCESS": 1896420,
          "RQ_MERGED": 0,
          "RQ_FULL": 0,
          "WQ_ACCESS": 0,
          "WQ_MERGED": 0,
          "WQ_FULL": 0
        }
      },
      "cpu0_STLB": {
        "LOAD": {
          "hit":17100,
          "miss":350
        },
        "RFO": {
          "hit":0,
          "miss":0
        },
        "PREFETCH": {
          "hit":0,
          "miss":0
        },
        "WRITE": {
          "hit":0,
          "miss":0
        },
        "TRANSLATION": {
          "hit":0,
          "miss":0
        },
        "mshr full": 0,
        "prefetch requested": 0,
        "prefetch issued": 0,
        "prefetch filled": 0,
        "prefetch useful": 0,
        "prefetch useless": 0,
        "prefetch late": 0,
        "pf_useful_at_l2_from_l1":          0,
        "pf_late_at_l2_from_l1":          0,
        "pf_useless_at_l2_from_l1":          0,
        "pf_at_l2_to_l1":          0,
        "pf_fill_this_level":          0,
        "miss latency": 9.71643,
        "cache queues": {
          "PQ_ACCESS": 0,
          "PQ_FULL": 0,
          "PQ_TO_CACHE": 0,
          "PQ_MERGED": 0,
          "RQ_ACCESS": 17450,
          "RQ_MERGED": 0,
          "RQ_FULL": 0,
          "WQ_ACCESS": 0,
          "WQ_MERGED": 0,
          "WQ_FULL": 0
        }
      },
      "cpu0_L1D": {
        "LOAD": {
          "hit":1199250,
          "miss":39107
        },
        "RFO": {
          "hit":0,
          "miss":0
        },
        "PREFETCH": {
          "hit":5624,
          "miss":106735
        },
        "WRITE": {
          "hit":655354,
          "miss":2627
        },
        "TRANSLATION": {
          "hit":101,
          "miss":249
        },
        "mshr full": 37,
        "prefetch requested": 112356,
        "prefetch issued": 112356,
        "prefetch filled": 6319,
        "prefetch useful": 1797,
        "prefetch useless": 4720,
        "prefetch late": 200,
        "pf_useful_at_l2_from_l1":          0,
        "pf_late_at_l2_from_l1":          0,
        "pf_useless_at_l2_from_l1":          0,
        "pf_at_l2_to_l1":          0,
        "pf_fill_this_level":       6319,
        "miss latency": 1.61135,
        "cache queues": {
          "PQ_ACCESS": 112356,
          "PQ_FULL": 0,
          "PQ_TO_CACHE": 112356,
          "PQ_MERGED": 0,
          "RQ_ACCESS": 1238438,
          "RQ_MERGED": 79,
          "RQ_FULL": 0,
          "WQ_ACCESS": 657982,
          "WQ_MERGED": 0,
          "WQ_FULL": 0
        }
      },
      "cpu0_L2C": {
        "LOAD": {
          "hit":8229,
          "miss":6750
        },
        "RFO": {
          "hit":317,
          "miss":750
        },
        "PREFETCH": {
          "hit":60172,
          "miss":46483
        },
        "WRITE": {
          "hit":4369,
          "miss":0
        },
        "TRANSLATION": {
          "hit":47,
          "miss":202
        },
        "mshr full": 1492,
        "prefetch requested": 0,
        "prefetch issued": 0,
        "prefetch filled": 46378,
        "prefetch useful": 0,
        "prefetch useless": 0,
        "prefetch late": 0,
        "pf_useful_at_l2_from_l1":       5005,
        "pf_late_at_l2_from_l1":         85,
        "pf_useless_at_l2_from_l1":      36613,
        "pf_at_l2_to_l1":        734,
        "pf_fill_this_level":      42312,
        "miss latency": 25.3934,
        "cache queues": {
          "PQ_ACCESS": 106734,
          "PQ_FULL": 77,
          "PQ_TO_CACHE": 106657,
          "PQ_MERGED": 0,
          "RQ_ACCESS": 16296,
          "RQ_MERGED": 0,
          "RQ_FULL": 0,
          "WQ_ACCESS": 4682,
          "WQ_MERGED": 0,
          "WQ_FULL": 0
        }
      },
      "LLC": {
        "LOAD": {
          "hit": [3329],
          "miss": [3336]
        },
        "RFO": {
          "hit": [30],
          "miss": [720]
        },
        "PREFETCH": {
          "hit": [21244],
          "miss": [25219]
        },
        "WRITE": {
          "hit": [4498],
          "miss": [0]
        },
        "TRANSLATION": {
          "hit": [73],
          "miss": [129]
        },
        "mshr full": 0,
        "prefetch requested": 0,
        "prefetch issued": 0,
        "prefetch filled": 25219,
        "prefetch useful": 0,
        "prefetch useless": 0,
        "prefetch late": 0,
        "pf_useful_at_l2_from_l1":          0,
        "pf_late_at_l2_from_l1":          0,
        "pf_useless_at_l2_from_l1":          0,
        "pf_at_l2_to_l1":        898,
        "pf_fill_this_level":          0,
        "miss latency": 40.6618,
        "cache queues": {
          "PQ_ACCESS": 46464,
          "PQ_FULL": 0,
          "PQ_TO_CACHE": 46464,
          "PQ_MERGED": 0,
          "RQ_ACCESS": 7617,
          "RQ_MERGED": 0,
          "RQ_FULL": 0,
          "WQ_ACCESS": 4498,
          "WQ_MERGED": 0,
          "WQ_FULL": 0
        }
      },
      "DRAM": [
        {
          "RQ ROW_BUFFER_HIT": 9674,
          "RQ ROW_BUFFER_MISS": 19730,
          "PQ FULL": 0,
          "WQ ROW_BUFFER_HIT": 418,
          "WQ ROW_BUFFER_MISS": 3144,
          "WQ FULL": 0,
          "AVG DBUS CONGESTED CYCLE": 3.89049
        }
      ]

    },
    "sim": {
      "cores": [
        {
          "instructions": 5000000,
          "cycles": 2840199,
          "Avg ROB occupancy at mispredict": 55.0565, 
          "mispredict": {
            "BRANCH_DIRECT_JUMP": 0,
            "BRANCH_INDIRECT": 0,
            "BRANCH_CONDITIONAL": 86577,
            "BRANCH_DIRECT_CALL": 0,
            "BRANCH_INDIRECT_CALL": 0,
            "BRANCH_RETURN": 0
          }
        }
      ],
      "cpu0_L1I": {
        "LOAD": {
          "hit":0,
          "miss":0
        },
        "RFO": {
          "hit":0,
          "miss":0
        },
        "PREFETCH": {
          "hit":0,
          "miss":0
        },
        "WRITE": {
          "hit":0,
          "miss":0
        },
        "TRANSLATION": {
          "hit":0,
          "miss":0
        },
        "mshr full": 0,
        "prefetch requested": 0,
        "prefetch issued": 0,
        "prefetch filled": 0,
        "prefetch useful": 0,
        "prefetch useless": 0,
        "prefetch late": 0,
        "pf_useful_at_l2_from_l1":          0,
        "pf_late_at_l2_from_l1":          0,
        "pf_useless_at_l2_from_l1":          0,
        "pf_at_l2_to_l1":          0,
        "pf_fill_this_level":          0,
        "miss latency": null,
        "cache queues": {
          "PQ_ACCESS": 0,
          "PQ_FULL": 0,
          "PQ_TO_CACHE": 0,
          "PQ_MERGED": 0,
          "RQ_ACCESS": 0,
          "RQ_MERGED": 0,
          "RQ_FULL": 0,
          "WQ_ACCESS": 0,
          "WQ_MERGED": 0,
          "WQ_FULL": 0
        }
      },
      "cpu0_ITLB": {
        "LOAD": {
          "hit":0,
          "miss":0
        },
        "RFO": {
          "hit":0,
          "miss":0
        },
        "PREFETCH": {
          "hit":0,
          "miss":0
        },
        "WRITE": {
          "hit":0,
          "miss":0
        },
        "TRANSLATION": {
          "hit":0,
          "miss":0
        },
        "mshr full": 0,
        "prefetch requested": 0,
        "prefetch issued": 0,
        "prefetch filled": 0,
        "prefetch useful": 0,
        "prefetch useless": 0,
        "prefetch late": 0,
        "pf_useful_at_l2_from_l1":          0,
        "pf_late_at_l2_from_l1":          0,
        "pf_useless_at_l2_from_l1":          0,
        "pf_at_l2_to_l1":          0,
        "pf_fill_this_level":          0,
        "miss latency": null,
        "cache queues": {
          "PQ_ACCESS": 0,
          "PQ_FULL": 0,
          "PQ_TO_CACHE": 0,
          "PQ_MERGED": 0,
          "RQ_ACCESS": 0,
          "RQ_MERGED": 0,
          "RQ_FULL": 0,
          "WQ_ACCESS": 0,
          "WQ_MERGED": 0,
          "WQ_FULL": 0
        }
      },
      "cpu0_DTLB": {
        "LOAD": {
          "hit":1871541,
          "miss":24879
        },
        "RFO": {
          "hit":0,
          "miss":0
        },
        "PREFETCH": {
          "hit":0,
          "miss":0
        },
        "WRITE": {
          "hit":0,
          "miss":0
        },
        "TRANSLATION": {
          "hit":0,
          "miss":0
        },
        "mshr full": 0,
        "prefetch requested": 0,
        "prefetch issued": 0,
        "prefetch filled": 0,
        "prefetch useful": 0,
        "prefetch useless": 0,
        "prefetch late": 0,
        "pf_useful_at_l2_from_l1":          0,
        "pf_late_at_l2_from_l1":          0,
        "pf_useless_at_l2_from_l1":          0,
        "pf_at_l2_to_l1":          0,
        "pf_fill_this_level":          0,
        "miss latency": 0.488269,
        "cache queues": {
          "PQ_ACCESS": 0,
          "PQ_FULL": 0,
          "PQ_TO_CACHE": 0,
          "PQ_MERGED": 0,
          "RQ_ACCESS": 1896420,
          "RQ_MERGED": 0,
          "RQ_FULL": 0,
          "WQ_ACCESS": 0,
          "WQ_MERGED": 0,
          "WQ_FULL": 0
        }
      },
      "cpu0_STLB": {
        "LOAD": {
          "hit":17100,
          "miss":350
        },
        "RFO": {
          "hit":0,
          "miss":0
        },
        "PREFETCH": {
          "hit":0,
          "miss":0
        },
        "WRITE": {
          "hit":0,
          "miss":0
        },
        "TRANSLATION": {
          "hit":0,
          "miss":0
        },
        "mshr full": 0,
        "prefetch requested": 0,
        "prefetch issued": 0,
        "prefetch filled": 0,
        "prefetch useful": 0,
        "prefetch useless": 0,
        "prefetch late": 0,
        "pf_useful_at_l2_from_l1":          0,
        "pf_late_at_l2_from_l1":          0,
        "pf_useless_at_l2_from_l1":          0,
        "pf_at_l2_to_l1":          0,
        "pf_fill_this_level":          0,
        "miss latency": 9.71643,
        "cache queues": {
          "PQ_ACCESS": 0,
          "PQ_FULL": 0,
          "PQ_TO_CACHE": 0,
          "PQ_MERGED": 0,
          "RQ_ACCESS": 17450,
          "RQ_MERGED": 0,
          "RQ_FULL": 0,
          "WQ_ACCESS": 0,
          "WQ_MERGED": 0,
          "WQ_FULL": 0
        }
      },
      "cpu0_L1D": {
        "LOAD": {
          "hit":1199250,
          "miss":39107
        },
        "RFO": {
          "hit":0,
          "miss":0
        },
        "PREFETCH": {
          "hit":5624,
          "miss":106735
        },
        "WRITE": {
          "hit":655354,
          "miss":2627
        },
        "TRANSLATION": {
          "hit":101,
          "miss":249
        },
        "mshr full": 37,
        "prefetch requested": 112356,
        "prefetch issued": 112356,
        "prefetch filled": 6319,
        "prefetch useful": 1797,
        "prefetch useless": 4720,
        "prefetch late": 200,
        "pf_useful_at_l2_from_l1":          0,
        "pf_late_at_l2_from_l1":          0,
        "pf_useless_at_l2_from_l1":          0,
        "pf_at_l2_to_l1":          0,
        "pf_fill_this_level":       6319,
        "miss latency": 1.61135,
        "cache queues": {
          "PQ_ACCESS": 112356,
          "PQ_FULL": 0,
          "PQ_TO_CACHE": 112356,
          "PQ_MERGED": 0,
          "RQ_ACCESS": 1238438,
          "RQ_MERGED": 79,
          "RQ_FULL": 0,
          "WQ_ACCESS": 657982,
          "WQ_MERGED": 0,
          "WQ_FULL": 0
        }
      },
      "cpu0_L2C": {
        "LOAD": {
          "hit":8229,
          "miss":6750
        },
        "RFO": {
          "hit":317,
          "miss":750
        },
        "PREFETCH": {
          "hit":60172,
          "miss":46483
        },
        "WRITE": {
          "hit":4369,
          "miss":0
        },
        "TRANSLATION": {
          "hit":47,
          "miss":202
        },
        "mshr full": 1492,
        "prefetch requested": 0,
        "prefetch issued": 0,
        "prefetch filled": 46378,
        "prefetch useful": 0,
        "prefetch useless": 0,
        "prefetch late": 0,
        "pf_useful_at_l2_from_l1":       5005,
        "pf_late_at_l2_from_l1":         85,
        "pf_useless_at_l2_from_l1":      36613,
        "pf_at_l2_to_l1":        734,
        "pf_fill_this_level":      42312,
        "miss latency": 25.3934,
        "cache queues": {
          "PQ_ACCESS": 106734,
          "PQ_FULL": 77,
          "PQ_TO_CACHE": 106657,
          "PQ_MERGED": 0,
          "RQ_ACCESS": 16296,
          "RQ_MERGED": 0,
          "RQ_FULL": 0,
          "WQ_ACCESS": 4682,
          "WQ_MERGED": 0,
          "WQ_FULL": 0
        }
      },
      "LLC": {
        "LOAD": {
          "hit": [3329],
          "miss": [3336]
        },
        "RFO": {
          "hit": [30],
          "miss": [720]
        },
        "PREFETCH": {
          "hit": [21244],
          "miss": [25219]
        },
        "WRITE": {
          "hit": [4498],
          "miss": [0]
        },
        "TRANSLATION": {
          "hit": [73],
          "miss": [129]
        },
        "mshr full": 0,
        "prefetch requested": 0,
        "prefetch issued": 0,
        "prefetch filled": 25219,
        "prefetch useful": 0,
        "prefetch useless": 0,
        "prefetch late": 0,
        "pf_useful_at_l2_from_l1":          0,
        "pf_late_at_l2_from_l1":          0,
        "pf_useless_at_l2_from_l1":          0,
        "pf_at_l2_to_l1":        898,
        "pf_fill_this_level":          0,
        "miss latency": 40.6618,
        "cache queues": {
          "PQ_ACCESS": 46464,
          "PQ_FULL": 0,
          "PQ_TO_CACHE": 46464,
          "PQ_MERGED": 0,
          "RQ_ACCESS": 7617,
          "RQ_MERGED": 0,
          "RQ_FULL": 0,
          "WQ_ACCESS": 4498,
          "WQ_MERGED": 0,
          "WQ_FULL": 0
        }
      },
      "DRAM": [
        {
          "RQ ROW_BUFFER_HIT": 9674,
          "RQ ROW_BUFFER_MISS": 19730,
          "PQ FULL": 0,
          "WQ ROW_BUFFER_HIT": 418,
          "WQ ROW_BUFFER_MISS": 3144,
          "WQ FULL": 0,
          "AVG DBUS CONGESTED CYCLE": 3.89049
        }
      ]

    }
  }
]
cpu0_ITLB
cpu0_DTLB
cpu0_STLB
Prefetch Request to L1: 9471, Prefetch Request to L2: 102885
Invalid by Eviction: 2988
Invalid by Max: 2574
Filter table begin
 ┌────────────────────┬─────────────┐
 | Region             | Offset      |
 ├────────────────────┼─────────────┤
 | 0x0000000000000762 | 7           |
 ├────────────────────┼─────────────┤
 | 0x00000000000008f1 | 24          |
 ├────────────────────┼─────────────┤
 | 0x0000000000000845 | 12          |
 ├────────────────────┼─────────────┤
 | 0x000000000000042f | 9           |
 ├────────────────────┼─────────────┤
 | 0x000000000000030c | 8           |
 ├────────────────────┼─────────────┤
 | 0x00000000000002a7 | 8           |
 ├────────────────────┼─────────────┤
 | 0x00000000000006ac | 8           |
 ├────────────────────┼─────────────┤
 | 0x0000000000000c6a | 15          |
 ├────────────────────┼─────────────┤
 | 0x0000000000000493 | 9           |
 ├────────────────────┼─────────────┤
 | 0x000000000000044b | 9           |
 ├────────────────────┼─────────────┤
 | 0x0000000000000265 | 15          |
 ├────────────────────┼─────────────┤
 | 0x000000000000047d | 9           |
 ├────────────────────┼─────────────┤
 | 0x000000000000093e | 15          |
 ├────────────────────┼─────────────┤
 | 0x00000000000002ee | 16          |
 ├────────────────────┼─────────────┤
 | 0x0000000000000844 | 12          |
 ├────────────────────┼─────────────┤
 | 0x00000000000004c0 | 24          |
 ├────────────────────┼─────────────┤
 | 0x0000000000000855 | 28          |
 ├────────────────────┼─────────────┤
 | 0x00000000000006ae | 15          |
 ├────────────────────┼─────────────┤
 | 0x00000000000007aa | 7           |
 ├────────────────────┼─────────────┤
 | 0x00000000000002f6 | 15          |
 ├────────────────────┼─────────────┤
 | 0x0000000000000c68 | 8           |
 ├────────────────────┼─────────────┤
 | 0x000000000000097c | 7           |
 ├────────────────────┼─────────────┤
 | 0x0000000000000839 | 28          |
 ├────────────────────┼─────────────┤
 | 0x0000000000000732 | 7           |
 ├────────────────────┼─────────────┤
 | 0x00000000000008a8 | 11          |
 ├────────────────────┼─────────────┤
 | 0x0000000000000bc8 | 11          |
 ├────────────────────┼─────────────┤
 | 0x0000000000000449 | 9           |
 ├────────────────────┼─────────────┤
 | 0x0000000000000807 | 6           |
 ├────────────────────┼─────────────┤
 | 0x0000000000000c56 | 8           |
 ├────────────────────┼─────────────┤
 | 0x000000000000047f | 9           |
 ├────────────────────┼─────────────┤
 | 0x0000000000000339 | 15          |
 ├────────────────────┼─────────────┤
 | 0x0000000000000260 | 15          |
 ├────────────────────┼─────────────┤
 | 0x000000000000038a | 12          |
 ├────────────────────┼─────────────┤
 | 0x0000000000000a49 | 11          |
 ├────────────────────┼─────────────┤
 | 0x000000000000097a | 7           |
 ├────────────────────┼─────────────┤
 | 0x0000000000000a37 | 11          |
 ├────────────────────┼─────────────┤
 | 0x0000000000000945 | 15          |
 ├────────────────────┼─────────────┤
 | 0x0000000000000718 | 15          |
 ├────────────────────┼─────────────┤
 | 0x00000000000008af | 11          |
 ├────────────────────┼─────────────┤
 | 0x0000000000000944 | 15          |
 ├────────────────────┼─────────────┤
 | 0x00000000000008ef | 24          |
 ├────────────────────┼─────────────┤
 | 0x000000000000038b | 12          |
 ├────────────────────┼─────────────┤
 | 0x00000000000008ae | 11          |
 ├────────────────────┼─────────────┤
 | 0x00000000000008b5 | 11          |
 ├────────────────────┼─────────────┤
 | 0x0000000000000a41 | 11          |
 ├────────────────────┼─────────────┤
 | 0x0000000000000a3f | 8           |
 ├────────────────────┼─────────────┤
 | 0x00000000000003c3 | 26          |
 ├────────────────────┼─────────────┤
 | 0x000000000000096a | 7           |
 ├────────────────────┼─────────────┤
 | 0x0000000000000978 | 7           |
 ├────────────────────┼─────────────┤
 | 0x00000000000003a5 | 26          |
 ├────────────────────┼─────────────┤
 | 0x0000000000000a11 | 8           |
 ├────────────────────┼─────────────┤
 | 0x0000000000000524 | 3           |
 ├────────────────────┼─────────────┤
 | 0x0000000000000270 | 15          |
 ├────────────────────┼─────────────┤
 | 0x0000000000000461 | 8           |
 ├────────────────────┼─────────────┤
 | 0x0000000000000495 | 8           |
 ├────────────────────┼─────────────┤
 | 0x000000000000044d | 8           |
 ├────────────────────┼─────────────┤
 | 0x0000000000000389 | 26          |
 ├────────────────────┼─────────────┤
 | 0x00000000000008ed | 24          |
 ├────────────────────┼─────────────┤
 | 0x0000000000000271 | 15          |
 ├────────────────────┼─────────────┤
 | 0x0000000000000310 | 8           |
 ├────────────────────┼─────────────┤
 | 0x00000000000006b0 | 8           |
 ├────────────────────┼─────────────┤
 | 0x000000000000045f | 9           |
 └────────────────────┴─────────────┘
Filter table end
Accumulation table begin
 ┌────────────────────┬─────────────┬─────────────┬──────────────────────────────────────────────────────────────────┐
 | Region             | Offset      | Second      | Pattern                                                          |
 ├────────────────────┼─────────────┼─────────────┼──────────────────────────────────────────────────────────────────┤
 | 0x0000000000000216 | 5           | 4           | 0 0 0 0 1 1 0 0 0 0 0 0 0 0 0 0 0 0 0 0 0 0 0 0 0 0 0 0 0 0 0 0  |
 ├────────────────────┼─────────────┼─────────────┼──────────────────────────────────────────────────────────────────┤
 | 0x0000000000000843 | 28          | 6           | 0 0 0 0 0 0 1 0 0 0 0 0 0 0 0 0 0 0 0 0 0 0 0 0 0 0 0 0 1 0 0 0  |
 ├────────────────────┼─────────────┼─────────────┼──────────────────────────────────────────────────────────────────┤
 | 0x000000000000021f | 24          | 25          | 0 0 0 0 0 0 0 0 0 0 0 0 0 0 0 0 0 0 0 0 0 0 0 0 1 1 1 0 0 0 0 0  |
 ├────────────────────┼─────────────┼─────────────┼──────────────────────────────────────────────────────────────────┤
 | 0x0000000000000ab8 | 28          | 29          | 0 0 0 0 0 0 0 0 0 0 0 0 0 0 0 0 0 0 0 0 0 0 0 0 0 0 0 0 1 1 0 0  |
 ├────────────────────┼─────────────┼─────────────┼──────────────────────────────────────────────────────────────────┤
 | 0x0000000000000c5c | 31          | 30          | 0 0 0 0 0 0 0 0 0 0 0 0 0 0 0 0 0 0 1 1 1 1 1 1 1 1 1 1 1 1 1 1  |
 ├────────────────────┼─────────────┼─────────────┼──────────────────────────────────────────────────────────────────┤
 | 0x000000000000066a | 25          | 24          | 0 0 0 0 0 0 0 0 0 0 0 0 0 0 0 0 0 0 0 0 0 0 0 0 1 1 0 0 0 0 0 0  |
 ├────────────────────┼─────────────┼─────────────┼──────────────────────────────────────────────────────────────────┤
 | 0x000000000000066c | 4           | 3           | 0 0 0 1 1 0 0 0 0 0 0 0 0 0 0 0 0 0 0 0 0 0 0 0 0 0 0 0 0 0 0 0  |
 ├────────────────────┼─────────────┼─────────────┼──────────────────────────────────────────────────────────────────┤
 | 0x00000000000003fc | 9           | 8           | 0 0 0 0 0 0 0 0 1 1 0 0 0 0 0 0 0 0 0 0 0 0 0 0 0 0 0 0 0 0 0 0  |
 ├────────────────────┼─────────────┼─────────────┼──────────────────────────────────────────────────────────────────┤
 | 0x0000000000000c53 | 31          | 30          | 0 0 0 0 0 0 0 0 0 0 0 0 0 0 0 0 0 0 0 0 0 0 0 0 0 0 0 0 1 1 1 1  |
 ├────────────────────┼─────────────┼─────────────┼──────────────────────────────────────────────────────────────────┤
 | 0x00000000000002b0 | 9           | 15          | 0 0 0 0 0 0 0 0 0 1 0 0 0 0 0 1 0 0 0 0 0 0 0 0 0 0 0 0 0 0 0 0  |
 ├────────────────────┼─────────────┼─────────────┼──────────────────────────────────────────────────────────────────┤
 | 0x0000000000000666 | 25          | 24          | 0 0 0 0 0 0 0 0 0 0 0 0 0 0 0 0 0 0 0 0 0 0 0 0 1 1 0 0 0 0 0 0  |
 ├────────────────────┼─────────────┼─────────────┼──────────────────────────────────────────────────────────────────┤
 | 0x0000000000000c60 | 8           | 9           | 0 0 0 0 0 0 0 0 1 1 0 0 0 0 0 0 0 0 0 0 0 0 0 0 0 0 0 0 0 0 0 0  |
 ├────────────────────┼─────────────┼─────────────┼──────────────────────────────────────────────────────────────────┤
 | 0x0000000000000c5a | 31          | 30          | 0 0 0 0 0 0 0 0 0 0 0 0 0 0 0 0 0 0 1 1 1 1 1 1 1 1 1 1 1 1 1 1  |
 ├────────────────────┼─────────────┼─────────────┼──────────────────────────────────────────────────────────────────┤
 | 0x0000000000000212 | 0           | 25          | 1 0 0 0 0 0 0 0 0 0 0 0 0 0 0 0 0 0 0 0 0 0 0 0 0 1 1 0 0 0 0 0  |
 ├────────────────────┼─────────────┼─────────────┼──────────────────────────────────────────────────────────────────┤
 | 0x0000000000000a7a | 28          | 29          | 0 0 0 0 0 0 0 0 0 0 0 0 0 0 0 0 0 0 0 0 0 0 0 0 0 0 0 0 1 1 0 0  |
 ├────────────────────┼─────────────┼─────────────┼──────────────────────────────────────────────────────────────────┤
 | 0x0000000000000ac2 | 28          | 29          | 0 0 0 0 0 0 0 0 0 0 0 0 0 0 0 0 0 0 0 0 0 0 0 0 0 0 0 0 1 1 0 0  |
 ├────────────────────┼─────────────┼─────────────┼──────────────────────────────────────────────────────────────────┤
 | 0x0000000000000668 | 25          | 24          | 0 0 0 0 0 0 0 0 0 0 0 0 0 0 0 0 0 0 0 0 0 0 0 0 1 1 0 0 0 0 0 0  |
 ├────────────────────┼─────────────┼─────────────┼──────────────────────────────────────────────────────────────────┤
 | 0x0000000000000a70 | 28          | 29          | 0 0 0 0 0 0 0 0 0 0 0 0 0 0 0 0 0 0 0 0 0 0 0 0 0 0 0 0 1 1 0 0  |
 ├────────────────────┼─────────────┼─────────────┼──────────────────────────────────────────────────────────────────┤
 | 0x0000000000000aae | 28          | 29          | 0 0 0 0 0 0 0 0 0 0 0 0 0 0 0 0 0 0 0 0 0 0 0 0 0 0 0 0 1 1 0 0  |
 ├────────────────────┼─────────────┼─────────────┼──────────────────────────────────────────────────────────────────┤
 | 0x0000000000000ace | 28          | 29          | 0 0 0 0 0 0 0 0 0 0 0 0 0 0 0 0 0 0 0 0 0 0 0 0 0 0 0 0 1 1 0 0  |
 ├────────────────────┼─────────────┼─────────────┼──────────────────────────────────────────────────────────────────┤
 | 0x0000000000000c5e | 31          | 30          | 0 0 0 0 0 0 0 0 0 0 0 0 0 0 0 0 0 0 0 0 0 0 0 0 0 0 1 1 1 1 1 1  |
 ├────────────────────┼─────────────┼─────────────┼──────────────────────────────────────────────────────────────────┤
 | 0x00000000000008f5 | 24          | 28          | 0 0 0 0 0 0 0 0 0 0 0 0 0 0 0 0 0 0 0 0 0 0 0 0 1 0 0 0 1 0 0 0  |
 ├────────────────────┼─────────────┼─────────────┼──────────────────────────────────────────────────────────────────┤
 | 0x00000000000008f3 | 7           | 6           | 0 0 0 0 0 0 1 1 0 0 0 0 0 0 0 0 0 0 0 0 0 0 0 0 1 0 0 0 0 0 0 0  |
 ├────────────────────┼─────────────┼─────────────┼──────────────────────────────────────────────────────────────────┤
 | 0x000000000000066d | 4           | 3           | 0 0 0 1 1 0 0 0 0 0 0 0 0 0 0 0 0 0 0 0 0 0 0 0 0 0 0 0 0 0 0 0  |
 ├────────────────────┼─────────────┼─────────────┼──────────────────────────────────────────────────────────────────┤
 | 0x00000000000003dc | 9           | 8           | 0 0 0 0 0 0 0 0 1 1 0 0 0 0 0 0 0 0 0 0 0 0 0 0 0 0 0 0 0 0 0 0  |
 ├────────────────────┼─────────────┼─────────────┼──────────────────────────────────────────────────────────────────┤
 | 0x0000000000000c5d | 1           | 0           | 1 1 0 0 0 0 0 0 0 0 0 0 0 0 0 0 0 0 0 0 0 0 0 0 0 0 0 0 0 0 0 0  |
 ├────────────────────┼─────────────┼─────────────┼──────────────────────────────────────────────────────────────────┤
 | 0x00000000000008a9 | 11          | 12          | 0 0 0 0 0 0 0 0 0 0 0 1 1 0 0 0 0 0 0 0 0 0 0 0 0 0 0 0 0 0 0 0  |
 ├────────────────────┼─────────────┼─────────────┼──────────────────────────────────────────────────────────────────┤
 | 0x00000000000003da | 9           | 8           | 0 0 0 0 0 0 0 0 1 1 0 0 0 0 0 0 0 0 0 0 0 0 0 0 0 0 0 0 0 0 0 0  |
 └────────────────────┴─────────────┴─────────────┴──────────────────────────────────────────────────────────────────┘
Accumulation table end
Offset pattern table begin
 ┌────────────────────┬─────────────┬─────────────────────────────────────────────────────────────────────────┐
 | Key                | Second      | Pattern                                                                 |
 ├────────────────────┼─────────────┼─────────────────────────────────────────────────────────────────────────┤
 | 0x0000000000000000 | 1           | 18 9 0 0 0 0 0 0 0 0 0 1 2 1 1 1 1 1 0 1 1 0 0 1 2 2 1 0 0 0 0 0        |
 ├────────────────────┼─────────────┼─────────────────────────────────────────────────────────────────────────┤
 | 0x0000000000000001 | 2           | 18 11 0 0 0 0 0 1 0 0 0 0 0 0 0 0 0 0 0 0 0 0 0 0 0 0 0 0 0 0 0 4       |
 ├────────────────────┼─────────────┼─────────────────────────────────────────────────────────────────────────┤
 | 0x0000000000000002 | 14          | 21 4 1 0 0 0 0 0 0 0 0 0 2 0 0 0 0 0 0 0 0 0 0 0 0 0 0 0 0 0 4 15       |
 ├────────────────────┼─────────────┼─────────────────────────────────────────────────────────────────────────┤
 | 0x0000000000000003 | 2           | 25 15 1 1 0 0 0 0 0 0 0 0 0 0 0 0 0 0 0 0 0 0 0 0 0 0 0 0 0 0 3 7       |
 ├────────────────────┼─────────────┼─────────────────────────────────────────────────────────────────────────┤
 | 0x0000000000000004 | 3           | 20 14 0 0 3 0 0 1 0 0 0 0 0 0 0 0 0 0 0 0 0 0 0 0 0 0 0 0 0 0 1 2       |
 ├────────────────────┼─────────────┼─────────────────────────────────────────────────────────────────────────┤
 | 0x0000000000000005 | 4           | 23 9 5 0 0 1 1 0 0 0 0 0 0 0 0 0 0 0 0 0 0 0 0 0 0 0 0 2 3 3 3 7        |
 ├────────────────────┼─────────────┼─────────────────────────────────────────────────────────────────────────┤
 | 0x0000000000000006 | 17          | 28 22 0 0 0 0 0 0 0 0 0 0 0 0 0 0 0 0 0 0 0 0 2 0 0 0 1 1 1 1 1 6       |
 ├────────────────────┼─────────────┼─────────────────────────────────────────────────────────────────────────┤
 | 0x0000000000000007 | 6           | 28 16 0 0 0 0 0 0 0 0 0 0 0 0 0 0 0 0 0 0 0 0 0 0 0 0 0 0 0 0 3 10      |
 ├────────────────────┼─────────────┼─────────────────────────────────────────────────────────────────────────┤
 | 0x0000000000000008 | 7           | 30 6 6 7 1 0 2 0 0 0 0 0 0 0 0 0 0 0 0 0 0 0 0 0 0 1 1 0 0 1 1 13       |
 ├────────────────────┼─────────────┼─────────────────────────────────────────────────────────────────────────┤
 | 0x0000000000000009 | 10          | 24 10 0 0 0 0 4 0 0 0 0 0 0 0 0 2 0 0 0 0 0 0 0 1 2 2 1 1 1 1 1 4       |
 ├────────────────────┼─────────────┼─────────────────────────────────────────────────────────────────────────┤
 | 0x000000000000000a | 17          | 17 12 0 0 0 0 0 0 0 0 1 0 0 1 1 0 0 0 0 0 0 0 0 0 0 0 0 1 0 0 0 1       |
 ├────────────────────┼─────────────┼─────────────────────────────────────────────────────────────────────────┤
 | 0x000000000000000b | 10          | 27 9 0 0 0 0 0 0 0 0 0 0 0 1 0 0 0 0 0 0 0 3 3 3 4 6 5 4 4 4 5 15       |
 ├────────────────────┼─────────────┼─────────────────────────────────────────────────────────────────────────┤
 | 0x000000000000000c | 11          | 29 7 4 0 0 0 0 0 0 0 0 0 0 0 0 0 1 0 0 0 2 2 3 3 4 4 3 7 4 4 3 12       |
 ├────────────────────┼─────────────┼─────────────────────────────────────────────────────────────────────────┤
 | 0x000000000000000d | 14          | 23 14 0 0 0 8 0 0 0 0 0 0 0 0 0 0 0 0 0 0 0 0 0 0 0 0 0 0 0 0 0 2       |
 ├────────────────────┼─────────────┼─────────────────────────────────────────────────────────────────────────┤
 | 0x000000000000000e | 13          | 21 14 1 3 1 0 0 0 0 0 0 0 1 0 0 0 0 0 1 1 1 1 2 2 2 2 2 2 2 2 2 2       |
 ├────────────────────┼─────────────┼─────────────────────────────────────────────────────────────────────────┤
 | 0x000000000000000f | 14          | 30 11 0 0 0 0 0 0 0 0 0 0 0 0 0 0 0 1 1 1 1 1 1 1 1 1 3 1 3 3 1 10      |
 ├────────────────────┼─────────────┼─────────────────────────────────────────────────────────────────────────┤
 | 0x0000000000000010 | 15          | 30 16 0 0 0 0 0 0 0 0 0 0 0 0 0 0 1 1 1 1 1 1 1 1 1 1 1 1 1 1 3 12      |
 ├────────────────────┼─────────────┼─────────────────────────────────────────────────────────────────────────┤
 | 0x0000000000000011 | 16          | 31 15 0 0 0 0 0 0 0 0 0 0 0 0 0 0 0 0 0 0 0 3 0 0 1 0 0 0 2 9 2 5       |
 ├────────────────────┼─────────────┼─────────────────────────────────────────────────────────────────────────┤
 | 0x0000000000000012 | 17          | 20 5 0 2 0 0 0 0 0 0 0 0 0 0 1 1 1 1 1 1 1 1 1 1 1 1 1 9 4 1 1 4        |
 ├────────────────────┼─────────────┼─────────────────────────────────────────────────────────────────────────┤
 | 0x0000000000000013 | 18          | 22 11 4 0 0 0 0 0 0 0 0 0 0 1 1 1 1 2 3 3 3 3 4 4 4 4 4 4 4 4 4 9       |
 ├────────────────────┼─────────────┼─────────────────────────────────────────────────────────────────────────┤
 | 0x0000000000000014 | 19          | 17 5 0 1 1 0 0 0 0 0 0 0 2 2 3 3 3 3 3 3 3 3 3 3 3 3 3 3 4 5 5 9        |
 ├────────────────────┼─────────────┼─────────────────────────────────────────────────────────────────────────┤
 | 0x0000000000000015 | 20          | 18 9 0 1 0 0 0 0 0 0 0 0 0 0 0 0 0 0 1 1 1 2 2 3 3 3 3 3 3 5 5 5        |
 ├────────────────────┼─────────────┼─────────────────────────────────────────────────────────────────────────┤
 | 0x0000000000000016 | 23          | 29 20 3 0 0 0 0 0 0 0 3 3 3 3 3 3 3 4 4 5 6 6 5 5 5 5 5 5 5 5 11 13     |
 ├────────────────────┼─────────────┼─────────────────────────────────────────────────────────────────────────┤
 | 0x0000000000000017 | 22          | 29 14 0 0 0 0 0 0 0 1 2 3 3 2 2 3 3 3 3 4 4 5 5 5 5 6 6 6 6 8 8 13      |
 ├────────────────────┼─────────────┼─────────────────────────────────────────────────────────────────────────┤
 | 0x0000000000000018 | 23          | 16 10 2 0 0 0 0 0 1 1 1 1 2 2 2 2 3 3 3 3 3 3 3 3 3 3 3 3 3 3 3 5       |
 ├────────────────────┼─────────────┼─────────────────────────────────────────────────────────────────────────┤
 | 0x0000000000000019 | 26          | 30 16 1 0 0 0 0 0 0 0 0 0 0 0 0 0 0 0 1 1 3 3 3 3 3 3 3 3 3 3 3 15      |
 ├────────────────────┼─────────────┼─────────────────────────────────────────────────────────────────────────┤
 | 0x000000000000001a | 25          | 28 10 0 0 0 0 0 0 0 0 0 0 0 1 1 2 3 4 5 7 7 6 7 8 8 8 8 8 8 8 9 17      |
 ├────────────────────┼─────────────┼─────────────────────────────────────────────────────────────────────────┤
 | 0x000000000000001b | 28          | 30 21 1 1 0 1 0 0 0 0 0 0 0 0 1 1 1 1 2 3 2 4 4 4 4 4 4 4 4 4 4 9       |
 ├────────────────────┼─────────────┼─────────────────────────────────────────────────────────────────────────┤
 | 0x000000000000001c | 27          | 20 17 0 0 0 0 0 0 0 0 0 0 0 0 0 0 0 0 0 0 0 0 0 0 0 0 0 1 1 0 0 1       |
 ├────────────────────┼─────────────┼─────────────────────────────────────────────────────────────────────────┤
 | 0x000000000000001d | 30          | 19 7 1 0 0 0 1 0 0 0 0 0 1 1 1 1 2 3 4 4 4 4 4 4 4 4 4 4 4 4 4 11       |
 ├────────────────────┼─────────────┼─────────────────────────────────────────────────────────────────────────┤
 | 0x000000000000001e | 31          | 21 8 1 0 0 0 0 0 1 1 1 1 1 1 1 2 2 2 2 3 3 3 3 4 4 4 4 4 4 4 4 15       |
 ├────────────────────┼─────────────┼─────────────────────────────────────────────────────────────────────────┤
 | 0x000000000000001f | 30          | 20 0 0 0 0 0 0 0 0 0 0 1 1 1 1 1 2 2 3 4 4 4 5 5 6 9 11 13 16 17 18 19  |
 └────────────────────┴─────────────┴─────────────────────────────────────────────────────────────────────────┘
Offset pattern table end
PC pattern table begin
 ┌────────────────────┬─────────────┬───────────────────────────────────────┐
 | Key                | Second      | Pattern                               |
 ├────────────────────┼─────────────┼───────────────────────────────────────┤
 | 0x0000000000000001 | 11          | 2 0 0 0 0 1 2 0 0 0 0 0 0 0 0 0       |
 ├────────────────────┼─────────────┼───────────────────────────────────────┤
 | 0x0000000000000002 | 10          | 10 3 0 1 1 1 0 0 0 0 0 2 0 0 0 1      |
 ├────────────────────┼─────────────┼───────────────────────────────────────┤
 | 0x0000000000000003 | 23          | 21 3 0 0 0 0 0 0 0 0 0 2 0 0 0 2      |
 ├────────────────────┼─────────────┼───────────────────────────────────────┤
 | 0x0000000000000004 | 16          | 22 0 0 0 0 2 3 3 4 5 6 8 10 13 17 20  |
 ├────────────────────┼─────────────┼───────────────────────────────────────┤
 | 0x0000000000000006 | 8           | 2 0 0 0 1 0 0 0 1 1 1 0 0 0 0 0       |
 ├────────────────────┼─────────────┼───────────────────────────────────────┤
 | 0x0000000000000009 | 17          | 8 0 0 0 0 0 1 2 2 3 3 3 3 5 7 8       |
 ├────────────────────┼─────────────┼───────────────────────────────────────┤
 | 0x000000000000000b | 13          | 1 0 0 0 0 0 1 1 0 0 0 0 0 0 0 0       |
 ├────────────────────┼─────────────┼───────────────────────────────────────┤
 | 0x000000000000000c | 24          | 2 2 0 0 0 0 0 0 0 0 0 0 0 0 0 0       |
 ├────────────────────┼─────────────┼───────────────────────────────────────┤
 | 0x000000000000000d | 25          | 3 3 0 0 0 0 0 0 0 0 0 0 0 0 0 0       |
 ├────────────────────┼─────────────┼───────────────────────────────────────┤
 | 0x000000000000000f | 14          | 29 4 3 6 0 0 0 0 0 0 0 0 0 5 1 4      |
 ├────────────────────┼─────────────┼───────────────────────────────────────┤
 | 0x0000000000000010 | 28          | 7 5 1 0 0 0 0 0 0 0 0 0 0 0 0 1       |
 ├────────────────────┼─────────────┼───────────────────────────────────────┤
 | 0x0000000000000011 | 14          | 3 1 0 0 0 0 0 0 0 0 0 0 0 1 0 1       |
 ├────────────────────┼─────────────┼───────────────────────────────────────┤
 | 0x0000000000000012 | 15          | 31 8 0 0 0 1 0 0 1 0 0 0 0 0 1 7      |
 ├────────────────────┼─────────────┼───────────────────────────────────────┤
 | 0x0000000000000016 | 10          | 13 0 0 0 0 6 3 2 2 2 2 3 2 1 0 0      |
 ├────────────────────┼─────────────┼───────────────────────────────────────┤
 | 0x0000000000000017 | 0           | 2 1 0 0 0 0 0 0 0 0 0 1 1 0 0 0       |
 ├────────────────────┼─────────────┼───────────────────────────────────────┤
 | 0x0000000000000018 | 21          | 20 12 3 1 0 0 0 0 1 0 0 0 0 0 2 3     |
 ├────────────────────┼─────────────┼───────────────────────────────────────┤
 | 0x000000000000001a | 25          | 3 0 0 0 0 0 0 0 0 0 0 0 3 3 0 0       |
 ├────────────────────┼─────────────┼───────────────────────────────────────┤
 | 0x000000000000001b | 23          | 30 7 0 0 0 0 0 0 0 0 0 1 1 1 0 6      |
 ├────────────────────┼─────────────┼───────────────────────────────────────┤
 | 0x000000000000001c | 20          | 7 6 1 0 0 0 0 0 0 0 0 0 0 0 0 1       |
 ├────────────────────┼─────────────┼───────────────────────────────────────┤
 | 0x000000000000001e | 0           | 9 7 0 0 0 0 0 0 0 1 0 0 0 0 1 1       |
 ├────────────────────┼─────────────┼───────────────────────────────────────┤
 | 0x000000000000001f | 24          | 12 9 1 0 0 0 0 0 0 0 0 0 0 0 1 3      |
 └────────────────────┴─────────────┴───────────────────────────────────────┘
PC pattern table end
Prefetch buffer begin
 ┌────────────────────┬──────────────────────────────────────────────────────────────────┐
 | Region             | Pattern                                                          |
 ├────────────────────┼──────────────────────────────────────────────────────────────────┤
 | 0x000000000000028f | 0 0 0 0 0 0 0 0 2 2 2 2 2 2 0 0 0 0 0 0 0 0 0 0 0 0 0 0 0 0 0 0  |
 ├────────────────────┼──────────────────────────────────────────────────────────────────┤
 | 0x0000000000000b4f | 0 2 2 2 2 0 2 2 2 0 0 0 0 0 0 0 0 0 0 0 0 0 0 0 0 0 0 0 0 0 0 0  |
 ├────────────────────┼──────────────────────────────────────────────────────────────────┤
 | 0x0000000000000bc2 | 0 2 2 2 2 0 2 2 2 0 0 0 0 0 0 0 0 0 0 0 0 0 0 0 0 0 0 0 0 0 0 0  |
 ├────────────────────┼──────────────────────────────────────────────────────────────────┤
 | 0x00000000000003cb | 0 0 0 0 0 0 0 2 0 0 0 0 0 0 0 0 0 0 0 0 0 0 0 0 0 0 0 0 0 0 0 0  |
 ├────────────────────┼──────────────────────────────────────────────────────────────────┤
 | 0x00000000000006d0 | 0 0 2 2 0 1 2 2 0 0 0 0 0 0 0 0 0 0 0 0 0 0 0 0 0 0 0 0 0 0 0 0  |
 ├────────────────────┼──────────────────────────────────────────────────────────────────┤
 | 0x0000000000000bc0 | 2 0 0 0 0 0 0 0 0 0 0 0 0 2 2 2 2 2 0 0 0 0 0 0 0 0 0 0 0 0 0 0  |
 ├────────────────────┼──────────────────────────────────────────────────────────────────┤
 | 0x0000000000000bc5 | 0 0 0 0 0 0 0 0 2 2 2 2 2 2 2 2 2 2 2 0 0 0 0 0 0 0 0 0 0 0 0 0  |
 ├────────────────────┼──────────────────────────────────────────────────────────────────┤
 | 0x0000000000000bcf | 0 0 0 0 2 2 2 0 0 2 0 0 0 0 0 0 0 0 0 0 0 0 0 0 0 0 0 0 0 0 0 0  |
 ├────────────────────┼──────────────────────────────────────────────────────────────────┤
 | 0x000000000000060b | 0 0 2 2 0 0 2 2 0 0 0 0 0 0 0 0 0 0 0 0 0 0 0 0 0 0 0 0 0 0 0 0  |
 ├────────────────────┼──────────────────────────────────────────────────────────────────┤
 | 0x000000000000057a | 0 0 0 0 0 0 0 0 2 2 0 0 0 0 0 0 0 0 0 0 0 0 0 0 0 0 0 0 0 0 0 0  |
 ├────────────────────┼──────────────────────────────────────────────────────────────────┤
 | 0x0000000000000b52 | 2 0 0 0 0 0 0 0 0 0 0 0 0 2 2 2 2 2 2 2 0 0 0 0 0 0 0 0 0 0 0 0  |
 ├────────────────────┼──────────────────────────────────────────────────────────────────┤
 | 0x0000000000000399 | 0 0 0 0 0 0 0 0 0 0 0 0 2 0 0 0 0 2 0 0 2 2 0 0 0 0 0 0 0 0 0 0  |
 ├────────────────────┼──────────────────────────────────────────────────────────────────┤
 | 0x0000000000000556 | 0 0 2 0 0 2 2 0 0 0 0 0 0 0 0 0 0 0 0 0 0 0 0 0 0 0 0 0 0 0 0 0  |
 ├────────────────────┼──────────────────────────────────────────────────────────────────┤
 | 0x0000000000000c4e | 0 0 0 0 0 0 0 0 0 0 0 0 0 0 0 0 0 0 0 0 0 0 0 2 2 2 2 2 2 2 2 2  |
 ├────────────────────┼──────────────────────────────────────────────────────────────────┤
 | 0x0000000000000407 | 0 0 2 0 0 0 0 0 0 0 0 0 0 0 2 2 0 0 0 0 0 0 0 0 0 0 0 0 0 0 0 0  |
 └────────────────────┴──────────────────────────────────────────────────────────────────┘
Prefetch buffer end
Filter by PPT: 0
cpu0_L2C
Num Con Filled: 0
Num Con Useful: 0 Useless:0 Accuracy: nan
LLC
