41 41 41
Available num physical pages: 35184372088576
WARNING: physical memory size is smaller than virtual memory size

*** ChampSim Multicore Out-of-Order Simulator ***

Warmup Instructions: 5000000
Simulation Instructions: 20000000
Number of CPUs: 1
Page size: 4096

Basic BTB sets: 1024 ways: 8 indirect buffer size: 4096 RAS size: 64
cpu0_L1D PMP prefetcher
Off-chip DRAM Size: 4 GiB Channels: 1 Width: 64-bit Data Rate: 3200 MT/s
Max paddr 1M
Warmup finished CPU 0 instructions: 5000001 cycles: 1255493 cumulative IPC: 3.98251 (Simulation time: 0 hr 2 min 50 sec) 

Warmup complete CPU 0 instructions: 5000001 cycles: 1255493 (Simulation time: 0 hr 2 min 50 sec) 

Heartbeat CPU 0 instructions: 10000004 cycles: 3372993 heartbeat IPC: 2.96473 cumulative IPC: 2.36128 (Simulation time: 0 hr 6 min 13 sec) 
Heartbeat CPU 0 instructions: 20000000 cycles: 7554534 heartbeat IPC: 2.39147 cumulative IPC: 2.38132 (Simulation time: 0 hr 13 min 0 sec) 
Max paddr 1M
Simulation finished CPU 0 instructions: 20000001 cycles: 8374366 cumulative IPC: 2.38825 (Simulation time: 0 hr 15 min 42 sec) 

Simulation complete CPU 0 instructions: 20000001 cycles: 8374366 (Simulation time: 0 hr 15 min 42 sec) 


ChampSim completed all CPUs

[
  {
    "name": "Simulation",
    "traces": [
      "../traces/453.povray-252B.champsimtrace.xz"
    ],
    "roi": {
      "cores": [
        {
          "instructions": 20000001,
          "cycles": 8374366,
          "Avg ROB occupancy at mispredict": 37.2905, 
          "mispredict": {
            "BRANCH_DIRECT_JUMP": 35,
            "BRANCH_INDIRECT": 446,
            "BRANCH_CONDITIONAL": 162127,
            "BRANCH_DIRECT_CALL": 26,
            "BRANCH_INDIRECT_CALL": 12331,
            "BRANCH_RETURN": 16176
          }
        }
      ],
      "cpu0_L1I": {
        "LOAD": {
          "hit":369386,
          "miss":109869
        },
        "RFO": {
          "hit":0,
          "miss":0
        },
        "PREFETCH": {
          "hit":0,
          "miss":0
        },
        "WRITE": {
          "hit":0,
          "miss":0
        },
        "TRANSLATION": {
          "hit":0,
          "miss":0
        },
        "mshr full": 378,
        "prefetch requested": 0,
        "prefetch issued": 0,
        "prefetch filled": 0,
        "prefetch useful": 0,
        "prefetch useless": 0,
        "prefetch late": 0,
        "pf_useful_at_l2_from_l1":          0,
        "pf_late_at_l2_from_l1":          0,
        "pf_useless_at_l2_from_l1":          0,
        "pf_at_l2_to_l1":          0,
        "pf_fill_this_level":          0,
        "miss latency": 0.444745,
        "cache queues": {
          "PQ_ACCESS": 0,
          "PQ_FULL": 0,
          "PQ_TO_CACHE": 0,
          "PQ_MERGED": 0,
          "RQ_ACCESS": 481998,
          "RQ_MERGED": 2740,
          "RQ_FULL": 0,
          "WQ_ACCESS": 0,
          "WQ_MERGED": 0,
          "WQ_FULL": 0
        }
      },
      "cpu0_ITLB": {
        "LOAD": {
          "hit":372855,
          "miss":15688
        },
        "RFO": {
          "hit":0,
          "miss":0
        },
        "PREFETCH": {
          "hit":0,
          "miss":0
        },
        "WRITE": {
          "hit":0,
          "miss":0
        },
        "TRANSLATION": {
          "hit":0,
          "miss":0
        },
        "mshr full": 0,
        "prefetch requested": 0,
        "prefetch issued": 0,
        "prefetch filled": 0,
        "prefetch useful": 0,
        "prefetch useless": 0,
        "prefetch late": 0,
        "pf_useful_at_l2_from_l1":          0,
        "pf_late_at_l2_from_l1":          0,
        "pf_useless_at_l2_from_l1":          0,
        "pf_at_l2_to_l1":          0,
        "pf_fill_this_level":          0,
        "miss latency": 0.142215,
        "cache queues": {
          "PQ_ACCESS": 0,
          "PQ_FULL": 0,
          "PQ_TO_CACHE": 0,
          "PQ_MERGED": 0,
          "RQ_ACCESS": 388544,
          "RQ_MERGED": 0,
          "RQ_FULL": 0,
          "WQ_ACCESS": 0,
          "WQ_MERGED": 0,
          "WQ_FULL": 0
        }
      },
      "cpu0_DTLB": {
        "LOAD": {
          "hit":7987970,
          "miss":140299
        },
        "RFO": {
          "hit":0,
          "miss":0
        },
        "PREFETCH": {
          "hit":0,
          "miss":0
        },
        "WRITE": {
          "hit":0,
          "miss":0
        },
        "TRANSLATION": {
          "hit":0,
          "miss":0
        },
        "mshr full": 0,
        "prefetch requested": 0,
        "prefetch issued": 0,
        "prefetch filled": 0,
        "prefetch useful": 0,
        "prefetch useless": 0,
        "prefetch late": 0,
        "pf_useful_at_l2_from_l1":          0,
        "pf_late_at_l2_from_l1":          0,
        "pf_useless_at_l2_from_l1":          0,
        "pf_at_l2_to_l1":          0,
        "pf_fill_this_level":          0,
        "miss latency": 0.18517,
        "cache queues": {
          "PQ_ACCESS": 0,
          "PQ_FULL": 0,
          "PQ_TO_CACHE": 0,
          "PQ_MERGED": 0,
          "RQ_ACCESS": 8150160,
          "RQ_MERGED": 0,
          "RQ_FULL": 21891,
          "WQ_ACCESS": 0,
          "WQ_MERGED": 0,
          "WQ_FULL": 0
        }
      },
      "cpu0_STLB": {
        "LOAD": {
          "hit":54913,
          "miss":34
        },
        "RFO": {
          "hit":0,
          "miss":0
        },
        "PREFETCH": {
          "hit":0,
          "miss":0
        },
        "WRITE": {
          "hit":0,
          "miss":0
        },
        "TRANSLATION": {
          "hit":0,
          "miss":0
        },
        "mshr full": 0,
        "prefetch requested": 0,
        "prefetch issued": 0,
        "prefetch filled": 0,
        "prefetch useful": 0,
        "prefetch useless": 0,
        "prefetch late": 0,
        "pf_useful_at_l2_from_l1":          0,
        "pf_late_at_l2_from_l1":          0,
        "pf_useless_at_l2_from_l1":          0,
        "pf_at_l2_to_l1":          0,
        "pf_fill_this_level":          0,
        "miss latency": 20.7758,
        "cache queues": {
          "PQ_ACCESS": 0,
          "PQ_FULL": 0,
          "PQ_TO_CACHE": 0,
          "PQ_MERGED": 0,
          "RQ_ACCESS": 54948,
          "RQ_MERGED": 0,
          "RQ_FULL": 0,
          "WQ_ACCESS": 0,
          "WQ_MERGED": 0,
          "WQ_FULL": 0
        }
      },
      "cpu0_L1D": {
        "LOAD": {
          "hit":5011653,
          "miss":288179
        },
        "RFO": {
          "hit":0,
          "miss":0
        },
        "PREFETCH": {
          "hit":319066,
          "miss":844179
        },
        "WRITE": {
          "hit":2767571,
          "miss":63876
        },
        "TRANSLATION": {
          "hit":0,
          "miss":34
        },
        "mshr full": 0,
        "prefetch requested": 1163402,
        "prefetch issued": 1163402,
        "prefetch filled": 1309,
        "prefetch useful": 370,
        "prefetch useless": 1028,
        "prefetch late": 50,
        "pf_useful_at_l2_from_l1":          0,
        "pf_late_at_l2_from_l1":          0,
        "pf_useless_at_l2_from_l1":          0,
        "pf_at_l2_to_l1":          0,
        "pf_fill_this_level":       1309,
        "miss latency": 0.178134,
        "cache queues": {
          "PQ_ACCESS": 1163402,
          "PQ_FULL": 0,
          "PQ_TO_CACHE": 1163402,
          "PQ_MERGED": 79,
          "RQ_ACCESS": 5299913,
          "RQ_MERGED": 77,
          "RQ_FULL": 2,
          "WQ_ACCESS": 2831453,
          "WQ_MERGED": 6,
          "WQ_FULL": 0
        }
      },
      "cpu0_L2C": {
        "LOAD": {
          "hit":191930,
          "miss":510
        },
        "RFO": {
          "hit":17295,
          "miss":39
        },
        "PREFETCH": {
          "hit":825683,
          "miss":2107
        },
        "WRITE": {
          "hit":11350,
          "miss":0
        },
        "TRANSLATION": {
          "hit":18,
          "miss":16
        },
        "mshr full": 952,
        "prefetch requested": 0,
        "prefetch issued": 0,
        "prefetch filled": 2080,
        "prefetch useful": 0,
        "prefetch useless": 0,
        "prefetch late": 0,
        "pf_useful_at_l2_from_l1":        483,
        "pf_late_at_l2_from_l1":         26,
        "pf_useless_at_l2_from_l1":        244,
        "pf_at_l2_to_l1":         31,
        "pf_fill_this_level":       2054,
        "miss latency": 33.9888,
        "cache queues": {
          "PQ_ACCESS": 828743,
          "PQ_FULL": 946,
          "PQ_TO_CACHE": 827797,
          "PQ_MERGED": 4,
          "RQ_ACCESS": 209858,
          "RQ_MERGED": 0,
          "RQ_FULL": 0,
          "WQ_ACCESS": 11355,
          "WQ_MERGED": 0,
          "WQ_FULL": 0
        }
      },
      "LLC": {
        "LOAD": {
          "hit": [115],
          "miss": [369]
        },
        "RFO": {
          "hit": [0],
          "miss": [39]
        },
        "PREFETCH": {
          "hit": [196],
          "miss": [1910]
        },
        "WRITE": {
          "hit": [0],
          "miss": [0]
        },
        "TRANSLATION": {
          "hit": [1],
          "miss": [15]
        },
        "mshr full": 0,
        "prefetch requested": 0,
        "prefetch issued": 0,
        "prefetch filled": 1910,
        "prefetch useful": 0,
        "prefetch useless": 0,
        "prefetch late": 0,
        "pf_useful_at_l2_from_l1":          0,
        "pf_late_at_l2_from_l1":          0,
        "pf_useless_at_l2_from_l1":          0,
        "pf_at_l2_to_l1":          1,
        "pf_fill_this_level":          0,
        "miss latency": 37.5439,
        "cache queues": {
          "PQ_ACCESS": 2106,
          "PQ_FULL": 0,
          "PQ_TO_CACHE": 2106,
          "PQ_MERGED": 0,
          "RQ_ACCESS": 539,
          "RQ_MERGED": 0,
          "RQ_FULL": 0,
          "WQ_ACCESS": 0,
          "WQ_MERGED": 0,
          "WQ_FULL": 0
        }
      },
      "DRAM": [
        {
          "RQ ROW_BUFFER_HIT": 771,
          "RQ ROW_BUFFER_MISS": 1562,
          "PQ FULL": 0,
          "WQ ROW_BUFFER_HIT": 0,
          "WQ ROW_BUFFER_MISS": 0,
          "WQ FULL": 0,
          "AVG DBUS CONGESTED CYCLE": 3.90006
        }
      ]

    },
    "sim": {
      "cores": [
        {
          "instructions": 20000001,
          "cycles": 8374366,
          "Avg ROB occupancy at mispredict": 37.2905, 
          "mispredict": {
            "BRANCH_DIRECT_JUMP": 35,
            "BRANCH_INDIRECT": 446,
            "BRANCH_CONDITIONAL": 162127,
            "BRANCH_DIRECT_CALL": 26,
            "BRANCH_INDIRECT_CALL": 12331,
            "BRANCH_RETURN": 16176
          }
        }
      ],
      "cpu0_L1I": {
        "LOAD": {
          "hit":369386,
          "miss":109869
        },
        "RFO": {
          "hit":0,
          "miss":0
        },
        "PREFETCH": {
          "hit":0,
          "miss":0
        },
        "WRITE": {
          "hit":0,
          "miss":0
        },
        "TRANSLATION": {
          "hit":0,
          "miss":0
        },
        "mshr full": 378,
        "prefetch requested": 0,
        "prefetch issued": 0,
        "prefetch filled": 0,
        "prefetch useful": 0,
        "prefetch useless": 0,
        "prefetch late": 0,
        "pf_useful_at_l2_from_l1":          0,
        "pf_late_at_l2_from_l1":          0,
        "pf_useless_at_l2_from_l1":          0,
        "pf_at_l2_to_l1":          0,
        "pf_fill_this_level":          0,
        "miss latency": 0.444745,
        "cache queues": {
          "PQ_ACCESS": 0,
          "PQ_FULL": 0,
          "PQ_TO_CACHE": 0,
          "PQ_MERGED": 0,
          "RQ_ACCESS": 481998,
          "RQ_MERGED": 2740,
          "RQ_FULL": 0,
          "WQ_ACCESS": 0,
          "WQ_MERGED": 0,
          "WQ_FULL": 0
        }
      },
      "cpu0_ITLB": {
        "LOAD": {
          "hit":372855,
          "miss":15688
        },
        "RFO": {
          "hit":0,
          "miss":0
        },
        "PREFETCH": {
          "hit":0,
          "miss":0
        },
        "WRITE": {
          "hit":0,
          "miss":0
        },
        "TRANSLATION": {
          "hit":0,
          "miss":0
        },
        "mshr full": 0,
        "prefetch requested": 0,
        "prefetch issued": 0,
        "prefetch filled": 0,
        "prefetch useful": 0,
        "prefetch useless": 0,
        "prefetch late": 0,
        "pf_useful_at_l2_from_l1":          0,
        "pf_late_at_l2_from_l1":          0,
        "pf_useless_at_l2_from_l1":          0,
        "pf_at_l2_to_l1":          0,
        "pf_fill_this_level":          0,
        "miss latency": 0.142215,
        "cache queues": {
          "PQ_ACCESS": 0,
          "PQ_FULL": 0,
          "PQ_TO_CACHE": 0,
          "PQ_MERGED": 0,
          "RQ_ACCESS": 388544,
          "RQ_MERGED": 0,
          "RQ_FULL": 0,
          "WQ_ACCESS": 0,
          "WQ_MERGED": 0,
          "WQ_FULL": 0
        }
      },
      "cpu0_DTLB": {
        "LOAD": {
          "hit":7987970,
          "miss":140299
        },
        "RFO": {
          "hit":0,
          "miss":0
        },
        "PREFETCH": {
          "hit":0,
          "miss":0
        },
        "WRITE": {
          "hit":0,
          "miss":0
        },
        "TRANSLATION": {
          "hit":0,
          "miss":0
        },
        "mshr full": 0,
        "prefetch requested": 0,
        "prefetch issued": 0,
        "prefetch filled": 0,
        "prefetch useful": 0,
        "prefetch useless": 0,
        "prefetch late": 0,
        "pf_useful_at_l2_from_l1":          0,
        "pf_late_at_l2_from_l1":          0,
        "pf_useless_at_l2_from_l1":          0,
        "pf_at_l2_to_l1":          0,
        "pf_fill_this_level":          0,
        "miss latency": 0.18517,
        "cache queues": {
          "PQ_ACCESS": 0,
          "PQ_FULL": 0,
          "PQ_TO_CACHE": 0,
          "PQ_MERGED": 0,
          "RQ_ACCESS": 8150160,
          "RQ_MERGED": 0,
          "RQ_FULL": 21891,
          "WQ_ACCESS": 0,
          "WQ_MERGED": 0,
          "WQ_FULL": 0
        }
      },
      "cpu0_STLB": {
        "LOAD": {
          "hit":54913,
          "miss":34
        },
        "RFO": {
          "hit":0,
          "miss":0
        },
        "PREFETCH": {
          "hit":0,
          "miss":0
        },
        "WRITE": {
          "hit":0,
          "miss":0
        },
        "TRANSLATION": {
          "hit":0,
          "miss":0
        },
        "mshr full": 0,
        "prefetch requested": 0,
        "prefetch issued": 0,
        "prefetch filled": 0,
        "prefetch useful": 0,
        "prefetch useless": 0,
        "prefetch late": 0,
        "pf_useful_at_l2_from_l1":          0,
        "pf_late_at_l2_from_l1":          0,
        "pf_useless_at_l2_from_l1":          0,
        "pf_at_l2_to_l1":          0,
        "pf_fill_this_level":          0,
        "miss latency": 20.7758,
        "cache queues": {
          "PQ_ACCESS": 0,
          "PQ_FULL": 0,
          "PQ_TO_CACHE": 0,
          "PQ_MERGED": 0,
          "RQ_ACCESS": 54948,
          "RQ_MERGED": 0,
          "RQ_FULL": 0,
          "WQ_ACCESS": 0,
          "WQ_MERGED": 0,
          "WQ_FULL": 0
        }
      },
      "cpu0_L1D": {
        "LOAD": {
          "hit":5011653,
          "miss":288179
        },
        "RFO": {
          "hit":0,
          "miss":0
        },
        "PREFETCH": {
          "hit":319066,
          "miss":844179
        },
        "WRITE": {
          "hit":2767571,
          "miss":63876
        },
        "TRANSLATION": {
          "hit":0,
          "miss":34
        },
        "mshr full": 0,
        "prefetch requested": 1163402,
        "prefetch issued": 1163402,
        "prefetch filled": 1309,
        "prefetch useful": 370,
        "prefetch useless": 1028,
        "prefetch late": 50,
        "pf_useful_at_l2_from_l1":          0,
        "pf_late_at_l2_from_l1":          0,
        "pf_useless_at_l2_from_l1":          0,
        "pf_at_l2_to_l1":          0,
        "pf_fill_this_level":       1309,
        "miss latency": 0.178134,
        "cache queues": {
          "PQ_ACCESS": 1163402,
          "PQ_FULL": 0,
          "PQ_TO_CACHE": 1163402,
          "PQ_MERGED": 79,
          "RQ_ACCESS": 5299913,
          "RQ_MERGED": 77,
          "RQ_FULL": 2,
          "WQ_ACCESS": 2831453,
          "WQ_MERGED": 6,
          "WQ_FULL": 0
        }
      },
      "cpu0_L2C": {
        "LOAD": {
          "hit":191930,
          "miss":510
        },
        "RFO": {
          "hit":17295,
          "miss":39
        },
        "PREFETCH": {
          "hit":825683,
          "miss":2107
        },
        "WRITE": {
          "hit":11350,
          "miss":0
        },
        "TRANSLATION": {
          "hit":18,
          "miss":16
        },
        "mshr full": 952,
        "prefetch requested": 0,
        "prefetch issued": 0,
        "prefetch filled": 2080,
        "prefetch useful": 0,
        "prefetch useless": 0,
        "prefetch late": 0,
        "pf_useful_at_l2_from_l1":        483,
        "pf_late_at_l2_from_l1":         26,
        "pf_useless_at_l2_from_l1":        244,
        "pf_at_l2_to_l1":         31,
        "pf_fill_this_level":       2054,
        "miss latency": 33.9888,
        "cache queues": {
          "PQ_ACCESS": 828743,
          "PQ_FULL": 946,
          "PQ_TO_CACHE": 827797,
          "PQ_MERGED": 4,
          "RQ_ACCESS": 209858,
          "RQ_MERGED": 0,
          "RQ_FULL": 0,
          "WQ_ACCESS": 11355,
          "WQ_MERGED": 0,
          "WQ_FULL": 0
        }
      },
      "LLC": {
        "LOAD": {
          "hit": [115],
          "miss": [369]
        },
        "RFO": {
          "hit": [0],
          "miss": [39]
        },
        "PREFETCH": {
          "hit": [196],
          "miss": [1910]
        },
        "WRITE": {
          "hit": [0],
          "miss": [0]
        },
        "TRANSLATION": {
          "hit": [1],
          "miss": [15]
        },
        "mshr full": 0,
        "prefetch requested": 0,
        "prefetch issued": 0,
        "prefetch filled": 1910,
        "prefetch useful": 0,
        "prefetch useless": 0,
        "prefetch late": 0,
        "pf_useful_at_l2_from_l1":          0,
        "pf_late_at_l2_from_l1":          0,
        "pf_useless_at_l2_from_l1":          0,
        "pf_at_l2_to_l1":          1,
        "pf_fill_this_level":          0,
        "miss latency": 37.5439,
        "cache queues": {
          "PQ_ACCESS": 2106,
          "PQ_FULL": 0,
          "PQ_TO_CACHE": 2106,
          "PQ_MERGED": 0,
          "RQ_ACCESS": 539,
          "RQ_MERGED": 0,
          "RQ_FULL": 0,
          "WQ_ACCESS": 0,
          "WQ_MERGED": 0,
          "WQ_FULL": 0
        }
      },
      "DRAM": [
        {
          "RQ ROW_BUFFER_HIT": 771,
          "RQ ROW_BUFFER_MISS": 1562,
          "PQ FULL": 0,
          "WQ ROW_BUFFER_HIT": 0,
          "WQ ROW_BUFFER_MISS": 0,
          "WQ FULL": 0,
          "AVG DBUS CONGESTED CYCLE": 3.90006
        }
      ]

    }
  }
]
cpu0_ITLB
cpu0_DTLB
cpu0_STLB
Prefetch Request to L1: 6540, Prefetch Request to L2: 1156862
Invalid by Eviction: 10639
Invalid by Max: 94454
Filter table begin
 ┌────────────────────┬─────────────┐
 | Region             | Offset      |
 ├────────────────────┼─────────────┤
 | 0x000000000000023e | 0           |
 ├────────────────────┼─────────────┤
 | 0x0000000000000333 | 20          |
 ├────────────────────┼─────────────┤
 | 0x000000000000028a | 3           |
 ├────────────────────┼─────────────┤
 | 0x0000000000000332 | 19          |
 ├────────────────────┼─────────────┤
 | 0x0000000000000345 | 10          |
 ├────────────────────┼─────────────┤
 | 0x000000000000023f | 16          |
 ├────────────────────┼─────────────┤
 | 0x000000000000034f | 2           |
 ├────────────────────┼─────────────┤
 | 0x000000000000029a | 25          |
 ├────────────────────┼─────────────┤
 | 0x0000000000000242 | 30          |
 ├────────────────────┼─────────────┤
 | 0x0000000000000288 | 0           |
 ├────────────────────┼─────────────┤
 | 0x0000000000000250 | 24          |
 ├────────────────────┼─────────────┤
 | 0x00000000000002db | 14          |
 ├────────────────────┼─────────────┤
 | 0x0000000000000226 | 4           |
 ├────────────────────┼─────────────┤
 | 0x000000000000032b | 4           |
 ├────────────────────┼─────────────┤
 | 0x0000000000000251 | 24          |
 ├────────────────────┼─────────────┤
 | 0x00000000000003ae | 14          |
 ├────────────────────┼─────────────┤
 | 0x00000000000003b5 | 0           |
 ├────────────────────┼─────────────┤
 | 0x00000000000002b8 | 29          |
 ├────────────────────┼─────────────┤
 | 0x0000000000000244 | 27          |
 ├────────────────────┼─────────────┤
 | 0x0000000000000261 | 5           |
 ├────────────────────┼─────────────┤
 | 0x00000000000002b9 | 0           |
 ├────────────────────┼─────────────┤
 | 0x000000000000023b | 0           |
 ├────────────────────┼─────────────┤
 | 0x0000000000000309 | 0           |
 ├────────────────────┼─────────────┤
 | 0x00000000000003b4 | 23          |
 ├────────────────────┼─────────────┤
 | 0x000000000000030a | 31          |
 ├────────────────────┼─────────────┤
 | 0x0000000000000223 | 31          |
 ├────────────────────┼─────────────┤
 | 0x000000000000029e | 7           |
 ├────────────────────┼─────────────┤
 | 0x00000000000003ac | 22          |
 ├────────────────────┼─────────────┤
 | 0x00000000000002fb | 25          |
 ├────────────────────┼─────────────┤
 | 0x000000000000022a | 23          |
 ├────────────────────┼─────────────┤
 | 0x000000000000026b | 5           |
 ├────────────────────┼─────────────┤
 | 0x0000000000000351 | 11          |
 ├────────────────────┼─────────────┤
 | 0x00000000000002fa | 16          |
 ├────────────────────┼─────────────┤
 | 0x00000000000002a0 | 31          |
 ├────────────────────┼─────────────┤
 | 0x00000000000002b2 | 18          |
 ├────────────────────┼─────────────┤
 | 0x00000000000002bb | 18          |
 ├────────────────────┼─────────────┤
 | 0x00000000000002d7 | 31          |
 └────────────────────┴─────────────┘
Filter table end
Accumulation table begin
 ┌────────────────────┬─────────────┬─────────────┬──────────────────────────────────────────────────────────────────┐
 | Region             | Offset      | Second      | Pattern                                                          |
 ├────────────────────┼─────────────┼─────────────┼──────────────────────────────────────────────────────────────────┤
 | 0x00000000000002dc | 9           | 10          | 0 0 0 0 0 0 0 1 0 1 1 1 0 0 0 0 0 0 0 0 0 0 0 0 0 0 0 0 0 0 0 0  |
 ├────────────────────┼─────────────┼─────────────┼──────────────────────────────────────────────────────────────────┤
 | 0x0000000000000297 | 23          | 10          | 0 0 0 0 0 0 0 0 0 0 1 0 0 0 0 0 0 0 0 0 0 0 0 1 0 0 0 0 0 0 0 0  |
 ├────────────────────┼─────────────┼─────────────┼──────────────────────────────────────────────────────────────────┤
 | 0x00000000000002f8 | 4           | 3           | 0 0 1 1 1 0 0 0 0 0 1 1 1 1 0 0 0 0 0 0 0 0 0 0 0 0 0 0 0 0 0 0  |
 ├────────────────────┼─────────────┼─────────────┼──────────────────────────────────────────────────────────────────┤
 | 0x0000000000000305 | 15          | 16          | 0 0 0 0 0 0 0 0 0 0 0 0 0 0 0 1 1 0 0 0 0 0 0 0 0 0 0 0 0 0 0 0  |
 ├────────────────────┼─────────────┼─────────────┼──────────────────────────────────────────────────────────────────┤
 | 0x000000000000026d | 7           | 6           | 0 1 1 1 1 0 1 1 1 1 1 1 0 0 0 0 0 0 0 0 0 0 0 0 0 0 0 0 0 0 0 0  |
 ├────────────────────┼─────────────┼─────────────┼──────────────────────────────────────────────────────────────────┤
 | 0x00000000000002f7 | 2           | 1           | 0 1 1 1 0 0 0 0 0 1 1 1 1 0 0 0 0 0 1 1 1 0 0 0 0 0 1 1 1 0 0 0  |
 ├────────────────────┼─────────────┼─────────────┼──────────────────────────────────────────────────────────────────┤
 | 0x000000000000022c | 25          | 24          | 0 0 0 0 0 0 0 0 0 0 0 0 0 0 0 1 1 1 1 1 1 0 0 0 1 1 1 1 1 1 0 0  |
 ├────────────────────┼─────────────┼─────────────┼──────────────────────────────────────────────────────────────────┤
 | 0x000000000000034d | 22          | 21          | 0 0 0 0 0 0 0 0 0 0 0 0 0 0 0 0 0 0 0 0 0 1 1 1 0 1 0 0 0 0 0 0  |
 ├────────────────────┼─────────────┼─────────────┼──────────────────────────────────────────────────────────────────┤
 | 0x00000000000003aa | 5           | 3           | 0 0 0 1 0 1 0 0 0 0 0 0 0 0 0 0 0 0 0 0 0 0 0 0 0 0 0 0 0 0 0 0  |
 ├────────────────────┼─────────────┼─────────────┼──────────────────────────────────────────────────────────────────┤
 | 0x000000000000039f | 14          | 15          | 0 0 0 0 0 0 0 0 0 0 0 0 0 0 1 1 0 0 0 0 0 0 0 0 0 0 0 0 0 0 0 0  |
 ├────────────────────┼─────────────┼─────────────┼──────────────────────────────────────────────────────────────────┤
 | 0x000000000000037e | 0           | 17          | 1 0 0 0 0 0 0 0 0 0 0 0 0 1 0 0 0 1 0 1 1 0 0 0 0 0 0 0 0 0 0 0  |
 ├────────────────────┼─────────────┼─────────────┼──────────────────────────────────────────────────────────────────┤
 | 0x0000000000000344 | 5           | 4           | 0 0 0 0 1 1 0 0 0 0 0 0 0 0 0 0 0 0 0 0 0 0 0 0 0 0 0 0 0 0 0 0  |
 ├────────────────────┼─────────────┼─────────────┼──────────────────────────────────────────────────────────────────┤
 | 0x000000000000034e | 24          | 25          | 0 0 0 0 0 0 0 0 0 0 0 0 0 0 0 0 0 0 0 0 0 0 0 0 1 1 0 0 0 0 0 0  |
 ├────────────────────┼─────────────┼─────────────┼──────────────────────────────────────────────────────────────────┤
 | 0x0000000000000286 | 3           | 4           | 0 0 0 1 1 0 0 0 0 0 0 0 0 0 0 0 0 0 0 0 0 0 0 0 0 0 0 0 0 0 0 0  |
 ├────────────────────┼─────────────┼─────────────┼──────────────────────────────────────────────────────────────────┤
 | 0x0000000000000258 | 4           | 3           | 0 0 0 1 1 0 0 0 0 0 0 0 0 0 0 0 0 0 0 0 0 0 0 0 0 0 0 0 0 0 0 0  |
 ├────────────────────┼─────────────┼─────────────┼──────────────────────────────────────────────────────────────────┤
 | 0x0000000000000225 | 5           | 4           | 0 0 0 0 1 1 0 0 0 0 0 0 0 0 0 0 0 0 1 0 0 0 0 0 0 0 0 0 0 0 0 0  |
 ├────────────────────┼─────────────┼─────────────┼──────────────────────────────────────────────────────────────────┤
 | 0x000000000000038f | 24          | 25          | 0 0 0 0 0 0 0 0 0 0 0 0 0 0 0 0 0 0 0 0 0 0 0 0 1 1 1 0 0 0 0 0  |
 ├────────────────────┼─────────────┼─────────────┼──────────────────────────────────────────────────────────────────┤
 | 0x0000000000000227 | 29          | 30          | 0 0 0 0 0 0 0 0 0 0 0 0 0 0 0 0 0 0 0 0 0 0 0 0 0 0 0 0 0 1 1 1  |
 ├────────────────────┼─────────────┼─────────────┼──────────────────────────────────────────────────────────────────┤
 | 0x00000000000002cc | 4           | 3           | 0 0 0 1 1 1 1 1 1 1 0 0 0 0 0 0 0 0 0 0 0 0 0 0 0 0 0 0 0 0 0 0  |
 ├────────────────────┼─────────────┼─────────────┼──────────────────────────────────────────────────────────────────┤
 | 0x000000000000026c | 1           | 22          | 0 1 0 0 0 0 0 0 0 0 0 1 1 1 1 1 1 1 0 0 0 1 1 1 1 1 0 0 0 0 0 0  |
 ├────────────────────┼─────────────┼─────────────┼──────────────────────────────────────────────────────────────────┤
 | 0x0000000000000290 | 3           | 30          | 1 0 1 1 1 1 0 1 1 0 1 1 1 1 0 0 0 0 0 0 0 0 0 0 0 0 0 0 0 0 1 1  |
 ├────────────────────┼─────────────┼─────────────┼──────────────────────────────────────────────────────────────────┤
 | 0x0000000000000296 | 14          | 5           | 0 0 0 0 0 1 0 0 1 0 0 0 0 0 1 0 0 0 0 0 0 0 0 0 0 0 0 0 0 0 0 0  |
 ├────────────────────┼─────────────┼─────────────┼──────────────────────────────────────────────────────────────────┤
 | 0x000000000000022d | 18          | 30          | 0 0 0 0 0 0 0 0 0 0 0 0 0 0 0 0 0 0 1 1 1 1 0 0 1 0 0 0 0 0 1 0  |
 ├────────────────────┼─────────────┼─────────────┼──────────────────────────────────────────────────────────────────┤
 | 0x00000000000002e8 | 1           | 3           | 1 1 1 1 1 0 0 0 0 0 1 1 1 1 0 0 0 0 0 1 1 1 0 0 0 0 0 1 1 1 1 1  |
 ├────────────────────┼─────────────┼─────────────┼──────────────────────────────────────────────────────────────────┤
 | 0x000000000000033d | 15          | 18          | 0 0 0 0 0 0 0 0 0 0 0 0 0 0 0 1 0 0 1 0 0 0 0 0 0 0 0 0 0 0 0 0  |
 ├────────────────────┼─────────────┼─────────────┼──────────────────────────────────────────────────────────────────┤
 | 0x0000000000000224 | 2           | 1           | 1 1 1 0 0 1 0 0 0 0 1 0 0 0 0 0 0 0 0 0 0 0 0 0 0 0 0 0 0 0 0 0  |
 ├────────────────────┼─────────────┼─────────────┼──────────────────────────────────────────────────────────────────┤
 | 0x00000000000002eb | 5           | 4           | 0 0 0 0 1 1 1 1 0 0 0 0 0 1 1 0 1 1 1 0 0 0 0 0 1 1 1 0 0 0 0 0  |
 ├────────────────────┼─────────────┼─────────────┼──────────────────────────────────────────────────────────────────┤
 | 0x0000000000000287 | 29          | 24          | 0 0 0 0 0 0 0 0 0 0 0 0 0 0 0 0 0 0 0 0 0 0 0 0 1 0 0 0 0 1 0 0  |
 ├────────────────────┼─────────────┼─────────────┼──────────────────────────────────────────────────────────────────┤
 | 0x0000000000000302 | 1           | 0           | 1 1 0 0 0 0 0 1 1 1 1 0 0 0 0 0 1 1 1 0 0 0 0 0 1 1 1 0 0 0 0 0  |
 ├────────────────────┼─────────────┼─────────────┼──────────────────────────────────────────────────────────────────┤
 | 0x000000000000025a | 21          | 22          | 0 0 0 0 0 0 0 0 0 0 0 0 0 0 0 0 0 0 0 0 0 1 1 0 0 0 0 0 0 0 0 0  |
 ├────────────────────┼─────────────┼─────────────┼──────────────────────────────────────────────────────────────────┤
 | 0x00000000000002f6 | 2           | 1           | 1 1 1 0 0 0 0 0 1 1 1 1 0 0 0 0 0 1 1 1 0 0 0 0 0 1 1 1 0 0 0 0  |
 ├────────────────────┼─────────────┼─────────────┼──────────────────────────────────────────────────────────────────┤
 | 0x0000000000000299 | 13          | 6           | 0 0 0 0 0 0 1 0 0 0 0 0 0 1 0 0 1 0 0 0 0 0 0 0 0 0 0 0 0 0 0 0  |
 └────────────────────┴─────────────┴─────────────┴──────────────────────────────────────────────────────────────────┘
Accumulation table end
Offset pattern table begin
 ┌────────────────────┬─────────────┬──────────────────────────────────────────────────────────────────────────────┐
 | Key                | Second      | Pattern                                                                      |
 ├────────────────────┼─────────────┼──────────────────────────────────────────────────────────────────────────────┤
 | 0x0000000000000000 | 1           | 21 13 9 4 3 1 6 6 6 3 3 2 2 2 2 6 5 6 0 1 1 1 0 5 5 5 0 1 1 1 1 7            |
 ├────────────────────┼─────────────┼──────────────────────────────────────────────────────────────────────────────┤
 | 0x0000000000000001 | 2           | 17 9 2 3 2 2 3 7 8 7 4 2 2 2 4 3 6 5 3 0 1 1 1 4 6 6 4 0 1 1 1 12            |
 ├────────────────────┼─────────────┼──────────────────────────────────────────────────────────────────────────────┤
 | 0x0000000000000002 | 3           | 26 17 15 10 1 1 4 7 16 13 11 3 1 1 0 3 11 11 8 1 1 2 0 3 11 11 9 1 1 3 8 19  |
 ├────────────────────┼─────────────┼──────────────────────────────────────────────────────────────────────────────┤
 | 0x0000000000000003 | 4           | 17 13 5 1 0 0 2 5 6 3 3 2 3 3 3 3 3 0 0 2 2 3 3 3 4 1 0 3 3 4 4 8            |
 ├────────────────────┼─────────────┼──────────────────────────────────────────────────────────────────────────────┤
 | 0x0000000000000004 | 5           | 24 12 6 1 0 0 3 4 1 1 0 0 0 0 0 0 0 0 0 4 2 0 0 0 0 0 2 0 0 0 2 8            |
 ├────────────────────┼─────────────┼──────────────────────────────────────────────────────────────────────────────┤
 | 0x0000000000000005 | 4           | 26 12 9 2 0 0 5 5 12 6 0 6 6 8 5 5 5 0 0 6 7 7 5 5 5 0 0 0 1 9 7 25          |
 ├────────────────────┼─────────────┼──────────────────────────────────────────────────────────────────────────────┤
 | 0x0000000000000006 | 1           | 23 6 4 3 3 2 0 1 1 1 5 3 3 3 0 0 0 0 0 0 0 0 0 5 11 9 2 7 3 4 11 11          |
 ├────────────────────┼─────────────┼──────────────────────────────────────────────────────────────────────────────┤
 | 0x0000000000000007 | 8           | 16 12 7 0 1 0 0 0 0 0 0 0 0 0 0 0 0 0 0 0 0 0 0 0 0 1 1 2 1 5 4 4            |
 ├────────────────────┼─────────────┼──────────────────────────────────────────────────────────────────────────────┤
 | 0x0000000000000008 | 7           | 21 16 8 0 0 0 0 0 0 0 0 2 0 0 0 0 0 0 0 0 0 2 0 0 4 4 4 0 0 0 0 10           |
 ├────────────────────┼─────────────┼──────────────────────────────────────────────────────────────────────────────┤
 | 0x0000000000000009 | 8           | 29 27 16 12 0 0 0 0 0 0 0 0 0 0 0 0 0 0 0 0 0 0 0 0 0 0 0 0 0 0 4 11         |
 ├────────────────────┼─────────────┼──────────────────────────────────────────────────────────────────────────────┤
 | 0x000000000000000a | 18          | 22 11 7 2 2 2 3 4 2 2 2 4 2 0 1 0 2 2 0 2 0 0 1 1 1 1 1 1 1 1 9 18           |
 ├────────────────────┼─────────────┼──────────────────────────────────────────────────────────────────────────────┤
 | 0x000000000000000b | 12          | 22 8 10 1 1 4 0 0 0 0 1 0 2 2 1 1 1 0 0 0 0 0 1 0 0 0 0 0 7 0 3 7            |
 ├────────────────────┼─────────────┼──────────────────────────────────────────────────────────────────────────────┤
 | 0x000000000000000c | 13          | 26 17 13 7 0 0 0 0 0 0 2 0 0 0 0 0 2 0 0 0 0 0 1 3 0 0 0 2 5 5 8 11          |
 ├────────────────────┼─────────────┼──────────────────────────────────────────────────────────────────────────────┤
 | 0x000000000000000d | 14          | 23 18 7 9 8 11 11 5 9 4 1 3 3 1 4 1 4 4 0 1 7 1 1 6 6 2 7 4 0 6 6 11         |
 ├────────────────────┼─────────────┼──────────────────────────────────────────────────────────────────────────────┤
 | 0x000000000000000e | 15          | 21 18 5 14 10 11 2 0 0 0 0 9 10 10 13 2 0 0 0 0 0 0 0 1 0 0 0 0 0 0 0 3      |
 ├────────────────────┼─────────────┼──────────────────────────────────────────────────────────────────────────────┤
 | 0x000000000000000f | 14          | 27 18 17 9 3 1 1 1 1 1 3 3 3 2 0 0 0 0 0 0 0 0 0 0 0 0 0 1 1 1 1 12          |
 ├────────────────────┼─────────────┼──────────────────────────────────────────────────────────────────────────────┤
 | 0x0000000000000010 | 17          | 23 17 6 13 9 9 0 0 0 0 0 9 8 8 8 0 0 0 0 0 0 0 0 0 0 0 0 0 0 0 3 9           |
 ├────────────────────┼─────────────┼──────────────────────────────────────────────────────────────────────────────┤
 | 0x0000000000000011 | 18          | 23 2 7 7 9 0 0 8 0 0 0 0 0 0 0 6 6 6 6 6 6 6 6 6 6 7 6 6 0 0 1 17            |
 ├────────────────────┼─────────────┼──────────────────────────────────────────────────────────────────────────────┤
 | 0x0000000000000012 | 19          | 20 16 13 10 4 0 0 0 0 0 0 0 0 2 0 1 1 1 1 0 0 0 0 0 0 2 0 2 0 0 0 2          |
 ├────────────────────┼─────────────┼──────────────────────────────────────────────────────────────────────────────┤
 | 0x0000000000000013 | 21          | 31 5 11 0 0 4 2 0 0 0 0 0 0 0 1 3 5 1 0 6 0 6 0 0 2 0 5 6 1 7 18 14          |
 ├────────────────────┼─────────────┼──────────────────────────────────────────────────────────────────────────────┤
 | 0x0000000000000014 | 16          | 29 23 11 15 8 4 2 2 2 2 2 0 9 9 3 6 4 6 2 2 1 1 2 4 4 4 4 4 2 2 2 11         |
 ├────────────────────┼─────────────┼──────────────────────────────────────────────────────────────────────────────┤
 | 0x0000000000000015 | 22          | 29 16 4 5 3 4 1 4 4 4 2 1 2 0 1 2 0 0 1 2 0 2 2 2 2 2 3 4 6 5 12 15          |
 ├────────────────────┼─────────────┼──────────────────────────────────────────────────────────────────────────────┤
 | 0x0000000000000016 | 21          | 22 16 0 5 2 0 0 4 0 4 0 0 0 0 0 0 0 0 0 0 0 0 0 0 0 0 0 0 0 0 20 18          |
 ├────────────────────┼─────────────┼──────────────────────────────────────────────────────────────────────────────┤
 | 0x0000000000000017 | 24          | 24 12 17 1 0 0 5 0 5 1 0 0 0 5 0 0 0 0 0 0 0 0 0 0 0 0 0 1 0 16 16 16        |
 ├────────────────────┼─────────────┼──────────────────────────────────────────────────────────────────────────────┤
 | 0x0000000000000018 | 28          | 24 8 2 3 9 4 0 0 2 2 2 2 2 2 2 0 0 0 0 0 0 0 0 0 0 0 0 0 0 2 0 0             |
 ├────────────────────┼─────────────┼──────────────────────────────────────────────────────────────────────────────┤
 | 0x0000000000000019 | 24          | 29 23 7 12 5 0 0 6 6 2 6 6 12 0 0 0 0 0 0 0 2 2 5 7 7 7 7 7 0 0 0 17         |
 ├────────────────────┼─────────────┼──────────────────────────────────────────────────────────────────────────────┤
 | 0x000000000000001a | 27          | 31 17 8 9 9 0 9 9 12 0 0 2 0 0 0 0 0 0 0 0 0 0 0 0 0 0 0 0 0 0 0 12          |
 ├────────────────────┼─────────────┼──────────────────────────────────────────────────────────────────────────────┤
 | 0x000000000000001b | 21          | 18 17 2 2 2 0 2 0 1 0 0 0 0 0 0 0 0 0 0 0 0 0 0 0 2 1 2 3 1 2 1 12           |
 ├────────────────────┼─────────────┼──────────────────────────────────────────────────────────────────────────────┤
 | 0x000000000000001c | 29          | 29 25 16 16 2 2 2 2 2 5 6 4 5 6 6 6 2 6 3 3 0 0 0 1 1 6 5 3 7 4 4 7          |
 ├────────────────────┼─────────────┼──────────────────────────────────────────────────────────────────────────────┤
 | 0x000000000000001d | 30          | 20 12 13 0 0 0 0 1 1 0 0 0 0 1 1 1 0 1 0 0 0 0 0 0 0 0 0 0 0 0 0 4           |
 ├────────────────────┼─────────────┼──────────────────────────────────────────────────────────────────────────────┤
 | 0x000000000000001e | 31          | 21 16 0 0 0 0 0 0 1 0 0 0 0 0 0 0 0 0 0 0 0 2 0 0 0 4 2 2 2 2 4 7            |
 ├────────────────────┼─────────────┼──────────────────────────────────────────────────────────────────────────────┤
 | 0x000000000000001f | 30          | 23 0 0 0 0 0 0 0 0 0 0 0 0 0 0 0 2 2 1 0 3 1 3 3 1 3 2 1 3 7 6 22            |
 └────────────────────┴─────────────┴──────────────────────────────────────────────────────────────────────────────┘
Offset pattern table end
PC pattern table begin
 ┌────────────────────┬─────────────┬─────────────────────────────────────────────┐
 | Key                | Second      | Pattern                                     |
 ├────────────────────┼─────────────┼─────────────────────────────────────────────┤
 | 0x0000000000000000 | 4           | 27 21 13 6 0 4 10 10 0 0 6 6 2 4 6 9        |
 ├────────────────────┼─────────────┼─────────────────────────────────────────────┤
 | 0x0000000000000001 | 8           | 24 3 21 19 3 2 0 0 0 0 1 1 7 0 1 2          |
 ├────────────────────┼─────────────┼─────────────────────────────────────────────┤
 | 0x0000000000000002 | 22          | 18 7 3 0 0 0 0 0 1 2 2 1 2 0 1 5            |
 ├────────────────────┼─────────────┼─────────────────────────────────────────────┤
 | 0x0000000000000003 | 0           | 19 8 2 0 0 0 0 3 0 0 0 0 0 1 1 6            |
 ├────────────────────┼─────────────┼─────────────────────────────────────────────┤
 | 0x0000000000000004 | 30          | 16 7 2 0 2 1 1 2 0 0 0 0 0 0 1 4            |
 ├────────────────────┼─────────────┼─────────────────────────────────────────────┤
 | 0x0000000000000005 | 31          | 21 16 0 0 0 0 0 0 0 0 0 0 0 0 0 0           |
 ├────────────────────┼─────────────┼─────────────────────────────────────────────┤
 | 0x0000000000000006 | 21          | 22 8 3 10 11 3 2 9 9 3 1 7 9 3 1 13         |
 ├────────────────────┼─────────────┼─────────────────────────────────────────────┤
 | 0x0000000000000007 | 5           | 30 21 4 9 9 4 8 0 0 0 0 0 7 7 7 17          |
 ├────────────────────┼─────────────┼─────────────────────────────────────────────┤
 | 0x0000000000000008 | 4           | 25 11 7 2 12 1 0 0 0 0 0 0 0 0 2 5          |
 ├────────────────────┼─────────────┼─────────────────────────────────────────────┤
 | 0x0000000000000009 | 31          | 17 10 1 2 1 2 3 2 0 1 0 0 2 3 4 7           |
 ├────────────────────┼─────────────┼─────────────────────────────────────────────┤
 | 0x000000000000000a | 17          | 18 8 2 5 1 1 0 1 1 0 1 2 0 1 6 8            |
 ├────────────────────┼─────────────┼─────────────────────────────────────────────┤
 | 0x000000000000000b | 5           | 19 13 8 2 1 6 7 6 0 0 0 1 0 0 1 0           |
 ├────────────────────┼─────────────┼─────────────────────────────────────────────┤
 | 0x000000000000000c | 27          | 22 11 2 0 0 2 1 1 2 1 0 0 0 1 3 3           |
 ├────────────────────┼─────────────┼─────────────────────────────────────────────┤
 | 0x000000000000000d | 14          | 27 9 8 0 0 1 2 1 0 0 3 12 16 2 1 4          |
 ├────────────────────┼─────────────┼─────────────────────────────────────────────┤
 | 0x000000000000000e | 19          | 31 16 25 16 25 25 4 6 4 4 4 11 15 13 23 17  |
 ├────────────────────┼─────────────┼─────────────────────────────────────────────┤
 | 0x000000000000000f | 8           | 16 11 6 1 3 4 2 1 0 0 1 1 1 1 3 6           |
 ├────────────────────┼─────────────┼─────────────────────────────────────────────┤
 | 0x0000000000000010 | 22          | 28 1 4 3 0 0 0 0 2 0 2 2 1 5 2 2            |
 ├────────────────────┼─────────────┼─────────────────────────────────────────────┤
 | 0x0000000000000011 | 1           | 26 15 9 6 0 0 0 0 0 0 0 0 0 0 0 16          |
 ├────────────────────┼─────────────┼─────────────────────────────────────────────┤
 | 0x0000000000000012 | 1           | 21 14 0 0 8 9 2 1 5 5 1 1 5 5 1 7           |
 ├────────────────────┼─────────────┼─────────────────────────────────────────────┤
 | 0x0000000000000013 | 25          | 21 17 4 4 5 5 7 1 6 6 0 6 11 11 10 8        |
 ├────────────────────┼─────────────┼─────────────────────────────────────────────┤
 | 0x0000000000000014 | 2           | 22 4 3 3 0 0 2 2 3 5 3 3 0 0 7 4            |
 ├────────────────────┼─────────────┼─────────────────────────────────────────────┤
 | 0x0000000000000015 | 23          | 29 0 0 0 0 15 0 0 15 0 0 15 0 15 15 15      |
 ├────────────────────┼─────────────┼─────────────────────────────────────────────┤
 | 0x0000000000000016 | 24          | 17 5 5 3 0 0 0 0 0 0 0 0 0 0 1 6            |
 ├────────────────────┼─────────────┼─────────────────────────────────────────────┤
 | 0x0000000000000017 | 14          | 31 9 6 12 6 4 1 1 1 3 12 2 7 5 5 9          |
 ├────────────────────┼─────────────┼─────────────────────────────────────────────┤
 | 0x0000000000000018 | 31          | 21 18 7 4 3 4 0 2 0 0 1 4 4 4 4 6           |
 ├────────────────────┼─────────────┼─────────────────────────────────────────────┤
 | 0x0000000000000019 | 20          | 22 0 0 0 0 0 0 0 0 0 0 0 0 0 0 13           |
 ├────────────────────┼─────────────┼─────────────────────────────────────────────┤
 | 0x000000000000001a | 2           | 20 10 5 1 1 2 2 1 2 1 1 0 5 7 5 9           |
 ├────────────────────┼─────────────┼─────────────────────────────────────────────┤
 | 0x000000000000001b | 3           | 31 10 2 2 1 2 0 1 1 1 0 0 0 1 1 19          |
 ├────────────────────┼─────────────┼─────────────────────────────────────────────┤
 | 0x000000000000001c | 1           | 18 15 0 15 14 15 0 14 0 0 0 15 14 14 15 16  |
 ├────────────────────┼─────────────┼─────────────────────────────────────────────┤
 | 0x000000000000001d | 31          | 27 14 9 2 5 9 10 9 4 1 3 4 7 7 2 5          |
 ├────────────────────┼─────────────┼─────────────────────────────────────────────┤
 | 0x000000000000001e | 9           | 23 4 4 1 0 2 0 1 16 16 0 2 0 0 2 3          |
 ├────────────────────┼─────────────┼─────────────────────────────────────────────┤
 | 0x000000000000001f | 24          | 18 4 3 0 2 0 0 0 7 8 7 7 7 8 7 6            |
 └────────────────────┴─────────────┴─────────────────────────────────────────────┘
PC pattern table end
Prefetch buffer begin
 ┌────────────────────┬──────────────────────────────────────────────────────────────────┐
 | Region             | Pattern                                                          |
 ├────────────────────┼──────────────────────────────────────────────────────────────────┤
 | 0x00000000000003ac | 0 0 0 0 0 0 0 0 0 0 0 0 0 0 0 0 0 0 0 0 1 2 0 2 2 2 0 0 0 0 0 0  |
 ├────────────────────┼──────────────────────────────────────────────────────────────────┤
 | 0x0000000000000309 | 0 0 0 0 0 0 0 0 0 0 0 0 0 0 0 2 0 2 0 0 0 0 0 0 0 0 0 0 0 0 2 2  |
 ├────────────────────┼──────────────────────────────────────────────────────────────────┤
 | 0x00000000000002d0 | 2 2 2 2 2 2 2 2 0 2 2 2 2 2 2 2 2 2 2 2 2 2 0 0 2 2 2 2 0 0 2 2  |
 ├────────────────────┼──────────────────────────────────────────────────────────────────┤
 | 0x00000000000002f8 | 0 0 0 0 0 0 0 0 0 0 0 0 0 0 0 0 0 0 0 0 0 0 0 0 0 0 0 0 0 2 2 2  |
 ├────────────────────┼──────────────────────────────────────────────────────────────────┤
 | 0x0000000000000258 | 0 0 0 0 0 0 0 2 0 0 0 0 2 2 0 0 0 0 0 0 0 0 0 0 0 0 0 0 0 0 0 0  |
 ├────────────────────┼──────────────────────────────────────────────────────────────────┤
 | 0x000000000000029e | 0 0 0 0 2 2 2 0 2 2 2 0 0 0 0 0 0 0 0 0 0 2 2 0 0 0 0 0 0 0 0 0  |
 ├────────────────────┼──────────────────────────────────────────────────────────────────┤
 | 0x000000000000028a | 0 2 2 0 2 2 0 0 0 0 2 2 0 0 0 0 0 0 0 0 0 0 0 0 0 0 0 0 0 0 0 0  |
 ├────────────────────┼──────────────────────────────────────────────────────────────────┤
 | 0x0000000000000307 | 0 0 2 2 2 2 0 0 0 0 0 0 0 2 0 0 0 0 2 2 2 2 0 0 0 0 2 2 2 2 0 0  |
 ├────────────────────┼──────────────────────────────────────────────────────────────────┤
 | 0x0000000000000308 | 2 2 2 0 0 0 0 2 2 2 2 0 0 0 0 2 2 2 2 0 0 0 0 2 2 2 2 0 0 2 0 0  |
 ├────────────────────┼──────────────────────────────────────────────────────────────────┤
 | 0x0000000000000242 | 2 2 2 2 0 0 2 2 0 0 0 0 0 0 0 0 0 0 0 0 0 0 0 0 0 0 0 0 2 2 0 2  |
 ├────────────────────┼──────────────────────────────────────────────────────────────────┤
 | 0x000000000000026a | 2 0 0 0 0 0 0 0 0 0 0 0 0 0 0 0 0 0 0 0 0 0 0 0 0 0 0 0 0 0 0 0  |
 ├────────────────────┼──────────────────────────────────────────────────────────────────┤
 | 0x00000000000002b2 | 0 0 0 0 0 0 0 0 0 0 2 2 2 2 2 2 2 2 0 2 2 2 0 0 2 2 2 2 0 0 2 2  |
 ├────────────────────┼──────────────────────────────────────────────────────────────────┤
 | 0x0000000000000319 | 0 2 2 2 2 0 0 0 0 0 2 0 0 0 0 0 2 0 2 2 2 2 2 0 2 0 0 0 0 0 0 0  |
 ├────────────────────┼──────────────────────────────────────────────────────────────────┤
 | 0x000000000000038f | 0 0 0 0 2 2 2 2 0 0 0 0 2 2 2 2 0 0 2 2 0 0 0 0 0 0 0 0 0 0 2 2  |
 ├────────────────────┼──────────────────────────────────────────────────────────────────┤
 | 0x000000000000023f | 0 0 0 0 0 0 0 0 0 0 2 2 2 2 2 2 0 2 2 2 2 2 0 0 0 0 0 2 2 2 2 0  |
 ├────────────────────┼──────────────────────────────────────────────────────────────────┤
 | 0x00000000000003b5 | 0 0 0 0 0 0 0 0 0 2 2 2 2 2 0 2 2 2 2 2 0 0 2 2 2 2 2 2 2 2 2 2  |
 ├────────────────────┼──────────────────────────────────────────────────────────────────┤
 | 0x000000000000034f | 0 0 0 0 0 0 0 0 0 0 2 2 2 2 2 2 2 2 2 2 2 0 0 0 0 0 2 2 2 2 0 0  |
 ├────────────────────┼──────────────────────────────────────────────────────────────────┤
 | 0x0000000000000337 | 2 2 2 2 0 0 0 0 0 0 0 0 0 0 0 0 0 0 0 0 0 0 0 0 0 2 0 0 2 2 0 2  |
 ├────────────────────┼──────────────────────────────────────────────────────────────────┤
 | 0x0000000000000332 | 0 0 0 0 0 0 0 2 2 0 0 2 2 2 2 2 2 2 2 0 2 2 2 2 2 2 2 2 2 0 0 0  |
 ├────────────────────┼──────────────────────────────────────────────────────────────────┤
 | 0x0000000000000288 | 0 0 0 0 0 0 0 0 0 0 0 0 0 0 0 0 0 2 0 0 0 0 0 0 2 2 0 0 0 0 0 2  |
 ├────────────────────┼──────────────────────────────────────────────────────────────────┤
 | 0x0000000000000351 | 0 2 2 2 2 0 0 0 0 0 0 0 0 0 0 0 0 0 0 0 0 0 0 0 0 0 0 0 0 0 0 0  |
 ├────────────────────┼──────────────────────────────────────────────────────────────────┤
 | 0x0000000000000336 | 0 0 0 0 0 0 0 0 0 0 0 0 0 0 0 0 0 0 0 0 0 0 0 0 0 0 0 0 0 0 2 2  |
 ├────────────────────┼──────────────────────────────────────────────────────────────────┤
 | 0x0000000000000286 | 2 2 0 0 0 0 0 0 2 0 2 2 2 2 2 0 0 0 0 0 0 0 0 0 0 0 0 0 0 0 0 2  |
 ├────────────────────┼──────────────────────────────────────────────────────────────────┤
 | 0x0000000000000344 | 0 0 0 0 0 0 0 0 0 0 0 0 0 0 0 0 0 0 2 0 0 2 2 0 0 2 2 2 2 0 0 2  |
 ├────────────────────┼──────────────────────────────────────────────────────────────────┤
 | 0x00000000000003aa | 2 2 2 0 2 0 2 2 2 2 2 2 2 2 0 2 2 0 2 0 0 0 0 0 0 0 0 2 2 2 2 2  |
 ├────────────────────┼──────────────────────────────────────────────────────────────────┤
 | 0x000000000000034e | 0 0 0 0 0 0 0 0 2 2 2 2 2 2 2 2 2 2 2 2 2 2 2 2 0 0 2 2 2 2 0 0  |
 ├────────────────────┼──────────────────────────────────────────────────────────────────┤
 | 0x0000000000000251 | 2 2 2 2 0 0 0 0 0 0 0 0 0 0 2 2 2 2 2 2 0 0 0 0 0 0 0 0 0 2 2 2  |
 └────────────────────┴──────────────────────────────────────────────────────────────────┘
Prefetch buffer end
Filter by PPT: 0
cpu0_L2C
Num Con Filled: 0
Num Con Useful: 0 Useless:0 Accuracy: nan
LLC
