41 41 41
Available num physical pages: 35184372088576
WARNING: physical memory size is smaller than virtual memory size

*** ChampSim Multicore Out-of-Order Simulator ***

Warmup Instructions: 5000000
Simulation Instructions: 5000000
Number of CPUs: 1
Page size: 4096

Basic BTB sets: 1024 ways: 8 indirect buffer size: 4096 RAS size: 64
cpu0_L1D PMP prefetcher
Off-chip DRAM Size: 4 GiB Channels: 1 Width: 64-bit Data Rate: 3200 MT/s
Max paddr 174M
Warmup finished CPU 0 instructions: 5000002 cycles: 1285678 cumulative IPC: 3.88901 (Simulation time: 0 hr 3 min 43 sec) 

Warmup complete CPU 0 instructions: 5000002 cycles: 1285678 (Simulation time: 0 hr 3 min 43 sec) 

Heartbeat CPU 0 instructions: 10000002 cycles: 43103467 heartbeat IPC: 0.232 cumulative IPC: 0.119567 (Simulation time: 0 hr 8 min 21 sec) 
Max paddr 201M
Simulation finished CPU 0 instructions: 5000000 cycles: 41817790 cumulative IPC: 0.119567 (Simulation time: 0 hr 8 min 21 sec) 

Simulation complete CPU 0 instructions: 5000000 cycles: 41817790 (Simulation time: 0 hr 8 min 21 sec) 


ChampSim completed all CPUs

[
  {
    "name": "Simulation",
    "traces": [
      "../traces/429.mcf-184B.champsimtrace.xz"
    ],
    "roi": {
      "cores": [
        {
          "instructions": 5000000,
          "cycles": 41817790,
          "Avg ROB occupancy at mispredict": 19.4042, 
          "mispredict": {
            "BRANCH_DIRECT_JUMP": 1462,
            "BRANCH_INDIRECT": 0,
            "BRANCH_CONDITIONAL": 121016,
            "BRANCH_DIRECT_CALL": 0,
            "BRANCH_INDIRECT_CALL": 0,
            "BRANCH_RETURN": 0
          }
        }
      ],
      "cpu0_L1I": {
        "LOAD": {
          "hit":0,
          "miss":0
        },
        "RFO": {
          "hit":0,
          "miss":0
        },
        "PREFETCH": {
          "hit":0,
          "miss":0
        },
        "WRITE": {
          "hit":0,
          "miss":0
        },
        "TRANSLATION": {
          "hit":0,
          "miss":0
        },
        "mshr full": 0,
        "prefetch requested": 0,
        "prefetch issued": 0,
        "prefetch filled": 0,
        "prefetch useful": 0,
        "prefetch useless": 0,
        "prefetch late": 0,
        "pf_useful_at_l2_from_l1":          0,
        "pf_late_at_l2_from_l1":          0,
        "pf_useless_at_l2_from_l1":          0,
        "pf_at_l2_to_l1":          0,
        "pf_fill_this_level":          0,
        "miss latency": null,
        "cache queues": {
          "PQ_ACCESS": 0,
          "PQ_FULL": 0,
          "PQ_TO_CACHE": 0,
          "PQ_MERGED": 0,
          "RQ_ACCESS": 0,
          "RQ_MERGED": 0,
          "RQ_FULL": 0,
          "WQ_ACCESS": 0,
          "WQ_MERGED": 0,
          "WQ_FULL": 0
        }
      },
      "cpu0_ITLB": {
        "LOAD": {
          "hit":0,
          "miss":0
        },
        "RFO": {
          "hit":0,
          "miss":0
        },
        "PREFETCH": {
          "hit":0,
          "miss":0
        },
        "WRITE": {
          "hit":0,
          "miss":0
        },
        "TRANSLATION": {
          "hit":0,
          "miss":0
        },
        "mshr full": 0,
        "prefetch requested": 0,
        "prefetch issued": 0,
        "prefetch filled": 0,
        "prefetch useful": 0,
        "prefetch useless": 0,
        "prefetch late": 0,
        "pf_useful_at_l2_from_l1":          0,
        "pf_late_at_l2_from_l1":          0,
        "pf_useless_at_l2_from_l1":          0,
        "pf_at_l2_to_l1":          0,
        "pf_fill_this_level":          0,
        "miss latency": null,
        "cache queues": {
          "PQ_ACCESS": 0,
          "PQ_FULL": 0,
          "PQ_TO_CACHE": 0,
          "PQ_MERGED": 0,
          "RQ_ACCESS": 0,
          "RQ_MERGED": 0,
          "RQ_FULL": 0,
          "WQ_ACCESS": 0,
          "WQ_MERGED": 0,
          "WQ_FULL": 0
        }
      },
      "cpu0_DTLB": {
        "LOAD": {
          "hit":207843,
          "miss":1398224
        },
        "RFO": {
          "hit":0,
          "miss":0
        },
        "PREFETCH": {
          "hit":0,
          "miss":0
        },
        "WRITE": {
          "hit":0,
          "miss":0
        },
        "TRANSLATION": {
          "hit":0,
          "miss":0
        },
        "mshr full": 15387,
        "prefetch requested": 0,
        "prefetch issued": 0,
        "prefetch filled": 0,
        "prefetch useful": 0,
        "prefetch useless": 0,
        "prefetch late": 0,
        "pf_useful_at_l2_from_l1":          0,
        "pf_late_at_l2_from_l1":          0,
        "pf_useless_at_l2_from_l1":          0,
        "pf_at_l2_to_l1":          0,
        "pf_fill_this_level":          0,
        "miss latency": 0.457167,
        "cache queues": {
          "PQ_ACCESS": 0,
          "PQ_FULL": 0,
          "PQ_TO_CACHE": 0,
          "PQ_MERGED": 0,
          "RQ_ACCESS": 1762785,
          "RQ_MERGED": 0,
          "RQ_FULL": 156704,
          "WQ_ACCESS": 0,
          "WQ_MERGED": 0,
          "WQ_FULL": 0
        }
      },
      "cpu0_STLB": {
        "LOAD": {
          "hit":658128,
          "miss":15909
        },
        "RFO": {
          "hit":0,
          "miss":0
        },
        "PREFETCH": {
          "hit":0,
          "miss":0
        },
        "WRITE": {
          "hit":0,
          "miss":0
        },
        "TRANSLATION": {
          "hit":0,
          "miss":0
        },
        "mshr full": 0,
        "prefetch requested": 0,
        "prefetch issued": 0,
        "prefetch filled": 0,
        "prefetch useful": 0,
        "prefetch useless": 0,
        "prefetch late": 0,
        "pf_useful_at_l2_from_l1":          0,
        "pf_late_at_l2_from_l1":          0,
        "pf_useless_at_l2_from_l1":          0,
        "pf_at_l2_to_l1":          0,
        "pf_fill_this_level":          0,
        "miss latency": 18.9248,
        "cache queues": {
          "PQ_ACCESS": 0,
          "PQ_FULL": 0,
          "PQ_TO_CACHE": 0,
          "PQ_MERGED": 0,
          "RQ_ACCESS": 674042,
          "RQ_MERGED": 0,
          "RQ_FULL": 0,
          "WQ_ACCESS": 0,
          "WQ_MERGED": 0,
          "WQ_FULL": 0
        }
      },
      "cpu0_L1D": {
        "LOAD": {
          "hit":166526,
          "miss":1251020
        },
        "RFO": {
          "hit":0,
          "miss":0
        },
        "PREFETCH": {
          "hit":15888,
          "miss":853854
        },
        "WRITE": {
          "hit":52866,
          "miss":1470
        },
        "TRANSLATION": {
          "hit":857,
          "miss":19412
        },
        "mshr full": 227056,
        "prefetch requested": 869747,
        "prefetch issued": 869747,
        "prefetch filled": 1127,
        "prefetch useful": 70,
        "prefetch useless": 1058,
        "prefetch late": 1,
        "pf_useful_at_l2_from_l1":          0,
        "pf_late_at_l2_from_l1":          0,
        "pf_useless_at_l2_from_l1":          0,
        "pf_at_l2_to_l1":          0,
        "pf_fill_this_level":       1127,
        "miss latency": 4.50395,
        "cache queues": {
          "PQ_ACCESS": 869747,
          "PQ_FULL": 0,
          "PQ_TO_CACHE": 869747,
          "PQ_MERGED": 2,
          "RQ_ACCESS": 1767710,
          "RQ_MERGED": 140045,
          "RQ_FULL": 210085,
          "WQ_ACCESS": 54857,
          "WQ_MERGED": 436,
          "WQ_FULL": 81
        }
      },
      "cpu0_L2C": {
        "LOAD": {
          "hit":231114,
          "miss":451048
        },
        "RFO": {
          "hit":390,
          "miss":680
        },
        "PREFETCH": {
          "hit":316034,
          "miss":533599
        },
        "WRITE": {
          "hit":11908,
          "miss":0
        },
        "TRANSLATION": {
          "hit":3148,
          "miss":16264
        },
        "mshr full": 966,
        "prefetch requested": 0,
        "prefetch issued": 0,
        "prefetch filled": 533473,
        "prefetch useful": 0,
        "prefetch useless": 0,
        "prefetch late": 0,
        "pf_useful_at_l2_from_l1":      95086,
        "pf_late_at_l2_from_l1":         89,
        "pf_useless_at_l2_from_l1":     435679,
        "pf_at_l2_to_l1":        119,
        "pf_fill_this_level":     532589,
        "miss latency": 25.0468,
        "cache queues": {
          "PQ_ACCESS": 850090,
          "PQ_FULL": 472,
          "PQ_TO_CACHE": 849618,
          "PQ_MERGED": 0,
          "RQ_ACCESS": 702650,
          "RQ_MERGED": 0,
          "RQ_FULL": 0,
          "WQ_ACCESS": 12012,
          "WQ_MERGED": 0,
          "WQ_FULL": 0
        }
      },
      "LLC": {
        "LOAD": {
          "hit": [195004],
          "miss": [255952]
        },
        "RFO": {
          "hit": [454],
          "miss": [226]
        },
        "PREFETCH": {
          "hit": [235048],
          "miss": [298523]
        },
        "WRITE": {
          "hit": [8659],
          "miss": [0]
        },
        "TRANSLATION": {
          "hit": [7693],
          "miss": [8571]
        },
        "mshr full": 0,
        "prefetch requested": 0,
        "prefetch issued": 0,
        "prefetch filled": 298514,
        "prefetch useful": 0,
        "prefetch useless": 0,
        "prefetch late": 0,
        "pf_useful_at_l2_from_l1":          0,
        "pf_late_at_l2_from_l1":          0,
        "pf_useless_at_l2_from_l1":          0,
        "pf_at_l2_to_l1":        207,
        "pf_fill_this_level":          0,
        "miss latency": 40.4131,
        "cache queues": {
          "PQ_ACCESS": 533573,
          "PQ_FULL": 0,
          "PQ_TO_CACHE": 533573,
          "PQ_MERGED": 0,
          "RQ_ACCESS": 467903,
          "RQ_MERGED": 0,
          "RQ_FULL": 0,
          "WQ_ACCESS": 8665,
          "WQ_MERGED": 0,
          "WQ_FULL": 0
        }
      },
      "DRAM": [
        {
          "RQ ROW_BUFFER_HIT": 16064,
          "RQ ROW_BUFFER_MISS": 547146,
          "PQ FULL": 0,
          "WQ ROW_BUFFER_HIT": 1543,
          "WQ ROW_BUFFER_MISS": 2088,
          "WQ FULL": 0,
          "AVG DBUS CONGESTED CYCLE": 3.9128
        }
      ]

    },
    "sim": {
      "cores": [
        {
          "instructions": 5000000,
          "cycles": 41817790,
          "Avg ROB occupancy at mispredict": 19.4042, 
          "mispredict": {
            "BRANCH_DIRECT_JUMP": 1462,
            "BRANCH_INDIRECT": 0,
            "BRANCH_CONDITIONAL": 121016,
            "BRANCH_DIRECT_CALL": 0,
            "BRANCH_INDIRECT_CALL": 0,
            "BRANCH_RETURN": 0
          }
        }
      ],
      "cpu0_L1I": {
        "LOAD": {
          "hit":0,
          "miss":0
        },
        "RFO": {
          "hit":0,
          "miss":0
        },
        "PREFETCH": {
          "hit":0,
          "miss":0
        },
        "WRITE": {
          "hit":0,
          "miss":0
        },
        "TRANSLATION": {
          "hit":0,
          "miss":0
        },
        "mshr full": 0,
        "prefetch requested": 0,
        "prefetch issued": 0,
        "prefetch filled": 0,
        "prefetch useful": 0,
        "prefetch useless": 0,
        "prefetch late": 0,
        "pf_useful_at_l2_from_l1":          0,
        "pf_late_at_l2_from_l1":          0,
        "pf_useless_at_l2_from_l1":          0,
        "pf_at_l2_to_l1":          0,
        "pf_fill_this_level":          0,
        "miss latency": null,
        "cache queues": {
          "PQ_ACCESS": 0,
          "PQ_FULL": 0,
          "PQ_TO_CACHE": 0,
          "PQ_MERGED": 0,
          "RQ_ACCESS": 0,
          "RQ_MERGED": 0,
          "RQ_FULL": 0,
          "WQ_ACCESS": 0,
          "WQ_MERGED": 0,
          "WQ_FULL": 0
        }
      },
      "cpu0_ITLB": {
        "LOAD": {
          "hit":0,
          "miss":0
        },
        "RFO": {
          "hit":0,
          "miss":0
        },
        "PREFETCH": {
          "hit":0,
          "miss":0
        },
        "WRITE": {
          "hit":0,
          "miss":0
        },
        "TRANSLATION": {
          "hit":0,
          "miss":0
        },
        "mshr full": 0,
        "prefetch requested": 0,
        "prefetch issued": 0,
        "prefetch filled": 0,
        "prefetch useful": 0,
        "prefetch useless": 0,
        "prefetch late": 0,
        "pf_useful_at_l2_from_l1":          0,
        "pf_late_at_l2_from_l1":          0,
        "pf_useless_at_l2_from_l1":          0,
        "pf_at_l2_to_l1":          0,
        "pf_fill_this_level":          0,
        "miss latency": null,
        "cache queues": {
          "PQ_ACCESS": 0,
          "PQ_FULL": 0,
          "PQ_TO_CACHE": 0,
          "PQ_MERGED": 0,
          "RQ_ACCESS": 0,
          "RQ_MERGED": 0,
          "RQ_FULL": 0,
          "WQ_ACCESS": 0,
          "WQ_MERGED": 0,
          "WQ_FULL": 0
        }
      },
      "cpu0_DTLB": {
        "LOAD": {
          "hit":207843,
          "miss":1398224
        },
        "RFO": {
          "hit":0,
          "miss":0
        },
        "PREFETCH": {
          "hit":0,
          "miss":0
        },
        "WRITE": {
          "hit":0,
          "miss":0
        },
        "TRANSLATION": {
          "hit":0,
          "miss":0
        },
        "mshr full": 15387,
        "prefetch requested": 0,
        "prefetch issued": 0,
        "prefetch filled": 0,
        "prefetch useful": 0,
        "prefetch useless": 0,
        "prefetch late": 0,
        "pf_useful_at_l2_from_l1":          0,
        "pf_late_at_l2_from_l1":          0,
        "pf_useless_at_l2_from_l1":          0,
        "pf_at_l2_to_l1":          0,
        "pf_fill_this_level":          0,
        "miss latency": 0.457167,
        "cache queues": {
          "PQ_ACCESS": 0,
          "PQ_FULL": 0,
          "PQ_TO_CACHE": 0,
          "PQ_MERGED": 0,
          "RQ_ACCESS": 1762785,
          "RQ_MERGED": 0,
          "RQ_FULL": 156704,
          "WQ_ACCESS": 0,
          "WQ_MERGED": 0,
          "WQ_FULL": 0
        }
      },
      "cpu0_STLB": {
        "LOAD": {
          "hit":658128,
          "miss":15909
        },
        "RFO": {
          "hit":0,
          "miss":0
        },
        "PREFETCH": {
          "hit":0,
          "miss":0
        },
        "WRITE": {
          "hit":0,
          "miss":0
        },
        "TRANSLATION": {
          "hit":0,
          "miss":0
        },
        "mshr full": 0,
        "prefetch requested": 0,
        "prefetch issued": 0,
        "prefetch filled": 0,
        "prefetch useful": 0,
        "prefetch useless": 0,
        "prefetch late": 0,
        "pf_useful_at_l2_from_l1":          0,
        "pf_late_at_l2_from_l1":          0,
        "pf_useless_at_l2_from_l1":          0,
        "pf_at_l2_to_l1":          0,
        "pf_fill_this_level":          0,
        "miss latency": 18.9248,
        "cache queues": {
          "PQ_ACCESS": 0,
          "PQ_FULL": 0,
          "PQ_TO_CACHE": 0,
          "PQ_MERGED": 0,
          "RQ_ACCESS": 674042,
          "RQ_MERGED": 0,
          "RQ_FULL": 0,
          "WQ_ACCESS": 0,
          "WQ_MERGED": 0,
          "WQ_FULL": 0
        }
      },
      "cpu0_L1D": {
        "LOAD": {
          "hit":166526,
          "miss":1251020
        },
        "RFO": {
          "hit":0,
          "miss":0
        },
        "PREFETCH": {
          "hit":15888,
          "miss":853854
        },
        "WRITE": {
          "hit":52866,
          "miss":1470
        },
        "TRANSLATION": {
          "hit":857,
          "miss":19412
        },
        "mshr full": 227056,
        "prefetch requested": 869747,
        "prefetch issued": 869747,
        "prefetch filled": 1127,
        "prefetch useful": 70,
        "prefetch useless": 1058,
        "prefetch late": 1,
        "pf_useful_at_l2_from_l1":          0,
        "pf_late_at_l2_from_l1":          0,
        "pf_useless_at_l2_from_l1":          0,
        "pf_at_l2_to_l1":          0,
        "pf_fill_this_level":       1127,
        "miss latency": 4.50395,
        "cache queues": {
          "PQ_ACCESS": 869747,
          "PQ_FULL": 0,
          "PQ_TO_CACHE": 869747,
          "PQ_MERGED": 2,
          "RQ_ACCESS": 1767710,
          "RQ_MERGED": 140045,
          "RQ_FULL": 210085,
          "WQ_ACCESS": 54857,
          "WQ_MERGED": 436,
          "WQ_FULL": 81
        }
      },
      "cpu0_L2C": {
        "LOAD": {
          "hit":231114,
          "miss":451048
        },
        "RFO": {
          "hit":390,
          "miss":680
        },
        "PREFETCH": {
          "hit":316034,
          "miss":533599
        },
        "WRITE": {
          "hit":11908,
          "miss":0
        },
        "TRANSLATION": {
          "hit":3148,
          "miss":16264
        },
        "mshr full": 966,
        "prefetch requested": 0,
        "prefetch issued": 0,
        "prefetch filled": 533473,
        "prefetch useful": 0,
        "prefetch useless": 0,
        "prefetch late": 0,
        "pf_useful_at_l2_from_l1":      95086,
        "pf_late_at_l2_from_l1":         89,
        "pf_useless_at_l2_from_l1":     435679,
        "pf_at_l2_to_l1":        119,
        "pf_fill_this_level":     532589,
        "miss latency": 25.0468,
        "cache queues": {
          "PQ_ACCESS": 850090,
          "PQ_FULL": 472,
          "PQ_TO_CACHE": 849618,
          "PQ_MERGED": 0,
          "RQ_ACCESS": 702650,
          "RQ_MERGED": 0,
          "RQ_FULL": 0,
          "WQ_ACCESS": 12012,
          "WQ_MERGED": 0,
          "WQ_FULL": 0
        }
      },
      "LLC": {
        "LOAD": {
          "hit": [195004],
          "miss": [255952]
        },
        "RFO": {
          "hit": [454],
          "miss": [226]
        },
        "PREFETCH": {
          "hit": [235048],
          "miss": [298523]
        },
        "WRITE": {
          "hit": [8659],
          "miss": [0]
        },
        "TRANSLATION": {
          "hit": [7693],
          "miss": [8571]
        },
        "mshr full": 0,
        "prefetch requested": 0,
        "prefetch issued": 0,
        "prefetch filled": 298514,
        "prefetch useful": 0,
        "prefetch useless": 0,
        "prefetch late": 0,
        "pf_useful_at_l2_from_l1":          0,
        "pf_late_at_l2_from_l1":          0,
        "pf_useless_at_l2_from_l1":          0,
        "pf_at_l2_to_l1":        207,
        "pf_fill_this_level":          0,
        "miss latency": 40.4131,
        "cache queues": {
          "PQ_ACCESS": 533573,
          "PQ_FULL": 0,
          "PQ_TO_CACHE": 533573,
          "PQ_MERGED": 0,
          "RQ_ACCESS": 467903,
          "RQ_MERGED": 0,
          "RQ_FULL": 0,
          "WQ_ACCESS": 8665,
          "WQ_MERGED": 0,
          "WQ_FULL": 0
        }
      },
      "DRAM": [
        {
          "RQ ROW_BUFFER_HIT": 16064,
          "RQ ROW_BUFFER_MISS": 547146,
          "PQ FULL": 0,
          "WQ ROW_BUFFER_HIT": 1543,
          "WQ ROW_BUFFER_MISS": 2088,
          "WQ FULL": 0,
          "AVG DBUS CONGESTED CYCLE": 3.9128
        }
      ]

    }
  }
]
cpu0_ITLB
cpu0_DTLB
cpu0_STLB
Prefetch Request to L1: 1637, Prefetch Request to L2: 868110
Invalid by Eviction: 35629
Invalid by Max: 58767
Filter table begin
 ┌────────────────────┬─────────────┐
 | Region             | Offset      |
 ├────────────────────┼─────────────┤
 | 0x0000000000000785 | 31          |
 ├────────────────────┼─────────────┤
 | 0x0000000000000ec4 | 0           |
 ├────────────────────┼─────────────┤
 | 0x0000000000000475 | 28          |
 ├────────────────────┼─────────────┤
 | 0x0000000000000ab8 | 6           |
 ├────────────────────┼─────────────┤
 | 0x0000000000000804 | 13          |
 ├────────────────────┼─────────────┤
 | 0x0000000000000965 | 3           |
 ├────────────────────┼─────────────┤
 | 0x000000000000081f | 8           |
 ├────────────────────┼─────────────┤
 | 0x000000000000046f | 0           |
 ├────────────────────┼─────────────┤
 | 0x00000000000007e8 | 28          |
 ├────────────────────┼─────────────┤
 | 0x00000000000002f5 | 10          |
 ├────────────────────┼─────────────┤
 | 0x000000000000079f | 1           |
 ├────────────────────┼─────────────┤
 | 0x0000000000002e8f | 4           |
 ├────────────────────┼─────────────┤
 | 0x0000000000019292 | 22          |
 ├────────────────────┼─────────────┤
 | 0x0000000000003211 | 17          |
 ├────────────────────┼─────────────┤
 | 0x0000000000019179 | 6           |
 ├────────────────────┼─────────────┤
 | 0x000000000000089f | 20          |
 ├────────────────────┼─────────────┤
 | 0x0000000000000d12 | 31          |
 ├────────────────────┼─────────────┤
 | 0x0000000000000806 | 7           |
 ├────────────────────┼─────────────┤
 | 0x00000000000007b1 | 22          |
 ├────────────────────┼─────────────┤
 | 0x000000000000035d | 14          |
 ├────────────────────┼─────────────┤
 | 0x0000000000000afb | 17          |
 ├────────────────────┼─────────────┤
 | 0x0000000000003304 | 15          |
 ├────────────────────┼─────────────┤
 | 0x0000000000016708 | 23          |
 ├────────────────────┼─────────────┤
 | 0x00000000000007ea | 29          |
 ├────────────────────┼─────────────┤
 | 0x00000000000007e3 | 19          |
 ├────────────────────┼─────────────┤
 | 0x0000000000000355 | 5           |
 ├────────────────────┼─────────────┤
 | 0x00000000000007ce | 16          |
 ├────────────────────┼─────────────┤
 | 0x0000000000000815 | 29          |
 ├────────────────────┼─────────────┤
 | 0x0000000000017b79 | 6           |
 ├────────────────────┼─────────────┤
 | 0x00000000000018b2 | 26          |
 ├────────────────────┼─────────────┤
 | 0x00000000000184a4 | 20          |
 ├────────────────────┼─────────────┤
 | 0x0000000000000812 | 30          |
 ├────────────────────┼─────────────┤
 | 0x0000000000015a2b | 0           |
 ├────────────────────┼─────────────┤
 | 0x0000000000000841 | 31          |
 ├────────────────────┼─────────────┤
 | 0x00000000000007c0 | 21          |
 ├────────────────────┼─────────────┤
 | 0x00000000000193be | 6           |
 ├────────────────────┼─────────────┤
 | 0x0000000000000b8e | 31          |
 ├────────────────────┼─────────────┤
 | 0x00000000000007f6 | 2           |
 ├────────────────────┼─────────────┤
 | 0x0000000000018007 | 16          |
 ├────────────────────┼─────────────┤
 | 0x0000000000000a5a | 2           |
 ├────────────────────┼─────────────┤
 | 0x0000000000000b8f | 0           |
 ├────────────────────┼─────────────┤
 | 0x00000000000176a5 | 26          |
 ├────────────────────┼─────────────┤
 | 0x0000000000018984 | 15          |
 ├────────────────────┼─────────────┤
 | 0x0000000000002e1b | 0           |
 ├────────────────────┼─────────────┤
 | 0x0000000000000825 | 29          |
 ├────────────────────┼─────────────┤
 | 0x00000000000007ec | 24          |
 ├────────────────────┼─────────────┤
 | 0x0000000000000d97 | 22          |
 ├────────────────────┼─────────────┤
 | 0x000000000001040f | 11          |
 ├────────────────────┼─────────────┤
 | 0x0000000000000be9 | 8           |
 ├────────────────────┼─────────────┤
 | 0x0000000000018fde | 10          |
 ├────────────────────┼─────────────┤
 | 0x00000000000177c7 | 6           |
 ├────────────────────┼─────────────┤
 | 0x00000000000031cb | 17          |
 ├────────────────────┼─────────────┤
 | 0x00000000000002d6 | 26          |
 ├────────────────────┼─────────────┤
 | 0x00000000000007ef | 22          |
 ├────────────────────┼─────────────┤
 | 0x0000000000000d9d | 31          |
 ├────────────────────┼─────────────┤
 | 0x0000000000000319 | 25          |
 ├────────────────────┼─────────────┤
 | 0x0000000000000d8e | 30          |
 ├────────────────────┼─────────────┤
 | 0x000000000001040e | 30          |
 ├────────────────────┼─────────────┤
 | 0x00000000000007ca | 12          |
 ├────────────────────┼─────────────┤
 | 0x0000000000000f61 | 14          |
 ├────────────────────┼─────────────┤
 | 0x0000000000000673 | 1           |
 ├────────────────────┼─────────────┤
 | 0x0000000000001db9 | 14          |
 └────────────────────┴─────────────┘
Filter table end
Accumulation table begin
 ┌────────────────────┬─────────────┬─────────────┬──────────────────────────────────────────────────────────────────┐
 | Region             | Offset      | Second      | Pattern                                                          |
 ├────────────────────┼─────────────┼─────────────┼──────────────────────────────────────────────────────────────────┤
 | 0x0000000000000d5d | 21          | 20          | 0 0 0 0 0 0 0 0 0 1 1 0 0 0 0 0 0 0 0 0 1 1 0 0 0 0 0 0 0 0 0 0  |
 ├────────────────────┼─────────────┼─────────────┼──────────────────────────────────────────────────────────────────┤
 | 0x00000000000006cf | 27          | 16          | 1 0 1 0 0 0 0 0 0 0 0 1 1 1 1 1 1 1 0 0 0 0 0 0 0 0 0 1 1 1 1 1  |
 ├────────────────────┼─────────────┼─────────────┼──────────────────────────────────────────────────────────────────┤
 | 0x0000000000000565 | 23          | 22          | 0 0 0 0 0 0 0 0 0 0 0 0 0 0 0 0 0 0 0 0 0 0 1 1 0 0 0 0 0 0 0 0  |
 ├────────────────────┼─────────────┼─────────────┼──────────────────────────────────────────────────────────────────┤
 | 0x0000000000000b76 | 24          | 23          | 0 0 0 0 0 0 0 0 0 0 0 0 0 0 0 0 0 0 0 0 0 0 0 1 1 0 0 0 0 0 0 0  |
 ├────────────────────┼─────────────┼─────────────┼──────────────────────────────────────────────────────────────────┤
 | 0x0000000000000b4f | 5           | 4           | 0 0 0 0 1 1 0 0 0 0 0 0 0 0 0 0 0 0 0 0 0 0 0 0 0 0 0 0 0 0 0 0  |
 ├────────────────────┼─────────────┼─────────────┼──────────────────────────────────────────────────────────────────┤
 | 0x0000000000000672 | 30          | 25          | 0 0 0 0 0 0 0 0 0 0 0 0 0 0 0 0 0 0 0 0 0 0 0 0 0 1 0 0 0 0 1 0  |
 ├────────────────────┼─────────────┼─────────────┼──────────────────────────────────────────────────────────────────┤
 | 0x00000000000006d2 | 0           | 1           | 1 1 0 0 0 0 0 0 0 0 0 0 0 0 0 0 0 0 0 0 0 0 0 0 0 0 0 0 0 0 0 0  |
 ├────────────────────┼─────────────┼─────────────┼──────────────────────────────────────────────────────────────────┤
 | 0x00000000000003ed | 7           | 6           | 0 0 0 0 0 0 1 1 0 0 0 0 0 0 0 0 0 0 0 0 0 0 0 0 0 0 0 0 0 0 0 0  |
 ├────────────────────┼─────────────┼─────────────┼──────────────────────────────────────────────────────────────────┤
 | 0x00000000000004fb | 4           | 3           | 0 0 0 1 1 0 0 0 0 0 0 0 0 0 0 0 0 0 0 0 0 0 0 0 0 0 0 0 0 0 0 0  |
 ├────────────────────┼─────────────┼─────────────┼──────────────────────────────────────────────────────────────────┤
 | 0x00000000000005d2 | 4           | 3           | 0 0 0 1 1 0 0 0 0 0 0 0 0 0 0 0 0 0 0 0 0 0 0 0 0 0 0 0 0 0 0 0  |
 ├────────────────────┼─────────────┼─────────────┼──────────────────────────────────────────────────────────────────┤
 | 0x000000000000075d | 2           | 1           | 0 1 1 0 0 0 0 0 0 0 0 0 0 0 0 0 0 0 0 0 0 0 0 0 0 0 0 0 0 0 0 0  |
 ├────────────────────┼─────────────┼─────────────┼──────────────────────────────────────────────────────────────────┤
 | 0x00000000000006d1 | 22          | 19          | 0 0 0 0 0 0 0 0 0 1 0 0 1 0 0 1 0 0 1 1 0 1 1 1 0 1 0 0 0 0 1 0  |
 ├────────────────────┼─────────────┼─────────────┼──────────────────────────────────────────────────────────────────┤
 | 0x0000000000000e37 | 7           | 6           | 0 0 0 0 0 0 1 1 0 0 0 0 0 0 0 0 0 0 0 0 0 0 0 0 0 0 0 0 0 0 0 0  |
 ├────────────────────┼─────────────┼─────────────┼──────────────────────────────────────────────────────────────────┤
 | 0x0000000000001064 | 29          | 28          | 0 0 0 0 0 0 0 0 0 0 0 0 0 0 0 0 0 0 0 0 0 0 0 0 0 0 0 0 1 1 0 0  |
 ├────────────────────┼─────────────┼─────────────┼──────────────────────────────────────────────────────────────────┤
 | 0x0000000000000ced | 13          | 12          | 0 0 0 0 0 0 0 0 0 0 0 0 1 1 0 0 0 0 0 0 0 0 0 0 0 0 0 0 0 0 0 0  |
 ├────────────────────┼─────────────┼─────────────┼──────────────────────────────────────────────────────────────────┤
 | 0x0000000000000c1e | 17          | 16          | 0 0 0 0 0 0 0 0 0 0 0 0 0 0 0 0 1 1 0 0 0 0 0 0 0 0 0 0 0 0 0 0  |
 ├────────────────────┼─────────────┼─────────────┼──────────────────────────────────────────────────────────────────┤
 | 0x00000000000005ae | 25          | 24          | 0 0 0 0 0 0 0 0 0 0 0 0 0 0 0 0 0 0 0 0 1 1 0 0 1 1 0 0 0 0 0 0  |
 ├────────────────────┼─────────────┼─────────────┼──────────────────────────────────────────────────────────────────┤
 | 0x0000000000000964 | 22          | 21          | 0 0 0 0 0 0 0 0 0 0 0 0 0 0 0 0 0 0 0 0 0 1 1 0 0 0 0 0 0 0 0 0  |
 ├────────────────────┼─────────────┼─────────────┼──────────────────────────────────────────────────────────────────┤
 | 0x00000000000006d0 | 3           | 20          | 0 0 0 1 1 1 0 1 0 1 0 1 0 0 0 0 1 0 0 0 1 1 0 0 1 1 0 1 0 1 0 0  |
 ├────────────────────┼─────────────┼─────────────┼──────────────────────────────────────────────────────────────────┤
 | 0x00000000000006da | 19          | 20          | 0 0 0 0 0 0 0 0 0 0 0 0 0 0 0 0 0 0 0 1 1 1 0 0 0 0 0 0 0 0 0 0  |
 ├────────────────────┼─────────────┼─────────────┼──────────────────────────────────────────────────────────────────┤
 | 0x000000000000027d | 1           | 31          | 0 1 0 0 0 0 0 0 0 0 0 0 0 0 0 0 0 0 0 0 0 0 0 0 0 0 0 0 0 0 0 1  |
 ├────────────────────┼─────────────┼─────────────┼──────────────────────────────────────────────────────────────────┤
 | 0x0000000000000c13 | 23          | 22          | 0 0 0 0 0 0 0 0 0 0 0 0 0 0 0 0 0 0 0 0 0 0 1 1 0 0 0 0 0 0 0 0  |
 ├────────────────────┼─────────────┼─────────────┼──────────────────────────────────────────────────────────────────┤
 | 0x00000000000006d5 | 25          | 31          | 0 0 0 0 0 0 0 0 0 0 0 0 0 0 0 0 0 0 0 0 0 0 0 0 0 1 0 0 0 0 0 1  |
 ├────────────────────┼─────────────┼─────────────┼──────────────────────────────────────────────────────────────────┤
 | 0x0000000000000766 | 6           | 5           | 0 0 0 0 0 1 1 0 0 0 0 0 0 0 0 0 0 0 0 0 0 0 0 0 0 0 0 0 0 0 0 0  |
 ├────────────────────┼─────────────┼─────────────┼──────────────────────────────────────────────────────────────────┤
 | 0x0000000000000741 | 14          | 13          | 0 0 0 0 0 0 0 0 0 0 0 0 0 1 1 0 0 0 0 0 0 0 0 0 0 0 0 0 0 0 0 0  |
 ├────────────────────┼─────────────┼─────────────┼──────────────────────────────────────────────────────────────────┤
 | 0x0000000000000bbe | 21          | 20          | 0 0 0 0 0 0 0 0 0 0 0 0 0 0 0 0 0 0 0 0 1 1 0 0 0 0 0 0 0 0 0 0  |
 ├────────────────────┼─────────────┼─────────────┼──────────────────────────────────────────────────────────────────┤
 | 0x00000000000005ec | 18          | 29          | 0 0 0 0 0 0 0 0 0 0 0 0 0 0 0 0 0 0 1 0 0 0 0 0 0 0 0 0 0 1 0 0  |
 ├────────────────────┼─────────────┼─────────────┼──────────────────────────────────────────────────────────────────┤
 | 0x0000000000000787 | 20          | 7           | 0 0 0 0 0 0 0 1 0 0 0 0 0 0 0 0 0 0 0 0 1 0 0 0 0 0 0 0 0 0 0 0  |
 ├────────────────────┼─────────────┼─────────────┼──────────────────────────────────────────────────────────────────┤
 | 0x0000000000017b78 | 29          | 18          | 0 0 0 0 0 0 0 0 0 0 0 0 0 0 0 0 0 0 1 0 0 0 0 0 0 0 0 0 0 1 0 0  |
 ├────────────────────┼─────────────┼─────────────┼──────────────────────────────────────────────────────────────────┤
 | 0x00000000000006ce | 15          | 9           | 0 0 0 0 0 0 0 0 0 1 0 0 0 0 0 1 0 0 0 0 0 0 0 0 0 0 0 0 0 0 0 0  |
 ├────────────────────┼─────────────┼─────────────┼──────────────────────────────────────────────────────────────────┤
 | 0x0000000000000ba0 | 1           | 0           | 1 1 0 0 0 0 0 0 0 0 0 0 0 0 0 0 0 0 0 0 0 0 0 0 0 0 0 0 0 0 0 0  |
 ├────────────────────┼─────────────┼─────────────┼──────────────────────────────────────────────────────────────────┤
 | 0x00000000000004ed | 18          | 17          | 0 0 0 0 0 0 0 0 0 0 0 0 0 0 0 0 0 1 1 0 0 0 0 0 0 0 0 0 0 0 0 0  |
 └────────────────────┴─────────────┴─────────────┴──────────────────────────────────────────────────────────────────┘
Accumulation table end
Offset pattern table begin
 ┌────────────────────┬─────────────┬─────────────────────────────────────────────────────────────────────┐
 | Key                | Second      | Pattern                                                             |
 ├────────────────────┼─────────────┼─────────────────────────────────────────────────────────────────────┤
 | 0x0000000000000000 | 1           | 25 11 0 1 0 2 0 1 0 1 1 0 0 0 0 1 2 0 0 0 0 0 0 0 0 0 1 0 0 0 0 1   |
 ├────────────────────┼─────────────┼─────────────────────────────────────────────────────────────────────┤
 | 0x0000000000000001 | 20          | 19 3 0 0 0 0 0 0 0 0 2 1 0 1 0 0 0 0 0 0 0 1 0 0 0 0 1 0 1 0 0 6    |
 ├────────────────────┼─────────────┼─────────────────────────────────────────────────────────────────────┤
 | 0x0000000000000002 | 1           | 29 5 0 0 0 0 2 0 1 0 0 0 0 2 2 2 1 1 4 1 0 0 0 1 4 0 1 0 1 0 0 6    |
 ├────────────────────┼─────────────┼─────────────────────────────────────────────────────────────────────┤
 | 0x0000000000000003 | 4           | 17 3 1 0 0 0 1 1 1 0 0 0 0 2 0 0 2 0 0 0 0 0 1 0 1 0 0 0 0 0 0 5    |
 ├────────────────────┼─────────────┼─────────────────────────────────────────────────────────────────────┤
 | 0x0000000000000004 | 5           | 31 7 0 3 1 0 0 1 1 0 0 0 0 2 0 0 0 0 1 1 0 0 1 0 0 0 1 0 0 0 1 11   |
 ├────────────────────┼─────────────┼─────────────────────────────────────────────────────────────────────┤
 | 0x0000000000000005 | 8           | 19 2 0 0 0 0 0 0 1 0 0 0 0 0 0 0 0 0 0 0 0 0 0 0 0 0 0 0 0 0 1 8    |
 ├────────────────────┼─────────────┼─────────────────────────────────────────────────────────────────────┤
 | 0x0000000000000006 | 5           | 23 4 0 0 0 0 0 1 2 0 0 0 0 2 0 0 1 0 0 1 0 0 1 0 0 0 0 0 0 0 0 6    |
 ├────────────────────┼─────────────┼─────────────────────────────────────────────────────────────────────┤
 | 0x0000000000000007 | 6           | 24 5 0 0 0 0 0 0 0 0 0 0 0 2 1 0 0 0 0 0 0 0 0 2 0 0 0 0 0 0 2 10   |
 ├────────────────────┼─────────────┼─────────────────────────────────────────────────────────────────────┤
 | 0x0000000000000008 | 7           | 22 3 1 0 1 1 0 0 2 0 0 0 0 0 0 0 1 1 0 0 0 1 0 0 0 0 0 0 1 0 0 9    |
 ├────────────────────┼─────────────┼─────────────────────────────────────────────────────────────────────┤
 | 0x0000000000000009 | 7           | 22 6 1 2 0 0 1 0 1 0 0 0 0 0 0 0 0 0 1 0 1 0 0 0 0 0 1 0 0 0 0 6    |
 ├────────────────────┼─────────────┼─────────────────────────────────────────────────────────────────────┤
 | 0x000000000000000a | 9           | 16 2 0 0 0 0 0 1 0 0 0 1 0 0 0 0 0 1 0 0 0 1 0 0 0 0 0 0 0 0 0 5    |
 ├────────────────────┼─────────────┼─────────────────────────────────────────────────────────────────────┤
 | 0x000000000000000b | 12          | 24 2 0 0 0 0 0 0 1 0 0 5 0 0 0 0 1 0 0 0 1 0 0 0 0 0 0 0 0 1 1 9    |
 ├────────────────────┼─────────────┼─────────────────────────────────────────────────────────────────────┤
 | 0x000000000000000c | 13          | 21 4 0 1 1 0 0 1 1 1 2 1 0 1 1 0 1 0 1 1 0 0 0 0 0 0 0 0 0 1 0 6    |
 ├────────────────────┼─────────────┼─────────────────────────────────────────────────────────────────────┤
 | 0x000000000000000d | 12          | 20 4 0 0 0 0 0 0 0 0 0 0 0 0 0 0 0 0 0 0 0 0 0 0 0 0 0 0 0 0 0 10   |
 ├────────────────────┼─────────────┼─────────────────────────────────────────────────────────────────────┤
 | 0x000000000000000e | 13          | 30 5 0 0 1 0 0 0 2 1 2 0 3 0 0 2 1 1 0 0 0 0 0 0 0 0 0 0 0 0 1 11   |
 ├────────────────────┼─────────────┼─────────────────────────────────────────────────────────────────────┤
 | 0x000000000000000f | 14          | 27 6 0 1 0 0 1 0 0 0 1 0 0 0 2 0 0 0 0 0 1 0 0 1 0 1 0 0 0 0 1 11   |
 ├────────────────────┼─────────────┼─────────────────────────────────────────────────────────────────────┤
 | 0x0000000000000010 | 15          | 23 6 3 3 3 3 1 0 0 0 1 0 0 0 0 0 0 1 0 0 0 0 0 0 0 0 0 0 2 0 0 11   |
 ├────────────────────┼─────────────┼─────────────────────────────────────────────────────────────────────┤
 | 0x0000000000000011 | 18          | 26 2 2 1 1 0 1 1 0 2 1 2 1 2 0 2 0 0 0 0 2 0 1 1 2 0 1 1 0 1 4 12   |
 ├────────────────────┼─────────────┼─────────────────────────────────────────────────────────────────────┤
 | 0x0000000000000012 | 19          | 27 2 0 0 1 0 1 0 3 0 4 3 0 0 0 0 0 0 0 0 0 0 1 0 0 0 0 0 0 0 2 10   |
 ├────────────────────┼─────────────┼─────────────────────────────────────────────────────────────────────┤
 | 0x0000000000000013 | 20          | 28 10 5 0 0 0 0 2 1 0 2 1 1 1 0 0 0 0 2 0 0 1 2 0 1 1 0 0 2 0 3 11  |
 ├────────────────────┼─────────────┼─────────────────────────────────────────────────────────────────────┤
 | 0x0000000000000014 | 19          | 22 7 0 0 0 0 0 0 0 0 0 0 0 0 0 0 0 0 0 1 0 1 1 0 1 0 0 1 1 0 0 13   |
 ├────────────────────┼─────────────┼─────────────────────────────────────────────────────────────────────┤
 | 0x0000000000000015 | 9           | 26 9 0 1 2 0 2 0 2 1 0 0 0 0 1 2 2 0 2 1 3 0 2 0 0 0 1 2 0 0 1 10   |
 ├────────────────────┼─────────────┼─────────────────────────────────────────────────────────────────────┤
 | 0x0000000000000016 | 21          | 30 6 0 1 0 0 1 0 0 0 0 0 0 0 0 0 0 0 1 1 0 0 0 0 0 0 0 1 0 0 0 19   |
 ├────────────────────┼─────────────┼─────────────────────────────────────────────────────────────────────┤
 | 0x0000000000000017 | 22          | 30 7 4 0 0 3 0 1 2 0 0 1 0 0 1 0 0 0 2 0 0 1 0 0 2 0 0 1 1 0 1 16   |
 ├────────────────────┼─────────────┼─────────────────────────────────────────────────────────────────────┤
 | 0x0000000000000018 | 25          | 21 5 0 0 1 1 1 0 0 0 0 1 0 1 0 1 0 1 0 1 0 0 0 0 0 0 0 0 1 1 2 12   |
 ├────────────────────┼─────────────┼─────────────────────────────────────────────────────────────────────┤
 | 0x0000000000000019 | 31          | 29 5 1 1 0 2 1 0 0 0 1 2 1 1 1 1 1 0 1 0 1 0 0 1 0 0 0 2 3 0 3 16   |
 ├────────────────────┼─────────────┼─────────────────────────────────────────────────────────────────────┤
 | 0x000000000000001a | 27          | 21 2 1 1 0 1 0 0 0 1 0 0 0 0 0 0 0 0 0 0 1 0 0 0 2 1 1 0 0 0 0 8    |
 ├────────────────────┼─────────────┼─────────────────────────────────────────────────────────────────────┤
 | 0x000000000000001b | 26          | 29 11 6 7 6 6 0 6 0 1 0 0 2 2 4 2 7 6 5 4 6 6 3 2 3 1 0 0 0 4 5 13  |
 ├────────────────────┼─────────────┼─────────────────────────────────────────────────────────────────────┤
 | 0x000000000000001c | 29          | 16 5 0 2 0 0 0 0 0 1 0 0 0 0 0 0 0 0 0 0 0 0 0 0 0 0 0 0 0 0 0 5    |
 ├────────────────────┼─────────────┼─────────────────────────────────────────────────────────────────────┤
 | 0x000000000000001d | 30          | 31 5 0 1 1 0 2 1 1 0 0 0 0 0 1 1 1 3 0 1 0 2 0 0 0 2 1 1 0 0 1 16   |
 ├────────────────────┼─────────────┼─────────────────────────────────────────────────────────────────────┤
 | 0x000000000000001e | 27          | 26 7 3 0 1 0 0 1 0 0 0 3 0 1 3 2 0 3 1 2 1 3 1 2 0 0 0 1 1 3 1 13   |
 ├────────────────────┼─────────────┼─────────────────────────────────────────────────────────────────────┤
 | 0x000000000000001f | 3           | 26 0 1 0 0 0 1 0 0 1 2 2 1 1 0 0 1 1 0 0 2 0 0 1 1 0 6 1 0 6 0 10   |
 └────────────────────┴─────────────┴─────────────────────────────────────────────────────────────────────┘
Offset pattern table end
PC pattern table begin
 ┌────────────────────┬─────────────┬────────────────────────────────────────────────┐
 | Key                | Second      | Pattern                                        |
 ├────────────────────┼─────────────┼────────────────────────────────────────────────┤
 | 0x0000000000000000 | 20          | 9 9 0 0 0 0 0 0 0 0 0 0 0 0 0 0                |
 ├────────────────────┼─────────────┼────────────────────────────────────────────────┤
 | 0x0000000000000001 | 5           | 26 0 1 0 1 3 4 2 2 4 2 2 0 0 0 0               |
 ├────────────────────┼─────────────┼────────────────────────────────────────────────┤
 | 0x0000000000000002 | 27          | 30 14 2 0 1 1 0 0 0 0 0 0 2 1 3 9              |
 ├────────────────────┼─────────────┼────────────────────────────────────────────────┤
 | 0x0000000000000003 | 25          | 28 27 0 27 27 0 0 0 0 0 0 0 0 0 0 0            |
 ├────────────────────┼─────────────┼────────────────────────────────────────────────┤
 | 0x0000000000000004 | 0           | 21 3 1 1 1 3 0 0 1 0 0 0 0 0 3 2               |
 ├────────────────────┼─────────────┼────────────────────────────────────────────────┤
 | 0x0000000000000005 | 12          | 19 15 3 5 1 6 2 7 2 2 2 1 5 2 6 7              |
 ├────────────────────┼─────────────┼────────────────────────────────────────────────┤
 | 0x0000000000000006 | 3           | 28 14 8 9 12 10 7 11 11 12 8 15 14 10 13 14    |
 ├────────────────────┼─────────────┼────────────────────────────────────────────────┤
 | 0x0000000000000007 | 3           | 21 13 0 0 0 0 0 0 0 0 0 0 0 0 0 1              |
 ├────────────────────┼─────────────┼────────────────────────────────────────────────┤
 | 0x0000000000000008 | 26          | 30 13 0 0 0 0 0 0 0 1 2 1 0 1 1 1              |
 ├────────────────────┼─────────────┼────────────────────────────────────────────────┤
 | 0x0000000000000009 | 7           | 18 0 0 0 0 3 2 3 1 2 1 2 0 0 0 0               |
 ├────────────────────┼─────────────┼────────────────────────────────────────────────┤
 | 0x000000000000000a | 3           | 27 8 7 6 7 0 0 0 8 8 8 7 0 2 0 4               |
 ├────────────────────┼─────────────┼────────────────────────────────────────────────┤
 | 0x000000000000000b | 9           | 27 10 12 12 8 15 10 15 15 16 8 13 14 13 19 11  |
 ├────────────────────┼─────────────┼────────────────────────────────────────────────┤
 | 0x000000000000000c | 4           | 16 15 14 14 14 0 0 0 4 14 14 14 14 0 0 0       |
 ├────────────────────┼─────────────┼────────────────────────────────────────────────┤
 | 0x000000000000000d | 30          | 30 11 2 1 0 2 2 1 1 1 0 1 1 0 0 3              |
 ├────────────────────┼─────────────┼────────────────────────────────────────────────┤
 | 0x000000000000000e | 30          | 26 9 9 9 8 0 0 1 9 9 9 8 0 0 0 2               |
 ├────────────────────┼─────────────┼────────────────────────────────────────────────┤
 | 0x000000000000000f | 20          | 16 0 0 0 2 2 1 2 2 0 0 1 0 1 0 0               |
 ├────────────────────┼─────────────┼────────────────────────────────────────────────┤
 | 0x0000000000000010 | 22          | 28 6 0 0 0 2 1 0 0 0 0 0 0 1 2 1               |
 ├────────────────────┼─────────────┼────────────────────────────────────────────────┤
 | 0x0000000000000011 | 0           | 17 9 9 0 0 0 0 0 0 0 0 0 0 0 0 0               |
 ├────────────────────┼─────────────┼────────────────────────────────────────────────┤
 | 0x0000000000000012 | 27          | 29 25 24 0 0 0 5 25 24 24 24 0 0 0 25 25       |
 ├────────────────────┼─────────────┼────────────────────────────────────────────────┤
 | 0x0000000000000013 | 26          | 28 1 0 0 0 0 0 1 1 0 0 0 1 1 0 18              |
 ├────────────────────┼─────────────┼────────────────────────────────────────────────┤
 | 0x0000000000000014 | 3           | 24 2 3 2 2 1 2 1 1 0 2 0 2 0 0 2               |
 ├────────────────────┼─────────────┼────────────────────────────────────────────────┤
 | 0x0000000000000015 | 28          | 25 4 2 1 3 1 1 1 0 2 1 3 0 2 0 1               |
 ├────────────────────┼─────────────┼────────────────────────────────────────────────┤
 | 0x0000000000000016 | 5           | 25 1 8 0 0 1 1 2 2 2 0 1 0 1 5 1               |
 ├────────────────────┼─────────────┼────────────────────────────────────────────────┤
 | 0x0000000000000018 | 29          | 25 0 0 0 0 0 0 0 0 1 0 0 0 0 0 10              |
 ├────────────────────┼─────────────┼────────────────────────────────────────────────┤
 | 0x0000000000000019 | 11          | 17 0 0 0 0 0 0 1 0 0 0 0 0 0 0 10              |
 ├────────────────────┼─────────────┼────────────────────────────────────────────────┤
 | 0x000000000000001a | 13          | 17 8 0 0 0 0 0 0 0 0 0 0 0 0 0 2               |
 ├────────────────────┼─────────────┼────────────────────────────────────────────────┤
 | 0x000000000000001b | 2           | 14 4 4 4 4 0 0 0 4 4 4 4 0 0 0 0               |
 ├────────────────────┼─────────────┼────────────────────────────────────────────────┤
 | 0x000000000000001c | 22          | 23 5 0 2 0 4 0 0 0 0 0 0 0 6 0 5               |
 ├────────────────────┼─────────────┼────────────────────────────────────────────────┤
 | 0x000000000000001d | 9           | 24 11 1 0 0 0 1 0 0 1 1 0 0 0 0 1              |
 ├────────────────────┼─────────────┼────────────────────────────────────────────────┤
 | 0x000000000000001e | 27          | 19 8 0 0 1 1 1 1 0 0 1 1 0 0 1 2               |
 ├────────────────────┼─────────────┼────────────────────────────────────────────────┤
 | 0x000000000000001f | 19          | 30 1 0 0 0 0 0 0 0 0 0 0 0 0 1 15              |
 └────────────────────┴─────────────┴────────────────────────────────────────────────┘
PC pattern table end
Prefetch buffer begin
 ┌────────────────────┬──────────────────────────────────────────────────────────────────┐
 | Region             | Pattern                                                          |
 ├────────────────────┼──────────────────────────────────────────────────────────────────┤
 | 0x0000000000000785 | 0 0 0 0 0 0 0 0 0 0 0 0 0 0 0 0 0 0 0 0 0 0 0 0 0 2 0 0 3 0 0 0  |
 ├────────────────────┼──────────────────────────────────────────────────────────────────┤
 | 0x0000000000000825 | 0 0 0 0 0 0 0 0 0 0 0 0 0 0 0 0 0 0 0 0 0 0 0 0 0 0 0 0 2 0 2 0  |
 ├────────────────────┼──────────────────────────────────────────────────────────────────┤
 | 0x00000000000176a5 | 0 0 0 0 0 0 0 0 0 0 0 0 0 0 0 0 0 0 0 0 0 0 0 0 0 2 0 0 0 0 0 0  |
 ├────────────────────┼──────────────────────────────────────────────────────────────────┤
 | 0x0000000000000eab | 0 0 0 0 0 0 0 0 0 0 0 0 0 0 0 0 0 0 0 0 0 0 0 0 0 3 0 0 0 0 0 0  |
 ├────────────────────┼──────────────────────────────────────────────────────────────────┤
 | 0x00000000000007e3 | 0 0 0 0 0 0 0 0 0 0 0 0 0 0 0 0 0 0 2 0 2 2 0 0 0 0 0 0 0 0 0 0  |
 ├────────────────────┼──────────────────────────────────────────────────────────────────┤
 | 0x00000000000007b6 | 0 0 0 0 0 0 3 0 2 0 0 0 0 0 0 0 0 0 0 0 0 0 0 0 0 0 0 0 0 0 0 0  |
 ├────────────────────┼──────────────────────────────────────────────────────────────────┤
 | 0x000000000001040f | 0 0 0 0 0 0 0 0 0 0 2 0 0 0 0 0 0 0 0 0 0 0 3 0 0 0 0 0 0 0 0 0  |
 ├────────────────────┼──────────────────────────────────────────────────────────────────┤
 | 0x0000000000000a5a | 0 2 0 2 0 0 0 0 0 0 0 0 0 0 0 0 0 0 0 0 0 0 0 0 0 0 0 0 0 0 0 0  |
 ├────────────────────┼──────────────────────────────────────────────────────────────────┤
 | 0x00000000000011fe | 0 0 0 0 0 0 0 0 0 0 0 0 0 0 0 0 0 2 0 0 0 0 0 0 0 0 0 0 0 0 0 0  |
 ├────────────────────┼──────────────────────────────────────────────────────────────────┤
 | 0x000000000000033e | 0 0 0 0 0 0 0 0 0 0 0 0 0 0 0 3 0 2 0 0 0 0 0 0 0 0 0 0 0 0 0 0  |
 ├────────────────────┼──────────────────────────────────────────────────────────────────┤
 | 0x000000000000035d | 0 0 0 0 0 0 0 0 0 0 0 0 0 2 0 2 0 0 0 0 0 0 0 0 0 0 0 0 0 0 0 0  |
 ├────────────────────┼──────────────────────────────────────────────────────────────────┤
 | 0x000000000001040e | 0 0 0 0 0 0 0 0 0 0 0 0 0 0 0 0 0 0 0 0 0 0 0 0 0 0 0 0 0 2 0 0  |
 ├────────────────────┼──────────────────────────────────────────────────────────────────┤
 | 0x0000000000003211 | 0 0 0 0 0 0 0 0 0 0 0 0 0 0 0 3 0 0 0 0 0 0 0 0 0 0 0 0 0 0 0 0  |
 ├────────────────────┼──────────────────────────────────────────────────────────────────┤
 | 0x0000000000000d8e | 0 0 0 0 0 0 0 0 0 0 0 0 0 0 0 0 0 0 0 0 0 0 0 0 0 0 0 0 0 2 0 2  |
 ├────────────────────┼──────────────────────────────────────────────────────────────────┤
 | 0x00000000000006d5 | 0 0 0 0 0 0 0 0 0 0 0 0 0 0 0 0 0 0 0 0 0 0 0 0 1 0 2 0 0 0 0 0  |
 ├────────────────────┼──────────────────────────────────────────────────────────────────┤
 | 0x0000000000002e8f | 0 0 0 3 0 0 0 0 0 0 0 0 0 0 0 0 0 0 0 0 0 0 0 0 0 0 0 0 0 0 0 0  |
 ├────────────────────┼──────────────────────────────────────────────────────────────────┤
 | 0x0000000000000787 | 0 0 0 0 0 0 0 0 0 0 0 0 0 0 0 0 0 0 0 2 0 2 0 0 0 0 0 0 0 0 0 0  |
 ├────────────────────┼──────────────────────────────────────────────────────────────────┤
 | 0x000000000000027d | 2 0 2 0 0 0 0 0 0 0 0 0 0 0 0 0 0 0 0 0 0 0 0 0 0 0 0 0 0 0 0 0  |
 ├────────────────────┼──────────────────────────────────────────────────────────────────┤
 | 0x0000000000017b78 | 0 0 0 0 0 0 0 0 0 0 0 0 0 0 0 0 0 0 0 0 0 0 0 0 0 0 0 0 1 0 2 0  |
 ├────────────────────┼──────────────────────────────────────────────────────────────────┤
 | 0x0000000000000673 | 2 0 2 0 0 0 0 0 0 0 0 0 0 0 0 0 0 0 0 0 0 0 0 0 0 0 0 0 0 0 0 0  |
 ├────────────────────┼──────────────────────────────────────────────────────────────────┤
 | 0x0000000000000788 | 0 0 0 0 0 0 0 0 0 0 0 0 0 0 0 0 0 0 0 0 0 0 0 0 0 0 0 0 0 3 0 2  |
 ├────────────────────┼──────────────────────────────────────────────────────────────────┤
 | 0x0000000000000836 | 0 0 0 0 0 0 0 0 0 0 0 0 0 0 0 0 0 0 0 0 0 0 0 0 0 0 0 2 0 2 0 0  |
 ├────────────────────┼──────────────────────────────────────────────────────────────────┤
 | 0x0000000000015a2b | 0 2 0 0 0 0 0 0 0 0 0 0 0 0 0 0 0 0 0 0 0 0 0 0 0 0 0 0 0 0 0 0  |
 ├────────────────────┼──────────────────────────────────────────────────────────────────┤
 | 0x0000000000000d9d | 0 0 0 0 0 0 0 0 0 0 0 0 0 0 0 0 0 0 0 0 0 0 0 0 0 3 0 0 2 0 3 0  |
 ├────────────────────┼──────────────────────────────────────────────────────────────────┤
 | 0x0000000000000d97 | 0 0 0 0 0 0 0 0 0 0 0 0 0 0 0 0 0 0 0 0 0 2 0 2 0 0 0 0 0 0 0 0  |
 ├────────────────────┼──────────────────────────────────────────────────────────────────┤
 | 0x0000000000000838 | 3 0 2 0 0 0 0 0 0 0 0 0 0 0 0 0 0 0 0 0 0 0 0 0 0 0 0 0 0 0 0 0  |
 ├────────────────────┼──────────────────────────────────────────────────────────────────┤
 | 0x00000000000007ea | 0 0 0 0 0 0 0 0 0 0 0 0 0 0 0 0 0 0 0 0 0 0 0 0 0 0 0 0 2 0 2 0  |
 ├────────────────────┼──────────────────────────────────────────────────────────────────┤
 | 0x0000000000000815 | 0 0 0 0 0 0 0 0 0 0 0 0 0 0 0 0 0 0 0 0 0 0 0 0 0 0 0 0 2 0 0 0  |
 ├────────────────────┼──────────────────────────────────────────────────────────────────┤
 | 0x0000000000000475 | 0 0 0 0 0 0 0 0 0 0 0 0 0 0 0 0 0 0 0 0 0 0 0 0 0 0 0 3 0 2 0 0  |
 ├────────────────────┼──────────────────────────────────────────────────────────────────┤
 | 0x00000000000007ef | 0 0 0 0 0 0 0 0 0 0 0 0 0 0 0 0 0 0 0 0 0 2 0 2 0 0 0 0 0 0 0 0  |
 ├────────────────────┼──────────────────────────────────────────────────────────────────┤
 | 0x000000000000081f | 0 0 0 0 0 0 0 3 0 0 0 0 0 0 0 0 0 0 0 0 0 0 0 0 0 0 0 0 0 0 0 0  |
 └────────────────────┴──────────────────────────────────────────────────────────────────┘
Prefetch buffer end
Filter by PPT: 0
cpu0_L2C
Num Con Filled: 0
Num Con Useful: 0 Useless:0 Accuracy: nan
LLC
