41 41 41
Available num physical pages: 35184372088576
WARNING: physical memory size is smaller than virtual memory size

*** ChampSim Multicore Out-of-Order Simulator ***

Warmup Instructions: 5000000
Simulation Instructions: 20000000
Number of CPUs: 1
Page size: 4096

Basic BTB sets: 1024 ways: 8 indirect buffer size: 4096 RAS size: 64
cpu0_L1D PMP prefetcher
Off-chip DRAM Size: 4 GiB Channels: 1 Width: 64-bit Data Rate: 3200 MT/s
Max paddr 3M
Warmup finished CPU 0 instructions: 5000001 cycles: 1250048 cumulative IPC: 3.99985 (Simulation time: 0 hr 2 min 33 sec) 

Warmup complete CPU 0 instructions: 5000001 cycles: 1250048 (Simulation time: 0 hr 2 min 33 sec) 

Heartbeat CPU 0 instructions: 10000003 cycles: 2674911 heartbeat IPC: 3.73845 cumulative IPC: 3.50912 (Simulation time: 0 hr 6 min 16 sec) 
Heartbeat CPU 0 instructions: 20000000 cycles: 5579541 heartbeat IPC: 3.44278 cumulative IPC: 3.46461 (Simulation time: 0 hr 13 min 40 sec) 
Max paddr 8M
Simulation finished CPU 0 instructions: 20000001 cycles: 5788095 cumulative IPC: 3.45537 (Simulation time: 0 hr 16 min 14 sec) 

Simulation complete CPU 0 instructions: 20000001 cycles: 5788095 (Simulation time: 0 hr 16 min 14 sec) 


ChampSim completed all CPUs

[
  {
    "name": "Simulation",
    "traces": [
      "../traces/437.leslie3d-149B.champsimtrace.xz"
    ],
    "roi": {
      "cores": [
        {
          "instructions": 20000001,
          "cycles": 5788095,
          "Avg ROB occupancy at mispredict": 328.433, 
          "mispredict": {
            "BRANCH_DIRECT_JUMP": 0,
            "BRANCH_INDIRECT": 0,
            "BRANCH_CONDITIONAL": 4724,
            "BRANCH_DIRECT_CALL": 0,
            "BRANCH_INDIRECT_CALL": 0,
            "BRANCH_RETURN": 0
          }
        }
      ],
      "cpu0_L1I": {
        "LOAD": {
          "hit":0,
          "miss":0
        },
        "RFO": {
          "hit":0,
          "miss":0
        },
        "PREFETCH": {
          "hit":0,
          "miss":0
        },
        "WRITE": {
          "hit":0,
          "miss":0
        },
        "TRANSLATION": {
          "hit":0,
          "miss":0
        },
        "mshr full": 0,
        "prefetch requested": 0,
        "prefetch issued": 0,
        "prefetch filled": 0,
        "prefetch useful": 0,
        "prefetch useless": 0,
        "prefetch late": 0,
        "pf_useful_at_l2_from_l1":          0,
        "pf_late_at_l2_from_l1":          0,
        "pf_useless_at_l2_from_l1":          0,
        "pf_at_l2_to_l1":          0,
        "pf_fill_this_level":          0,
        "miss latency": null,
        "cache queues": {
          "PQ_ACCESS": 0,
          "PQ_FULL": 0,
          "PQ_TO_CACHE": 0,
          "PQ_MERGED": 0,
          "RQ_ACCESS": 0,
          "RQ_MERGED": 0,
          "RQ_FULL": 0,
          "WQ_ACCESS": 0,
          "WQ_MERGED": 0,
          "WQ_FULL": 0
        }
      },
      "cpu0_ITLB": {
        "LOAD": {
          "hit":0,
          "miss":0
        },
        "RFO": {
          "hit":0,
          "miss":0
        },
        "PREFETCH": {
          "hit":0,
          "miss":0
        },
        "WRITE": {
          "hit":0,
          "miss":0
        },
        "TRANSLATION": {
          "hit":0,
          "miss":0
        },
        "mshr full": 0,
        "prefetch requested": 0,
        "prefetch issued": 0,
        "prefetch filled": 0,
        "prefetch useful": 0,
        "prefetch useless": 0,
        "prefetch late": 0,
        "pf_useful_at_l2_from_l1":          0,
        "pf_late_at_l2_from_l1":          0,
        "pf_useless_at_l2_from_l1":          0,
        "pf_at_l2_to_l1":          0,
        "pf_fill_this_level":          0,
        "miss latency": null,
        "cache queues": {
          "PQ_ACCESS": 0,
          "PQ_FULL": 0,
          "PQ_TO_CACHE": 0,
          "PQ_MERGED": 0,
          "RQ_ACCESS": 0,
          "RQ_MERGED": 0,
          "RQ_FULL": 0,
          "WQ_ACCESS": 0,
          "WQ_MERGED": 0,
          "WQ_FULL": 0
        }
      },
      "cpu0_DTLB": {
        "LOAD": {
          "hit":8284883,
          "miss":24120
        },
        "RFO": {
          "hit":0,
          "miss":0
        },
        "PREFETCH": {
          "hit":0,
          "miss":0
        },
        "WRITE": {
          "hit":0,
          "miss":0
        },
        "TRANSLATION": {
          "hit":0,
          "miss":0
        },
        "mshr full": 0,
        "prefetch requested": 0,
        "prefetch issued": 0,
        "prefetch filled": 0,
        "prefetch useful": 0,
        "prefetch useless": 0,
        "prefetch late": 0,
        "pf_useful_at_l2_from_l1":          0,
        "pf_late_at_l2_from_l1":          0,
        "pf_useless_at_l2_from_l1":          0,
        "pf_at_l2_to_l1":          0,
        "pf_fill_this_level":          0,
        "miss latency": 0.784363,
        "cache queues": {
          "PQ_ACCESS": 0,
          "PQ_FULL": 0,
          "PQ_TO_CACHE": 0,
          "PQ_MERGED": 0,
          "RQ_ACCESS": 8530742,
          "RQ_MERGED": 0,
          "RQ_FULL": 221739,
          "WQ_ACCESS": 0,
          "WQ_MERGED": 0,
          "WQ_FULL": 0
        }
      },
      "cpu0_STLB": {
        "LOAD": {
          "hit":6172,
          "miss":1108
        },
        "RFO": {
          "hit":0,
          "miss":0
        },
        "PREFETCH": {
          "hit":0,
          "miss":0
        },
        "WRITE": {
          "hit":0,
          "miss":0
        },
        "TRANSLATION": {
          "hit":0,
          "miss":0
        },
        "mshr full": 0,
        "prefetch requested": 0,
        "prefetch issued": 0,
        "prefetch filled": 0,
        "prefetch useful": 0,
        "prefetch useless": 0,
        "prefetch late": 0,
        "pf_useful_at_l2_from_l1":          0,
        "pf_late_at_l2_from_l1":          0,
        "pf_useless_at_l2_from_l1":          0,
        "pf_at_l2_to_l1":          0,
        "pf_fill_this_level":          0,
        "miss latency": 13.718,
        "cache queues": {
          "PQ_ACCESS": 0,
          "PQ_FULL": 0,
          "PQ_TO_CACHE": 0,
          "PQ_MERGED": 0,
          "RQ_ACCESS": 7280,
          "RQ_MERGED": 0,
          "RQ_FULL": 0,
          "WQ_ACCESS": 0,
          "WQ_MERGED": 0,
          "WQ_FULL": 0
        }
      },
      "cpu0_L1D": {
        "LOAD": {
          "hit":7226798,
          "miss":421085
        },
        "RFO": {
          "hit":0,
          "miss":0
        },
        "PREFETCH": {
          "hit":76142,
          "miss":272158
        },
        "WRITE": {
          "hit":703870,
          "miss":103436
        },
        "TRANSLATION": {
          "hit":323,
          "miss":785
        },
        "mshr full": 7207,
        "prefetch requested": 348539,
        "prefetch issued": 348539,
        "prefetch filled": 12250,
        "prefetch useful": 12010,
        "prefetch useless": 1598,
        "prefetch late": 1290,
        "pf_useful_at_l2_from_l1":          0,
        "pf_late_at_l2_from_l1":          0,
        "pf_useless_at_l2_from_l1":          0,
        "pf_at_l2_to_l1":          5,
        "pf_fill_this_level":      12202,
        "miss latency": 0.820857,
        "cache queues": {
          "PQ_ACCESS": 348539,
          "PQ_FULL": 0,
          "PQ_TO_CACHE": 348539,
          "PQ_MERGED": 247,
          "RQ_ACCESS": 7832438,
          "RQ_MERGED": 141,
          "RQ_FULL": 184416,
          "WQ_ACCESS": 807307,
          "WQ_MERGED": 0,
          "WQ_FULL": 0
        }
      },
      "cpu0_L2C": {
        "LOAD": {
          "hit":128669,
          "miss":47586
        },
        "RFO": {
          "hit":30938,
          "miss":4664
        },
        "PREFETCH": {
          "hit":128287,
          "miss":136654
        },
        "WRITE": {
          "hit":48647,
          "miss":0
        },
        "TRANSLATION": {
          "hit":658,
          "miss":127
        },
        "mshr full": 76522,
        "prefetch requested": 0,
        "prefetch issued": 0,
        "prefetch filled": 131521,
        "prefetch useful": 0,
        "prefetch useless": 0,
        "prefetch late": 0,
        "pf_useful_at_l2_from_l1":      72560,
        "pf_late_at_l2_from_l1":       4915,
        "pf_useless_at_l2_from_l1":      55974,
        "pf_at_l2_to_l1":       1185,
        "pf_fill_this_level":     124977,
        "miss latency": 13.4516,
        "cache queues": {
          "PQ_ACCESS": 282375,
          "PQ_FULL": 17413,
          "PQ_TO_CACHE": 264962,
          "PQ_MERGED": 5,
          "RQ_ACCESS": 212663,
          "RQ_MERGED": 0,
          "RQ_FULL": 0,
          "WQ_ACCESS": 48778,
          "WQ_MERGED": 0,
          "WQ_FULL": 0
        }
      },
      "LLC": {
        "LOAD": {
          "hit": [31165],
          "miss": [11506]
        },
        "RFO": {
          "hit": [4479],
          "miss": [184]
        },
        "PREFETCH": {
          "hit": [77311],
          "miss": [59125]
        },
        "WRITE": {
          "hit": [19929],
          "miss": [0]
        },
        "TRANSLATION": {
          "hit": [112],
          "miss": [15]
        },
        "mshr full": 0,
        "prefetch requested": 0,
        "prefetch issued": 0,
        "prefetch filled": 59125,
        "prefetch useful": 0,
        "prefetch useless": 0,
        "prefetch late": 0,
        "pf_useful_at_l2_from_l1":          0,
        "pf_late_at_l2_from_l1":          0,
        "pf_useless_at_l2_from_l1":          0,
        "pf_at_l2_to_l1":        665,
        "pf_fill_this_level":          0,
        "miss latency": 35.1795,
        "cache queues": {
          "PQ_ACCESS": 136436,
          "PQ_FULL": 0,
          "PQ_TO_CACHE": 136436,
          "PQ_MERGED": 0,
          "RQ_ACCESS": 47462,
          "RQ_MERGED": 0,
          "RQ_FULL": 0,
          "WQ_ACCESS": 20002,
          "WQ_MERGED": 0,
          "WQ_FULL": 0
        }
      },
      "DRAM": [
        {
          "RQ ROW_BUFFER_HIT": 44065,
          "RQ ROW_BUFFER_MISS": 26765,
          "PQ FULL": 0,
          "WQ ROW_BUFFER_HIT": 1746,
          "WQ ROW_BUFFER_MISS": 9207,
          "WQ FULL": 0,
          "AVG DBUS CONGESTED CYCLE": 3.9437
        }
      ]

    },
    "sim": {
      "cores": [
        {
          "instructions": 20000001,
          "cycles": 5788095,
          "Avg ROB occupancy at mispredict": 328.433, 
          "mispredict": {
            "BRANCH_DIRECT_JUMP": 0,
            "BRANCH_INDIRECT": 0,
            "BRANCH_CONDITIONAL": 4724,
            "BRANCH_DIRECT_CALL": 0,
            "BRANCH_INDIRECT_CALL": 0,
            "BRANCH_RETURN": 0
          }
        }
      ],
      "cpu0_L1I": {
        "LOAD": {
          "hit":0,
          "miss":0
        },
        "RFO": {
          "hit":0,
          "miss":0
        },
        "PREFETCH": {
          "hit":0,
          "miss":0
        },
        "WRITE": {
          "hit":0,
          "miss":0
        },
        "TRANSLATION": {
          "hit":0,
          "miss":0
        },
        "mshr full": 0,
        "prefetch requested": 0,
        "prefetch issued": 0,
        "prefetch filled": 0,
        "prefetch useful": 0,
        "prefetch useless": 0,
        "prefetch late": 0,
        "pf_useful_at_l2_from_l1":          0,
        "pf_late_at_l2_from_l1":          0,
        "pf_useless_at_l2_from_l1":          0,
        "pf_at_l2_to_l1":          0,
        "pf_fill_this_level":          0,
        "miss latency": null,
        "cache queues": {
          "PQ_ACCESS": 0,
          "PQ_FULL": 0,
          "PQ_TO_CACHE": 0,
          "PQ_MERGED": 0,
          "RQ_ACCESS": 0,
          "RQ_MERGED": 0,
          "RQ_FULL": 0,
          "WQ_ACCESS": 0,
          "WQ_MERGED": 0,
          "WQ_FULL": 0
        }
      },
      "cpu0_ITLB": {
        "LOAD": {
          "hit":0,
          "miss":0
        },
        "RFO": {
          "hit":0,
          "miss":0
        },
        "PREFETCH": {
          "hit":0,
          "miss":0
        },
        "WRITE": {
          "hit":0,
          "miss":0
        },
        "TRANSLATION": {
          "hit":0,
          "miss":0
        },
        "mshr full": 0,
        "prefetch requested": 0,
        "prefetch issued": 0,
        "prefetch filled": 0,
        "prefetch useful": 0,
        "prefetch useless": 0,
        "prefetch late": 0,
        "pf_useful_at_l2_from_l1":          0,
        "pf_late_at_l2_from_l1":          0,
        "pf_useless_at_l2_from_l1":          0,
        "pf_at_l2_to_l1":          0,
        "pf_fill_this_level":          0,
        "miss latency": null,
        "cache queues": {
          "PQ_ACCESS": 0,
          "PQ_FULL": 0,
          "PQ_TO_CACHE": 0,
          "PQ_MERGED": 0,
          "RQ_ACCESS": 0,
          "RQ_MERGED": 0,
          "RQ_FULL": 0,
          "WQ_ACCESS": 0,
          "WQ_MERGED": 0,
          "WQ_FULL": 0
        }
      },
      "cpu0_DTLB": {
        "LOAD": {
          "hit":8284883,
          "miss":24120
        },
        "RFO": {
          "hit":0,
          "miss":0
        },
        "PREFETCH": {
          "hit":0,
          "miss":0
        },
        "WRITE": {
          "hit":0,
          "miss":0
        },
        "TRANSLATION": {
          "hit":0,
          "miss":0
        },
        "mshr full": 0,
        "prefetch requested": 0,
        "prefetch issued": 0,
        "prefetch filled": 0,
        "prefetch useful": 0,
        "prefetch useless": 0,
        "prefetch late": 0,
        "pf_useful_at_l2_from_l1":          0,
        "pf_late_at_l2_from_l1":          0,
        "pf_useless_at_l2_from_l1":          0,
        "pf_at_l2_to_l1":          0,
        "pf_fill_this_level":          0,
        "miss latency": 0.784363,
        "cache queues": {
          "PQ_ACCESS": 0,
          "PQ_FULL": 0,
          "PQ_TO_CACHE": 0,
          "PQ_MERGED": 0,
          "RQ_ACCESS": 8530742,
          "RQ_MERGED": 0,
          "RQ_FULL": 221739,
          "WQ_ACCESS": 0,
          "WQ_MERGED": 0,
          "WQ_FULL": 0
        }
      },
      "cpu0_STLB": {
        "LOAD": {
          "hit":6172,
          "miss":1108
        },
        "RFO": {
          "hit":0,
          "miss":0
        },
        "PREFETCH": {
          "hit":0,
          "miss":0
        },
        "WRITE": {
          "hit":0,
          "miss":0
        },
        "TRANSLATION": {
          "hit":0,
          "miss":0
        },
        "mshr full": 0,
        "prefetch requested": 0,
        "prefetch issued": 0,
        "prefetch filled": 0,
        "prefetch useful": 0,
        "prefetch useless": 0,
        "prefetch late": 0,
        "pf_useful_at_l2_from_l1":          0,
        "pf_late_at_l2_from_l1":          0,
        "pf_useless_at_l2_from_l1":          0,
        "pf_at_l2_to_l1":          0,
        "pf_fill_this_level":          0,
        "miss latency": 13.718,
        "cache queues": {
          "PQ_ACCESS": 0,
          "PQ_FULL": 0,
          "PQ_TO_CACHE": 0,
          "PQ_MERGED": 0,
          "RQ_ACCESS": 7280,
          "RQ_MERGED": 0,
          "RQ_FULL": 0,
          "WQ_ACCESS": 0,
          "WQ_MERGED": 0,
          "WQ_FULL": 0
        }
      },
      "cpu0_L1D": {
        "LOAD": {
          "hit":7226798,
          "miss":421085
        },
        "RFO": {
          "hit":0,
          "miss":0
        },
        "PREFETCH": {
          "hit":76142,
          "miss":272158
        },
        "WRITE": {
          "hit":703870,
          "miss":103436
        },
        "TRANSLATION": {
          "hit":323,
          "miss":785
        },
        "mshr full": 7207,
        "prefetch requested": 348539,
        "prefetch issued": 348539,
        "prefetch filled": 12250,
        "prefetch useful": 12010,
        "prefetch useless": 1598,
        "prefetch late": 1290,
        "pf_useful_at_l2_from_l1":          0,
        "pf_late_at_l2_from_l1":          0,
        "pf_useless_at_l2_from_l1":          0,
        "pf_at_l2_to_l1":          5,
        "pf_fill_this_level":      12202,
        "miss latency": 0.820857,
        "cache queues": {
          "PQ_ACCESS": 348539,
          "PQ_FULL": 0,
          "PQ_TO_CACHE": 348539,
          "PQ_MERGED": 247,
          "RQ_ACCESS": 7832438,
          "RQ_MERGED": 141,
          "RQ_FULL": 184416,
          "WQ_ACCESS": 807307,
          "WQ_MERGED": 0,
          "WQ_FULL": 0
        }
      },
      "cpu0_L2C": {
        "LOAD": {
          "hit":128669,
          "miss":47586
        },
        "RFO": {
          "hit":30938,
          "miss":4664
        },
        "PREFETCH": {
          "hit":128287,
          "miss":136654
        },
        "WRITE": {
          "hit":48647,
          "miss":0
        },
        "TRANSLATION": {
          "hit":658,
          "miss":127
        },
        "mshr full": 76522,
        "prefetch requested": 0,
        "prefetch issued": 0,
        "prefetch filled": 131521,
        "prefetch useful": 0,
        "prefetch useless": 0,
        "prefetch late": 0,
        "pf_useful_at_l2_from_l1":      72560,
        "pf_late_at_l2_from_l1":       4915,
        "pf_useless_at_l2_from_l1":      55974,
        "pf_at_l2_to_l1":       1185,
        "pf_fill_this_level":     124977,
        "miss latency": 13.4516,
        "cache queues": {
          "PQ_ACCESS": 282375,
          "PQ_FULL": 17413,
          "PQ_TO_CACHE": 264962,
          "PQ_MERGED": 5,
          "RQ_ACCESS": 212663,
          "RQ_MERGED": 0,
          "RQ_FULL": 0,
          "WQ_ACCESS": 48778,
          "WQ_MERGED": 0,
          "WQ_FULL": 0
        }
      },
      "LLC": {
        "LOAD": {
          "hit": [31165],
          "miss": [11506]
        },
        "RFO": {
          "hit": [4479],
          "miss": [184]
        },
        "PREFETCH": {
          "hit": [77311],
          "miss": [59125]
        },
        "WRITE": {
          "hit": [19929],
          "miss": [0]
        },
        "TRANSLATION": {
          "hit": [112],
          "miss": [15]
        },
        "mshr full": 0,
        "prefetch requested": 0,
        "prefetch issued": 0,
        "prefetch filled": 59125,
        "prefetch useful": 0,
        "prefetch useless": 0,
        "prefetch late": 0,
        "pf_useful_at_l2_from_l1":          0,
        "pf_late_at_l2_from_l1":          0,
        "pf_useless_at_l2_from_l1":          0,
        "pf_at_l2_to_l1":        665,
        "pf_fill_this_level":          0,
        "miss latency": 35.1795,
        "cache queues": {
          "PQ_ACCESS": 136436,
          "PQ_FULL": 0,
          "PQ_TO_CACHE": 136436,
          "PQ_MERGED": 0,
          "RQ_ACCESS": 47462,
          "RQ_MERGED": 0,
          "RQ_FULL": 0,
          "WQ_ACCESS": 20002,
          "WQ_MERGED": 0,
          "WQ_FULL": 0
        }
      },
      "DRAM": [
        {
          "RQ ROW_BUFFER_HIT": 44065,
          "RQ ROW_BUFFER_MISS": 26765,
          "PQ FULL": 0,
          "WQ ROW_BUFFER_HIT": 1746,
          "WQ ROW_BUFFER_MISS": 9207,
          "WQ FULL": 0,
          "AVG DBUS CONGESTED CYCLE": 3.9437
        }
      ]

    }
  }
]
cpu0_ITLB
cpu0_DTLB
cpu0_STLB
Prefetch Request to L1: 24072, Prefetch Request to L2: 324467
Invalid by Eviction: 26442
Invalid by Max: 4920
Filter table begin
 ┌────────────────────┬─────────────┐
 | Region             | Offset      |
 ├────────────────────┼─────────────┤
 | 0x0000000000000627 | 31          |
 ├────────────────────┼─────────────┤
 | 0x00000000000002ae | 31          |
 ├────────────────────┼─────────────┤
 | 0x0000000000000f2e | 31          |
 ├────────────────────┼─────────────┤
 | 0x0000000000000626 | 31          |
 ├────────────────────┼─────────────┤
 | 0x0000000000000f40 | 31          |
 ├────────────────────┼─────────────┤
 | 0x0000000000000259 | 31          |
 ├────────────────────┼─────────────┤
 | 0x0000000000000f2c | 31          |
 ├────────────────────┼─────────────┤
 | 0x0000000000000f3e | 31          |
 ├────────────────────┼─────────────┤
 | 0x0000000000000f2a | 31          |
 ├────────────────────┼─────────────┤
 | 0x0000000000000ddc | 31          |
 └────────────────────┴─────────────┘
Filter table end
Accumulation table begin
 ┌────────────────────┬─────────────┬─────────────┬──────────────────────────────────────────────────────────────────┐
 | Region             | Offset      | Second      | Pattern                                                          |
 ├────────────────────┼─────────────┼─────────────┼──────────────────────────────────────────────────────────────────┤
 | 0x0000000000000219 | 21          | 22          | 0 0 0 0 0 0 0 1 1 0 0 0 0 1 1 1 0 0 0 0 0 1 1 0 1 1 0 0 1 1 1 1  |
 ├────────────────────┼─────────────┼─────────────┼──────────────────────────────────────────────────────────────────┤
 | 0x0000000000000246 | 3           | 18          | 1 1 1 1 1 1 1 1 1 1 1 1 1 1 1 1 1 1 1 1 1 1 1 1 1 1 1 1 1 1 1 1  |
 ├────────────────────┼─────────────┼─────────────┼──────────────────────────────────────────────────────────────────┤
 | 0x0000000000000dd5 | 19          | 20          | 0 0 0 0 0 0 0 0 0 0 0 0 0 0 0 0 0 0 0 1 1 1 1 1 1 1 1 1 1 1 1 1  |
 ├────────────────────┼─────────────┼─────────────┼──────────────────────────────────────────────────────────────────┤
 | 0x0000000000000f41 | 0           | 1           | 1 1 1 1 1 1 1 1 1 1 1 1 1 1 1 0 0 0 0 0 0 0 0 0 0 0 0 0 0 0 0 0  |
 ├────────────────────┼─────────────┼─────────────┼──────────────────────────────────────────────────────────────────┤
 | 0x0000000000000f3f | 0           | 1           | 1 1 1 1 1 1 1 1 1 1 1 1 1 1 1 0 0 0 0 0 0 0 0 0 0 0 0 0 0 0 0 0  |
 ├────────────────────┼─────────────┼─────────────┼──────────────────────────────────────────────────────────────────┤
 | 0x0000000000000213 | 0           | 1           | 1 1 1 1 1 1 1 1 1 1 1 0 0 0 0 0 0 0 0 0 0 0 0 0 0 0 0 0 0 0 0 0  |
 ├────────────────────┼─────────────┼─────────────┼──────────────────────────────────────────────────────────────────┤
 | 0x0000000000000234 | 17          | 16          | 0 0 0 0 0 0 0 0 0 0 0 0 0 0 0 0 1 1 1 1 0 0 0 0 0 0 0 0 0 0 0 0  |
 ├────────────────────┼─────────────┼─────────────┼──────────────────────────────────────────────────────────────────┤
 | 0x0000000000000226 | 3           | 6           | 0 0 0 1 1 1 1 1 0 1 0 0 0 0 0 0 0 0 0 0 0 0 0 0 0 0 0 0 0 0 0 0  |
 ├────────────────────┼─────────────┼─────────────┼──────────────────────────────────────────────────────────────────┤
 | 0x0000000000000f2b | 1           | 2           | 0 1 1 1 1 1 1 1 1 1 1 1 1 1 1 0 0 0 0 0 0 0 0 0 0 0 0 0 0 0 0 0  |
 ├────────────────────┼─────────────┼─────────────┼──────────────────────────────────────────────────────────────────┤
 | 0x000000000000034b | 28          | 29          | 0 0 0 0 0 0 0 0 0 0 0 0 0 0 0 0 0 0 0 0 0 0 0 0 0 0 0 0 1 1 1 1  |
 ├────────────────────┼─────────────┼─────────────┼──────────────────────────────────────────────────────────────────┤
 | 0x0000000000000f2d | 4           | 5           | 0 0 0 0 1 1 1 1 1 1 1 1 1 1 1 0 0 0 0 0 0 0 0 0 0 0 0 0 0 0 0 0  |
 ├────────────────────┼─────────────┼─────────────┼──────────────────────────────────────────────────────────────────┤
 | 0x00000000000003a9 | 0           | 1           | 1 1 1 1 1 1 1 1 1 1 1 1 1 0 0 0 0 0 0 0 0 0 0 0 0 0 0 0 0 0 0 0  |
 ├────────────────────┼─────────────┼─────────────┼──────────────────────────────────────────────────────────────────┤
 | 0x0000000000000416 | 0           | 1           | 1 1 1 1 1 1 1 1 1 1 1 1 1 1 1 1 1 1 1 1 1 1 1 1 1 1 1 1 0 0 0 0  |
 ├────────────────────┼─────────────┼─────────────┼──────────────────────────────────────────────────────────────────┤
 | 0x0000000000000218 | 14          | 15          | 0 0 0 0 0 0 1 0 0 0 0 0 0 0 1 1 0 0 0 0 0 0 1 1 0 0 0 0 0 0 0 0  |
 ├────────────────────┼─────────────┼─────────────┼──────────────────────────────────────────────────────────────────┤
 | 0x0000000000000450 | 0           | 1           | 1 1 1 1 1 1 1 1 1 1 1 1 0 0 0 0 0 0 0 0 0 0 0 0 0 0 0 0 0 0 0 0  |
 ├────────────────────┼─────────────┼─────────────┼──────────────────────────────────────────────────────────────────┤
 | 0x00000000000003e0 | 19          | 20          | 0 0 0 0 0 0 0 0 0 0 0 0 0 0 0 0 0 0 0 1 1 1 1 1 1 1 1 1 1 0 0 0  |
 ├────────────────────┼─────────────┼─────────────┼──────────────────────────────────────────────────────────────────┤
 | 0x0000000000000e53 | 10          | 9           | 0 0 0 0 0 0 0 0 0 1 1 1 1 1 1 1 1 1 1 1 1 1 1 1 1 0 0 0 0 0 0 0  |
 ├────────────────────┼─────────────┼─────────────┼──────────────────────────────────────────────────────────────────┤
 | 0x0000000000001012 | 0           | 1           | 1 1 1 0 0 0 0 0 0 0 0 0 0 0 0 0 0 0 0 0 0 0 0 0 0 0 0 0 0 0 0 0  |
 ├────────────────────┼─────────────┼─────────────┼──────────────────────────────────────────────────────────────────┤
 | 0x0000000000000242 | 28          | 29          | 1 1 1 1 1 1 1 1 1 0 0 0 0 0 0 0 0 0 0 0 0 0 0 0 0 0 0 0 1 1 1 1  |
 ├────────────────────┼─────────────┼─────────────┼──────────────────────────────────────────────────────────────────┤
 | 0x0000000000000ddd | 0           | 1           | 1 1 1 1 1 1 1 1 1 1 1 1 1 1 1 0 0 0 0 0 0 0 0 0 0 0 0 0 0 0 0 0  |
 ├────────────────────┼─────────────┼─────────────┼──────────────────────────────────────────────────────────────────┤
 | 0x0000000000000212 | 27          | 28          | 0 0 0 0 0 0 0 0 0 0 0 0 0 0 0 0 0 0 0 0 0 0 0 0 0 0 0 1 1 1 1 1  |
 ├────────────────────┼─────────────┼─────────────┼──────────────────────────────────────────────────────────────────┤
 | 0x0000000000000dd7 | 30          | 29          | 0 0 0 0 0 0 0 0 0 0 0 0 0 0 0 0 0 0 0 0 0 0 0 0 0 0 0 0 0 1 1 1  |
 ├────────────────────┼─────────────┼─────────────┼──────────────────────────────────────────────────────────────────┤
 | 0x0000000000000f2f | 4           | 5           | 0 0 0 0 1 1 1 1 1 1 1 1 1 1 1 0 0 0 0 0 0 0 0 0 0 0 0 0 0 0 0 0  |
 ├────────────────────┼─────────────┼─────────────┼──────────────────────────────────────────────────────────────────┤
 | 0x0000000000001014 | 0           | 1           | 1 1 1 1 1 1 1 1 1 1 1 1 1 0 0 0 0 0 0 0 0 0 0 0 0 0 0 0 0 0 0 0  |
 ├────────────────────┼─────────────┼─────────────┼──────────────────────────────────────────────────────────────────┤
 | 0x00000000000003a8 | 29          | 30          | 0 0 0 0 0 0 0 0 0 0 0 0 0 0 0 0 0 0 0 0 0 0 0 0 0 0 0 0 0 1 1 1  |
 ├────────────────────┼─────────────┼─────────────┼──────────────────────────────────────────────────────────────────┤
 | 0x0000000000000f7a | 8           | 7           | 0 0 0 0 0 0 0 1 1 1 1 1 1 1 1 1 1 1 1 1 1 1 1 0 0 0 0 0 0 0 0 0  |
 └────────────────────┴─────────────┴─────────────┴──────────────────────────────────────────────────────────────────┘
Accumulation table end
Offset pattern table begin
 ┌────────────────────┬─────────────┬──────────────────────────────────────────────────────────────────────────────────────────────────┐
 | Key                | Second      | Pattern                                                                                          |
 ├────────────────────┼─────────────┼──────────────────────────────────────────────────────────────────────────────────────────────────┤
 | 0x0000000000000000 | 1           | 25 25 19 19 19 19 19 19 19 19 19 17 17 16 8 2 2 2 2 2 2 2 2 2 2 2 2 2 2 2 2 2                    |
 ├────────────────────┼─────────────┼──────────────────────────────────────────────────────────────────────────────────────────────────┤
 | 0x0000000000000001 | 2           | 21 20 12 12 12 12 12 11 11 10 10 9 7 5 4 4 0 0 0 0 0 0 0 0 0 0 0 0 0 0 0 5                       |
 ├────────────────────┼─────────────┼──────────────────────────────────────────────────────────────────────────────────────────────────┤
 | 0x0000000000000002 | 3           | 24 23 16 16 15 15 15 14 13 11 9 8 5 3 3 3 0 0 0 0 0 0 0 0 0 0 0 0 0 0 0 0                        |
 ├────────────────────┼─────────────┼──────────────────────────────────────────────────────────────────────────────────────────────────┤
 | 0x0000000000000003 | 4           | 31 30 27 27 26 22 21 20 19 17 15 14 11 11 11 12 8 7 7 7 7 6 6 6 6 6 6 6 6 6 6 8                  |
 ├────────────────────┼─────────────┼──────────────────────────────────────────────────────────────────────────────────────────────────┤
 | 0x0000000000000004 | 5           | 18 17 16 16 15 14 12 11 10 9 9 8 7 7 7 6 9 8 8 8 8 5 4 3 3 2 2 2 2 2 2 4                         |
 ├────────────────────┼─────────────┼──────────────────────────────────────────────────────────────────────────────────────────────────┤
 | 0x0000000000000005 | 6           | 31 29 25 21 24 22 19 19 19 18 18 16 15 15 15 10 1 1 1 1 0 0 0 0 0 0 0 1 1 1 4 10                 |
 ├────────────────────┼─────────────┼──────────────────────────────────────────────────────────────────────────────────────────────────┤
 | 0x0000000000000006 | 5           | 20 12 9 9 8 8 8 8 13 12 7 7 7 7 7 5 5 5 0 0 0 0 0 0 0 0 0 0 0 0 0 5                              |
 ├────────────────────┼─────────────┼──────────────────────────────────────────────────────────────────────────────────────────────────┤
 | 0x0000000000000007 | 8           | 31 30 24 22 21 21 21 21 20 20 20 20 20 20 20 14 1 1 0 0 0 0 0 0 0 0 0 0 0 0 0 6                  |
 ├────────────────────┼─────────────┼──────────────────────────────────────────────────────────────────────────────────────────────────┤
 | 0x0000000000000008 | 24          | 20 20 16 16 16 16 15 15 15 15 15 14 14 14 14 13 2 2 2 2 2 2 2 2 2 2 2 2 2 2 2 4                  |
 ├────────────────────┼─────────────┼──────────────────────────────────────────────────────────────────────────────────────────────────┤
 | 0x0000000000000009 | 10          | 19 18 15 14 14 13 12 11 11 11 11 11 11 11 11 11 4 3 2 2 2 2 2 4 4 4 3 3 3 3 3 4                  |
 ├────────────────────┼─────────────┼──────────────────────────────────────────────────────────────────────────────────────────────────┤
 | 0x000000000000000a | 25          | 18 17 12 11 9 9 9 9 9 9 8 8 8 8 8 11 11 9 7 7 7 7 1 1 1 1 1 0 0 0 0 0                            |
 ├────────────────────┼─────────────┼──────────────────────────────────────────────────────────────────────────────────────────────────┤
 | 0x000000000000000b | 12          | 30 29 24 22 21 21 21 21 21 16 15 15 15 15 15 19 7 7 7 7 7 9 9 9 9 9 4 4 4 4 4 4                  |
 ├────────────────────┼─────────────┼──────────────────────────────────────────────────────────────────────────────────────────────────┤
 | 0x000000000000000c | 28          | 21 20 17 14 12 12 12 12 12 12 13 13 12 12 12 12 1 1 1 1 3 3 3 3 3 3 4 3 3 3 3 3                  |
 ├────────────────────┼─────────────┼──────────────────────────────────────────────────────────────────────────────────────────────────┤
 | 0x000000000000000d | 14          | 16 16 13 11 11 11 10 10 10 10 10 10 10 10 10 10 2 2 1 2 2 2 2 2 2 2 2 2 2 2 2 2                  |
 ├────────────────────┼─────────────┼──────────────────────────────────────────────────────────────────────────────────────────────────┤
 | 0x000000000000000e | 13          | 25 24 10 10 10 9 8 9 18 18 9 9 9 9 9 9 2 2 2 3 2 2 2 2 11 3 3 2 2 2 2 3                          |
 ├────────────────────┼─────────────┼──────────────────────────────────────────────────────────────────────────────────────────────────┤
 | 0x000000000000000f | 16          | 31 30 23 22 21 21 22 20 20 20 19 19 19 17 17 16 2 5 6 5 5 5 5 5 6 6 5 5 5 6 6 7                  |
 ├────────────────────┼─────────────┼──────────────────────────────────────────────────────────────────────────────────────────────────┤
 | 0x0000000000000010 | 17          | 29 28 21 20 18 18 18 17 16 16 16 16 16 15 15 13 1 1 1 1 1 1 1 1 1 1 1 1 1 1 1 2                  |
 ├────────────────────┼─────────────┼──────────────────────────────────────────────────────────────────────────────────────────────────┤
 | 0x0000000000000011 | 22          | 16 15 9 4 6 6 4 6 6 3 3 6 6 3 3 0 0 0 0 0 0 0 0 0 0 0 0 0 0 0 0 5                                |
 ├────────────────────┼─────────────┼──────────────────────────────────────────────────────────────────────────────────────────────────┤
 | 0x0000000000000012 | 19          | 17 14 10 12 12 10 11 10 8 8 10 10 7 6 1 1 1 2 2 2 2 3 2 1 1 1 1 1 1 2 1 4                        |
 ├────────────────────┼─────────────┼──────────────────────────────────────────────────────────────────────────────────────────────────┤
 | 0x0000000000000013 | 20          | 17 16 13 13 13 13 13 13 12 11 11 11 8 0 0 0 0 0 0 0 0 0 0 0 0 0 0 0 0 0 0 1                      |
 ├────────────────────┼─────────────┼──────────────────────────────────────────────────────────────────────────────────────────────────┤
 | 0x0000000000000014 | 21          | 29 28 25 25 24 24 23 22 22 22 20 19 0 0 0 0 0 1 1 1 1 1 1 0 0 0 0 0 0 0 0 1                      |
 ├────────────────────┼─────────────┼──────────────────────────────────────────────────────────────────────────────────────────────────┤
 | 0x0000000000000015 | 22          | 19 18 15 17 17 14 12 14 13 11 10 5 6 4 4 4 5 0 1 1 0 0 0 0 1 1 1 0 2 2 0 0                       |
 ├────────────────────┼─────────────┼──────────────────────────────────────────────────────────────────────────────────────────────────┤
 | 0x0000000000000016 | 23          | 25 24 15 15 17 17 14 16 16 11 0 0 0 0 0 0 1 1 0 0 0 0 0 0 1 0 0 3 3 0 0 3                        |
 ├────────────────────┼─────────────┼──────────────────────────────────────────────────────────────────────────────────────────────────┤
 | 0x0000000000000017 | 24          | 27 26 26 24 24 22 20 18 16 9 9 6 4 3 3 2 3 2 1 1 1 2 2 2 1 1 4 4 0 0 2 2                         |
 ├────────────────────┼─────────────┼──────────────────────────────────────────────────────────────────────────────────────────────────┤
 | 0x0000000000000018 | 25          | 27 26 19 17 19 16 13 13 4 7 4 3 3 3 3 6 8 3 3 1 1 4 4 4 1 6 6 0 0 5 5 3                          |
 ├────────────────────┼─────────────┼──────────────────────────────────────────────────────────────────────────────────────────────────┤
 | 0x0000000000000019 | 26          | 30 27 20 21 20 19 19 4 4 4 4 4 3 1 1 1 2 4 2 2 3 3 3 2 4 4 2 1 2 2 1 4                           |
 ├────────────────────┼─────────────┼──────────────────────────────────────────────────────────────────────────────────────────────────┤
 | 0x000000000000001a | 27          | 28 27 18 21 21 13 2 2 2 2 2 2 0 0 0 0 1 1 1 1 1 1 1 5 5 1 0 5 8 8 5 5                            |
 ├────────────────────┼─────────────┼──────────────────────────────────────────────────────────────────────────────────────────────────┤
 | 0x000000000000001b | 28          | 24 23 18 18 18 2 2 2 2 1 1 1 1 1 0 0 2 2 1 1 1 1 1 1 1 1 1 1 1 1 1 1                             |
 ├────────────────────┼─────────────┼──────────────────────────────────────────────────────────────────────────────────────────────────┤
 | 0x000000000000001c | 29          | 28 28 25 25 7 8 7 7 7 7 7 7 6 1 1 1 2 3 2 2 2 2 2 2 2 2 2 2 2 2 2 3                              |
 ├────────────────────┼─────────────┼──────────────────────────────────────────────────────────────────────────────────────────────────┤
 | 0x000000000000001d | 30          | 26 21 18 1 1 1 1 1 1 1 1 1 1 1 1 1 2 2 2 2 6 6 2 2 6 7 2 6 6 1 1 6                               |
 ├────────────────────┼─────────────┼──────────────────────────────────────────────────────────────────────────────────────────────────┤
 | 0x000000000000001e | 31          | 22 21 2 2 2 1 1 1 1 1 1 1 1 1 1 1 1 1 1 1 1 1 1 1 1 1 1 1 1 1 1 2                                |
 ├────────────────────┼─────────────┼──────────────────────────────────────────────────────────────────────────────────────────────────┤
 | 0x000000000000001f | 30          | 25 12 14 13 13 13 13 12 13 11 10 10 10 10 11 11 13 13 13 13 13 13 14 14 13 14 14 13 13 13 13 20  |
 └────────────────────┴─────────────┴──────────────────────────────────────────────────────────────────────────────────────────────────┘
Offset pattern table end
PC pattern table begin
 ┌────────────────────┬─────────────┬──────────────────────────────────────────────────┐
 | Key                | Second      | Pattern                                          |
 ├────────────────────┼─────────────┼──────────────────────────────────────────────────┤
 | 0x0000000000000000 | 24          | 21 11 8 7 7 6 4 1 0 0 5 5 5 5 5 0                |
 ├────────────────────┼─────────────┼──────────────────────────────────────────────────┤
 | 0x0000000000000001 | 16          | 16 15 12 12 11 11 11 11 12 13 13 13 13 13 13 13  |
 ├────────────────────┼─────────────┼──────────────────────────────────────────────────┤
 | 0x0000000000000002 | 17          | 26 23 19 18 18 13 9 0 0 0 0 0 0 0 0 1            |
 ├────────────────────┼─────────────┼──────────────────────────────────────────────────┤
 | 0x0000000000000003 | 0           | 28 27 26 25 24 20 15 9 4 2 6 8 9 11 9 10         |
 ├────────────────────┼─────────────┼──────────────────────────────────────────────────┤
 | 0x0000000000000004 | 10          | 26 25 25 17 16 14 5 1 0 0 0 0 1 1 1 2            |
 ├────────────────────┼─────────────┼──────────────────────────────────────────────────┤
 | 0x0000000000000005 | 21          | 29 17 13 17 1 13 3 1 1 0 1 1 3 6 6 23            |
 ├────────────────────┼─────────────┼──────────────────────────────────────────────────┤
 | 0x0000000000000006 | 24          | 20 15 13 12 11 10 11 12 16 14 12 11 12 11 12 12  |
 ├────────────────────┼─────────────┼──────────────────────────────────────────────────┤
 | 0x0000000000000007 | 16          | 19 14 9 7 6 5 1 1 0 0 0 0 0 0 0 0                |
 ├────────────────────┼─────────────┼──────────────────────────────────────────────────┤
 | 0x0000000000000008 | 16          | 16 13 10 9 8 7 6 4 6 5 5 5 5 5 5 4               |
 ├────────────────────┼─────────────┼──────────────────────────────────────────────────┤
 | 0x0000000000000009 | 25          | 26 20 17 11 15 7 7 7 19 17 19 19 19 21 25 25     |
 ├────────────────────┼─────────────┼──────────────────────────────────────────────────┤
 | 0x000000000000000a | 17          | 21 17 14 11 10 9 8 3 0 1 1 2 2 2 2 2             |
 ├────────────────────┼─────────────┼──────────────────────────────────────────────────┤
 | 0x000000000000000b | 15          | 17 9 8 6 9 1 1 3 12 9 9 6 9 4 1 1                |
 ├────────────────────┼─────────────┼──────────────────────────────────────────────────┤
 | 0x000000000000000c | 17          | 18 14 9 8 7 6 4 2 0 0 0 0 0 0 0 0                |
 ├────────────────────┼─────────────┼──────────────────────────────────────────────────┤
 | 0x000000000000000d | 25          | 19 15 12 7 6 6 6 2 2 0 0 0 0 0 0 0               |
 ├────────────────────┼─────────────┼──────────────────────────────────────────────────┤
 | 0x000000000000000e | 17          | 18 13 9 8 8 5 7 1 3 3 2 3 2 1 1 1                |
 ├────────────────────┼─────────────┼──────────────────────────────────────────────────┤
 | 0x000000000000000f | 17          | 20 15 12 11 10 7 5 1 1 1 1 0 2 2 0 0             |
 ├────────────────────┼─────────────┼──────────────────────────────────────────────────┤
 | 0x0000000000000010 | 22          | 20 17 14 12 12 10 8 5 1 0 0 0 0 0 0 0            |
 ├────────────────────┼─────────────┼──────────────────────────────────────────────────┤
 | 0x0000000000000011 | 17          | 20 16 9 4 3 3 3 3 2 1 0 0 0 0 0 1                |
 ├────────────────────┼─────────────┼──────────────────────────────────────────────────┤
 | 0x0000000000000012 | 24          | 23 20 14 10 7 5 3 2 1 0 0 0 0 0 0 0              |
 ├────────────────────┼─────────────┼──────────────────────────────────────────────────┤
 | 0x0000000000000013 | 16          | 16 10 5 4 4 2 1 0 0 0 0 0 0 0 0 0                |
 ├────────────────────┼─────────────┼──────────────────────────────────────────────────┤
 | 0x0000000000000014 | 31          | 26 26 6 1 2 8 5 0 4 5 4 3 5 8 3 4                |
 ├────────────────────┼─────────────┼──────────────────────────────────────────────────┤
 | 0x0000000000000015 | 17          | 24 16 11 11 11 10 7 3 3 1 1 0 0 0 0 0            |
 ├────────────────────┼─────────────┼──────────────────────────────────────────────────┤
 | 0x0000000000000016 | 16          | 20 13 10 5 3 0 0 0 0 0 0 1 2 2 4 2               |
 ├────────────────────┼─────────────┼──────────────────────────────────────────────────┤
 | 0x0000000000000017 | 24          | 28 27 25 19 15 11 6 5 4 0 0 0 0 0 0 0            |
 ├────────────────────┼─────────────┼──────────────────────────────────────────────────┤
 | 0x0000000000000018 | 27          | 27 25 24 22 20 19 16 14 12 3 3 2 2 2 1 0         |
 ├────────────────────┼─────────────┼──────────────────────────────────────────────────┤
 | 0x0000000000000019 | 17          | 29 26 21 20 19 17 16 13 11 5 5 5 5 5 5 5         |
 ├────────────────────┼─────────────┼──────────────────────────────────────────────────┤
 | 0x000000000000001a | 22          | 26 22 24 23 23 1 1 0 2 2 0 2 2 21 20 21          |
 ├────────────────────┼─────────────┼──────────────────────────────────────────────────┤
 | 0x000000000000001b | 16          | 29 8 0 0 0 0 0 0 0 0 0 0 0 0 8 28                |
 ├────────────────────┼─────────────┼──────────────────────────────────────────────────┤
 | 0x000000000000001c | 25          | 16 13 10 9 9 8 7 5 2 0 0 0 0 0 0 1               |
 ├────────────────────┼─────────────┼──────────────────────────────────────────────────┤
 | 0x000000000000001d | 0           | 21 20 19 18 15 13 10 7 2 0 1 1 1 1 1 2           |
 ├────────────────────┼─────────────┼──────────────────────────────────────────────────┤
 | 0x000000000000001e | 17          | 26 19 15 13 14 13 11 4 0 0 0 0 0 0 1 1           |
 ├────────────────────┼─────────────┼──────────────────────────────────────────────────┤
 | 0x000000000000001f | 22          | 31 27 22 20 19 17 16 14 13 13 13 13 13 13 13 13  |
 └────────────────────┴─────────────┴──────────────────────────────────────────────────┘
PC pattern table end
Prefetch buffer begin
 ┌────────────────────┬──────────────────────────────────────────────────────────────────┐
 | Region             | Pattern                                                          |
 ├────────────────────┼──────────────────────────────────────────────────────────────────┤
 | 0x0000000000000f36 | 2 2 2 2 2 2 2 2 2 2 2 2 2 2 2 2 2 2 2 2 2 2 2 2 2 2 2 2 2 2 2 0  |
 ├────────────────────┼──────────────────────────────────────────────────────────────────┤
 | 0x0000000000000afb | 2 2 2 2 2 2 2 2 2 2 2 2 2 2 2 2 2 2 2 2 2 2 2 2 2 2 2 2 2 2 2 0  |
 ├────────────────────┼──────────────────────────────────────────────────────────────────┤
 | 0x00000000000003a8 | 2 2 2 2 2 2 2 2 2 2 2 2 2 2 2 2 2 2 2 2 2 2 2 2 2 2 2 2 0 0 0 0  |
 ├────────────────────┼──────────────────────────────────────────────────────────────────┤
 | 0x0000000000000f38 | 2 2 2 2 2 2 2 2 2 2 2 2 2 2 2 2 2 2 2 2 2 2 2 2 2 2 2 2 2 2 2 0  |
 ├────────────────────┼──────────────────────────────────────────────────────────────────┤
 | 0x0000000000000f40 | 2 2 2 2 2 2 2 2 2 2 2 2 2 2 2 2 2 2 2 2 2 2 2 0 0 0 0 0 0 0 0 0  |
 ├────────────────────┼──────────────────────────────────────────────────────────────────┤
 | 0x0000000000000f32 | 2 2 2 2 2 2 2 2 2 2 2 2 2 2 2 2 2 2 2 2 2 2 2 2 2 2 2 2 2 2 2 0  |
 ├────────────────────┼──────────────────────────────────────────────────────────────────┤
 | 0x0000000000000450 | 0 0 0 0 0 0 0 0 0 0 0 0 2 2 2 2 0 0 0 0 0 0 0 0 0 0 0 0 0 0 0 0  |
 ├────────────────────┼──────────────────────────────────────────────────────────────────┤
 | 0x0000000000000f2c | 2 2 2 2 2 2 2 2 2 2 2 2 2 2 2 2 2 2 2 2 2 2 2 2 2 2 2 2 2 2 2 0  |
 ├────────────────────┼──────────────────────────────────────────────────────────────────┤
 | 0x0000000000000f20 | 2 2 2 2 2 2 2 2 2 2 0 0 0 0 0 0 0 0 0 0 0 0 0 0 0 0 0 0 0 0 0 0  |
 ├────────────────────┼──────────────────────────────────────────────────────────────────┤
 | 0x0000000000000ddd | 0 0 0 0 0 0 0 0 0 0 0 0 0 0 0 0 0 2 2 2 2 2 2 2 2 2 2 2 2 2 2 2  |
 ├────────────────────┼──────────────────────────────────────────────────────────────────┤
 | 0x0000000000000f3e | 2 2 2 2 2 2 2 2 2 2 2 2 2 2 2 2 2 2 2 2 2 2 2 2 2 2 2 2 2 2 2 0  |
 ├────────────────────┼──────────────────────────────────────────────────────────────────┤
 | 0x0000000000000af7 | 2 2 2 2 2 2 2 2 2 2 2 2 2 2 2 2 2 2 2 2 2 2 2 2 2 2 2 2 2 2 0 0  |
 ├────────────────────┼──────────────────────────────────────────────────────────────────┤
 | 0x0000000000000f2a | 2 2 2 2 2 2 2 2 2 2 2 2 2 2 2 0 0 0 0 0 0 0 0 0 0 0 0 0 0 0 0 0  |
 ├────────────────────┼──────────────────────────────────────────────────────────────────┤
 | 0x0000000000000dd7 | 2 2 2 2 2 2 2 0 0 0 0 0 0 0 0 0 0 0 0 0 0 0 0 0 0 0 0 0 0 0 0 0  |
 ├────────────────────┼──────────────────────────────────────────────────────────────────┤
 | 0x0000000000000ddc | 2 2 2 2 2 2 2 2 2 2 2 2 2 2 2 2 2 2 2 2 2 2 2 2 2 2 2 2 2 2 2 0  |
 ├────────────────────┼──────────────────────────────────────────────────────────────────┤
 | 0x0000000000000f3a | 2 2 2 2 2 2 2 2 2 2 2 2 2 2 2 2 2 2 2 2 2 2 2 2 2 2 2 2 2 2 2 0  |
 ├────────────────────┼──────────────────────────────────────────────────────────────────┤
 | 0x0000000000000311 | 2 2 2 2 2 2 2 2 2 2 0 0 0 0 0 0 0 0 0 0 0 0 0 0 0 0 0 0 0 0 0 0  |
 ├────────────────────┼──────────────────────────────────────────────────────────────────┤
 | 0x000000000000034b | 2 2 2 2 2 2 2 2 2 2 2 2 0 0 0 0 0 0 0 0 0 0 0 0 0 0 0 0 0 0 0 0  |
 ├────────────────────┼──────────────────────────────────────────────────────────────────┤
 | 0x0000000000000f2e | 2 2 2 2 2 2 2 2 2 2 2 2 2 2 2 2 2 2 2 2 2 2 2 2 2 2 0 0 0 0 0 0  |
 ├────────────────────┼──────────────────────────────────────────────────────────────────┤
 | 0x0000000000000f30 | 2 2 2 2 2 2 2 2 2 2 2 2 2 2 2 2 2 2 0 0 0 0 0 0 0 0 0 0 0 0 0 0  |
 └────────────────────┴──────────────────────────────────────────────────────────────────┘
Prefetch buffer end
Filter by PPT: 0
cpu0_L2C
Num Con Filled: 0
Num Con Useful: 0 Useless:0 Accuracy: nan
LLC
