41 41 41
Available num physical pages: 35184372088576
WARNING: physical memory size is smaller than virtual memory size

*** ChampSim Multicore Out-of-Order Simulator ***

Warmup Instructions: 5000000
Simulation Instructions: 20000000
Number of CPUs: 1
Page size: 4096

Basic BTB sets: 1024 ways: 8 indirect buffer size: 4096 RAS size: 64
cpu0_L1D PMP prefetcher
Off-chip DRAM Size: 4 GiB Channels: 1 Width: 64-bit Data Rate: 3200 MT/s
Max paddr 7M
Warmup finished CPU 0 instructions: 5000003 cycles: 1314202 cumulative IPC: 3.8046 (Simulation time: 0 hr 3 min 21 sec) 

Warmup complete CPU 0 instructions: 5000003 cycles: 1314202 (Simulation time: 0 hr 3 min 21 sec) 

Heartbeat CPU 0 instructions: 10000002 cycles: 9911205 heartbeat IPC: 1.00896 cumulative IPC: 0.581598 (Simulation time: 0 hr 12 min 13 sec) 
Heartbeat CPU 0 instructions: 20000004 cycles: 37059564 heartbeat IPC: 0.368347 cumulative IPC: 0.419635 (Simulation time: 0 hr 22 min 6 sec) 
Max paddr 31M
Simulation finished CPU 0 instructions: 20000002 cycles: 47907350 cumulative IPC: 0.417473 (Simulation time: 0 hr 23 min 7 sec) 

Simulation complete CPU 0 instructions: 20000002 cycles: 47907350 (Simulation time: 0 hr 23 min 7 sec) 


ChampSim completed all CPUs

[
  {
    "name": "Simulation",
    "traces": [
      "../traces/450.soplex-247B.champsimtrace.xz"
    ],
    "roi": {
      "cores": [
        {
          "instructions": 20000002,
          "cycles": 47907350,
          "Avg ROB occupancy at mispredict": 16.7939, 
          "mispredict": {
            "BRANCH_DIRECT_JUMP": 61,
            "BRANCH_INDIRECT": 6,
            "BRANCH_CONDITIONAL": 695582,
            "BRANCH_DIRECT_CALL": 61,
            "BRANCH_INDIRECT_CALL": 28,
            "BRANCH_RETURN": 96
          }
        }
      ],
      "cpu0_L1I": {
        "LOAD": {
          "hit":695,
          "miss":483
        },
        "RFO": {
          "hit":0,
          "miss":0
        },
        "PREFETCH": {
          "hit":0,
          "miss":0
        },
        "WRITE": {
          "hit":0,
          "miss":0
        },
        "TRANSLATION": {
          "hit":0,
          "miss":0
        },
        "mshr full": 0,
        "prefetch requested": 0,
        "prefetch issued": 0,
        "prefetch filled": 0,
        "prefetch useful": 0,
        "prefetch useless": 0,
        "prefetch late": 0,
        "pf_useful_at_l2_from_l1":          0,
        "pf_late_at_l2_from_l1":          0,
        "pf_useless_at_l2_from_l1":          0,
        "pf_at_l2_to_l1":          0,
        "pf_fill_this_level":          0,
        "miss latency": 20.2283,
        "cache queues": {
          "PQ_ACCESS": 0,
          "PQ_FULL": 0,
          "PQ_TO_CACHE": 0,
          "PQ_MERGED": 0,
          "RQ_ACCESS": 1181,
          "RQ_MERGED": 3,
          "RQ_FULL": 0,
          "WQ_ACCESS": 0,
          "WQ_MERGED": 0,
          "WQ_FULL": 0
        }
      },
      "cpu0_ITLB": {
        "LOAD": {
          "hit":955,
          "miss":60
        },
        "RFO": {
          "hit":0,
          "miss":0
        },
        "PREFETCH": {
          "hit":0,
          "miss":0
        },
        "WRITE": {
          "hit":0,
          "miss":0
        },
        "TRANSLATION": {
          "hit":0,
          "miss":0
        },
        "mshr full": 0,
        "prefetch requested": 0,
        "prefetch issued": 0,
        "prefetch filled": 0,
        "prefetch useful": 0,
        "prefetch useless": 0,
        "prefetch late": 0,
        "pf_useful_at_l2_from_l1":          0,
        "pf_late_at_l2_from_l1":          0,
        "pf_useless_at_l2_from_l1":          0,
        "pf_at_l2_to_l1":          0,
        "pf_fill_this_level":          0,
        "miss latency": 19.123,
        "cache queues": {
          "PQ_ACCESS": 0,
          "PQ_FULL": 0,
          "PQ_TO_CACHE": 0,
          "PQ_MERGED": 0,
          "RQ_ACCESS": 1015,
          "RQ_MERGED": 0,
          "RQ_FULL": 0,
          "WQ_ACCESS": 0,
          "WQ_MERGED": 0,
          "WQ_FULL": 0
        }
      },
      "cpu0_DTLB": {
        "LOAD": {
          "hit":7000930,
          "miss":362851
        },
        "RFO": {
          "hit":0,
          "miss":0
        },
        "PREFETCH": {
          "hit":0,
          "miss":0
        },
        "WRITE": {
          "hit":0,
          "miss":0
        },
        "TRANSLATION": {
          "hit":0,
          "miss":0
        },
        "mshr full": 19800,
        "prefetch requested": 0,
        "prefetch issued": 0,
        "prefetch filled": 0,
        "prefetch useful": 0,
        "prefetch useless": 0,
        "prefetch late": 0,
        "pf_useful_at_l2_from_l1":          0,
        "pf_late_at_l2_from_l1":          0,
        "pf_useless_at_l2_from_l1":          0,
        "pf_at_l2_to_l1":          0,
        "pf_fill_this_level":          0,
        "miss latency": 1.13827,
        "cache queues": {
          "PQ_ACCESS": 0,
          "PQ_FULL": 0,
          "PQ_TO_CACHE": 0,
          "PQ_MERGED": 0,
          "RQ_ACCESS": 7859734,
          "RQ_MERGED": 0,
          "RQ_FULL": 495967,
          "WQ_ACCESS": 0,
          "WQ_MERGED": 0,
          "WQ_FULL": 0
        }
      },
      "cpu0_STLB": {
        "LOAD": {
          "hit":120726,
          "miss":15213
        },
        "RFO": {
          "hit":0,
          "miss":0
        },
        "PREFETCH": {
          "hit":0,
          "miss":0
        },
        "WRITE": {
          "hit":0,
          "miss":0
        },
        "TRANSLATION": {
          "hit":0,
          "miss":0
        },
        "mshr full": 0,
        "prefetch requested": 0,
        "prefetch issued": 0,
        "prefetch filled": 0,
        "prefetch useful": 0,
        "prefetch useless": 0,
        "prefetch late": 0,
        "pf_useful_at_l2_from_l1":          0,
        "pf_late_at_l2_from_l1":          0,
        "pf_useless_at_l2_from_l1":          0,
        "pf_at_l2_to_l1":          0,
        "pf_fill_this_level":          0,
        "miss latency": 22.6314,
        "cache queues": {
          "PQ_ACCESS": 0,
          "PQ_FULL": 0,
          "PQ_TO_CACHE": 0,
          "PQ_MERGED": 0,
          "RQ_ACCESS": 135939,
          "RQ_MERGED": 0,
          "RQ_FULL": 0,
          "WQ_ACCESS": 0,
          "WQ_MERGED": 0,
          "WQ_FULL": 0
        }
      },
      "cpu0_L1D": {
        "LOAD": {
          "hit":4485331,
          "miss":1643782
        },
        "RFO": {
          "hit":0,
          "miss":0
        },
        "PREFETCH": {
          "hit":109987,
          "miss":1221244
        },
        "WRITE": {
          "hit":779483,
          "miss":508564
        },
        "TRANSLATION": {
          "hit":5304,
          "miss":9849
        },
        "mshr full": 15265858,
        "prefetch requested": 1331347,
        "prefetch issued": 1331347,
        "prefetch filled": 71320,
        "prefetch useful": 76012,
        "prefetch useless": 1374,
        "prefetch late": 6065,
        "pf_useful_at_l2_from_l1":          0,
        "pf_late_at_l2_from_l1":          0,
        "pf_useless_at_l2_from_l1":          0,
        "pf_at_l2_to_l1":          0,
        "pf_fill_this_level":      71320,
        "miss latency": 9.46892,
        "cache queues": {
          "PQ_ACCESS": 1331347,
          "PQ_FULL": 0,
          "PQ_TO_CACHE": 1331347,
          "PQ_MERGED": 122,
          "RQ_ACCESS": 125777034,
          "RQ_MERGED": 4461,
          "RQ_FULL": 119643488,
          "WQ_ACCESS": 2015634,
          "WQ_MERGED": 0,
          "WQ_FULL": 727589
        }
      },
      "cpu0_L2C": {
        "LOAD": {
          "hit":467485,
          "miss":372512
        },
        "RFO": {
          "hit":14124,
          "miss":120096
        },
        "PREFETCH": {
          "hit":458434,
          "miss":727984
        },
        "WRITE": {
          "hit":417473,
          "miss":0
        },
        "TRANSLATION": {
          "hit":3571,
          "miss":6278
        },
        "mshr full": 3457204,
        "prefetch requested": 0,
        "prefetch issued": 0,
        "prefetch filled": 689526,
        "prefetch useful": 0,
        "prefetch useless": 0,
        "prefetch late": 0,
        "pf_useful_at_l2_from_l1":     312836,
        "pf_late_at_l2_from_l1":      33327,
        "pf_useless_at_l2_from_l1":     332146,
        "pf_at_l2_to_l1":        665,
        "pf_fill_this_level":     614542,
        "miss latency": 60.5446,
        "cache queues": {
          "PQ_ACCESS": 1550082,
          "PQ_FULL": 363557,
          "PQ_TO_CACHE": 1186525,
          "PQ_MERGED": 71,
          "RQ_ACCESS": 984153,
          "RQ_MERGED": 0,
          "RQ_FULL": 0,
          "WQ_ACCESS": 417560,
          "WQ_MERGED": 0,
          "WQ_FULL": 0
        }
      },
      "LLC": {
        "LOAD": {
          "hit": [84538],
          "miss": [254647]
        },
        "RFO": {
          "hit": [33202],
          "miss": [86888]
        },
        "PREFETCH": {
          "hit": [189611],
          "miss": [533238]
        },
        "WRITE": {
          "hit": [306538],
          "miss": [0]
        },
        "TRANSLATION": {
          "hit": [1880],
          "miss": [4398]
        },
        "mshr full": 0,
        "prefetch requested": 0,
        "prefetch issued": 0,
        "prefetch filled": 533236,
        "prefetch useful": 0,
        "prefetch useless": 0,
        "prefetch late": 0,
        "pf_useful_at_l2_from_l1":          0,
        "pf_late_at_l2_from_l1":          0,
        "pf_useless_at_l2_from_l1":          0,
        "pf_at_l2_to_l1":       9001,
        "pf_fill_this_level":          0,
        "miss latency": 84.3203,
        "cache queues": {
          "PQ_ACCESS": 722855,
          "PQ_FULL": 0,
          "PQ_TO_CACHE": 722855,
          "PQ_MERGED": 0,
          "RQ_ACCESS": 465559,
          "RQ_MERGED": 0,
          "RQ_FULL": 0,
          "WQ_ACCESS": 306566,
          "WQ_MERGED": 0,
          "WQ_FULL": 0
        }
      },
      "DRAM": [
        {
          "RQ ROW_BUFFER_HIT": 410104,
          "RQ ROW_BUFFER_MISS": 468756,
          "PQ FULL": 0,
          "WQ ROW_BUFFER_HIT": 14418,
          "WQ ROW_BUFFER_MISS": 201067,
          "WQ FULL": 0,
          "AVG DBUS CONGESTED CYCLE": 3.97493
        }
      ]

    },
    "sim": {
      "cores": [
        {
          "instructions": 20000002,
          "cycles": 47907350,
          "Avg ROB occupancy at mispredict": 16.7939, 
          "mispredict": {
            "BRANCH_DIRECT_JUMP": 61,
            "BRANCH_INDIRECT": 6,
            "BRANCH_CONDITIONAL": 695582,
            "BRANCH_DIRECT_CALL": 61,
            "BRANCH_INDIRECT_CALL": 28,
            "BRANCH_RETURN": 96
          }
        }
      ],
      "cpu0_L1I": {
        "LOAD": {
          "hit":695,
          "miss":483
        },
        "RFO": {
          "hit":0,
          "miss":0
        },
        "PREFETCH": {
          "hit":0,
          "miss":0
        },
        "WRITE": {
          "hit":0,
          "miss":0
        },
        "TRANSLATION": {
          "hit":0,
          "miss":0
        },
        "mshr full": 0,
        "prefetch requested": 0,
        "prefetch issued": 0,
        "prefetch filled": 0,
        "prefetch useful": 0,
        "prefetch useless": 0,
        "prefetch late": 0,
        "pf_useful_at_l2_from_l1":          0,
        "pf_late_at_l2_from_l1":          0,
        "pf_useless_at_l2_from_l1":          0,
        "pf_at_l2_to_l1":          0,
        "pf_fill_this_level":          0,
        "miss latency": 20.2283,
        "cache queues": {
          "PQ_ACCESS": 0,
          "PQ_FULL": 0,
          "PQ_TO_CACHE": 0,
          "PQ_MERGED": 0,
          "RQ_ACCESS": 1181,
          "RQ_MERGED": 3,
          "RQ_FULL": 0,
          "WQ_ACCESS": 0,
          "WQ_MERGED": 0,
          "WQ_FULL": 0
        }
      },
      "cpu0_ITLB": {
        "LOAD": {
          "hit":955,
          "miss":60
        },
        "RFO": {
          "hit":0,
          "miss":0
        },
        "PREFETCH": {
          "hit":0,
          "miss":0
        },
        "WRITE": {
          "hit":0,
          "miss":0
        },
        "TRANSLATION": {
          "hit":0,
          "miss":0
        },
        "mshr full": 0,
        "prefetch requested": 0,
        "prefetch issued": 0,
        "prefetch filled": 0,
        "prefetch useful": 0,
        "prefetch useless": 0,
        "prefetch late": 0,
        "pf_useful_at_l2_from_l1":          0,
        "pf_late_at_l2_from_l1":          0,
        "pf_useless_at_l2_from_l1":          0,
        "pf_at_l2_to_l1":          0,
        "pf_fill_this_level":          0,
        "miss latency": 19.123,
        "cache queues": {
          "PQ_ACCESS": 0,
          "PQ_FULL": 0,
          "PQ_TO_CACHE": 0,
          "PQ_MERGED": 0,
          "RQ_ACCESS": 1015,
          "RQ_MERGED": 0,
          "RQ_FULL": 0,
          "WQ_ACCESS": 0,
          "WQ_MERGED": 0,
          "WQ_FULL": 0
        }
      },
      "cpu0_DTLB": {
        "LOAD": {
          "hit":7000930,
          "miss":362851
        },
        "RFO": {
          "hit":0,
          "miss":0
        },
        "PREFETCH": {
          "hit":0,
          "miss":0
        },
        "WRITE": {
          "hit":0,
          "miss":0
        },
        "TRANSLATION": {
          "hit":0,
          "miss":0
        },
        "mshr full": 19800,
        "prefetch requested": 0,
        "prefetch issued": 0,
        "prefetch filled": 0,
        "prefetch useful": 0,
        "prefetch useless": 0,
        "prefetch late": 0,
        "pf_useful_at_l2_from_l1":          0,
        "pf_late_at_l2_from_l1":          0,
        "pf_useless_at_l2_from_l1":          0,
        "pf_at_l2_to_l1":          0,
        "pf_fill_this_level":          0,
        "miss latency": 1.13827,
        "cache queues": {
          "PQ_ACCESS": 0,
          "PQ_FULL": 0,
          "PQ_TO_CACHE": 0,
          "PQ_MERGED": 0,
          "RQ_ACCESS": 7859734,
          "RQ_MERGED": 0,
          "RQ_FULL": 495967,
          "WQ_ACCESS": 0,
          "WQ_MERGED": 0,
          "WQ_FULL": 0
        }
      },
      "cpu0_STLB": {
        "LOAD": {
          "hit":120726,
          "miss":15213
        },
        "RFO": {
          "hit":0,
          "miss":0
        },
        "PREFETCH": {
          "hit":0,
          "miss":0
        },
        "WRITE": {
          "hit":0,
          "miss":0
        },
        "TRANSLATION": {
          "hit":0,
          "miss":0
        },
        "mshr full": 0,
        "prefetch requested": 0,
        "prefetch issued": 0,
        "prefetch filled": 0,
        "prefetch useful": 0,
        "prefetch useless": 0,
        "prefetch late": 0,
        "pf_useful_at_l2_from_l1":          0,
        "pf_late_at_l2_from_l1":          0,
        "pf_useless_at_l2_from_l1":          0,
        "pf_at_l2_to_l1":          0,
        "pf_fill_this_level":          0,
        "miss latency": 22.6314,
        "cache queues": {
          "PQ_ACCESS": 0,
          "PQ_FULL": 0,
          "PQ_TO_CACHE": 0,
          "PQ_MERGED": 0,
          "RQ_ACCESS": 135939,
          "RQ_MERGED": 0,
          "RQ_FULL": 0,
          "WQ_ACCESS": 0,
          "WQ_MERGED": 0,
          "WQ_FULL": 0
        }
      },
      "cpu0_L1D": {
        "LOAD": {
          "hit":4485331,
          "miss":1643782
        },
        "RFO": {
          "hit":0,
          "miss":0
        },
        "PREFETCH": {
          "hit":109987,
          "miss":1221244
        },
        "WRITE": {
          "hit":779483,
          "miss":508564
        },
        "TRANSLATION": {
          "hit":5304,
          "miss":9849
        },
        "mshr full": 15265858,
        "prefetch requested": 1331347,
        "prefetch issued": 1331347,
        "prefetch filled": 71320,
        "prefetch useful": 76012,
        "prefetch useless": 1374,
        "prefetch late": 6065,
        "pf_useful_at_l2_from_l1":          0,
        "pf_late_at_l2_from_l1":          0,
        "pf_useless_at_l2_from_l1":          0,
        "pf_at_l2_to_l1":          0,
        "pf_fill_this_level":      71320,
        "miss latency": 9.46892,
        "cache queues": {
          "PQ_ACCESS": 1331347,
          "PQ_FULL": 0,
          "PQ_TO_CACHE": 1331347,
          "PQ_MERGED": 122,
          "RQ_ACCESS": 125777034,
          "RQ_MERGED": 4461,
          "RQ_FULL": 119643488,
          "WQ_ACCESS": 2015634,
          "WQ_MERGED": 0,
          "WQ_FULL": 727589
        }
      },
      "cpu0_L2C": {
        "LOAD": {
          "hit":467485,
          "miss":372512
        },
        "RFO": {
          "hit":14124,
          "miss":120096
        },
        "PREFETCH": {
          "hit":458434,
          "miss":727984
        },
        "WRITE": {
          "hit":417473,
          "miss":0
        },
        "TRANSLATION": {
          "hit":3571,
          "miss":6278
        },
        "mshr full": 3457204,
        "prefetch requested": 0,
        "prefetch issued": 0,
        "prefetch filled": 689526,
        "prefetch useful": 0,
        "prefetch useless": 0,
        "prefetch late": 0,
        "pf_useful_at_l2_from_l1":     312836,
        "pf_late_at_l2_from_l1":      33327,
        "pf_useless_at_l2_from_l1":     332146,
        "pf_at_l2_to_l1":        665,
        "pf_fill_this_level":     614542,
        "miss latency": 60.5446,
        "cache queues": {
          "PQ_ACCESS": 1550082,
          "PQ_FULL": 363557,
          "PQ_TO_CACHE": 1186525,
          "PQ_MERGED": 71,
          "RQ_ACCESS": 984153,
          "RQ_MERGED": 0,
          "RQ_FULL": 0,
          "WQ_ACCESS": 417560,
          "WQ_MERGED": 0,
          "WQ_FULL": 0
        }
      },
      "LLC": {
        "LOAD": {
          "hit": [84538],
          "miss": [254647]
        },
        "RFO": {
          "hit": [33202],
          "miss": [86888]
        },
        "PREFETCH": {
          "hit": [189611],
          "miss": [533238]
        },
        "WRITE": {
          "hit": [306538],
          "miss": [0]
        },
        "TRANSLATION": {
          "hit": [1880],
          "miss": [4398]
        },
        "mshr full": 0,
        "prefetch requested": 0,
        "prefetch issued": 0,
        "prefetch filled": 533236,
        "prefetch useful": 0,
        "prefetch useless": 0,
        "prefetch late": 0,
        "pf_useful_at_l2_from_l1":          0,
        "pf_late_at_l2_from_l1":          0,
        "pf_useless_at_l2_from_l1":          0,
        "pf_at_l2_to_l1":       9001,
        "pf_fill_this_level":          0,
        "miss latency": 84.3203,
        "cache queues": {
          "PQ_ACCESS": 722855,
          "PQ_FULL": 0,
          "PQ_TO_CACHE": 722855,
          "PQ_MERGED": 0,
          "RQ_ACCESS": 465559,
          "RQ_MERGED": 0,
          "RQ_FULL": 0,
          "WQ_ACCESS": 306566,
          "WQ_MERGED": 0,
          "WQ_FULL": 0
        }
      },
      "DRAM": [
        {
          "RQ ROW_BUFFER_HIT": 410104,
          "RQ ROW_BUFFER_MISS": 468756,
          "PQ FULL": 0,
          "WQ ROW_BUFFER_HIT": 14418,
          "WQ ROW_BUFFER_MISS": 201067,
          "WQ FULL": 0,
          "AVG DBUS CONGESTED CYCLE": 3.97493
        }
      ]

    }
  }
]
cpu0_ITLB
cpu0_DTLB
cpu0_STLB
Prefetch Request to L1: 82268, Prefetch Request to L2: 1249079
Invalid by Eviction: 62042
Invalid by Max: 77620
Filter table begin
 ┌────────────────────┬─────────────┐
 | Region             | Offset      |
 ├────────────────────┼─────────────┤
 | 0x0000000000001a20 | 30          |
 ├────────────────────┼─────────────┤
 | 0x0000000000001a0d | 4           |
 ├────────────────────┼─────────────┤
 | 0x0000000000003dd0 | 27          |
 ├────────────────────┼─────────────┤
 | 0x0000000000001a3a | 16          |
 ├────────────────────┼─────────────┤
 | 0x0000000000001a5f | 31          |
 ├────────────────────┼─────────────┤
 | 0x0000000000001aaa | 16          |
 ├────────────────────┼─────────────┤
 | 0x0000000000000235 | 15          |
 ├────────────────────┼─────────────┤
 | 0x0000000000001a2b | 21          |
 ├────────────────────┼─────────────┤
 | 0x0000000000003df7 | 29          |
 ├────────────────────┼─────────────┤
 | 0x0000000000001a5a | 20          |
 ├────────────────────┼─────────────┤
 | 0x0000000000001a65 | 0           |
 ├────────────────────┼─────────────┤
 | 0x0000000000001ab4 | 3           |
 ├────────────────────┼─────────────┤
 | 0x0000000000001aa6 | 3           |
 ├────────────────────┼─────────────┤
 | 0x0000000000001a48 | 5           |
 ├────────────────────┼─────────────┤
 | 0x0000000000001a24 | 23          |
 ├────────────────────┼─────────────┤
 | 0x0000000000001a5b | 26          |
 ├────────────────────┼─────────────┤
 | 0x0000000000001a64 | 0           |
 ├────────────────────┼─────────────┤
 | 0x0000000000001a49 | 31          |
 ├────────────────────┼─────────────┤
 | 0x0000000000001a25 | 3           |
 ├────────────────────┼─────────────┤
 | 0x0000000000001a02 | 18          |
 ├────────────────────┼─────────────┤
 | 0x0000000000003de0 | 13          |
 ├────────────────────┼─────────────┤
 | 0x0000000000003e3c | 25          |
 ├────────────────────┼─────────────┤
 | 0x0000000000001a42 | 29          |
 └────────────────────┴─────────────┘
Filter table end
Accumulation table begin
 ┌────────────────────┬─────────────┬─────────────┬──────────────────────────────────────────────────────────────────┐
 | Region             | Offset      | Second      | Pattern                                                          |
 ├────────────────────┼─────────────┼─────────────┼──────────────────────────────────────────────────────────────────┤
 | 0x0000000000001a45 | 24          | 11          | 1 0 0 0 0 0 0 0 0 1 1 1 1 1 0 0 0 0 0 0 0 0 1 1 1 1 0 0 0 0 0 0  |
 ├────────────────────┼─────────────┼─────────────┼──────────────────────────────────────────────────────────────────┤
 | 0x0000000000000780 | 0           | 1           | 1 1 1 1 1 1 1 1 1 1 1 1 1 1 1 1 1 0 0 0 0 0 0 0 0 0 0 0 0 0 0 0  |
 ├────────────────────┼─────────────┼─────────────┼──────────────────────────────────────────────────────────────────┤
 | 0x0000000000003de5 | 22          | 8           | 0 0 0 0 0 0 0 0 1 0 0 0 0 0 0 0 0 0 0 0 0 1 1 0 0 0 0 0 0 0 0 0  |
 ├────────────────────┼─────────────┼─────────────┼──────────────────────────────────────────────────────────────────┤
 | 0x0000000000003de9 | 10          | 22          | 0 0 0 0 0 0 0 0 0 0 1 0 0 0 0 0 0 0 0 0 0 0 1 0 0 0 0 0 0 0 0 0  |
 ├────────────────────┼─────────────┼─────────────┼──────────────────────────────────────────────────────────────────┤
 | 0x0000000000001a2a | 2           | 1           | 0 1 1 0 0 0 0 0 0 0 0 0 0 0 1 0 0 0 0 0 0 0 0 0 0 0 0 0 0 0 0 0  |
 ├────────────────────┼─────────────┼─────────────┼──────────────────────────────────────────────────────────────────┤
 | 0x0000000000001a43 | 25          | 24          | 1 1 0 0 0 0 0 0 0 0 1 1 1 1 1 0 0 0 0 0 0 0 0 1 1 1 1 1 0 0 0 0  |
 ├────────────────────┼─────────────┼─────────────┼──────────────────────────────────────────────────────────────────┤
 | 0x0000000000001a29 | 1           | 14          | 0 1 1 0 0 1 0 0 1 1 1 0 0 0 1 0 0 0 0 0 0 1 0 0 0 0 0 0 0 0 0 0  |
 ├────────────────────┼─────────────┼─────────────┼──────────────────────────────────────────────────────────────────┤
 | 0x0000000000001a46 | 5           | 18          | 0 0 0 1 1 1 1 0 0 0 0 0 0 0 0 1 1 1 1 1 0 0 0 0 0 0 0 0 0 1 1 1  |
 ├────────────────────┼─────────────┼─────────────┼──────────────────────────────────────────────────────────────────┤
 | 0x0000000000001a26 | 25          | 30          | 0 0 0 1 0 0 0 0 1 0 0 0 0 0 0 1 0 1 0 0 0 0 0 0 0 1 0 0 1 1 1 1  |
 ├────────────────────┼─────────────┼─────────────┼──────────────────────────────────────────────────────────────────┤
 | 0x0000000000001a0e | 23          | 29          | 1 0 0 0 0 0 0 0 0 0 0 0 0 1 0 0 0 0 0 0 0 0 0 1 0 0 1 1 0 1 0 0  |
 ├────────────────────┼─────────────┼─────────────┼──────────────────────────────────────────────────────────────────┤
 | 0x0000000000003dfb | 2           | 15          | 0 0 1 0 0 0 0 0 0 0 0 0 0 0 0 1 0 0 0 0 0 0 1 0 0 0 0 0 1 0 0 0  |
 ├────────────────────┼─────────────┼─────────────┼──────────────────────────────────────────────────────────────────┤
 | 0x0000000000003dd5 | 8           | 6           | 0 0 0 0 0 0 1 1 1 0 0 0 0 0 0 0 0 0 0 0 0 0 0 0 0 0 0 0 0 0 0 0  |
 ├────────────────────┼─────────────┼─────────────┼──────────────────────────────────────────────────────────────────┤
 | 0x0000000000003de6 | 15          | 16          | 0 1 1 1 1 1 1 0 0 0 0 0 0 0 1 1 1 1 1 0 0 0 0 0 0 0 1 1 1 1 0 0  |
 ├────────────────────┼─────────────┼─────────────┼──────────────────────────────────────────────────────────────────┤
 | 0x0000000000001a47 | 12          | 24          | 0 1 0 0 0 0 0 0 0 0 1 1 1 0 0 0 0 0 0 0 0 0 0 0 1 0 0 0 0 0 0 0  |
 ├────────────────────┼─────────────┼─────────────┼──────────────────────────────────────────────────────────────────┤
 | 0x0000000000003de8 | 3           | 15          | 0 1 1 1 1 0 0 0 0 0 0 0 0 1 1 1 0 1 0 0 0 0 0 0 0 0 0 1 0 1 0 0  |
 ├────────────────────┼─────────────┼─────────────┼──────────────────────────────────────────────────────────────────┤
 | 0x0000000000001a44 | 5           | 6           | 0 0 0 1 1 1 1 1 1 0 0 0 0 0 0 0 1 1 1 1 1 0 0 0 0 0 0 0 1 1 1 1  |
 ├────────────────────┼─────────────┼─────────────┼──────────────────────────────────────────────────────────────────┤
 | 0x0000000000001a2d | 11          | 21          | 0 0 0 0 0 0 0 0 1 1 0 1 0 0 0 0 0 0 0 0 0 1 0 0 0 0 0 0 0 0 0 0  |
 ├────────────────────┼─────────────┼─────────────┼──────────────────────────────────────────────────────────────────┤
 | 0x0000000000001a0f | 21          | 8           | 0 0 0 0 0 0 0 0 1 0 0 0 0 0 0 0 0 0 0 0 0 1 0 0 0 0 0 0 0 0 0 0  |
 ├────────────────────┼─────────────┼─────────────┼──────────────────────────────────────────────────────────────────┤
 | 0x000000000000077e | 16          | 17          | 0 0 0 0 0 0 0 0 0 0 0 0 0 0 0 0 1 1 0 0 0 0 0 0 0 0 0 0 0 0 0 0  |
 ├────────────────────┼─────────────┼─────────────┼──────────────────────────────────────────────────────────────────┤
 | 0x0000000000000784 | 0           | 1           | 1 1 0 0 0 0 0 0 0 0 0 0 0 0 0 0 0 0 0 0 0 0 0 0 0 0 0 0 0 0 0 0  |
 ├────────────────────┼─────────────┼─────────────┼──────────────────────────────────────────────────────────────────┤
 | 0x0000000000001a21 | 30          | 16          | 0 0 0 1 0 0 0 0 0 0 0 1 0 0 0 0 1 0 0 0 0 0 0 0 0 0 0 0 0 0 1 0  |
 ├────────────────────┼─────────────┼─────────────┼──────────────────────────────────────────────────────────────────┤
 | 0x0000000000003dd1 | 3           | 6           | 1 0 0 1 0 0 1 1 0 0 0 0 1 0 0 0 0 0 1 1 0 0 0 0 0 0 0 0 0 0 0 1  |
 ├────────────────────┼─────────────┼─────────────┼──────────────────────────────────────────────────────────────────┤
 | 0x0000000000001a11 | 14          | 9           | 0 1 0 0 0 0 0 0 0 1 0 0 0 0 1 0 0 0 0 0 0 0 0 0 0 0 0 0 0 0 0 0  |
 ├────────────────────┼─────────────┼─────────────┼──────────────────────────────────────────────────────────────────┤
 | 0x0000000000000782 | 24          | 25          | 0 0 0 0 0 0 0 0 0 0 0 0 0 0 0 0 0 0 0 0 0 0 0 0 1 1 1 1 1 1 0 0  |
 ├────────────────────┼─────────────┼─────────────┼──────────────────────────────────────────────────────────────────┤
 | 0x0000000000003de7 | 22          | 9           | 0 0 0 0 0 0 0 1 1 1 1 0 0 0 0 0 0 0 0 0 1 1 1 1 0 0 0 0 0 0 0 0  |
 ├────────────────────┼─────────────┼─────────────┼──────────────────────────────────────────────────────────────────┤
 | 0x0000000000001a63 | 30          | 25          | 0 0 0 0 0 0 0 0 0 0 0 0 0 0 0 0 0 0 0 0 0 0 0 0 0 1 0 0 0 0 1 0  |
 ├────────────────────┼─────────────┼─────────────┼──────────────────────────────────────────────────────────────────┤
 | 0x0000000000001a28 | 27          | 4           | 0 0 0 1 1 0 0 0 0 0 0 0 0 0 0 1 1 1 0 0 0 0 0 0 0 0 0 1 1 1 0 0  |
 ├────────────────────┼─────────────┼─────────────┼──────────────────────────────────────────────────────────────────┤
 | 0x0000000000001a27 | 9           | 22          | 0 1 0 0 0 0 0 1 1 1 1 1 1 0 0 0 0 0 0 0 0 1 1 1 0 0 0 0 1 0 0 1  |
 ├────────────────────┼─────────────┼─────────────┼──────────────────────────────────────────────────────────────────┤
 | 0x0000000000003dcf | 20          | 26          | 0 1 0 0 0 0 0 0 0 0 0 0 0 0 1 0 0 0 0 0 1 0 0 0 0 0 1 0 0 0 0 0  |
 └────────────────────┴─────────────┴─────────────┴──────────────────────────────────────────────────────────────────┘
Accumulation table end
Offset pattern table begin
 ┌────────────────────┬─────────────┬───────────────────────────────────────────────────────────────────────────────────┐
 | Key                | Second      | Pattern                                                                           |
 ├────────────────────┼─────────────┼───────────────────────────────────────────────────────────────────────────────────┤
 | 0x0000000000000000 | 5           | 29 18 16 13 12 13 13 12 12 11 13 13 16 16 16 11 8 10 8 7 5 6 6 7 8 9 7 7 7 3 3 3  |
 ├────────────────────┼─────────────┼───────────────────────────────────────────────────────────────────────────────────┤
 | 0x0000000000000001 | 7           | 19 6 1 3 4 2 0 1 2 1 2 2 4 5 6 1 1 1 0 0 1 3 1 0 1 4 3 1 2 1 2 3                  |
 ├────────────────────┼─────────────┼───────────────────────────────────────────────────────────────────────────────────┤
 | 0x0000000000000002 | 14          | 17 3 2 1 2 2 1 1 1 1 1 1 2 4 1 0 0 2 1 2 1 1 1 2 1 2 1 1 0 1 1 2                  |
 ├────────────────────┼─────────────┼───────────────────────────────────────────────────────────────────────────────────┤
 | 0x0000000000000003 | 4           | 23 8 3 2 1 2 2 4 2 1 3 1 5 4 3 2 2 1 2 1 3 2 3 2 2 4 3 2 1 1 1 4                  |
 ├────────────────────┼─────────────┼───────────────────────────────────────────────────────────────────────────────────┤
 | 0x0000000000000004 | 5           | 21 5 4 3 2 1 2 2 0 1 1 2 6 5 3 0 2 1 2 2 1 1 3 2 2 4 3 2 2 0 1 4                  |
 ├────────────────────┼─────────────┼───────────────────────────────────────────────────────────────────────────────────┤
 | 0x0000000000000005 | 12          | 24 6 3 3 4 2 2 2 2 2 3 5 5 4 4 2 3 3 2 3 2 1 2 3 3 4 3 1 2 2 3 6                  |
 ├────────────────────┼─────────────┼───────────────────────────────────────────────────────────────────────────────────┤
 | 0x0000000000000006 | 7           | 19 6 4 4 2 2 2 1 2 3 0 2 5 6 4 2 1 1 0 1 1 1 2 3 2 5 1 1 0 1 1 4                  |
 ├────────────────────┼─────────────┼───────────────────────────────────────────────────────────────────────────────────┤
 | 0x0000000000000007 | 18          | 28 7 5 2 2 1 3 1 4 3 3 2 4 5 2 3 1 1 1 2 1 2 1 0 3 1 1 0 1 1 3 5                  |
 ├────────────────────┼─────────────┼───────────────────────────────────────────────────────────────────────────────────┤
 | 0x0000000000000008 | 20          | 17 3 1 1 1 1 1 1 1 3 3 1 3 5 2 1 1 1 1 0 1 1 1 1 2 1 1 1 2 1 1 1                  |
 ├────────────────────┼─────────────┼───────────────────────────────────────────────────────────────────────────────────┤
 | 0x0000000000000009 | 10          | 24 5 5 2 2 2 2 1 2 3 1 3 2 8 2 2 0 1 1 1 1 1 3 3 0 2 2 3 1 1 1 3                  |
 ├────────────────────┼─────────────┼───────────────────────────────────────────────────────────────────────────────────┤
 | 0x000000000000000a | 9           | 24 8 2 2 3 1 2 3 2 3 2 6 6 4 1 2 2 2 2 4 3 1 1 2 1 0 3 1 2 4 6 5                  |
 ├────────────────────┼─────────────┼───────────────────────────────────────────────────────────────────────────────────┤
 | 0x000000000000000b | 12          | 24 5 3 6 3 2 2 3 3 2 3 3 3 4 5 4 1 2 1 2 1 1 3 5 1 2 1 2 2 1 3 7                  |
 ├────────────────────┼─────────────┼───────────────────────────────────────────────────────────────────────────────────┤
 | 0x000000000000000c | 13          | 16 5 2 3 3 2 1 1 1 1 1 2 3 3 2 1 2 1 1 1 2 2 2 3 1 2 0 0 0 1 0 3                  |
 ├────────────────────┼─────────────┼───────────────────────────────────────────────────────────────────────────────────┤
 | 0x000000000000000d | 19          | 16 4 2 2 2 1 1 1 1 1 1 2 3 4 3 2 1 1 1 0 2 2 1 0 1 1 0 0 1 0 1 0                  |
 ├────────────────────┼─────────────┼───────────────────────────────────────────────────────────────────────────────────┤
 | 0x000000000000000e | 25          | 28 9 4 6 3 5 3 3 2 1 1 2 5 11 2 2 1 3 2 2 4 1 2 2 3 1 1 2 1 2 3 2                 |
 ├────────────────────┼─────────────┼───────────────────────────────────────────────────────────────────────────────────┤
 | 0x000000000000000f | 16          | 23 6 4 4 2 2 1 1 1 1 1 3 3 6 3 2 2 1 2 1 1 2 1 2 2 2 1 1 2 2 1 3                  |
 ├────────────────────┼─────────────┼───────────────────────────────────────────────────────────────────────────────────┤
 | 0x0000000000000010 | 27          | 27 3 4 3 2 2 1 3 1 1 2 2 4 2 3 2 2 1 1 2 0 0 0 1 1 1 3 4 0 1 0 3                  |
 ├────────────────────┼─────────────┼───────────────────────────────────────────────────────────────────────────────────┤
 | 0x0000000000000011 | 18          | 27 11 6 7 10 4 3 3 2 2 2 4 4 8 3 0 1 3 1 1 3 6 4 5 1 3 3 1 1 1 2 1                |
 ├────────────────────┼─────────────┼───────────────────────────────────────────────────────────────────────────────────┤
 | 0x0000000000000012 | 12          | 19 7 4 4 1 1 1 1 1 1 2 3 4 2 0 1 1 0 3 2 0 0 1 1 1 0 0 0 1 1 1 3                  |
 ├────────────────────┼─────────────┼───────────────────────────────────────────────────────────────────────────────────┤
 | 0x0000000000000013 | 17          | 18 5 2 2 3 2 1 1 1 2 1 1 3 0 0 1 0 1 1 0 3 0 2 1 1 0 0 1 0 1 1 2                  |
 ├────────────────────┼─────────────┼───────────────────────────────────────────────────────────────────────────────────┤
 | 0x0000000000000014 | 21          | 23 9 6 3 2 2 3 2 2 2 4 1 0 1 1 3 1 0 0 5 3 1 1 2 1 0 1 0 2 1 2 2                  |
 ├────────────────────┼─────────────┼───────────────────────────────────────────────────────────────────────────────────┤
 | 0x0000000000000015 | 23          | 17 5 3 1 1 1 1 1 1 1 1 1 0 0 0 1 0 2 1 0 2 1 0 1 0 1 0 1 1 0 1 2                  |
 ├────────────────────┼─────────────┼───────────────────────────────────────────────────────────────────────────────────┤
 | 0x0000000000000016 | 6           | 24 9 6 4 4 2 2 3 2 4 2 0 3 1 1 1 2 0 2 4 2 3 1 0 1 1 2 1 3 2 3 3                  |
 ├────────────────────┼─────────────┼───────────────────────────────────────────────────────────────────────────────────┤
 | 0x0000000000000017 | 16          | 27 13 7 5 5 4 5 3 1 1 0 2 2 1 1 1 3 2 1 2 3 5 1 0 0 2 1 1 1 1 2 3                 |
 ├────────────────────┼─────────────┼───────────────────────────────────────────────────────────────────────────────────┤
 | 0x0000000000000018 | 28          | 20 8 3 3 3 4 2 3 2 1 3 1 2 2 1 2 0 1 1 2 2 2 1 3 2 1 0 0 1 0 0 2                  |
 ├────────────────────┼─────────────┼───────────────────────────────────────────────────────────────────────────────────┤
 | 0x0000000000000019 | 26          | 31 7 6 9 8 5 3 4 1 3 2 2 1 3 3 2 2 2 5 4 6 2 4 4 2 2 3 2 2 2 2 6                  |
 ├────────────────────┼─────────────┼───────────────────────────────────────────────────────────────────────────────────┤
 | 0x000000000000001a | 27          | 25 9 7 3 4 4 3 1 2 1 0 1 2 1 2 2 0 0 2 0 2 1 3 1 1 0 2 1 0 0 3 1                  |
 ├────────────────────┼─────────────┼───────────────────────────────────────────────────────────────────────────────────┤
 | 0x000000000000001b | 5           | 28 12 6 6 5 2 1 4 3 3 3 1 3 3 2 0 0 0 1 5 3 1 5 5 2 4 3 0 1 2 0 3                 |
 ├────────────────────┼─────────────┼───────────────────────────────────────────────────────────────────────────────────┤
 | 0x000000000000001c | 29          | 30 11 6 8 2 1 0 0 1 2 1 2 2 2 0 2 2 3 1 2 3 1 3 1 3 2 1 1 2 0 2 2                 |
 ├────────────────────┼─────────────┼───────────────────────────────────────────────────────────────────────────────────┤
 | 0x000000000000001d | 30          | 18 10 5 0 0 1 0 0 1 1 0 0 0 3 1 1 0 0 2 0 1 1 2 0 1 0 1 1 1 0 0 1                 |
 ├────────────────────┼─────────────┼───────────────────────────────────────────────────────────────────────────────────┤
 | 0x000000000000001e | 31          | 27 10 1 1 1 0 1 1 2 3 2 3 5 2 0 2 2 2 1 3 3 1 6 4 5 2 2 1 2 2 2 5                 |
 ├────────────────────┼─────────────┼───────────────────────────────────────────────────────────────────────────────────┤
 | 0x000000000000001f | 18          | 21 2 2 3 3 1 3 2 3 1 2 2 3 1 1 2 4 1 2 2 2 3 2 3 2 2 1 2 2 2 1 5                  |
 └────────────────────┴─────────────┴───────────────────────────────────────────────────────────────────────────────────┘
Offset pattern table end
PC pattern table begin
 ┌────────────────────┬─────────────┬──────────────────────────────────────────────────┐
 | Key                | Second      | Pattern                                          |
 ├────────────────────┼─────────────┼──────────────────────────────────────────────────┤
 | 0x0000000000000000 | 9           | 16 15 15 15 15 15 15 15 15 15 15 15 14 14 14 14  |
 ├────────────────────┼─────────────┼──────────────────────────────────────────────────┤
 | 0x0000000000000001 | 23          | 30 7 8 6 4 4 3 4 5 7 10 5 3 3 4 6                |
 ├────────────────────┼─────────────┼──────────────────────────────────────────────────┤
 | 0x0000000000000002 | 13          | 30 17 18 16 17 18 14 16 10 11 12 13 13 10 10 8   |
 ├────────────────────┼─────────────┼──────────────────────────────────────────────────┤
 | 0x0000000000000003 | 30          | 18 1 1 0 0 0 0 0 1 0 0 2 1 2 0 3                 |
 ├────────────────────┼─────────────┼──────────────────────────────────────────────────┤
 | 0x0000000000000004 | 27          | 24 4 2 5 4 5 2 3 2 4 4 4 5 3 5 3                 |
 ├────────────────────┼─────────────┼──────────────────────────────────────────────────┤
 | 0x0000000000000005 | 12          | 20 16 11 8 6 6 5 4 3 2 1 1 1 0 0 0               |
 ├────────────────────┼─────────────┼──────────────────────────────────────────────────┤
 | 0x0000000000000006 | 21          | 24 10 8 11 9 9 14 12 10 13 10 9 12 9 9 12        |
 ├────────────────────┼─────────────┼──────────────────────────────────────────────────┤
 | 0x0000000000000007 | 27          | 20 5 5 4 6 7 3 4 2 3 3 2 1 0 0 0                 |
 ├────────────────────┼─────────────┼──────────────────────────────────────────────────┤
 | 0x0000000000000008 | 21          | 28 8 9 8 7 6 8 8 8 7 6 6 6 7 5 10                |
 ├────────────────────┼─────────────┼──────────────────────────────────────────────────┤
 | 0x0000000000000009 | 18          | 28 7 5 3 3 2 8 6 3 4 3 4 4 4 3 4                 |
 ├────────────────────┼─────────────┼──────────────────────────────────────────────────┤
 | 0x000000000000000a | 5           | 18 14 5 2 1 1 1 1 1 1 0 0 0 0 0 0                |
 ├────────────────────┼─────────────┼──────────────────────────────────────────────────┤
 | 0x000000000000000b | 31          | 19 1 1 2 1 0 3 0 1 1 1 2 1 1 2 3                 |
 ├────────────────────┼─────────────┼──────────────────────────────────────────────────┤
 | 0x000000000000000c | 26          | 22 15 1 0 0 0 0 0 0 0 0 0 0 0 0 1                |
 ├────────────────────┼─────────────┼──────────────────────────────────────────────────┤
 | 0x000000000000000d | 19          | 30 7 3 2 2 4 1 4 1 2 3 1 5 6 4 6                 |
 ├────────────────────┼─────────────┼──────────────────────────────────────────────────┤
 | 0x000000000000000e | 2           | 16 13 8 7 7 7 7 7 5 5 4 4 2 2 3 3                |
 ├────────────────────┼─────────────┼──────────────────────────────────────────────────┤
 | 0x000000000000000f | 24          | 27 6 4 3 3 5 11 7 2 1 6 6 4 2 4 5                |
 ├────────────────────┼─────────────┼──────────────────────────────────────────────────┤
 | 0x0000000000000010 | 23          | 30 17 16 18 16 15 16 14 10 7 8 7 5 6 3 4         |
 ├────────────────────┼─────────────┼──────────────────────────────────────────────────┤
 | 0x0000000000000011 | 29          | 18 12 8 6 5 5 5 6 5 5 4 4 3 4 3 3                |
 ├────────────────────┼─────────────┼──────────────────────────────────────────────────┤
 | 0x0000000000000012 | 12          | 29 14 9 9 7 9 11 10 11 9 7 6 8 8 5 5             |
 ├────────────────────┼─────────────┼──────────────────────────────────────────────────┤
 | 0x0000000000000013 | 30          | 22 13 11 10 9 11 10 10 9 9 8 9 9 8 7 7           |
 ├────────────────────┼─────────────┼──────────────────────────────────────────────────┤
 | 0x0000000000000014 | 29          | 16 6 6 7 6 4 5 5 2 6 6 5 4 4 4 3                 |
 ├────────────────────┼─────────────┼──────────────────────────────────────────────────┤
 | 0x0000000000000015 | 11          | 25 7 3 4 3 5 8 5 1 8 4 5 7 4 2 8                 |
 ├────────────────────┼─────────────┼──────────────────────────────────────────────────┤
 | 0x0000000000000016 | 9           | 18 6 4 3 1 3 2 2 1 1 1 0 1 2 1 9                 |
 ├────────────────────┼─────────────┼──────────────────────────────────────────────────┤
 | 0x0000000000000017 | 3           | 31 12 13 13 19 20 15 12 17 17 15 15 17 18 22 22  |
 ├────────────────────┼─────────────┼──────────────────────────────────────────────────┤
 | 0x0000000000000018 | 19          | 22 3 6 4 4 5 4 7 6 5 3 3 2 1 4 5                 |
 ├────────────────────┼─────────────┼──────────────────────────────────────────────────┤
 | 0x0000000000000019 | 19          | 27 9 6 10 6 7 10 12 9 11 12 14 10 16 13 15       |
 ├────────────────────┼─────────────┼──────────────────────────────────────────────────┤
 | 0x000000000000001a | 26          | 29 6 6 8 7 5 7 5 5 13 9 6 8 7 6 13               |
 ├────────────────────┼─────────────┼──────────────────────────────────────────────────┤
 | 0x000000000000001b | 21          | 27 25 23 18 17 14 14 10 8 7 5 4 4 3 2 1          |
 ├────────────────────┼─────────────┼──────────────────────────────────────────────────┤
 | 0x000000000000001c | 20          | 26 19 17 17 17 16 18 18 16 18 17 16 18 16 15 15  |
 ├────────────────────┼─────────────┼──────────────────────────────────────────────────┤
 | 0x000000000000001d | 6           | 29 18 17 18 14 16 17 16 17 13 15 16 12 14 12 10  |
 ├────────────────────┼─────────────┼──────────────────────────────────────────────────┤
 | 0x000000000000001e | 2           | 23 20 19 19 19 19 19 20 20 20 20 20 20 20 20 21  |
 ├────────────────────┼─────────────┼──────────────────────────────────────────────────┤
 | 0x000000000000001f | 20          | 24 21 19 17 17 16 16 16 16 16 16 15 15 14 12 10  |
 └────────────────────┴─────────────┴──────────────────────────────────────────────────┘
PC pattern table end
Prefetch buffer begin
 ┌────────────────────┬──────────────────────────────────────────────────────────────────┐
 | Region             | Pattern                                                          |
 ├────────────────────┼──────────────────────────────────────────────────────────────────┤
 | 0x0000000000001a23 | 0 0 0 0 0 0 0 0 2 2 0 0 2 2 2 2 2 2 0 0 0 0 0 0 0 0 0 0 0 2 0 0  |
 ├────────────────────┼──────────────────────────────────────────────────────────────────┤
 | 0x0000000000001a40 | 2 2 2 2 2 0 0 0 0 0 0 2 2 2 2 0 0 0 0 0 0 0 0 0 0 0 0 0 0 0 0 0  |
 ├────────────────────┼──────────────────────────────────────────────────────────────────┤
 | 0x0000000000001a51 | 2 2 2 2 0 0 2 2 0 0 0 0 2 2 2 2 0 0 0 0 0 0 2 2 2 2 0 0 0 0 2 2  |
 ├────────────────────┼──────────────────────────────────────────────────────────────────┤
 | 0x0000000000001a62 | 2 2 0 0 0 0 0 0 0 0 0 0 0 0 0 0 0 0 0 0 0 0 0 0 0 0 0 0 0 0 0 0  |
 ├────────────────────┼──────────────────────────────────────────────────────────────────┤
 | 0x0000000000003dcd | 2 2 0 2 0 0 0 0 0 0 0 0 2 2 0 0 0 0 0 0 0 0 0 0 0 0 0 0 0 0 2 2  |
 ├────────────────────┼──────────────────────────────────────────────────────────────────┤
 | 0x0000000000001ab4 | 0 2 2 0 2 2 2 0 0 2 2 2 2 2 2 2 2 2 2 0 0 2 2 2 2 2 2 2 2 0 0 0  |
 ├────────────────────┼──────────────────────────────────────────────────────────────────┤
 | 0x0000000000001a22 | 2 2 2 2 0 0 0 0 0 0 0 0 0 0 0 2 0 0 0 0 2 2 2 2 2 2 0 0 0 0 2 2  |
 ├────────────────────┼──────────────────────────────────────────────────────────────────┤
 | 0x0000000000001a0f | 0 2 0 0 0 0 0 0 0 0 0 0 0 0 0 0 0 0 0 0 0 0 0 0 0 0 0 0 0 0 0 0  |
 ├────────────────────┼──────────────────────────────────────────────────────────────────┤
 | 0x0000000000003dfa | 0 0 0 0 0 2 2 0 2 2 0 0 0 0 0 0 0 0 0 0 0 0 0 0 0 0 0 0 0 0 0 0  |
 ├────────────────────┼──────────────────────────────────────────────────────────────────┤
 | 0x0000000000001a5a | 2 2 2 2 0 0 0 0 2 2 2 2 2 2 0 0 2 2 2 2 0 2 2 2 2 2 0 0 0 0 2 2  |
 ├────────────────────┼──────────────────────────────────────────────────────────────────┤
 | 0x0000000000003de4 | 0 0 0 0 0 0 0 2 2 0 0 0 0 0 0 2 0 0 0 0 0 0 0 0 0 0 0 0 0 0 0 0  |
 ├────────────────────┼──────────────────────────────────────────────────────────────────┤
 | 0x0000000000001a24 | 0 2 2 2 2 2 2 0 0 2 2 2 2 2 2 2 2 2 2 0 0 2 2 0 2 2 2 0 0 2 2 0  |
 ├────────────────────┼──────────────────────────────────────────────────────────────────┤
 | 0x0000000000001a42 | 2 0 0 0 0 0 0 2 2 2 2 2 2 0 0 0 0 2 2 2 2 0 0 0 0 2 2 2 0 0 0 0  |
 ├────────────────────┼──────────────────────────────────────────────────────────────────┤
 | 0x0000000000003df9 | 0 2 2 2 2 0 0 0 0 0 0 0 0 0 0 0 2 0 0 0 0 2 2 2 2 2 0 2 2 0 0 0  |
 ├────────────────────┼──────────────────────────────────────────────────────────────────┤
 | 0x0000000000001aa6 | 0 2 2 0 0 2 2 0 0 2 2 2 2 2 2 2 2 2 2 0 0 2 2 2 2 2 2 2 2 0 0 0  |
 ├────────────────────┼──────────────────────────────────────────────────────────────────┤
 | 0x0000000000001a48 | 0 0 0 0 0 0 0 0 0 0 0 0 0 0 0 2 2 2 2 2 2 0 0 2 2 2 2 2 2 2 2 2  |
 ├────────────────────┼──────────────────────────────────────────────────────────────────┤
 | 0x0000000000001a09 | 0 2 2 0 0 0 0 0 0 0 0 0 0 0 0 0 0 0 0 2 0 0 0 0 2 0 0 0 0 0 0 0  |
 ├────────────────────┼──────────────────────────────────────────────────────────────────┤
 | 0x0000000000003dd4 | 0 0 0 0 0 0 2 2 2 0 0 0 0 0 0 0 0 0 0 0 0 0 0 0 0 0 0 0 0 0 0 0  |
 ├────────────────────┼──────────────────────────────────────────────────────────────────┤
 | 0x0000000000001a2b | 2 2 2 2 2 0 0 0 0 2 2 2 0 0 0 0 0 0 0 0 0 0 0 0 0 0 0 0 0 0 0 2  |
 ├────────────────────┼──────────────────────────────────────────────────────────────────┤
 | 0x0000000000001a08 | 2 0 0 0 0 2 2 2 2 2 2 2 2 0 0 0 0 2 2 2 2 0 0 0 0 0 0 2 2 0 2 2  |
 ├────────────────────┼──────────────────────────────────────────────────────────────────┤
 | 0x0000000000001a64 | 0 0 0 0 0 0 2 2 2 2 2 2 2 2 2 2 2 2 2 2 2 2 2 2 2 2 2 2 0 0 2 2  |
 ├────────────────────┼──────────────────────────────────────────────────────────────────┤
 | 0x0000000000003dd0 | 2 0 0 0 0 0 0 0 0 0 0 0 0 0 0 0 0 0 0 0 0 0 0 0 0 0 0 0 0 0 0 0  |
 ├────────────────────┼──────────────────────────────────────────────────────────────────┤
 | 0x0000000000001a2a | 0 0 0 0 0 0 0 0 0 0 0 0 0 0 0 0 0 0 0 0 0 0 0 0 2 2 2 2 2 2 0 0  |
 ├────────────────────┼──────────────────────────────────────────────────────────────────┤
 | 0x0000000000001a02 | 0 0 0 0 0 0 0 0 0 0 0 0 0 0 0 0 0 0 0 2 2 2 0 0 0 0 0 0 0 0 2 2  |
 ├────────────────────┼──────────────────────────────────────────────────────────────────┤
 | 0x0000000000003dce | 0 0 0 0 0 0 0 2 2 0 0 0 0 0 0 0 0 0 0 0 0 0 0 0 0 2 2 0 2 2 2 0  |
 ├────────────────────┼──────────────────────────────────────────────────────────────────┤
 | 0x0000000000001a20 | 2 2 0 0 2 2 0 0 2 2 2 2 2 2 0 0 2 2 0 0 2 0 0 0 0 0 0 0 0 0 0 0  |
 ├────────────────────┼──────────────────────────────────────────────────────────────────┤
 | 0x0000000000001a25 | 0 0 0 0 0 0 0 0 0 0 0 0 0 0 0 0 2 2 2 0 0 0 0 2 2 2 2 0 0 0 0 0  |
 └────────────────────┴──────────────────────────────────────────────────────────────────┘
Prefetch buffer end
Filter by PPT: 0
cpu0_L2C
Num Con Filled: 0
Num Con Useful: 0 Useless:0 Accuracy: nan
LLC
