41 41 41
Available num physical pages: 35184372088576
WARNING: physical memory size is smaller than virtual memory size

*** ChampSim Multicore Out-of-Order Simulator ***

Warmup Instructions: 5000000
Simulation Instructions: 20000000
Number of CPUs: 1
Page size: 4096

Basic BTB sets: 1024 ways: 8 indirect buffer size: 4096 RAS size: 64
cpu0_L1D PMP prefetcher
Off-chip DRAM Size: 4 GiB Channels: 1 Width: 64-bit Data Rate: 3200 MT/s
Max paddr 3M
Warmup finished CPU 0 instructions: 5000001 cycles: 1250155 cumulative IPC: 3.99951 (Simulation time: 0 hr 2 min 48 sec) 

Warmup complete CPU 0 instructions: 5000001 cycles: 1250155 (Simulation time: 0 hr 2 min 48 sec) 

Heartbeat CPU 0 instructions: 10000003 cycles: 3093751 heartbeat IPC: 3.23233 cumulative IPC: 2.7121 (Simulation time: 0 hr 7 min 20 sec) 
Heartbeat CPU 0 instructions: 20000002 cycles: 6707389 heartbeat IPC: 2.7673 cumulative IPC: 2.74865 (Simulation time: 0 hr 16 min 1 sec) 
Max paddr 8M
Simulation finished CPU 0 instructions: 20000000 cycles: 7201426 cumulative IPC: 2.77723 (Simulation time: 0 hr 18 min 21 sec) 

Simulation complete CPU 0 instructions: 20000000 cycles: 7201426 (Simulation time: 0 hr 18 min 21 sec) 


ChampSim completed all CPUs

[
  {
    "name": "Simulation",
    "traces": [
      "../traces/437.leslie3d-232B.champsimtrace.xz"
    ],
    "roi": {
      "cores": [
        {
          "instructions": 20000000,
          "cycles": 7201426,
          "Avg ROB occupancy at mispredict": 332.576, 
          "mispredict": {
            "BRANCH_DIRECT_JUMP": 0,
            "BRANCH_INDIRECT": 0,
            "BRANCH_CONDITIONAL": 4671,
            "BRANCH_DIRECT_CALL": 0,
            "BRANCH_INDIRECT_CALL": 0,
            "BRANCH_RETURN": 0
          }
        }
      ],
      "cpu0_L1I": {
        "LOAD": {
          "hit":4,
          "miss":0
        },
        "RFO": {
          "hit":0,
          "miss":0
        },
        "PREFETCH": {
          "hit":0,
          "miss":0
        },
        "WRITE": {
          "hit":0,
          "miss":0
        },
        "TRANSLATION": {
          "hit":0,
          "miss":0
        },
        "mshr full": 0,
        "prefetch requested": 0,
        "prefetch issued": 0,
        "prefetch filled": 0,
        "prefetch useful": 0,
        "prefetch useless": 0,
        "prefetch late": 0,
        "pf_useful_at_l2_from_l1":          0,
        "pf_late_at_l2_from_l1":          0,
        "pf_useless_at_l2_from_l1":          0,
        "pf_at_l2_to_l1":          0,
        "pf_fill_this_level":          0,
        "miss latency": null,
        "cache queues": {
          "PQ_ACCESS": 0,
          "PQ_FULL": 0,
          "PQ_TO_CACHE": 0,
          "PQ_MERGED": 0,
          "RQ_ACCESS": 4,
          "RQ_MERGED": 0,
          "RQ_FULL": 0,
          "WQ_ACCESS": 0,
          "WQ_MERGED": 0,
          "WQ_FULL": 0
        }
      },
      "cpu0_ITLB": {
        "LOAD": {
          "hit":4,
          "miss":0
        },
        "RFO": {
          "hit":0,
          "miss":0
        },
        "PREFETCH": {
          "hit":0,
          "miss":0
        },
        "WRITE": {
          "hit":0,
          "miss":0
        },
        "TRANSLATION": {
          "hit":0,
          "miss":0
        },
        "mshr full": 0,
        "prefetch requested": 0,
        "prefetch issued": 0,
        "prefetch filled": 0,
        "prefetch useful": 0,
        "prefetch useless": 0,
        "prefetch late": 0,
        "pf_useful_at_l2_from_l1":          0,
        "pf_late_at_l2_from_l1":          0,
        "pf_useless_at_l2_from_l1":          0,
        "pf_at_l2_to_l1":          0,
        "pf_fill_this_level":          0,
        "miss latency": null,
        "cache queues": {
          "PQ_ACCESS": 0,
          "PQ_FULL": 0,
          "PQ_TO_CACHE": 0,
          "PQ_MERGED": 0,
          "RQ_ACCESS": 4,
          "RQ_MERGED": 0,
          "RQ_FULL": 0,
          "WQ_ACCESS": 0,
          "WQ_MERGED": 0,
          "WQ_FULL": 0
        }
      },
      "cpu0_DTLB": {
        "LOAD": {
          "hit":8292989,
          "miss":18362
        },
        "RFO": {
          "hit":0,
          "miss":0
        },
        "PREFETCH": {
          "hit":0,
          "miss":0
        },
        "WRITE": {
          "hit":0,
          "miss":0
        },
        "TRANSLATION": {
          "hit":0,
          "miss":0
        },
        "mshr full": 4,
        "prefetch requested": 0,
        "prefetch issued": 0,
        "prefetch filled": 0,
        "prefetch useful": 0,
        "prefetch useless": 0,
        "prefetch late": 0,
        "pf_useful_at_l2_from_l1":          0,
        "pf_late_at_l2_from_l1":          0,
        "pf_useless_at_l2_from_l1":          0,
        "pf_at_l2_to_l1":          0,
        "pf_fill_this_level":          0,
        "miss latency": 1.18854,
        "cache queues": {
          "PQ_ACCESS": 0,
          "PQ_FULL": 0,
          "PQ_TO_CACHE": 0,
          "PQ_MERGED": 0,
          "RQ_ACCESS": 8585009,
          "RQ_MERGED": 0,
          "RQ_FULL": 273659,
          "WQ_ACCESS": 0,
          "WQ_MERGED": 0,
          "WQ_FULL": 0
        }
      },
      "cpu0_STLB": {
        "LOAD": {
          "hit":2987,
          "miss":1345
        },
        "RFO": {
          "hit":0,
          "miss":0
        },
        "PREFETCH": {
          "hit":0,
          "miss":0
        },
        "WRITE": {
          "hit":0,
          "miss":0
        },
        "TRANSLATION": {
          "hit":0,
          "miss":0
        },
        "mshr full": 0,
        "prefetch requested": 0,
        "prefetch issued": 0,
        "prefetch filled": 0,
        "prefetch useful": 0,
        "prefetch useless": 0,
        "prefetch late": 0,
        "pf_useful_at_l2_from_l1":          0,
        "pf_late_at_l2_from_l1":          0,
        "pf_useless_at_l2_from_l1":          0,
        "pf_at_l2_to_l1":          0,
        "pf_fill_this_level":          0,
        "miss latency": 14.5516,
        "cache queues": {
          "PQ_ACCESS": 0,
          "PQ_FULL": 0,
          "PQ_TO_CACHE": 0,
          "PQ_MERGED": 0,
          "RQ_ACCESS": 4332,
          "RQ_MERGED": 0,
          "RQ_FULL": 0,
          "WQ_ACCESS": 0,
          "WQ_MERGED": 0,
          "WQ_FULL": 0
        }
      },
      "cpu0_L1D": {
        "LOAD": {
          "hit":7411770,
          "miss":248070
        },
        "RFO": {
          "hit":0,
          "miss":0
        },
        "PREFETCH": {
          "hit":87179,
          "miss":206430
        },
        "WRITE": {
          "hit":669511,
          "miss":137576
        },
        "TRANSLATION": {
          "hit":472,
          "miss":874
        },
        "mshr full": 70680,
        "prefetch requested": 294240,
        "prefetch issued": 294240,
        "prefetch filled": 103387,
        "prefetch useful": 103858,
        "prefetch useless": 9305,
        "prefetch late": 9730,
        "pf_useful_at_l2_from_l1":          0,
        "pf_late_at_l2_from_l1":          0,
        "pf_useless_at_l2_from_l1":          0,
        "pf_at_l2_to_l1":         93,
        "pf_fill_this_level":     103191,
        "miss latency": 6.31345,
        "cache queues": {
          "PQ_ACCESS": 294240,
          "PQ_FULL": 0,
          "PQ_TO_CACHE": 294240,
          "PQ_MERGED": 620,
          "RQ_ACCESS": 8090871,
          "RQ_MERGED": 162,
          "RQ_FULL": 430865,
          "WQ_ACCESS": 807087,
          "WQ_MERGED": 0,
          "WQ_FULL": 0
        }
      },
      "cpu0_L2C": {
        "LOAD": {
          "hit":55078,
          "miss":22209
        },
        "RFO": {
          "hit":18115,
          "miss":13337
        },
        "PREFETCH": {
          "hit":83004,
          "miss":115414
        },
        "WRITE": {
          "hit":52784,
          "miss":0
        },
        "TRANSLATION": {
          "hit":791,
          "miss":83
        },
        "mshr full": 29757,
        "prefetch requested": 0,
        "prefetch issued": 0,
        "prefetch filled": 114174,
        "prefetch useful": 0,
        "prefetch useless": 0,
        "prefetch late": 0,
        "pf_useful_at_l2_from_l1":      22220,
        "pf_late_at_l2_from_l1":        898,
        "pf_useless_at_l2_from_l1":        851,
        "pf_at_l2_to_l1":       8486,
        "pf_fill_this_level":      30791,
        "miss latency": 46.9922,
        "cache queues": {
          "PQ_ACCESS": 201805,
          "PQ_FULL": 3375,
          "PQ_TO_CACHE": 198430,
          "PQ_MERGED": 0,
          "RQ_ACCESS": 109674,
          "RQ_MERGED": 0,
          "RQ_FULL": 0,
          "WQ_ACCESS": 52784,
          "WQ_MERGED": 0,
          "WQ_FULL": 0
        }
      },
      "LLC": {
        "LOAD": {
          "hit": [1410],
          "miss": [19901]
        },
        "RFO": {
          "hit": [4502],
          "miss": [8835]
        },
        "PREFETCH": {
          "hit": [8048],
          "miss": [107024]
        },
        "WRITE": {
          "hit": [30530],
          "miss": [0]
        },
        "TRANSLATION": {
          "hit": [1],
          "miss": [82]
        },
        "mshr full": 0,
        "prefetch requested": 0,
        "prefetch issued": 0,
        "prefetch filled": 107024,
        "prefetch useful": 0,
        "prefetch useless": 0,
        "prefetch late": 0,
        "pf_useful_at_l2_from_l1":          0,
        "pf_late_at_l2_from_l1":          0,
        "pf_useless_at_l2_from_l1":          0,
        "pf_at_l2_to_l1":        985,
        "pf_fill_this_level":          0,
        "miss latency": 49.5343,
        "cache queues": {
          "PQ_ACCESS": 115072,
          "PQ_FULL": 0,
          "PQ_TO_CACHE": 115072,
          "PQ_MERGED": 0,
          "RQ_ACCESS": 34731,
          "RQ_MERGED": 0,
          "RQ_FULL": 0,
          "WQ_ACCESS": 30557,
          "WQ_MERGED": 0,
          "WQ_FULL": 0
        }
      },
      "DRAM": [
        {
          "RQ ROW_BUFFER_HIT": 72500,
          "RQ ROW_BUFFER_MISS": 63332,
          "PQ FULL": 0,
          "WQ ROW_BUFFER_HIT": 5878,
          "WQ ROW_BUFFER_MISS": 20732,
          "WQ FULL": 0,
          "AVG DBUS CONGESTED CYCLE": 3.9613
        }
      ]

    },
    "sim": {
      "cores": [
        {
          "instructions": 20000000,
          "cycles": 7201426,
          "Avg ROB occupancy at mispredict": 332.576, 
          "mispredict": {
            "BRANCH_DIRECT_JUMP": 0,
            "BRANCH_INDIRECT": 0,
            "BRANCH_CONDITIONAL": 4671,
            "BRANCH_DIRECT_CALL": 0,
            "BRANCH_INDIRECT_CALL": 0,
            "BRANCH_RETURN": 0
          }
        }
      ],
      "cpu0_L1I": {
        "LOAD": {
          "hit":4,
          "miss":0
        },
        "RFO": {
          "hit":0,
          "miss":0
        },
        "PREFETCH": {
          "hit":0,
          "miss":0
        },
        "WRITE": {
          "hit":0,
          "miss":0
        },
        "TRANSLATION": {
          "hit":0,
          "miss":0
        },
        "mshr full": 0,
        "prefetch requested": 0,
        "prefetch issued": 0,
        "prefetch filled": 0,
        "prefetch useful": 0,
        "prefetch useless": 0,
        "prefetch late": 0,
        "pf_useful_at_l2_from_l1":          0,
        "pf_late_at_l2_from_l1":          0,
        "pf_useless_at_l2_from_l1":          0,
        "pf_at_l2_to_l1":          0,
        "pf_fill_this_level":          0,
        "miss latency": null,
        "cache queues": {
          "PQ_ACCESS": 0,
          "PQ_FULL": 0,
          "PQ_TO_CACHE": 0,
          "PQ_MERGED": 0,
          "RQ_ACCESS": 4,
          "RQ_MERGED": 0,
          "RQ_FULL": 0,
          "WQ_ACCESS": 0,
          "WQ_MERGED": 0,
          "WQ_FULL": 0
        }
      },
      "cpu0_ITLB": {
        "LOAD": {
          "hit":4,
          "miss":0
        },
        "RFO": {
          "hit":0,
          "miss":0
        },
        "PREFETCH": {
          "hit":0,
          "miss":0
        },
        "WRITE": {
          "hit":0,
          "miss":0
        },
        "TRANSLATION": {
          "hit":0,
          "miss":0
        },
        "mshr full": 0,
        "prefetch requested": 0,
        "prefetch issued": 0,
        "prefetch filled": 0,
        "prefetch useful": 0,
        "prefetch useless": 0,
        "prefetch late": 0,
        "pf_useful_at_l2_from_l1":          0,
        "pf_late_at_l2_from_l1":          0,
        "pf_useless_at_l2_from_l1":          0,
        "pf_at_l2_to_l1":          0,
        "pf_fill_this_level":          0,
        "miss latency": null,
        "cache queues": {
          "PQ_ACCESS": 0,
          "PQ_FULL": 0,
          "PQ_TO_CACHE": 0,
          "PQ_MERGED": 0,
          "RQ_ACCESS": 4,
          "RQ_MERGED": 0,
          "RQ_FULL": 0,
          "WQ_ACCESS": 0,
          "WQ_MERGED": 0,
          "WQ_FULL": 0
        }
      },
      "cpu0_DTLB": {
        "LOAD": {
          "hit":8292989,
          "miss":18362
        },
        "RFO": {
          "hit":0,
          "miss":0
        },
        "PREFETCH": {
          "hit":0,
          "miss":0
        },
        "WRITE": {
          "hit":0,
          "miss":0
        },
        "TRANSLATION": {
          "hit":0,
          "miss":0
        },
        "mshr full": 4,
        "prefetch requested": 0,
        "prefetch issued": 0,
        "prefetch filled": 0,
        "prefetch useful": 0,
        "prefetch useless": 0,
        "prefetch late": 0,
        "pf_useful_at_l2_from_l1":          0,
        "pf_late_at_l2_from_l1":          0,
        "pf_useless_at_l2_from_l1":          0,
        "pf_at_l2_to_l1":          0,
        "pf_fill_this_level":          0,
        "miss latency": 1.18854,
        "cache queues": {
          "PQ_ACCESS": 0,
          "PQ_FULL": 0,
          "PQ_TO_CACHE": 0,
          "PQ_MERGED": 0,
          "RQ_ACCESS": 8585009,
          "RQ_MERGED": 0,
          "RQ_FULL": 273659,
          "WQ_ACCESS": 0,
          "WQ_MERGED": 0,
          "WQ_FULL": 0
        }
      },
      "cpu0_STLB": {
        "LOAD": {
          "hit":2987,
          "miss":1345
        },
        "RFO": {
          "hit":0,
          "miss":0
        },
        "PREFETCH": {
          "hit":0,
          "miss":0
        },
        "WRITE": {
          "hit":0,
          "miss":0
        },
        "TRANSLATION": {
          "hit":0,
          "miss":0
        },
        "mshr full": 0,
        "prefetch requested": 0,
        "prefetch issued": 0,
        "prefetch filled": 0,
        "prefetch useful": 0,
        "prefetch useless": 0,
        "prefetch late": 0,
        "pf_useful_at_l2_from_l1":          0,
        "pf_late_at_l2_from_l1":          0,
        "pf_useless_at_l2_from_l1":          0,
        "pf_at_l2_to_l1":          0,
        "pf_fill_this_level":          0,
        "miss latency": 14.5516,
        "cache queues": {
          "PQ_ACCESS": 0,
          "PQ_FULL": 0,
          "PQ_TO_CACHE": 0,
          "PQ_MERGED": 0,
          "RQ_ACCESS": 4332,
          "RQ_MERGED": 0,
          "RQ_FULL": 0,
          "WQ_ACCESS": 0,
          "WQ_MERGED": 0,
          "WQ_FULL": 0
        }
      },
      "cpu0_L1D": {
        "LOAD": {
          "hit":7411770,
          "miss":248070
        },
        "RFO": {
          "hit":0,
          "miss":0
        },
        "PREFETCH": {
          "hit":87179,
          "miss":206430
        },
        "WRITE": {
          "hit":669511,
          "miss":137576
        },
        "TRANSLATION": {
          "hit":472,
          "miss":874
        },
        "mshr full": 70680,
        "prefetch requested": 294240,
        "prefetch issued": 294240,
        "prefetch filled": 103387,
        "prefetch useful": 103858,
        "prefetch useless": 9305,
        "prefetch late": 9730,
        "pf_useful_at_l2_from_l1":          0,
        "pf_late_at_l2_from_l1":          0,
        "pf_useless_at_l2_from_l1":          0,
        "pf_at_l2_to_l1":         93,
        "pf_fill_this_level":     103191,
        "miss latency": 6.31345,
        "cache queues": {
          "PQ_ACCESS": 294240,
          "PQ_FULL": 0,
          "PQ_TO_CACHE": 294240,
          "PQ_MERGED": 620,
          "RQ_ACCESS": 8090871,
          "RQ_MERGED": 162,
          "RQ_FULL": 430865,
          "WQ_ACCESS": 807087,
          "WQ_MERGED": 0,
          "WQ_FULL": 0
        }
      },
      "cpu0_L2C": {
        "LOAD": {
          "hit":55078,
          "miss":22209
        },
        "RFO": {
          "hit":18115,
          "miss":13337
        },
        "PREFETCH": {
          "hit":83004,
          "miss":115414
        },
        "WRITE": {
          "hit":52784,
          "miss":0
        },
        "TRANSLATION": {
          "hit":791,
          "miss":83
        },
        "mshr full": 29757,
        "prefetch requested": 0,
        "prefetch issued": 0,
        "prefetch filled": 114174,
        "prefetch useful": 0,
        "prefetch useless": 0,
        "prefetch late": 0,
        "pf_useful_at_l2_from_l1":      22220,
        "pf_late_at_l2_from_l1":        898,
        "pf_useless_at_l2_from_l1":        851,
        "pf_at_l2_to_l1":       8486,
        "pf_fill_this_level":      30791,
        "miss latency": 46.9922,
        "cache queues": {
          "PQ_ACCESS": 201805,
          "PQ_FULL": 3375,
          "PQ_TO_CACHE": 198430,
          "PQ_MERGED": 0,
          "RQ_ACCESS": 109674,
          "RQ_MERGED": 0,
          "RQ_FULL": 0,
          "WQ_ACCESS": 52784,
          "WQ_MERGED": 0,
          "WQ_FULL": 0
        }
      },
      "LLC": {
        "LOAD": {
          "hit": [1410],
          "miss": [19901]
        },
        "RFO": {
          "hit": [4502],
          "miss": [8835]
        },
        "PREFETCH": {
          "hit": [8048],
          "miss": [107024]
        },
        "WRITE": {
          "hit": [30530],
          "miss": [0]
        },
        "TRANSLATION": {
          "hit": [1],
          "miss": [82]
        },
        "mshr full": 0,
        "prefetch requested": 0,
        "prefetch issued": 0,
        "prefetch filled": 107024,
        "prefetch useful": 0,
        "prefetch useless": 0,
        "prefetch late": 0,
        "pf_useful_at_l2_from_l1":          0,
        "pf_late_at_l2_from_l1":          0,
        "pf_useless_at_l2_from_l1":          0,
        "pf_at_l2_to_l1":        985,
        "pf_fill_this_level":          0,
        "miss latency": 49.5343,
        "cache queues": {
          "PQ_ACCESS": 115072,
          "PQ_FULL": 0,
          "PQ_TO_CACHE": 115072,
          "PQ_MERGED": 0,
          "RQ_ACCESS": 34731,
          "RQ_MERGED": 0,
          "RQ_FULL": 0,
          "WQ_ACCESS": 30557,
          "WQ_MERGED": 0,
          "WQ_FULL": 0
        }
      },
      "DRAM": [
        {
          "RQ ROW_BUFFER_HIT": 72500,
          "RQ ROW_BUFFER_MISS": 63332,
          "PQ FULL": 0,
          "WQ ROW_BUFFER_HIT": 5878,
          "WQ ROW_BUFFER_MISS": 20732,
          "WQ FULL": 0,
          "AVG DBUS CONGESTED CYCLE": 3.9613
        }
      ]

    }
  }
]
cpu0_ITLB
cpu0_DTLB
cpu0_STLB
Prefetch Request to L1: 160814, Prefetch Request to L2: 133426
Invalid by Eviction: 24235
Invalid by Max: 2446
Filter table begin
 ┌────────────────────┬─────────────┐
 | Region             | Offset      |
 ├────────────────────┼─────────────┤
 | 0x0000000000000f6f | 31          |
 ├────────────────────┼─────────────┤
 | 0x000000000000028b | 31          |
 ├────────────────────┼─────────────┤
 | 0x0000000000000a54 | 31          |
 ├────────────────────┼─────────────┤
 | 0x0000000000000f53 | 31          |
 ├────────────────────┼─────────────┤
 | 0x00000000000011a7 | 31          |
 ├────────────────────┼─────────────┤
 | 0x0000000000000a5a | 31          |
 ├────────────────────┼─────────────┤
 | 0x00000000000005be | 0           |
 ├────────────────────┼─────────────┤
 | 0x0000000000000734 | 31          |
 ├────────────────────┼─────────────┤
 | 0x0000000000000a74 | 31          |
 ├────────────────────┼─────────────┤
 | 0x0000000000000a43 | 31          |
 └────────────────────┴─────────────┘
Filter table end
Accumulation table begin
 ┌────────────────────┬─────────────┬─────────────┬──────────────────────────────────────────────────────────────────┐
 | Region             | Offset      | Second      | Pattern                                                          |
 ├────────────────────┼─────────────┼─────────────┼──────────────────────────────────────────────────────────────────┤
 | 0x0000000000000251 | 27          | 28          | 0 0 0 0 0 0 0 0 0 0 0 0 0 0 0 0 0 0 0 0 0 0 0 0 0 0 0 1 1 1 0 0  |
 ├────────────────────┼─────────────┼─────────────┼──────────────────────────────────────────────────────────────────┤
 | 0x0000000000000215 | 13          | 14          | 0 1 0 0 0 0 0 1 1 0 0 0 0 1 1 1 0 1 1 0 0 1 1 1 1 1 1 1 1 1 1 1  |
 ├────────────────────┼─────────────┼─────────────┼──────────────────────────────────────────────────────────────────┤
 | 0x000000000000022c | 14          | 12          | 0 0 0 0 0 0 0 0 0 0 0 1 1 1 1 1 1 1 1 0 0 0 0 0 0 0 0 0 0 0 0 0  |
 ├────────────────────┼─────────────┼─────────────┼──────────────────────────────────────────────────────────────────┤
 | 0x000000000000047f | 25          | 26          | 0 0 0 0 0 0 0 0 0 0 0 0 0 0 0 0 0 0 0 0 0 0 0 0 0 1 1 1 0 0 0 0  |
 ├────────────────────┼─────────────┼─────────────┼──────────────────────────────────────────────────────────────────┤
 | 0x0000000000000254 | 16          | 31          | 0 0 0 0 0 0 0 0 0 0 0 0 0 0 0 0 1 1 1 0 0 0 0 0 0 0 0 0 0 0 0 1  |
 ├────────────────────┼─────────────┼─────────────┼──────────────────────────────────────────────────────────────────┤
 | 0x00000000000011de | 0           | 1           | 1 1 1 0 0 0 0 0 0 0 0 0 0 0 0 0 0 0 0 0 0 0 0 0 0 0 0 0 0 0 0 0  |
 ├────────────────────┼─────────────┼─────────────┼──────────────────────────────────────────────────────────────────┤
 | 0x00000000000004ea | 16          | 17          | 0 0 0 0 0 0 0 0 0 0 0 0 0 0 0 0 1 1 1 0 0 0 0 0 0 0 0 0 0 0 0 0  |
 ├────────────────────┼─────────────┼─────────────┼──────────────────────────────────────────────────────────────────┤
 | 0x00000000000006a5 | 3           | 4           | 0 0 0 1 1 1 1 1 1 1 1 1 1 1 1 1 1 1 1 0 0 0 0 0 0 0 0 0 0 0 0 0  |
 ├────────────────────┼─────────────┼─────────────┼──────────────────────────────────────────────────────────────────┤
 | 0x0000000000000699 | 2           | 3           | 0 0 1 1 1 1 1 1 1 1 1 1 1 1 1 1 1 1 0 0 0 0 0 0 0 0 0 0 0 0 0 0  |
 ├────────────────────┼─────────────┼─────────────┼──────────────────────────────────────────────────────────────────┤
 | 0x0000000000000553 | 7           | 8           | 0 0 0 0 0 0 0 1 1 1 0 0 0 0 0 0 0 0 0 0 0 0 0 0 0 0 0 0 0 0 0 0  |
 ├────────────────────┼─────────────┼─────────────┼──────────────────────────────────────────────────────────────────┤
 | 0x00000000000011bd | 3           | 19          | 0 0 0 1 1 1 0 0 0 0 0 0 0 0 0 0 0 0 0 1 1 1 0 0 0 0 0 0 0 0 0 0  |
 ├────────────────────┼─────────────┼─────────────┼──────────────────────────────────────────────────────────────────┤
 | 0x00000000000011c5 | 29          | 13          | 0 0 0 0 0 0 0 0 0 0 0 0 0 1 1 1 0 0 0 0 0 0 0 0 0 0 0 0 0 1 1 1  |
 ├────────────────────┼─────────────┼─────────────┼──────────────────────────────────────────────────────────────────┤
 | 0x00000000000006a3 | 3           | 4           | 0 0 0 1 1 1 1 1 1 1 1 1 1 1 1 1 1 1 1 0 0 0 0 0 0 0 0 0 0 0 0 0  |
 ├────────────────────┼─────────────┼─────────────┼──────────────────────────────────────────────────────────────────┤
 | 0x0000000000000252 | 25          | 10          | 0 0 0 0 0 0 0 0 0 0 1 1 1 0 0 0 0 0 0 0 0 0 0 0 0 1 1 1 0 0 0 0  |
 ├────────────────────┼─────────────┼─────────────┼──────────────────────────────────────────────────────────────────┤
 | 0x00000000000011c3 | 3           | 19          | 0 0 0 1 1 1 1 1 1 1 1 1 1 1 1 1 1 1 1 1 1 1 1 1 1 1 1 1 1 1 1 1  |
 ├────────────────────┼─────────────┼─────────────┼──────────────────────────────────────────────────────────────────┤
 | 0x000000000000025d | 18          | 3           | 0 0 0 1 1 0 0 0 0 0 0 0 0 0 0 0 0 0 1 1 1 0 0 0 0 0 0 0 0 0 0 0  |
 ├────────────────────┼─────────────┼─────────────┼──────────────────────────────────────────────────────────────────┤
 | 0x00000000000011bf | 3           | 19          | 0 0 0 1 1 1 0 0 0 0 0 0 0 0 0 0 0 0 0 1 1 1 0 0 0 0 0 0 0 0 0 0  |
 ├────────────────────┼─────────────┼─────────────┼──────────────────────────────────────────────────────────────────┤
 | 0x00000000000011da | 0           | 1           | 1 1 1 0 0 0 0 0 0 0 0 0 0 0 0 0 0 0 0 0 0 0 0 0 0 0 0 0 0 0 0 0  |
 ├────────────────────┼─────────────┼─────────────┼──────────────────────────────────────────────────────────────────┤
 | 0x0000000000000256 | 17          | 18          | 0 0 0 0 0 0 0 0 0 0 0 0 0 0 0 0 1 1 1 1 0 0 0 0 0 0 0 0 0 0 0 0  |
 ├────────────────────┼─────────────┼─────────────┼──────────────────────────────────────────────────────────────────┤
 | 0x0000000000000214 | 30          | 14          | 0 0 0 0 0 0 1 0 0 0 0 0 0 0 1 1 0 0 0 0 0 0 1 1 0 0 0 0 0 0 1 0  |
 ├────────────────────┼─────────────┼─────────────┼──────────────────────────────────────────────────────────────────┤
 | 0x00000000000011c2 | 19          | 20          | 0 0 0 0 0 0 0 0 0 0 0 0 0 0 0 0 0 0 0 1 1 1 1 1 1 1 1 1 1 1 1 1  |
 ├────────────────────┼─────────────┼─────────────┼──────────────────────────────────────────────────────────────────┤
 | 0x00000000000011dc | 0           | 1           | 1 1 1 0 0 0 0 0 0 0 0 0 0 0 0 0 0 0 0 0 0 0 0 0 0 0 0 0 0 0 0 0  |
 ├────────────────────┼─────────────┼─────────────┼──────────────────────────────────────────────────────────────────┤
 | 0x00000000000011c1 | 3           | 19          | 0 0 0 1 1 1 0 0 0 0 0 0 0 0 0 0 0 0 0 1 1 1 0 0 0 0 0 0 0 0 0 0  |
 ├────────────────────┼─────────────┼─────────────┼──────────────────────────────────────────────────────────────────┤
 | 0x0000000000000250 | 28          | 29          | 1 0 0 0 0 0 0 0 0 0 0 0 0 1 1 1 0 0 0 0 0 0 0 0 0 0 0 0 1 1 1 0  |
 ├────────────────────┼─────────────┼─────────────┼──────────────────────────────────────────────────────────────────┤
 | 0x0000000000000255 | 30          | 0           | 1 1 0 0 0 0 0 0 0 0 0 0 0 0 0 0 0 0 0 0 0 0 0 0 0 0 0 0 0 0 1 1  |
 ├────────────────────┼─────────────┼─────────────┼──────────────────────────────────────────────────────────────────┤
 | 0x00000000000011bc | 19          | 20          | 0 0 0 0 0 0 0 0 0 0 0 0 0 0 0 0 0 0 0 1 1 1 1 1 1 1 1 1 1 1 1 1  |
 ├────────────────────┼─────────────┼─────────────┼──────────────────────────────────────────────────────────────────┤
 | 0x00000000000006a7 | 3           | 4           | 0 0 0 1 1 1 1 1 1 1 1 1 1 1 1 1 1 1 1 0 0 0 0 0 0 0 0 0 0 0 0 0  |
 └────────────────────┴─────────────┴─────────────┴──────────────────────────────────────────────────────────────────┘
Accumulation table end
Offset pattern table begin
 ┌────────────────────┬─────────────┬────────────────────────────────────────────────────────────────────────────────────────────────┐
 | Key                | Second      | Pattern                                                                                        |
 ├────────────────────┼─────────────┼────────────────────────────────────────────────────────────────────────────────────────────────┤
 | 0x0000000000000000 | 1           | 30 29 28 21 12 11 11 10 9 7 6 4 4 3 2 2 2 1 1 1 1 1 1 1 1 1 1 1 1 1 1 1                        |
 ├────────────────────┼─────────────┼────────────────────────────────────────────────────────────────────────────────────────────────┤
 | 0x0000000000000001 | 2           | 28 27 23 23 23 23 22 22 22 22 18 16 16 16 15 16 6 5 5 5 5 5 5 5 5 3 3 3 3 3 9 5                |
 ├────────────────────┼─────────────┼────────────────────────────────────────────────────────────────────────────────────────────────┤
 | 0x0000000000000002 | 18          | 31 30 29 28 28 27 27 27 26 26 24 24 24 24 24 24 15 14 14 14 14 14 14 14 13 13 13 13 13 13 0 1  |
 ├────────────────────┼─────────────┼────────────────────────────────────────────────────────────────────────────────────────────────┤
 | 0x0000000000000003 | 4           | 26 25 23 23 23 23 23 22 22 20 19 19 18 18 17 17 3 1 1 1 1 1 1 1 1 1 0 0 0 4 4 5                |
 ├────────────────────┼─────────────┼────────────────────────────────────────────────────────────────────────────────────────────────┤
 | 0x0000000000000004 | 5           | 25 24 23 23 23 23 22 22 22 21 21 21 21 21 20 19 4 3 3 3 3 3 3 3 3 3 3 3 6 6 6 5                |
 ├────────────────────┼─────────────┼────────────────────────────────────────────────────────────────────────────────────────────────┤
 | 0x0000000000000005 | 6           | 26 24 22 22 22 22 20 19 19 18 16 16 16 16 16 16 5 4 4 4 4 4 4 4 4 4 4 3 3 3 3 3                |
 ├────────────────────┼─────────────┼────────────────────────────────────────────────────────────────────────────────────────────────┤
 | 0x0000000000000006 | 7           | 19 17 14 13 13 12 12 12 12 11 11 11 9 9 9 10 3 1 1 1 1 1 1 1 1 1 1 1 1 1 1 0                   |
 ├────────────────────┼─────────────┼────────────────────────────────────────────────────────────────────────────────────────────────┤
 | 0x0000000000000007 | 8           | 17 16 15 15 15 14 14 14 14 14 14 14 13 12 12 12 4 4 4 4 4 4 4 4 4 4 4 4 4 3 3 3                |
 ├────────────────────┼─────────────┼────────────────────────────────────────────────────────────────────────────────────────────────┤
 | 0x0000000000000008 | 9           | 25 24 24 22 20 20 20 19 19 18 17 17 17 16 16 16 5 4 4 4 4 4 4 4 3 3 3 3 3 3 3 3                |
 ├────────────────────┼─────────────┼────────────────────────────────────────────────────────────────────────────────────────────────┤
 | 0x0000000000000009 | 10          | 24 23 22 22 22 22 21 21 21 20 19 19 18 18 18 16 3 3 3 3 3 3 3 4 4 4 3 2 2 2 2 3                |
 ├────────────────────┼─────────────┼────────────────────────────────────────────────────────────────────────────────────────────────┤
 | 0x000000000000000a | 25          | 26 24 20 20 18 18 18 18 18 15 15 15 15 15 14 16 7 6 5 5 5 5 7 7 7 6 5 5 5 5 5 5                |
 ├────────────────────┼─────────────┼────────────────────────────────────────────────────────────────────────────────────────────────┤
 | 0x000000000000000b | 12          | 22 21 19 18 18 17 17 17 15 13 13 13 12 11 11 11 4 3 2 2 2 7 6 6 5 4 3 3 3 2 2 1                |
 ├────────────────────┼─────────────┼────────────────────────────────────────────────────────────────────────────────────────────────┤
 | 0x000000000000000c | 27          | 26 21 22 15 14 12 14 10 9 9 8 8 7 7 6 8 4 4 4 3 4 3 3 3 3 3 2 2 2 2 2 1                        |
 ├────────────────────┼─────────────┼────────────────────────────────────────────────────────────────────────────────────────────────┤
 | 0x000000000000000d | 28          | 18 17 14 8 12 12 6 5 10 10 10 9 9 9 9 10 6 6 6 2 6 2 2 1 1 2 5 5 1 1 2 3                       |
 ├────────────────────┼─────────────┼────────────────────────────────────────────────────────────────────────────────────────────────┤
 | 0x000000000000000e | 15          | 23 19 10 9 9 6 5 7 7 7 6 6 5 5 5 6 3 2 2 2 1 1 1 1 2 2 2 1 1 4 7 5                             |
 ├────────────────────┼─────────────┼────────────────────────────────────────────────────────────────────────────────────────────────┤
 | 0x000000000000000f | 16          | 16 12 8 8 8 7 7 9 9 7 7 7 6 6 5 6 2 2 2 2 2 2 2 4 2 2 2 2 1 2 2 1                              |
 ├────────────────────┼─────────────┼────────────────────────────────────────────────────────────────────────────────────────────────┤
 | 0x0000000000000010 | 31          | 27 26 18 15 14 13 13 13 13 12 12 12 12 12 12 16 12 3 1 0 0 0 0 0 0 0 0 0 0 0 0 0               |
 ├────────────────────┼─────────────┼────────────────────────────────────────────────────────────────────────────────────────────────┤
 | 0x0000000000000011 | 1           | 17 16 11 6 6 5 3 4 4 4 4 4 3 2 3 0 1 2 1 1 1 1 1 1 0 0 0 0 1 1 1 4                             |
 ├────────────────────┼─────────────┼────────────────────────────────────────────────────────────────────────────────────────────────┤
 | 0x0000000000000012 | 2           | 23 21 17 16 16 15 15 14 12 12 11 10 10 10 0 0 6 7 6 5 5 5 4 4 4 2 2 2 2 2 2 3                  |
 ├────────────────────┼─────────────┼────────────────────────────────────────────────────────────────────────────────────────────────┤
 | 0x0000000000000013 | 3           | 28 27 25 23 23 23 22 22 22 22 21 21 21 4 3 3 5 8 7 7 6 6 6 6 6 6 6 5 5 4 4 4                   |
 ├────────────────────┼─────────────┼────────────────────────────────────────────────────────────────────────────────────────────────┤
 | 0x0000000000000014 | 4           | 19 18 17 16 16 16 16 16 16 16 16 16 1 0 0 0 2 3 3 2 2 2 2 2 2 2 2 2 2 2 2 3                    |
 ├────────────────────┼─────────────┼────────────────────────────────────────────────────────────────────────────────────────────────┤
 | 0x0000000000000015 | 6           | 22 21 19 19 19 18 18 19 18 17 17 1 1 1 1 0 3 4 4 4 4 4 4 4 4 4 4 4 4 4 3 2                     |
 ├────────────────────┼─────────────┼────────────────────────────────────────────────────────────────────────────────────────────────┤
 | 0x0000000000000016 | 23          | 22 20 16 13 14 13 12 13 12 10 1 1 1 1 1 0 1 5 3 3 3 2 2 5 5 5 2 4 4 2 1 2                      |
 ├────────────────────┼─────────────┼────────────────────────────────────────────────────────────────────────────────────────────────┤
 | 0x0000000000000017 | 24          | 21 15 13 18 18 13 17 17 12 0 0 0 0 0 0 0 3 4 2 2 2 2 2 2 2 2 4 4 2 2 2 7                       |
 ├────────────────────┼─────────────┼────────────────────────────────────────────────────────────────────────────────────────────────┤
 | 0x0000000000000018 | 23          | 17 16 14 13 13 13 12 11 0 0 0 0 0 0 0 0 2 3 2 2 1 1 1 1 1 2 2 1 1 2 2 1                        |
 ├────────────────────┼─────────────┼────────────────────────────────────────────────────────────────────────────────────────────────┤
 | 0x0000000000000019 | 26          | 26 24 21 18 17 16 14 4 3 3 2 2 2 2 2 1 4 12 9 9 7 6 6 5 5 5 3 3 4 4 3 3                        |
 ├────────────────────┼─────────────┼────────────────────────────────────────────────────────────────────────────────────────────────┤
 | 0x000000000000001a | 25          | 16 15 11 10 10 12 0 0 0 0 0 0 0 0 0 0 1 3 2 4 4 4 1 2 1 1 1 1 1 1 1 1                          |
 ├────────────────────┼─────────────┼────────────────────────────────────────────────────────────────────────────────────────────────┤
 | 0x000000000000001b | 28          | 30 28 25 24 22 5 5 5 4 4 4 3 3 3 3 3 3 1 1 1 1 1 3 3 1 1 3 4 4 3 3 3                           |
 ├────────────────────┼─────────────┼────────────────────────────────────────────────────────────────────────────────────────────────┤
 | 0x000000000000001c | 27          | 23 22 18 16 8 8 6 5 5 5 5 6 6 4 4 4 5 11 9 9 7 7 7 5 5 6 6 6 5 5 5 5                           |
 ├────────────────────┼─────────────┼────────────────────────────────────────────────────────────────────────────────────────────────┤
 | 0x000000000000001d | 30          | 16 15 11 3 1 1 1 0 0 0 0 0 0 0 0 0 1 2 1 1 1 1 1 0 0 1 1 0 0 1 1 1                             |
 ├────────────────────┼─────────────┼────────────────────────────────────────────────────────────────────────────────────────────────┤
 | 0x000000000000001e | 0           | 19 13 6 6 6 6 5 5 8 5 5 5 5 4 4 4 9 4 1 1 1 1 1 1 5 5 1 1 1 1 0 2                              |
 ├────────────────────┼─────────────┼────────────────────────────────────────────────────────────────────────────────────────────────┤
 | 0x000000000000001f | 15          | 21 8 9 7 5 5 5 5 6 6 4 4 4 3 5 4 9 11 13 12 10 9 12 12 10 10 10 10 10 9 9 12                   |
 └────────────────────┴─────────────┴────────────────────────────────────────────────────────────────────────────────────────────────┘
Offset pattern table end
PC pattern table begin
 ┌────────────────────┬─────────────┬──────────────────────────────────────────────────┐
 | Key                | Second      | Pattern                                          |
 ├────────────────────┼─────────────┼──────────────────────────────────────────────────┤
 | 0x0000000000000000 | 26          | 21 20 16 15 13 12 9 7 4 0 0 0 0 0 0 1            |
 ├────────────────────┼─────────────┼──────────────────────────────────────────────────┤
 | 0x0000000000000001 | 1           | 16 14 12 11 9 8 5 4 2 1 0 0 0 0 0 0              |
 ├────────────────────┼─────────────┼──────────────────────────────────────────────────┤
 | 0x0000000000000002 | 2           | 24 17 14 11 11 10 9 0 15 15 11 11 11 11 13 15    |
 ├────────────────────┼─────────────┼──────────────────────────────────────────────────┤
 | 0x0000000000000003 | 25          | 16 13 9 8 7 6 6 4 4 2 1 2 2 2 2 2                |
 ├────────────────────┼─────────────┼──────────────────────────────────────────────────┤
 | 0x0000000000000004 | 28          | 23 22 18 15 13 10 8 7 3 0 0 0 0 0 0 2            |
 ├────────────────────┼─────────────┼──────────────────────────────────────────────────┤
 | 0x0000000000000005 | 14          | 26 0 0 0 13 0 0 0 25 0 0 0 13 0 0 0              |
 ├────────────────────┼─────────────┼──────────────────────────────────────────────────┤
 | 0x0000000000000006 | 25          | 18 17 12 8 8 8 5 4 3 2 2 2 2 2 3 3               |
 ├────────────────────┼─────────────┼──────────────────────────────────────────────────┤
 | 0x0000000000000007 | 23          | 29 26 21 20 19 17 13 10 6 0 0 0 0 0 0 2          |
 ├────────────────────┼─────────────┼──────────────────────────────────────────────────┤
 | 0x0000000000000008 | 25          | 27 25 20 18 15 13 11 7 3 0 0 0 0 0 0 0           |
 ├────────────────────┼─────────────┼──────────────────────────────────────────────────┤
 | 0x0000000000000009 | 6           | 19 15 13 12 9 7 7 4 4 4 5 5 5 4 4 7              |
 ├────────────────────┼─────────────┼──────────────────────────────────────────────────┤
 | 0x000000000000000a | 25          | 27 19 10 7 7 5 3 3 3 3 3 3 3 3 3 0               |
 ├────────────────────┼─────────────┼──────────────────────────────────────────────────┤
 | 0x000000000000000b | 26          | 28 27 23 21 19 17 11 10 6 4 4 4 3 3 0 0          |
 ├────────────────────┼─────────────┼──────────────────────────────────────────────────┤
 | 0x000000000000000c | 25          | 1 1 1 1 1 1 0 0 0 0 0 0 0 0 1 1                  |
 ├────────────────────┼─────────────┼──────────────────────────────────────────────────┤
 | 0x000000000000000d | 26          | 28 26 22 19 17 17 13 11 7 2 1 1 1 1 1 1          |
 ├────────────────────┼─────────────┼──────────────────────────────────────────────────┤
 | 0x000000000000000e | 12          | 20 15 13 10 9 8 5 4 9 11 11 11 11 11 13 15       |
 ├────────────────────┼─────────────┼──────────────────────────────────────────────────┤
 | 0x000000000000000f | 1           | 17 12 10 10 10 10 10 10 7 3 4 2 6 7 12 10        |
 ├────────────────────┼─────────────┼──────────────────────────────────────────────────┤
 | 0x0000000000000010 | 24          | 23 18 13 11 7 5 4 3 0 0 0 0 0 0 0 0              |
 ├────────────────────┼─────────────┼──────────────────────────────────────────────────┤
 | 0x0000000000000011 | 1           | 24 22 19 15 11 10 6 6 9 5 4 5 6 6 8 8            |
 ├────────────────────┼─────────────┼──────────────────────────────────────────────────┤
 | 0x0000000000000012 | 1           | 28 26 20 19 18 17 13 12 10 2 2 3 3 4 5 6         |
 ├────────────────────┼─────────────┼──────────────────────────────────────────────────┤
 | 0x0000000000000013 | 26          | 28 24 22 18 15 13 9 8 3 1 1 0 0 0 0 1            |
 ├────────────────────┼─────────────┼──────────────────────────────────────────────────┤
 | 0x0000000000000014 | 28          | 22 15 18 17 16 10 7 7 9 8 7 7 7 9 8 6            |
 ├────────────────────┼─────────────┼──────────────────────────────────────────────────┤
 | 0x0000000000000015 | 24          | 17 13 9 8 6 4 2 3 4 3 2 2 2 1 1 1                |
 ├────────────────────┼─────────────┼──────────────────────────────────────────────────┤
 | 0x0000000000000016 | 1           | 22 20 17 15 13 4 3 1 4 8 6 4 3 2 1 1             |
 ├────────────────────┼─────────────┼──────────────────────────────────────────────────┤
 | 0x0000000000000017 | 2           | 20 18 15 13 11 9 6 4 3 2 2 2 2 1 0 1             |
 ├────────────────────┼─────────────┼──────────────────────────────────────────────────┤
 | 0x0000000000000018 | 14          | 24 23 22 21 21 21 20 19 20 20 20 20 20 20 20 19  |
 ├────────────────────┼─────────────┼──────────────────────────────────────────────────┤
 | 0x0000000000000019 | 1           | 21 17 16 14 13 13 12 12 10 6 3 4 8 9 8 15        |
 ├────────────────────┼─────────────┼──────────────────────────────────────────────────┤
 | 0x000000000000001a | 31          | 21 19 16 16 16 14 13 12 12 5 4 5 6 5 7 8         |
 ├────────────────────┼─────────────┼──────────────────────────────────────────────────┤
 | 0x000000000000001b | 28          | 24 22 19 15 11 9 5 1 0 0 0 0 0 0 0 0             |
 ├────────────────────┼─────────────┼──────────────────────────────────────────────────┤
 | 0x000000000000001c | 27          | 22 19 14 12 11 8 6 5 10 9 8 7 7 6 5 3            |
 ├────────────────────┼─────────────┼──────────────────────────────────────────────────┤
 | 0x000000000000001d | 0           | 22 21 20 19 18 17 17 17 17 0 0 0 0 0 0 0         |
 ├────────────────────┼─────────────┼──────────────────────────────────────────────────┤
 | 0x000000000000001e | 23          | 17 11 9 9 8 7 4 4 8 3 3 3 2 1 0 0                |
 ├────────────────────┼─────────────┼──────────────────────────────────────────────────┤
 | 0x000000000000001f | 21          | 22 14 10 12 10 7 4 4 2 4 0 4 4 4 6 10            |
 └────────────────────┴─────────────┴──────────────────────────────────────────────────┘
PC pattern table end
Prefetch buffer begin
 ┌────────────────────┬──────────────────────────────────────────────────────────────────┐
 | Region             | Pattern                                                          |
 ├────────────────────┼──────────────────────────────────────────────────────────────────┤
 | 0x00000000000011cc | 2 2 2 2 2 2 2 2 2 2 2 2 2 2 2 2 1 1 1 0 0 0 0 0 0 0 0 0 0 0 0 0  |
 ├────────────────────┼──────────────────────────────────────────────────────────────────┤
 | 0x00000000000011b1 | 2 2 2 2 2 2 2 2 2 2 2 2 2 2 2 2 1 1 1 1 2 1 1 1 1 1 1 1 2 2 1 0  |
 ├────────────────────┼──────────────────────────────────────────────────────────────────┤
 | 0x00000000000005bb | 2 2 2 2 2 2 2 2 2 2 2 2 0 2 2 2 1 1 1 2 2 1 1 2 2 2 2 2 2 2 1 0  |
 ├────────────────────┼──────────────────────────────────────────────────────────────────┤
 | 0x00000000000004ea | 2 0 0 0 0 0 0 0 0 0 0 0 0 0 0 0 0 0 0 0 1 2 2 2 2 2 2 2 2 2 2 1  |
 ├────────────────────┼──────────────────────────────────────────────────────────────────┤
 | 0x0000000000000252 | 2 0 0 0 0 0 0 0 0 2 0 0 0 2 2 2 2 2 2 0 0 2 2 0 0 0 0 0 1 1 1 1  |
 ├────────────────────┼──────────────────────────────────────────────────────────────────┤
 | 0x000000000000025d | 0 0 2 0 0 2 2 2 2 2 2 0 0 0 0 0 0 0 0 0 0 1 1 1 1 1 1 1 2 2 2 2  |
 ├────────────────────┼──────────────────────────────────────────────────────────────────┤
 | 0x00000000000005be | 0 1 1 1 2 2 2 2 2 2 2 0 0 0 0 0 0 0 0 0 0 0 0 0 0 0 0 0 0 0 0 0  |
 ├────────────────────┼──────────────────────────────────────────────────────────────────┤
 | 0x000000000000054e | 2 0 0 0 0 0 0 0 0 0 0 0 0 0 0 0 0 0 0 0 0 0 0 0 0 0 0 0 0 0 0 0  |
 ├────────────────────┼──────────────────────────────────────────────────────────────────┤
 | 0x00000000000011cd | 2 0 0 2 2 2 2 2 2 2 2 2 2 2 2 2 2 2 2 0 1 1 1 1 1 1 1 1 1 1 1 1  |
 ├────────────────────┼──────────────────────────────────────────────────────────────────┤
 | 0x000000000000054f | 0 0 0 0 0 0 0 0 0 0 0 2 2 2 2 2 0 0 0 0 0 0 0 0 0 0 0 0 0 0 0 0  |
 ├────────────────────┼──────────────────────────────────────────────────────────────────┤
 | 0x00000000000011bf | 0 0 0 0 0 0 0 0 0 0 0 0 0 0 1 1 1 1 1 0 0 0 0 0 0 0 0 0 0 0 0 0  |
 ├────────────────────┼──────────────────────────────────────────────────────────────────┤
 | 0x00000000000011a1 | 2 2 2 2 2 2 2 2 2 2 2 2 2 2 2 1 0 0 0 0 0 0 0 0 0 0 0 0 0 0 0 0  |
 ├────────────────────┼──────────────────────────────────────────────────────────────────┤
 | 0x0000000000000250 | 0 2 2 2 2 2 2 2 2 2 2 2 2 0 0 0 0 2 2 2 2 2 2 2 2 2 2 2 0 0 0 1  |
 ├────────────────────┼──────────────────────────────────────────────────────────────────┤
 | 0x00000000000011c1 | 2 2 2 0 0 0 0 0 1 1 1 1 1 1 1 1 1 1 1 0 0 0 0 0 0 0 0 0 0 0 0 0  |
 ├────────────────────┼──────────────────────────────────────────────────────────────────┤
 | 0x0000000000000255 | 0 0 2 2 2 2 2 2 2 2 2 2 2 2 1 2 0 0 0 0 0 0 2 2 0 0 0 0 0 0 0 0  |
 ├────────────────────┼──────────────────────────────────────────────────────────────────┤
 | 0x000000000000047e | 2 2 2 2 2 2 2 2 2 2 2 2 2 2 2 2 1 1 1 1 2 1 1 1 1 1 1 1 2 2 1 0  |
 ├────────────────────┼──────────────────────────────────────────────────────────────────┤
 | 0x00000000000011c4 | 2 2 2 2 2 2 2 2 2 2 2 2 2 2 1 2 0 0 0 0 0 0 2 2 0 0 0 0 0 0 0 0  |
 ├────────────────────┼──────────────────────────────────────────────────────────────────┤
 | 0x00000000000011d4 | 2 0 0 0 0 0 0 0 0 2 2 2 0 0 0 0 0 0 0 0 0 0 0 0 0 0 0 0 0 0 0 0  |
 ├────────────────────┼──────────────────────────────────────────────────────────────────┤
 | 0x0000000000000251 | 2 2 2 0 0 0 0 0 0 0 0 0 0 0 0 0 0 0 0 0 0 0 0 0 0 0 0 0 0 0 1 1  |
 ├────────────────────┼──────────────────────────────────────────────────────────────────┤
 | 0x000000000000047f | 2 0 0 0 0 0 0 0 0 2 2 2 2 2 2 2 2 2 2 0 0 2 2 0 0 0 0 0 1 1 1 1  |
 ├────────────────────┼──────────────────────────────────────────────────────────────────┤
 | 0x0000000000000553 | 2 2 2 2 2 2 2 0 0 0 0 0 1 1 1 1 1 1 1 1 1 1 1 2 2 2 2 2 2 2 2 2  |
 ├────────────────────┼──────────────────────────────────────────────────────────────────┤
 | 0x0000000000000254 | 2 0 0 0 0 0 0 0 0 0 0 0 0 0 0 0 0 0 0 1 1 2 2 2 2 2 2 2 2 2 2 0  |
 └────────────────────┴──────────────────────────────────────────────────────────────────┘
Prefetch buffer end
Filter by PPT: 0
cpu0_L2C
Num Con Filled: 0
Num Con Useful: 0 Useless:0 Accuracy: nan
LLC
