41 41 41
Available num physical pages: 35184372088576
WARNING: physical memory size is smaller than virtual memory size

*** ChampSim Multicore Out-of-Order Simulator ***

Warmup Instructions: 5000000
Simulation Instructions: 20000000
Number of CPUs: 1
Page size: 4096

Basic BTB sets: 1024 ways: 8 indirect buffer size: 4096 RAS size: 64
cpu0_L1D PMP prefetcher
Off-chip DRAM Size: 4 GiB Channels: 1 Width: 64-bit Data Rate: 3200 MT/s
Max paddr 6M
Warmup finished CPU 0 instructions: 5000002 cycles: 1250046 cumulative IPC: 3.99986 (Simulation time: 0 hr 2 min 50 sec) 

Warmup complete CPU 0 instructions: 5000002 cycles: 1250046 (Simulation time: 0 hr 2 min 50 sec) 

Heartbeat CPU 0 instructions: 10000002 cycles: 4227765 heartbeat IPC: 2.36532 cumulative IPC: 1.67914 (Simulation time: 0 hr 6 min 47 sec) 
Heartbeat CPU 0 instructions: 20000000 cycles: 10086103 heartbeat IPC: 1.70697 cumulative IPC: 1.69759 (Simulation time: 0 hr 14 min 48 sec) 
Max paddr 7M
Simulation finished CPU 0 instructions: 20000002 cycles: 11714426 cumulative IPC: 1.7073 (Simulation time: 0 hr 17 min 27 sec) 

Simulation complete CPU 0 instructions: 20000002 cycles: 11714426 (Simulation time: 0 hr 17 min 27 sec) 


ChampSim completed all CPUs

[
  {
    "name": "Simulation",
    "traces": [
      "../traces/473.astar-153B.champsimtrace.xz"
    ],
    "roi": {
      "cores": [
        {
          "instructions": 20000002,
          "cycles": 11714426,
          "Avg ROB occupancy at mispredict": 59.3732, 
          "mispredict": {
            "BRANCH_DIRECT_JUMP": 0,
            "BRANCH_INDIRECT": 0,
            "BRANCH_CONDITIONAL": 344674,
            "BRANCH_DIRECT_CALL": 0,
            "BRANCH_INDIRECT_CALL": 0,
            "BRANCH_RETURN": 0
          }
        }
      ],
      "cpu0_L1I": {
        "LOAD": {
          "hit":0,
          "miss":0
        },
        "RFO": {
          "hit":0,
          "miss":0
        },
        "PREFETCH": {
          "hit":0,
          "miss":0
        },
        "WRITE": {
          "hit":0,
          "miss":0
        },
        "TRANSLATION": {
          "hit":0,
          "miss":0
        },
        "mshr full": 0,
        "prefetch requested": 0,
        "prefetch issued": 0,
        "prefetch filled": 0,
        "prefetch useful": 0,
        "prefetch useless": 0,
        "prefetch late": 0,
        "pf_useful_at_l2_from_l1":          0,
        "pf_late_at_l2_from_l1":          0,
        "pf_useless_at_l2_from_l1":          0,
        "pf_at_l2_to_l1":          0,
        "pf_fill_this_level":          0,
        "miss latency": null,
        "cache queues": {
          "PQ_ACCESS": 0,
          "PQ_FULL": 0,
          "PQ_TO_CACHE": 0,
          "PQ_MERGED": 0,
          "RQ_ACCESS": 0,
          "RQ_MERGED": 0,
          "RQ_FULL": 0,
          "WQ_ACCESS": 0,
          "WQ_MERGED": 0,
          "WQ_FULL": 0
        }
      },
      "cpu0_ITLB": {
        "LOAD": {
          "hit":0,
          "miss":0
        },
        "RFO": {
          "hit":0,
          "miss":0
        },
        "PREFETCH": {
          "hit":0,
          "miss":0
        },
        "WRITE": {
          "hit":0,
          "miss":0
        },
        "TRANSLATION": {
          "hit":0,
          "miss":0
        },
        "mshr full": 0,
        "prefetch requested": 0,
        "prefetch issued": 0,
        "prefetch filled": 0,
        "prefetch useful": 0,
        "prefetch useless": 0,
        "prefetch late": 0,
        "pf_useful_at_l2_from_l1":          0,
        "pf_late_at_l2_from_l1":          0,
        "pf_useless_at_l2_from_l1":          0,
        "pf_at_l2_to_l1":          0,
        "pf_fill_this_level":          0,
        "miss latency": null,
        "cache queues": {
          "PQ_ACCESS": 0,
          "PQ_FULL": 0,
          "PQ_TO_CACHE": 0,
          "PQ_MERGED": 0,
          "RQ_ACCESS": 0,
          "RQ_MERGED": 0,
          "RQ_FULL": 0,
          "WQ_ACCESS": 0,
          "WQ_MERGED": 0,
          "WQ_FULL": 0
        }
      },
      "cpu0_DTLB": {
        "LOAD": {
          "hit":7473300,
          "miss":95724
        },
        "RFO": {
          "hit":0,
          "miss":0
        },
        "PREFETCH": {
          "hit":0,
          "miss":0
        },
        "WRITE": {
          "hit":0,
          "miss":0
        },
        "TRANSLATION": {
          "hit":0,
          "miss":0
        },
        "mshr full": 0,
        "prefetch requested": 0,
        "prefetch issued": 0,
        "prefetch filled": 0,
        "prefetch useful": 0,
        "prefetch useless": 0,
        "prefetch late": 0,
        "pf_useful_at_l2_from_l1":          0,
        "pf_late_at_l2_from_l1":          0,
        "pf_useless_at_l2_from_l1":          0,
        "pf_at_l2_to_l1":          0,
        "pf_fill_this_level":          0,
        "miss latency": 0.439218,
        "cache queues": {
          "PQ_ACCESS": 0,
          "PQ_FULL": 0,
          "PQ_TO_CACHE": 0,
          "PQ_MERGED": 0,
          "RQ_ACCESS": 7569024,
          "RQ_MERGED": 0,
          "RQ_FULL": 0,
          "WQ_ACCESS": 0,
          "WQ_MERGED": 0,
          "WQ_FULL": 0
        }
      },
      "cpu0_STLB": {
        "LOAD": {
          "hit":65821,
          "miss":1390
        },
        "RFO": {
          "hit":0,
          "miss":0
        },
        "PREFETCH": {
          "hit":0,
          "miss":0
        },
        "WRITE": {
          "hit":0,
          "miss":0
        },
        "TRANSLATION": {
          "hit":0,
          "miss":0
        },
        "mshr full": 0,
        "prefetch requested": 0,
        "prefetch issued": 0,
        "prefetch filled": 0,
        "prefetch useful": 0,
        "prefetch useless": 0,
        "prefetch late": 0,
        "pf_useful_at_l2_from_l1":          0,
        "pf_late_at_l2_from_l1":          0,
        "pf_useless_at_l2_from_l1":          0,
        "pf_at_l2_to_l1":          0,
        "pf_fill_this_level":          0,
        "miss latency": 6.0081,
        "cache queues": {
          "PQ_ACCESS": 0,
          "PQ_FULL": 0,
          "PQ_TO_CACHE": 0,
          "PQ_MERGED": 0,
          "RQ_ACCESS": 67212,
          "RQ_MERGED": 0,
          "RQ_FULL": 0,
          "WQ_ACCESS": 0,
          "WQ_MERGED": 0,
          "WQ_FULL": 0
        }
      },
      "cpu0_L1D": {
        "LOAD": {
          "hit":4766594,
          "miss":171838
        },
        "RFO": {
          "hit":0,
          "miss":0
        },
        "PREFETCH": {
          "hit":25470,
          "miss":239636
        },
        "WRITE": {
          "hit":2619823,
          "miss":10467
        },
        "TRANSLATION": {
          "hit":399,
          "miss":990
        },
        "mshr full": 104,
        "prefetch requested": 265095,
        "prefetch issued": 265095,
        "prefetch filled": 32236,
        "prefetch useful": 7417,
        "prefetch useless": 25539,
        "prefetch late": 671,
        "pf_useful_at_l2_from_l1":          0,
        "pf_late_at_l2_from_l1":          0,
        "pf_useless_at_l2_from_l1":          0,
        "pf_at_l2_to_l1":          0,
        "pf_fill_this_level":      32236,
        "miss latency": 1.95777,
        "cache queues": {
          "PQ_ACCESS": 265095,
          "PQ_FULL": 0,
          "PQ_TO_CACHE": 265095,
          "PQ_MERGED": 3,
          "RQ_ACCESS": 4938733,
          "RQ_MERGED": 296,
          "RQ_FULL": 0,
          "WQ_ACCESS": 2630291,
          "WQ_MERGED": 0,
          "WQ_FULL": 0
        }
      },
      "cpu0_L2C": {
        "LOAD": {
          "hit":25153,
          "miss":33881
        },
        "RFO": {
          "hit":785,
          "miss":3560
        },
        "PREFETCH": {
          "hit":130990,
          "miss":108354
        },
        "WRITE": {
          "hit":18452,
          "miss":0
        },
        "TRANSLATION": {
          "hit":285,
          "miss":705
        },
        "mshr full": 735,
        "prefetch requested": 0,
        "prefetch issued": 0,
        "prefetch filled": 107901,
        "prefetch useful": 0,
        "prefetch useless": 0,
        "prefetch late": 0,
        "pf_useful_at_l2_from_l1":      11853,
        "pf_late_at_l2_from_l1":        362,
        "pf_useless_at_l2_from_l1":      72298,
        "pf_at_l2_to_l1":       2167,
        "pf_fill_this_level":      85894,
        "miss latency": 16.1753,
        "cache queues": {
          "PQ_ACCESS": 239601,
          "PQ_FULL": 255,
          "PQ_TO_CACHE": 239346,
          "PQ_MERGED": 0,
          "RQ_ACCESS": 64379,
          "RQ_MERGED": 0,
          "RQ_FULL": 0,
          "WQ_ACCESS": 18788,
          "WQ_MERGED": 0,
          "WQ_FULL": 0
        }
      },
      "LLC": {
        "LOAD": {
          "hit": [15532],
          "miss": [17987]
        },
        "RFO": {
          "hit": [633],
          "miss": [2927]
        },
        "PREFETCH": {
          "hit": [58603],
          "miss": [49660]
        },
        "WRITE": {
          "hit": [17769],
          "miss": [0]
        },
        "TRANSLATION": {
          "hit": [327],
          "miss": [378]
        },
        "mshr full": 0,
        "prefetch requested": 0,
        "prefetch issued": 0,
        "prefetch filled": 49660,
        "prefetch useful": 0,
        "prefetch useless": 0,
        "prefetch late": 0,
        "pf_useful_at_l2_from_l1":          0,
        "pf_late_at_l2_from_l1":          0,
        "pf_useless_at_l2_from_l1":          0,
        "pf_at_l2_to_l1":       2713,
        "pf_fill_this_level":          0,
        "miss latency": 26.0022,
        "cache queues": {
          "PQ_ACCESS": 108263,
          "PQ_FULL": 0,
          "PQ_TO_CACHE": 108263,
          "PQ_MERGED": 0,
          "RQ_ACCESS": 37784,
          "RQ_MERGED": 0,
          "RQ_FULL": 0,
          "WQ_ACCESS": 17769,
          "WQ_MERGED": 0,
          "WQ_FULL": 0
        }
      },
      "DRAM": [
        {
          "RQ ROW_BUFFER_HIT": 17549,
          "RQ ROW_BUFFER_MISS": 53402,
          "PQ FULL": 0,
          "WQ ROW_BUFFER_HIT": 1697,
          "WQ ROW_BUFFER_MISS": 8411,
          "WQ FULL": 0,
          "AVG DBUS CONGESTED CYCLE": 3.79778
        }
      ]

    },
    "sim": {
      "cores": [
        {
          "instructions": 20000002,
          "cycles": 11714426,
          "Avg ROB occupancy at mispredict": 59.3732, 
          "mispredict": {
            "BRANCH_DIRECT_JUMP": 0,
            "BRANCH_INDIRECT": 0,
            "BRANCH_CONDITIONAL": 344674,
            "BRANCH_DIRECT_CALL": 0,
            "BRANCH_INDIRECT_CALL": 0,
            "BRANCH_RETURN": 0
          }
        }
      ],
      "cpu0_L1I": {
        "LOAD": {
          "hit":0,
          "miss":0
        },
        "RFO": {
          "hit":0,
          "miss":0
        },
        "PREFETCH": {
          "hit":0,
          "miss":0
        },
        "WRITE": {
          "hit":0,
          "miss":0
        },
        "TRANSLATION": {
          "hit":0,
          "miss":0
        },
        "mshr full": 0,
        "prefetch requested": 0,
        "prefetch issued": 0,
        "prefetch filled": 0,
        "prefetch useful": 0,
        "prefetch useless": 0,
        "prefetch late": 0,
        "pf_useful_at_l2_from_l1":          0,
        "pf_late_at_l2_from_l1":          0,
        "pf_useless_at_l2_from_l1":          0,
        "pf_at_l2_to_l1":          0,
        "pf_fill_this_level":          0,
        "miss latency": null,
        "cache queues": {
          "PQ_ACCESS": 0,
          "PQ_FULL": 0,
          "PQ_TO_CACHE": 0,
          "PQ_MERGED": 0,
          "RQ_ACCESS": 0,
          "RQ_MERGED": 0,
          "RQ_FULL": 0,
          "WQ_ACCESS": 0,
          "WQ_MERGED": 0,
          "WQ_FULL": 0
        }
      },
      "cpu0_ITLB": {
        "LOAD": {
          "hit":0,
          "miss":0
        },
        "RFO": {
          "hit":0,
          "miss":0
        },
        "PREFETCH": {
          "hit":0,
          "miss":0
        },
        "WRITE": {
          "hit":0,
          "miss":0
        },
        "TRANSLATION": {
          "hit":0,
          "miss":0
        },
        "mshr full": 0,
        "prefetch requested": 0,
        "prefetch issued": 0,
        "prefetch filled": 0,
        "prefetch useful": 0,
        "prefetch useless": 0,
        "prefetch late": 0,
        "pf_useful_at_l2_from_l1":          0,
        "pf_late_at_l2_from_l1":          0,
        "pf_useless_at_l2_from_l1":          0,
        "pf_at_l2_to_l1":          0,
        "pf_fill_this_level":          0,
        "miss latency": null,
        "cache queues": {
          "PQ_ACCESS": 0,
          "PQ_FULL": 0,
          "PQ_TO_CACHE": 0,
          "PQ_MERGED": 0,
          "RQ_ACCESS": 0,
          "RQ_MERGED": 0,
          "RQ_FULL": 0,
          "WQ_ACCESS": 0,
          "WQ_MERGED": 0,
          "WQ_FULL": 0
        }
      },
      "cpu0_DTLB": {
        "LOAD": {
          "hit":7473300,
          "miss":95724
        },
        "RFO": {
          "hit":0,
          "miss":0
        },
        "PREFETCH": {
          "hit":0,
          "miss":0
        },
        "WRITE": {
          "hit":0,
          "miss":0
        },
        "TRANSLATION": {
          "hit":0,
          "miss":0
        },
        "mshr full": 0,
        "prefetch requested": 0,
        "prefetch issued": 0,
        "prefetch filled": 0,
        "prefetch useful": 0,
        "prefetch useless": 0,
        "prefetch late": 0,
        "pf_useful_at_l2_from_l1":          0,
        "pf_late_at_l2_from_l1":          0,
        "pf_useless_at_l2_from_l1":          0,
        "pf_at_l2_to_l1":          0,
        "pf_fill_this_level":          0,
        "miss latency": 0.439218,
        "cache queues": {
          "PQ_ACCESS": 0,
          "PQ_FULL": 0,
          "PQ_TO_CACHE": 0,
          "PQ_MERGED": 0,
          "RQ_ACCESS": 7569024,
          "RQ_MERGED": 0,
          "RQ_FULL": 0,
          "WQ_ACCESS": 0,
          "WQ_MERGED": 0,
          "WQ_FULL": 0
        }
      },
      "cpu0_STLB": {
        "LOAD": {
          "hit":65821,
          "miss":1390
        },
        "RFO": {
          "hit":0,
          "miss":0
        },
        "PREFETCH": {
          "hit":0,
          "miss":0
        },
        "WRITE": {
          "hit":0,
          "miss":0
        },
        "TRANSLATION": {
          "hit":0,
          "miss":0
        },
        "mshr full": 0,
        "prefetch requested": 0,
        "prefetch issued": 0,
        "prefetch filled": 0,
        "prefetch useful": 0,
        "prefetch useless": 0,
        "prefetch late": 0,
        "pf_useful_at_l2_from_l1":          0,
        "pf_late_at_l2_from_l1":          0,
        "pf_useless_at_l2_from_l1":          0,
        "pf_at_l2_to_l1":          0,
        "pf_fill_this_level":          0,
        "miss latency": 6.0081,
        "cache queues": {
          "PQ_ACCESS": 0,
          "PQ_FULL": 0,
          "PQ_TO_CACHE": 0,
          "PQ_MERGED": 0,
          "RQ_ACCESS": 67212,
          "RQ_MERGED": 0,
          "RQ_FULL": 0,
          "WQ_ACCESS": 0,
          "WQ_MERGED": 0,
          "WQ_FULL": 0
        }
      },
      "cpu0_L1D": {
        "LOAD": {
          "hit":4766594,
          "miss":171838
        },
        "RFO": {
          "hit":0,
          "miss":0
        },
        "PREFETCH": {
          "hit":25470,
          "miss":239636
        },
        "WRITE": {
          "hit":2619823,
          "miss":10467
        },
        "TRANSLATION": {
          "hit":399,
          "miss":990
        },
        "mshr full": 104,
        "prefetch requested": 265095,
        "prefetch issued": 265095,
        "prefetch filled": 32236,
        "prefetch useful": 7417,
        "prefetch useless": 25539,
        "prefetch late": 671,
        "pf_useful_at_l2_from_l1":          0,
        "pf_late_at_l2_from_l1":          0,
        "pf_useless_at_l2_from_l1":          0,
        "pf_at_l2_to_l1":          0,
        "pf_fill_this_level":      32236,
        "miss latency": 1.95777,
        "cache queues": {
          "PQ_ACCESS": 265095,
          "PQ_FULL": 0,
          "PQ_TO_CACHE": 265095,
          "PQ_MERGED": 3,
          "RQ_ACCESS": 4938733,
          "RQ_MERGED": 296,
          "RQ_FULL": 0,
          "WQ_ACCESS": 2630291,
          "WQ_MERGED": 0,
          "WQ_FULL": 0
        }
      },
      "cpu0_L2C": {
        "LOAD": {
          "hit":25153,
          "miss":33881
        },
        "RFO": {
          "hit":785,
          "miss":3560
        },
        "PREFETCH": {
          "hit":130990,
          "miss":108354
        },
        "WRITE": {
          "hit":18452,
          "miss":0
        },
        "TRANSLATION": {
          "hit":285,
          "miss":705
        },
        "mshr full": 735,
        "prefetch requested": 0,
        "prefetch issued": 0,
        "prefetch filled": 107901,
        "prefetch useful": 0,
        "prefetch useless": 0,
        "prefetch late": 0,
        "pf_useful_at_l2_from_l1":      11853,
        "pf_late_at_l2_from_l1":        362,
        "pf_useless_at_l2_from_l1":      72298,
        "pf_at_l2_to_l1":       2167,
        "pf_fill_this_level":      85894,
        "miss latency": 16.1753,
        "cache queues": {
          "PQ_ACCESS": 239601,
          "PQ_FULL": 255,
          "PQ_TO_CACHE": 239346,
          "PQ_MERGED": 0,
          "RQ_ACCESS": 64379,
          "RQ_MERGED": 0,
          "RQ_FULL": 0,
          "WQ_ACCESS": 18788,
          "WQ_MERGED": 0,
          "WQ_FULL": 0
        }
      },
      "LLC": {
        "LOAD": {
          "hit": [15532],
          "miss": [17987]
        },
        "RFO": {
          "hit": [633],
          "miss": [2927]
        },
        "PREFETCH": {
          "hit": [58603],
          "miss": [49660]
        },
        "WRITE": {
          "hit": [17769],
          "miss": [0]
        },
        "TRANSLATION": {
          "hit": [327],
          "miss": [378]
        },
        "mshr full": 0,
        "prefetch requested": 0,
        "prefetch issued": 0,
        "prefetch filled": 49660,
        "prefetch useful": 0,
        "prefetch useless": 0,
        "prefetch late": 0,
        "pf_useful_at_l2_from_l1":          0,
        "pf_late_at_l2_from_l1":          0,
        "pf_useless_at_l2_from_l1":          0,
        "pf_at_l2_to_l1":       2713,
        "pf_fill_this_level":          0,
        "miss latency": 26.0022,
        "cache queues": {
          "PQ_ACCESS": 108263,
          "PQ_FULL": 0,
          "PQ_TO_CACHE": 108263,
          "PQ_MERGED": 0,
          "RQ_ACCESS": 37784,
          "RQ_MERGED": 0,
          "RQ_FULL": 0,
          "WQ_ACCESS": 17769,
          "WQ_MERGED": 0,
          "WQ_FULL": 0
        }
      },
      "DRAM": [
        {
          "RQ ROW_BUFFER_HIT": 17549,
          "RQ ROW_BUFFER_MISS": 53402,
          "PQ FULL": 0,
          "WQ ROW_BUFFER_HIT": 1697,
          "WQ ROW_BUFFER_MISS": 8411,
          "WQ FULL": 0,
          "AVG DBUS CONGESTED CYCLE": 3.79778
        }
      ]

    }
  }
]
cpu0_ITLB
cpu0_DTLB
cpu0_STLB
Prefetch Request to L1: 49737, Prefetch Request to L2: 215358
Invalid by Eviction: 7555
Invalid by Max: 5898
Filter table begin
 ┌────────────────────┬─────────────┐
 | Region             | Offset      |
 ├────────────────────┼─────────────┤
 | 0x0000000000000596 | 15          |
 ├────────────────────┼─────────────┤
 | 0x00000000000005e8 | 0           |
 ├────────────────────┼─────────────┤
 | 0x0000000000000797 | 11          |
 ├────────────────────┼─────────────┤
 | 0x0000000000000291 | 14          |
 ├────────────────────┼─────────────┤
 | 0x0000000000000360 | 20          |
 ├────────────────────┼─────────────┤
 | 0x00000000000007a1 | 24          |
 ├────────────────────┼─────────────┤
 | 0x0000000000000369 | 3           |
 ├────────────────────┼─────────────┤
 | 0x0000000000000667 | 24          |
 ├────────────────────┼─────────────┤
 | 0x0000000000000212 | 0           |
 ├────────────────────┼─────────────┤
 | 0x000000000000079f | 24          |
 ├────────────────────┼─────────────┤
 | 0x0000000000000796 | 11          |
 ├────────────────────┼─────────────┤
 | 0x0000000000000493 | 21          |
 ├────────────────────┼─────────────┤
 | 0x0000000000000784 | 11          |
 ├────────────────────┼─────────────┤
 | 0x000000000000062f | 24          |
 ├────────────────────┼─────────────┤
 | 0x000000000000025a | 3           |
 ├────────────────────┼─────────────┤
 | 0x00000000000006ef | 11          |
 ├────────────────────┼─────────────┤
 | 0x000000000000066d | 11          |
 ├────────────────────┼─────────────┤
 | 0x00000000000007a3 | 11          |
 ├────────────────────┼─────────────┤
 | 0x0000000000000362 | 24          |
 ├────────────────────┼─────────────┤
 | 0x000000000000079c | 11          |
 ├────────────────────┼─────────────┤
 | 0x0000000000000288 | 11          |
 ├────────────────────┼─────────────┤
 | 0x000000000000065a | 14          |
 ├────────────────────┼─────────────┤
 | 0x000000000000066c | 11          |
 ├────────────────────┼─────────────┤
 | 0x00000000000007a2 | 11          |
 ├────────────────────┼─────────────┤
 | 0x000000000000062d | 11          |
 ├────────────────────┼─────────────┤
 | 0x00000000000006ee | 11          |
 ├────────────────────┼─────────────┤
 | 0x0000000000000289 | 11          |
 ├────────────────────┼─────────────┤
 | 0x000000000000079d | 11          |
 ├────────────────────┼─────────────┤
 | 0x0000000000000729 | 24          |
 ├────────────────────┼─────────────┤
 | 0x000000000000066b | 24          |
 ├────────────────────┼─────────────┤
 | 0x0000000000000325 | 11          |
 ├────────────────────┼─────────────┤
 | 0x00000000000004a9 | 13          |
 ├────────────────────┼─────────────┤
 | 0x0000000000000743 | 24          |
 ├────────────────────┼─────────────┤
 | 0x00000000000005e4 | 0           |
 ├────────────────────┼─────────────┤
 | 0x0000000000000497 | 21          |
 ├────────────────────┼─────────────┤
 | 0x0000000000000324 | 11          |
 ├────────────────────┼─────────────┤
 | 0x0000000000000593 | 1           |
 ├────────────────────┼─────────────┤
 | 0x0000000000000791 | 11          |
 ├────────────────────┼─────────────┤
 | 0x0000000000000669 | 24          |
 ├────────────────────┼─────────────┤
 | 0x000000000000073e | 11          |
 ├────────────────────┼─────────────┤
 | 0x0000000000000297 | 13          |
 ├────────────────────┼─────────────┤
 | 0x000000000000078a | 11          |
 ├────────────────────┼─────────────┤
 | 0x000000000000078b | 11          |
 ├────────────────────┼─────────────┤
 | 0x00000000000006f1 | 24          |
 ├────────────────────┼─────────────┤
 | 0x0000000000000790 | 11          |
 ├────────────────────┼─────────────┤
 | 0x000000000000077e | 11          |
 ├────────────────────┼─────────────┤
 | 0x0000000000000741 | 24          |
 ├────────────────────┼─────────────┤
 | 0x000000000000073f | 11          |
 ├────────────────────┼─────────────┤
 | 0x00000000000003c1 | 17          |
 └────────────────────┴─────────────┘
Filter table end
Accumulation table begin
 ┌────────────────────┬─────────────┬─────────────┬──────────────────────────────────────────────────────────────────┐
 | Region             | Offset      | Second      | Pattern                                                          |
 ├────────────────────┼─────────────┼─────────────┼──────────────────────────────────────────────────────────────────┤
 | 0x0000000000000486 | 0           | 1           | 1 1 0 0 0 0 0 0 0 0 0 0 0 0 0 0 0 0 0 0 0 0 0 0 0 0 0 0 0 0 0 0  |
 ├────────────────────┼─────────────┼─────────────┼──────────────────────────────────────────────────────────────────┤
 | 0x0000000000000470 | 0           | 1           | 1 1 0 0 0 0 0 0 0 0 0 0 0 0 0 0 0 0 0 0 0 0 0 0 0 0 0 0 0 0 0 0  |
 ├────────────────────┼─────────────┼─────────────┼──────────────────────────────────────────────────────────────────┤
 | 0x000000000000021f | 24          | 25          | 0 0 0 0 0 0 0 0 0 0 0 0 0 0 0 0 0 0 0 0 0 0 0 0 1 1 1 0 0 0 0 0  |
 ├────────────────────┼─────────────┼─────────────┼──────────────────────────────────────────────────────────────────┤
 | 0x0000000000000213 | 26          | 25          | 0 0 0 0 0 0 0 0 0 0 0 0 0 0 0 0 0 0 0 0 0 0 0 0 0 1 1 0 0 0 0 0  |
 ├────────────────────┼─────────────┼─────────────┼──────────────────────────────────────────────────────────────────┤
 | 0x0000000000000216 | 5           | 4           | 0 0 0 0 1 1 0 0 0 0 0 0 0 0 0 0 0 0 0 0 0 0 0 0 0 0 0 0 0 0 0 0  |
 ├────────────────────┼─────────────┼─────────────┼──────────────────────────────────────────────────────────────────┤
 | 0x00000000000003be | 14          | 15          | 0 0 0 0 0 0 0 0 0 0 0 0 0 0 1 1 0 0 0 0 0 0 0 0 0 0 0 0 0 0 0 0  |
 ├────────────────────┼─────────────┼─────────────┼──────────────────────────────────────────────────────────────────┤
 | 0x00000000000005c3 | 17          | 14          | 0 0 0 0 0 0 0 0 0 0 0 0 0 0 1 0 0 1 0 0 0 0 0 0 0 0 0 0 0 0 0 0  |
 ├────────────────────┼─────────────┼─────────────┼──────────────────────────────────────────────────────────────────┤
 | 0x000000000000034e | 2           | 14          | 0 0 1 0 0 0 0 0 0 0 0 0 0 0 1 0 0 0 0 0 0 0 0 0 0 0 0 0 0 0 0 0  |
 ├────────────────────┼─────────────┼─────────────┼──────────────────────────────────────────────────────────────────┤
 | 0x00000000000006db | 6           | 5           | 1 1 1 1 1 1 1 0 0 0 0 0 0 0 0 0 0 0 0 0 0 0 0 0 0 0 0 0 0 0 0 0  |
 ├────────────────────┼─────────────┼─────────────┼──────────────────────────────────────────────────────────────────┤
 | 0x00000000000007d3 | 19          | 18          | 0 0 0 0 0 0 0 0 0 0 0 0 0 0 0 0 0 0 1 1 0 0 0 0 0 0 0 0 0 0 0 0  |
 ├────────────────────┼─────────────┼─────────────┼──────────────────────────────────────────────────────────────────┤
 | 0x00000000000007e5 | 18          | 19          | 0 0 0 0 0 0 0 0 0 0 0 0 0 0 0 0 0 0 1 1 0 0 0 0 0 0 0 0 0 0 0 0  |
 ├────────────────────┼─────────────┼─────────────┼──────────────────────────────────────────────────────────────────┤
 | 0x00000000000003de | 15          | 14          | 0 0 0 0 0 0 0 0 0 0 0 0 0 0 1 1 0 0 0 0 0 0 0 0 0 0 0 0 0 0 0 0  |
 ├────────────────────┼─────────────┼─────────────┼──────────────────────────────────────────────────────────────────┤
 | 0x00000000000007d0 | 3           | 4           | 0 0 0 1 1 0 0 0 0 0 0 0 0 0 0 0 0 0 0 0 0 0 0 0 0 0 0 0 0 0 0 0  |
 ├────────────────────┼─────────────┼─────────────┼──────────────────────────────────────────────────────────────────┤
 | 0x0000000000000595 | 6           | 1           | 0 1 0 0 0 0 1 0 0 0 0 0 0 0 0 0 0 0 0 0 0 0 0 0 0 0 0 0 0 0 0 0  |
 ├────────────────────┼─────────────┼─────────────┼──────────────────────────────────────────────────────────────────┤
 | 0x0000000000000384 | 14          | 15          | 0 0 0 0 0 0 0 0 0 0 0 0 0 0 1 1 0 0 0 0 0 0 0 0 0 0 0 0 0 0 0 0  |
 ├────────────────────┼─────────────┼─────────────┼──────────────────────────────────────────────────────────────────┤
 | 0x00000000000007e2 | 3           | 4           | 0 0 0 1 1 0 0 0 0 0 0 0 0 0 0 0 0 0 0 0 0 0 0 0 0 0 0 0 0 0 0 0  |
 ├────────────────────┼─────────────┼─────────────┼──────────────────────────────────────────────────────────────────┤
 | 0x00000000000004a6 | 0           | 1           | 1 1 0 0 0 0 0 0 0 0 0 0 0 0 0 0 0 0 0 0 0 0 0 0 0 0 0 0 0 0 0 0  |
 ├────────────────────┼─────────────┼─────────────┼──────────────────────────────────────────────────────────────────┤
 | 0x000000000000034f | 14          | 2           | 0 0 1 0 0 0 0 0 0 0 0 0 0 0 1 0 0 0 0 0 0 0 0 0 0 0 0 0 0 0 0 0  |
 ├────────────────────┼─────────────┼─────────────┼──────────────────────────────────────────────────────────────────┤
 | 0x00000000000002e8 | 23          | 24          | 0 0 0 0 0 0 0 0 0 0 0 0 0 0 0 0 0 0 0 0 0 0 0 1 1 0 0 0 0 0 0 0  |
 ├────────────────────┼─────────────┼─────────────┼──────────────────────────────────────────────────────────────────┤
 | 0x00000000000003a2 | 14          | 15          | 0 0 0 0 0 0 0 0 0 0 0 0 0 0 1 1 0 0 0 0 0 0 0 0 0 0 0 0 0 0 0 0  |
 ├────────────────────┼─────────────┼─────────────┼──────────────────────────────────────────────────────────────────┤
 | 0x00000000000006da | 31          | 30          | 0 0 0 0 0 0 0 0 0 0 0 0 0 1 1 1 1 1 1 1 1 1 1 1 1 1 1 1 1 1 1 1  |
 ├────────────────────┼─────────────┼─────────────┼──────────────────────────────────────────────────────────────────┤
 | 0x00000000000005ce | 16          | 2           | 0 0 1 0 0 0 0 0 0 0 0 0 0 0 0 0 1 0 0 0 0 0 0 0 0 0 0 0 0 0 0 0  |
 ├────────────────────┼─────────────┼─────────────┼──────────────────────────────────────────────────────────────────┤
 | 0x0000000000000428 | 13          | 9           | 0 0 0 0 0 0 0 0 0 1 0 0 0 1 0 0 0 0 0 0 0 0 0 0 0 0 0 0 0 0 0 0  |
 ├────────────────────┼─────────────┼─────────────┼──────────────────────────────────────────────────────────────────┤
 | 0x00000000000007aa | 4           | 3           | 0 0 0 1 1 0 0 0 0 0 0 0 0 0 0 0 0 0 0 0 0 0 0 0 0 0 0 0 0 0 0 0  |
 ├────────────────────┼─────────────┼─────────────┼──────────────────────────────────────────────────────────────────┤
 | 0x00000000000007c3 | 19          | 18          | 0 0 0 0 0 0 0 0 0 0 0 0 0 0 0 0 0 0 1 1 0 0 0 0 0 0 0 0 0 0 0 0  |
 ├────────────────────┼─────────────┼─────────────┼──────────────────────────────────────────────────────────────────┤
 | 0x00000000000007c0 | 3           | 4           | 0 0 0 1 1 0 0 0 0 0 0 0 0 0 0 0 0 0 0 0 0 0 0 0 0 0 0 0 0 0 0 0  |
 ├────────────────────┼─────────────┼─────────────┼──────────────────────────────────────────────────────────────────┤
 | 0x0000000000000949 | 1           | 0           | 1 1 0 0 0 0 0 0 0 0 0 0 0 0 0 0 0 0 0 0 0 0 0 0 0 0 0 0 0 0 0 0  |
 ├────────────────────┼─────────────┼─────────────┼──────────────────────────────────────────────────────────────────┤
 | 0x000000000000061c | 16          | 2           | 0 0 1 0 0 0 0 0 0 0 0 0 0 0 0 0 1 0 0 0 0 0 0 0 0 0 0 0 0 0 0 0  |
 └────────────────────┴─────────────┴─────────────┴──────────────────────────────────────────────────────────────────┘
Accumulation table end
Offset pattern table begin
 ┌────────────────────┬─────────────┬───────────────────────────────────────────────────────────────────────────┐
 | Key                | Second      | Pattern                                                                   |
 ├────────────────────┼─────────────┼───────────────────────────────────────────────────────────────────────────┤
 | 0x0000000000000000 | 1           | 30 20 1 1 0 0 0 0 0 0 0 0 1 0 1 0 2 0 1 1 1 0 0 1 1 3 2 1 0 0 0 0         |
 ├────────────────────┼─────────────┼───────────────────────────────────────────────────────────────────────────┤
 | 0x0000000000000001 | 0           | 22 9 0 0 0 1 0 0 0 0 0 0 0 0 0 0 0 0 0 0 0 0 0 0 1 0 0 0 0 0 0 10         |
 ├────────────────────┼─────────────┼───────────────────────────────────────────────────────────────────────────┤
 | 0x0000000000000002 | 14          | 16 3 0 0 0 0 0 0 0 0 0 0 2 0 0 2 0 0 0 0 0 0 0 0 0 0 0 0 0 0 1 8          |
 ├────────────────────┼─────────────┼───────────────────────────────────────────────────────────────────────────┤
 | 0x0000000000000003 | 2           | 18 12 0 0 0 0 0 1 0 0 0 0 0 0 0 1 0 0 0 0 0 0 0 0 0 0 0 0 0 1 1 2         |
 ├────────────────────┼─────────────┼───────────────────────────────────────────────────────────────────────────┤
 | 0x0000000000000004 | 3           | 17 4 0 0 0 1 0 0 0 0 0 0 0 0 0 0 0 0 0 0 0 0 0 0 0 0 0 0 3 5 5 10         |
 ├────────────────────┼─────────────┼───────────────────────────────────────────────────────────────────────────┤
 | 0x0000000000000005 | 4           | 25 7 2 3 3 0 1 0 1 1 0 0 0 0 0 0 0 0 0 0 0 0 0 0 2 0 0 6 6 6 9 14         |
 ├────────────────────┼─────────────┼───────────────────────────────────────────────────────────────────────────┤
 | 0x0000000000000006 | 17          | 24 9 3 0 0 0 0 0 2 0 0 0 0 0 0 0 0 0 0 0 0 0 0 0 0 0 3 3 3 6 3 8          |
 ├────────────────────┼─────────────┼───────────────────────────────────────────────────────────────────────────┤
 | 0x0000000000000007 | 6           | 22 11 0 0 0 1 0 0 0 0 0 0 0 0 0 0 0 0 0 0 0 0 0 0 0 5 5 5 5 5 6 9         |
 ├────────────────────┼─────────────┼───────────────────────────────────────────────────────────────────────────┤
 | 0x0000000000000008 | 7           | 30 11 1 0 0 0 0 0 0 0 0 0 0 0 0 0 0 1 0 0 0 0 0 0 7 7 7 7 8 8 9 12        |
 ├────────────────────┼─────────────┼───────────────────────────────────────────────────────────────────────────┤
 | 0x0000000000000009 | 10          | 23 8 0 0 6 0 0 0 0 0 0 0 0 0 0 0 0 0 0 0 0 0 0 2 2 2 2 3 2 2 2 6          |
 ├────────────────────┼─────────────┼───────────────────────────────────────────────────────────────────────────┤
 | 0x000000000000000a | 17          | 28 12 0 0 1 0 0 7 1 0 0 0 0 0 0 0 0 0 0 0 0 0 2 2 4 2 2 2 2 2 3 7         |
 ├────────────────────┼─────────────┼───────────────────────────────────────────────────────────────────────────┤
 | 0x000000000000000b | 10          | 25 12 1 0 0 0 3 0 0 0 0 0 0 0 0 0 0 0 0 0 0 3 3 3 3 4 4 3 3 3 3 5         |
 ├────────────────────┼─────────────┼───────────────────────────────────────────────────────────────────────────┤
 | 0x000000000000000c | 11          | 25 14 1 1 1 0 0 0 0 0 0 0 0 0 0 0 0 0 0 0 2 2 2 3 2 2 3 3 2 2 4 10        |
 ├────────────────────┼─────────────┼───────────────────────────────────────────────────────────────────────────┤
 | 0x000000000000000d | 14          | 18 11 0 0 0 0 0 0 0 0 0 0 0 0 0 0 0 0 0 1 1 1 1 2 2 2 2 2 2 2 3 5         |
 ├────────────────────┼─────────────┼───────────────────────────────────────────────────────────────────────────┤
 | 0x000000000000000e | 15          | 28 8 0 1 0 0 0 0 0 0 0 0 0 0 0 0 0 0 1 1 8 1 0 0 0 0 0 0 4 0 1 5          |
 ├────────────────────┼─────────────┼───────────────────────────────────────────────────────────────────────────┤
 | 0x000000000000000f | 14          | 27 23 0 0 0 0 0 0 0 0 0 0 0 0 0 0 0 0 0 0 1 0 0 0 0 0 0 0 0 0 0 2         |
 ├────────────────────┼─────────────┼───────────────────────────────────────────────────────────────────────────┤
 | 0x0000000000000010 | 15          | 26 20 1 1 1 0 0 0 0 0 0 0 0 0 0 0 0 3 0 0 0 0 0 0 0 0 0 0 0 0 0 4         |
 ├────────────────────┼─────────────┼───────────────────────────────────────────────────────────────────────────┤
 | 0x0000000000000011 | 16          | 30 13 0 0 0 0 0 0 0 0 0 0 0 0 0 0 3 1 3 1 1 2 1 1 1 1 1 1 3 6 1 9         |
 ├────────────────────┼─────────────┼───────────────────────────────────────────────────────────────────────────┤
 | 0x0000000000000012 | 17          | 16 8 1 1 0 0 0 0 0 0 0 0 0 0 0 0 0 1 1 1 1 1 1 1 1 1 1 1 1 1 1 5          |
 ├────────────────────┼─────────────┼───────────────────────────────────────────────────────────────────────────┤
 | 0x0000000000000013 | 18          | 21 6 0 0 0 0 0 0 0 0 0 0 0 1 1 1 1 1 1 1 1 1 3 2 2 2 2 2 2 2 2 13         |
 ├────────────────────┼─────────────┼───────────────────────────────────────────────────────────────────────────┤
 | 0x0000000000000014 | 19          | 22 10 1 1 1 0 0 0 0 0 0 0 1 1 1 1 1 1 1 1 1 1 1 1 2 2 2 2 2 2 2 10        |
 ├────────────────────┼─────────────┼───────────────────────────────────────────────────────────────────────────┤
 | 0x0000000000000015 | 20          | 17 7 0 1 0 0 0 0 0 0 0 0 0 0 0 0 0 0 1 1 1 1 1 1 1 1 1 1 1 4 3 8          |
 ├────────────────────┼─────────────┼───────────────────────────────────────────────────────────────────────────┤
 | 0x0000000000000016 | 23          | 18 9 1 0 0 0 0 0 0 0 1 1 1 1 1 1 1 1 1 1 2 3 4 4 4 4 4 4 4 4 5 10         |
 ├────────────────────┼─────────────┼───────────────────────────────────────────────────────────────────────────┤
 | 0x0000000000000017 | 22          | 16 8 0 0 0 0 0 0 0 0 0 0 0 0 0 0 0 0 0 0 0 0 0 0 0 0 0 0 0 1 1 7          |
 ├────────────────────┼─────────────┼───────────────────────────────────────────────────────────────────────────┤
 | 0x0000000000000018 | 23          | 16 10 3 1 1 0 0 0 0 0 0 0 0 0 0 0 0 0 0 1 1 1 1 1 1 1 2 2 2 2 2 5         |
 ├────────────────────┼─────────────┼───────────────────────────────────────────────────────────────────────────┤
 | 0x0000000000000019 | 24          | 23 7 2 0 0 0 0 0 0 0 0 0 1 1 1 1 1 1 1 2 2 3 3 4 4 4 4 4 4 4 6 13         |
 ├────────────────────┼─────────────┼───────────────────────────────────────────────────────────────────────────┤
 | 0x000000000000001a | 25          | 19 8 0 0 0 0 1 1 1 1 1 1 1 1 1 2 2 2 3 3 5 5 5 5 5 5 5 5 5 5 5 11         |
 ├────────────────────┼─────────────┼───────────────────────────────────────────────────────────────────────────┤
 | 0x000000000000001b | 26          | 17 9 1 1 0 0 0 0 0 0 0 0 1 1 1 1 1 1 1 1 2 3 3 3 3 4 4 4 4 5 5 7          |
 ├────────────────────┼─────────────┼───────────────────────────────────────────────────────────────────────────┤
 | 0x000000000000001c | 27          | 26 11 1 1 1 1 1 1 1 1 1 2 1 1 1 1 1 1 2 2 2 2 2 3 3 3 3 9 7 4 7 8         |
 ├────────────────────┼─────────────┼───────────────────────────────────────────────────────────────────────────┤
 | 0x000000000000001d | 28          | 22 8 0 0 0 0 0 0 0 0 0 0 0 0 2 2 3 3 3 3 3 3 5 6 6 6 8 6 6 6 6 11         |
 ├────────────────────┼─────────────┼───────────────────────────────────────────────────────────────────────────┤
 | 0x000000000000001e | 29          | 29 16 0 0 0 0 0 0 0 0 0 0 0 0 1 1 1 1 1 2 4 5 5 5 6 5 5 5 5 5 7 17        |
 ├────────────────────┼─────────────┼───────────────────────────────────────────────────────────────────────────┤
 | 0x000000000000001f | 30          | 21 2 2 2 2 2 3 4 4 4 4 4 4 4 5 5 6 6 6 6 8 9 9 9 10 11 11 12 13 14 16 20  |
 └────────────────────┴─────────────┴───────────────────────────────────────────────────────────────────────────┘
Offset pattern table end
PC pattern table begin
 ┌────────────────────┬─────────────┬─────────────────────────────────────────┐
 | Key                | Second      | Pattern                                 |
 ├────────────────────┼─────────────┼─────────────────────────────────────────┤
 | 0x0000000000000001 | 10          | 5 0 0 0 0 3 1 1 1 1 0 0 0 0 0 0         |
 ├────────────────────┼─────────────┼─────────────────────────────────────────┤
 | 0x0000000000000002 | 6           | 11 5 0 0 1 0 0 0 0 0 0 1 0 0 0 3        |
 ├────────────────────┼─────────────┼─────────────────────────────────────────┤
 | 0x0000000000000003 | 15          | 16 10 0 0 0 0 0 0 0 0 0 0 0 0 0 1       |
 ├────────────────────┼─────────────┼─────────────────────────────────────────┤
 | 0x0000000000000004 | 16          | 25 1 0 1 2 2 3 4 5 7 11 14 16 17 20 23  |
 ├────────────────────┼─────────────┼─────────────────────────────────────────┤
 | 0x0000000000000006 | 4           | 2 0 1 1 0 0 0 0 0 1 1 1 0 0 0 0         |
 ├────────────────────┼─────────────┼─────────────────────────────────────────┤
 | 0x0000000000000007 | 25          | 1 1 0 0 0 0 0 0 0 0 0 0 0 0 0 0         |
 ├────────────────────┼─────────────┼─────────────────────────────────────────┤
 | 0x0000000000000008 | 5           | 2 0 0 0 0 0 0 0 0 0 0 0 0 0 0 1         |
 ├────────────────────┼─────────────┼─────────────────────────────────────────┤
 | 0x0000000000000009 | 17          | 7 0 0 0 0 0 1 2 2 2 3 3 3 5 6 7         |
 ├────────────────────┼─────────────┼─────────────────────────────────────────┤
 | 0x000000000000000b | 13          | 2 0 0 0 0 0 1 1 1 1 1 1 0 0 0 0         |
 ├────────────────────┼─────────────┼─────────────────────────────────────────┤
 | 0x000000000000000c | 24          | 5 5 0 0 0 0 0 0 0 0 0 0 0 0 0 0         |
 ├────────────────────┼─────────────┼─────────────────────────────────────────┤
 | 0x000000000000000d | 23          | 13 1 0 0 0 1 0 0 0 1 2 4 6 4 2 2        |
 ├────────────────────┼─────────────┼─────────────────────────────────────────┤
 | 0x000000000000000f | 14          | 30 9 5 3 0 0 1 0 1 0 4 0 0 0 1 3        |
 ├────────────────────┼─────────────┼─────────────────────────────────────────┤
 | 0x0000000000000010 | 28          | 19 13 4 1 0 0 0 0 0 0 1 0 1 0 0 2       |
 ├────────────────────┼─────────────┼─────────────────────────────────────────┤
 | 0x0000000000000011 | 14          | 4 1 0 0 0 0 0 0 0 0 0 0 0 1 0 1         |
 ├────────────────────┼─────────────┼─────────────────────────────────────────┤
 | 0x0000000000000012 | 15          | 25 3 0 0 0 0 0 0 2 0 0 0 0 0 0 5        |
 ├────────────────────┼─────────────┼─────────────────────────────────────────┤
 | 0x0000000000000016 | 8           | 15 0 1 1 2 7 5 3 2 1 0 0 2 2 0 0        |
 ├────────────────────┼─────────────┼─────────────────────────────────────────┤
 | 0x0000000000000017 | 0           | 4 3 1 0 0 0 0 1 0 0 0 0 1 0 0 0         |
 ├────────────────────┼─────────────┼─────────────────────────────────────────┤
 | 0x0000000000000018 | 21          | 24 10 2 0 0 0 0 0 0 0 0 0 0 0 2 5       |
 ├────────────────────┼─────────────┼─────────────────────────────────────────┤
 | 0x0000000000000019 | 24          | 1 1 0 0 0 0 0 0 0 0 0 0 0 0 0 0         |
 ├────────────────────┼─────────────┼─────────────────────────────────────────┤
 | 0x000000000000001a | 15          | 11 0 1 1 0 0 1 2 2 2 1 0 4 3 1 0        |
 ├────────────────────┼─────────────┼─────────────────────────────────────────┤
 | 0x000000000000001b | 23          | 28 5 1 0 0 0 0 1 0 0 0 1 0 1 0 6        |
 ├────────────────────┼─────────────┼─────────────────────────────────────────┤
 | 0x000000000000001c | 20          | 22 18 4 0 0 0 0 0 0 0 0 0 0 0 0 3       |
 ├────────────────────┼─────────────┼─────────────────────────────────────────┤
 | 0x000000000000001d | 2           | 2 0 0 0 0 0 0 0 0 0 0 0 0 0 0 1         |
 ├────────────────────┼─────────────┼─────────────────────────────────────────┤
 | 0x000000000000001e | 0           | 14 13 0 0 1 0 0 0 0 0 0 0 0 0 1 1       |
 ├────────────────────┼─────────────┼─────────────────────────────────────────┤
 | 0x000000000000001f | 4           | 17 14 0 0 0 0 0 0 0 0 0 0 0 0 0 1       |
 └────────────────────┴─────────────┴─────────────────────────────────────────┘
PC pattern table end
Prefetch buffer begin
 ┌────────────────────┬──────────────────────────────────────────────────────────────────┐
 | Region             | Pattern                                                          |
 ├────────────────────┼──────────────────────────────────────────────────────────────────┤
 | 0x00000000000004ba | 0 0 0 0 0 0 0 2 2 2 2 2 2 2 2 2 2 2 2 0 0 0 0 0 0 0 0 0 0 0 0 0  |
 ├────────────────────┼──────────────────────────────────────────────────────────────────┤
 | 0x0000000000000483 | 0 0 0 0 0 0 0 0 0 0 0 0 2 2 2 2 0 0 0 0 0 0 0 0 0 0 0 0 0 0 0 0  |
 ├────────────────────┼──────────────────────────────────────────────────────────────────┤
 | 0x0000000000000d69 | 0 2 0 0 0 0 0 0 0 0 0 0 0 0 0 0 0 0 0 0 0 0 0 0 0 2 0 0 0 0 0 0  |
 ├────────────────────┼──────────────────────────────────────────────────────────────────┤
 | 0x0000000000000277 | 0 0 0 0 0 0 0 0 0 0 0 2 2 2 2 2 0 0 0 0 0 0 0 0 0 0 0 0 0 0 0 0  |
 ├────────────────────┼──────────────────────────────────────────────────────────────────┤
 | 0x0000000000000e18 | 0 0 0 0 0 0 0 0 0 0 2 2 2 2 2 2 0 0 0 0 0 0 0 0 0 0 0 0 0 0 0 0  |
 ├────────────────────┼──────────────────────────────────────────────────────────────────┤
 | 0x000000000000035a | 0 0 0 0 0 2 2 2 2 2 2 2 2 2 2 2 0 0 0 0 0 0 0 0 0 0 0 0 0 0 0 0  |
 ├────────────────────┼──────────────────────────────────────────────────────────────────┤
 | 0x0000000000000378 | 2 2 0 0 0 0 0 0 0 0 0 0 0 2 0 1 0 0 0 0 0 0 0 0 0 0 0 0 0 0 0 0  |
 └────────────────────┴──────────────────────────────────────────────────────────────────┘
Prefetch buffer end
Filter by PPT: 0
cpu0_L2C
Num Con Filled: 0
Num Con Useful: 0 Useless:0 Accuracy: nan
LLC
