41 41 41
Available num physical pages: 35184372088576
WARNING: physical memory size is smaller than virtual memory size

*** ChampSim Multicore Out-of-Order Simulator ***

Warmup Instructions: 5000000
Simulation Instructions: 20000000
Number of CPUs: 1
Page size: 4096

Basic BTB sets: 1024 ways: 8 indirect buffer size: 4096 RAS size: 64
cpu0_L1D PMP prefetcher
Off-chip DRAM Size: 4 GiB Channels: 1 Width: 64-bit Data Rate: 3200 MT/s
Max paddr 38M
Warmup finished CPU 0 instructions: 5000003 cycles: 1250433 cumulative IPC: 3.99862 (Simulation time: 0 hr 2 min 41 sec) 

Warmup complete CPU 0 instructions: 5000003 cycles: 1250433 (Simulation time: 0 hr 2 min 41 sec) 

Heartbeat CPU 0 instructions: 10000001 cycles: 10006555 heartbeat IPC: 0.999346 cumulative IPC: 0.571029 (Simulation time: 0 hr 9 min 25 sec) 
Heartbeat CPU 0 instructions: 20000001 cycles: 26381969 heartbeat IPC: 0.610672 cumulative IPC: 0.59686 (Simulation time: 0 hr 18 min 18 sec) 
Max paddr 81M
Simulation finished CPU 0 instructions: 20000002 cycles: 37395612 cumulative IPC: 0.534823 (Simulation time: 0 hr 20 min 41 sec) 

Simulation complete CPU 0 instructions: 20000002 cycles: 37395612 (Simulation time: 0 hr 20 min 41 sec) 


ChampSim completed all CPUs

[
  {
    "name": "Simulation",
    "traces": [
      "../traces/483.xalancbmk-127B.champsimtrace.xz"
    ],
    "roi": {
      "cores": [
        {
          "instructions": 20000002,
          "cycles": 37395612,
          "Avg ROB occupancy at mispredict": 26.792, 
          "mispredict": {
            "BRANCH_DIRECT_JUMP": 80358,
            "BRANCH_INDIRECT": 120,
            "BRANCH_CONDITIONAL": 331594,
            "BRANCH_DIRECT_CALL": 20,
            "BRANCH_INDIRECT_CALL": 596,
            "BRANCH_RETURN": 1873
          }
        }
      ],
      "cpu0_L1I": {
        "LOAD": {
          "hit":47260,
          "miss":35176
        },
        "RFO": {
          "hit":0,
          "miss":0
        },
        "PREFETCH": {
          "hit":0,
          "miss":0
        },
        "WRITE": {
          "hit":0,
          "miss":0
        },
        "TRANSLATION": {
          "hit":0,
          "miss":0
        },
        "mshr full": 20951,
        "prefetch requested": 0,
        "prefetch issued": 0,
        "prefetch filled": 0,
        "prefetch useful": 0,
        "prefetch useless": 0,
        "prefetch late": 0,
        "pf_useful_at_l2_from_l1":          0,
        "pf_late_at_l2_from_l1":          0,
        "pf_useless_at_l2_from_l1":          0,
        "pf_at_l2_to_l1":          0,
        "pf_fill_this_level":          0,
        "miss latency": 4.97606,
        "cache queues": {
          "PQ_ACCESS": 0,
          "PQ_FULL": 0,
          "PQ_TO_CACHE": 0,
          "PQ_MERGED": 0,
          "RQ_ACCESS": 84865,
          "RQ_MERGED": 2429,
          "RQ_FULL": 0,
          "WQ_ACCESS": 0,
          "WQ_MERGED": 0,
          "WQ_FULL": 0
        }
      },
      "cpu0_ITLB": {
        "LOAD": {
          "hit":55480,
          "miss":14018
        },
        "RFO": {
          "hit":0,
          "miss":0
        },
        "PREFETCH": {
          "hit":0,
          "miss":0
        },
        "WRITE": {
          "hit":0,
          "miss":0
        },
        "TRANSLATION": {
          "hit":0,
          "miss":0
        },
        "mshr full": 0,
        "prefetch requested": 0,
        "prefetch issued": 0,
        "prefetch filled": 0,
        "prefetch useful": 0,
        "prefetch useless": 0,
        "prefetch late": 0,
        "pf_useful_at_l2_from_l1":          0,
        "pf_late_at_l2_from_l1":          0,
        "pf_useless_at_l2_from_l1":          0,
        "pf_at_l2_to_l1":          0,
        "pf_fill_this_level":          0,
        "miss latency": 1.66006,
        "cache queues": {
          "PQ_ACCESS": 0,
          "PQ_FULL": 0,
          "PQ_TO_CACHE": 0,
          "PQ_MERGED": 0,
          "RQ_ACCESS": 69498,
          "RQ_MERGED": 0,
          "RQ_FULL": 0,
          "WQ_ACCESS": 0,
          "WQ_MERGED": 0,
          "WQ_FULL": 0
        }
      },
      "cpu0_DTLB": {
        "LOAD": {
          "hit":6152151,
          "miss":441258
        },
        "RFO": {
          "hit":0,
          "miss":0
        },
        "PREFETCH": {
          "hit":0,
          "miss":0
        },
        "WRITE": {
          "hit":0,
          "miss":0
        },
        "TRANSLATION": {
          "hit":0,
          "miss":0
        },
        "mshr full": 516433,
        "prefetch requested": 0,
        "prefetch issued": 0,
        "prefetch filled": 0,
        "prefetch useful": 0,
        "prefetch useless": 0,
        "prefetch late": 0,
        "pf_useful_at_l2_from_l1":          0,
        "pf_late_at_l2_from_l1":          0,
        "pf_useless_at_l2_from_l1":          0,
        "pf_at_l2_to_l1":          0,
        "pf_fill_this_level":          0,
        "miss latency": 1.95722,
        "cache queues": {
          "PQ_ACCESS": 0,
          "PQ_FULL": 0,
          "PQ_TO_CACHE": 0,
          "PQ_MERGED": 0,
          "RQ_ACCESS": 13454514,
          "RQ_MERGED": 0,
          "RQ_FULL": 6861105,
          "WQ_ACCESS": 0,
          "WQ_MERGED": 0,
          "WQ_FULL": 0
        }
      },
      "cpu0_STLB": {
        "LOAD": {
          "hit":13438,
          "miss":67682
        },
        "RFO": {
          "hit":0,
          "miss":0
        },
        "PREFETCH": {
          "hit":0,
          "miss":0
        },
        "WRITE": {
          "hit":0,
          "miss":0
        },
        "TRANSLATION": {
          "hit":0,
          "miss":0
        },
        "mshr full": 0,
        "prefetch requested": 0,
        "prefetch issued": 0,
        "prefetch filled": 0,
        "prefetch useful": 0,
        "prefetch useless": 0,
        "prefetch late": 0,
        "pf_useful_at_l2_from_l1":          0,
        "pf_late_at_l2_from_l1":          0,
        "pf_useless_at_l2_from_l1":          0,
        "pf_at_l2_to_l1":          0,
        "pf_fill_this_level":          0,
        "miss latency": 12.4374,
        "cache queues": {
          "PQ_ACCESS": 0,
          "PQ_FULL": 0,
          "PQ_TO_CACHE": 0,
          "PQ_MERGED": 0,
          "RQ_ACCESS": 81120,
          "RQ_MERGED": 0,
          "RQ_FULL": 0,
          "WQ_ACCESS": 0,
          "WQ_MERGED": 0,
          "WQ_FULL": 0
        }
      },
      "cpu0_L1D": {
        "LOAD": {
          "hit":4455785,
          "miss":1481615
        },
        "RFO": {
          "hit":0,
          "miss":0
        },
        "PREFETCH": {
          "hit":30557,
          "miss":1327291
        },
        "WRITE": {
          "hit":639762,
          "miss":5206
        },
        "TRANSLATION": {
          "hit":35389,
          "miss":36970
        },
        "mshr full": 318719,
        "prefetch requested": 1357849,
        "prefetch issued": 1357849,
        "prefetch filled": 756,
        "prefetch useful": 283,
        "prefetch useless": 592,
        "prefetch late": 18,
        "pf_useful_at_l2_from_l1":          0,
        "pf_late_at_l2_from_l1":          0,
        "pf_useless_at_l2_from_l1":          0,
        "pf_at_l2_to_l1":          0,
        "pf_fill_this_level":        756,
        "miss latency": 3.33107,
        "cache queues": {
          "PQ_ACCESS": 1357849,
          "PQ_FULL": 0,
          "PQ_TO_CACHE": 1357849,
          "PQ_MERGED": 0,
          "RQ_ACCESS": 14085086,
          "RQ_MERGED": 15267,
          "RQ_FULL": 8132417,
          "WQ_ACCESS": 644970,
          "WQ_MERGED": 2,
          "WQ_FULL": 0
        }
      },
      "cpu0_L2C": {
        "LOAD": {
          "hit":209846,
          "miss":369121
        },
        "RFO": {
          "hit":1131,
          "miss":792
        },
        "PREFETCH": {
          "hit":79446,
          "miss":1140905
        },
        "WRITE": {
          "hit":3288,
          "miss":0
        },
        "TRANSLATION": {
          "hit":8378,
          "miss":28592
        },
        "mshr full": 700179,
        "prefetch requested": 0,
        "prefetch issued": 0,
        "prefetch filled": 1102923,
        "prefetch useful": 0,
        "prefetch useless": 0,
        "prefetch late": 0,
        "pf_useful_at_l2_from_l1":     228923,
        "pf_late_at_l2_from_l1":      37628,
        "pf_useless_at_l2_from_l1":     910298,
        "pf_at_l2_to_l1":         34,
        "pf_fill_this_level":    1102190,
        "miss latency": 37.903,
        "cache queues": {
          "PQ_ACCESS": 1242854,
          "PQ_FULL": 22503,
          "PQ_TO_CACHE": 1220351,
          "PQ_MERGED": 0,
          "RQ_ACCESS": 617864,
          "RQ_MERGED": 0,
          "RQ_FULL": 0,
          "WQ_ACCESS": 3450,
          "WQ_MERGED": 0,
          "WQ_FULL": 0
        }
      },
      "LLC": {
        "LOAD": {
          "hit": [6704],
          "miss": [324797]
        },
        "RFO": {
          "hit": [146],
          "miss": [638]
        },
        "PREFETCH": {
          "hit": [15477],
          "miss": [1125078]
        },
        "WRITE": {
          "hit": [1520],
          "miss": [0]
        },
        "TRANSLATION": {
          "hit": [1851],
          "miss": [26741]
        },
        "mshr full": 0,
        "prefetch requested": 0,
        "prefetch issued": 0,
        "prefetch filled": 1125074,
        "prefetch useful": 0,
        "prefetch useless": 0,
        "prefetch late": 0,
        "pf_useful_at_l2_from_l1":          0,
        "pf_late_at_l2_from_l1":          0,
        "pf_useless_at_l2_from_l1":          0,
        "pf_at_l2_to_l1":          0,
        "pf_fill_this_level":          0,
        "miss latency": 38.0944,
        "cache queues": {
          "PQ_ACCESS": 1140556,
          "PQ_FULL": 0,
          "PQ_TO_CACHE": 1140556,
          "PQ_MERGED": 0,
          "RQ_ACCESS": 360877,
          "RQ_MERGED": 0,
          "RQ_FULL": 0,
          "WQ_ACCESS": 1529,
          "WQ_MERGED": 0,
          "WQ_FULL": 0
        }
      },
      "DRAM": [
        {
          "RQ ROW_BUFFER_HIT": 1200588,
          "RQ ROW_BUFFER_MISS": 276640,
          "PQ FULL": 0,
          "WQ ROW_BUFFER_HIT": 165,
          "WQ ROW_BUFFER_MISS": 1094,
          "WQ FULL": 0,
          "AVG DBUS CONGESTED CYCLE": 3.97213
        }
      ]

    },
    "sim": {
      "cores": [
        {
          "instructions": 20000002,
          "cycles": 37395612,
          "Avg ROB occupancy at mispredict": 26.792, 
          "mispredict": {
            "BRANCH_DIRECT_JUMP": 80358,
            "BRANCH_INDIRECT": 120,
            "BRANCH_CONDITIONAL": 331594,
            "BRANCH_DIRECT_CALL": 20,
            "BRANCH_INDIRECT_CALL": 596,
            "BRANCH_RETURN": 1873
          }
        }
      ],
      "cpu0_L1I": {
        "LOAD": {
          "hit":47260,
          "miss":35176
        },
        "RFO": {
          "hit":0,
          "miss":0
        },
        "PREFETCH": {
          "hit":0,
          "miss":0
        },
        "WRITE": {
          "hit":0,
          "miss":0
        },
        "TRANSLATION": {
          "hit":0,
          "miss":0
        },
        "mshr full": 20951,
        "prefetch requested": 0,
        "prefetch issued": 0,
        "prefetch filled": 0,
        "prefetch useful": 0,
        "prefetch useless": 0,
        "prefetch late": 0,
        "pf_useful_at_l2_from_l1":          0,
        "pf_late_at_l2_from_l1":          0,
        "pf_useless_at_l2_from_l1":          0,
        "pf_at_l2_to_l1":          0,
        "pf_fill_this_level":          0,
        "miss latency": 4.97606,
        "cache queues": {
          "PQ_ACCESS": 0,
          "PQ_FULL": 0,
          "PQ_TO_CACHE": 0,
          "PQ_MERGED": 0,
          "RQ_ACCESS": 84865,
          "RQ_MERGED": 2429,
          "RQ_FULL": 0,
          "WQ_ACCESS": 0,
          "WQ_MERGED": 0,
          "WQ_FULL": 0
        }
      },
      "cpu0_ITLB": {
        "LOAD": {
          "hit":55480,
          "miss":14018
        },
        "RFO": {
          "hit":0,
          "miss":0
        },
        "PREFETCH": {
          "hit":0,
          "miss":0
        },
        "WRITE": {
          "hit":0,
          "miss":0
        },
        "TRANSLATION": {
          "hit":0,
          "miss":0
        },
        "mshr full": 0,
        "prefetch requested": 0,
        "prefetch issued": 0,
        "prefetch filled": 0,
        "prefetch useful": 0,
        "prefetch useless": 0,
        "prefetch late": 0,
        "pf_useful_at_l2_from_l1":          0,
        "pf_late_at_l2_from_l1":          0,
        "pf_useless_at_l2_from_l1":          0,
        "pf_at_l2_to_l1":          0,
        "pf_fill_this_level":          0,
        "miss latency": 1.66006,
        "cache queues": {
          "PQ_ACCESS": 0,
          "PQ_FULL": 0,
          "PQ_TO_CACHE": 0,
          "PQ_MERGED": 0,
          "RQ_ACCESS": 69498,
          "RQ_MERGED": 0,
          "RQ_FULL": 0,
          "WQ_ACCESS": 0,
          "WQ_MERGED": 0,
          "WQ_FULL": 0
        }
      },
      "cpu0_DTLB": {
        "LOAD": {
          "hit":6152151,
          "miss":441258
        },
        "RFO": {
          "hit":0,
          "miss":0
        },
        "PREFETCH": {
          "hit":0,
          "miss":0
        },
        "WRITE": {
          "hit":0,
          "miss":0
        },
        "TRANSLATION": {
          "hit":0,
          "miss":0
        },
        "mshr full": 516433,
        "prefetch requested": 0,
        "prefetch issued": 0,
        "prefetch filled": 0,
        "prefetch useful": 0,
        "prefetch useless": 0,
        "prefetch late": 0,
        "pf_useful_at_l2_from_l1":          0,
        "pf_late_at_l2_from_l1":          0,
        "pf_useless_at_l2_from_l1":          0,
        "pf_at_l2_to_l1":          0,
        "pf_fill_this_level":          0,
        "miss latency": 1.95722,
        "cache queues": {
          "PQ_ACCESS": 0,
          "PQ_FULL": 0,
          "PQ_TO_CACHE": 0,
          "PQ_MERGED": 0,
          "RQ_ACCESS": 13454514,
          "RQ_MERGED": 0,
          "RQ_FULL": 6861105,
          "WQ_ACCESS": 0,
          "WQ_MERGED": 0,
          "WQ_FULL": 0
        }
      },
      "cpu0_STLB": {
        "LOAD": {
          "hit":13438,
          "miss":67682
        },
        "RFO": {
          "hit":0,
          "miss":0
        },
        "PREFETCH": {
          "hit":0,
          "miss":0
        },
        "WRITE": {
          "hit":0,
          "miss":0
        },
        "TRANSLATION": {
          "hit":0,
          "miss":0
        },
        "mshr full": 0,
        "prefetch requested": 0,
        "prefetch issued": 0,
        "prefetch filled": 0,
        "prefetch useful": 0,
        "prefetch useless": 0,
        "prefetch late": 0,
        "pf_useful_at_l2_from_l1":          0,
        "pf_late_at_l2_from_l1":          0,
        "pf_useless_at_l2_from_l1":          0,
        "pf_at_l2_to_l1":          0,
        "pf_fill_this_level":          0,
        "miss latency": 12.4374,
        "cache queues": {
          "PQ_ACCESS": 0,
          "PQ_FULL": 0,
          "PQ_TO_CACHE": 0,
          "PQ_MERGED": 0,
          "RQ_ACCESS": 81120,
          "RQ_MERGED": 0,
          "RQ_FULL": 0,
          "WQ_ACCESS": 0,
          "WQ_MERGED": 0,
          "WQ_FULL": 0
        }
      },
      "cpu0_L1D": {
        "LOAD": {
          "hit":4455785,
          "miss":1481615
        },
        "RFO": {
          "hit":0,
          "miss":0
        },
        "PREFETCH": {
          "hit":30557,
          "miss":1327291
        },
        "WRITE": {
          "hit":639762,
          "miss":5206
        },
        "TRANSLATION": {
          "hit":35389,
          "miss":36970
        },
        "mshr full": 318719,
        "prefetch requested": 1357849,
        "prefetch issued": 1357849,
        "prefetch filled": 756,
        "prefetch useful": 283,
        "prefetch useless": 592,
        "prefetch late": 18,
        "pf_useful_at_l2_from_l1":          0,
        "pf_late_at_l2_from_l1":          0,
        "pf_useless_at_l2_from_l1":          0,
        "pf_at_l2_to_l1":          0,
        "pf_fill_this_level":        756,
        "miss latency": 3.33107,
        "cache queues": {
          "PQ_ACCESS": 1357849,
          "PQ_FULL": 0,
          "PQ_TO_CACHE": 1357849,
          "PQ_MERGED": 0,
          "RQ_ACCESS": 14085086,
          "RQ_MERGED": 15267,
          "RQ_FULL": 8132417,
          "WQ_ACCESS": 644970,
          "WQ_MERGED": 2,
          "WQ_FULL": 0
        }
      },
      "cpu0_L2C": {
        "LOAD": {
          "hit":209846,
          "miss":369121
        },
        "RFO": {
          "hit":1131,
          "miss":792
        },
        "PREFETCH": {
          "hit":79446,
          "miss":1140905
        },
        "WRITE": {
          "hit":3288,
          "miss":0
        },
        "TRANSLATION": {
          "hit":8378,
          "miss":28592
        },
        "mshr full": 700179,
        "prefetch requested": 0,
        "prefetch issued": 0,
        "prefetch filled": 1102923,
        "prefetch useful": 0,
        "prefetch useless": 0,
        "prefetch late": 0,
        "pf_useful_at_l2_from_l1":     228923,
        "pf_late_at_l2_from_l1":      37628,
        "pf_useless_at_l2_from_l1":     910298,
        "pf_at_l2_to_l1":         34,
        "pf_fill_this_level":    1102190,
        "miss latency": 37.903,
        "cache queues": {
          "PQ_ACCESS": 1242854,
          "PQ_FULL": 22503,
          "PQ_TO_CACHE": 1220351,
          "PQ_MERGED": 0,
          "RQ_ACCESS": 617864,
          "RQ_MERGED": 0,
          "RQ_FULL": 0,
          "WQ_ACCESS": 3450,
          "WQ_MERGED": 0,
          "WQ_FULL": 0
        }
      },
      "LLC": {
        "LOAD": {
          "hit": [6704],
          "miss": [324797]
        },
        "RFO": {
          "hit": [146],
          "miss": [638]
        },
        "PREFETCH": {
          "hit": [15477],
          "miss": [1125078]
        },
        "WRITE": {
          "hit": [1520],
          "miss": [0]
        },
        "TRANSLATION": {
          "hit": [1851],
          "miss": [26741]
        },
        "mshr full": 0,
        "prefetch requested": 0,
        "prefetch issued": 0,
        "prefetch filled": 1125074,
        "prefetch useful": 0,
        "prefetch useless": 0,
        "prefetch late": 0,
        "pf_useful_at_l2_from_l1":          0,
        "pf_late_at_l2_from_l1":          0,
        "pf_useless_at_l2_from_l1":          0,
        "pf_at_l2_to_l1":          0,
        "pf_fill_this_level":          0,
        "miss latency": 38.0944,
        "cache queues": {
          "PQ_ACCESS": 1140556,
          "PQ_FULL": 0,
          "PQ_TO_CACHE": 1140556,
          "PQ_MERGED": 0,
          "RQ_ACCESS": 360877,
          "RQ_MERGED": 0,
          "RQ_FULL": 0,
          "WQ_ACCESS": 1529,
          "WQ_MERGED": 0,
          "WQ_FULL": 0
        }
      },
      "DRAM": [
        {
          "RQ ROW_BUFFER_HIT": 1200588,
          "RQ ROW_BUFFER_MISS": 276640,
          "PQ FULL": 0,
          "WQ ROW_BUFFER_HIT": 165,
          "WQ ROW_BUFFER_MISS": 1094,
          "WQ FULL": 0,
          "AVG DBUS CONGESTED CYCLE": 3.97213
        }
      ]

    }
  }
]
cpu0_ITLB
cpu0_DTLB
cpu0_STLB
Prefetch Request to L1: 1090, Prefetch Request to L2: 1356759
Invalid by Eviction: 7001
Invalid by Max: 82688
Filter table begin
 ┌────────────────────┬─────────────┐
 | Region             | Offset      |
 ├────────────────────┼─────────────┤
 | 0x0000000000000241 | 18          |
 ├────────────────────┼─────────────┤
 | 0x000000000000023f | 3           |
 ├────────────────────┼─────────────┤
 | 0x0000000000003895 | 16          |
 ├────────────────────┼─────────────┤
 | 0x0000000000003860 | 0           |
 ├────────────────────┼─────────────┤
 | 0x00000000000038aa | 0           |
 ├────────────────────┼─────────────┤
 | 0x000000000000383b | 28          |
 ├────────────────────┼─────────────┤
 | 0x0000000000003850 | 2           |
 ├────────────────────┼─────────────┤
 | 0x0000000000003866 | 15          |
 ├────────────────────┼─────────────┤
 | 0x00000000000038ac | 28          |
 ├────────────────────┼─────────────┤
 | 0x0000000000000245 | 19          |
 ├────────────────────┼─────────────┤
 | 0x0000000000000238 | 20          |
 ├────────────────────┼─────────────┤
 | 0x0000000000000231 | 28          |
 ├────────────────────┼─────────────┤
 | 0x000000000000387e | 4           |
 └────────────────────┴─────────────┘
Filter table end
Accumulation table begin
 ┌────────────────────┬─────────────┬─────────────┬──────────────────────────────────────────────────────────────────┐
 | Region             | Offset      | Second      | Pattern                                                          |
 ├────────────────────┼─────────────┼─────────────┼──────────────────────────────────────────────────────────────────┤
 | 0x0000000000003892 | 5           | 24          | 0 0 0 0 0 1 0 0 0 0 0 0 0 0 0 0 0 0 0 0 0 0 0 0 1 1 1 1 0 0 0 0  |
 ├────────────────────┼─────────────┼─────────────┼──────────────────────────────────────────────────────────────────┤
 | 0x000000000000389d | 0           | 1           | 1 1 1 0 0 0 1 1 0 0 0 0 0 0 0 0 0 0 0 0 0 0 0 0 0 0 0 0 0 0 0 0  |
 ├────────────────────┼─────────────┼─────────────┼──────────────────────────────────────────────────────────────────┤
 | 0x00000000000038a8 | 2           | 3           | 1 0 1 1 0 0 0 1 1 1 1 0 0 0 0 0 0 0 0 0 0 0 0 0 0 0 0 0 0 0 0 0  |
 ├────────────────────┼─────────────┼─────────────┼──────────────────────────────────────────────────────────────────┤
 | 0x00000000000038a4 | 3           | 4           | 0 0 0 1 1 0 0 0 0 0 0 0 0 0 0 0 0 0 0 0 0 0 0 0 0 0 0 0 0 0 0 0  |
 ├────────────────────┼─────────────┼─────────────┼──────────────────────────────────────────────────────────────────┤
 | 0x000000000000213a | 19          | 18          | 0 0 0 0 0 0 0 0 0 0 0 0 0 0 0 0 0 0 1 1 0 0 0 0 0 0 0 0 0 0 0 0  |
 ├────────────────────┼─────────────┼─────────────┼──────────────────────────────────────────────────────────────────┤
 | 0x0000000000000232 | 12          | 27          | 0 0 0 0 0 0 0 0 0 0 0 0 1 0 0 0 0 0 0 0 0 0 0 0 0 0 0 1 0 0 0 0  |
 ├────────────────────┼─────────────┼─────────────┼──────────────────────────────────────────────────────────────────┤
 | 0x00000000000038a1 | 0           | 3           | 1 1 1 1 1 1 1 1 1 1 0 1 1 0 1 1 1 0 0 0 0 0 0 0 0 0 0 0 0 0 0 0  |
 ├────────────────────┼─────────────┼─────────────┼──────────────────────────────────────────────────────────────────┤
 | 0x00000000000038ad | 6           | 5           | 1 0 0 1 1 1 1 1 1 1 1 0 0 0 0 0 0 0 0 0 0 0 0 0 0 0 0 0 0 0 0 0  |
 ├────────────────────┼─────────────┼─────────────┼──────────────────────────────────────────────────────────────────┤
 | 0x000000000000389b | 18          | 22          | 0 0 0 0 0 0 0 0 0 0 0 0 0 0 0 0 0 0 1 0 0 1 1 1 1 1 1 1 1 1 1 1  |
 ├────────────────────┼─────────────┼─────────────┼──────────────────────────────────────────────────────────────────┤
 | 0x000000000000388f | 7           | 12          | 0 0 0 0 0 1 0 1 0 0 0 0 1 0 0 0 0 0 0 0 0 0 0 0 0 0 0 0 0 0 0 0  |
 ├────────────────────┼─────────────┼─────────────┼──────────────────────────────────────────────────────────────────┤
 | 0x0000000000003897 | 4           | 7           | 0 0 0 0 1 0 1 1 1 1 1 1 0 0 0 0 0 0 0 0 0 0 0 0 0 0 0 0 0 0 0 0  |
 ├────────────────────┼─────────────┼─────────────┼──────────────────────────────────────────────────────────────────┤
 | 0x0000000000003889 | 1           | 2           | 1 1 1 1 0 0 1 0 0 0 0 0 0 0 0 0 0 0 0 0 0 0 0 0 0 0 0 0 0 0 0 0  |
 ├────────────────────┼─────────────┼─────────────┼──────────────────────────────────────────────────────────────────┤
 | 0x00000000000038a2 | 4           | 5           | 0 0 0 0 1 1 0 0 1 1 0 1 1 0 0 0 0 0 1 0 0 1 0 0 1 1 1 0 1 1 1 1  |
 ├────────────────────┼─────────────┼─────────────┼──────────────────────────────────────────────────────────────────┤
 | 0x00000000000038ae | 27          | 26          | 0 0 0 0 0 0 0 0 0 0 0 0 0 0 0 0 0 0 0 0 0 0 0 0 0 0 1 1 1 1 0 1  |
 ├────────────────────┼─────────────┼─────────────┼──────────────────────────────────────────────────────────────────┤
 | 0x0000000000003891 | 11          | 5           | 0 0 1 0 0 1 0 0 0 0 0 1 0 0 0 0 0 0 0 0 0 0 0 0 0 0 0 0 0 0 0 0  |
 ├────────────────────┼─────────────┼─────────────┼──────────────────────────────────────────────────────────────────┤
 | 0x0000000000003681 | 26          | 27          | 0 0 0 0 0 0 0 0 0 0 0 0 0 0 0 0 0 0 0 0 0 0 0 0 0 0 1 1 1 1 1 1  |
 ├────────────────────┼─────────────┼─────────────┼──────────────────────────────────────────────────────────────────┤
 | 0x0000000000003881 | 20          | 21          | 0 0 0 0 0 0 0 0 0 0 0 0 0 0 0 1 0 0 0 0 1 1 0 1 1 0 0 0 0 0 1 0  |
 ├────────────────────┼─────────────┼─────────────┼──────────────────────────────────────────────────────────────────┤
 | 0x00000000000038a0 | 17          | 18          | 0 0 0 0 0 0 0 0 0 0 0 0 0 0 0 0 0 1 1 1 1 1 0 1 1 1 1 1 0 1 1 1  |
 ├────────────────────┼─────────────┼─────────────┼──────────────────────────────────────────────────────────────────┤
 | 0x0000000000003888 | 18          | 19          | 0 0 0 0 0 0 0 0 0 0 0 0 0 0 0 0 0 0 1 1 1 0 1 0 1 1 1 1 1 1 1 1  |
 ├────────────────────┼─────────────┼─────────────┼──────────────────────────────────────────────────────────────────┤
 | 0x00000000000038b1 | 19          | 20          | 0 0 0 0 0 0 0 0 0 0 0 0 0 0 0 0 0 0 1 1 1 1 1 1 0 0 0 0 0 0 0 0  |
 ├────────────────────┼─────────────┼─────────────┼──────────────────────────────────────────────────────────────────┤
 | 0x0000000000003896 | 0           | 3           | 1 1 0 1 0 1 1 1 1 1 1 1 1 1 1 1 0 0 1 0 1 0 0 0 0 0 1 0 1 0 0 1  |
 ├────────────────────┼─────────────┼─────────────┼──────────────────────────────────────────────────────────────────┤
 | 0x00000000000038a6 | 0           | 1           | 1 1 0 0 0 0 0 0 0 0 0 0 0 0 0 0 0 0 0 0 0 0 0 0 0 0 0 0 0 0 0 0  |
 ├────────────────────┼─────────────┼─────────────┼──────────────────────────────────────────────────────────────────┤
 | 0x000000000000023a | 7           | 8           | 0 0 0 0 0 0 0 1 1 0 0 0 0 0 0 0 0 0 0 0 0 0 0 0 0 0 0 0 0 0 0 0  |
 ├────────────────────┼─────────────┼─────────────┼──────────────────────────────────────────────────────────────────┤
 | 0x000000000000022b | 13          | 12          | 0 0 0 0 0 0 0 0 0 0 0 0 1 1 0 0 0 0 0 0 0 0 0 0 0 0 0 0 0 0 0 0  |
 ├────────────────────┼─────────────┼─────────────┼──────────────────────────────────────────────────────────────────┤
 | 0x000000000000389c | 2           | 0           | 1 0 1 1 1 1 0 0 1 1 0 1 1 1 0 0 0 1 0 0 1 0 1 0 0 0 0 1 0 1 0 1  |
 ├────────────────────┼─────────────┼─────────────┼──────────────────────────────────────────────────────────────────┤
 | 0x0000000000003884 | 17          | 18          | 0 0 0 0 0 0 0 0 0 0 0 1 1 0 0 1 1 1 1 1 1 0 0 0 0 0 0 0 0 0 0 0  |
 ├────────────────────┼─────────────┼─────────────┼──────────────────────────────────────────────────────────────────┤
 | 0x0000000000003899 | 30          | 31          | 0 0 0 0 0 0 0 0 0 0 0 0 0 0 0 0 0 0 0 0 0 0 0 0 0 0 0 0 0 0 1 1  |
 ├────────────────────┼─────────────┼─────────────┼──────────────────────────────────────────────────────────────────┤
 | 0x00000000000038a3 | 0           | 8           | 1 0 0 0 0 0 1 1 1 1 0 1 1 1 1 1 1 1 1 0 1 1 1 1 0 1 1 1 1 1 1 1  |
 ├────────────────────┼─────────────┼─────────────┼──────────────────────────────────────────────────────────────────┤
 | 0x000000000000389f | 1           | 3           | 0 1 0 1 1 1 0 0 0 0 0 0 0 0 0 0 0 0 0 0 0 0 0 0 0 0 0 0 0 0 0 0  |
 ├────────────────────┼─────────────┼─────────────┼──────────────────────────────────────────────────────────────────┤
 | 0x000000000000388e | 5           | 6           | 0 0 0 0 0 1 1 0 0 0 0 0 1 1 1 1 0 1 1 1 1 0 1 1 0 0 0 0 0 0 0 0  |
 ├────────────────────┼─────────────┼─────────────┼──────────────────────────────────────────────────────────────────┤
 | 0x0000000000003890 | 26          | 25          | 0 0 0 0 0 0 0 0 0 0 0 0 0 0 0 0 0 0 0 0 0 0 0 0 0 1 1 1 1 0 0 0  |
 ├────────────────────┼─────────────┼─────────────┼──────────────────────────────────────────────────────────────────┤
 | 0x00000000000038af | 0           | 4           | 1 1 1 1 1 1 1 1 0 0 0 0 0 0 0 0 0 0 0 0 0 0 0 0 0 0 0 0 0 0 0 0  |
 └────────────────────┴─────────────┴─────────────┴──────────────────────────────────────────────────────────────────┘
Accumulation table end
Offset pattern table begin
 ┌────────────────────┬─────────────┬───────────────────────────────────────────────────────────────────────────────────────┐
 | Key                | Second      | Pattern                                                                               |
 ├────────────────────┼─────────────┼───────────────────────────────────────────────────────────────────────────────────────┤
 | 0x0000000000000000 | 1           | 21 15 13 13 9 8 10 8 7 8 8 8 6 6 7 8 5 6 5 7 4 5 5 4 5 5 4 5 6 5 5 4                  |
 ├────────────────────┼─────────────┼───────────────────────────────────────────────────────────────────────────────────────┤
 | 0x0000000000000001 | 3           | 30 19 21 13 16 13 14 14 10 12 9 13 9 11 13 9 11 11 9 8 8 6 6 8 6 4 5 4 6 4 6 18       |
 ├────────────────────┼─────────────┼───────────────────────────────────────────────────────────────────────────────────────┤
 | 0x0000000000000002 | 1           | 30 22 22 20 17 14 14 17 12 14 13 13 12 12 15 12 14 15 11 7 9 9 9 7 6 7 5 6 5 6 15 15  |
 ├────────────────────┼─────────────┼───────────────────────────────────────────────────────────────────────────────────────┤
 | 0x0000000000000003 | 6           | 18 11 11 10 9 9 9 8 5 7 7 7 7 6 6 6 3 6 4 3 3 4 5 3 2 2 3 2 2 5 7 6                   |
 ├────────────────────┼─────────────┼───────────────────────────────────────────────────────────────────────────────────────┤
 | 0x0000000000000004 | 3           | 25 14 14 14 8 7 13 11 9 11 8 6 7 7 4 6 6 8 5 5 4 5 4 4 3 4 5 3 3 9 8 8                |
 ├────────────────────┼─────────────┼───────────────────────────────────────────────────────────────────────────────────────┤
 | 0x0000000000000005 | 1           | 18 9 11 8 8 6 6 6 5 6 5 6 5 5 5 3 2 3 2 2 4 2 3 2 2 2 3 1 2 2 4 7                     |
 ├────────────────────┼─────────────┼───────────────────────────────────────────────────────────────────────────────────────┤
 | 0x0000000000000006 | 4           | 19 11 10 9 7 7 6 7 7 6 5 5 7 7 6 6 6 2 5 4 4 4 6 4 5 5 1 1 2 3 5 6                    |
 ├────────────────────┼─────────────┼───────────────────────────────────────────────────────────────────────────────────────┤
 | 0x0000000000000007 | 5           | 27 15 12 10 8 10 9 8 11 9 7 8 7 7 6 9 8 8 6 5 7 2 5 3 5 2 4 1 2 6 6 10                |
 ├────────────────────┼─────────────┼───────────────────────────────────────────────────────────────────────────────────────┤
 | 0x0000000000000008 | 11          | 19 11 9 11 9 6 7 6 5 5 5 6 3 3 2 3 3 1 5 5 3 3 3 5 1 1 1 1 3 2 5 8                    |
 ├────────────────────┼─────────────┼───────────────────────────────────────────────────────────────────────────────────────┤
 | 0x0000000000000009 | 14          | 25 20 15 15 15 9 10 11 10 8 8 9 8 7 5 5 6 4 4 3 4 7 6 1 1 4 3 3 6 4 9 12              |
 ├────────────────────┼─────────────┼───────────────────────────────────────────────────────────────────────────────────────┤
 | 0x000000000000000a | 11          | 24 14 17 14 10 10 8 7 8 10 7 8 7 8 5 6 7 5 4 4 5 3 3 2 2 4 4 3 2 2 6 5                |
 ├────────────────────┼─────────────┼───────────────────────────────────────────────────────────────────────────────────────┤
 | 0x000000000000000b | 3           | 31 15 16 15 11 12 8 8 10 11 10 11 7 9 7 7 7 6 6 7 6 1 2 3 2 1 2 2 4 6 9 13            |
 ├────────────────────┼─────────────┼───────────────────────────────────────────────────────────────────────────────────────┤
 | 0x000000000000000c | 6           | 21 12 12 13 9 11 7 8 9 8 5 6 6 6 4 7 4 6 6 6 1 0 1 1 2 2 1 2 3 4 5 7                  |
 ├────────────────────┼─────────────┼───────────────────────────────────────────────────────────────────────────────────────┤
 | 0x000000000000000d | 11          | 30 20 18 17 16 15 13 10 12 13 10 12 9 8 7 10 8 7 7 1 1 0 1 0 1 1 2 3 3 4 5 8          |
 ├────────────────────┼─────────────┼───────────────────────────────────────────────────────────────────────────────────────┤
 | 0x000000000000000e | 18          | 31 20 20 14 15 9 14 10 7 8 9 5 6 6 5 7 5 5 0 1 2 1 2 2 2 0 1 2 5 7 8 9                |
 ├────────────────────┼─────────────┼───────────────────────────────────────────────────────────────────────────────────────┤
 | 0x000000000000000f | 18          | 22 12 13 13 9 9 10 8 7 7 7 7 8 8 7 6 8 0 0 0 0 1 2 1 1 1 0 0 1 3 4 8                  |
 ├────────────────────┼─────────────┼───────────────────────────────────────────────────────────────────────────────────────┤
 | 0x0000000000000010 | 9           | 23 15 13 12 12 11 9 11 6 9 8 10 8 5 7 6 0 0 0 0 0 0 1 0 1 0 1 1 3 4 6 7               |
 ├────────────────────┼─────────────┼───────────────────────────────────────────────────────────────────────────────────────┤
 | 0x0000000000000011 | 10          | 28 18 18 17 11 11 13 11 7 8 9 8 7 7 7 0 1 0 0 0 0 0 0 0 0 0 1 0 1 3 7 10              |
 ├────────────────────┼─────────────┼───────────────────────────────────────────────────────────────────────────────────────┤
 | 0x0000000000000012 | 20          | 30 20 17 16 11 11 14 11 10 10 9 8 6 8 1 0 1 0 1 1 0 0 0 2 0 1 1 2 5 5 9 8             |
 ├────────────────────┼─────────────┼───────────────────────────────────────────────────────────────────────────────────────┤
 | 0x0000000000000013 | 6           | 28 19 11 14 7 8 9 9 6 8 8 5 3 0 0 0 0 0 0 0 0 0 0 0 1 0 0 1 4 3 8 11                  |
 ├────────────────────┼─────────────┼───────────────────────────────────────────────────────────────────────────────────────┤
 | 0x0000000000000014 | 24          | 24 14 13 13 10 12 13 11 8 11 10 9 0 0 0 0 0 0 0 0 0 0 0 0 0 0 0 1 1 3 3 8             |
 ├────────────────────┼─────────────┼───────────────────────────────────────────────────────────────────────────────────────┤
 | 0x0000000000000015 | 23          | 23 13 12 11 11 9 7 7 6 6 5 1 0 0 1 0 0 0 0 0 0 0 1 0 0 1 1 3 3 2 4 6                  |
 ├────────────────────┼─────────────┼───────────────────────────────────────────────────────────────────────────────────────┤
 | 0x0000000000000016 | 25          | 29 16 12 13 10 10 11 10 8 7 0 0 1 1 0 0 0 0 1 0 0 1 1 3 2 3 1 3 2 4 6 9               |
 ├────────────────────┼─────────────┼───────────────────────────────────────────────────────────────────────────────────────┤
 | 0x0000000000000017 | 26          | 19 12 10 10 8 8 7 8 6 0 0 1 0 0 0 0 0 0 0 0 1 1 0 1 2 2 1 2 1 4 3 10                  |
 ├────────────────────┼─────────────┼───────────────────────────────────────────────────────────────────────────────────────┤
 | 0x0000000000000018 | 28          | 18 12 10 9 7 6 7 5 0 1 0 0 1 0 1 1 0 0 0 0 0 0 1 0 1 1 1 1 2 3 5 6                    |
 ├────────────────────┼─────────────┼───────────────────────────────────────────────────────────────────────────────────────┤
 | 0x0000000000000019 | 24          | 21 13 11 12 10 9 9 0 0 0 0 0 0 0 0 0 0 0 0 0 0 0 1 1 1 0 2 2 2 4 5 7                  |
 ├────────────────────┼─────────────┼───────────────────────────────────────────────────────────────────────────────────────┤
 | 0x000000000000001a | 25          | 30 20 19 14 15 13 0 0 0 0 0 0 0 0 0 0 0 1 0 2 0 0 0 3 2 3 4 3 4 8 7 10                |
 ├────────────────────┼─────────────┼───────────────────────────────────────────────────────────────────────────────────────┤
 | 0x000000000000001b | 28          | 27 16 15 15 13 0 0 0 0 0 0 0 0 0 0 0 0 0 0 0 0 0 1 1 0 2 1 2 3 6 6 8                  |
 ├────────────────────┼─────────────┼───────────────────────────────────────────────────────────────────────────────────────┤
 | 0x000000000000001c | 29          | 30 21 17 14 0 0 0 0 0 0 0 0 0 0 0 0 0 0 0 0 0 0 1 3 3 5 5 6 6 5 7 10                  |
 ├────────────────────┼─────────────┼───────────────────────────────────────────────────────────────────────────────────────┤
 | 0x000000000000001d | 31          | 26 17 16 0 1 0 0 0 0 0 0 0 0 0 0 0 0 0 0 0 0 0 0 0 0 1 2 1 2 3 4 5                    |
 ├────────────────────┼─────────────┼───────────────────────────────────────────────────────────────────────────────────────┤
 | 0x000000000000001e | 31          | 18 12 0 1 1 0 0 0 0 0 0 0 0 0 0 0 0 0 1 1 1 2 2 1 1 1 2 1 2 5 5 8                     |
 ├────────────────────┼─────────────┼───────────────────────────────────────────────────────────────────────────────────────┤
 | 0x000000000000001f | 30          | 28 1 1 1 1 1 2 1 2 2 3 3 2 3 4 3 2 4 3 4 2 2 3 3 3 5 5 8 10 9 7 12                    |
 └────────────────────┴─────────────┴───────────────────────────────────────────────────────────────────────────────────────┘
Offset pattern table end
PC pattern table begin
 ┌────────────────────┬─────────────┬────────────────────────────────────────────┐
 | Key                | Second      | Pattern                                    |
 ├────────────────────┼─────────────┼────────────────────────────────────────────┤
 | 0x0000000000000000 | 18          | 16 4 3 0 1 0 1 4 0 0 0 0 0 7 6 6           |
 ├────────────────────┼─────────────┼────────────────────────────────────────────┤
 | 0x0000000000000001 | 26          | 21 13 6 8 7 7 1 7 7 7 7 5 0 1 6 1          |
 ├────────────────────┼─────────────┼────────────────────────────────────────────┤
 | 0x0000000000000002 | 15          | 22 13 9 7 5 4 3 4 4 3 1 3 4 3 3 4          |
 ├────────────────────┼─────────────┼────────────────────────────────────────────┤
 | 0x0000000000000003 | 29          | 30 10 10 0 1 3 0 1 0 0 1 0 0 2 1 4         |
 ├────────────────────┼─────────────┼────────────────────────────────────────────┤
 | 0x0000000000000004 | 29          | 31 18 6 7 6 6 7 5 5 3 2 2 2 4 2 4          |
 ├────────────────────┼─────────────┼────────────────────────────────────────────┤
 | 0x0000000000000005 | 27          | 22 2 9 4 3 2 7 3 5 0 3 1 3 0 12 12         |
 ├────────────────────┼─────────────┼────────────────────────────────────────────┤
 | 0x0000000000000006 | 20          | 20 5 0 4 4 5 5 8 1 2 0 1 0 0 1 2           |
 ├────────────────────┼─────────────┼────────────────────────────────────────────┤
 | 0x0000000000000007 | 31          | 21 15 9 9 10 9 8 6 6 4 2 1 3 3 2 4         |
 ├────────────────────┼─────────────┼────────────────────────────────────────────┤
 | 0x0000000000000008 | 4           | 16 7 2 1 0 1 0 0 0 0 0 1 0 1 1 5           |
 ├────────────────────┼─────────────┼────────────────────────────────────────────┤
 | 0x0000000000000009 | 1           | 17 11 10 10 7 5 4 4 4 2 1 2 2 1 3 4        |
 ├────────────────────┼─────────────┼────────────────────────────────────────────┤
 | 0x000000000000000a | 1           | 21 17 10 9 9 8 6 6 6 7 6 5 3 3 5 10        |
 ├────────────────────┼─────────────┼────────────────────────────────────────────┤
 | 0x000000000000000b | 3           | 24 21 15 5 1 5 0 4 0 5 0 11 7 12 16 3      |
 ├────────────────────┼─────────────┼────────────────────────────────────────────┤
 | 0x000000000000000c | 5           | 31 10 1 1 2 1 0 1 0 0 11 17 6 8 0 2        |
 ├────────────────────┼─────────────┼────────────────────────────────────────────┤
 | 0x000000000000000d | 1           | 21 10 2 5 5 5 6 0 0 1 0 2 1 1 2 7          |
 ├────────────────────┼─────────────┼────────────────────────────────────────────┤
 | 0x000000000000000e | 24          | 28 25 17 17 13 12 11 13 10 11 8 8 6 4 6 9  |
 ├────────────────────┼─────────────┼────────────────────────────────────────────┤
 | 0x000000000000000f | 11          | 17 5 4 2 0 2 1 0 2 2 5 3 2 2 3 1           |
 ├────────────────────┼─────────────┼────────────────────────────────────────────┤
 | 0x0000000000000010 | 6           | 24 16 10 10 6 7 4 5 5 3 4 2 2 3 3 8        |
 ├────────────────────┼─────────────┼────────────────────────────────────────────┤
 | 0x0000000000000011 | 4           | 31 10 1 2 1 2 5 2 2 2 1 1 0 0 4 0          |
 ├────────────────────┼─────────────┼────────────────────────────────────────────┤
 | 0x0000000000000012 | 9           | 31 7 9 8 7 2 8 7 7 6 3 1 0 11 3 14         |
 ├────────────────────┼─────────────┼────────────────────────────────────────────┤
 | 0x0000000000000013 | 31          | 16 4 2 0 1 0 1 1 2 1 0 2 1 2 8 1           |
 ├────────────────────┼─────────────┼────────────────────────────────────────────┤
 | 0x0000000000000014 | 28          | 26 10 5 3 7 2 1 3 2 3 1 3 6 2 8 7          |
 ├────────────────────┼─────────────┼────────────────────────────────────────────┤
 | 0x0000000000000015 | 27          | 25 22 16 5 0 0 2 1 1 0 0 0 0 0 1 3         |
 ├────────────────────┼─────────────┼────────────────────────────────────────────┤
 | 0x0000000000000016 | 10          | 31 26 3 3 1 0 1 1 18 1 1 2 0 2 9 2         |
 ├────────────────────┼─────────────┼────────────────────────────────────────────┤
 | 0x0000000000000017 | 5           | 18 2 4 0 0 1 0 0 0 0 0 0 1 0 1 4           |
 ├────────────────────┼─────────────┼────────────────────────────────────────────┤
 | 0x0000000000000018 | 5           | 23 11 7 2 1 1 2 2 1 2 3 2 3 2 7 7          |
 ├────────────────────┼─────────────┼────────────────────────────────────────────┤
 | 0x0000000000000019 | 24          | 26 19 15 14 8 5 7 7 5 7 5 8 7 6 9 22       |
 ├────────────────────┼─────────────┼────────────────────────────────────────────┤
 | 0x000000000000001a | 27          | 19 2 1 4 0 0 0 0 1 0 1 0 0 7 7 8           |
 ├────────────────────┼─────────────┼────────────────────────────────────────────┤
 | 0x000000000000001b | 31          | 17 4 4 9 7 6 3 1 1 1 0 4 1 1 0 1           |
 ├────────────────────┼─────────────┼────────────────────────────────────────────┤
 | 0x000000000000001c | 12          | 30 5 7 0 2 3 3 0 0 2 2 3 0 1 11 6          |
 ├────────────────────┼─────────────┼────────────────────────────────────────────┤
 | 0x000000000000001d | 26          | 22 15 1 0 4 1 4 1 1 0 0 3 0 1 1 5          |
 ├────────────────────┼─────────────┼────────────────────────────────────────────┤
 | 0x000000000000001e | 15          | 29 9 3 1 0 1 1 0 1 2 3 1 2 3 2 14          |
 ├────────────────────┼─────────────┼────────────────────────────────────────────┤
 | 0x000000000000001f | 7           | 19 7 0 0 0 0 0 1 1 0 2 3 0 0 0 2           |
 └────────────────────┴─────────────┴────────────────────────────────────────────┘
PC pattern table end
Prefetch buffer begin
 ┌────────────────────┬──────────────────────────────────────────────────────────────────┐
 | Region             | Pattern                                                          |
 ├────────────────────┼──────────────────────────────────────────────────────────────────┤
 | 0x0000000000003889 | 0 0 0 0 0 0 0 0 0 0 0 0 2 2 2 2 2 2 2 2 2 2 2 2 2 2 2 0 0 2 2 2  |
 ├────────────────────┼──────────────────────────────────────────────────────────────────┤
 | 0x000000000000389d | 0 0 0 0 0 0 0 0 0 0 0 0 0 0 0 0 0 0 0 0 0 0 0 0 0 0 0 0 0 0 2 2  |
 ├────────────────────┼──────────────────────────────────────────────────────────────────┤
 | 0x00000000000037ef | 2 2 2 2 2 2 2 2 2 2 0 0 0 0 0 0 2 2 0 0 2 2 0 0 2 2 2 2 2 2 2 2  |
 ├────────────────────┼──────────────────────────────────────────────────────────────────┤
 | 0x000000000000381f | 2 2 0 0 0 0 0 0 0 0 2 2 0 0 2 2 2 2 2 2 2 2 2 2 2 2 2 2 2 2 2 2  |
 ├────────────────────┼──────────────────────────────────────────────────────────────────┤
 | 0x0000000000003854 | 2 2 2 2 2 2 2 2 2 2 0 0 0 0 0 0 0 0 0 0 0 0 0 0 0 0 0 0 0 0 0 0  |
 ├────────────────────┼──────────────────────────────────────────────────────────────────┤
 | 0x000000000000385e | 2 2 2 2 2 0 0 0 0 0 0 0 0 0 0 0 0 0 0 0 0 0 0 0 0 0 0 0 0 0 0 0  |
 ├────────────────────┼──────────────────────────────────────────────────────────────────┤
 | 0x00000000000038a4 | 0 0 0 0 0 0 0 0 0 0 0 0 0 0 0 0 0 0 0 2 2 2 2 0 0 2 0 0 0 0 0 0  |
 ├────────────────────┼──────────────────────────────────────────────────────────────────┤
 | 0x0000000000003815 | 2 0 0 0 0 0 0 0 0 0 0 0 0 0 0 0 0 0 0 0 0 0 0 0 0 0 0 0 0 0 0 0  |
 ├────────────────────┼──────────────────────────────────────────────────────────────────┤
 | 0x000000000000385a | 2 2 2 2 2 2 2 2 2 2 2 2 2 0 0 0 0 0 0 0 0 0 0 0 0 0 0 0 0 0 0 0  |
 ├────────────────────┼──────────────────────────────────────────────────────────────────┤
 | 0x0000000000003866 | 2 0 0 2 2 0 0 0 0 0 0 0 0 0 0 0 0 0 0 0 0 0 2 2 2 2 2 2 2 2 2 2  |
 ├────────────────────┼──────────────────────────────────────────────────────────────────┤
 | 0x0000000000003872 | 2 2 2 2 2 2 2 2 0 0 0 0 0 0 0 0 0 0 0 0 0 0 0 0 0 0 0 0 0 2 2 2  |
 ├────────────────────┼──────────────────────────────────────────────────────────────────┤
 | 0x0000000000003850 | 0 0 0 0 0 0 0 0 0 0 0 0 0 0 0 0 0 0 0 0 2 0 2 0 0 0 0 0 0 0 0 0  |
 ├────────────────────┼──────────────────────────────────────────────────────────────────┤
 | 0x000000000000384e | 2 2 2 2 2 2 2 2 2 2 2 2 2 2 2 2 2 2 2 2 2 0 0 0 0 0 0 0 0 0 2 2  |
 ├────────────────────┼──────────────────────────────────────────────────────────────────┤
 | 0x0000000000003899 | 2 2 2 2 2 2 2 2 2 2 2 2 2 0 0 0 0 0 0 0 0 0 0 0 0 0 0 0 0 0 0 0  |
 ├────────────────────┼──────────────────────────────────────────────────────────────────┤
 | 0x00000000000038ac | 2 2 2 2 2 2 2 2 2 2 2 2 2 2 2 2 0 0 0 0 0 0 0 0 0 0 2 2 0 2 2 2  |
 ├────────────────────┼──────────────────────────────────────────────────────────────────┤
 | 0x000000000000389f | 0 0 0 0 0 0 2 2 2 2 2 2 2 2 2 2 2 2 2 2 2 2 0 0 2 0 0 0 0 2 2 2  |
 ├────────────────────┼──────────────────────────────────────────────────────────────────┤
 | 0x0000000000003848 | 0 2 2 2 2 2 2 0 0 0 0 0 0 0 0 0 2 2 2 2 2 2 2 2 2 2 2 2 2 2 2 0  |
 ├────────────────────┼──────────────────────────────────────────────────────────────────┤
 | 0x0000000000003790 | 0 0 0 0 0 0 0 0 0 0 0 0 0 0 2 2 2 2 2 2 2 2 2 2 2 2 2 2 2 2 2 2  |
 ├────────────────────┼──────────────────────────────────────────────────────────────────┤
 | 0x0000000000003874 | 2 2 2 2 2 2 2 2 2 2 2 2 2 2 0 0 2 2 0 0 0 0 0 0 0 0 0 2 2 2 2 2  |
 ├────────────────────┼──────────────────────────────────────────────────────────────────┤
 | 0x000000000000388b | 0 0 2 0 2 2 2 2 2 0 0 0 2 2 2 2 2 2 2 2 2 2 2 2 2 2 2 2 2 2 2 2  |
 ├────────────────────┼──────────────────────────────────────────────────────────────────┤
 | 0x0000000000003860 | 0 0 0 0 0 0 0 0 0 2 2 2 2 2 2 2 2 2 2 2 2 2 2 2 2 2 2 2 2 2 2 2  |
 ├────────────────────┼──────────────────────────────────────────────────────────────────┤
 | 0x000000000000387e | 0 0 0 0 0 0 0 0 0 0 2 2 2 2 2 2 2 2 2 2 2 2 0 0 0 0 0 0 0 0 0 0  |
 ├────────────────────┼──────────────────────────────────────────────────────────────────┤
 | 0x00000000000037ec | 0 0 0 0 0 0 0 0 0 0 0 0 0 0 0 0 0 0 0 0 0 0 0 0 0 0 0 2 2 2 2 2  |
 ├────────────────────┼──────────────────────────────────────────────────────────────────┤
 | 0x000000000000388a | 2 0 0 2 0 0 0 0 0 0 0 0 0 0 0 0 0 0 0 0 0 0 0 0 0 0 0 0 0 0 0 0  |
 ├────────────────────┼──────────────────────────────────────────────────────────────────┤
 | 0x0000000000003846 | 2 2 2 2 2 2 2 2 2 2 2 2 0 0 0 0 0 0 0 0 0 0 0 0 0 0 0 0 0 0 0 0  |
 ├────────────────────┼──────────────────────────────────────────────────────────────────┤
 | 0x000000000000383b | 2 2 2 2 2 2 2 2 2 2 2 2 2 2 0 0 0 0 0 0 0 0 0 0 0 0 0 2 0 0 2 2  |
 ├────────────────────┼──────────────────────────────────────────────────────────────────┤
 | 0x000000000000385d | 2 2 2 2 2 2 2 2 2 2 2 2 2 2 2 2 2 2 0 0 0 0 0 0 0 0 0 0 0 0 0 0  |
 ├────────────────────┼──────────────────────────────────────────────────────────────────┤
 | 0x0000000000003891 | 2 0 0 0 0 0 0 0 0 0 0 0 0 0 2 2 2 2 2 2 2 2 2 2 2 2 2 2 2 0 0 2  |
 ├────────────────────┼──────────────────────────────────────────────────────────────────┤
 | 0x000000000000304b | 0 0 0 0 0 0 0 0 0 0 0 0 0 0 0 0 0 0 0 0 0 0 0 0 0 0 0 0 0 0 2 2  |
 └────────────────────┴──────────────────────────────────────────────────────────────────┘
Prefetch buffer end
Filter by PPT: 0
cpu0_L2C
Num Con Filled: 0
Num Con Useful: 0 Useless:0 Accuracy: nan
LLC
