41 41 41
Available num physical pages: 35184372088576
WARNING: physical memory size is smaller than virtual memory size

*** ChampSim Multicore Out-of-Order Simulator ***

Warmup Instructions: 5000000
Simulation Instructions: 200000000
Number of CPUs: 1
Page size: 4096

Basic BTB sets: 1024 ways: 8 indirect buffer size: 4096 RAS size: 64
cpu0_L1D PMP prefetcher
Off-chip DRAM Size: 4 GiB Channels: 1 Width: 64-bit Data Rate: 3200 MT/s
Max paddr 2M
Warmup finished CPU 0 instructions: 5000004 cycles: 1389038 cumulative IPC: 3.59962 (Simulation time: 0 hr 3 min 50 sec) 

Warmup complete CPU 0 instructions: 5000004 cycles: 1389038 (Simulation time: 0 hr 3 min 50 sec) 

Heartbeat CPU 0 instructions: 10000004 cycles: 3180592 heartbeat IPC: 3.14408 cumulative IPC: 2.79088 (Simulation time: 0 hr 7 min 42 sec) 
Heartbeat CPU 0 instructions: 20000003 cycles: 6833799 heartbeat IPC: 2.73733 cumulative IPC: 2.75495 (Simulation time: 0 hr 13 min 37 sec) 
Heartbeat CPU 0 instructions: 30000002 cycles: 10895838 heartbeat IPC: 2.46182 cumulative IPC: 2.6297 (Simulation time: 0 hr 20 min 12 sec) 
Heartbeat CPU 0 instructions: 40000004 cycles: 14440062 heartbeat IPC: 2.8215 cumulative IPC: 2.68179 (Simulation time: 0 hr 28 min 23 sec) 
Heartbeat CPU 0 instructions: 50000001 cycles: 18004791 heartbeat IPC: 2.80527 cumulative IPC: 2.70828 (Simulation time: 0 hr 36 min 36 sec) 
Heartbeat CPU 0 instructions: 60000000 cycles: 21612273 heartbeat IPC: 2.77202 cumulative IPC: 2.71965 (Simulation time: 0 hr 43 min 0 sec) 
Heartbeat CPU 0 instructions: 70000000 cycles: 25627165 heartbeat IPC: 2.49073 cumulative IPC: 2.68173 (Simulation time: 0 hr 49 min 33 sec) 
Heartbeat CPU 0 instructions: 80000000 cycles: 29219426 heartbeat IPC: 2.78377 cumulative IPC: 2.6949 (Simulation time: 0 hr 57 min 22 sec) 
Heartbeat CPU 0 instructions: 90000000 cycles: 32740522 heartbeat IPC: 2.84003 cumulative IPC: 2.7112 (Simulation time: 1 hr 5 min 22 sec) 
Heartbeat CPU 0 instructions: 100000004 cycles: 36241668 heartbeat IPC: 2.85621 cumulative IPC: 2.72577 (Simulation time: 1 hr 11 min 58 sec) 
Heartbeat CPU 0 instructions: 110000001 cycles: 40344888 heartbeat IPC: 2.43711 cumulative IPC: 2.69536 (Simulation time: 1 hr 18 min 32 sec) 
Heartbeat CPU 0 instructions: 120000000 cycles: 44014713 heartbeat IPC: 2.72493 cumulative IPC: 2.69791 (Simulation time: 1 hr 26 min 39 sec) 
Heartbeat CPU 0 instructions: 130000002 cycles: 47530057 heartbeat IPC: 2.84468 cumulative IPC: 2.70909 (Simulation time: 1 hr 36 min 22 sec) 
Heartbeat CPU 0 instructions: 140000003 cycles: 50901283 heartbeat IPC: 2.96629 cumulative IPC: 2.7266 (Simulation time: 1 hr 44 min 33 sec) 
Heartbeat CPU 0 instructions: 150000003 cycles: 54988385 heartbeat IPC: 2.44673 cumulative IPC: 2.70526 (Simulation time: 1 hr 51 min 1 sec) 
Heartbeat CPU 0 instructions: 160000000 cycles: 58984411 heartbeat IPC: 2.50249 cumulative IPC: 2.69119 (Simulation time: 1 hr 57 min 52 sec) 
Heartbeat CPU 0 instructions: 170000004 cycles: 62575222 heartbeat IPC: 2.78489 cumulative IPC: 2.69669 (Simulation time: 2 hr 4 min 33 sec) 
Heartbeat CPU 0 instructions: 180000002 cycles: 66183809 heartbeat IPC: 2.77117 cumulative IPC: 2.70084 (Simulation time: 2 hr 11 min 10 sec) 
Heartbeat CPU 0 instructions: 190000000 cycles: 69783607 heartbeat IPC: 2.77794 cumulative IPC: 2.7049 (Simulation time: 2 hr 16 min 27 sec) 
Heartbeat CPU 0 instructions: 200000000 cycles: 73267992 heartbeat IPC: 2.86995 cumulative IPC: 2.7129 (Simulation time: 2 hr 20 min 33 sec) 
Max paddr 6M
Simulation finished CPU 0 instructions: 200000000 cycles: 73951168 cumulative IPC: 2.70449 (Simulation time: 2 hr 22 min 28 sec) 

Simulation complete CPU 0 instructions: 200000000 cycles: 73951168 (Simulation time: 2 hr 22 min 28 sec) 


ChampSim completed all CPUs

[
  {
    "name": "Simulation",
    "traces": [
      "../traces/464.h264ref-57B.champsimtrace.xz"
    ],
    "roi": {
      "cores": [
        {
          "instructions": 200000000,
          "cycles": 73951168,
          "Avg ROB occupancy at mispredict": 105.694, 
          "mispredict": {
            "BRANCH_DIRECT_JUMP": 3174,
            "BRANCH_INDIRECT": 286,
            "BRANCH_CONDITIONAL": 1024667,
            "BRANCH_DIRECT_CALL": 9464,
            "BRANCH_INDIRECT_CALL": 141,
            "BRANCH_RETURN": 517
          }
        }
      ],
      "cpu0_L1I": {
        "LOAD": {
          "hit":1345926,
          "miss":26901
        },
        "RFO": {
          "hit":0,
          "miss":0
        },
        "PREFETCH": {
          "hit":0,
          "miss":0
        },
        "WRITE": {
          "hit":0,
          "miss":0
        },
        "TRANSLATION": {
          "hit":0,
          "miss":0
        },
        "mshr full": 3734,
        "prefetch requested": 0,
        "prefetch issued": 0,
        "prefetch filled": 0,
        "prefetch useful": 0,
        "prefetch useless": 0,
        "prefetch late": 0,
        "pf_useful_at_l2_from_l1":          0,
        "pf_late_at_l2_from_l1":          0,
        "pf_useless_at_l2_from_l1":          0,
        "pf_at_l2_to_l1":          0,
        "pf_fill_this_level":          0,
        "miss latency": 3.86062,
        "cache queues": {
          "PQ_ACCESS": 0,
          "PQ_FULL": 0,
          "PQ_TO_CACHE": 0,
          "PQ_MERGED": 0,
          "RQ_ACCESS": 1380572,
          "RQ_MERGED": 7745,
          "RQ_FULL": 0,
          "WQ_ACCESS": 0,
          "WQ_MERGED": 0,
          "WQ_FULL": 0
        }
      },
      "cpu0_ITLB": {
        "LOAD": {
          "hit":1105048,
          "miss":235
        },
        "RFO": {
          "hit":0,
          "miss":0
        },
        "PREFETCH": {
          "hit":0,
          "miss":0
        },
        "WRITE": {
          "hit":0,
          "miss":0
        },
        "TRANSLATION": {
          "hit":0,
          "miss":0
        },
        "mshr full": 0,
        "prefetch requested": 0,
        "prefetch issued": 0,
        "prefetch filled": 0,
        "prefetch useful": 0,
        "prefetch useless": 0,
        "prefetch late": 0,
        "pf_useful_at_l2_from_l1":          0,
        "pf_late_at_l2_from_l1":          0,
        "pf_useless_at_l2_from_l1":          0,
        "pf_at_l2_to_l1":          0,
        "pf_fill_this_level":          0,
        "miss latency": 4.94442,
        "cache queues": {
          "PQ_ACCESS": 0,
          "PQ_FULL": 0,
          "PQ_TO_CACHE": 0,
          "PQ_MERGED": 0,
          "RQ_ACCESS": 1105283,
          "RQ_MERGED": 0,
          "RQ_FULL": 0,
          "WQ_ACCESS": 0,
          "WQ_MERGED": 0,
          "WQ_FULL": 0
        }
      },
      "cpu0_DTLB": {
        "LOAD": {
          "hit":85182029,
          "miss":178508
        },
        "RFO": {
          "hit":0,
          "miss":0
        },
        "PREFETCH": {
          "hit":0,
          "miss":0
        },
        "WRITE": {
          "hit":0,
          "miss":0
        },
        "TRANSLATION": {
          "hit":0,
          "miss":0
        },
        "mshr full": 0,
        "prefetch requested": 0,
        "prefetch issued": 0,
        "prefetch filled": 0,
        "prefetch useful": 0,
        "prefetch useless": 0,
        "prefetch late": 0,
        "pf_useful_at_l2_from_l1":          0,
        "pf_late_at_l2_from_l1":          0,
        "pf_useless_at_l2_from_l1":          0,
        "pf_at_l2_to_l1":          0,
        "pf_fill_this_level":          0,
        "miss latency": 0.343469,
        "cache queues": {
          "PQ_ACCESS": 0,
          "PQ_FULL": 0,
          "PQ_TO_CACHE": 0,
          "PQ_MERGED": 0,
          "RQ_ACCESS": 87891440,
          "RQ_MERGED": 0,
          "RQ_FULL": 2530917,
          "WQ_ACCESS": 0,
          "WQ_MERGED": 0,
          "WQ_FULL": 0
        }
      },
      "cpu0_STLB": {
        "LOAD": {
          "hit":55549,
          "miss":1812
        },
        "RFO": {
          "hit":0,
          "miss":0
        },
        "PREFETCH": {
          "hit":0,
          "miss":0
        },
        "WRITE": {
          "hit":0,
          "miss":0
        },
        "TRANSLATION": {
          "hit":0,
          "miss":0
        },
        "mshr full": 0,
        "prefetch requested": 0,
        "prefetch issued": 0,
        "prefetch filled": 0,
        "prefetch useful": 0,
        "prefetch useless": 0,
        "prefetch late": 0,
        "pf_useful_at_l2_from_l1":          0,
        "pf_late_at_l2_from_l1":          0,
        "pf_useless_at_l2_from_l1":          0,
        "pf_at_l2_to_l1":          0,
        "pf_fill_this_level":          0,
        "miss latency": 18.4698,
        "cache queues": {
          "PQ_ACCESS": 0,
          "PQ_FULL": 0,
          "PQ_TO_CACHE": 0,
          "PQ_MERGED": 0,
          "RQ_ACCESS": 57361,
          "RQ_MERGED": 0,
          "RQ_FULL": 0,
          "WQ_ACCESS": 0,
          "WQ_MERGED": 0,
          "WQ_FULL": 0
        }
      },
      "cpu0_L1D": {
        "LOAD": {
          "hit":68857816,
          "miss":1757737
        },
        "RFO": {
          "hit":0,
          "miss":0
        },
        "PREFETCH": {
          "hit":274865,
          "miss":976420
        },
        "WRITE": {
          "hit":14479776,
          "miss":1244738
        },
        "TRANSLATION": {
          "hit":389,
          "miss":1433
        },
        "mshr full": 265470,
        "prefetch requested": 1251326,
        "prefetch issued": 1251326,
        "prefetch filled": 13441,
        "prefetch useful": 11282,
        "prefetch useless": 2614,
        "prefetch late": 390,
        "pf_useful_at_l2_from_l1":          0,
        "pf_late_at_l2_from_l1":          0,
        "pf_useless_at_l2_from_l1":          0,
        "pf_at_l2_to_l1":          0,
        "pf_fill_this_level":      13441,
        "miss latency": 0.814429,
        "cache queues": {
          "PQ_ACCESS": 1251326,
          "PQ_FULL": 0,
          "PQ_TO_CACHE": 1251326,
          "PQ_MERGED": 12,
          "RQ_ACCESS": 77272840,
          "RQ_MERGED": 3256,
          "RQ_FULL": 6654074,
          "WQ_ACCESS": 15775257,
          "WQ_MERGED": 1,
          "WQ_FULL": 50742
        }
      },
      "cpu0_L2C": {
        "LOAD": {
          "hit":335446,
          "miss":62020
        },
        "RFO": {
          "hit":11952,
          "miss":125945
        },
        "PREFETCH": {
          "hit":563943,
          "miss":405343
        },
        "WRITE": {
          "hit":106711,
          "miss":0
        },
        "TRANSLATION": {
          "hit":287,
          "miss":1146
        },
        "mshr full": 169979,
        "prefetch requested": 0,
        "prefetch issued": 0,
        "prefetch filled": 399562,
        "prefetch useful": 0,
        "prefetch useless": 0,
        "prefetch late": 0,
        "pf_useful_at_l2_from_l1":     160147,
        "pf_late_at_l2_from_l1":       5751,
        "pf_useless_at_l2_from_l1":     238972,
        "pf_at_l2_to_l1":        477,
        "pf_fill_this_level":     395877,
        "miss latency": 23.9641,
        "cache queues": {
          "PQ_ACCESS": 1000884,
          "PQ_FULL": 31588,
          "PQ_TO_CACHE": 969296,
          "PQ_MERGED": 0,
          "RQ_ACCESS": 536803,
          "RQ_MERGED": 0,
          "RQ_FULL": 0,
          "WQ_ACCESS": 106856,
          "WQ_MERGED": 0,
          "WQ_FULL": 0
        }
      },
      "LLC": {
        "LOAD": {
          "hit": [29500],
          "miss": [27167]
        },
        "RFO": {
          "hit": [28315],
          "miss": [97232]
        },
        "PREFETCH": {
          "hit": [164195],
          "miss": [241118]
        },
        "WRITE": {
          "hit": [35418],
          "miss": [0]
        },
        "TRANSLATION": {
          "hit": [207],
          "miss": [939]
        },
        "mshr full": 0,
        "prefetch requested": 0,
        "prefetch issued": 0,
        "prefetch filled": 241118,
        "prefetch useful": 0,
        "prefetch useless": 0,
        "prefetch late": 0,
        "pf_useful_at_l2_from_l1":          0,
        "pf_late_at_l2_from_l1":          0,
        "pf_useless_at_l2_from_l1":          0,
        "pf_at_l2_to_l1":        581,
        "pf_fill_this_level":          0,
        "miss latency": 34.5263,
        "cache queues": {
          "PQ_ACCESS": 405313,
          "PQ_FULL": 0,
          "PQ_TO_CACHE": 405313,
          "PQ_MERGED": 0,
          "RQ_ACCESS": 183360,
          "RQ_MERGED": 0,
          "RQ_FULL": 0,
          "WQ_ACCESS": 35516,
          "WQ_MERGED": 0,
          "WQ_FULL": 0
        }
      },
      "DRAM": [
        {
          "RQ ROW_BUFFER_HIT": 244624,
          "RQ ROW_BUFFER_MISS": 121831,
          "PQ FULL": 0,
          "WQ ROW_BUFFER_HIT": 4165,
          "WQ ROW_BUFFER_MISS": 18295,
          "WQ FULL": 0,
          "AVG DBUS CONGESTED CYCLE": 3.94694
        }
      ]

    },
    "sim": {
      "cores": [
        {
          "instructions": 200000000,
          "cycles": 73951168,
          "Avg ROB occupancy at mispredict": 105.694, 
          "mispredict": {
            "BRANCH_DIRECT_JUMP": 3174,
            "BRANCH_INDIRECT": 286,
            "BRANCH_CONDITIONAL": 1024667,
            "BRANCH_DIRECT_CALL": 9464,
            "BRANCH_INDIRECT_CALL": 141,
            "BRANCH_RETURN": 517
          }
        }
      ],
      "cpu0_L1I": {
        "LOAD": {
          "hit":1345926,
          "miss":26901
        },
        "RFO": {
          "hit":0,
          "miss":0
        },
        "PREFETCH": {
          "hit":0,
          "miss":0
        },
        "WRITE": {
          "hit":0,
          "miss":0
        },
        "TRANSLATION": {
          "hit":0,
          "miss":0
        },
        "mshr full": 3734,
        "prefetch requested": 0,
        "prefetch issued": 0,
        "prefetch filled": 0,
        "prefetch useful": 0,
        "prefetch useless": 0,
        "prefetch late": 0,
        "pf_useful_at_l2_from_l1":          0,
        "pf_late_at_l2_from_l1":          0,
        "pf_useless_at_l2_from_l1":          0,
        "pf_at_l2_to_l1":          0,
        "pf_fill_this_level":          0,
        "miss latency": 3.86062,
        "cache queues": {
          "PQ_ACCESS": 0,
          "PQ_FULL": 0,
          "PQ_TO_CACHE": 0,
          "PQ_MERGED": 0,
          "RQ_ACCESS": 1380572,
          "RQ_MERGED": 7745,
          "RQ_FULL": 0,
          "WQ_ACCESS": 0,
          "WQ_MERGED": 0,
          "WQ_FULL": 0
        }
      },
      "cpu0_ITLB": {
        "LOAD": {
          "hit":1105048,
          "miss":235
        },
        "RFO": {
          "hit":0,
          "miss":0
        },
        "PREFETCH": {
          "hit":0,
          "miss":0
        },
        "WRITE": {
          "hit":0,
          "miss":0
        },
        "TRANSLATION": {
          "hit":0,
          "miss":0
        },
        "mshr full": 0,
        "prefetch requested": 0,
        "prefetch issued": 0,
        "prefetch filled": 0,
        "prefetch useful": 0,
        "prefetch useless": 0,
        "prefetch late": 0,
        "pf_useful_at_l2_from_l1":          0,
        "pf_late_at_l2_from_l1":          0,
        "pf_useless_at_l2_from_l1":          0,
        "pf_at_l2_to_l1":          0,
        "pf_fill_this_level":          0,
        "miss latency": 4.94442,
        "cache queues": {
          "PQ_ACCESS": 0,
          "PQ_FULL": 0,
          "PQ_TO_CACHE": 0,
          "PQ_MERGED": 0,
          "RQ_ACCESS": 1105283,
          "RQ_MERGED": 0,
          "RQ_FULL": 0,
          "WQ_ACCESS": 0,
          "WQ_MERGED": 0,
          "WQ_FULL": 0
        }
      },
      "cpu0_DTLB": {
        "LOAD": {
          "hit":85182029,
          "miss":178508
        },
        "RFO": {
          "hit":0,
          "miss":0
        },
        "PREFETCH": {
          "hit":0,
          "miss":0
        },
        "WRITE": {
          "hit":0,
          "miss":0
        },
        "TRANSLATION": {
          "hit":0,
          "miss":0
        },
        "mshr full": 0,
        "prefetch requested": 0,
        "prefetch issued": 0,
        "prefetch filled": 0,
        "prefetch useful": 0,
        "prefetch useless": 0,
        "prefetch late": 0,
        "pf_useful_at_l2_from_l1":          0,
        "pf_late_at_l2_from_l1":          0,
        "pf_useless_at_l2_from_l1":          0,
        "pf_at_l2_to_l1":          0,
        "pf_fill_this_level":          0,
        "miss latency": 0.343469,
        "cache queues": {
          "PQ_ACCESS": 0,
          "PQ_FULL": 0,
          "PQ_TO_CACHE": 0,
          "PQ_MERGED": 0,
          "RQ_ACCESS": 87891440,
          "RQ_MERGED": 0,
          "RQ_FULL": 2530917,
          "WQ_ACCESS": 0,
          "WQ_MERGED": 0,
          "WQ_FULL": 0
        }
      },
      "cpu0_STLB": {
        "LOAD": {
          "hit":55549,
          "miss":1812
        },
        "RFO": {
          "hit":0,
          "miss":0
        },
        "PREFETCH": {
          "hit":0,
          "miss":0
        },
        "WRITE": {
          "hit":0,
          "miss":0
        },
        "TRANSLATION": {
          "hit":0,
          "miss":0
        },
        "mshr full": 0,
        "prefetch requested": 0,
        "prefetch issued": 0,
        "prefetch filled": 0,
        "prefetch useful": 0,
        "prefetch useless": 0,
        "prefetch late": 0,
        "pf_useful_at_l2_from_l1":          0,
        "pf_late_at_l2_from_l1":          0,
        "pf_useless_at_l2_from_l1":          0,
        "pf_at_l2_to_l1":          0,
        "pf_fill_this_level":          0,
        "miss latency": 18.4698,
        "cache queues": {
          "PQ_ACCESS": 0,
          "PQ_FULL": 0,
          "PQ_TO_CACHE": 0,
          "PQ_MERGED": 0,
          "RQ_ACCESS": 57361,
          "RQ_MERGED": 0,
          "RQ_FULL": 0,
          "WQ_ACCESS": 0,
          "WQ_MERGED": 0,
          "WQ_FULL": 0
        }
      },
      "cpu0_L1D": {
        "LOAD": {
          "hit":68857816,
          "miss":1757737
        },
        "RFO": {
          "hit":0,
          "miss":0
        },
        "PREFETCH": {
          "hit":274865,
          "miss":976420
        },
        "WRITE": {
          "hit":14479776,
          "miss":1244738
        },
        "TRANSLATION": {
          "hit":389,
          "miss":1433
        },
        "mshr full": 265470,
        "prefetch requested": 1251326,
        "prefetch issued": 1251326,
        "prefetch filled": 13441,
        "prefetch useful": 11282,
        "prefetch useless": 2614,
        "prefetch late": 390,
        "pf_useful_at_l2_from_l1":          0,
        "pf_late_at_l2_from_l1":          0,
        "pf_useless_at_l2_from_l1":          0,
        "pf_at_l2_to_l1":          0,
        "pf_fill_this_level":      13441,
        "miss latency": 0.814429,
        "cache queues": {
          "PQ_ACCESS": 1251326,
          "PQ_FULL": 0,
          "PQ_TO_CACHE": 1251326,
          "PQ_MERGED": 12,
          "RQ_ACCESS": 77272840,
          "RQ_MERGED": 3256,
          "RQ_FULL": 6654074,
          "WQ_ACCESS": 15775257,
          "WQ_MERGED": 1,
          "WQ_FULL": 50742
        }
      },
      "cpu0_L2C": {
        "LOAD": {
          "hit":335446,
          "miss":62020
        },
        "RFO": {
          "hit":11952,
          "miss":125945
        },
        "PREFETCH": {
          "hit":563943,
          "miss":405343
        },
        "WRITE": {
          "hit":106711,
          "miss":0
        },
        "TRANSLATION": {
          "hit":287,
          "miss":1146
        },
        "mshr full": 169979,
        "prefetch requested": 0,
        "prefetch issued": 0,
        "prefetch filled": 399562,
        "prefetch useful": 0,
        "prefetch useless": 0,
        "prefetch late": 0,
        "pf_useful_at_l2_from_l1":     160147,
        "pf_late_at_l2_from_l1":       5751,
        "pf_useless_at_l2_from_l1":     238972,
        "pf_at_l2_to_l1":        477,
        "pf_fill_this_level":     395877,
        "miss latency": 23.9641,
        "cache queues": {
          "PQ_ACCESS": 1000884,
          "PQ_FULL": 31588,
          "PQ_TO_CACHE": 969296,
          "PQ_MERGED": 0,
          "RQ_ACCESS": 536803,
          "RQ_MERGED": 0,
          "RQ_FULL": 0,
          "WQ_ACCESS": 106856,
          "WQ_MERGED": 0,
          "WQ_FULL": 0
        }
      },
      "LLC": {
        "LOAD": {
          "hit": [29500],
          "miss": [27167]
        },
        "RFO": {
          "hit": [28315],
          "miss": [97232]
        },
        "PREFETCH": {
          "hit": [164195],
          "miss": [241118]
        },
        "WRITE": {
          "hit": [35418],
          "miss": [0]
        },
        "TRANSLATION": {
          "hit": [207],
          "miss": [939]
        },
        "mshr full": 0,
        "prefetch requested": 0,
        "prefetch issued": 0,
        "prefetch filled": 241118,
        "prefetch useful": 0,
        "prefetch useless": 0,
        "prefetch late": 0,
        "pf_useful_at_l2_from_l1":          0,
        "pf_late_at_l2_from_l1":          0,
        "pf_useless_at_l2_from_l1":          0,
        "pf_at_l2_to_l1":        581,
        "pf_fill_this_level":          0,
        "miss latency": 34.5263,
        "cache queues": {
          "PQ_ACCESS": 405313,
          "PQ_FULL": 0,
          "PQ_TO_CACHE": 405313,
          "PQ_MERGED": 0,
          "RQ_ACCESS": 183360,
          "RQ_MERGED": 0,
          "RQ_FULL": 0,
          "WQ_ACCESS": 35516,
          "WQ_MERGED": 0,
          "WQ_FULL": 0
        }
      },
      "DRAM": [
        {
          "RQ ROW_BUFFER_HIT": 244624,
          "RQ ROW_BUFFER_MISS": 121831,
          "PQ FULL": 0,
          "WQ ROW_BUFFER_HIT": 4165,
          "WQ ROW_BUFFER_MISS": 18295,
          "WQ FULL": 0,
          "AVG DBUS CONGESTED CYCLE": 3.94694
        }
      ]

    }
  }
]
cpu0_ITLB
cpu0_DTLB
cpu0_STLB
Prefetch Request to L1: 24261, Prefetch Request to L2: 1227065
Invalid by Eviction: 13748
Invalid by Max: 103855
Filter table begin
 ┌────────────────────┬─────────────┐
 | Region             | Offset      |
 ├────────────────────┼─────────────┤
 | 0x000000000000028a | 2           |
 ├────────────────────┼─────────────┤
 | 0x0000000000000bbc | 2           |
 ├────────────────────┼─────────────┤
 | 0x0000000000000872 | 7           |
 ├────────────────────┼─────────────┤
 | 0x0000000000000bbd | 0           |
 ├────────────────────┼─────────────┤
 | 0x00000000000002bd | 30          |
 ├────────────────────┼─────────────┤
 | 0x0000000000000878 | 4           |
 ├────────────────────┼─────────────┤
 | 0x000000000000082b | 23          |
 ├────────────────────┼─────────────┤
 | 0x000000000000086a | 19          |
 ├────────────────────┼─────────────┤
 | 0x0000000000000951 | 21          |
 ├────────────────────┼─────────────┤
 | 0x00000000000002be | 4           |
 ├────────────────────┼─────────────┤
 | 0x0000000000000227 | 3           |
 ├────────────────────┼─────────────┤
 | 0x0000000000000da7 | 28          |
 ├────────────────────┼─────────────┤
 | 0x0000000000000267 | 10          |
 ├────────────────────┼─────────────┤
 | 0x000000000000086b | 11          |
 ├────────────────────┼─────────────┤
 | 0x0000000000000bbf | 30          |
 ├────────────────────┼─────────────┤
 | 0x0000000000000a06 | 19          |
 ├────────────────────┼─────────────┤
 | 0x0000000000000bd3 | 7           |
 ├────────────────────┼─────────────┤
 | 0x00000000000002cf | 5           |
 ├────────────────────┼─────────────┤
 | 0x0000000000000a08 | 1           |
 ├────────────────────┼─────────────┤
 | 0x000000000000082d | 0           |
 ├────────────────────┼─────────────┤
 | 0x000000000000029c | 16          |
 ├────────────────────┼─────────────┤
 | 0x0000000000000be2 | 28          |
 ├────────────────────┼─────────────┤
 | 0x0000000000000876 | 0           |
 ├────────────────────┼─────────────┤
 | 0x00000000000002ce | 11          |
 ├────────────────────┼─────────────┤
 | 0x000000000000021f | 8           |
 ├────────────────────┼─────────────┤
 | 0x0000000000000a09 | 14          |
 ├────────────────────┼─────────────┤
 | 0x0000000000000864 | 29          |
 ├────────────────────┼─────────────┤
 | 0x000000000000082c | 26          |
 ├────────────────────┼─────────────┤
 | 0x0000000000000bf1 | 31          |
 ├────────────────────┼─────────────┤
 | 0x00000000000002ba | 2           |
 ├────────────────────┼─────────────┤
 | 0x0000000000000889 | 11          |
 ├────────────────────┼─────────────┤
 | 0x00000000000006dd | 1           |
 ├────────────────────┼─────────────┤
 | 0x0000000000000892 | 1           |
 ├────────────────────┼─────────────┤
 | 0x000000000000022a | 9           |
 ├────────────────────┼─────────────┤
 | 0x0000000000000271 | 30          |
 ├────────────────────┼─────────────┤
 | 0x0000000000000a02 | 29          |
 ├────────────────────┼─────────────┤
 | 0x00000000000002bb | 12          |
 └────────────────────┴─────────────┘
Filter table end
Accumulation table begin
 ┌────────────────────┬─────────────┬─────────────┬──────────────────────────────────────────────────────────────────┐
 | Region             | Offset      | Second      | Pattern                                                          |
 ├────────────────────┼─────────────┼─────────────┼──────────────────────────────────────────────────────────────────┤
 | 0x000000000000088f | 21          | 23          | 0 0 0 0 0 0 0 0 0 0 0 0 0 0 0 0 0 0 0 0 0 1 0 1 0 0 0 0 0 0 0 0  |
 ├────────────────────┼─────────────┼─────────────┼──────────────────────────────────────────────────────────────────┤
 | 0x00000000000002b9 | 3           | 8           | 0 0 0 1 0 0 0 0 1 1 0 0 0 0 1 0 0 0 0 1 0 0 0 0 0 1 0 0 0 0 1 0  |
 ├────────────────────┼─────────────┼─────────────┼──────────────────────────────────────────────────────────────────┤
 | 0x0000000000000bdc | 1           | 2           | 0 1 1 0 0 1 1 1 0 0 0 1 1 0 0 1 1 0 0 0 1 1 0 0 0 0 0 0 0 0 0 0  |
 ├────────────────────┼─────────────┼─────────────┼──────────────────────────────────────────────────────────────────┤
 | 0x00000000000002b3 | 2           | 1           | 0 1 1 0 0 0 0 0 0 0 0 0 0 0 0 0 0 1 1 0 0 0 0 0 0 0 0 0 0 0 0 0  |
 ├────────────────────┼─────────────┼─────────────┼──────────────────────────────────────────────────────────────────┤
 | 0x000000000000084c | 6           | 5           | 0 0 0 0 0 1 1 1 1 1 1 1 1 0 0 0 0 0 0 0 0 0 0 0 0 0 0 0 0 0 0 0  |
 ├────────────────────┼─────────────┼─────────────┼──────────────────────────────────────────────────────────────────┤
 | 0x0000000000000861 | 0           | 1           | 1 1 0 0 0 0 0 0 0 0 0 0 0 0 0 0 0 0 0 0 0 0 0 0 0 0 0 0 0 0 0 0  |
 ├────────────────────┼─────────────┼─────────────┼──────────────────────────────────────────────────────────────────┤
 | 0x0000000000000bda | 4           | 5           | 0 0 0 0 1 1 1 0 0 1 1 0 0 1 1 0 0 0 1 0 0 0 1 1 0 0 0 1 0 0 0 1  |
 ├────────────────────┼─────────────┼─────────────┼──────────────────────────────────────────────────────────────────┤
 | 0x000000000000088a | 17          | 18          | 0 0 0 0 0 0 0 0 0 0 0 0 0 0 0 0 0 1 1 0 0 0 0 0 0 0 0 0 0 0 0 0  |
 ├────────────────────┼─────────────┼─────────────┼──────────────────────────────────────────────────────────────────┤
 | 0x0000000000000226 | 29          | 30          | 0 0 0 0 0 0 0 0 0 0 0 0 0 0 0 0 1 1 1 1 1 1 1 1 1 0 0 1 1 1 1 1  |
 ├────────────────────┼─────────────┼─────────────┼──────────────────────────────────────────────────────────────────┤
 | 0x000000000000085d | 9           | 10          | 0 0 0 0 0 0 0 0 0 1 1 0 0 0 0 0 0 0 0 0 0 0 0 0 0 0 0 0 0 0 0 0  |
 ├────────────────────┼─────────────┼─────────────┼──────────────────────────────────────────────────────────────────┤
 | 0x00000000000002c7 | 16          | 15          | 0 0 0 0 0 0 1 1 1 1 1 1 1 1 1 1 1 1 0 0 0 0 0 0 0 0 0 0 0 0 1 1  |
 ├────────────────────┼─────────────┼─────────────┼──────────────────────────────────────────────────────────────────┤
 | 0x000000000000029d | 1           | 3           | 0 1 1 1 1 1 0 0 0 0 0 0 1 1 0 0 0 0 0 0 1 1 0 0 0 0 0 0 1 1 0 0  |
 ├────────────────────┼─────────────┼─────────────┼──────────────────────────────────────────────────────────────────┤
 | 0x00000000000002a2 | 17          | 5           | 0 0 0 1 0 1 0 0 0 0 0 0 1 1 0 0 1 1 0 1 0 0 0 0 0 0 0 0 0 0 0 0  |
 ├────────────────────┼─────────────┼─────────────┼──────────────────────────────────────────────────────────────────┤
 | 0x0000000000000d98 | 0           | 2           | 1 1 1 0 0 0 0 0 0 0 0 0 0 0 0 0 0 0 0 0 0 0 0 0 0 0 0 0 0 0 0 0  |
 ├────────────────────┼─────────────┼─────────────┼──────────────────────────────────────────────────────────────────┤
 | 0x0000000000000891 | 25          | 12          | 0 0 0 0 0 0 0 0 0 0 0 0 1 0 0 0 0 0 0 0 0 0 0 0 0 1 0 0 0 0 0 0  |
 ├────────────────────┼─────────────┼─────────────┼──────────────────────────────────────────────────────────────────┤
 | 0x0000000000000bd5 | 19          | 20          | 0 0 0 0 0 0 0 0 0 0 0 0 0 0 0 0 0 0 0 1 1 0 0 0 0 0 0 0 0 0 0 0  |
 ├────────────────────┼─────────────┼─────────────┼──────────────────────────────────────────────────────────────────┤
 | 0x0000000000000bf3 | 26          | 25          | 0 0 0 0 0 0 0 0 0 0 0 0 0 0 0 0 0 0 0 0 0 0 0 1 0 1 1 0 0 0 0 0  |
 ├────────────────────┼─────────────┼─────────────┼──────────────────────────────────────────────────────────────────┤
 | 0x00000000000002af | 24          | 23          | 0 0 0 0 0 0 0 0 0 0 0 0 0 0 0 0 0 0 0 0 0 0 0 1 1 0 0 0 0 0 0 0  |
 ├────────────────────┼─────────────┼─────────────┼──────────────────────────────────────────────────────────────────┤
 | 0x0000000000000865 | 3           | 8           | 0 0 0 1 0 0 0 0 1 0 0 0 0 0 1 0 0 0 0 1 0 0 0 0 0 0 0 0 0 0 0 0  |
 ├────────────────────┼─────────────┼─────────────┼──────────────────────────────────────────────────────────────────┤
 | 0x0000000000000228 | 5           | 4           | 0 0 0 0 1 1 0 0 0 0 0 0 0 0 0 0 1 0 0 0 0 0 0 0 0 0 0 0 0 0 0 0  |
 ├────────────────────┼─────────────┼─────────────┼──────────────────────────────────────────────────────────────────┤
 | 0x000000000000086c | 14          | 13          | 0 0 0 0 0 0 0 0 0 0 0 0 0 1 1 0 0 0 0 0 0 0 0 0 0 0 0 0 0 0 0 0  |
 ├────────────────────┼─────────────┼─────────────┼──────────────────────────────────────────────────────────────────┤
 | 0x000000000000021e | 12          | 14          | 0 0 0 0 0 0 0 0 0 0 0 0 1 1 1 0 0 0 0 0 0 0 0 0 0 1 0 0 0 0 0 0  |
 ├────────────────────┼─────────────┼─────────────┼──────────────────────────────────────────────────────────────────┤
 | 0x00000000000002b8 | 29          | 30          | 0 0 0 0 0 0 0 0 0 0 0 0 0 0 0 0 0 0 0 0 0 0 0 0 0 0 0 0 0 1 1 0  |
 ├────────────────────┼─────────────┼─────────────┼──────────────────────────────────────────────────────────────────┤
 | 0x0000000000000893 | 17          | 20          | 0 0 0 0 0 0 0 0 0 0 0 0 0 0 0 0 0 1 0 0 1 0 0 0 0 0 0 0 0 0 0 0  |
 ├────────────────────┼─────────────┼─────────────┼──────────────────────────────────────────────────────────────────┤
 | 0x000000000000088d | 21          | 20          | 0 0 0 0 0 0 0 0 0 0 0 0 0 0 0 0 0 0 0 0 1 1 0 0 0 0 0 0 0 0 0 0  |
 ├────────────────────┼─────────────┼─────────────┼──────────────────────────────────────────────────────────────────┤
 | 0x0000000000000bd8 | 9           | 8           | 0 0 0 0 0 0 1 0 1 1 0 0 0 0 0 0 0 0 0 0 0 0 0 0 0 0 0 0 0 0 0 0  |
 ├────────────────────┼─────────────┼─────────────┼──────────────────────────────────────────────────────────────────┤
 | 0x0000000000000890 | 0           | 3           | 1 0 0 1 0 0 0 0 0 0 0 0 0 0 0 0 0 0 0 0 0 0 0 0 0 0 0 0 0 0 0 0  |
 ├────────────────────┼─────────────┼─────────────┼──────────────────────────────────────────────────────────────────┤
 | 0x00000000000002c9 | 25          | 26          | 0 0 0 0 0 0 0 0 0 0 0 0 0 0 0 0 0 0 0 0 0 0 0 0 0 1 1 1 1 1 1 0  |
 ├────────────────────┼─────────────┼─────────────┼──────────────────────────────────────────────────────────────────┤
 | 0x0000000000000863 | 16          | 17          | 0 0 0 0 0 0 0 0 0 0 0 0 0 0 0 0 1 1 0 0 0 0 0 0 0 0 0 0 0 0 0 0  |
 ├────────────────────┼─────────────┼─────────────┼──────────────────────────────────────────────────────────────────┤
 | 0x0000000000000882 | 0           | 1           | 1 1 1 1 1 1 1 1 1 0 0 0 0 0 0 0 0 0 0 0 0 0 0 0 0 0 0 0 0 0 0 0  |
 ├────────────────────┼─────────────┼─────────────┼──────────────────────────────────────────────────────────────────┤
 | 0x000000000000022b | 5           | 4           | 0 0 0 0 1 1 0 0 0 0 0 0 0 0 0 0 0 0 0 0 0 0 0 0 0 0 0 0 0 0 0 0  |
 ├────────────────────┼─────────────┼─────────────┼──────────────────────────────────────────────────────────────────┤
 | 0x0000000000000827 | 9           | 11          | 0 0 0 0 0 0 0 0 0 1 0 1 0 1 1 0 0 0 0 0 0 0 0 0 0 0 0 0 0 0 0 0  |
 └────────────────────┴─────────────┴─────────────┴──────────────────────────────────────────────────────────────────┘
Accumulation table end
Offset pattern table begin
 ┌────────────────────┬─────────────┬─────────────────────────────────────────────────────────────────────────────┐
 | Key                | Second      | Pattern                                                                     |
 ├────────────────────┼─────────────┼─────────────────────────────────────────────────────────────────────────────┤
 | 0x0000000000000000 | 1           | 31 19 19 14 10 16 9 11 10 8 15 14 9 8 5 6 11 5 5 8 6 5 6 5 6 6 6 5 7 4 4 3  |
 ├────────────────────┼─────────────┼─────────────────────────────────────────────────────────────────────────────┤
 | 0x0000000000000001 | 2           | 25 14 5 5 3 4 2 1 1 5 4 2 0 0 4 1 2 3 2 5 0 0 1 3 1 0 0 0 4 0 0 0           |
 ├────────────────────┼─────────────┼─────────────────────────────────────────────────────────────────────────────┤
 | 0x0000000000000002 | 3           | 25 9 6 8 4 9 5 3 2 5 2 5 1 2 2 1 1 5 6 1 0 1 2 2 0 0 0 0 2 0 3 3            |
 ├────────────────────┼─────────────┼─────────────────────────────────────────────────────────────────────────────┤
 | 0x0000000000000003 | 4           | 25 7 4 4 0 11 9 3 1 1 0 11 0 0 0 1 11 7 0 0 0 0 11 1 0 0 0 10 6 0 1 2       |
 ├────────────────────┼─────────────┼─────────────────────────────────────────────────────────────────────────────┤
 | 0x0000000000000004 | 5           | 22 9 3 0 0 6 3 0 5 4 0 7 0 1 0 0 9 6 1 2 0 0 5 0 3 3 0 5 0 0 0 1            |
 ├────────────────────┼─────────────┼─────────────────────────────────────────────────────────────────────────────┤
 | 0x0000000000000005 | 6           | 23 13 2 1 1 6 3 1 1 0 3 7 1 0 1 0 4 0 0 2 0 0 0 0 0 0 0 1 0 0 0 2           |
 ├────────────────────┼─────────────┼─────────────────────────────────────────────────────────────────────────────┤
 | 0x0000000000000006 | 7           | 26 13 12 9 9 6 6 3 3 9 3 3 3 3 3 3 2 1 4 3 1 1 2 3 3 2 2 2 2 2 2 8          |
 ├────────────────────┼─────────────┼─────────────────────────────────────────────────────────────────────────────┤
 | 0x0000000000000007 | 8           | 27 16 8 5 1 5 1 0 2 1 1 0 1 2 0 0 0 0 0 1 0 1 0 0 0 1 5 1 1 1 2 1           |
 ├────────────────────┼─────────────┼─────────────────────────────────────────────────────────────────────────────┤
 | 0x0000000000000008 | 9           | 25 11 13 7 2 1 0 1 1 0 1 1 1 0 0 4 4 0 0 0 0 0 1 1 1 1 1 1 1 2 2 8          |
 ├────────────────────┼─────────────┼─────────────────────────────────────────────────────────────────────────────┤
 | 0x0000000000000009 | 10          | 28 10 8 1 5 4 0 5 5 0 1 1 0 0 2 2 1 1 2 2 0 0 0 1 1 0 1 1 0 1 2 2           |
 ├────────────────────┼─────────────┼─────────────────────────────────────────────────────────────────────────────┤
 | 0x000000000000000a | 11          | 27 15 1 4 1 5 2 1 1 1 1 3 0 0 0 0 2 0 0 0 5 2 0 0 0 3 0 0 1 1 6 5           |
 ├────────────────────┼─────────────┼─────────────────────────────────────────────────────────────────────────────┤
 | 0x000000000000000b | 12          | 24 15 5 2 1 2 3 0 0 0 0 0 0 0 0 0 0 0 0 0 1 0 0 0 0 0 0 0 0 0 0 0           |
 ├────────────────────┼─────────────┼─────────────────────────────────────────────────────────────────────────────┤
 | 0x000000000000000c | 13          | 24 19 12 1 2 1 2 2 1 1 1 1 1 3 2 1 1 1 1 1 0 0 0 0 0 0 0 0 0 0 0 0          |
 ├────────────────────┼─────────────┼─────────────────────────────────────────────────────────────────────────────┤
 | 0x000000000000000d | 14          | 23 17 3 0 1 0 1 0 0 0 0 0 0 0 0 0 0 0 0 0 0 0 0 0 0 0 0 0 0 0 0 8           |
 ├────────────────────┼─────────────┼─────────────────────────────────────────────────────────────────────────────┤
 | 0x000000000000000e | 15          | 21 5 3 2 0 1 1 5 7 0 1 2 1 1 0 0 0 1 0 0 0 1 0 0 0 0 0 1 0 0 1 1            |
 ├────────────────────┼─────────────┼─────────────────────────────────────────────────────────────────────────────┤
 | 0x000000000000000f | 16          | 18 9 1 8 1 6 4 0 6 1 0 6 0 0 6 0 4 0 0 0 0 0 0 0 0 0 0 0 0 0 0 0            |
 ├────────────────────┼─────────────┼─────────────────────────────────────────────────────────────────────────────┤
 | 0x0000000000000010 | 17          | 25 14 1 6 0 0 0 4 0 0 3 0 0 0 0 0 0 0 0 0 0 0 0 0 0 0 0 2 1 0 2 2           |
 ├────────────────────┼─────────────┼─────────────────────────────────────────────────────────────────────────────┤
 | 0x0000000000000011 | 18          | 24 13 10 5 4 3 3 3 2 1 1 2 2 2 1 1 1 0 1 0 1 1 1 1 1 1 0 1 2 1 3 2          |
 ├────────────────────┼─────────────┼─────────────────────────────────────────────────────────────────────────────┤
 | 0x0000000000000012 | 19          | 30 12 4 1 0 3 1 0 3 0 0 3 0 1 0 0 0 0 0 0 0 0 0 0 0 0 0 0 0 0 2 11          |
 ├────────────────────┼─────────────┼─────────────────────────────────────────────────────────────────────────────┤
 | 0x0000000000000013 | 20          | 31 22 5 2 0 0 0 0 0 0 4 2 0 0 0 0 1 0 0 2 2 3 1 0 0 0 0 2 1 2 5 1           |
 ├────────────────────┼─────────────┼─────────────────────────────────────────────────────────────────────────────┤
 | 0x0000000000000014 | 21          | 22 10 3 7 1 6 10 0 5 2 0 4 0 0 0 0 1 1 0 1 0 1 0 0 1 1 0 0 0 0 0 0          |
 ├────────────────────┼─────────────┼─────────────────────────────────────────────────────────────────────────────┤
 | 0x0000000000000015 | 22          | 27 18 12 9 7 1 0 0 2 0 0 0 0 0 0 0 0 0 0 0 0 0 0 0 0 0 0 0 6 6 8 12         |
 ├────────────────────┼─────────────┼─────────────────────────────────────────────────────────────────────────────┤
 | 0x0000000000000016 | 23          | 24 17 6 3 4 1 2 1 1 1 8 0 0 0 0 0 0 0 0 0 0 0 0 0 0 0 0 0 0 2 2 2           |
 ├────────────────────┼─────────────┼─────────────────────────────────────────────────────────────────────────────┤
 | 0x0000000000000017 | 24          | 21 12 4 4 0 0 2 0 1 1 0 0 0 0 0 1 1 1 3 1 2 1 0 0 0 2 0 0 3 1 2 3           |
 ├────────────────────┼─────────────┼─────────────────────────────────────────────────────────────────────────────┤
 | 0x0000000000000018 | 25          | 23 14 2 4 1 2 1 0 0 5 1 0 0 0 0 0 0 0 0 0 0 0 0 0 0 0 0 0 0 0 1 4           |
 ├────────────────────┼─────────────┼─────────────────────────────────────────────────────────────────────────────┤
 | 0x0000000000000019 | 26          | 18 13 8 5 2 3 1 0 0 3 1 0 0 0 0 0 0 0 0 0 0 0 0 0 0 0 0 0 0 0 0 1           |
 ├────────────────────┼─────────────┼─────────────────────────────────────────────────────────────────────────────┤
 | 0x000000000000001a | 27          | 24 8 8 5 6 2 0 0 0 3 1 0 2 2 0 0 0 0 0 0 1 1 0 1 1 0 3 0 0 0 0 13           |
 ├────────────────────┼─────────────┼─────────────────────────────────────────────────────────────────────────────┤
 | 0x000000000000001b | 28          | 18 8 2 1 0 0 0 0 0 2 1 0 0 0 0 1 0 0 0 0 0 0 0 0 1 1 5 0 0 0 0 1            |
 ├────────────────────┼─────────────┼─────────────────────────────────────────────────────────────────────────────┤
 | 0x000000000000001c | 29          | 23 18 7 6 0 0 0 0 1 2 0 0 0 0 0 0 0 0 0 0 0 0 0 0 0 0 0 0 0 1 0 2           |
 ├────────────────────┼─────────────┼─────────────────────────────────────────────────────────────────────────────┤
 | 0x000000000000001d | 30          | 25 14 9 0 0 0 0 0 0 1 2 1 1 1 2 1 0 2 0 1 0 0 0 0 0 0 1 1 1 2 1 2           |
 ├────────────────────┼─────────────┼─────────────────────────────────────────────────────────────────────────────┤
 | 0x000000000000001e | 31          | 25 13 1 1 1 1 1 1 7 13 6 4 4 3 3 2 6 6 4 4 3 3 3 3 3 3 4 4 3 4 3 9          |
 ├────────────────────┼─────────────┼─────────────────────────────────────────────────────────────────────────────┤
 | 0x000000000000001f | 8           | 17 0 0 0 0 0 0 0 1 10 6 0 0 0 0 0 0 0 0 0 0 0 0 1 1 1 1 1 1 3 3 4           |
 └────────────────────┴─────────────┴─────────────────────────────────────────────────────────────────────────────┘
Offset pattern table end
PC pattern table begin
 ┌────────────────────┬─────────────┬────────────────────────────────────────┐
 | Key                | Second      | Pattern                                |
 ├────────────────────┼─────────────┼────────────────────────────────────────┤
 | 0x0000000000000000 | 11          | 27 6 2 2 1 0 0 0 0 0 0 1 0 4 6 8       |
 ├────────────────────┼─────────────┼────────────────────────────────────────┤
 | 0x0000000000000001 | 0           | 17 4 4 6 1 3 4 1 7 2 1 4 1 2 2 4       |
 ├────────────────────┼─────────────┼────────────────────────────────────────┤
 | 0x0000000000000002 | 29          | 29 13 8 8 5 11 4 1 10 7 1 5 1 2 3 0    |
 ├────────────────────┼─────────────┼────────────────────────────────────────┤
 | 0x0000000000000003 | 4           | 30 20 6 5 3 2 2 1 2 2 2 2 0 0 0 0      |
 ├────────────────────┼─────────────┼────────────────────────────────────────┤
 | 0x0000000000000004 | 27          | 16 3 1 2 1 1 0 1 0 1 1 0 1 0 0 7       |
 ├────────────────────┼─────────────┼────────────────────────────────────────┤
 | 0x0000000000000005 | 1           | 23 13 12 6 8 5 2 1 1 2 1 0 0 0 8 8     |
 ├────────────────────┼─────────────┼────────────────────────────────────────┤
 | 0x0000000000000006 | 18          | 21 13 9 10 3 5 1 0 1 5 5 1 2 4 5 2     |
 ├────────────────────┼─────────────┼────────────────────────────────────────┤
 | 0x0000000000000007 | 8           | 17 14 5 5 4 4 5 3 5 4 4 4 3 3 3 3      |
 ├────────────────────┼─────────────┼────────────────────────────────────────┤
 | 0x0000000000000008 | 23          | 28 17 8 0 8 8 8 1 8 7 0 0 0 3 1 6      |
 ├────────────────────┼─────────────┼────────────────────────────────────────┤
 | 0x0000000000000009 | 25          | 22 16 4 5 3 2 3 3 4 1 1 1 1 1 2 4      |
 ├────────────────────┼─────────────┼────────────────────────────────────────┤
 | 0x000000000000000a | 26          | 23 6 18 1 1 17 2 1 15 0 0 0 1 2 1 1    |
 ├────────────────────┼─────────────┼────────────────────────────────────────┤
 | 0x000000000000000b | 7           | 21 15 4 2 0 0 0 0 0 0 0 0 1 0 0 1      |
 ├────────────────────┼─────────────┼────────────────────────────────────────┤
 | 0x000000000000000c | 27          | 19 9 7 6 5 3 6 5 2 4 1 0 1 0 2 3       |
 ├────────────────────┼─────────────┼────────────────────────────────────────┤
 | 0x000000000000000d | 1           | 17 11 1 1 0 1 0 0 2 0 0 1 0 0 1 1      |
 ├────────────────────┼─────────────┼────────────────────────────────────────┤
 | 0x000000000000000e | 1           | 28 19 12 10 10 11 8 9 6 6 5 5 5 6 5 8  |
 ├────────────────────┼─────────────┼────────────────────────────────────────┤
 | 0x000000000000000f | 1           | 22 17 9 10 4 5 5 8 9 9 10 6 5 6 10 7   |
 ├────────────────────┼─────────────┼────────────────────────────────────────┤
 | 0x0000000000000010 | 19          | 27 6 9 14 7 2 2 1 0 0 0 0 2 2 3 6      |
 ├────────────────────┼─────────────┼────────────────────────────────────────┤
 | 0x0000000000000011 | 18          | 24 7 3 7 0 0 7 0 7 2 2 1 0 0 1 2       |
 ├────────────────────┼─────────────┼────────────────────────────────────────┤
 | 0x0000000000000012 | 3           | 28 21 15 2 4 1 2 2 0 0 0 0 0 0 1 4     |
 ├────────────────────┼─────────────┼────────────────────────────────────────┤
 | 0x0000000000000013 | 11          | 30 12 8 11 0 4 5 1 7 2 1 5 1 2 4 0     |
 ├────────────────────┼─────────────┼────────────────────────────────────────┤
 | 0x0000000000000014 | 18          | 17 8 3 3 7 3 3 3 3 3 1 1 1 1 2 2       |
 ├────────────────────┼─────────────┼────────────────────────────────────────┤
 | 0x0000000000000015 | 14          | 17 9 3 0 0 1 1 1 1 0 0 0 0 3 0 5       |
 ├────────────────────┼─────────────┼────────────────────────────────────────┤
 | 0x0000000000000016 | 21          | 29 21 9 6 2 2 2 2 2 0 0 0 0 1 1 6      |
 ├────────────────────┼─────────────┼────────────────────────────────────────┤
 | 0x0000000000000017 | 13          | 21 10 4 4 1 0 0 1 0 2 0 0 0 0 1 9      |
 ├────────────────────┼─────────────┼────────────────────────────────────────┤
 | 0x0000000000000018 | 28          | 27 9 3 5 1 6 1 1 2 1 2 0 0 2 1 6       |
 ├────────────────────┼─────────────┼────────────────────────────────────────┤
 | 0x0000000000000019 | 14          | 22 11 3 0 0 0 0 0 0 0 0 0 1 1 1 2      |
 ├────────────────────┼─────────────┼────────────────────────────────────────┤
 | 0x000000000000001a | 24          | 28 11 5 5 7 3 3 2 7 3 2 2 6 3 2 6      |
 ├────────────────────┼─────────────┼────────────────────────────────────────┤
 | 0x000000000000001b | 24          | 20 15 6 3 2 1 1 0 0 0 2 0 0 1 0 0      |
 ├────────────────────┼─────────────┼────────────────────────────────────────┤
 | 0x000000000000001c | 1           | 17 10 5 6 4 3 1 3 4 2 2 2 2 1 3 1      |
 ├────────────────────┼─────────────┼────────────────────────────────────────┤
 | 0x000000000000001d | 8           | 17 9 2 2 2 2 4 2 3 1 0 1 0 1 2 1       |
 ├────────────────────┼─────────────┼────────────────────────────────────────┤
 | 0x000000000000001e | 18          | 22 7 5 6 3 2 3 1 4 2 1 3 3 2 2 10      |
 ├────────────────────┼─────────────┼────────────────────────────────────────┤
 | 0x000000000000001f | 7           | 22 17 8 5 2 5 5 4 5 7 7 5 2 2 2 7      |
 └────────────────────┴─────────────┴────────────────────────────────────────┘
PC pattern table end
Prefetch buffer begin
 ┌────────────────────┬──────────────────────────────────────────────────────────────────┐
 | Region             | Pattern                                                          |
 ├────────────────────┼──────────────────────────────────────────────────────────────────┤
 | 0x000000000000026e | 0 0 0 0 0 0 0 0 0 0 0 0 0 0 0 0 0 0 0 0 0 0 0 0 0 2 2 2 2 0 0 0  |
 ├────────────────────┼──────────────────────────────────────────────────────────────────┤
 | 0x000000000000088f | 0 0 0 0 0 0 0 0 0 0 0 0 0 0 0 0 0 0 0 2 2 0 2 0 2 2 2 2 2 0 0 0  |
 ├────────────────────┼──────────────────────────────────────────────────────────────────┤
 | 0x0000000000000891 | 2 0 0 2 2 2 2 2 2 2 2 2 0 2 2 2 2 0 0 0 0 0 0 0 0 0 0 0 0 0 0 0  |
 ├────────────────────┼──────────────────────────────────────────────────────────────────┤
 | 0x0000000000000275 | 0 0 0 0 0 0 0 0 0 0 0 0 0 0 0 0 2 2 0 0 0 0 0 0 0 2 2 0 0 0 0 0  |
 ├────────────────────┼──────────────────────────────────────────────────────────────────┤
 | 0x000000000000088a | 0 0 0 0 0 0 0 0 0 0 0 0 0 2 2 2 2 0 0 2 2 2 2 2 2 2 2 2 2 0 0 0  |
 ├────────────────────┼──────────────────────────────────────────────────────────────────┤
 | 0x00000000000002b6 | 0 0 0 0 0 0 0 0 0 0 0 0 0 0 0 2 0 2 0 0 2 2 2 0 0 0 2 2 0 0 2 2  |
 ├────────────────────┼──────────────────────────────────────────────────────────────────┤
 | 0x000000000000027f | 0 0 0 0 0 0 0 0 0 0 0 0 0 0 0 0 0 0 0 0 0 0 2 2 2 2 2 2 2 2 0 0  |
 ├────────────────────┼──────────────────────────────────────────────────────────────────┤
 | 0x00000000000002bd | 2 2 2 2 0 0 0 0 0 0 0 0 0 0 0 0 0 0 0 0 0 0 0 0 0 0 0 0 0 0 0 0  |
 ├────────────────────┼──────────────────────────────────────────────────────────────────┤
 | 0x0000000000000b4e | 0 0 0 0 0 0 0 0 0 0 0 0 0 0 0 0 0 0 2 2 0 0 0 0 0 0 0 0 0 0 0 0  |
 ├────────────────────┼──────────────────────────────────────────────────────────────────┤
 | 0x00000000000007db | 0 0 0 0 0 2 0 2 2 0 2 0 0 0 2 2 2 0 0 2 2 0 0 0 0 2 2 0 0 0 2 0  |
 ├────────────────────┼──────────────────────────────────────────────────────────────────┤
 | 0x0000000000000bc6 | 0 0 0 0 0 0 0 2 2 0 0 0 0 0 0 0 0 0 0 0 0 0 2 0 0 2 2 2 2 2 2 0  |
 ├────────────────────┼──────────────────────────────────────────────────────────────────┤
 | 0x0000000000000878 | 0 0 0 0 0 0 0 0 0 0 0 2 0 0 2 2 2 2 2 2 2 2 2 2 2 2 2 0 0 0 0 2  |
 ├────────────────────┼──────────────────────────────────────────────────────────────────┤
 | 0x000000000000088d | 2 0 0 0 0 0 0 0 0 0 0 0 0 0 0 0 0 0 0 0 0 0 0 0 0 0 0 0 0 0 0 0  |
 ├────────────────────┼──────────────────────────────────────────────────────────────────┤
 | 0x0000000000000a08 | 0 0 2 2 2 2 2 0 0 0 0 2 2 0 0 0 0 2 2 0 0 0 0 0 0 0 0 0 0 0 0 0  |
 ├────────────────────┼──────────────────────────────────────────────────────────────────┤
 | 0x0000000000000893 | 0 0 0 2 2 2 2 0 0 0 0 2 2 2 2 0 0 0 2 2 0 2 2 2 2 0 0 2 2 0 0 0  |
 ├────────────────────┼──────────────────────────────────────────────────────────────────┤
 | 0x0000000000000ada | 2 2 2 2 2 0 0 0 0 0 0 2 2 2 2 2 2 0 2 0 2 2 0 2 2 2 2 2 2 2 2 2  |
 ├────────────────────┼──────────────────────────────────────────────────────────────────┤
 | 0x0000000000000876 | 0 0 0 0 0 0 0 0 0 2 2 2 2 2 0 0 2 0 0 0 0 0 0 0 0 0 0 0 0 0 0 0  |
 ├────────────────────┼──────────────────────────────────────────────────────────────────┤
 | 0x0000000000000a09 | 2 2 0 0 0 0 0 0 0 0 0 0 0 0 0 0 0 0 0 0 0 2 2 2 2 2 2 2 2 2 2 2  |
 ├────────────────────┼──────────────────────────────────────────────────────────────────┤
 | 0x00000000000002b5 | 2 2 2 2 2 2 2 2 0 0 0 0 0 0 0 0 0 0 0 2 2 2 2 2 2 2 2 2 2 2 2 2  |
 ├────────────────────┼──────────────────────────────────────────────────────────────────┤
 | 0x0000000000000289 | 2 2 2 2 2 2 2 2 2 0 0 0 0 0 0 2 0 0 0 0 0 0 0 0 0 0 0 0 0 0 0 0  |
 ├────────────────────┼──────────────────────────────────────────────────────────────────┤
 | 0x00000000000006dd | 2 0 2 2 2 2 2 0 0 0 0 0 0 0 0 0 0 0 0 0 0 0 0 0 0 0 0 2 2 0 0 2  |
 └────────────────────┴──────────────────────────────────────────────────────────────────┘
Prefetch buffer end
Filter by PPT: 0
cpu0_L2C
Num Con Filled: 0
Num Con Useful: 0 Useless:0 Accuracy: nan
LLC
