41 41 41
Available num physical pages: 35184372088576
WARNING: physical memory size is smaller than virtual memory size

*** ChampSim Multicore Out-of-Order Simulator ***

Warmup Instructions: 5000000
Simulation Instructions: 5000000
Number of CPUs: 1
Page size: 4096

Basic BTB sets: 1024 ways: 8 indirect buffer size: 4096 RAS size: 64
cpu0_L1D PMP prefetcher
Off-chip DRAM Size: 4 GiB Channels: 1 Width: 64-bit Data Rate: 3200 MT/s
Max paddr 1M
Warmup finished CPU 0 instructions: 5000002 cycles: 1253604 cumulative IPC: 3.98851 (Simulation time: 0 hr 2 min 58 sec) 

Warmup complete CPU 0 instructions: 5000002 cycles: 1253604 (Simulation time: 0 hr 2 min 58 sec) 

Heartbeat CPU 0 instructions: 10000001 cycles: 3267124 heartbeat IPC: 3.0608 cumulative IPC: 2.48322 (Simulation time: 0 hr 6 min 12 sec) 
Max paddr 1M
Simulation finished CPU 0 instructions: 5000004 cycles: 2013522 cumulative IPC: 2.48322 (Simulation time: 0 hr 6 min 12 sec) 

Simulation complete CPU 0 instructions: 5000004 cycles: 2013522 (Simulation time: 0 hr 6 min 12 sec) 


ChampSim completed all CPUs

[
  {
    "name": "Simulation",
    "traces": [
      "../traces/453.povray-576B.champsimtrace.xz"
    ],
    "roi": {
      "cores": [
        {
          "instructions": 5000004,
          "cycles": 2013522,
          "Avg ROB occupancy at mispredict": 38.894, 
          "mispredict": {
            "BRANCH_DIRECT_JUMP": 2,
            "BRANCH_INDIRECT": 118,
            "BRANCH_CONDITIONAL": 36074,
            "BRANCH_DIRECT_CALL": 0,
            "BRANCH_INDIRECT_CALL": 2892,
            "BRANCH_RETURN": 3866
          }
        }
      ],
      "cpu0_L1I": {
        "LOAD": {
          "hit":108731,
          "miss":24575
        },
        "RFO": {
          "hit":0,
          "miss":0
        },
        "PREFETCH": {
          "hit":0,
          "miss":0
        },
        "WRITE": {
          "hit":0,
          "miss":0
        },
        "TRANSLATION": {
          "hit":0,
          "miss":0
        },
        "mshr full": 45,
        "prefetch requested": 0,
        "prefetch issued": 0,
        "prefetch filled": 0,
        "prefetch useful": 0,
        "prefetch useless": 0,
        "prefetch late": 0,
        "pf_useful_at_l2_from_l1":          0,
        "pf_late_at_l2_from_l1":          0,
        "pf_useless_at_l2_from_l1":          0,
        "pf_at_l2_to_l1":          0,
        "pf_fill_this_level":          0,
        "miss latency": 0.426262,
        "cache queues": {
          "PQ_ACCESS": 0,
          "PQ_FULL": 0,
          "PQ_TO_CACHE": 0,
          "PQ_MERGED": 0,
          "RQ_ACCESS": 133939,
          "RQ_MERGED": 633,
          "RQ_FULL": 0,
          "WQ_ACCESS": 0,
          "WQ_MERGED": 0,
          "WQ_FULL": 0
        }
      },
      "cpu0_ITLB": {
        "LOAD": {
          "hit":105763,
          "miss":2591
        },
        "RFO": {
          "hit":0,
          "miss":0
        },
        "PREFETCH": {
          "hit":0,
          "miss":0
        },
        "WRITE": {
          "hit":0,
          "miss":0
        },
        "TRANSLATION": {
          "hit":0,
          "miss":0
        },
        "mshr full": 0,
        "prefetch requested": 0,
        "prefetch issued": 0,
        "prefetch filled": 0,
        "prefetch useful": 0,
        "prefetch useless": 0,
        "prefetch late": 0,
        "pf_useful_at_l2_from_l1":          0,
        "pf_late_at_l2_from_l1":          0,
        "pf_useless_at_l2_from_l1":          0,
        "pf_at_l2_to_l1":          0,
        "pf_fill_this_level":          0,
        "miss latency": 0.138967,
        "cache queues": {
          "PQ_ACCESS": 0,
          "PQ_FULL": 0,
          "PQ_TO_CACHE": 0,
          "PQ_MERGED": 0,
          "RQ_ACCESS": 108354,
          "RQ_MERGED": 0,
          "RQ_FULL": 0,
          "WQ_ACCESS": 0,
          "WQ_MERGED": 0,
          "WQ_FULL": 0
        }
      },
      "cpu0_DTLB": {
        "LOAD": {
          "hit":1977894,
          "miss":40511
        },
        "RFO": {
          "hit":0,
          "miss":0
        },
        "PREFETCH": {
          "hit":0,
          "miss":0
        },
        "WRITE": {
          "hit":0,
          "miss":0
        },
        "TRANSLATION": {
          "hit":0,
          "miss":0
        },
        "mshr full": 0,
        "prefetch requested": 0,
        "prefetch issued": 0,
        "prefetch filled": 0,
        "prefetch useful": 0,
        "prefetch useless": 0,
        "prefetch late": 0,
        "pf_useful_at_l2_from_l1":          0,
        "pf_late_at_l2_from_l1":          0,
        "pf_useless_at_l2_from_l1":          0,
        "pf_at_l2_to_l1":          0,
        "pf_fill_this_level":          0,
        "miss latency": 0.16841,
        "cache queues": {
          "PQ_ACCESS": 0,
          "PQ_FULL": 0,
          "PQ_TO_CACHE": 0,
          "PQ_MERGED": 0,
          "RQ_ACCESS": 2027289,
          "RQ_MERGED": 0,
          "RQ_FULL": 8884,
          "WQ_ACCESS": 0,
          "WQ_MERGED": 0,
          "WQ_FULL": 0
        }
      },
      "cpu0_STLB": {
        "LOAD": {
          "hit":14355,
          "miss":0
        },
        "RFO": {
          "hit":0,
          "miss":0
        },
        "PREFETCH": {
          "hit":0,
          "miss":0
        },
        "WRITE": {
          "hit":0,
          "miss":0
        },
        "TRANSLATION": {
          "hit":0,
          "miss":0
        },
        "mshr full": 0,
        "prefetch requested": 0,
        "prefetch issued": 0,
        "prefetch filled": 0,
        "prefetch useful": 0,
        "prefetch useless": 0,
        "prefetch late": 0,
        "pf_useful_at_l2_from_l1":          0,
        "pf_late_at_l2_from_l1":          0,
        "pf_useless_at_l2_from_l1":          0,
        "pf_at_l2_to_l1":          0,
        "pf_fill_this_level":          0,
        "miss latency": null,
        "cache queues": {
          "PQ_ACCESS": 0,
          "PQ_FULL": 0,
          "PQ_TO_CACHE": 0,
          "PQ_MERGED": 0,
          "RQ_ACCESS": 14355,
          "RQ_MERGED": 0,
          "RQ_FULL": 0,
          "WQ_ACCESS": 0,
          "WQ_MERGED": 0,
          "WQ_FULL": 0
        }
      },
      "cpu0_L1D": {
        "LOAD": {
          "hit":1209566,
          "miss":84591
        },
        "RFO": {
          "hit":0,
          "miss":0
        },
        "PREFETCH": {
          "hit":97090,
          "miss":264823
        },
        "WRITE": {
          "hit":696696,
          "miss":28963
        },
        "TRANSLATION": {
          "hit":0,
          "miss":0
        },
        "mshr full": 0,
        "prefetch requested": 361985,
        "prefetch issued": 361985,
        "prefetch filled": 6688,
        "prefetch useful": 2045,
        "prefetch useless": 5216,
        "prefetch late": 590,
        "pf_useful_at_l2_from_l1":          0,
        "pf_late_at_l2_from_l1":          0,
        "pf_useless_at_l2_from_l1":          0,
        "pf_at_l2_to_l1":          0,
        "pf_fill_this_level":       6687,
        "miss latency": 0.213186,
        "cache queues": {
          "PQ_ACCESS": 361985,
          "PQ_FULL": 0,
          "PQ_TO_CACHE": 361985,
          "PQ_MERGED": 20,
          "RQ_ACCESS": 1294336,
          "RQ_MERGED": 175,
          "RQ_FULL": 0,
          "WQ_ACCESS": 725666,
          "WQ_MERGED": 6,
          "WQ_FULL": 0
        }
      },
      "cpu0_L2C": {
        "LOAD": {
          "hit":51041,
          "miss":236
        },
        "RFO": {
          "hit":8226,
          "miss":1
        },
        "PREFETCH": {
          "hit":258748,
          "miss":1112
        },
        "WRITE": {
          "hit":4016,
          "miss":0
        },
        "TRANSLATION": {
          "hit":0,
          "miss":0
        },
        "mshr full": 388,
        "prefetch requested": 0,
        "prefetch issued": 0,
        "prefetch filled": 1109,
        "prefetch useful": 0,
        "prefetch useless": 0,
        "prefetch late": 0,
        "pf_useful_at_l2_from_l1":        139,
        "pf_late_at_l2_from_l1":          3,
        "pf_useless_at_l2_from_l1":        353,
        "pf_at_l2_to_l1":        103,
        "pf_fill_this_level":       1056,
        "miss latency": 22.8996,
        "cache queues": {
          "PQ_ACCESS": 260079,
          "PQ_FULL": 185,
          "PQ_TO_CACHE": 259894,
          "PQ_MERGED": 17,
          "RQ_ACCESS": 59528,
          "RQ_MERGED": 0,
          "RQ_FULL": 0,
          "WQ_ACCESS": 4016,
          "WQ_MERGED": 0,
          "WQ_FULL": 0
        }
      },
      "LLC": {
        "LOAD": {
          "hit": [179],
          "miss": [54]
        },
        "RFO": {
          "hit": [1],
          "miss": [0]
        },
        "PREFETCH": {
          "hit": [364],
          "miss": [748]
        },
        "WRITE": {
          "hit": [4],
          "miss": [0]
        },
        "TRANSLATION": {
          "hit": [0],
          "miss": [0]
        },
        "mshr full": 0,
        "prefetch requested": 0,
        "prefetch issued": 0,
        "prefetch filled": 748,
        "prefetch useful": 0,
        "prefetch useless": 0,
        "prefetch late": 0,
        "pf_useful_at_l2_from_l1":          0,
        "pf_late_at_l2_from_l1":          0,
        "pf_useless_at_l2_from_l1":          0,
        "pf_at_l2_to_l1":         11,
        "pf_fill_this_level":          0,
        "miss latency": 41.7023,
        "cache queues": {
          "PQ_ACCESS": 1112,
          "PQ_FULL": 0,
          "PQ_TO_CACHE": 1112,
          "PQ_MERGED": 0,
          "RQ_ACCESS": 234,
          "RQ_MERGED": 0,
          "RQ_FULL": 0,
          "WQ_ACCESS": 4,
          "WQ_MERGED": 0,
          "WQ_FULL": 0
        }
      },
      "DRAM": [
        {
          "RQ ROW_BUFFER_HIT": 219,
          "RQ ROW_BUFFER_MISS": 583,
          "PQ FULL": 0,
          "WQ ROW_BUFFER_HIT": 0,
          "WQ ROW_BUFFER_MISS": 0,
          "WQ FULL": 0,
          "AVG DBUS CONGESTED CYCLE": 3.92022
        }
      ]

    },
    "sim": {
      "cores": [
        {
          "instructions": 5000004,
          "cycles": 2013522,
          "Avg ROB occupancy at mispredict": 38.894, 
          "mispredict": {
            "BRANCH_DIRECT_JUMP": 2,
            "BRANCH_INDIRECT": 118,
            "BRANCH_CONDITIONAL": 36074,
            "BRANCH_DIRECT_CALL": 0,
            "BRANCH_INDIRECT_CALL": 2892,
            "BRANCH_RETURN": 3866
          }
        }
      ],
      "cpu0_L1I": {
        "LOAD": {
          "hit":108731,
          "miss":24575
        },
        "RFO": {
          "hit":0,
          "miss":0
        },
        "PREFETCH": {
          "hit":0,
          "miss":0
        },
        "WRITE": {
          "hit":0,
          "miss":0
        },
        "TRANSLATION": {
          "hit":0,
          "miss":0
        },
        "mshr full": 45,
        "prefetch requested": 0,
        "prefetch issued": 0,
        "prefetch filled": 0,
        "prefetch useful": 0,
        "prefetch useless": 0,
        "prefetch late": 0,
        "pf_useful_at_l2_from_l1":          0,
        "pf_late_at_l2_from_l1":          0,
        "pf_useless_at_l2_from_l1":          0,
        "pf_at_l2_to_l1":          0,
        "pf_fill_this_level":          0,
        "miss latency": 0.426262,
        "cache queues": {
          "PQ_ACCESS": 0,
          "PQ_FULL": 0,
          "PQ_TO_CACHE": 0,
          "PQ_MERGED": 0,
          "RQ_ACCESS": 133939,
          "RQ_MERGED": 633,
          "RQ_FULL": 0,
          "WQ_ACCESS": 0,
          "WQ_MERGED": 0,
          "WQ_FULL": 0
        }
      },
      "cpu0_ITLB": {
        "LOAD": {
          "hit":105763,
          "miss":2591
        },
        "RFO": {
          "hit":0,
          "miss":0
        },
        "PREFETCH": {
          "hit":0,
          "miss":0
        },
        "WRITE": {
          "hit":0,
          "miss":0
        },
        "TRANSLATION": {
          "hit":0,
          "miss":0
        },
        "mshr full": 0,
        "prefetch requested": 0,
        "prefetch issued": 0,
        "prefetch filled": 0,
        "prefetch useful": 0,
        "prefetch useless": 0,
        "prefetch late": 0,
        "pf_useful_at_l2_from_l1":          0,
        "pf_late_at_l2_from_l1":          0,
        "pf_useless_at_l2_from_l1":          0,
        "pf_at_l2_to_l1":          0,
        "pf_fill_this_level":          0,
        "miss latency": 0.138967,
        "cache queues": {
          "PQ_ACCESS": 0,
          "PQ_FULL": 0,
          "PQ_TO_CACHE": 0,
          "PQ_MERGED": 0,
          "RQ_ACCESS": 108354,
          "RQ_MERGED": 0,
          "RQ_FULL": 0,
          "WQ_ACCESS": 0,
          "WQ_MERGED": 0,
          "WQ_FULL": 0
        }
      },
      "cpu0_DTLB": {
        "LOAD": {
          "hit":1977894,
          "miss":40511
        },
        "RFO": {
          "hit":0,
          "miss":0
        },
        "PREFETCH": {
          "hit":0,
          "miss":0
        },
        "WRITE": {
          "hit":0,
          "miss":0
        },
        "TRANSLATION": {
          "hit":0,
          "miss":0
        },
        "mshr full": 0,
        "prefetch requested": 0,
        "prefetch issued": 0,
        "prefetch filled": 0,
        "prefetch useful": 0,
        "prefetch useless": 0,
        "prefetch late": 0,
        "pf_useful_at_l2_from_l1":          0,
        "pf_late_at_l2_from_l1":          0,
        "pf_useless_at_l2_from_l1":          0,
        "pf_at_l2_to_l1":          0,
        "pf_fill_this_level":          0,
        "miss latency": 0.16841,
        "cache queues": {
          "PQ_ACCESS": 0,
          "PQ_FULL": 0,
          "PQ_TO_CACHE": 0,
          "PQ_MERGED": 0,
          "RQ_ACCESS": 2027289,
          "RQ_MERGED": 0,
          "RQ_FULL": 8884,
          "WQ_ACCESS": 0,
          "WQ_MERGED": 0,
          "WQ_FULL": 0
        }
      },
      "cpu0_STLB": {
        "LOAD": {
          "hit":14355,
          "miss":0
        },
        "RFO": {
          "hit":0,
          "miss":0
        },
        "PREFETCH": {
          "hit":0,
          "miss":0
        },
        "WRITE": {
          "hit":0,
          "miss":0
        },
        "TRANSLATION": {
          "hit":0,
          "miss":0
        },
        "mshr full": 0,
        "prefetch requested": 0,
        "prefetch issued": 0,
        "prefetch filled": 0,
        "prefetch useful": 0,
        "prefetch useless": 0,
        "prefetch late": 0,
        "pf_useful_at_l2_from_l1":          0,
        "pf_late_at_l2_from_l1":          0,
        "pf_useless_at_l2_from_l1":          0,
        "pf_at_l2_to_l1":          0,
        "pf_fill_this_level":          0,
        "miss latency": null,
        "cache queues": {
          "PQ_ACCESS": 0,
          "PQ_FULL": 0,
          "PQ_TO_CACHE": 0,
          "PQ_MERGED": 0,
          "RQ_ACCESS": 14355,
          "RQ_MERGED": 0,
          "RQ_FULL": 0,
          "WQ_ACCESS": 0,
          "WQ_MERGED": 0,
          "WQ_FULL": 0
        }
      },
      "cpu0_L1D": {
        "LOAD": {
          "hit":1209566,
          "miss":84591
        },
        "RFO": {
          "hit":0,
          "miss":0
        },
        "PREFETCH": {
          "hit":97090,
          "miss":264823
        },
        "WRITE": {
          "hit":696696,
          "miss":28963
        },
        "TRANSLATION": {
          "hit":0,
          "miss":0
        },
        "mshr full": 0,
        "prefetch requested": 361985,
        "prefetch issued": 361985,
        "prefetch filled": 6688,
        "prefetch useful": 2045,
        "prefetch useless": 5216,
        "prefetch late": 590,
        "pf_useful_at_l2_from_l1":          0,
        "pf_late_at_l2_from_l1":          0,
        "pf_useless_at_l2_from_l1":          0,
        "pf_at_l2_to_l1":          0,
        "pf_fill_this_level":       6687,
        "miss latency": 0.213186,
        "cache queues": {
          "PQ_ACCESS": 361985,
          "PQ_FULL": 0,
          "PQ_TO_CACHE": 361985,
          "PQ_MERGED": 20,
          "RQ_ACCESS": 1294336,
          "RQ_MERGED": 175,
          "RQ_FULL": 0,
          "WQ_ACCESS": 725666,
          "WQ_MERGED": 6,
          "WQ_FULL": 0
        }
      },
      "cpu0_L2C": {
        "LOAD": {
          "hit":51041,
          "miss":236
        },
        "RFO": {
          "hit":8226,
          "miss":1
        },
        "PREFETCH": {
          "hit":258748,
          "miss":1112
        },
        "WRITE": {
          "hit":4016,
          "miss":0
        },
        "TRANSLATION": {
          "hit":0,
          "miss":0
        },
        "mshr full": 388,
        "prefetch requested": 0,
        "prefetch issued": 0,
        "prefetch filled": 1109,
        "prefetch useful": 0,
        "prefetch useless": 0,
        "prefetch late": 0,
        "pf_useful_at_l2_from_l1":        139,
        "pf_late_at_l2_from_l1":          3,
        "pf_useless_at_l2_from_l1":        353,
        "pf_at_l2_to_l1":        103,
        "pf_fill_this_level":       1056,
        "miss latency": 22.8996,
        "cache queues": {
          "PQ_ACCESS": 260079,
          "PQ_FULL": 185,
          "PQ_TO_CACHE": 259894,
          "PQ_MERGED": 17,
          "RQ_ACCESS": 59528,
          "RQ_MERGED": 0,
          "RQ_FULL": 0,
          "WQ_ACCESS": 4016,
          "WQ_MERGED": 0,
          "WQ_FULL": 0
        }
      },
      "LLC": {
        "LOAD": {
          "hit": [179],
          "miss": [54]
        },
        "RFO": {
          "hit": [1],
          "miss": [0]
        },
        "PREFETCH": {
          "hit": [364],
          "miss": [748]
        },
        "WRITE": {
          "hit": [4],
          "miss": [0]
        },
        "TRANSLATION": {
          "hit": [0],
          "miss": [0]
        },
        "mshr full": 0,
        "prefetch requested": 0,
        "prefetch issued": 0,
        "prefetch filled": 748,
        "prefetch useful": 0,
        "prefetch useless": 0,
        "prefetch late": 0,
        "pf_useful_at_l2_from_l1":          0,
        "pf_late_at_l2_from_l1":          0,
        "pf_useless_at_l2_from_l1":          0,
        "pf_at_l2_to_l1":         11,
        "pf_fill_this_level":          0,
        "miss latency": 41.7023,
        "cache queues": {
          "PQ_ACCESS": 1112,
          "PQ_FULL": 0,
          "PQ_TO_CACHE": 1112,
          "PQ_MERGED": 0,
          "RQ_ACCESS": 234,
          "RQ_MERGED": 0,
          "RQ_FULL": 0,
          "WQ_ACCESS": 4,
          "WQ_MERGED": 0,
          "WQ_FULL": 0
        }
      },
      "DRAM": [
        {
          "RQ ROW_BUFFER_HIT": 219,
          "RQ ROW_BUFFER_MISS": 583,
          "PQ FULL": 0,
          "WQ ROW_BUFFER_HIT": 0,
          "WQ ROW_BUFFER_MISS": 0,
          "WQ FULL": 0,
          "AVG DBUS CONGESTED CYCLE": 3.92022
        }
      ]

    }
  }
]
cpu0_ITLB
cpu0_DTLB
cpu0_STLB
Prefetch Request to L1: 24349, Prefetch Request to L2: 337636
Invalid by Eviction: 5411
Invalid by Max: 38731
Filter table begin
 ┌────────────────────┬─────────────┐
 | Region             | Offset      |
 ├────────────────────┼─────────────┤
 | 0x0000000000000344 | 19          |
 ├────────────────────┼─────────────┤
 | 0x0000000000000237 | 4           |
 ├────────────────────┼─────────────┤
 | 0x0000000000000291 | 0           |
 ├────────────────────┼─────────────┤
 | 0x000000000000033a | 18          |
 ├────────────────────┼─────────────┤
 | 0x0000000000000387 | 16          |
 ├────────────────────┼─────────────┤
 | 0x0000000000000356 | 23          |
 ├────────────────────┼─────────────┤
 | 0x0000000000000305 | 1           |
 ├────────────────────┼─────────────┤
 | 0x00000000000002b5 | 27          |
 ├────────────────────┼─────────────┤
 | 0x00000000000002b4 | 24          |
 ├────────────────────┼─────────────┤
 | 0x0000000000000354 | 20          |
 ├────────────────────┼─────────────┤
 | 0x000000000000038c | 28          |
 ├────────────────────┼─────────────┤
 | 0x00000000000002a5 | 5           |
 ├────────────────────┼─────────────┤
 | 0x000000000000024b | 17          |
 ├────────────────────┼─────────────┤
 | 0x00000000000002db | 8           |
 ├────────────────────┼─────────────┤
 | 0x00000000000002ff | 5           |
 ├────────────────────┼─────────────┤
 | 0x0000000000000346 | 28          |
 ├────────────────────┼─────────────┤
 | 0x000000000000034e | 16          |
 ├────────────────────┼─────────────┤
 | 0x0000000000000371 | 5           |
 ├────────────────────┼─────────────┤
 | 0x000000000000030f | 2           |
 ├────────────────────┼─────────────┤
 | 0x0000000000000384 | 16          |
 ├────────────────────┼─────────────┤
 | 0x00000000000002da | 8           |
 ├────────────────────┼─────────────┤
 | 0x000000000000023a | 1           |
 ├────────────────────┼─────────────┤
 | 0x0000000000000337 | 4           |
 ├────────────────────┼─────────────┤
 | 0x000000000000027b | 0           |
 ├────────────────────┼─────────────┤
 | 0x00000000000002b1 | 13          |
 ├────────────────────┼─────────────┤
 | 0x0000000000000341 | 30          |
 ├────────────────────┼─────────────┤
 | 0x000000000000025e | 31          |
 ├────────────────────┼─────────────┤
 | 0x0000000000000257 | 12          |
 ├────────────────────┼─────────────┤
 | 0x00000000000002a1 | 0           |
 ├────────────────────┼─────────────┤
 | 0x0000000000000238 | 0           |
 ├────────────────────┼─────────────┤
 | 0x0000000000000254 | 4           |
 ├────────────────────┼─────────────┤
 | 0x0000000000000246 | 29          |
 ├────────────────────┼─────────────┤
 | 0x0000000000000335 | 15          |
 ├────────────────────┼─────────────┤
 | 0x00000000000002ba | 3           |
 ├────────────────────┼─────────────┤
 | 0x0000000000000285 | 31          |
 ├────────────────────┼─────────────┤
 | 0x00000000000002a0 | 6           |
 ├────────────────────┼─────────────┤
 | 0x0000000000000326 | 31          |
 ├────────────────────┼─────────────┤
 | 0x00000000000002de | 25          |
 ├────────────────────┼─────────────┤
 | 0x000000000000025c | 27          |
 ├────────────────────┼─────────────┤
 | 0x0000000000000255 | 29          |
 ├────────────────────┼─────────────┤
 | 0x0000000000000271 | 31          |
 ├────────────────────┼─────────────┤
 | 0x0000000000000380 | 27          |
 └────────────────────┴─────────────┘
Filter table end
Accumulation table begin
 ┌────────────────────┬─────────────┬─────────────┬──────────────────────────────────────────────────────────────────┐
 | Region             | Offset      | Second      | Pattern                                                          |
 ├────────────────────┼─────────────┼─────────────┼──────────────────────────────────────────────────────────────────┤
 | 0x000000000000025d | 29          | 30          | 0 0 0 0 0 0 0 0 0 0 0 0 0 0 0 0 0 0 0 0 0 0 0 0 0 0 0 0 0 1 1 1  |
 ├────────────────────┼─────────────┼─────────────┼──────────────────────────────────────────────────────────────────┤
 | 0x000000000000023e | 5           | 3           | 0 0 1 1 1 1 0 0 0 0 0 1 1 1 0 0 0 0 0 1 1 1 0 0 0 0 0 1 1 1 0 0  |
 ├────────────────────┼─────────────┼─────────────┼──────────────────────────────────────────────────────────────────┤
 | 0x000000000000023d | 4           | 5           | 0 0 0 0 1 1 0 0 0 0 0 0 0 0 0 0 0 0 0 0 0 0 0 0 0 0 0 0 0 0 0 0  |
 ├────────────────────┼─────────────┼─────────────┼──────────────────────────────────────────────────────────────────┤
 | 0x0000000000000276 | 7           | 8           | 0 0 0 0 0 0 0 1 1 1 0 0 0 0 0 0 0 0 0 0 0 0 0 0 0 0 0 0 0 0 0 0  |
 ├────────────────────┼─────────────┼─────────────┼──────────────────────────────────────────────────────────────────┤
 | 0x000000000000026e | 0           | 1           | 1 1 0 0 0 0 0 0 0 0 0 0 0 0 0 0 0 0 0 0 0 0 0 0 0 0 0 0 0 0 0 0  |
 ├────────────────────┼─────────────┼─────────────┼──────────────────────────────────────────────────────────────────┤
 | 0x0000000000000275 | 12          | 13          | 0 0 0 0 0 0 0 0 0 0 0 1 1 1 0 0 0 0 0 0 0 0 0 0 0 0 0 0 0 0 0 0  |
 ├────────────────────┼─────────────┼─────────────┼──────────────────────────────────────────────────────────────────┤
 | 0x000000000000024c | 31          | 30          | 0 0 0 0 0 0 0 0 0 0 0 0 0 0 0 0 0 0 0 0 0 0 0 0 0 0 0 0 1 1 1 1  |
 ├────────────────────┼─────────────┼─────────────┼──────────────────────────────────────────────────────────────────┤
 | 0x00000000000002f8 | 13          | 14          | 0 0 0 0 0 0 0 0 0 0 0 0 1 1 1 0 0 0 0 0 0 0 0 0 0 0 0 0 0 0 0 0  |
 ├────────────────────┼─────────────┼─────────────┼──────────────────────────────────────────────────────────────────┤
 | 0x000000000000027a | 31          | 30          | 0 0 0 0 0 0 0 0 0 0 0 0 0 0 0 0 0 0 0 0 0 0 0 0 0 0 0 0 0 0 1 1  |
 ├────────────────────┼─────────────┼─────────────┼──────────────────────────────────────────────────────────────────┤
 | 0x00000000000002e3 | 28          | 29          | 0 0 0 0 0 0 0 0 0 0 0 0 0 0 0 0 0 0 0 0 0 0 0 0 0 0 0 1 1 1 0 0  |
 ├────────────────────┼─────────────┼─────────────┼──────────────────────────────────────────────────────────────────┤
 | 0x00000000000002f7 | 8           | 7           | 0 0 0 0 0 0 0 1 1 1 0 0 0 0 0 0 0 0 0 0 0 0 0 0 0 0 0 0 0 0 0 0  |
 ├────────────────────┼─────────────┼─────────────┼──────────────────────────────────────────────────────────────────┤
 | 0x00000000000002df | 14          | 13          | 0 0 0 0 0 0 0 0 0 0 0 0 0 1 1 1 0 0 0 0 0 0 0 0 0 0 0 0 1 1 0 0  |
 ├────────────────────┼─────────────┼─────────────┼──────────────────────────────────────────────────────────────────┤
 | 0x0000000000000279 | 9           | 10          | 0 0 0 0 0 0 0 0 0 1 1 1 0 0 0 0 0 0 0 0 0 0 0 0 0 0 0 0 0 0 0 0  |
 ├────────────────────┼─────────────┼─────────────┼──────────────────────────────────────────────────────────────────┤
 | 0x00000000000002ea | 9           | 10          | 0 0 0 0 0 0 0 0 0 1 1 1 1 0 0 0 0 0 0 0 0 0 0 0 0 0 0 0 0 0 0 0  |
 ├────────────────────┼─────────────┼─────────────┼──────────────────────────────────────────────────────────────────┤
 | 0x0000000000000234 | 3           | 1           | 1 1 1 1 0 0 0 0 0 1 1 1 0 0 0 0 0 1 1 1 0 0 0 0 0 1 1 1 0 0 0 0  |
 ├────────────────────┼─────────────┼─────────────┼──────────────────────────────────────────────────────────────────┤
 | 0x0000000000000353 | 18          | 19          | 0 0 0 0 0 0 0 0 0 0 0 0 0 0 0 0 0 0 1 1 0 0 0 0 0 0 0 0 0 0 0 0  |
 ├────────────────────┼─────────────┼─────────────┼──────────────────────────────────────────────────────────────────┤
 | 0x00000000000002f6 | 4           | 5           | 0 0 0 1 1 1 0 0 0 0 0 0 0 0 0 0 0 0 0 0 0 0 0 0 0 0 0 0 0 0 0 0  |
 ├────────────────────┼─────────────┼─────────────┼──────────────────────────────────────────────────────────────────┤
 | 0x000000000000023c | 2           | 1           | 0 1 1 0 0 0 0 0 0 0 0 0 0 0 0 0 0 0 0 0 0 0 0 0 0 0 0 0 0 0 0 0  |
 ├────────────────────┼─────────────┼─────────────┼──────────────────────────────────────────────────────────────────┤
 | 0x0000000000000338 | 2           | 7           | 0 1 1 0 0 0 0 1 0 0 0 0 0 0 0 0 0 0 0 0 0 0 0 0 0 0 0 0 0 0 0 0  |
 ├────────────────────┼─────────────┼─────────────┼──────────────────────────────────────────────────────────────────┤
 | 0x0000000000000351 | 3           | 5           | 1 0 0 1 1 1 1 0 0 0 0 0 0 0 0 0 0 0 0 0 0 0 0 0 0 0 0 0 0 0 0 0  |
 ├────────────────────┼─────────────┼─────────────┼──────────────────────────────────────────────────────────────────┤
 | 0x0000000000000290 | 31          | 30          | 0 0 0 0 0 0 0 0 0 0 0 0 0 0 0 0 0 0 0 0 0 0 0 0 0 0 0 0 0 0 1 1  |
 ├────────────────────┼─────────────┼─────────────┼──────────────────────────────────────────────────────────────────┤
 | 0x0000000000000239 | 19          | 16          | 0 0 0 0 0 0 0 0 0 0 0 0 0 0 0 0 1 0 0 1 0 0 0 0 0 0 0 0 0 0 0 0  |
 ├────────────────────┼─────────────┼─────────────┼──────────────────────────────────────────────────────────────────┤
 | 0x00000000000002f5 | 10          | 9           | 0 0 0 0 0 0 0 0 1 1 1 0 0 0 0 0 0 0 0 0 0 0 0 0 0 0 0 0 0 0 0 0  |
 ├────────────────────┼─────────────┼─────────────┼──────────────────────────────────────────────────────────────────┤
 | 0x0000000000000235 | 2           | 1           | 0 1 1 1 1 0 0 0 0 0 1 1 1 0 0 0 0 0 1 1 1 0 0 0 0 0 1 1 1 0 0 0  |
 ├────────────────────┼─────────────┼─────────────┼──────────────────────────────────────────────────────────────────┤
 | 0x0000000000000284 | 27          | 26          | 0 0 0 0 0 0 0 0 0 0 0 0 0 0 0 0 0 0 0 0 0 0 0 0 0 0 1 1 1 0 0 0  |
 ├────────────────────┼─────────────┼─────────────┼──────────────────────────────────────────────────────────────────┤
 | 0x00000000000002e4 | 18          | 19          | 0 0 0 0 0 0 0 0 0 0 0 0 0 0 0 0 0 0 1 1 1 1 0 0 0 0 0 0 0 0 0 0  |
 ├────────────────────┼─────────────┼─────────────┼──────────────────────────────────────────────────────────────────┤
 | 0x0000000000000221 | 2           | 1           | 0 1 1 0 1 1 1 0 0 0 0 0 1 1 1 1 0 0 0 0 0 1 1 1 0 0 0 0 0 1 1 1  |
 ├────────────────────┼─────────────┼─────────────┼──────────────────────────────────────────────────────────────────┤
 | 0x0000000000000236 | 20          | 23          | 0 0 0 0 0 0 0 0 0 0 0 0 0 0 0 0 0 0 0 0 1 0 0 1 0 1 0 0 0 1 0 1  |
 ├────────────────────┼─────────────┼─────────────┼──────────────────────────────────────────────────────────────────┤
 | 0x00000000000002d1 | 15          | 17          | 0 0 0 0 0 0 0 0 0 0 0 0 0 0 0 1 0 1 0 0 1 0 0 1 1 1 1 1 1 1 1 1  |
 ├────────────────────┼─────────────┼─────────────┼──────────────────────────────────────────────────────────────────┤
 | 0x000000000000024d | 7           | 4           | 1 1 1 1 1 1 1 1 0 0 0 0 0 0 0 0 0 0 0 0 0 0 0 0 0 0 0 0 0 0 0 0  |
 ├────────────────────┼─────────────┼─────────────┼──────────────────────────────────────────────────────────────────┤
 | 0x0000000000000272 | 10          | 9           | 0 0 0 0 0 0 0 0 1 1 1 0 0 0 0 0 0 0 0 0 0 0 0 0 0 0 0 0 0 0 0 0  |
 ├────────────────────┼─────────────┼─────────────┼──────────────────────────────────────────────────────────────────┤
 | 0x0000000000000233 | 5           | 26          | 0 0 0 0 0 1 0 0 0 0 0 0 0 0 0 0 0 0 0 0 0 0 0 0 0 1 1 0 0 0 0 0  |
 └────────────────────┴─────────────┴─────────────┴──────────────────────────────────────────────────────────────────┘
Accumulation table end
Offset pattern table begin
 ┌────────────────────┬─────────────┬───────────────────────────────────────────────────────────────────────────────────┐
 | Key                | Second      | Pattern                                                                           |
 ├────────────────────┼─────────────┼───────────────────────────────────────────────────────────────────────────────────┤
 | 0x0000000000000000 | 1           | 30 18 12 7 7 1 8 13 11 8 8 4 4 4 3 8 11 11 4 3 3 3 0 7 11 11 4 2 2 2 2 9          |
 ├────────────────────┼─────────────┼───────────────────────────────────────────────────────────────────────────────────┤
 | 0x0000000000000001 | 0           | 25 16 4 5 5 4 4 8 11 10 6 4 3 3 6 4 9 9 6 1 2 2 1 3 8 8 5 1 2 2 2 21              |
 ├────────────────────┼─────────────┼───────────────────────────────────────────────────────────────────────────────────┤
 | 0x0000000000000002 | 1           | 22 11 7 5 2 4 5 8 15 12 10 3 2 4 1 4 11 11 8 2 2 2 0 4 11 11 7 2 2 2 8 19         |
 ├────────────────────┼─────────────┼───────────────────────────────────────────────────────────────────────────────────┤
 | 0x0000000000000003 | 2           | 30 26 9 3 0 0 0 7 10 9 9 5 5 5 0 0 3 3 3 5 5 5 0 0 4 3 3 5 5 5 3 17               |
 ├────────────────────┼─────────────┼───────────────────────────────────────────────────────────────────────────────────┤
 | 0x0000000000000004 | 5           | 16 9 3 0 0 0 3 2 2 2 0 0 0 0 0 0 0 0 1 1 1 0 0 0 0 0 0 0 0 0 5 10                 |
 ├────────────────────┼─────────────┼───────────────────────────────────────────────────────────────────────────────────┤
 | 0x0000000000000005 | 4           | 29 14 13 5 2 0 3 3 12 8 0 8 8 9 3 3 3 0 0 8 11 9 5 5 4 0 0 2 1 7 5 23             |
 ├────────────────────┼─────────────┼───────────────────────────────────────────────────────────────────────────────────┤
 | 0x0000000000000006 | 5           | 26 5 6 7 4 0 0 1 1 1 0 0 0 0 0 0 0 0 0 1 1 1 0 5 5 5 1 0 0 0 17 13                |
 ├────────────────────┼─────────────┼───────────────────────────────────────────────────────────────────────────────────┤
 | 0x0000000000000007 | 11          | 16 6 2 0 3 0 0 0 0 0 0 0 0 0 0 0 0 0 0 0 0 0 0 0 0 3 3 7 3 8 7 6                  |
 ├────────────────────┼─────────────┼───────────────────────────────────────────────────────────────────────────────────┤
 | 0x0000000000000008 | 7           | 25 23 6 0 0 0 0 0 0 0 0 0 0 0 0 0 0 0 0 0 0 0 0 0 5 5 5 0 0 0 0 17                |
 ├────────────────────┼─────────────┼───────────────────────────────────────────────────────────────────────────────────┤
 | 0x0000000000000009 | 8           | 20 15 6 5 1 0 0 0 0 0 0 0 0 1 1 1 1 1 1 1 1 1 1 2 2 1 0 1 0 2 2 9                 |
 ├────────────────────┼─────────────┼───────────────────────────────────────────────────────────────────────────────────┤
 | 0x000000000000000a | 9           | 21 8 7 1 0 0 1 0 1 1 1 1 2 1 0 0 2 2 0 1 0 2 3 2 0 1 1 2 2 2 12 18                |
 ├────────────────────┼─────────────┼───────────────────────────────────────────────────────────────────────────────────┤
 | 0x000000000000000b | 12          | 17 5 4 1 1 4 0 1 1 0 1 0 1 1 1 1 0 0 0 0 0 0 1 0 2 0 0 0 7 1 7 7                  |
 ├────────────────────┼─────────────┼───────────────────────────────────────────────────────────────────────────────────┤
 | 0x000000000000000c | 14          | 20 12 3 3 1 2 0 1 1 3 3 1 3 1 0 0 3 3 1 1 1 1 2 4 1 2 0 3 6 6 7 18                |
 ├────────────────────┼─────────────┼───────────────────────────────────────────────────────────────────────────────────┤
 | 0x000000000000000d | 12          | 26 24 6 5 5 6 5 0 5 0 0 0 0 0 0 0 0 0 1 0 5 0 0 5 5 0 5 5 0 7 5 18                |
 ├────────────────────┼─────────────┼───────────────────────────────────────────────────────────────────────────────────┤
 | 0x000000000000000e | 13          | 22 18 4 7 5 5 0 0 0 0 0 5 5 5 7 1 0 3 0 0 0 0 0 0 0 0 0 0 0 0 10 13               |
 ├────────────────────┼─────────────┼───────────────────────────────────────────────────────────────────────────────────┤
 | 0x000000000000000f | 14          | 20 14 16 4 2 0 0 0 1 1 3 3 3 4 2 1 1 0 0 0 0 0 0 0 0 0 0 0 0 1 1 11               |
 ├────────────────────┼─────────────┼───────────────────────────────────────────────────────────────────────────────────┤
 | 0x0000000000000010 | 19          | 25 13 12 22 11 12 0 0 0 1 0 12 12 11 11 0 0 0 0 0 0 0 0 1 0 0 0 0 0 0 0 2         |
 ├────────────────────┼─────────────┼───────────────────────────────────────────────────────────────────────────────────┤
 | 0x0000000000000011 | 16          | 28 10 10 9 7 8 0 3 1 7 7 9 9 8 3 11 2 1 1 3 3 4 4 3 4 1 1 1 3 5 5 12              |
 ├────────────────────┼─────────────┼───────────────────────────────────────────────────────────────────────────────────┤
 | 0x0000000000000012 | 17          | 20 13 13 13 2 0 3 3 3 3 3 3 3 2 0 1 0 0 3 3 0 0 2 1 1 1 0 1 0 2 3 3               |
 ├────────────────────┼─────────────┼───────────────────────────────────────────────────────────────────────────────────┤
 | 0x0000000000000013 | 18          | 25 11 18 6 0 6 5 0 5 1 1 1 1 0 0 0 0 0 0 0 0 0 0 0 0 0 0 0 0 4 3 2                |
 ├────────────────────┼─────────────┼───────────────────────────────────────────────────────────────────────────────────┤
 | 0x0000000000000014 | 19          | 20 18 12 13 1 3 0 2 1 3 1 2 0 0 1 0 1 1 0 1 0 0 1 0 0 0 0 0 0 1 0 4               |
 ├────────────────────┼─────────────┼───────────────────────────────────────────────────────────────────────────────────┤
 | 0x0000000000000015 | 20          | 24 14 6 6 6 4 1 4 5 0 5 0 2 1 0 2 2 0 2 2 0 4 4 1 3 3 2 3 3 2 8 7                 |
 ├────────────────────┼─────────────┼───────────────────────────────────────────────────────────────────────────────────┤
 | 0x0000000000000016 | 26          | 17 7 2 4 4 1 1 1 1 1 0 0 0 0 0 2 2 2 3 3 0 0 2 0 1 0 0 0 0 0 1 0                  |
 ├────────────────────┼─────────────┼───────────────────────────────────────────────────────────────────────────────────┤
 | 0x0000000000000017 | 24          | 27 2 11 11 11 10 20 11 20 0 0 0 0 2 0 9 0 0 11 11 11 9 9 9 10 10 11 9 9 19 19 15  |
 ├────────────────────┼─────────────┼───────────────────────────────────────────────────────────────────────────────────┤
 | 0x0000000000000018 | 25          | 18 9 1 0 6 2 1 1 0 0 0 0 0 0 0 0 0 0 0 0 0 0 0 0 0 0 0 0 0 0 0 1                  |
 ├────────────────────┼─────────────┼───────────────────────────────────────────────────────────────────────────────────┤
 | 0x0000000000000019 | 31          | 22 8 7 3 12 2 8 0 0 0 0 3 3 3 3 3 3 3 3 3 3 3 3 3 3 3 3 10 15 8 7 13              |
 ├────────────────────┼─────────────┼───────────────────────────────────────────────────────────────────────────────────┤
 | 0x000000000000001a | 25          | 25 8 8 0 0 2 10 10 10 0 0 0 0 1 1 2 1 0 1 0 0 0 0 0 0 0 0 0 4 0 0 1               |
 ├────────────────────┼─────────────┼───────────────────────────────────────────────────────────────────────────────────┤
 | 0x000000000000001b | 26          | 31 23 0 0 0 0 0 0 0 0 0 0 0 0 0 0 0 0 0 0 0 0 0 0 0 0 0 0 0 11 2 22               |
 ├────────────────────┼─────────────┼───────────────────────────────────────────────────────────────────────────────────┤
 | 0x000000000000001c | 29          | 31 21 11 10 3 5 3 4 3 3 0 3 3 0 3 5 3 3 0 1 0 0 7 0 0 0 0 0 0 5 0 10              |
 ├────────────────────┼─────────────┼───────────────────────────────────────────────────────────────────────────────────┤
 | 0x000000000000001d | 28          | 28 16 15 0 0 0 1 0 0 0 0 0 0 1 1 1 0 0 0 0 0 0 1 1 0 2 0 2 0 0 0 7                |
 ├────────────────────┼─────────────┼───────────────────────────────────────────────────────────────────────────────────┤
 | 0x000000000000001e | 31          | 28 23 0 0 0 0 0 0 4 0 0 0 0 0 0 0 0 0 0 0 0 4 0 0 1 4 1 0 0 0 4 14                |
 ├────────────────────┼─────────────┼───────────────────────────────────────────────────────────────────────────────────┤
 | 0x000000000000001f | 30          | 16 0 0 0 0 0 0 0 0 0 0 0 0 0 0 0 0 0 0 0 1 0 1 1 0 1 2 1 1 4 4 14                 |
 └────────────────────┴─────────────┴───────────────────────────────────────────────────────────────────────────────────┘
Offset pattern table end
PC pattern table begin
 ┌────────────────────┬─────────────┬───────────────────────────────────────────┐
 | Key                | Second      | Pattern                                   |
 ├────────────────────┼─────────────┼───────────────────────────────────────────┤
 | 0x0000000000000000 | 5           | 24 19 10 4 0 4 8 8 0 0 4 3 0 1 4 5        |
 ├────────────────────┼─────────────┼───────────────────────────────────────────┤
 | 0x0000000000000001 | 0           | 20 11 15 6 3 4 3 3 3 3 3 3 3 3 3 1        |
 ├────────────────────┼─────────────┼───────────────────────────────────────────┤
 | 0x0000000000000002 | 26          | 22 10 9 5 4 4 4 3 2 1 0 0 1 1 1 7         |
 ├────────────────────┼─────────────┼───────────────────────────────────────────┤
 | 0x0000000000000003 | 0           | 25 14 8 5 5 8 5 0 0 0 0 2 3 2 4 9         |
 ├────────────────────┼─────────────┼───────────────────────────────────────────┤
 | 0x0000000000000004 | 19          | 22 11 3 1 2 1 1 2 1 0 0 0 0 0 0 6         |
 ├────────────────────┼─────────────┼───────────────────────────────────────────┤
 | 0x0000000000000005 | 21          | 21 15 0 0 0 0 0 0 0 0 0 0 0 0 0 1         |
 ├────────────────────┼─────────────┼───────────────────────────────────────────┤
 | 0x0000000000000006 | 2           | 28 8 3 12 12 4 4 11 10 5 3 9 10 5 2 17    |
 ├────────────────────┼─────────────┼───────────────────────────────────────────┤
 | 0x0000000000000007 | 21          | 30 22 6 12 11 0 0 15 17 17 0 3 1 0 1 8    |
 ├────────────────────┼─────────────┼───────────────────────────────────────────┤
 | 0x0000000000000008 | 23          | 22 4 9 6 10 3 0 1 0 0 0 0 0 0 5 6         |
 ├────────────────────┼─────────────┼───────────────────────────────────────────┤
 | 0x0000000000000009 | 3           | 27 13 2 2 0 0 1 1 2 2 2 1 1 1 2 4         |
 ├────────────────────┼─────────────┼───────────────────────────────────────────┤
 | 0x000000000000000a | 28          | 29 16 3 6 0 1 1 2 2 2 2 2 0 0 5 8         |
 ├────────────────────┼─────────────┼───────────────────────────────────────────┤
 | 0x000000000000000b | 9           | 30 21 13 5 2 6 7 11 3 3 1 4 0 1 4 4       |
 ├────────────────────┼─────────────┼───────────────────────────────────────────┤
 | 0x000000000000000c | 31          | 18 15 3 0 0 2 1 0 0 2 1 0 0 1 1 2         |
 ├────────────────────┼─────────────┼───────────────────────────────────────────┤
 | 0x000000000000000d | 30          | 26 6 3 1 1 1 1 0 1 0 15 9 4 0 3 2         |
 ├────────────────────┼─────────────┼───────────────────────────────────────────┤
 | 0x000000000000000e | 5           | 29 16 21 9 15 13 6 9 10 10 10 3 2 8 2 20  |
 ├────────────────────┼─────────────┼───────────────────────────────────────────┤
 | 0x000000000000000f | 4           | 30 20 4 0 0 1 0 0 0 1 2 3 8 6 4 9         |
 ├────────────────────┼─────────────┼───────────────────────────────────────────┤
 | 0x0000000000000010 | 29          | 17 2 3 0 0 3 4 2 0 4 2 0 0 0 3 3          |
 ├────────────────────┼─────────────┼───────────────────────────────────────────┤
 | 0x0000000000000011 | 13          | 19 16 8 1 1 0 0 0 2 2 1 1 1 1 1 11        |
 ├────────────────────┼─────────────┼───────────────────────────────────────────┤
 | 0x0000000000000012 | 1           | 31 18 0 3 13 13 2 2 8 8 2 2 8 8 0 9       |
 ├────────────────────┼─────────────┼───────────────────────────────────────────┤
 | 0x0000000000000013 | 1           | 22 6 1 0 0 0 0 0 0 1 2 1 6 6 1 9          |
 ├────────────────────┼─────────────┼───────────────────────────────────────────┤
 | 0x0000000000000014 | 2           | 24 2 1 2 2 0 0 0 0 3 0 0 0 0 3 3          |
 ├────────────────────┼─────────────┼───────────────────────────────────────────┤
 | 0x0000000000000015 | 29          | 30 2 1 0 0 0 1 0 0 0 0 14 2 13 14 15      |
 ├────────────────────┼─────────────┼───────────────────────────────────────────┤
 | 0x0000000000000016 | 11          | 24 9 5 1 1 0 0 0 0 0 0 0 1 0 3 8          |
 ├────────────────────┼─────────────┼───────────────────────────────────────────┤
 | 0x0000000000000017 | 14          | 27 9 8 12 14 6 4 4 6 6 8 8 10 4 11 12     |
 ├────────────────────┼─────────────┼───────────────────────────────────────────┤
 | 0x0000000000000018 | 7           | 17 13 8 0 1 0 0 1 0 0 1 6 6 3 4 12        |
 ├────────────────────┼─────────────┼───────────────────────────────────────────┤
 | 0x0000000000000019 | 2           | 17 0 2 3 0 0 0 0 0 0 0 0 0 0 0 5          |
 ├────────────────────┼─────────────┼───────────────────────────────────────────┤
 | 0x000000000000001a | 0           | 26 10 4 4 2 0 0 0 0 1 3 0 7 7 3 13        |
 ├────────────────────┼─────────────┼───────────────────────────────────────────┤
 | 0x000000000000001b | 30          | 25 6 1 2 1 1 1 0 1 1 1 0 0 1 0 16         |
 ├────────────────────┼─────────────┼───────────────────────────────────────────┤
 | 0x000000000000001c | 10          | 31 5 13 4 13 15 18 14 7 5 1 8 8 9 9 25    |
 ├────────────────────┼─────────────┼───────────────────────────────────────────┤
 | 0x000000000000001d | 18          | 23 13 7 2 5 7 7 7 6 5 8 8 6 8 9 13        |
 ├────────────────────┼─────────────┼───────────────────────────────────────────┤
 | 0x000000000000001e | 20          | 23 0 1 0 0 0 8 6 15 15 14 20 0 13 12 20   |
 ├────────────────────┼─────────────┼───────────────────────────────────────────┤
 | 0x000000000000001f | 14          | 23 10 6 1 1 4 4 0 0 6 7 1 2 3 4 6         |
 └────────────────────┴─────────────┴───────────────────────────────────────────┘
PC pattern table end
Prefetch buffer begin
 ┌────────────────────┬──────────────────────────────────────────────────────────────────┐
 | Region             | Pattern                                                          |
 ├────────────────────┼──────────────────────────────────────────────────────────────────┤
 | 0x000000000000033a | 2 2 2 2 2 2 0 0 2 2 2 2 2 2 0 0 2 2 0 1 2 2 0 0 2 2 2 2 2 2 2 2  |
 ├────────────────────┼──────────────────────────────────────────────────────────────────┤
 | 0x0000000000000335 | 0 0 0 0 0 0 0 2 2 2 2 0 0 2 2 0 0 2 2 2 2 2 2 0 0 2 2 2 2 0 0 0  |
 ├────────────────────┼──────────────────────────────────────────────────────────────────┤
 | 0x0000000000000353 | 0 0 0 0 2 2 0 0 0 0 2 0 0 0 0 0 0 0 0 0 0 0 0 0 0 0 2 2 2 2 2 0  |
 ├────────────────────┼──────────────────────────────────────────────────────────────────┤
 | 0x0000000000000246 | 2 0 0 0 0 0 0 0 0 0 0 0 0 0 0 0 0 0 0 0 0 0 0 0 0 0 0 2 2 0 0 2  |
 ├────────────────────┼──────────────────────────────────────────────────────────────────┤
 | 0x000000000000027a | 2 2 0 0 0 0 0 0 0 0 0 0 0 0 0 0 0 0 0 0 0 0 0 0 0 0 0 0 0 0 0 0  |
 ├────────────────────┼──────────────────────────────────────────────────────────────────┤
 | 0x00000000000002d0 | 2 2 0 2 1 0 0 0 2 0 0 2 0 0 0 0 0 0 0 2 0 0 2 0 0 0 0 0 2 0 2 0  |
 ├────────────────────┼──────────────────────────────────────────────────────────────────┤
 | 0x0000000000000291 | 0 1 2 2 2 0 2 2 2 2 2 0 0 0 0 2 2 2 0 0 0 0 0 2 2 2 0 0 2 2 2 2  |
 ├────────────────────┼──────────────────────────────────────────────────────────────────┤
 | 0x0000000000000224 | 0 0 0 0 0 0 0 0 0 0 2 2 0 0 0 0 0 0 0 0 0 0 0 0 0 0 0 0 0 2 0 2  |
 ├────────────────────┼──────────────────────────────────────────────────────────────────┤
 | 0x0000000000000346 | 0 2 0 0 0 0 0 0 0 0 0 2 0 0 0 0 2 2 2 2 0 0 0 0 0 0 0 0 0 0 0 0  |
 ├────────────────────┼──────────────────────────────────────────────────────────────────┤
 | 0x0000000000000265 | 0 0 0 0 0 0 0 0 0 0 0 0 0 0 0 0 0 0 0 2 0 0 0 0 2 2 0 0 0 0 0 0  |
 ├────────────────────┼──────────────────────────────────────────────────────────────────┤
 | 0x00000000000002db | 2 2 2 2 2 2 2 1 0 1 2 2 2 2 0 0 0 0 0 0 0 0 0 0 0 0 0 0 0 0 2 2  |
 ├────────────────────┼──────────────────────────────────────────────────────────────────┤
 | 0x0000000000000380 | 0 0 0 0 0 0 0 0 0 0 0 0 0 0 0 0 0 0 0 2 2 2 2 0 2 2 2 0 1 2 2 0  |
 ├────────────────────┼──────────────────────────────────────────────────────────────────┤
 | 0x00000000000002de | 0 0 0 0 2 2 2 2 2 2 2 2 2 2 2 2 2 2 2 2 2 1 2 2 1 0 0 2 2 2 0 2  |
 ├────────────────────┼──────────────────────────────────────────────────────────────────┤
 | 0x000000000000026c | 0 0 0 0 0 0 0 0 0 0 0 0 0 0 0 0 0 0 0 0 0 0 0 0 0 0 0 0 0 0 2 2  |
 ├────────────────────┼──────────────────────────────────────────────────────────────────┤
 | 0x0000000000000351 | 0 0 0 0 0 0 0 0 0 0 2 2 2 2 2 2 2 0 0 0 0 0 2 2 2 0 0 0 0 0 2 2  |
 ├────────────────────┼──────────────────────────────────────────────────────────────────┤
 | 0x00000000000002ff | 2 0 2 2 2 0 2 2 2 0 0 0 0 2 2 0 2 2 2 0 0 0 0 0 2 2 2 2 2 2 2 2  |
 ├────────────────────┼──────────────────────────────────────────────────────────────────┤
 | 0x000000000000029d | 2 0 0 0 0 0 2 2 0 2 0 0 0 0 2 2 2 0 0 0 0 2 0 2 2 2 0 0 0 0 0 0  |
 ├────────────────────┼──────────────────────────────────────────────────────────────────┤
 | 0x00000000000002b5 | 2 2 2 0 0 0 0 0 0 0 0 0 0 0 0 0 0 0 0 2 2 2 2 0 2 2 0 0 0 0 2 2  |
 ├────────────────────┼──────────────────────────────────────────────────────────────────┤
 | 0x00000000000002dc | 2 2 2 2 2 2 2 2 2 2 0 0 0 0 0 0 2 2 0 0 2 2 0 2 2 2 2 0 2 2 2 2  |
 ├────────────────────┼──────────────────────────────────────────────────────────────────┤
 | 0x00000000000002f1 | 2 2 2 2 2 2 0 0 0 0 0 0 0 0 0 0 0 0 0 0 0 0 0 0 0 0 0 0 0 0 0 0  |
 ├────────────────────┼──────────────────────────────────────────────────────────────────┤
 | 0x000000000000034b | 0 0 2 2 2 2 2 2 0 0 0 0 2 2 0 0 0 0 0 0 2 2 0 0 0 0 0 2 2 2 2 2  |
 ├────────────────────┼──────────────────────────────────────────────────────────────────┤
 | 0x0000000000000336 | 0 0 2 2 0 1 2 2 0 0 2 0 0 0 0 0 0 0 0 0 0 0 0 0 0 0 0 0 2 2 2 2  |
 └────────────────────┴──────────────────────────────────────────────────────────────────┘
Prefetch buffer end
Filter by PPT: 0
cpu0_L2C
Num Con Filled: 0
Num Con Useful: 0 Useless:0 Accuracy: nan
LLC
