41 41 41
Available num physical pages: 35184372088576
WARNING: physical memory size is smaller than virtual memory size

*** ChampSim Multicore Out-of-Order Simulator ***

Warmup Instructions: 5000000
Simulation Instructions: 5000000
Number of CPUs: 1
Page size: 4096

Basic BTB sets: 1024 ways: 8 indirect buffer size: 4096 RAS size: 64
cpu0_L1D PMP prefetcher
Off-chip DRAM Size: 4 GiB Channels: 1 Width: 64-bit Data Rate: 3200 MT/s
Max paddr 6M
Warmup finished CPU 0 instructions: 5000002 cycles: 1294418 cumulative IPC: 3.86275 (Simulation time: 0 hr 2 min 17 sec) 

Warmup complete CPU 0 instructions: 5000002 cycles: 1294418 (Simulation time: 0 hr 2 min 17 sec) 

Heartbeat CPU 0 instructions: 10000003 cycles: 3801675 heartbeat IPC: 2.63043 cumulative IPC: 1.99422 (Simulation time: 0 hr 5 min 54 sec) 
Max paddr 8M
Simulation finished CPU 0 instructions: 5000001 cycles: 2507258 cumulative IPC: 1.99422 (Simulation time: 0 hr 5 min 54 sec) 

Simulation complete CPU 0 instructions: 5000001 cycles: 2507258 (Simulation time: 0 hr 5 min 54 sec) 


ChampSim completed all CPUs

[
  {
    "name": "Simulation",
    "traces": [
      "../traces/482.sphinx3-1395B.champsimtrace.xz"
    ],
    "roi": {
      "cores": [
        {
          "instructions": 5000001,
          "cycles": 2507258,
          "Avg ROB occupancy at mispredict": 147.563, 
          "mispredict": {
            "BRANCH_DIRECT_JUMP": 22,
            "BRANCH_INDIRECT": 0,
            "BRANCH_CONDITIONAL": 17016,
            "BRANCH_DIRECT_CALL": 23,
            "BRANCH_INDIRECT_CALL": 0,
            "BRANCH_RETURN": 26
          }
        }
      ],
      "cpu0_L1I": {
        "LOAD": {
          "hit":684,
          "miss":70
        },
        "RFO": {
          "hit":0,
          "miss":0
        },
        "PREFETCH": {
          "hit":0,
          "miss":0
        },
        "WRITE": {
          "hit":0,
          "miss":0
        },
        "TRANSLATION": {
          "hit":0,
          "miss":0
        },
        "mshr full": 0,
        "prefetch requested": 0,
        "prefetch issued": 0,
        "prefetch filled": 0,
        "prefetch useful": 0,
        "prefetch useless": 0,
        "prefetch late": 0,
        "pf_useful_at_l2_from_l1":          0,
        "pf_late_at_l2_from_l1":          0,
        "pf_useless_at_l2_from_l1":          0,
        "pf_at_l2_to_l1":          0,
        "pf_fill_this_level":          0,
        "miss latency": 14.7483,
        "cache queues": {
          "PQ_ACCESS": 0,
          "PQ_FULL": 0,
          "PQ_TO_CACHE": 0,
          "PQ_MERGED": 0,
          "RQ_ACCESS": 762,
          "RQ_MERGED": 8,
          "RQ_FULL": 0,
          "WQ_ACCESS": 0,
          "WQ_MERGED": 0,
          "WQ_FULL": 0
        }
      },
      "cpu0_ITLB": {
        "LOAD": {
          "hit":607,
          "miss":4
        },
        "RFO": {
          "hit":0,
          "miss":0
        },
        "PREFETCH": {
          "hit":0,
          "miss":0
        },
        "WRITE": {
          "hit":0,
          "miss":0
        },
        "TRANSLATION": {
          "hit":0,
          "miss":0
        },
        "mshr full": 0,
        "prefetch requested": 0,
        "prefetch issued": 0,
        "prefetch filled": 0,
        "prefetch useful": 0,
        "prefetch useless": 0,
        "prefetch late": 0,
        "pf_useful_at_l2_from_l1":          0,
        "pf_late_at_l2_from_l1":          0,
        "pf_useless_at_l2_from_l1":          0,
        "pf_at_l2_to_l1":          0,
        "pf_fill_this_level":          0,
        "miss latency": 12.9375,
        "cache queues": {
          "PQ_ACCESS": 0,
          "PQ_FULL": 0,
          "PQ_TO_CACHE": 0,
          "PQ_MERGED": 0,
          "RQ_ACCESS": 611,
          "RQ_MERGED": 0,
          "RQ_FULL": 0,
          "WQ_ACCESS": 0,
          "WQ_MERGED": 0,
          "WQ_FULL": 0
        }
      },
      "cpu0_DTLB": {
        "LOAD": {
          "hit":1308886,
          "miss":26164
        },
        "RFO": {
          "hit":0,
          "miss":0
        },
        "PREFETCH": {
          "hit":0,
          "miss":0
        },
        "WRITE": {
          "hit":0,
          "miss":0
        },
        "TRANSLATION": {
          "hit":0,
          "miss":0
        },
        "mshr full": 0,
        "prefetch requested": 0,
        "prefetch issued": 0,
        "prefetch filled": 0,
        "prefetch useful": 0,
        "prefetch useless": 0,
        "prefetch late": 0,
        "pf_useful_at_l2_from_l1":          0,
        "pf_late_at_l2_from_l1":          0,
        "pf_useless_at_l2_from_l1":          0,
        "pf_at_l2_to_l1":          0,
        "pf_fill_this_level":          0,
        "miss latency": 1.01954,
        "cache queues": {
          "PQ_ACCESS": 0,
          "PQ_FULL": 0,
          "PQ_TO_CACHE": 0,
          "PQ_MERGED": 0,
          "RQ_ACCESS": 1336544,
          "RQ_MERGED": 0,
          "RQ_FULL": 1494,
          "WQ_ACCESS": 0,
          "WQ_MERGED": 0,
          "WQ_FULL": 0
        }
      },
      "cpu0_STLB": {
        "LOAD": {
          "hit":3361,
          "miss":1111
        },
        "RFO": {
          "hit":0,
          "miss":0
        },
        "PREFETCH": {
          "hit":0,
          "miss":0
        },
        "WRITE": {
          "hit":0,
          "miss":0
        },
        "TRANSLATION": {
          "hit":0,
          "miss":0
        },
        "mshr full": 0,
        "prefetch requested": 0,
        "prefetch issued": 0,
        "prefetch filled": 0,
        "prefetch useful": 0,
        "prefetch useless": 0,
        "prefetch late": 0,
        "pf_useful_at_l2_from_l1":          0,
        "pf_late_at_l2_from_l1":          0,
        "pf_useless_at_l2_from_l1":          0,
        "pf_at_l2_to_l1":          0,
        "pf_fill_this_level":          0,
        "miss latency": 21.9563,
        "cache queues": {
          "PQ_ACCESS": 0,
          "PQ_FULL": 0,
          "PQ_TO_CACHE": 0,
          "PQ_MERGED": 0,
          "RQ_ACCESS": 4472,
          "RQ_MERGED": 0,
          "RQ_FULL": 0,
          "WQ_ACCESS": 0,
          "WQ_MERGED": 0,
          "WQ_FULL": 0
        }
      },
      "cpu0_L1D": {
        "LOAD": {
          "hit":1083246,
          "miss":164451
        },
        "RFO": {
          "hit":0,
          "miss":0
        },
        "PREFETCH": {
          "hit":5135,
          "miss":81142
        },
        "WRITE": {
          "hit":50260,
          "miss":35370
        },
        "TRANSLATION": {
          "hit":201,
          "miss":875
        },
        "mshr full": 171539,
        "prefetch requested": 86277,
        "prefetch issued": 86277,
        "prefetch filled": 33135,
        "prefetch useful": 34649,
        "prefetch useless": 665,
        "prefetch late": 2115,
        "pf_useful_at_l2_from_l1":          0,
        "pf_late_at_l2_from_l1":          0,
        "pf_useless_at_l2_from_l1":          0,
        "pf_at_l2_to_l1":          0,
        "pf_fill_this_level":      33135,
        "miss latency": 3.55531,
        "cache queues": {
          "PQ_ACCESS": 86277,
          "PQ_FULL": 0,
          "PQ_TO_CACHE": 86277,
          "PQ_MERGED": 0,
          "RQ_ACCESS": 1280632,
          "RQ_MERGED": 2030,
          "RQ_FULL": 30900,
          "WQ_ACCESS": 91176,
          "WQ_MERGED": 0,
          "WQ_FULL": 5546
        }
      },
      "cpu0_L2C": {
        "LOAD": {
          "hit":19409,
          "miss":11062
        },
        "RFO": {
          "hit":230,
          "miss":4811
        },
        "PREFETCH": {
          "hit":12450,
          "miss":67576
        },
        "WRITE": {
          "hit":5498,
          "miss":0
        },
        "TRANSLATION": {
          "hit":304,
          "miss":571
        },
        "mshr full": 120541,
        "prefetch requested": 0,
        "prefetch issued": 0,
        "prefetch filled": 66160,
        "prefetch useful": 0,
        "prefetch useless": 0,
        "prefetch late": 0,
        "pf_useful_at_l2_from_l1":      14999,
        "pf_late_at_l2_from_l1":       1313,
        "pf_useless_at_l2_from_l1":      15120,
        "pf_at_l2_to_l1":         61,
        "pf_fill_this_level":      32286,
        "miss latency": 47.4459,
        "cache queues": {
          "PQ_ACCESS": 107575,
          "PQ_FULL": 27545,
          "PQ_TO_CACHE": 80030,
          "PQ_MERGED": 4,
          "RQ_ACCESS": 36387,
          "RQ_MERGED": 0,
          "RQ_FULL": 0,
          "WQ_ACCESS": 5503,
          "WQ_MERGED": 0,
          "WQ_FULL": 0
        }
      },
      "LLC": {
        "LOAD": {
          "hit": [1127],
          "miss": [8624]
        },
        "RFO": {
          "hit": [1225],
          "miss": [3584]
        },
        "PREFETCH": {
          "hit": [3189],
          "miss": [64313]
        },
        "WRITE": {
          "hit": [2517],
          "miss": [0]
        },
        "TRANSLATION": {
          "hit": [46],
          "miss": [525]
        },
        "mshr full": 0,
        "prefetch requested": 0,
        "prefetch issued": 0,
        "prefetch filled": 64284,
        "prefetch useful": 0,
        "prefetch useless": 0,
        "prefetch late": 0,
        "pf_useful_at_l2_from_l1":          0,
        "pf_late_at_l2_from_l1":          0,
        "pf_useless_at_l2_from_l1":          0,
        "pf_at_l2_to_l1":         86,
        "pf_fill_this_level":          0,
        "miss latency": 50.8929,
        "cache queues": {
          "PQ_ACCESS": 67502,
          "PQ_FULL": 0,
          "PQ_TO_CACHE": 67502,
          "PQ_MERGED": 0,
          "RQ_ACCESS": 15131,
          "RQ_MERGED": 0,
          "RQ_FULL": 0,
          "WQ_ACCESS": 2517,
          "WQ_MERGED": 0,
          "WQ_FULL": 0
        }
      },
      "DRAM": [
        {
          "RQ ROW_BUFFER_HIT": 58788,
          "RQ ROW_BUFFER_MISS": 18215,
          "PQ FULL": 0,
          "WQ ROW_BUFFER_HIT": 346,
          "WQ ROW_BUFFER_MISS": 1031,
          "WQ FULL": 0,
          "AVG DBUS CONGESTED CYCLE": 3.9729
        }
      ]

    },
    "sim": {
      "cores": [
        {
          "instructions": 5000001,
          "cycles": 2507258,
          "Avg ROB occupancy at mispredict": 147.563, 
          "mispredict": {
            "BRANCH_DIRECT_JUMP": 22,
            "BRANCH_INDIRECT": 0,
            "BRANCH_CONDITIONAL": 17016,
            "BRANCH_DIRECT_CALL": 23,
            "BRANCH_INDIRECT_CALL": 0,
            "BRANCH_RETURN": 26
          }
        }
      ],
      "cpu0_L1I": {
        "LOAD": {
          "hit":684,
          "miss":70
        },
        "RFO": {
          "hit":0,
          "miss":0
        },
        "PREFETCH": {
          "hit":0,
          "miss":0
        },
        "WRITE": {
          "hit":0,
          "miss":0
        },
        "TRANSLATION": {
          "hit":0,
          "miss":0
        },
        "mshr full": 0,
        "prefetch requested": 0,
        "prefetch issued": 0,
        "prefetch filled": 0,
        "prefetch useful": 0,
        "prefetch useless": 0,
        "prefetch late": 0,
        "pf_useful_at_l2_from_l1":          0,
        "pf_late_at_l2_from_l1":          0,
        "pf_useless_at_l2_from_l1":          0,
        "pf_at_l2_to_l1":          0,
        "pf_fill_this_level":          0,
        "miss latency": 14.7483,
        "cache queues": {
          "PQ_ACCESS": 0,
          "PQ_FULL": 0,
          "PQ_TO_CACHE": 0,
          "PQ_MERGED": 0,
          "RQ_ACCESS": 762,
          "RQ_MERGED": 8,
          "RQ_FULL": 0,
          "WQ_ACCESS": 0,
          "WQ_MERGED": 0,
          "WQ_FULL": 0
        }
      },
      "cpu0_ITLB": {
        "LOAD": {
          "hit":607,
          "miss":4
        },
        "RFO": {
          "hit":0,
          "miss":0
        },
        "PREFETCH": {
          "hit":0,
          "miss":0
        },
        "WRITE": {
          "hit":0,
          "miss":0
        },
        "TRANSLATION": {
          "hit":0,
          "miss":0
        },
        "mshr full": 0,
        "prefetch requested": 0,
        "prefetch issued": 0,
        "prefetch filled": 0,
        "prefetch useful": 0,
        "prefetch useless": 0,
        "prefetch late": 0,
        "pf_useful_at_l2_from_l1":          0,
        "pf_late_at_l2_from_l1":          0,
        "pf_useless_at_l2_from_l1":          0,
        "pf_at_l2_to_l1":          0,
        "pf_fill_this_level":          0,
        "miss latency": 12.9375,
        "cache queues": {
          "PQ_ACCESS": 0,
          "PQ_FULL": 0,
          "PQ_TO_CACHE": 0,
          "PQ_MERGED": 0,
          "RQ_ACCESS": 611,
          "RQ_MERGED": 0,
          "RQ_FULL": 0,
          "WQ_ACCESS": 0,
          "WQ_MERGED": 0,
          "WQ_FULL": 0
        }
      },
      "cpu0_DTLB": {
        "LOAD": {
          "hit":1308886,
          "miss":26164
        },
        "RFO": {
          "hit":0,
          "miss":0
        },
        "PREFETCH": {
          "hit":0,
          "miss":0
        },
        "WRITE": {
          "hit":0,
          "miss":0
        },
        "TRANSLATION": {
          "hit":0,
          "miss":0
        },
        "mshr full": 0,
        "prefetch requested": 0,
        "prefetch issued": 0,
        "prefetch filled": 0,
        "prefetch useful": 0,
        "prefetch useless": 0,
        "prefetch late": 0,
        "pf_useful_at_l2_from_l1":          0,
        "pf_late_at_l2_from_l1":          0,
        "pf_useless_at_l2_from_l1":          0,
        "pf_at_l2_to_l1":          0,
        "pf_fill_this_level":          0,
        "miss latency": 1.01954,
        "cache queues": {
          "PQ_ACCESS": 0,
          "PQ_FULL": 0,
          "PQ_TO_CACHE": 0,
          "PQ_MERGED": 0,
          "RQ_ACCESS": 1336544,
          "RQ_MERGED": 0,
          "RQ_FULL": 1494,
          "WQ_ACCESS": 0,
          "WQ_MERGED": 0,
          "WQ_FULL": 0
        }
      },
      "cpu0_STLB": {
        "LOAD": {
          "hit":3361,
          "miss":1111
        },
        "RFO": {
          "hit":0,
          "miss":0
        },
        "PREFETCH": {
          "hit":0,
          "miss":0
        },
        "WRITE": {
          "hit":0,
          "miss":0
        },
        "TRANSLATION": {
          "hit":0,
          "miss":0
        },
        "mshr full": 0,
        "prefetch requested": 0,
        "prefetch issued": 0,
        "prefetch filled": 0,
        "prefetch useful": 0,
        "prefetch useless": 0,
        "prefetch late": 0,
        "pf_useful_at_l2_from_l1":          0,
        "pf_late_at_l2_from_l1":          0,
        "pf_useless_at_l2_from_l1":          0,
        "pf_at_l2_to_l1":          0,
        "pf_fill_this_level":          0,
        "miss latency": 21.9563,
        "cache queues": {
          "PQ_ACCESS": 0,
          "PQ_FULL": 0,
          "PQ_TO_CACHE": 0,
          "PQ_MERGED": 0,
          "RQ_ACCESS": 4472,
          "RQ_MERGED": 0,
          "RQ_FULL": 0,
          "WQ_ACCESS": 0,
          "WQ_MERGED": 0,
          "WQ_FULL": 0
        }
      },
      "cpu0_L1D": {
        "LOAD": {
          "hit":1083246,
          "miss":164451
        },
        "RFO": {
          "hit":0,
          "miss":0
        },
        "PREFETCH": {
          "hit":5135,
          "miss":81142
        },
        "WRITE": {
          "hit":50260,
          "miss":35370
        },
        "TRANSLATION": {
          "hit":201,
          "miss":875
        },
        "mshr full": 171539,
        "prefetch requested": 86277,
        "prefetch issued": 86277,
        "prefetch filled": 33135,
        "prefetch useful": 34649,
        "prefetch useless": 665,
        "prefetch late": 2115,
        "pf_useful_at_l2_from_l1":          0,
        "pf_late_at_l2_from_l1":          0,
        "pf_useless_at_l2_from_l1":          0,
        "pf_at_l2_to_l1":          0,
        "pf_fill_this_level":      33135,
        "miss latency": 3.55531,
        "cache queues": {
          "PQ_ACCESS": 86277,
          "PQ_FULL": 0,
          "PQ_TO_CACHE": 86277,
          "PQ_MERGED": 0,
          "RQ_ACCESS": 1280632,
          "RQ_MERGED": 2030,
          "RQ_FULL": 30900,
          "WQ_ACCESS": 91176,
          "WQ_MERGED": 0,
          "WQ_FULL": 5546
        }
      },
      "cpu0_L2C": {
        "LOAD": {
          "hit":19409,
          "miss":11062
        },
        "RFO": {
          "hit":230,
          "miss":4811
        },
        "PREFETCH": {
          "hit":12450,
          "miss":67576
        },
        "WRITE": {
          "hit":5498,
          "miss":0
        },
        "TRANSLATION": {
          "hit":304,
          "miss":571
        },
        "mshr full": 120541,
        "prefetch requested": 0,
        "prefetch issued": 0,
        "prefetch filled": 66160,
        "prefetch useful": 0,
        "prefetch useless": 0,
        "prefetch late": 0,
        "pf_useful_at_l2_from_l1":      14999,
        "pf_late_at_l2_from_l1":       1313,
        "pf_useless_at_l2_from_l1":      15120,
        "pf_at_l2_to_l1":         61,
        "pf_fill_this_level":      32286,
        "miss latency": 47.4459,
        "cache queues": {
          "PQ_ACCESS": 107575,
          "PQ_FULL": 27545,
          "PQ_TO_CACHE": 80030,
          "PQ_MERGED": 4,
          "RQ_ACCESS": 36387,
          "RQ_MERGED": 0,
          "RQ_FULL": 0,
          "WQ_ACCESS": 5503,
          "WQ_MERGED": 0,
          "WQ_FULL": 0
        }
      },
      "LLC": {
        "LOAD": {
          "hit": [1127],
          "miss": [8624]
        },
        "RFO": {
          "hit": [1225],
          "miss": [3584]
        },
        "PREFETCH": {
          "hit": [3189],
          "miss": [64313]
        },
        "WRITE": {
          "hit": [2517],
          "miss": [0]
        },
        "TRANSLATION": {
          "hit": [46],
          "miss": [525]
        },
        "mshr full": 0,
        "prefetch requested": 0,
        "prefetch issued": 0,
        "prefetch filled": 64284,
        "prefetch useful": 0,
        "prefetch useless": 0,
        "prefetch late": 0,
        "pf_useful_at_l2_from_l1":          0,
        "pf_late_at_l2_from_l1":          0,
        "pf_useless_at_l2_from_l1":          0,
        "pf_at_l2_to_l1":         86,
        "pf_fill_this_level":          0,
        "miss latency": 50.8929,
        "cache queues": {
          "PQ_ACCESS": 67502,
          "PQ_FULL": 0,
          "PQ_TO_CACHE": 67502,
          "PQ_MERGED": 0,
          "RQ_ACCESS": 15131,
          "RQ_MERGED": 0,
          "RQ_FULL": 0,
          "WQ_ACCESS": 2517,
          "WQ_MERGED": 0,
          "WQ_FULL": 0
        }
      },
      "DRAM": [
        {
          "RQ ROW_BUFFER_HIT": 58788,
          "RQ ROW_BUFFER_MISS": 18215,
          "PQ FULL": 0,
          "WQ ROW_BUFFER_HIT": 346,
          "WQ ROW_BUFFER_MISS": 1031,
          "WQ FULL": 0,
          "AVG DBUS CONGESTED CYCLE": 3.9729
        }
      ]

    }
  }
]
cpu0_ITLB
cpu0_DTLB
cpu0_STLB
Prefetch Request to L1: 35511, Prefetch Request to L2: 50766
Invalid by Eviction: 6686
Invalid by Max: 4172
Filter table begin
 ┌────────────────────┬─────────────┐
 | Region             | Offset      |
 ├────────────────────┼─────────────┤
 | 0x0000000000000845 | 21          |
 ├────────────────────┼─────────────┤
 | 0x000000000000023d | 25          |
 ├────────────────────┼─────────────┤
 | 0x00000000000002e2 | 16          |
 ├────────────────────┼─────────────┤
 | 0x000000000000083e | 29          |
 ├────────────────────┼─────────────┤
 | 0x000000000000086d | 18          |
 ├────────────────────┼─────────────┤
 | 0x00000000000003a6 | 6           |
 ├────────────────────┼─────────────┤
 | 0x000000000000084b | 28          |
 ├────────────────────┼─────────────┤
 | 0x000000000000045f | 19          |
 └────────────────────┴─────────────┘
Filter table end
Accumulation table begin
 ┌────────────────────┬─────────────┬─────────────┬──────────────────────────────────────────────────────────────────┐
 | Region             | Offset      | Second      | Pattern                                                          |
 ├────────────────────┼─────────────┼─────────────┼──────────────────────────────────────────────────────────────────┤
 | 0x000000000000085b | 0           | 1           | 1 1 1 1 1 1 1 1 1 1 1 1 1 1 1 1 1 1 1 1 1 1 1 1 1 1 1 1 1 1 1 1  |
 ├────────────────────┼─────────────┼─────────────┼──────────────────────────────────────────────────────────────────┤
 | 0x000000000000084c | 0           | 1           | 1 1 1 1 1 1 1 1 1 1 1 1 1 1 1 1 1 1 1 1 1 1 1 1 1 1 1 1 1 1 1 1  |
 ├────────────────────┼─────────────┼─────────────┼──────────────────────────────────────────────────────────────────┤
 | 0x00000000000006af | 14          | 15          | 0 0 0 0 0 0 0 0 0 0 0 0 0 0 1 1 0 0 0 0 0 0 0 0 0 0 0 0 0 0 0 0  |
 ├────────────────────┼─────────────┼─────────────┼──────────────────────────────────────────────────────────────────┤
 | 0x00000000000006bd | 27          | 28          | 0 0 0 0 0 0 0 0 0 0 0 0 0 0 0 0 0 0 0 0 0 0 0 0 0 0 0 1 1 0 0 0  |
 ├────────────────────┼─────────────┼─────────────┼──────────────────────────────────────────────────────────────────┤
 | 0x000000000000026d | 0           | 1           | 1 1 1 1 0 0 0 0 0 0 0 0 0 0 0 0 0 0 0 0 0 0 0 0 0 0 0 0 0 0 0 0  |
 ├────────────────────┼─────────────┼─────────────┼──────────────────────────────────────────────────────────────────┤
 | 0x0000000000000854 | 0           | 1           | 1 1 1 1 1 1 1 1 1 1 1 1 1 1 1 1 1 1 1 1 1 1 1 1 1 1 1 1 1 1 1 1  |
 ├────────────────────┼─────────────┼─────────────┼──────────────────────────────────────────────────────────────────┤
 | 0x0000000000000857 | 1           | 2           | 1 1 1 1 1 1 1 1 1 1 1 1 1 1 1 1 1 1 1 1 1 1 1 1 1 1 1 1 1 1 1 1  |
 ├────────────────────┼─────────────┼─────────────┼──────────────────────────────────────────────────────────────────┤
 | 0x0000000000000831 | 15          | 14          | 0 0 0 0 0 0 0 0 0 0 0 0 0 0 1 1 1 1 1 0 0 0 0 0 0 0 0 0 0 0 0 0  |
 ├────────────────────┼─────────────┼─────────────┼──────────────────────────────────────────────────────────────────┤
 | 0x00000000000006b7 | 27          | 28          | 0 0 0 0 0 0 0 0 0 0 0 0 0 0 0 0 0 0 0 0 0 0 0 0 0 0 0 1 1 0 0 0  |
 ├────────────────────┼─────────────┼─────────────┼──────────────────────────────────────────────────────────────────┤
 | 0x0000000000000858 | 0           | 3           | 1 1 1 1 1 1 1 1 1 1 1 1 1 1 1 1 1 1 1 1 1 1 1 1 1 1 1 1 1 1 1 1  |
 ├────────────────────┼─────────────┼─────────────┼──────────────────────────────────────────────────────────────────┤
 | 0x000000000000084f | 2           | 0           | 1 1 1 1 1 1 1 1 1 1 1 1 1 1 1 1 1 1 1 1 1 1 1 1 1 1 1 1 1 1 1 1  |
 ├────────────────────┼─────────────┼─────────────┼──────────────────────────────────────────────────────────────────┤
 | 0x000000000000085e | 0           | 2           | 1 1 1 1 1 1 0 1 1 0 0 0 0 0 0 0 0 0 0 0 0 0 0 0 0 0 0 0 0 0 0 0  |
 ├────────────────────┼─────────────┼─────────────┼──────────────────────────────────────────────────────────────────┤
 | 0x0000000000000852 | 0           | 1           | 1 1 1 1 1 1 1 1 1 1 1 1 1 1 1 1 1 1 1 1 1 1 1 1 1 1 1 1 1 1 1 1  |
 ├────────────────────┼─────────────┼─────────────┼──────────────────────────────────────────────────────────────────┤
 | 0x0000000000000851 | 1           | 2           | 1 1 1 1 1 1 1 1 1 1 1 1 1 1 1 1 1 1 1 1 1 1 1 1 1 1 1 1 1 1 1 1  |
 ├────────────────────┼─────────────┼─────────────┼──────────────────────────────────────────────────────────────────┤
 | 0x000000000000085a | 0           | 3           | 1 1 1 1 1 1 1 1 1 1 1 1 1 1 1 1 1 1 1 1 1 1 1 1 1 1 1 1 1 1 1 1  |
 ├────────────────────┼─────────────┼─────────────┼──────────────────────────────────────────────────────────────────┤
 | 0x000000000000022d | 23          | 22          | 0 0 0 0 0 0 0 0 0 0 0 0 0 0 0 0 0 0 0 0 0 0 1 1 0 0 0 0 0 0 0 0  |
 ├────────────────────┼─────────────┼─────────────┼──────────────────────────────────────────────────────────────────┤
 | 0x00000000000002c6 | 1           | 22          | 0 1 0 0 0 0 0 0 0 0 0 0 0 0 0 0 0 0 0 0 0 0 1 0 0 0 0 0 0 0 0 0  |
 ├────────────────────┼─────────────┼─────────────┼──────────────────────────────────────────────────────────────────┤
 | 0x0000000000000859 | 0           | 1           | 1 1 1 1 1 1 1 1 1 1 1 1 1 1 1 1 1 1 1 1 1 1 1 1 1 1 1 1 1 1 1 1  |
 ├────────────────────┼─────────────┼─────────────┼──────────────────────────────────────────────────────────────────┤
 | 0x0000000000000850 | 0           | 1           | 1 1 1 1 1 1 1 1 1 1 1 1 1 1 1 1 1 1 1 1 1 1 1 1 1 1 1 1 1 1 1 1  |
 ├────────────────────┼─────────────┼─────────────┼──────────────────────────────────────────────────────────────────┤
 | 0x0000000000000222 | 9           | 8           | 0 0 0 0 0 0 0 0 1 1 0 0 0 0 0 0 0 0 0 0 0 0 0 0 0 0 0 0 0 0 0 0  |
 ├────────────────────┼─────────────┼─────────────┼──────────────────────────────────────────────────────────────────┤
 | 0x000000000000082e | 16          | 17          | 0 0 0 0 0 0 0 0 0 0 0 0 0 0 0 0 1 1 0 0 0 0 0 0 0 0 0 0 0 0 0 0  |
 ├────────────────────┼─────────────┼─────────────┼──────────────────────────────────────────────────────────────────┤
 | 0x00000000000006bf | 14          | 15          | 0 0 0 0 0 0 0 0 0 0 0 0 0 0 1 1 0 0 0 0 0 0 0 0 0 0 0 0 0 0 0 0  |
 ├────────────────────┼─────────────┼─────────────┼──────────────────────────────────────────────────────────────────┤
 | 0x000000000000084d | 2           | 0           | 1 1 1 1 1 1 1 1 1 1 1 1 1 1 1 1 1 1 1 1 1 1 1 1 1 1 1 1 1 1 1 1  |
 ├────────────────────┼─────────────┼─────────────┼──────────────────────────────────────────────────────────────────┤
 | 0x0000000000000856 | 0           | 1           | 1 1 1 1 1 1 1 1 1 1 1 1 1 1 1 1 1 1 1 1 1 1 1 1 1 1 1 1 1 1 1 1  |
 ├────────────────────┼─────────────┼─────────────┼──────────────────────────────────────────────────────────────────┤
 | 0x000000000000084e | 0           | 1           | 1 1 1 1 1 1 1 1 1 1 1 1 1 1 1 1 1 1 1 1 1 1 1 1 1 1 1 1 1 1 1 1  |
 ├────────────────────┼─────────────┼─────────────┼──────────────────────────────────────────────────────────────────┤
 | 0x0000000000000853 | 1           | 2           | 1 1 1 1 1 1 1 1 1 1 1 1 1 1 1 1 1 1 1 1 1 1 1 1 1 1 1 1 1 1 1 1  |
 ├────────────────────┼─────────────┼─────────────┼──────────────────────────────────────────────────────────────────┤
 | 0x0000000000000227 | 29          | 30          | 0 0 0 0 0 0 0 0 0 0 0 0 0 0 0 0 0 0 0 0 0 0 0 0 0 0 0 0 0 1 1 0  |
 ├────────────────────┼─────────────┼─────────────┼──────────────────────────────────────────────────────────────────┤
 | 0x0000000000000855 | 1           | 2           | 1 1 1 1 1 1 1 1 1 1 1 1 1 1 1 1 1 1 1 1 1 1 1 1 1 1 1 1 1 1 1 1  |
 ├────────────────────┼─────────────┼─────────────┼──────────────────────────────────────────────────────────────────┤
 | 0x000000000000085c | 0           | 2           | 1 1 1 1 1 1 0 1 1 0 0 0 0 0 0 0 0 0 0 0 0 0 0 0 0 0 0 0 0 0 0 0  |
 └────────────────────┴─────────────┴─────────────┴──────────────────────────────────────────────────────────────────┘
Accumulation table end
Offset pattern table begin
 ┌────────────────────┬─────────────┬──────────────────────────────────────────────────────────────────────────────────────────────────┐
 | Key                | Second      | Pattern                                                                                          |
 ├────────────────────┼─────────────┼──────────────────────────────────────────────────────────────────────────────────────────────────┤
 | 0x0000000000000000 | 1           | 26 22 20 18 19 19 18 18 18 18 18 17 17 18 17 17 18 17 18 17 17 17 14 15 15 15 14 13 13 13 13 14  |
 ├────────────────────┼─────────────┼──────────────────────────────────────────────────────────────────────────────────────────────────┤
 | 0x0000000000000001 | 2           | 28 17 12 8 8 8 6 5 8 6 7 7 7 7 7 5 4 5 6 6 4 5 5 4 5 4 5 5 5 5 5 6                               |
 ├────────────────────┼─────────────┼──────────────────────────────────────────────────────────────────────────────────────────────────┤
 | 0x0000000000000002 | 3           | 17 10 7 6 5 5 4 5 5 5 5 4 5 5 4 2 3 3 4 4 4 3 4 4 4 4 3 3 3 3 3 4                                |
 ├────────────────────┼─────────────┼──────────────────────────────────────────────────────────────────────────────────────────────────┤
 | 0x0000000000000003 | 1           | 17 5 3 4 3 3 4 4 3 2 2 3 3 2 2 2 1 1 2 1 2 2 3 1 2 3 3 1 1 1 2 3                                 |
 ├────────────────────┼─────────────┼──────────────────────────────────────────────────────────────────────────────────────────────────┤
 | 0x0000000000000004 | 11          | 26 8 8 7 4 4 4 3 3 3 2 1 4 3 2 3 2 1 3 4 3 3 3 3 5 2 1 3 2 0 1 3                                 |
 ├────────────────────┼─────────────┼──────────────────────────────────────────────────────────────────────────────────────────────────┤
 | 0x0000000000000005 | 6           | 28 11 6 5 3 2 2 1 0 0 1 1 1 1 1 1 1 1 1 1 1 1 2 2 5 3 2 0 0 1 0 4                                |
 ├────────────────────┼─────────────┼──────────────────────────────────────────────────────────────────────────────────────────────────┤
 | 0x0000000000000006 | 18          | 27 10 10 5 1 2 2 3 4 3 4 4 5 4 3 1 4 2 1 2 3 2 4 1 2 2 1 0 0 0 1 2                               |
 ├────────────────────┼─────────────┼──────────────────────────────────────────────────────────────────────────────────────────────────┤
 | 0x0000000000000007 | 8           | 23 8 5 3 2 1 3 3 0 2 3 2 1 2 1 0 1 1 1 1 2 2 2 2 2 2 1 1 0 0 1 2                                 |
 ├────────────────────┼─────────────┼──────────────────────────────────────────────────────────────────────────────────────────────────┤
 | 0x0000000000000008 | 12          | 16 5 3 1 2 2 1 0 1 1 1 1 0 1 2 1 2 2 1 0 1 0 1 0 0 0 0 0 0 0 0 5                                 |
 ├────────────────────┼─────────────┼──────────────────────────────────────────────────────────────────────────────────────────────────┤
 | 0x0000000000000009 | 15          | 18 8 6 5 1 2 1 1 2 1 1 1 1 2 1 2 2 1 0 0 0 1 1 0 1 2 0 1 1 1 1 1                                 |
 ├────────────────────┼─────────────┼──────────────────────────────────────────────────────────────────────────────────────────────────┤
 | 0x000000000000000a | 18          | 21 6 3 1 3 1 2 1 1 1 2 1 1 1 0 1 2 1 0 1 1 0 1 0 1 0 1 1 4 0 1 4                                 |
 ├────────────────────┼─────────────┼──────────────────────────────────────────────────────────────────────────────────────────────────┤
 | 0x000000000000000b | 12          | 29 9 5 2 1 1 0 2 2 3 2 2 1 1 2 1 0 0 1 3 1 1 1 1 1 0 0 0 0 3 2 8                                 |
 ├────────────────────┼─────────────┼──────────────────────────────────────────────────────────────────────────────────────────────────┤
 | 0x000000000000000c | 6           | 18 9 4 3 2 1 0 1 1 0 1 2 0 0 1 0 0 0 1 0 0 0 0 0 0 0 0 0 1 1 0 1                                 |
 ├────────────────────┼─────────────┼──────────────────────────────────────────────────────────────────────────────────────────────────┤
 | 0x000000000000000d | 3           | 22 13 6 3 2 0 1 1 1 2 3 1 1 1 1 1 0 1 1 0 0 0 0 0 0 1 0 0 0 0 0 5                                |
 ├────────────────────┼─────────────┼──────────────────────────────────────────────────────────────────────────────────────────────────┤
 | 0x000000000000000e | 12          | 30 10 8 2 0 2 1 0 2 2 3 2 3 2 3 1 2 3 0 0 0 0 0 1 0 2 1 1 1 2 1 5                                |
 ├────────────────────┼─────────────┼──────────────────────────────────────────────────────────────────────────────────────────────────┤
 | 0x000000000000000f | 5           | 21 9 6 5 4 3 4 4 2 3 3 3 3 4 2 2 4 1 2 4 2 2 1 2 1 2 1 1 2 2 2 4                                 |
 ├────────────────────┼─────────────┼──────────────────────────────────────────────────────────────────────────────────────────────────┤
 | 0x0000000000000010 | 17          | 26 8 5 3 2 1 1 1 1 1 2 0 1 0 3 2 0 1 0 1 0 3 0 2 0 1 2 2 1 1 1 2                                 |
 ├────────────────────┼─────────────┼──────────────────────────────────────────────────────────────────────────────────────────────────┤
 | 0x0000000000000011 | 3           | 27 10 6 5 3 3 3 2 3 3 3 2 3 0 2 0 1 1 0 0 0 0 2 0 1 0 1 2 5 0 1 7                                |
 ├────────────────────┼─────────────┼──────────────────────────────────────────────────────────────────────────────────────────────────┤
 | 0x0000000000000012 | 19          | 29 14 9 4 4 3 5 3 4 4 4 3 3 4 2 1 2 1 0 1 2 1 1 3 3 2 2 2 0 2 2 6                                |
 ├────────────────────┼─────────────┼──────────────────────────────────────────────────────────────────────────────────────────────────┤
 | 0x0000000000000013 | 2           | 16 5 3 1 1 1 1 1 0 0 0 0 0 0 2 1 0 0 1 1 0 0 0 0 2 0 0 1 0 0 1 4                                 |
 ├────────────────────┼─────────────┼──────────────────────────────────────────────────────────────────────────────────────────────────┤
 | 0x0000000000000014 | 30          | 28 12 7 3 1 0 1 1 0 1 0 1 1 1 1 0 0 0 0 1 0 1 0 0 0 1 1 1 1 1 0 4                                |
 ├────────────────────┼─────────────┼──────────────────────────────────────────────────────────────────────────────────────────────────┤
 | 0x0000000000000015 | 22          | 24 6 5 2 1 2 1 1 0 3 3 4 4 4 0 2 0 1 1 0 1 0 0 0 1 2 1 1 0 1 2 9                                 |
 ├────────────────────┼─────────────┼──────────────────────────────────────────────────────────────────────────────────────────────────┤
 | 0x0000000000000016 | 23          | 16 3 4 2 0 1 2 3 1 2 0 0 1 1 0 0 0 0 1 1 0 0 0 1 0 0 0 0 0 1 0 3                                 |
 ├────────────────────┼─────────────┼──────────────────────────────────────────────────────────────────────────────────────────────────┤
 | 0x0000000000000017 | 24          | 19 7 5 4 0 0 0 0 1 0 0 1 1 0 0 1 0 0 1 1 0 1 0 0 0 0 0 1 0 0 1 3                                 |
 ├────────────────────┼─────────────┼──────────────────────────────────────────────────────────────────────────────────────────────────┤
 | 0x0000000000000018 | 29          | 24 8 6 4 3 3 3 4 1 2 2 1 3 3 1 1 2 2 2 1 1 2 2 2 1 2 3 3 2 3 2 6                                 |
 ├────────────────────┼─────────────┼──────────────────────────────────────────────────────────────────────────────────────────────────┤
 | 0x0000000000000019 | 26          | 30 4 6 1 1 1 2 5 3 0 1 1 1 1 2 1 0 0 5 2 2 2 0 3 5 2 1 5 1 2 3 5                                 |
 ├────────────────────┼─────────────┼──────────────────────────────────────────────────────────────────────────────────────────────────┤
 | 0x000000000000001a | 3           | 26 10 8 5 2 3 2 0 2 2 2 4 4 1 3 4 0 0 0 1 1 0 1 3 1 1 2 1 1 1 3 4                                |
 ├────────────────────┼─────────────┼──────────────────────────────────────────────────────────────────────────────────────────────────┤
 | 0x000000000000001b | 22          | 26 9 7 3 4 1 1 2 2 2 0 1 1 4 1 0 1 0 0 3 0 2 1 2 4 0 1 0 0 0 2 8                                 |
 ├────────────────────┼─────────────┼──────────────────────────────────────────────────────────────────────────────────────────────────┤
 | 0x000000000000001c | 31          | 17 5 3 3 1 0 1 1 0 0 1 1 1 2 2 1 0 1 0 1 1 0 0 0 1 0 0 0 0 0 1 2                                 |
 ├────────────────────┼─────────────┼──────────────────────────────────────────────────────────────────────────────────────────────────┤
 | 0x000000000000001d | 14          | 28 12 4 0 2 2 0 0 0 3 2 0 2 2 1 1 0 1 0 0 1 0 0 0 0 0 1 2 0 0 1 4                                |
 ├────────────────────┼─────────────┼──────────────────────────────────────────────────────────────────────────────────────────────────┤
 | 0x000000000000001e | 31          | 16 7 1 0 0 0 0 1 2 2 0 0 0 0 0 0 0 0 0 0 0 0 0 0 1 0 1 0 0 0 0 4                                 |
 ├────────────────────┼─────────────┼──────────────────────────────────────────────────────────────────────────────────────────────────┤
 | 0x000000000000001f | 21          | 27 1 1 1 3 0 1 3 2 2 0 3 1 3 2 2 1 0 3 1 4 0 1 1 1 2 3 1 2 3 4 7                                 |
 └────────────────────┴─────────────┴──────────────────────────────────────────────────────────────────────────────────────────────────┘
Offset pattern table end
PC pattern table begin
 ┌────────────────────┬─────────────┬──────────────────────────────────────────────────┐
 | Key                | Second      | Pattern                                          |
 ├────────────────────┼─────────────┼──────────────────────────────────────────────────┤
 | 0x0000000000000000 | 31          | 15 8 4 4 4 4 3 2 0 0 0 0 0 0 1 2                 |
 ├────────────────────┼─────────────┼──────────────────────────────────────────────────┤
 | 0x0000000000000001 | 20          | 29 11 7 4 3 4 4 5 2 1 0 1 2 2 1 7                |
 ├────────────────────┼─────────────┼──────────────────────────────────────────────────┤
 | 0x0000000000000002 | 3           | 29 7 2 1 1 1 1 1 1 2 1 1 2 2 2 10                |
 ├────────────────────┼─────────────┼──────────────────────────────────────────────────┤
 | 0x0000000000000003 | 19          | 17 11 7 5 4 4 4 4 5 6 4 4 4 4 4 5                |
 ├────────────────────┼─────────────┼──────────────────────────────────────────────────┤
 | 0x0000000000000004 | 29          | 21 1 1 2 1 2 2 1 1 1 1 1 2 0 2 1                 |
 ├────────────────────┼─────────────┼──────────────────────────────────────────────────┤
 | 0x0000000000000005 | 24          | 18 12 10 10 10 10 9 9 9 9 9 9 9 9 9 9            |
 ├────────────────────┼─────────────┼──────────────────────────────────────────────────┤
 | 0x0000000000000006 | 14          | 31 17 4 1 1 4 2 5 3 2 2 2 2 2 1 5                |
 ├────────────────────┼─────────────┼──────────────────────────────────────────────────┤
 | 0x0000000000000007 | 31          | 19 9 3 4 3 2 2 2 2 2 2 1 1 1 1 0                 |
 ├────────────────────┼─────────────┼──────────────────────────────────────────────────┤
 | 0x0000000000000008 | 14          | 21 9 1 1 1 1 0 0 0 0 0 4 4 0 0 5                 |
 ├────────────────────┼─────────────┼──────────────────────────────────────────────────┤
 | 0x0000000000000009 | 8           | 30 7 3 2 3 3 5 5 3 3 2 0 0 0 0 8                 |
 ├────────────────────┼─────────────┼──────────────────────────────────────────────────┤
 | 0x000000000000000a | 12          | 27 6 5 4 8 6 7 3 4 4 4 3 2 3 3 2                 |
 ├────────────────────┼─────────────┼──────────────────────────────────────────────────┤
 | 0x000000000000000b | 4           | 16 13 12 13 12 12 12 12 12 12 12 11 11 11 12 12  |
 ├────────────────────┼─────────────┼──────────────────────────────────────────────────┤
 | 0x000000000000000c | 30          | 16 5 1 1 1 4 1 1 0 1 1 0 1 0 1 1                 |
 ├────────────────────┼─────────────┼──────────────────────────────────────────────────┤
 | 0x000000000000000d | 27          | 26 25 25 24 24 24 24 24 24 24 24 24 24 24 24 24  |
 ├────────────────────┼─────────────┼──────────────────────────────────────────────────┤
 | 0x000000000000000e | 1           | 30 26 23 22 21 21 19 18 18 18 18 18 18 16 14 15  |
 ├────────────────────┼─────────────┼──────────────────────────────────────────────────┤
 | 0x000000000000000f | 1           | 25 5 1 4 3 1 4 4 3 2 4 3 3 6 6 4                 |
 ├────────────────────┼─────────────┼──────────────────────────────────────────────────┤
 | 0x0000000000000010 | 8           | 5 1 1 1 0 0 0 0 0 1 1 1 1 1 1 1                  |
 ├────────────────────┼─────────────┼──────────────────────────────────────────────────┤
 | 0x0000000000000011 | 15          | 22 9 5 3 4 2 4 2 1 1 4 2 3 2 2 2                 |
 ├────────────────────┼─────────────┼──────────────────────────────────────────────────┤
 | 0x0000000000000012 | 2           | 26 18 10 5 3 4 2 3 1 1 0 0 0 0 0 0               |
 ├────────────────────┼─────────────┼──────────────────────────────────────────────────┤
 | 0x0000000000000013 | 1           | 17 13 13 13 13 12 12 12 12 12 12 12 11 12 14 13  |
 ├────────────────────┼─────────────┼──────────────────────────────────────────────────┤
 | 0x0000000000000014 | 28          | 14 8 6 4 0 0 1 0 0 1 0 1 1 1 0 0                 |
 ├────────────────────┼─────────────┼──────────────────────────────────────────────────┤
 | 0x0000000000000015 | 31          | 26 23 22 22 22 22 22 22 22 22 22 22 22 22 22 22  |
 ├────────────────────┼─────────────┼──────────────────────────────────────────────────┤
 | 0x0000000000000016 | 17          | 21 14 9 7 6 6 8 6 6 5 5 4 4 3 2 3                |
 ├────────────────────┼─────────────┼──────────────────────────────────────────────────┤
 | 0x0000000000000017 | 17          | 23 12 6 5 4 5 6 6 5 4 4 4 4 3 2 1                |
 ├────────────────────┼─────────────┼──────────────────────────────────────────────────┤
 | 0x0000000000000018 | 11          | 20 0 0 0 0 1 2 1 0 0 1 0 1 0 0 8                 |
 ├────────────────────┼─────────────┼──────────────────────────────────────────────────┤
 | 0x0000000000000019 | 22          | 28 19 10 5 5 3 2 1 0 0 0 0 0 1 1 1               |
 ├────────────────────┼─────────────┼──────────────────────────────────────────────────┤
 | 0x000000000000001a | 1           | 20 9 3 3 3 4 5 5 3 2 2 1 2 2 3 1                 |
 ├────────────────────┼─────────────┼──────────────────────────────────────────────────┤
 | 0x000000000000001b | 29          | 21 16 16 14 13 13 13 14 13 14 13 14 13 13 15 14  |
 ├────────────────────┼─────────────┼──────────────────────────────────────────────────┤
 | 0x000000000000001c | 21          | 20 4 3 1 0 0 1 0 0 0 0 0 0 0 2 6                 |
 ├────────────────────┼─────────────┼──────────────────────────────────────────────────┤
 | 0x000000000000001d | 14          | 27 23 22 20 22 22 21 19 17 15 15 15 14 14 13 14  |
 ├────────────────────┼─────────────┼──────────────────────────────────────────────────┤
 | 0x000000000000001e | 1           | 24 22 17 14 14 14 14 11 9 11 11 12 12 10 10 13   |
 ├────────────────────┼─────────────┼──────────────────────────────────────────────────┤
 | 0x000000000000001f | 22          | 30 21 10 11 9 9 9 9 9 9 9 9 12 12 11 11          |
 └────────────────────┴─────────────┴──────────────────────────────────────────────────┘
PC pattern table end
Prefetch buffer begin
 ┌────────────────────┬──────────────────────────────────────────────────────────────────┐
 | Region             | Pattern                                                          |
 ├────────────────────┼──────────────────────────────────────────────────────────────────┤
 | 0x00000000000007ce | 0 0 0 0 0 0 0 0 0 0 0 0 0 0 0 0 0 0 0 0 2 2 0 0 0 0 0 0 0 0 0 0  |
 ├────────────────────┼──────────────────────────────────────────────────────────────────┤
 | 0x00000000000003a6 | 0 0 0 0 0 0 0 2 2 0 0 0 0 0 0 0 0 0 0 0 0 0 0 0 0 0 0 0 0 0 0 0  |
 ├────────────────────┼──────────────────────────────────────────────────────────────────┤
 | 0x0000000000000719 | 0 0 0 0 0 0 0 0 0 0 0 0 2 2 2 0 0 0 0 0 0 2 2 0 0 0 0 0 0 0 0 0  |
 ├────────────────────┼──────────────────────────────────────────────────────────────────┤
 | 0x0000000000000813 | 2 2 2 2 2 2 2 2 0 0 2 2 2 2 2 2 2 2 2 2 2 2 2 2 2 0 0 0 2 2 2 2  |
 ├────────────────────┼──────────────────────────────────────────────────────────────────┤
 | 0x00000000000007c4 | 0 0 0 0 0 0 0 0 0 0 0 0 0 0 0 2 2 0 0 0 0 2 0 0 0 2 0 0 0 0 0 0  |
 ├────────────────────┼──────────────────────────────────────────────────────────────────┤
 | 0x00000000000007cf | 2 2 2 2 2 0 0 0 0 2 2 2 2 2 2 2 2 2 2 2 2 2 2 2 2 2 2 2 2 0 0 2  |
 ├────────────────────┼──────────────────────────────────────────────────────────────────┤
 | 0x000000000000081d | 0 0 0 0 0 0 0 0 0 0 0 0 0 0 0 0 0 0 0 0 0 0 0 0 0 2 2 2 2 2 2 2  |
 ├────────────────────┼──────────────────────────────────────────────────────────────────┤
 | 0x0000000000000217 | 2 2 0 2 2 2 0 0 0 0 0 0 0 0 0 0 2 2 0 0 0 0 0 0 0 0 0 0 0 0 0 0  |
 ├────────────────────┼──────────────────────────────────────────────────────────────────┤
 | 0x0000000000000809 | 0 0 0 0 0 2 2 0 0 0 0 2 2 0 2 2 0 0 0 0 0 0 0 0 0 0 0 0 0 0 0 0  |
 ├────────────────────┼──────────────────────────────────────────────────────────────────┤
 | 0x000000000000082b | 0 0 2 2 0 2 2 0 0 0 0 0 0 0 0 0 0 0 0 0 0 0 0 0 0 0 0 0 0 0 0 0  |
 ├────────────────────┼──────────────────────────────────────────────────────────────────┤
 | 0x0000000000000817 | 0 0 0 0 0 0 0 0 0 0 0 0 0 0 0 0 0 0 0 0 2 0 2 2 2 2 2 2 2 2 2 0  |
 ├────────────────────┼──────────────────────────────────────────────────────────────────┤
 | 0x0000000000000811 | 2 2 2 2 2 2 2 2 2 2 2 2 2 2 2 2 2 2 2 2 0 0 2 2 2 2 2 2 2 2 2 2  |
 ├────────────────────┼──────────────────────────────────────────────────────────────────┤
 | 0x00000000000007c9 | 0 0 0 0 0 0 0 0 0 0 0 0 2 2 0 0 0 0 2 0 0 2 0 0 0 0 0 0 0 0 0 0  |
 ├────────────────────┼──────────────────────────────────────────────────────────────────┤
 | 0x000000000000071b | 2 2 0 0 2 2 2 2 2 2 0 0 0 0 2 2 2 2 2 2 2 2 2 2 2 2 2 2 2 2 2 2  |
 ├────────────────────┼──────────────────────────────────────────────────────────────────┤
 | 0x000000000000082d | 0 0 0 0 0 0 0 0 0 0 0 0 0 0 0 0 0 0 2 2 2 2 2 2 2 2 2 2 2 2 2 0  |
 ├────────────────────┼──────────────────────────────────────────────────────────────────┤
 | 0x00000000000007c6 | 0 0 0 0 0 2 2 0 0 0 0 2 0 0 2 2 0 0 0 0 0 0 0 0 0 0 0 0 0 0 0 0  |
 ├────────────────────┼──────────────────────────────────────────────────────────────────┤
 | 0x00000000000007c8 | 0 0 0 0 0 0 0 2 2 0 0 0 0 0 0 0 0 0 0 2 2 0 0 0 0 2 0 0 0 2 0 0  |
 ├────────────────────┼──────────────────────────────────────────────────────────────────┤
 | 0x000000000000081f | 0 0 0 0 0 0 0 0 0 0 2 2 2 0 0 0 0 0 0 2 2 0 0 0 0 0 0 0 0 0 0 0  |
 ├────────────────────┼──────────────────────────────────────────────────────────────────┤
 | 0x00000000000002d6 | 0 0 0 0 0 0 0 0 0 0 0 0 0 0 0 0 0 0 0 0 0 0 0 0 0 0 0 0 0 2 0 0  |
 ├────────────────────┼──────────────────────────────────────────────────────────────────┤
 | 0x00000000000007c7 | 0 0 0 0 0 0 0 0 0 0 0 0 0 0 0 0 0 0 0 0 0 2 0 0 0 0 0 0 0 0 0 0  |
 ├────────────────────┼──────────────────────────────────────────────────────────────────┤
 | 0x00000000000007d3 | 0 0 0 0 0 0 0 0 0 0 0 2 0 0 2 2 0 0 0 0 0 0 0 0 0 0 0 0 0 0 0 0  |
 └────────────────────┴──────────────────────────────────────────────────────────────────┘
Prefetch buffer end
Filter by PPT: 0
cpu0_L2C
Num Con Filled: 0
Num Con Useful: 0 Useless:0 Accuracy: nan
LLC
