41 41 41
Available num physical pages: 35184372088576
WARNING: physical memory size is smaller than virtual memory size

*** ChampSim Multicore Out-of-Order Simulator ***

Warmup Instructions: 5000000
Simulation Instructions: 20000000
Number of CPUs: 1
Page size: 4096

Basic BTB sets: 1024 ways: 8 indirect buffer size: 4096 RAS size: 64
cpu0_L1D PMP prefetcher
Off-chip DRAM Size: 4 GiB Channels: 1 Width: 64-bit Data Rate: 3200 MT/s
Max paddr 11M
Warmup finished CPU 0 instructions: 5000004 cycles: 1378501 cumulative IPC: 3.62714 (Simulation time: 0 hr 4 min 19 sec) 

Warmup complete CPU 0 instructions: 5000004 cycles: 1378501 (Simulation time: 0 hr 4 min 19 sec) 

Heartbeat CPU 0 instructions: 10000002 cycles: 3245719 heartbeat IPC: 3.08099 cumulative IPC: 2.67778 (Simulation time: 0 hr 9 min 55 sec) 
Heartbeat CPU 0 instructions: 20000004 cycles: 6898367 heartbeat IPC: 2.73775 cumulative IPC: 2.71746 (Simulation time: 0 hr 17 min 43 sec) 
Max paddr 15M
Simulation finished CPU 0 instructions: 20000003 cycles: 7162646 cumulative IPC: 2.79227 (Simulation time: 0 hr 19 min 26 sec) 

Simulation complete CPU 0 instructions: 20000003 cycles: 7162646 (Simulation time: 0 hr 19 min 26 sec) 


ChampSim completed all CPUs

[
  {
    "name": "Simulation",
    "traces": [
      "../traces/459.GemsFDTD-1320B.champsimtrace.xz"
    ],
    "roi": {
      "cores": [
        {
          "instructions": 20000003,
          "cycles": 7162646,
          "Avg ROB occupancy at mispredict": 350.695, 
          "mispredict": {
            "BRANCH_DIRECT_JUMP": 0,
            "BRANCH_INDIRECT": 0,
            "BRANCH_CONDITIONAL": 262,
            "BRANCH_DIRECT_CALL": 0,
            "BRANCH_INDIRECT_CALL": 0,
            "BRANCH_RETURN": 0
          }
        }
      ],
      "cpu0_L1I": {
        "LOAD": {
          "hit":2,
          "miss":78
        },
        "RFO": {
          "hit":0,
          "miss":0
        },
        "PREFETCH": {
          "hit":0,
          "miss":0
        },
        "WRITE": {
          "hit":0,
          "miss":0
        },
        "TRANSLATION": {
          "hit":0,
          "miss":0
        },
        "mshr full": 0,
        "prefetch requested": 0,
        "prefetch issued": 0,
        "prefetch filled": 0,
        "prefetch useful": 0,
        "prefetch useless": 0,
        "prefetch late": 0,
        "pf_useful_at_l2_from_l1":          0,
        "pf_late_at_l2_from_l1":          0,
        "pf_useless_at_l2_from_l1":          0,
        "pf_at_l2_to_l1":          0,
        "pf_fill_this_level":          0,
        "miss latency": 20.5706,
        "cache queues": {
          "PQ_ACCESS": 0,
          "PQ_FULL": 0,
          "PQ_TO_CACHE": 0,
          "PQ_MERGED": 0,
          "RQ_ACCESS": 80,
          "RQ_MERGED": 0,
          "RQ_FULL": 0,
          "WQ_ACCESS": 0,
          "WQ_MERGED": 0,
          "WQ_FULL": 0
        }
      },
      "cpu0_ITLB": {
        "LOAD": {
          "hit":50,
          "miss":11
        },
        "RFO": {
          "hit":0,
          "miss":0
        },
        "PREFETCH": {
          "hit":0,
          "miss":0
        },
        "WRITE": {
          "hit":0,
          "miss":0
        },
        "TRANSLATION": {
          "hit":0,
          "miss":0
        },
        "mshr full": 0,
        "prefetch requested": 0,
        "prefetch issued": 0,
        "prefetch filled": 0,
        "prefetch useful": 0,
        "prefetch useless": 0,
        "prefetch late": 0,
        "pf_useful_at_l2_from_l1":          0,
        "pf_late_at_l2_from_l1":          0,
        "pf_useless_at_l2_from_l1":          0,
        "pf_at_l2_to_l1":          0,
        "pf_fill_this_level":          0,
        "miss latency": 4.89773,
        "cache queues": {
          "PQ_ACCESS": 0,
          "PQ_FULL": 0,
          "PQ_TO_CACHE": 0,
          "PQ_MERGED": 0,
          "RQ_ACCESS": 61,
          "RQ_MERGED": 0,
          "RQ_FULL": 0,
          "WQ_ACCESS": 0,
          "WQ_MERGED": 0,
          "WQ_FULL": 0
        }
      },
      "cpu0_DTLB": {
        "LOAD": {
          "hit":10685559,
          "miss":261207
        },
        "RFO": {
          "hit":0,
          "miss":0
        },
        "PREFETCH": {
          "hit":0,
          "miss":0
        },
        "WRITE": {
          "hit":0,
          "miss":0
        },
        "TRANSLATION": {
          "hit":0,
          "miss":0
        },
        "mshr full": 270,
        "prefetch requested": 0,
        "prefetch issued": 0,
        "prefetch filled": 0,
        "prefetch useful": 0,
        "prefetch useless": 0,
        "prefetch late": 0,
        "pf_useful_at_l2_from_l1":          0,
        "pf_late_at_l2_from_l1":          0,
        "pf_useless_at_l2_from_l1":          0,
        "pf_at_l2_to_l1":          0,
        "pf_fill_this_level":          0,
        "miss latency": 0.590228,
        "cache queues": {
          "PQ_ACCESS": 0,
          "PQ_FULL": 0,
          "PQ_TO_CACHE": 0,
          "PQ_MERGED": 0,
          "RQ_ACCESS": 11563648,
          "RQ_MERGED": 0,
          "RQ_FULL": 616873,
          "WQ_ACCESS": 0,
          "WQ_MERGED": 0,
          "WQ_FULL": 0
        }
      },
      "cpu0_STLB": {
        "LOAD": {
          "hit":242658,
          "miss":1403
        },
        "RFO": {
          "hit":0,
          "miss":0
        },
        "PREFETCH": {
          "hit":0,
          "miss":0
        },
        "WRITE": {
          "hit":0,
          "miss":0
        },
        "TRANSLATION": {
          "hit":0,
          "miss":0
        },
        "mshr full": 0,
        "prefetch requested": 0,
        "prefetch issued": 0,
        "prefetch filled": 0,
        "prefetch useful": 0,
        "prefetch useless": 0,
        "prefetch late": 0,
        "pf_useful_at_l2_from_l1":          0,
        "pf_late_at_l2_from_l1":          0,
        "pf_useless_at_l2_from_l1":          0,
        "pf_at_l2_to_l1":          0,
        "pf_fill_this_level":          0,
        "miss latency": 22.8538,
        "cache queues": {
          "PQ_ACCESS": 0,
          "PQ_FULL": 0,
          "PQ_TO_CACHE": 0,
          "PQ_MERGED": 0,
          "RQ_ACCESS": 244061,
          "RQ_MERGED": 0,
          "RQ_FULL": 0,
          "WQ_ACCESS": 0,
          "WQ_MERGED": 0,
          "WQ_FULL": 0
        }
      },
      "cpu0_L1D": {
        "LOAD": {
          "hit":9778680,
          "miss":717143
        },
        "RFO": {
          "hit":0,
          "miss":0
        },
        "PREFETCH": {
          "hit":7345,
          "miss":272055
        },
        "WRITE": {
          "hit":673960,
          "miss":356
        },
        "TRANSLATION": {
          "hit":278,
          "miss":1252
        },
        "mshr full": 519,
        "prefetch requested": 279442,
        "prefetch issued": 279442,
        "prefetch filled": 2482,
        "prefetch useful": 583,
        "prefetch useless": 1914,
        "prefetch late": 15,
        "pf_useful_at_l2_from_l1":          0,
        "pf_late_at_l2_from_l1":          0,
        "pf_useless_at_l2_from_l1":          0,
        "pf_at_l2_to_l1":          0,
        "pf_fill_this_level":       2482,
        "miss latency": 0.847283,
        "cache queues": {
          "PQ_ACCESS": 279442,
          "PQ_FULL": 0,
          "PQ_TO_CACHE": 279442,
          "PQ_MERGED": 42,
          "RQ_ACCESS": 10520840,
          "RQ_MERGED": 646,
          "RQ_FULL": 24353,
          "WQ_ACCESS": 674319,
          "WQ_MERGED": 0,
          "WQ_FULL": 0
        }
      },
      "cpu0_L2C": {
        "LOAD": {
          "hit":575945,
          "miss":25013
        },
        "RFO": {
          "hit":310,
          "miss":0
        },
        "PREFETCH": {
          "hit":138219,
          "miss":133421
        },
        "WRITE": {
          "hit":35329,
          "miss":0
        },
        "TRANSLATION": {
          "hit":610,
          "miss":642
        },
        "mshr full": 237529,
        "prefetch requested": 0,
        "prefetch issued": 0,
        "prefetch filled": 133278,
        "prefetch useful": 0,
        "prefetch useless": 0,
        "prefetch late": 0,
        "pf_useful_at_l2_from_l1":      40447,
        "pf_late_at_l2_from_l1":        133,
        "pf_useless_at_l2_from_l1":      89019,
        "pf_at_l2_to_l1":        196,
        "pf_fill_this_level":     132568,
        "miss latency": 29.221,
        "cache queues": {
          "PQ_ACCESS": 358654,
          "PQ_FULL": 86994,
          "PQ_TO_CACHE": 271660,
          "PQ_MERGED": 18,
          "RQ_ACCESS": 602567,
          "RQ_MERGED": 0,
          "RQ_FULL": 0,
          "WQ_ACCESS": 35361,
          "WQ_MERGED": 0,
          "WQ_FULL": 0
        }
      },
      "LLC": {
        "LOAD": {
          "hit": [13409],
          "miss": [11471]
        },
        "RFO": {
          "hit": [0],
          "miss": [0]
        },
        "PREFETCH": {
          "hit": [66379],
          "miss": [67033]
        },
        "WRITE": {
          "hit": [1119],
          "miss": [0]
        },
        "TRANSLATION": {
          "hit": [156],
          "miss": [486]
        },
        "mshr full": 0,
        "prefetch requested": 0,
        "prefetch issued": 0,
        "prefetch filled": 67032,
        "prefetch useful": 0,
        "prefetch useless": 0,
        "prefetch late": 0,
        "pf_useful_at_l2_from_l1":          0,
        "pf_late_at_l2_from_l1":          0,
        "pf_useless_at_l2_from_l1":          0,
        "pf_at_l2_to_l1":        282,
        "pf_fill_this_level":          0,
        "miss latency": 53.3398,
        "cache queues": {
          "PQ_ACCESS": 133413,
          "PQ_FULL": 0,
          "PQ_TO_CACHE": 133413,
          "PQ_MERGED": 0,
          "RQ_ACCESS": 25522,
          "RQ_MERGED": 0,
          "RQ_FULL": 0,
          "WQ_ACCESS": 1310,
          "WQ_MERGED": 0,
          "WQ_FULL": 0
        }
      },
      "DRAM": [
        {
          "RQ ROW_BUFFER_HIT": 24811,
          "RQ ROW_BUFFER_MISS": 54178,
          "PQ FULL": 0,
          "WQ ROW_BUFFER_HIT": 250,
          "WQ ROW_BUFFER_MISS": 593,
          "WQ FULL": 0,
          "AVG DBUS CONGESTED CYCLE": 3.86702
        }
      ]

    },
    "sim": {
      "cores": [
        {
          "instructions": 20000003,
          "cycles": 7162646,
          "Avg ROB occupancy at mispredict": 350.695, 
          "mispredict": {
            "BRANCH_DIRECT_JUMP": 0,
            "BRANCH_INDIRECT": 0,
            "BRANCH_CONDITIONAL": 262,
            "BRANCH_DIRECT_CALL": 0,
            "BRANCH_INDIRECT_CALL": 0,
            "BRANCH_RETURN": 0
          }
        }
      ],
      "cpu0_L1I": {
        "LOAD": {
          "hit":2,
          "miss":78
        },
        "RFO": {
          "hit":0,
          "miss":0
        },
        "PREFETCH": {
          "hit":0,
          "miss":0
        },
        "WRITE": {
          "hit":0,
          "miss":0
        },
        "TRANSLATION": {
          "hit":0,
          "miss":0
        },
        "mshr full": 0,
        "prefetch requested": 0,
        "prefetch issued": 0,
        "prefetch filled": 0,
        "prefetch useful": 0,
        "prefetch useless": 0,
        "prefetch late": 0,
        "pf_useful_at_l2_from_l1":          0,
        "pf_late_at_l2_from_l1":          0,
        "pf_useless_at_l2_from_l1":          0,
        "pf_at_l2_to_l1":          0,
        "pf_fill_this_level":          0,
        "miss latency": 20.5706,
        "cache queues": {
          "PQ_ACCESS": 0,
          "PQ_FULL": 0,
          "PQ_TO_CACHE": 0,
          "PQ_MERGED": 0,
          "RQ_ACCESS": 80,
          "RQ_MERGED": 0,
          "RQ_FULL": 0,
          "WQ_ACCESS": 0,
          "WQ_MERGED": 0,
          "WQ_FULL": 0
        }
      },
      "cpu0_ITLB": {
        "LOAD": {
          "hit":50,
          "miss":11
        },
        "RFO": {
          "hit":0,
          "miss":0
        },
        "PREFETCH": {
          "hit":0,
          "miss":0
        },
        "WRITE": {
          "hit":0,
          "miss":0
        },
        "TRANSLATION": {
          "hit":0,
          "miss":0
        },
        "mshr full": 0,
        "prefetch requested": 0,
        "prefetch issued": 0,
        "prefetch filled": 0,
        "prefetch useful": 0,
        "prefetch useless": 0,
        "prefetch late": 0,
        "pf_useful_at_l2_from_l1":          0,
        "pf_late_at_l2_from_l1":          0,
        "pf_useless_at_l2_from_l1":          0,
        "pf_at_l2_to_l1":          0,
        "pf_fill_this_level":          0,
        "miss latency": 4.89773,
        "cache queues": {
          "PQ_ACCESS": 0,
          "PQ_FULL": 0,
          "PQ_TO_CACHE": 0,
          "PQ_MERGED": 0,
          "RQ_ACCESS": 61,
          "RQ_MERGED": 0,
          "RQ_FULL": 0,
          "WQ_ACCESS": 0,
          "WQ_MERGED": 0,
          "WQ_FULL": 0
        }
      },
      "cpu0_DTLB": {
        "LOAD": {
          "hit":10685559,
          "miss":261207
        },
        "RFO": {
          "hit":0,
          "miss":0
        },
        "PREFETCH": {
          "hit":0,
          "miss":0
        },
        "WRITE": {
          "hit":0,
          "miss":0
        },
        "TRANSLATION": {
          "hit":0,
          "miss":0
        },
        "mshr full": 270,
        "prefetch requested": 0,
        "prefetch issued": 0,
        "prefetch filled": 0,
        "prefetch useful": 0,
        "prefetch useless": 0,
        "prefetch late": 0,
        "pf_useful_at_l2_from_l1":          0,
        "pf_late_at_l2_from_l1":          0,
        "pf_useless_at_l2_from_l1":          0,
        "pf_at_l2_to_l1":          0,
        "pf_fill_this_level":          0,
        "miss latency": 0.590228,
        "cache queues": {
          "PQ_ACCESS": 0,
          "PQ_FULL": 0,
          "PQ_TO_CACHE": 0,
          "PQ_MERGED": 0,
          "RQ_ACCESS": 11563648,
          "RQ_MERGED": 0,
          "RQ_FULL": 616873,
          "WQ_ACCESS": 0,
          "WQ_MERGED": 0,
          "WQ_FULL": 0
        }
      },
      "cpu0_STLB": {
        "LOAD": {
          "hit":242658,
          "miss":1403
        },
        "RFO": {
          "hit":0,
          "miss":0
        },
        "PREFETCH": {
          "hit":0,
          "miss":0
        },
        "WRITE": {
          "hit":0,
          "miss":0
        },
        "TRANSLATION": {
          "hit":0,
          "miss":0
        },
        "mshr full": 0,
        "prefetch requested": 0,
        "prefetch issued": 0,
        "prefetch filled": 0,
        "prefetch useful": 0,
        "prefetch useless": 0,
        "prefetch late": 0,
        "pf_useful_at_l2_from_l1":          0,
        "pf_late_at_l2_from_l1":          0,
        "pf_useless_at_l2_from_l1":          0,
        "pf_at_l2_to_l1":          0,
        "pf_fill_this_level":          0,
        "miss latency": 22.8538,
        "cache queues": {
          "PQ_ACCESS": 0,
          "PQ_FULL": 0,
          "PQ_TO_CACHE": 0,
          "PQ_MERGED": 0,
          "RQ_ACCESS": 244061,
          "RQ_MERGED": 0,
          "RQ_FULL": 0,
          "WQ_ACCESS": 0,
          "WQ_MERGED": 0,
          "WQ_FULL": 0
        }
      },
      "cpu0_L1D": {
        "LOAD": {
          "hit":9778680,
          "miss":717143
        },
        "RFO": {
          "hit":0,
          "miss":0
        },
        "PREFETCH": {
          "hit":7345,
          "miss":272055
        },
        "WRITE": {
          "hit":673960,
          "miss":356
        },
        "TRANSLATION": {
          "hit":278,
          "miss":1252
        },
        "mshr full": 519,
        "prefetch requested": 279442,
        "prefetch issued": 279442,
        "prefetch filled": 2482,
        "prefetch useful": 583,
        "prefetch useless": 1914,
        "prefetch late": 15,
        "pf_useful_at_l2_from_l1":          0,
        "pf_late_at_l2_from_l1":          0,
        "pf_useless_at_l2_from_l1":          0,
        "pf_at_l2_to_l1":          0,
        "pf_fill_this_level":       2482,
        "miss latency": 0.847283,
        "cache queues": {
          "PQ_ACCESS": 279442,
          "PQ_FULL": 0,
          "PQ_TO_CACHE": 279442,
          "PQ_MERGED": 42,
          "RQ_ACCESS": 10520840,
          "RQ_MERGED": 646,
          "RQ_FULL": 24353,
          "WQ_ACCESS": 674319,
          "WQ_MERGED": 0,
          "WQ_FULL": 0
        }
      },
      "cpu0_L2C": {
        "LOAD": {
          "hit":575945,
          "miss":25013
        },
        "RFO": {
          "hit":310,
          "miss":0
        },
        "PREFETCH": {
          "hit":138219,
          "miss":133421
        },
        "WRITE": {
          "hit":35329,
          "miss":0
        },
        "TRANSLATION": {
          "hit":610,
          "miss":642
        },
        "mshr full": 237529,
        "prefetch requested": 0,
        "prefetch issued": 0,
        "prefetch filled": 133278,
        "prefetch useful": 0,
        "prefetch useless": 0,
        "prefetch late": 0,
        "pf_useful_at_l2_from_l1":      40447,
        "pf_late_at_l2_from_l1":        133,
        "pf_useless_at_l2_from_l1":      89019,
        "pf_at_l2_to_l1":        196,
        "pf_fill_this_level":     132568,
        "miss latency": 29.221,
        "cache queues": {
          "PQ_ACCESS": 358654,
          "PQ_FULL": 86994,
          "PQ_TO_CACHE": 271660,
          "PQ_MERGED": 18,
          "RQ_ACCESS": 602567,
          "RQ_MERGED": 0,
          "RQ_FULL": 0,
          "WQ_ACCESS": 35361,
          "WQ_MERGED": 0,
          "WQ_FULL": 0
        }
      },
      "LLC": {
        "LOAD": {
          "hit": [13409],
          "miss": [11471]
        },
        "RFO": {
          "hit": [0],
          "miss": [0]
        },
        "PREFETCH": {
          "hit": [66379],
          "miss": [67033]
        },
        "WRITE": {
          "hit": [1119],
          "miss": [0]
        },
        "TRANSLATION": {
          "hit": [156],
          "miss": [486]
        },
        "mshr full": 0,
        "prefetch requested": 0,
        "prefetch issued": 0,
        "prefetch filled": 67032,
        "prefetch useful": 0,
        "prefetch useless": 0,
        "prefetch late": 0,
        "pf_useful_at_l2_from_l1":          0,
        "pf_late_at_l2_from_l1":          0,
        "pf_useless_at_l2_from_l1":          0,
        "pf_at_l2_to_l1":        282,
        "pf_fill_this_level":          0,
        "miss latency": 53.3398,
        "cache queues": {
          "PQ_ACCESS": 133413,
          "PQ_FULL": 0,
          "PQ_TO_CACHE": 133413,
          "PQ_MERGED": 0,
          "RQ_ACCESS": 25522,
          "RQ_MERGED": 0,
          "RQ_FULL": 0,
          "WQ_ACCESS": 1310,
          "WQ_MERGED": 0,
          "WQ_FULL": 0
        }
      },
      "DRAM": [
        {
          "RQ ROW_BUFFER_HIT": 24811,
          "RQ ROW_BUFFER_MISS": 54178,
          "PQ FULL": 0,
          "WQ ROW_BUFFER_HIT": 250,
          "WQ ROW_BUFFER_MISS": 593,
          "WQ FULL": 0,
          "AVG DBUS CONGESTED CYCLE": 3.86702
        }
      ]

    }
  }
]
cpu0_ITLB
cpu0_DTLB
cpu0_STLB
Prefetch Request to L1: 2759, Prefetch Request to L2: 276683
Invalid by Eviction: 9583
Invalid by Max: 163193
Filter table begin
 ┌────────────────────┬─────────────┐
 | Region             | Offset      |
 ├────────────────────┼─────────────┤
 | 0x0000000000001937 | 12          |
 ├────────────────────┼─────────────┤
 | 0x0000000000001e9f | 10          |
 ├────────────────────┼─────────────┤
 | 0x0000000000001eb2 | 16          |
 ├────────────────────┼─────────────┤
 | 0x0000000000001925 | 11          |
 ├────────────────────┼─────────────┤
 | 0x0000000000001940 | 1           |
 ├────────────────────┼─────────────┤
 | 0x0000000000001913 | 26          |
 ├────────────────────┼─────────────┤
 | 0x0000000000000886 | 12          |
 ├────────────────────┼─────────────┤
 | 0x000000000000193e | 3           |
 ├────────────────────┼─────────────┤
 | 0x0000000000001909 | 23          |
 ├────────────────────┼─────────────┤
 | 0x0000000000001ea8 | 16          |
 ├────────────────────┼─────────────┤
 | 0x0000000000001924 | 21          |
 ├────────────────────┼─────────────┤
 | 0x0000000000000887 | 9           |
 ├────────────────────┼─────────────┤
 | 0x0000000000001948 | 2           |
 ├────────────────────┼─────────────┤
 | 0x0000000000001e9e | 13          |
 ├────────────────────┼─────────────┤
 | 0x000000000000192d | 11          |
 ├────────────────────┼─────────────┤
 | 0x0000000000001936 | 15          |
 ├────────────────────┼─────────────┤
 | 0x0000000000001e94 | 12          |
 ├────────────────────┼─────────────┤
 | 0x0000000000001ea2 | 17          |
 ├────────────────────┼─────────────┤
 | 0x0000000000001e9d | 21          |
 ├────────────────────┼─────────────┤
 | 0x000000000000192e | 8           |
 ├────────────────────┼─────────────┤
 | 0x0000000000001927 | 11          |
 ├────────────────────┼─────────────┤
 | 0x0000000000001911 | 22          |
 ├────────────────────┼─────────────┤
 | 0x0000000000001e8f | 26          |
 ├────────────────────┼─────────────┤
 | 0x0000000000001942 | 2           |
 ├────────────────────┼─────────────┤
 | 0x0000000000001e87 | 21          |
 ├────────────────────┼─────────────┤
 | 0x0000000000001919 | 30          |
 ├────────────────────┼─────────────┤
 | 0x0000000000001e8e | 29          |
 ├────────────────────┼─────────────┤
 | 0x0000000000001e9c | 23          |
 ├────────────────────┼─────────────┤
 | 0x0000000000001ea3 | 14          |
 ├────────────────────┼─────────────┤
 | 0x0000000000001926 | 21          |
 ├────────────────────┼─────────────┤
 | 0x000000000000192f | 6           |
 ├────────────────────┼─────────────┤
 | 0x0000000000001e72 | 3           |
 ├────────────────────┼─────────────┤
 | 0x0000000000001e92 | 22          |
 ├────────────────────┼─────────────┤
 | 0x0000000000001ea4 | 16          |
 ├────────────────────┼─────────────┤
 | 0x0000000000001921 | 30          |
 ├────────────────────┼─────────────┤
 | 0x0000000000001944 | 18          |
 ├────────────────────┼─────────────┤
 | 0x0000000000000899 | 11          |
 ├────────────────────┼─────────────┤
 | 0x0000000000001928 | 23          |
 ├────────────────────┼─────────────┤
 | 0x000000000000193a | 2           |
 ├────────────────────┼─────────────┤
 | 0x0000000000001eb6 | 11          |
 ├────────────────────┼─────────────┤
 | 0x000000000000087f | 4           |
 ├────────────────────┼─────────────┤
 | 0x0000000000000220 | 24          |
 ├────────────────────┼─────────────┤
 | 0x0000000000001e93 | 20          |
 ├────────────────────┼─────────────┤
 | 0x0000000000001eb7 | 8           |
 ├────────────────────┼─────────────┤
 | 0x0000000000001929 | 20          |
 ├────────────────────┼─────────────┤
 | 0x0000000000001e74 | 24          |
 ├────────────────────┼─────────────┤
 | 0x0000000000001e9a | 12          |
 ├────────────────────┼─────────────┤
 | 0x00000000000008a4 | 18          |
 ├────────────────────┼─────────────┤
 | 0x0000000000001907 | 30          |
 ├────────────────────┼─────────────┤
 | 0x0000000000001946 | 1           |
 ├────────────────────┼─────────────┤
 | 0x0000000000001915 | 30          |
 ├────────────────────┼─────────────┤
 | 0x0000000000001931 | 29          |
 ├────────────────────┼─────────────┤
 | 0x0000000000000843 | 6           |
 ├────────────────────┼─────────────┤
 | 0x000000000000192a | 21          |
 ├────────────────────┼─────────────┤
 | 0x0000000000001923 | 17          |
 ├────────────────────┼─────────────┤
 | 0x0000000000001e98 | 12          |
 ├────────────────────┼─────────────┤
 | 0x0000000000001e91 | 19          |
 ├────────────────────┼─────────────┤
 | 0x0000000000001eb5 | 5           |
 ├────────────────────┼─────────────┤
 | 0x000000000000192b | 11          |
 ├────────────────────┼─────────────┤
 | 0x00000000000008a5 | 16          |
 ├────────────────────┼─────────────┤
 | 0x0000000000001e8a | 28          |
 ├────────────────────┼─────────────┤
 | 0x0000000000001922 | 20          |
 └────────────────────┴─────────────┘
Filter table end
Accumulation table begin
 ┌────────────────────┬─────────────┬─────────────┬──────────────────────────────────────────────────────────────────┐
 | Region             | Offset      | Second      | Pattern                                                          |
 ├────────────────────┼─────────────┼─────────────┼──────────────────────────────────────────────────────────────────┤
 | 0x000000000000021f | 4           | 5           | 0 0 0 0 1 1 0 0 0 0 0 0 0 0 0 0 0 0 0 0 0 0 0 0 0 0 0 0 0 0 0 0  |
 ├────────────────────┼─────────────┼─────────────┼──────────────────────────────────────────────────────────────────┤
 | 0x000000000000191f | 10          | 22          | 0 0 0 0 0 0 0 0 0 0 1 0 0 0 0 0 0 0 0 0 0 0 1 0 0 0 0 0 0 0 0 0  |
 ├────────────────────┼─────────────┼─────────────┼──────────────────────────────────────────────────────────────────┤
 | 0x0000000000001e99 | 3           | 25          | 0 0 0 1 0 0 0 0 0 0 0 0 0 0 0 0 0 0 0 0 0 0 0 0 0 1 0 0 0 0 0 0  |
 ├────────────────────┼─────────────┼─────────────┼──────────────────────────────────────────────────────────────────┤
 | 0x0000000000000bd9 | 24          | 25          | 0 0 0 0 0 0 0 0 0 0 0 0 0 0 0 0 0 0 0 0 0 0 0 0 1 1 0 0 0 0 0 0  |
 ├────────────────────┼─────────────┼─────────────┼──────────────────────────────────────────────────────────────────┤
 | 0x0000000000001e95 | 3           | 25          | 0 0 0 1 0 0 0 0 0 0 0 0 0 0 0 0 0 0 0 0 0 0 0 0 0 1 0 0 0 0 0 0  |
 ├────────────────────┼─────────────┼─────────────┼──────────────────────────────────────────────────────────────────┤
 | 0x0000000000001ea9 | 6           | 29          | 0 0 0 0 0 0 1 0 0 0 0 0 0 0 0 0 0 0 0 0 0 0 0 0 0 0 0 0 0 1 0 0  |
 ├────────────────────┼─────────────┼─────────────┼──────────────────────────────────────────────────────────────────┤
 | 0x0000000000000238 | 14          | 15          | 0 0 0 0 0 0 0 0 0 0 0 0 0 0 1 1 1 0 0 0 0 0 0 0 0 0 0 0 0 0 0 0  |
 ├────────────────────┼─────────────┼─────────────┼──────────────────────────────────────────────────────────────────┤
 | 0x0000000000001932 | 1           | 12          | 0 1 0 0 0 0 0 0 0 0 0 0 1 0 0 0 0 0 0 0 0 0 0 0 0 0 0 0 0 0 0 0  |
 ├────────────────────┼─────────────┼─────────────┼──────────────────────────────────────────────────────────────────┤
 | 0x0000000000000232 | 4           | 6           | 0 0 1 1 1 1 1 1 1 0 0 0 0 0 0 0 0 0 0 0 0 0 0 0 0 0 0 0 0 0 0 0  |
 ├────────────────────┼─────────────┼─────────────┼──────────────────────────────────────────────────────────────────┤
 | 0x0000000000001ea5 | 6           | 29          | 0 0 0 0 0 0 1 0 0 0 0 0 0 0 0 0 0 0 0 0 0 0 0 0 0 0 0 0 0 1 0 0  |
 ├────────────────────┼─────────────┼─────────────┼──────────────────────────────────────────────────────────────────┤
 | 0x0000000000001e77 | 6           | 17          | 0 0 0 0 0 0 1 0 0 0 0 0 0 0 0 0 0 1 0 0 0 0 0 0 0 0 0 0 1 0 0 0  |
 ├────────────────────┼─────────────┼─────────────┼──────────────────────────────────────────────────────────────────┤
 | 0x0000000000001eaa | 8           | 19          | 0 0 0 0 0 0 0 0 1 0 0 0 0 0 0 0 0 0 0 1 0 0 0 0 0 0 0 0 0 0 1 0  |
 ├────────────────────┼─────────────┼─────────────┼──────────────────────────────────────────────────────────────────┤
 | 0x0000000000001eac | 8           | 19          | 0 0 0 0 0 0 0 0 1 0 0 0 0 0 0 0 0 0 0 1 0 0 0 0 0 0 0 0 0 0 1 0  |
 ├────────────────────┼─────────────┼─────────────┼──────────────────────────────────────────────────────────────────┤
 | 0x000000000000022a | 22          | 16          | 0 0 0 0 0 0 0 0 0 0 0 0 0 0 0 0 1 0 0 1 0 0 1 0 0 0 0 0 0 0 0 0  |
 ├────────────────────┼─────────────┼─────────────┼──────────────────────────────────────────────────────────────────┤
 | 0x0000000000000231 | 4           | 5           | 0 0 0 0 1 1 1 0 0 0 0 0 0 0 0 0 0 0 0 0 0 0 0 0 0 0 0 0 0 0 0 0  |
 ├────────────────────┼─────────────┼─────────────┼──────────────────────────────────────────────────────────────────┤
 | 0x0000000000001e7d | 17          | 28          | 0 0 0 0 0 0 0 0 0 0 0 0 0 0 0 0 0 1 0 0 0 0 0 0 0 0 0 0 1 0 0 0  |
 ├────────────────────┼─────────────┼─────────────┼──────────────────────────────────────────────────────────────────┤
 | 0x000000000000190f | 10          | 22          | 0 0 0 0 0 0 0 0 0 0 1 0 0 0 0 0 0 0 0 0 0 0 1 0 0 0 0 0 0 0 0 0  |
 ├────────────────────┼─────────────┼─────────────┼──────────────────────────────────────────────────────────────────┤
 | 0x0000000000000221 | 27          | 26          | 0 1 1 0 0 0 1 0 0 1 0 0 1 0 0 1 0 0 0 0 1 1 0 0 0 0 1 1 1 1 0 0  |
 ├────────────────────┼─────────────┼─────────────┼──────────────────────────────────────────────────────────────────┤
 | 0x0000000000001eae | 8           | 19          | 0 0 0 0 0 0 0 0 1 0 0 0 0 0 0 0 0 0 0 1 0 0 0 0 0 0 0 0 0 0 1 0  |
 ├────────────────────┼─────────────┼─────────────┼──────────────────────────────────────────────────────────────────┤
 | 0x000000000000022d | 24          | 25          | 0 0 0 0 0 0 0 0 0 0 0 0 0 0 0 0 0 0 0 0 0 0 0 0 1 1 0 0 0 0 0 0  |
 ├────────────────────┼─────────────┼─────────────┼──────────────────────────────────────────────────────────────────┤
 | 0x0000000000001e97 | 3           | 25          | 0 0 0 1 0 0 0 0 0 0 0 0 0 0 0 0 0 0 0 0 0 0 0 0 0 1 0 0 0 0 0 0  |
 ├────────────────────┼─────────────┼─────────────┼──────────────────────────────────────────────────────────────────┤
 | 0x0000000000000bc3 | 28          | 29          | 0 0 0 0 0 0 0 0 0 0 0 0 0 0 0 0 0 0 0 0 0 0 0 0 0 0 0 0 1 1 0 0  |
 ├────────────────────┼─────────────┼─────────────┼──────────────────────────────────────────────────────────────────┤
 | 0x000000000000021e | 3           | 4           | 0 0 0 1 1 1 1 0 0 0 0 0 0 0 0 0 0 0 0 0 0 0 0 0 0 0 0 1 1 1 1 0  |
 ├────────────────────┼─────────────┼─────────────┼──────────────────────────────────────────────────────────────────┤
 | 0x0000000000001e83 | 6           | 17          | 0 0 0 0 0 0 1 0 0 0 0 0 0 0 0 0 0 1 0 0 0 0 0 0 0 0 0 0 1 0 0 0  |
 ├────────────────────┼─────────────┼─────────────┼──────────────────────────────────────────────────────────────────┤
 | 0x000000000000023a | 20          | 19          | 0 0 0 0 0 0 0 0 0 0 0 0 0 0 0 0 0 0 0 1 1 1 0 0 0 0 0 0 0 0 0 0  |
 ├────────────────────┼─────────────┼─────────────┼──────────────────────────────────────────────────────────────────┤
 | 0x0000000000001eb0 | 8           | 19          | 0 0 0 0 0 0 0 0 1 0 0 0 0 0 0 0 0 0 0 1 0 0 0 0 0 0 0 0 0 0 1 0  |
 ├────────────────────┼─────────────┼─────────────┼──────────────────────────────────────────────────────────────────┤
 | 0x0000000000001930 | 2           | 31          | 0 0 1 0 0 0 0 0 0 0 0 0 0 0 0 0 0 0 0 0 0 0 0 0 0 0 0 0 0 0 0 1  |
 ├────────────────────┼─────────────┼─────────────┼──────────────────────────────────────────────────────────────────┤
 | 0x0000000000000224 | 11          | 12          | 0 0 0 0 0 0 0 0 0 0 0 1 1 0 0 0 0 0 0 0 0 0 0 0 0 0 0 0 0 0 0 0  |
 ├────────────────────┼─────────────┼─────────────┼──────────────────────────────────────────────────────────────────┤
 | 0x0000000000001ea7 | 6           | 29          | 0 0 0 0 0 0 1 0 0 0 0 0 0 0 0 0 0 0 0 0 0 0 0 0 0 0 0 0 0 1 0 0  |
 ├────────────────────┼─────────────┼─────────────┼──────────────────────────────────────────────────────────────────┤
 | 0x0000000000001e9b | 3           | 25          | 0 0 0 1 0 0 0 0 0 0 0 0 0 0 0 0 0 0 0 0 0 0 0 0 0 1 0 0 0 0 0 0  |
 ├────────────────────┼─────────────┼─────────────┼──────────────────────────────────────────────────────────────────┤
 | 0x0000000000001905 | 10          | 22          | 0 0 0 0 0 0 0 0 0 0 1 0 0 0 0 0 0 0 0 0 0 0 1 0 0 0 0 0 0 0 0 0  |
 ├────────────────────┼─────────────┼─────────────┼──────────────────────────────────────────────────────────────────┤
 | 0x0000000000001eb3 | 6           | 29          | 0 0 0 0 0 0 1 0 0 0 0 0 0 0 0 0 0 0 0 0 0 0 0 0 0 0 0 0 0 1 0 0  |
 └────────────────────┴─────────────┴─────────────┴──────────────────────────────────────────────────────────────────┘
Accumulation table end
Offset pattern table begin
 ┌────────────────────┬─────────────┬─────────────────────────────────────────────────────────────────────────────────────┐
 | Key                | Second      | Pattern                                                                             |
 ├────────────────────┼─────────────┼─────────────────────────────────────────────────────────────────────────────────────┤
 | 0x0000000000000000 | 23          | 19 0 0 0 0 0 0 0 0 0 0 6 1 0 0 0 0 0 0 0 0 0 4 9 0 0 0 0 0 2 1 0                    |
 ├────────────────────┼─────────────┼─────────────────────────────────────────────────────────────────────────────────────┤
 | 0x0000000000000001 | 24          | 18 0 0 0 0 0 0 0 0 0 0 2 2 0 0 0 0 0 0 0 0 0 2 7 0 0 0 0 0 5 1 0                    |
 ├────────────────────┼─────────────┼─────────────────────────────────────────────────────────────────────────────────────┤
 | 0x0000000000000002 | 1           | 18 0 0 0 0 0 0 0 0 0 0 5 1 0 0 0 0 0 0 0 0 0 4 8 0 0 0 0 0 5 0 0                    |
 ├────────────────────┼─────────────┼─────────────────────────────────────────────────────────────────────────────────────┤
 | 0x0000000000000003 | 25          | 26 0 0 0 0 0 0 0 0 0 0 7 6 0 0 0 0 0 0 0 0 0 6 19 0 0 0 0 0 0 0 0                   |
 ├────────────────────┼─────────────┼─────────────────────────────────────────────────────────────────────────────────────┤
 | 0x0000000000000004 | 27          | 18 0 0 0 0 0 0 0 0 0 0 7 0 0 0 0 0 0 0 0 0 0 6 10 0 0 0 0 0 0 0 0                   |
 ├────────────────────┼─────────────┼─────────────────────────────────────────────────────────────────────────────────────┤
 | 0x0000000000000005 | 27          | 24 0 0 0 0 0 0 0 0 0 0 6 5 0 0 0 0 0 0 0 0 0 6 17 0 0 0 0 0 0 0 0                   |
 ├────────────────────┼─────────────┼─────────────────────────────────────────────────────────────────────────────────────┤
 | 0x0000000000000006 | 28          | 22 0 0 0 0 0 0 0 0 0 0 6 1 0 0 0 0 0 0 0 0 0 12 9 0 0 0 0 0 0 0 0                   |
 ├────────────────────┼─────────────┼─────────────────────────────────────────────────────────────────────────────────────┤
 | 0x0000000000000007 | 6           | 28 0 0 0 0 0 0 0 0 0 0 9 4 0 0 0 0 0 0 0 0 0 10 17 0 0 0 0 0 0 0 0                  |
 ├────────────────────┼─────────────┼─────────────────────────────────────────────────────────────────────────────────────┤
 | 0x0000000000000008 | 31          | 29 0 0 0 0 0 0 0 0 0 0 7 2 0 0 0 0 0 0 0 0 0 10 18 0 0 0 0 0 0 0 0                  |
 ├────────────────────┼─────────────┼─────────────────────────────────────────────────────────────────────────────────────┤
 | 0x0000000000000009 | 21          | 29 0 0 0 0 0 0 0 0 0 0 14 6 0 0 0 0 0 0 0 0 0 14 0 0 0 0 0 0 0 0 0                  |
 ├────────────────────┼─────────────┼─────────────────────────────────────────────────────────────────────────────────────┤
 | 0x000000000000000a | 11          | 26 0 0 0 0 0 0 0 0 0 0 15 10 0 0 0 0 0 0 0 0 0 0 0 0 0 0 0 0 0 0 0                  |
 ├────────────────────┼─────────────┼─────────────────────────────────────────────────────────────────────────────────────┤
 | 0x000000000000000b | 23          | 29 0 0 0 0 0 0 0 0 0 0 26 2 0 0 0 0 0 0 0 0 0 0 0 0 0 0 0 0 0 0 0                   |
 ├────────────────────┼─────────────┼─────────────────────────────────────────────────────────────────────────────────────┤
 | 0x000000000000000c | 11          | 16 0 0 0 0 0 0 0 0 0 0 7 7 0 0 0 0 0 0 0 0 0 0 0 0 0 0 0 0 0 0 0                    |
 ├────────────────────┼─────────────┼─────────────────────────────────────────────────────────────────────────────────────┤
 | 0x000000000000000d | 12          | 22 1 0 0 0 0 0 0 0 0 0 13 6 0 0 0 0 0 0 0 0 0 0 0 0 0 0 0 0 0 0 0                   |
 ├────────────────────┼─────────────┼─────────────────────────────────────────────────────────────────────────────────────┤
 | 0x000000000000000e | 13          | 30 1 0 0 0 0 0 0 0 0 0 19 8 0 0 0 0 0 0 0 0 0 0 0 0 0 0 0 0 0 0 0                   |
 ├────────────────────┼─────────────┼─────────────────────────────────────────────────────────────────────────────────────┤
 | 0x000000000000000f | 14          | 19 0 0 0 0 0 0 0 0 0 0 12 5 0 0 0 0 0 0 0 0 0 0 0 0 0 0 0 0 0 0 0                   |
 ├────────────────────┼─────────────┼─────────────────────────────────────────────────────────────────────────────────────┤
 | 0x0000000000000010 | 15          | 19 0 0 0 0 0 0 0 0 0 0 13 5 0 0 0 0 0 0 0 0 0 0 0 0 0 0 0 0 0 0 0                   |
 ├────────────────────┼─────────────┼─────────────────────────────────────────────────────────────────────────────────────┤
 | 0x0000000000000011 | 16          | 26 0 0 0 0 0 0 0 0 0 0 15 9 0 0 0 0 0 0 0 0 0 0 0 0 0 0 0 0 0 0 0                   |
 ├────────────────────┼─────────────┼─────────────────────────────────────────────────────────────────────────────────────┤
 | 0x0000000000000012 | 17          | 25 0 0 0 0 0 0 0 0 0 0 15 8 0 0 0 0 0 0 0 0 0 0 0 0 0 0 0 0 0 0 0                   |
 ├────────────────────┼─────────────┼─────────────────────────────────────────────────────────────────────────────────────┤
 | 0x0000000000000013 | 30          | 16 0 0 0 0 0 0 0 0 0 0 10 4 0 0 0 0 0 0 0 0 0 0 0 0 0 0 0 0 0 0 0                   |
 ├────────────────────┼─────────────┼─────────────────────────────────────────────────────────────────────────────────────┤
 | 0x0000000000000014 | 19          | 27 1 0 0 0 0 0 0 0 0 0 25 0 0 0 0 0 0 0 0 0 0 0 0 0 0 0 0 0 0 0 0                   |
 ├────────────────────┼─────────────┼─────────────────────────────────────────────────────────────────────────────────────┤
 | 0x0000000000000015 | 20          | 31 20 3 0 0 0 0 0 0 0 0 0 0 1 2 2 3 3 4 4 4 5 5 5 6 7 7 8 8 8 9 10                  |
 ├────────────────────┼─────────────┼─────────────────────────────────────────────────────────────────────────────────────┤
 | 0x0000000000000016 | 21          | 23 16 3 0 0 0 0 0 0 0 0 1 2 3 3 4 4 5 5 5 5 6 6 6 7 7 7 7 7 7 7 8                   |
 ├────────────────────┼─────────────┼─────────────────────────────────────────────────────────────────────────────────────┤
 | 0x0000000000000017 | 22          | 20 13 1 0 0 0 0 0 0 0 0 0 1 1 2 2 3 3 3 3 4 4 4 4 5 5 5 5 5 5 5 7                   |
 ├────────────────────┼─────────────┼─────────────────────────────────────────────────────────────────────────────────────┤
 | 0x0000000000000018 | 23          | 18 12 2 0 0 0 0 0 0 0 0 0 1 2 3 3 4 4 4 4 5 5 6 6 6 6 6 6 6 6 6 6                   |
 ├────────────────────┼─────────────┼─────────────────────────────────────────────────────────────────────────────────────┤
 | 0x0000000000000019 | 26          | 24 16 2 0 0 0 0 0 0 0 0 1 1 2 3 4 4 4 5 6 6 6 6 6 6 6 6 6 6 6 6 8                   |
 ├────────────────────┼─────────────┼─────────────────────────────────────────────────────────────────────────────────────┤
 | 0x000000000000001a | 25          | 26 18 3 0 0 0 0 0 0 0 0 0 2 3 4 5 5 6 7 7 7 7 7 7 7 7 7 7 7 7 7 8                   |
 ├────────────────────┼─────────────┼─────────────────────────────────────────────────────────────────────────────────────┤
 | 0x000000000000001b | 26          | 22 15 1 0 0 0 0 0 0 0 1 2 2 3 4 4 4 5 5 5 5 6 6 6 6 6 6 6 6 6 6 7                   |
 ├────────────────────┼─────────────┼─────────────────────────────────────────────────────────────────────────────────────┤
 | 0x000000000000001c | 27          | 22 15 4 0 0 0 0 0 0 0 0 2 2 4 5 5 5 6 6 7 7 7 7 7 7 7 7 7 7 7 7 8                   |
 ├────────────────────┼─────────────┼─────────────────────────────────────────────────────────────────────────────────────┤
 | 0x000000000000001d | 28          | 17 9 1 0 0 0 0 0 0 0 0 1 1 2 4 4 5 5 5 5 6 6 6 6 6 6 6 6 6 6 6 7                    |
 ├────────────────────┼─────────────┼─────────────────────────────────────────────────────────────────────────────────────┤
 | 0x000000000000001e | 29          | 30 19 0 0 0 1 1 1 1 1 1 2 3 4 5 5 6 7 7 7 7 7 7 7 7 7 7 7 7 8 8 10                  |
 ├────────────────────┼─────────────┼─────────────────────────────────────────────────────────────────────────────────────┤
 | 0x000000000000001f | 30          | 25 0 0 0 0 0 0 0 0 0 1 2 6 9 12 13 15 16 17 19 19 20 21 21 21 21 21 21 22 22 22 25  |
 └────────────────────┴─────────────┴─────────────────────────────────────────────────────────────────────────────────────┘
Offset pattern table end
PC pattern table begin
 ┌────────────────────┬─────────────┬──────────────────────────────────────┐
 | Key                | Second      | Pattern                              |
 ├────────────────────┼─────────────┼──────────────────────────────────────┤
 | 0x0000000000000000 | 13          | 22 0 0 0 0 9 12 0 0 0 0 10 5 0 0 0   |
 ├────────────────────┼─────────────┼──────────────────────────────────────┤
 | 0x0000000000000001 | 19          | 30 0 0 0 0 0 0 0 0 0 0 0 0 0 16 13   |
 ├────────────────────┼─────────────┼──────────────────────────────────────┤
 | 0x0000000000000002 | 23          | 22 2 0 0 0 0 1 2 2 2 2 4 4 5 9 16    |
 ├────────────────────┼─────────────┼──────────────────────────────────────┤
 | 0x0000000000000003 | 1           | 24 11 0 0 0 0 0 0 0 1 2 2 2 2 16 23  |
 ├────────────────────┼─────────────┼──────────────────────────────────────┤
 | 0x0000000000000004 | 20          | 22 0 0 0 0 8 7 0 0 0 0 14 5 0 0 0    |
 ├────────────────────┼─────────────┼──────────────────────────────────────┤
 | 0x0000000000000005 | 15          | 30 0 0 0 0 0 0 0 0 0 0 0 0 0 15 14   |
 ├────────────────────┼─────────────┼──────────────────────────────────────┤
 | 0x0000000000000006 | 30          | 28 15 15 0 0 6 6 0 0 0 0 7 3 1 1 13  |
 ├────────────────────┼─────────────┼──────────────────────────────────────┤
 | 0x0000000000000007 | 23          | 17 0 0 0 0 0 0 0 0 0 0 9 2 0 1 3     |
 ├────────────────────┼─────────────┼──────────────────────────────────────┤
 | 0x0000000000000008 | 25          | 22 0 0 0 0 0 0 0 0 0 0 18 3 0 0 0    |
 ├────────────────────┼─────────────┼──────────────────────────────────────┤
 | 0x0000000000000009 | 28          | 31 0 0 0 0 0 0 0 0 0 0 0 0 0 15 14   |
 ├────────────────────┼─────────────┼──────────────────────────────────────┤
 | 0x000000000000000a | 19          | 25 2 0 0 0 0 0 0 0 0 0 0 0 0 7 14    |
 ├────────────────────┼─────────────┼──────────────────────────────────────┤
 | 0x000000000000000b | 21          | 18 0 0 0 0 0 0 0 0 0 0 0 0 0 9 8     |
 ├────────────────────┼─────────────┼──────────────────────────────────────┤
 | 0x000000000000000c | 12          | 20 0 0 0 0 8 11 0 0 0 0 10 4 0 0 0   |
 ├────────────────────┼─────────────┼──────────────────────────────────────┤
 | 0x000000000000000d | 30          | 19 0 0 0 0 0 0 0 0 0 0 0 0 0 9 9     |
 ├────────────────────┼─────────────┼──────────────────────────────────────┤
 | 0x000000000000000e | 11          | 20 0 0 0 0 8 11 0 0 0 0 10 4 0 0 0   |
 ├────────────────────┼─────────────┼──────────────────────────────────────┤
 | 0x000000000000000f | 26          | 1 1 0 0 0 0 0 1 1 1 1 0 0 0 0 0      |
 ├────────────────────┼─────────────┼──────────────────────────────────────┤
 | 0x0000000000000010 | 8           | 20 0 0 0 0 0 0 0 0 0 0 14 4 0 0 0    |
 ├────────────────────┼─────────────┼──────────────────────────────────────┤
 | 0x0000000000000011 | 5           | 18 0 0 0 0 0 0 0 0 0 0 14 3 0 0 0    |
 ├────────────────────┼─────────────┼──────────────────────────────────────┤
 | 0x0000000000000012 | 6           | 25 0 0 0 0 0 0 0 0 0 0 18 6 0 0 0    |
 ├────────────────────┼─────────────┼──────────────────────────────────────┤
 | 0x0000000000000013 | 18          | 27 0 0 0 0 0 0 0 0 0 0 18 8 0 0 0    |
 ├────────────────────┼─────────────┼──────────────────────────────────────┤
 | 0x0000000000000014 | 25          | 17 0 0 0 0 0 0 0 0 0 0 0 0 0 8 8     |
 ├────────────────────┼─────────────┼──────────────────────────────────────┤
 | 0x0000000000000015 | 30          | 20 12 12 0 0 0 0 0 0 0 0 1 0 5 5 17  |
 ├────────────────────┼─────────────┼──────────────────────────────────────┤
 | 0x0000000000000016 | 15          | 25 0 0 0 0 0 0 0 0 0 0 19 5 0 0 0    |
 ├────────────────────┼─────────────┼──────────────────────────────────────┤
 | 0x0000000000000017 | 12          | 27 18 0 0 0 0 0 0 0 0 0 0 0 0 1 1    |
 ├────────────────────┼─────────────┼──────────────────────────────────────┤
 | 0x0000000000000018 | 6           | 19 0 0 0 0 6 12 0 0 0 0 8 6 0 0 0    |
 ├────────────────────┼─────────────┼──────────────────────────────────────┤
 | 0x0000000000000019 | 9           | 1 1 0 0 0 0 0 0 0 0 0 0 0 0 1 1      |
 ├────────────────────┼─────────────┼──────────────────────────────────────┤
 | 0x000000000000001a | 6           | 26 21 18 0 0 0 0 0 0 0 0 0 0 1 2 20  |
 ├────────────────────┼─────────────┼──────────────────────────────────────┤
 | 0x000000000000001b | 30          | 31 14 0 0 0 0 0 0 0 0 0 0 0 0 0 0    |
 ├────────────────────┼─────────────┼──────────────────────────────────────┤
 | 0x000000000000001c | 12          | 16 15 15 14 3 2 1 1 1 1 1 0 0 0 2 2  |
 ├────────────────────┼─────────────┼──────────────────────────────────────┤
 | 0x000000000000001d | 25          | 31 18 15 0 0 0 0 0 0 0 0 8 3 0 2 17  |
 ├────────────────────┼─────────────┼──────────────────────────────────────┤
 | 0x000000000000001e | 12          | 12 11 12 0 0 0 0 0 0 0 0 1 1 1 0 12  |
 ├────────────────────┼─────────────┼──────────────────────────────────────┤
 | 0x000000000000001f | 30          | 30 13 13 0 0 5 9 0 0 0 0 8 3 0 0 13  |
 └────────────────────┴─────────────┴──────────────────────────────────────┘
PC pattern table end
Prefetch buffer begin
 ┌────────────────────┬──────────────────────────────────────────────────────────────────┐
 | Region             | Pattern                                                          |
 ├────────────────────┼──────────────────────────────────────────────────────────────────┤
 | 0x0000000000001931 | 0 0 0 0 0 0 0 0 0 0 0 0 0 2 2 2 2 2 2 2 2 2 2 2 2 2 2 2 2 0 2 0  |
 ├────────────────────┼──────────────────────────────────────────────────────────────────┤
 | 0x000000000000193e | 2 2 2 0 2 0 0 0 0 0 0 0 0 0 0 0 0 0 0 0 0 0 0 0 0 0 2 0 0 0 0 2  |
 ├────────────────────┼──────────────────────────────────────────────────────────────────┤
 | 0x0000000000001925 | 0 2 2 0 0 0 0 0 0 0 0 0 0 0 0 0 0 0 0 0 0 0 2 0 0 0 0 0 0 0 0 0  |
 ├────────────────────┼──────────────────────────────────────────────────────────────────┤
 | 0x0000000000000843 | 0 0 0 0 0 0 0 2 0 0 0 0 0 0 0 0 2 2 2 2 0 0 0 0 0 0 0 0 2 2 2 2  |
 ├────────────────────┼──────────────────────────────────────────────────────────────────┤
 | 0x0000000000001946 | 0 0 2 0 0 0 0 0 0 0 0 2 2 2 2 0 0 0 0 0 0 0 0 2 2 2 2 0 0 0 2 0  |
 ├────────────────────┼──────────────────────────────────────────────────────────────────┤
 | 0x000000000000192f | 0 0 2 2 2 2 0 2 0 0 0 0 0 0 0 0 0 0 0 0 0 0 0 0 0 0 0 0 2 2 0 0  |
 ├────────────────────┼──────────────────────────────────────────────────────────────────┤
 | 0x000000000000087f | 2 2 2 2 0 2 0 0 0 0 0 0 0 0 0 2 0 0 0 0 0 0 0 0 0 0 2 2 0 0 0 0  |
 ├────────────────────┼──────────────────────────────────────────────────────────────────┤
 | 0x000000000000192a | 2 2 2 0 0 0 0 0 0 0 0 2 2 2 2 0 0 0 0 2 2 0 2 0 0 0 0 0 0 0 0 2  |
 ├────────────────────┼──────────────────────────────────────────────────────────────────┤
 | 0x000000000000192e | 0 0 0 0 2 0 0 0 0 0 0 0 0 0 0 0 0 0 0 0 0 0 0 0 0 0 0 0 0 0 2 2  |
 ├────────────────────┼──────────────────────────────────────────────────────────────────┤
 | 0x0000000000000616 | 0 0 0 0 0 0 0 0 0 0 0 0 0 0 0 0 0 2 2 0 2 2 2 2 2 0 0 0 0 0 2 0  |
 ├────────────────────┼──────────────────────────────────────────────────────────────────┤
 | 0x0000000000001921 | 0 0 0 0 0 0 0 0 0 0 0 0 0 0 0 0 0 0 0 0 2 2 2 2 0 0 0 0 0 2 0 2  |
 ├────────────────────┼──────────────────────────────────────────────────────────────────┤
 | 0x000000000000192b | 0 2 2 2 2 0 0 0 0 0 0 0 2 0 0 0 0 0 0 0 0 0 2 0 0 0 0 0 0 0 0 0  |
 ├────────────────────┼──────────────────────────────────────────────────────────────────┤
 | 0x0000000000001948 | 2 2 0 2 0 0 0 0 0 0 0 0 0 2 0 0 0 0 0 0 0 0 0 0 2 2 0 0 0 0 0 2  |
 ├────────────────────┼──────────────────────────────────────────────────────────────────┤
 | 0x000000000000193a | 0 0 0 2 0 0 0 0 0 0 0 0 2 2 2 2 0 0 0 0 0 0 0 0 2 2 2 2 0 0 0 2  |
 ├────────────────────┼──────────────────────────────────────────────────────────────────┤
 | 0x0000000000001909 | 0 0 0 0 0 0 0 0 0 0 0 0 0 0 0 0 0 0 0 2 2 2 0 0 0 0 0 0 0 0 0 0  |
 ├────────────────────┼──────────────────────────────────────────────────────────────────┤
 | 0x0000000000001942 | 0 0 0 0 0 0 0 0 0 0 0 0 0 2 0 0 0 0 0 0 0 0 0 0 2 2 2 2 0 0 0 2  |
 ├────────────────────┼──────────────────────────────────────────────────────────────────┤
 | 0x0000000000001911 | 2 2 2 2 0 0 0 0 0 0 0 0 2 2 2 2 2 2 2 2 2 2 0 2 0 0 0 0 0 0 0 0  |
 ├────────────────────┼──────────────────────────────────────────────────────────────────┤
 | 0x0000000000001944 | 0 0 0 0 0 0 0 0 0 0 0 0 0 0 2 2 2 2 0 0 0 0 0 0 0 0 0 0 0 2 2 0  |
 ├────────────────────┼──────────────────────────────────────────────────────────────────┤
 | 0x0000000000001905 | 2 2 2 2 0 0 0 0 0 0 0 2 0 0 0 0 0 0 0 0 2 2 0 2 0 0 0 0 0 0 0 0  |
 ├────────────────────┼──────────────────────────────────────────────────────────────────┤
 | 0x0000000000001922 | 0 0 0 0 0 0 0 0 0 0 0 0 0 0 0 0 2 2 2 2 0 0 0 0 0 0 0 0 0 0 0 2  |
 ├────────────────────┼──────────────────────────────────────────────────────────────────┤
 | 0x0000000000001927 | 0 2 2 2 2 0 0 0 0 0 0 0 0 0 0 0 0 0 0 0 0 0 2 0 0 0 0 0 0 0 0 0  |
 ├────────────────────┼──────────────────────────────────────────────────────────────────┤
 | 0x0000000000001928 | 0 0 0 0 0 0 0 0 0 0 0 0 0 0 0 0 0 0 0 2 2 2 2 0 0 0 0 0 0 0 0 0  |
 ├────────────────────┼──────────────────────────────────────────────────────────────────┤
 | 0x000000000000190f | 2 2 2 2 0 0 0 0 0 0 0 0 0 0 0 0 0 0 0 0 2 2 0 2 0 0 0 0 0 0 0 0  |
 ├────────────────────┼──────────────────────────────────────────────────────────────────┤
 | 0x000000000000192d | 0 0 0 0 0 0 0 0 0 0 0 0 0 0 0 0 0 0 0 0 0 0 2 0 0 0 0 0 0 0 0 0  |
 ├────────────────────┼──────────────────────────────────────────────────────────────────┤
 | 0x000000000000191f | 2 2 2 2 0 0 0 0 0 0 0 2 0 0 0 0 0 0 0 0 0 0 0 0 0 0 0 0 0 0 0 0  |
 ├────────────────────┼──────────────────────────────────────────────────────────────────┤
 | 0x0000000000001940 | 0 0 2 0 0 0 0 0 0 0 0 2 2 2 2 0 0 0 0 0 0 0 0 2 2 2 2 0 0 0 2 0  |
 ├────────────────────┼──────────────────────────────────────────────────────────────────┤
 | 0x0000000000001923 | 0 0 0 0 0 0 0 0 0 0 0 0 0 2 2 2 2 0 2 0 0 0 0 0 0 0 0 0 2 2 0 0  |
 ├────────────────────┼──────────────────────────────────────────────────────────────────┤
 | 0x0000000000001926 | 0 0 0 0 0 0 0 0 0 0 0 2 2 2 2 0 0 0 0 2 2 0 2 0 0 0 0 0 0 0 0 0  |
 ├────────────────────┼──────────────────────────────────────────────────────────────────┤
 | 0x0000000000001929 | 0 0 0 0 0 0 0 0 0 0 0 0 0 0 0 0 2 2 2 2 0 2 0 0 0 0 0 0 0 0 0 2  |
 ├────────────────────┼──────────────────────────────────────────────────────────────────┤
 | 0x0000000000001938 | 0 0 0 0 0 0 0 0 0 0 0 0 0 0 0 0 0 0 0 0 0 0 0 0 2 2 2 2 0 0 0 2  |
 ├────────────────────┼──────────────────────────────────────────────────────────────────┤
 | 0x0000000000001932 | 0 0 0 0 0 0 0 0 0 0 0 0 0 0 2 0 0 0 0 0 0 0 0 2 2 2 2 0 0 0 2 0  |
 ├────────────────────┼──────────────────────────────────────────────────────────────────┤
 | 0x0000000000001937 | 0 0 0 0 0 0 0 0 2 2 2 2 0 2 0 0 0 0 0 0 0 0 0 2 2 0 0 0 0 0 0 0  |
 └────────────────────┴──────────────────────────────────────────────────────────────────┘
Prefetch buffer end
Filter by PPT: 0
cpu0_L2C
Num Con Filled: 0
Num Con Useful: 0 Useless:0 Accuracy: nan
LLC
