41 41 41
Available num physical pages: 35184372088576
WARNING: physical memory size is smaller than virtual memory size

*** ChampSim Multicore Out-of-Order Simulator ***

Warmup Instructions: 2000000
Simulation Instructions: 2000000
Number of CPUs: 1
Page size: 4096

Basic BTB sets: 1024 ways: 8 indirect buffer size: 4096 RAS size: 64
cpu0_L1D PMP prefetcher
Off-chip DRAM Size: 4 GiB Channels: 1 Width: 64-bit Data Rate: 3200 MT/s
Max paddr 1M
Warmup finished CPU 0 instructions: 2000002 cycles: 500045 cumulative IPC: 3.99965 (Simulation time: 0 hr 0 min 59 sec) 

Warmup complete CPU 0 instructions: 2000002 cycles: 500045 (Simulation time: 0 hr 0 min 59 sec) 

Max paddr 2M
Simulation finished CPU 0 instructions: 2000001 cycles: 617895 cumulative IPC: 3.2368 (Simulation time: 0 hr 2 min 16 sec) 

Simulation complete CPU 0 instructions: 2000001 cycles: 617895 (Simulation time: 0 hr 2 min 16 sec) 


ChampSim completed all CPUs

[
  {
    "name": "Simulation",
    "traces": [
      "../traces/403.gcc-48B.champsimtrace.xz"
    ],
    "roi": {
      "cores": [
        {
          "instructions": 2000001,
          "cycles": 617895,
          "Avg ROB occupancy at mispredict": 58.282, 
          "mispredict": {
            "BRANCH_DIRECT_JUMP": 0,
            "BRANCH_INDIRECT": 2,
            "BRANCH_CONDITIONAL": 1986,
            "BRANCH_DIRECT_CALL": 9,
            "BRANCH_INDIRECT_CALL": 4,
            "BRANCH_RETURN": 10
          }
        }
      ],
      "cpu0_L1I": {
        "LOAD": {
          "hit":173,
          "miss":0
        },
        "RFO": {
          "hit":0,
          "miss":0
        },
        "PREFETCH": {
          "hit":0,
          "miss":0
        },
        "WRITE": {
          "hit":0,
          "miss":0
        },
        "TRANSLATION": {
          "hit":0,
          "miss":0
        },
        "mshr full": 0,
        "prefetch requested": 0,
        "prefetch issued": 0,
        "prefetch filled": 0,
        "prefetch useful": 0,
        "prefetch useless": 0,
        "prefetch late": 0,
        "pf_useful_at_l2_from_l1":          0,
        "pf_late_at_l2_from_l1":          0,
        "pf_useless_at_l2_from_l1":          0,
        "pf_at_l2_to_l1":          0,
        "pf_fill_this_level":          0,
        "miss latency": null,
        "cache queues": {
          "PQ_ACCESS": 0,
          "PQ_FULL": 0,
          "PQ_TO_CACHE": 0,
          "PQ_MERGED": 0,
          "RQ_ACCESS": 173,
          "RQ_MERGED": 0,
          "RQ_FULL": 0,
          "WQ_ACCESS": 0,
          "WQ_MERGED": 0,
          "WQ_FULL": 0
        }
      },
      "cpu0_ITLB": {
        "LOAD": {
          "hit":154,
          "miss":0
        },
        "RFO": {
          "hit":0,
          "miss":0
        },
        "PREFETCH": {
          "hit":0,
          "miss":0
        },
        "WRITE": {
          "hit":0,
          "miss":0
        },
        "TRANSLATION": {
          "hit":0,
          "miss":0
        },
        "mshr full": 0,
        "prefetch requested": 0,
        "prefetch issued": 0,
        "prefetch filled": 0,
        "prefetch useful": 0,
        "prefetch useless": 0,
        "prefetch late": 0,
        "pf_useful_at_l2_from_l1":          0,
        "pf_late_at_l2_from_l1":          0,
        "pf_useless_at_l2_from_l1":          0,
        "pf_at_l2_to_l1":          0,
        "pf_fill_this_level":          0,
        "miss latency": null,
        "cache queues": {
          "PQ_ACCESS": 0,
          "PQ_FULL": 0,
          "PQ_TO_CACHE": 0,
          "PQ_MERGED": 0,
          "RQ_ACCESS": 154,
          "RQ_MERGED": 0,
          "RQ_FULL": 0,
          "WQ_ACCESS": 0,
          "WQ_MERGED": 0,
          "WQ_FULL": 0
        }
      },
      "cpu0_DTLB": {
        "LOAD": {
          "hit":662878,
          "miss":788
        },
        "RFO": {
          "hit":0,
          "miss":0
        },
        "PREFETCH": {
          "hit":0,
          "miss":0
        },
        "WRITE": {
          "hit":0,
          "miss":0
        },
        "TRANSLATION": {
          "hit":0,
          "miss":0
        },
        "mshr full": 0,
        "prefetch requested": 0,
        "prefetch issued": 0,
        "prefetch filled": 0,
        "prefetch useful": 0,
        "prefetch useless": 0,
        "prefetch late": 0,
        "pf_useful_at_l2_from_l1":          0,
        "pf_late_at_l2_from_l1":          0,
        "pf_useless_at_l2_from_l1":          0,
        "pf_at_l2_to_l1":          0,
        "pf_fill_this_level":          0,
        "miss latency": 4.62112,
        "cache queues": {
          "PQ_ACCESS": 0,
          "PQ_FULL": 0,
          "PQ_TO_CACHE": 0,
          "PQ_MERGED": 0,
          "RQ_ACCESS": 663666,
          "RQ_MERGED": 0,
          "RQ_FULL": 0,
          "WQ_ACCESS": 0,
          "WQ_MERGED": 0,
          "WQ_FULL": 0
        }
      },
      "cpu0_STLB": {
        "LOAD": {
          "hit":409,
          "miss":136
        },
        "RFO": {
          "hit":0,
          "miss":0
        },
        "PREFETCH": {
          "hit":0,
          "miss":0
        },
        "WRITE": {
          "hit":0,
          "miss":0
        },
        "TRANSLATION": {
          "hit":0,
          "miss":0
        },
        "mshr full": 0,
        "prefetch requested": 0,
        "prefetch issued": 0,
        "prefetch filled": 0,
        "prefetch useful": 0,
        "prefetch useless": 0,
        "prefetch late": 0,
        "pf_useful_at_l2_from_l1":          0,
        "pf_late_at_l2_from_l1":          0,
        "pf_useless_at_l2_from_l1":          0,
        "pf_at_l2_to_l1":          0,
        "pf_fill_this_level":          0,
        "miss latency": 24.7082,
        "cache queues": {
          "PQ_ACCESS": 0,
          "PQ_FULL": 0,
          "PQ_TO_CACHE": 0,
          "PQ_MERGED": 0,
          "RQ_ACCESS": 545,
          "RQ_MERGED": 0,
          "RQ_FULL": 0,
          "WQ_ACCESS": 0,
          "WQ_MERGED": 0,
          "WQ_FULL": 0
        }
      },
      "cpu0_L1D": {
        "LOAD": {
          "hit":296136,
          "miss":5473
        },
        "RFO": {
          "hit":0,
          "miss":0
        },
        "PREFETCH": {
          "hit":38192,
          "miss":39384
        },
        "WRITE": {
          "hit":361564,
          "miss":475
        },
        "TRANSLATION": {
          "hit":7,
          "miss":131
        },
        "mshr full": 0,
        "prefetch requested": 77585,
        "prefetch issued": 77585,
        "prefetch filled": 3925,
        "prefetch useful": 1551,
        "prefetch useless": 2537,
        "prefetch late": 147,
        "pf_useful_at_l2_from_l1":          0,
        "pf_late_at_l2_from_l1":          0,
        "pf_useless_at_l2_from_l1":          0,
        "pf_at_l2_to_l1":          0,
        "pf_fill_this_level":       3925,
        "miss latency": 1.35955,
        "cache queues": {
          "PQ_ACCESS": 77585,
          "PQ_FULL": 0,
          "PQ_TO_CACHE": 77585,
          "PQ_MERGED": 0,
          "RQ_ACCESS": 301623,
          "RQ_MERGED": 12,
          "RQ_FULL": 0,
          "WQ_ACCESS": 362043,
          "WQ_MERGED": 0,
          "WQ_FULL": 0
        }
      },
      "cpu0_L2C": {
        "LOAD": {
          "hit":4016,
          "miss":250
        },
        "RFO": {
          "hit":10,
          "miss":89
        },
        "PREFETCH": {
          "hit":37033,
          "miss":2173
        },
        "WRITE": {
          "hit":352,
          "miss":0
        },
        "TRANSLATION": {
          "hit":33,
          "miss":98
        },
        "mshr full": 118,
        "prefetch requested": 0,
        "prefetch issued": 0,
        "prefetch filled": 2168,
        "prefetch useful": 0,
        "prefetch useless": 0,
        "prefetch late": 0,
        "pf_useful_at_l2_from_l1":        147,
        "pf_late_at_l2_from_l1":          5,
        "pf_useless_at_l2_from_l1":         47,
        "pf_at_l2_to_l1":        170,
        "pf_fill_this_level":       1644,
        "miss latency": 54.0486,
        "cache queues": {
          "PQ_ACCESS": 39266,
          "PQ_FULL": 60,
          "PQ_TO_CACHE": 39206,
          "PQ_MERGED": 0,
          "RQ_ACCESS": 4497,
          "RQ_MERGED": 0,
          "RQ_FULL": 0,
          "WQ_ACCESS": 352,
          "WQ_MERGED": 0,
          "WQ_FULL": 0
        }
      },
      "LLC": {
        "LOAD": {
          "hit": [0],
          "miss": [245]
        },
        "RFO": {
          "hit": [0],
          "miss": [89]
        },
        "PREFETCH": {
          "hit": [2],
          "miss": [2171]
        },
        "WRITE": {
          "hit": [7],
          "miss": [0]
        },
        "TRANSLATION": {
          "hit": [0],
          "miss": [98]
        },
        "mshr full": 0,
        "prefetch requested": 0,
        "prefetch issued": 0,
        "prefetch filled": 2171,
        "prefetch useful": 0,
        "prefetch useless": 0,
        "prefetch late": 0,
        "pf_useful_at_l2_from_l1":          0,
        "pf_late_at_l2_from_l1":          0,
        "pf_useless_at_l2_from_l1":          0,
        "pf_at_l2_to_l1":          0,
        "pf_fill_this_level":          0,
        "miss latency": 50.4165,
        "cache queues": {
          "PQ_ACCESS": 2173,
          "PQ_FULL": 0,
          "PQ_TO_CACHE": 2173,
          "PQ_MERGED": 0,
          "RQ_ACCESS": 432,
          "RQ_MERGED": 0,
          "RQ_FULL": 0,
          "WQ_ACCESS": 7,
          "WQ_MERGED": 0,
          "WQ_FULL": 0
        }
      },
      "DRAM": [
        {
          "RQ ROW_BUFFER_HIT": 1538,
          "RQ ROW_BUFFER_MISS": 1065,
          "PQ FULL": 0,
          "WQ ROW_BUFFER_HIT": 0,
          "WQ ROW_BUFFER_MISS": 0,
          "WQ FULL": 0,
          "AVG DBUS CONGESTED CYCLE": 3.90223
        }
      ]

    },
    "sim": {
      "cores": [
        {
          "instructions": 2000001,
          "cycles": 617895,
          "Avg ROB occupancy at mispredict": 58.282, 
          "mispredict": {
            "BRANCH_DIRECT_JUMP": 0,
            "BRANCH_INDIRECT": 2,
            "BRANCH_CONDITIONAL": 1986,
            "BRANCH_DIRECT_CALL": 9,
            "BRANCH_INDIRECT_CALL": 4,
            "BRANCH_RETURN": 10
          }
        }
      ],
      "cpu0_L1I": {
        "LOAD": {
          "hit":173,
          "miss":0
        },
        "RFO": {
          "hit":0,
          "miss":0
        },
        "PREFETCH": {
          "hit":0,
          "miss":0
        },
        "WRITE": {
          "hit":0,
          "miss":0
        },
        "TRANSLATION": {
          "hit":0,
          "miss":0
        },
        "mshr full": 0,
        "prefetch requested": 0,
        "prefetch issued": 0,
        "prefetch filled": 0,
        "prefetch useful": 0,
        "prefetch useless": 0,
        "prefetch late": 0,
        "pf_useful_at_l2_from_l1":          0,
        "pf_late_at_l2_from_l1":          0,
        "pf_useless_at_l2_from_l1":          0,
        "pf_at_l2_to_l1":          0,
        "pf_fill_this_level":          0,
        "miss latency": null,
        "cache queues": {
          "PQ_ACCESS": 0,
          "PQ_FULL": 0,
          "PQ_TO_CACHE": 0,
          "PQ_MERGED": 0,
          "RQ_ACCESS": 173,
          "RQ_MERGED": 0,
          "RQ_FULL": 0,
          "WQ_ACCESS": 0,
          "WQ_MERGED": 0,
          "WQ_FULL": 0
        }
      },
      "cpu0_ITLB": {
        "LOAD": {
          "hit":154,
          "miss":0
        },
        "RFO": {
          "hit":0,
          "miss":0
        },
        "PREFETCH": {
          "hit":0,
          "miss":0
        },
        "WRITE": {
          "hit":0,
          "miss":0
        },
        "TRANSLATION": {
          "hit":0,
          "miss":0
        },
        "mshr full": 0,
        "prefetch requested": 0,
        "prefetch issued": 0,
        "prefetch filled": 0,
        "prefetch useful": 0,
        "prefetch useless": 0,
        "prefetch late": 0,
        "pf_useful_at_l2_from_l1":          0,
        "pf_late_at_l2_from_l1":          0,
        "pf_useless_at_l2_from_l1":          0,
        "pf_at_l2_to_l1":          0,
        "pf_fill_this_level":          0,
        "miss latency": null,
        "cache queues": {
          "PQ_ACCESS": 0,
          "PQ_FULL": 0,
          "PQ_TO_CACHE": 0,
          "PQ_MERGED": 0,
          "RQ_ACCESS": 154,
          "RQ_MERGED": 0,
          "RQ_FULL": 0,
          "WQ_ACCESS": 0,
          "WQ_MERGED": 0,
          "WQ_FULL": 0
        }
      },
      "cpu0_DTLB": {
        "LOAD": {
          "hit":662878,
          "miss":788
        },
        "RFO": {
          "hit":0,
          "miss":0
        },
        "PREFETCH": {
          "hit":0,
          "miss":0
        },
        "WRITE": {
          "hit":0,
          "miss":0
        },
        "TRANSLATION": {
          "hit":0,
          "miss":0
        },
        "mshr full": 0,
        "prefetch requested": 0,
        "prefetch issued": 0,
        "prefetch filled": 0,
        "prefetch useful": 0,
        "prefetch useless": 0,
        "prefetch late": 0,
        "pf_useful_at_l2_from_l1":          0,
        "pf_late_at_l2_from_l1":          0,
        "pf_useless_at_l2_from_l1":          0,
        "pf_at_l2_to_l1":          0,
        "pf_fill_this_level":          0,
        "miss latency": 4.62112,
        "cache queues": {
          "PQ_ACCESS": 0,
          "PQ_FULL": 0,
          "PQ_TO_CACHE": 0,
          "PQ_MERGED": 0,
          "RQ_ACCESS": 663666,
          "RQ_MERGED": 0,
          "RQ_FULL": 0,
          "WQ_ACCESS": 0,
          "WQ_MERGED": 0,
          "WQ_FULL": 0
        }
      },
      "cpu0_STLB": {
        "LOAD": {
          "hit":409,
          "miss":136
        },
        "RFO": {
          "hit":0,
          "miss":0
        },
        "PREFETCH": {
          "hit":0,
          "miss":0
        },
        "WRITE": {
          "hit":0,
          "miss":0
        },
        "TRANSLATION": {
          "hit":0,
          "miss":0
        },
        "mshr full": 0,
        "prefetch requested": 0,
        "prefetch issued": 0,
        "prefetch filled": 0,
        "prefetch useful": 0,
        "prefetch useless": 0,
        "prefetch late": 0,
        "pf_useful_at_l2_from_l1":          0,
        "pf_late_at_l2_from_l1":          0,
        "pf_useless_at_l2_from_l1":          0,
        "pf_at_l2_to_l1":          0,
        "pf_fill_this_level":          0,
        "miss latency": 24.7082,
        "cache queues": {
          "PQ_ACCESS": 0,
          "PQ_FULL": 0,
          "PQ_TO_CACHE": 0,
          "PQ_MERGED": 0,
          "RQ_ACCESS": 545,
          "RQ_MERGED": 0,
          "RQ_FULL": 0,
          "WQ_ACCESS": 0,
          "WQ_MERGED": 0,
          "WQ_FULL": 0
        }
      },
      "cpu0_L1D": {
        "LOAD": {
          "hit":296136,
          "miss":5473
        },
        "RFO": {
          "hit":0,
          "miss":0
        },
        "PREFETCH": {
          "hit":38192,
          "miss":39384
        },
        "WRITE": {
          "hit":361564,
          "miss":475
        },
        "TRANSLATION": {
          "hit":7,
          "miss":131
        },
        "mshr full": 0,
        "prefetch requested": 77585,
        "prefetch issued": 77585,
        "prefetch filled": 3925,
        "prefetch useful": 1551,
        "prefetch useless": 2537,
        "prefetch late": 147,
        "pf_useful_at_l2_from_l1":          0,
        "pf_late_at_l2_from_l1":          0,
        "pf_useless_at_l2_from_l1":          0,
        "pf_at_l2_to_l1":          0,
        "pf_fill_this_level":       3925,
        "miss latency": 1.35955,
        "cache queues": {
          "PQ_ACCESS": 77585,
          "PQ_FULL": 0,
          "PQ_TO_CACHE": 77585,
          "PQ_MERGED": 0,
          "RQ_ACCESS": 301623,
          "RQ_MERGED": 12,
          "RQ_FULL": 0,
          "WQ_ACCESS": 362043,
          "WQ_MERGED": 0,
          "WQ_FULL": 0
        }
      },
      "cpu0_L2C": {
        "LOAD": {
          "hit":4016,
          "miss":250
        },
        "RFO": {
          "hit":10,
          "miss":89
        },
        "PREFETCH": {
          "hit":37033,
          "miss":2173
        },
        "WRITE": {
          "hit":352,
          "miss":0
        },
        "TRANSLATION": {
          "hit":33,
          "miss":98
        },
        "mshr full": 118,
        "prefetch requested": 0,
        "prefetch issued": 0,
        "prefetch filled": 2168,
        "prefetch useful": 0,
        "prefetch useless": 0,
        "prefetch late": 0,
        "pf_useful_at_l2_from_l1":        147,
        "pf_late_at_l2_from_l1":          5,
        "pf_useless_at_l2_from_l1":         47,
        "pf_at_l2_to_l1":        170,
        "pf_fill_this_level":       1644,
        "miss latency": 54.0486,
        "cache queues": {
          "PQ_ACCESS": 39266,
          "PQ_FULL": 60,
          "PQ_TO_CACHE": 39206,
          "PQ_MERGED": 0,
          "RQ_ACCESS": 4497,
          "RQ_MERGED": 0,
          "RQ_FULL": 0,
          "WQ_ACCESS": 352,
          "WQ_MERGED": 0,
          "WQ_FULL": 0
        }
      },
      "LLC": {
        "LOAD": {
          "hit": [0],
          "miss": [245]
        },
        "RFO": {
          "hit": [0],
          "miss": [89]
        },
        "PREFETCH": {
          "hit": [2],
          "miss": [2171]
        },
        "WRITE": {
          "hit": [7],
          "miss": [0]
        },
        "TRANSLATION": {
          "hit": [0],
          "miss": [98]
        },
        "mshr full": 0,
        "prefetch requested": 0,
        "prefetch issued": 0,
        "prefetch filled": 2171,
        "prefetch useful": 0,
        "prefetch useless": 0,
        "prefetch late": 0,
        "pf_useful_at_l2_from_l1":          0,
        "pf_late_at_l2_from_l1":          0,
        "pf_useless_at_l2_from_l1":          0,
        "pf_at_l2_to_l1":          0,
        "pf_fill_this_level":          0,
        "miss latency": 50.4165,
        "cache queues": {
          "PQ_ACCESS": 2173,
          "PQ_FULL": 0,
          "PQ_TO_CACHE": 2173,
          "PQ_MERGED": 0,
          "RQ_ACCESS": 432,
          "RQ_MERGED": 0,
          "RQ_FULL": 0,
          "WQ_ACCESS": 7,
          "WQ_MERGED": 0,
          "WQ_FULL": 0
        }
      },
      "DRAM": [
        {
          "RQ ROW_BUFFER_HIT": 1538,
          "RQ ROW_BUFFER_MISS": 1065,
          "PQ FULL": 0,
          "WQ ROW_BUFFER_HIT": 0,
          "WQ ROW_BUFFER_MISS": 0,
          "WQ FULL": 0,
          "AVG DBUS CONGESTED CYCLE": 3.90223
        }
      ]

    }
  }
]
cpu0_ITLB
cpu0_DTLB
cpu0_STLB
Prefetch Request to L1: 15005, Prefetch Request to L2: 62580
Invalid by Eviction: 1472
Invalid by Max: 8028
Filter table begin
 ┌────────────────────┬─────────────┐
 | Region             | Offset      |
 ├────────────────────┼─────────────┤
 | 0x0000000000000467 | 18          |
 ├────────────────────┼─────────────┤
 | 0x00000000000003b1 | 11          |
 ├────────────────────┼─────────────┤
 | 0x0000000000000276 | 22          |
 ├────────────────────┼─────────────┤
 | 0x000000000000033a | 2           |
 ├────────────────────┼─────────────┤
 | 0x0000000000000345 | 20          |
 ├────────────────────┼─────────────┤
 | 0x0000000000000466 | 17          |
 ├────────────────────┼─────────────┤
 | 0x000000000000048b | 17          |
 ├────────────────────┼─────────────┤
 | 0x000000000000032a | 30          |
 ├────────────────────┼─────────────┤
 | 0x000000000000039e | 21          |
 ├────────────────────┼─────────────┤
 | 0x00000000000003a1 | 16          |
 ├────────────────────┼─────────────┤
 | 0x00000000000002f6 | 2           |
 ├────────────────────┼─────────────┤
 | 0x0000000000000293 | 10          |
 ├────────────────────┼─────────────┤
 | 0x00000000000003e8 | 25          |
 ├────────────────────┼─────────────┤
 | 0x0000000000000464 | 10          |
 ├────────────────────┼─────────────┤
 | 0x0000000000000483 | 10          |
 ├────────────────────┼─────────────┤
 | 0x0000000000000221 | 15          |
 ├────────────────────┼─────────────┤
 | 0x0000000000000352 | 25          |
 ├────────────────────┼─────────────┤
 | 0x0000000000000229 | 7           |
 ├────────────────────┼─────────────┤
 | 0x000000000000029d | 10          |
 ├────────────────────┼─────────────┤
 | 0x0000000000000309 | 16          |
 ├────────────────────┼─────────────┤
 | 0x000000000000040d | 24          |
 ├────────────────────┼─────────────┤
 | 0x000000000000028c | 11          |
 ├────────────────────┼─────────────┤
 | 0x0000000000000457 | 5           |
 ├────────────────────┼─────────────┤
 | 0x0000000000000473 | 13          |
 ├────────────────────┼─────────────┤
 | 0x0000000000000433 | 22          |
 ├────────────────────┼─────────────┤
 | 0x000000000000044d | 5           |
 ├────────────────────┼─────────────┤
 | 0x0000000000000222 | 27          |
 ├────────────────────┼─────────────┤
 | 0x00000000000002e8 | 17          |
 ├────────────────────┼─────────────┤
 | 0x00000000000002f3 | 16          |
 ├────────────────────┼─────────────┤
 | 0x0000000000000380 | 30          |
 └────────────────────┴─────────────┘
Filter table end
Accumulation table begin
 ┌────────────────────┬─────────────┬─────────────┬──────────────────────────────────────────────────────────────────┐
 | Region             | Offset      | Second      | Pattern                                                          |
 ├────────────────────┼─────────────┼─────────────┼──────────────────────────────────────────────────────────────────┤
 | 0x0000000000000225 | 12          | 13          | 0 0 0 0 0 0 0 0 0 0 0 0 1 1 0 0 0 0 0 0 0 0 0 0 0 0 0 0 1 0 0 0  |
 ├────────────────────┼─────────────┼─────────────┼──────────────────────────────────────────────────────────────────┤
 | 0x000000000000024a | 28          | 29          | 0 0 0 0 0 0 0 0 0 0 0 0 0 0 0 0 0 0 0 0 0 0 0 0 0 0 0 0 1 1 0 0  |
 ├────────────────────┼─────────────┼─────────────┼──────────────────────────────────────────────────────────────────┤
 | 0x0000000000000257 | 24          | 9           | 0 0 0 0 0 0 0 0 0 1 0 0 0 0 0 0 0 0 0 0 0 0 0 0 1 0 0 0 0 0 0 0  |
 ├────────────────────┼─────────────┼─────────────┼──────────────────────────────────────────────────────────────────┤
 | 0x000000000000024c | 26          | 27          | 1 0 0 0 0 0 0 0 1 1 0 0 0 0 0 0 1 1 1 0 0 0 0 0 0 0 1 1 1 0 0 0  |
 ├────────────────────┼─────────────┼─────────────┼──────────────────────────────────────────────────────────────────┤
 | 0x0000000000000249 | 27          | 19          | 0 1 1 0 0 0 0 0 0 0 1 1 0 0 0 0 0 0 0 1 0 0 0 0 0 0 0 1 0 0 0 0  |
 ├────────────────────┼─────────────┼─────────────┼──────────────────────────────────────────────────────────────────┤
 | 0x0000000000000258 | 20          | 11          | 0 0 1 0 0 0 0 0 0 0 0 1 0 0 0 0 0 0 0 0 1 0 0 0 0 0 0 0 0 0 0 0  |
 ├────────────────────┼─────────────┼─────────────┼──────────────────────────────────────────────────────────────────┤
 | 0x0000000000000223 | 14          | 15          | 0 0 0 0 0 0 0 0 0 0 0 0 0 0 1 1 0 0 0 0 0 0 0 0 0 0 0 0 0 0 0 0  |
 ├────────────────────┼─────────────┼─────────────┼──────────────────────────────────────────────────────────────────┤
 | 0x000000000000025d | 30          | 13          | 1 1 0 0 0 0 0 0 0 0 0 0 0 1 1 0 0 0 0 0 0 0 0 0 0 0 0 0 0 0 1 1  |
 ├────────────────────┼─────────────┼─────────────┼──────────────────────────────────────────────────────────────────┤
 | 0x0000000000000245 | 29          | 28          | 1 1 0 0 0 0 1 1 1 1 0 0 0 0 1 1 0 0 0 0 0 1 1 0 0 0 0 0 1 1 0 0  |
 ├────────────────────┼─────────────┼─────────────┼──────────────────────────────────────────────────────────────────┤
 | 0x000000000000024f | 23          | 24          | 0 0 0 0 0 1 1 0 0 0 0 0 0 0 1 1 0 0 0 0 0 0 0 1 1 0 0 0 0 0 0 0  |
 ├────────────────────┼─────────────┼─────────────┼──────────────────────────────────────────────────────────────────┤
 | 0x0000000000000251 | 28          | 20          | 0 0 1 1 0 0 0 0 0 0 1 1 0 0 0 0 0 0 0 0 1 0 0 0 0 0 0 0 1 0 0 0  |
 ├────────────────────┼─────────────┼─────────────┼──────────────────────────────────────────────────────────────────┤
 | 0x0000000000000246 | 29          | 21          | 1 1 1 0 0 0 0 0 0 0 0 1 1 0 0 0 0 0 0 0 0 1 1 0 0 0 0 0 0 1 0 0  |
 ├────────────────────┼─────────────┼─────────────┼──────────────────────────────────────────────────────────────────┤
 | 0x0000000000000226 | 24          | 25          | 0 0 0 0 0 0 0 0 0 0 0 0 0 0 0 0 0 0 0 0 0 0 0 0 1 1 0 0 0 0 0 0  |
 ├────────────────────┼─────────────┼─────────────┼──────────────────────────────────────────────────────────────────┤
 | 0x000000000000022c | 17          | 18          | 0 0 0 0 0 0 0 0 0 0 0 0 0 0 0 0 0 1 1 0 0 1 0 0 0 0 0 0 0 0 0 0  |
 ├────────────────────┼─────────────┼─────────────┼──────────────────────────────────────────────────────────────────┤
 | 0x000000000000025b | 23          | 0           | 1 0 0 0 0 0 0 0 0 0 0 0 0 0 0 0 0 0 0 0 0 0 0 1 0 0 0 0 0 0 0 0  |
 ├────────────────────┼─────────────┼─────────────┼──────────────────────────────────────────────────────────────────┤
 | 0x0000000000000254 | 24          | 8           | 0 0 0 0 0 0 0 1 1 0 0 0 0 0 0 0 0 0 0 0 0 0 0 0 1 1 0 0 0 0 0 0  |
 ├────────────────────┼─────────────┼─────────────┼──────────────────────────────────────────────────────────────────┤
 | 0x000000000000024e | 29          | 20          | 0 0 0 1 0 0 0 0 0 0 0 1 1 0 0 0 0 0 0 0 1 0 0 0 0 0 0 0 0 1 1 0  |
 ├────────────────────┼─────────────┼─────────────┼──────────────────────────────────────────────────────────────────┤
 | 0x0000000000000250 | 29          | 30          | 1 0 0 0 0 0 0 0 1 0 0 0 0 0 0 0 1 0 0 0 0 0 0 0 1 1 0 0 0 1 1 0  |
 ├────────────────────┼─────────────┼─────────────┼──────────────────────────────────────────────────────────────────┤
 | 0x0000000000000247 | 27          | 26          | 0 0 0 0 1 1 0 0 0 0 1 1 1 0 0 0 0 0 1 1 1 0 0 0 0 0 1 1 1 0 0 0  |
 ├────────────────────┼─────────────┼─────────────┼──────────────────────────────────────────────────────────────────┤
 | 0x0000000000000253 | 31          | 22          | 0 0 0 0 1 1 0 0 0 0 0 0 0 1 1 0 0 0 0 0 0 0 1 1 0 0 0 0 0 0 0 1  |
 ├────────────────────┼─────────────┼─────────────┼──────────────────────────────────────────────────────────────────┤
 | 0x0000000000000248 | 28          | 21          | 0 0 0 0 1 0 0 0 0 0 0 0 1 1 0 0 0 0 0 0 0 1 1 0 0 0 0 0 1 0 0 0  |
 ├────────────────────┼─────────────┼─────────────┼──────────────────────────────────────────────────────────────────┤
 | 0x0000000000000227 | 2           | 3           | 0 0 1 1 0 0 0 0 0 0 0 1 0 0 0 0 0 0 0 0 0 0 0 0 0 0 0 0 0 0 0 0  |
 ├────────────────────┼─────────────┼─────────────┼──────────────────────────────────────────────────────────────────┤
 | 0x0000000000000244 | 31          | 26          | 0 0 0 1 1 1 0 0 0 0 1 1 0 0 0 0 0 1 1 0 0 0 0 1 1 1 1 0 0 0 0 1  |
 ├────────────────────┼─────────────┼─────────────┼──────────────────────────────────────────────────────────────────┤
 | 0x000000000000023a | 31          | 25          | 0 0 0 0 1 1 0 0 0 0 0 1 1 0 0 0 0 1 1 0 0 0 0 0 1 1 0 0 0 0 0 1  |
 ├────────────────────┼─────────────┼─────────────┼──────────────────────────────────────────────────────────────────┤
 | 0x000000000000024d | 27          | 26          | 0 0 0 1 1 1 0 0 0 0 0 1 1 0 0 0 0 0 1 1 1 0 0 0 0 0 1 1 0 0 0 0  |
 ├────────────────────┼─────────────┼─────────────┼──────────────────────────────────────────────────────────────────┤
 | 0x000000000000025c | 14          | 4           | 0 0 0 1 1 0 0 0 0 0 0 0 0 0 1 0 0 0 0 0 0 0 0 0 0 0 0 0 0 0 0 0  |
 ├────────────────────┼─────────────┼─────────────┼──────────────────────────────────────────────────────────────────┤
 | 0x000000000000025a | 31          | 17          | 0 0 0 0 0 0 0 0 0 0 0 0 0 0 0 0 0 1 0 0 0 0 0 0 0 0 0 0 0 0 0 1  |
 ├────────────────────┼─────────────┼─────────────┼──────────────────────────────────────────────────────────────────┤
 | 0x0000000000000241 | 26          | 25          | 0 0 0 1 1 1 1 0 0 0 0 1 1 1 0 0 0 0 1 1 0 0 0 0 0 1 1 0 0 0 0 0  |
 ├────────────────────┼─────────────┼─────────────┼──────────────────────────────────────────────────────────────────┤
 | 0x000000000000023f | 30          | 29          | 0 1 1 0 0 0 0 0 1 1 1 0 0 0 0 1 1 1 0 0 0 0 1 0 0 0 0 0 0 1 1 0  |
 ├────────────────────┼─────────────┼─────────────┼──────────────────────────────────────────────────────────────────┤
 | 0x0000000000000242 | 23          | 22          | 0 0 0 1 1 0 0 0 0 1 1 0 0 0 0 0 1 0 0 0 0 0 1 1 0 0 0 0 0 0 0 0  |
 ├────────────────────┼─────────────┼─────────────┼──────────────────────────────────────────────────────────────────┤
 | 0x000000000000023c | 17          | 9           | 0 0 1 0 0 0 0 0 1 1 0 0 0 0 0 0 0 1 0 0 0 0 0 0 0 0 0 0 0 0 0 0  |
 ├────────────────────┼─────────────┼─────────────┼──────────────────────────────────────────────────────────────────┤
 | 0x0000000000000239 | 28          | 29          | 1 0 0 0 0 0 0 1 1 0 0 0 0 0 1 1 0 0 0 0 0 1 1 1 0 0 0 1 1 1 0 0  |
 └────────────────────┴─────────────┴─────────────┴──────────────────────────────────────────────────────────────────┘
Accumulation table end
Offset pattern table begin
 ┌────────────────────┬─────────────┬──────────────────────────────────────────────────────────────────────────────────────┐
 | Key                | Second      | Pattern                                                                              |
 ├────────────────────┼─────────────┼──────────────────────────────────────────────────────────────────────────────────────┤
 | 0x0000000000000000 | 27          | 24 4 1 11 15 14 4 5 3 11 12 13 2 0 15 14 12 11 0 4 5 8 14 12 2 2 5 17 15 4 0 4       |
 ├────────────────────┼─────────────┼──────────────────────────────────────────────────────────────────────────────────────┤
 | 0x0000000000000001 | 27          | 26 17 10 0 0 4 0 6 6 14 14 3 0 5 6 10 4 14 16 15 4 5 0 0 5 5 10 10 1 1 0 6           |
 ├────────────────────┼─────────────┼──────────────────────────────────────────────────────────────────────────────────────┤
 | 0x0000000000000002 | 11          | 30 7 1 1 0 5 6 5 9 11 1 0 0 6 3 1 2 13 16 5 0 0 0 5 5 8 8 0 5 6 6 13                 |
 ├────────────────────┼─────────────┼──────────────────────────────────────────────────────────────────────────────────────┤
 | 0x0000000000000003 | 27          | 29 2 0 0 19 22 2 2 0 19 21 20 2 1 0 1 1 3 21 21 1 0 0 0 21 23 22 1 0 21 0 23         |
 ├────────────────────┼─────────────┼──────────────────────────────────────────────────────────────────────────────────────┤
 | 0x0000000000000004 | 3           | 22 1 0 9 9 9 10 1 0 0 0 0 0 0 1 0 0 0 0 0 0 0 0 0 1 0 0 0 9 0 0 20                   |
 ├────────────────────┼─────────────┼──────────────────────────────────────────────────────────────────────────────────────┤
 | 0x0000000000000005 | 4           | 26 15 5 1 1 0 2 10 9 8 0 0 0 2 10 9 8 0 0 0 3 10 9 0 0 0 0 3 0 2 8 7                 |
 ├────────────────────┼─────────────┼──────────────────────────────────────────────────────────────────────────────────────┤
 | 0x0000000000000006 | 7           | 17 13 0 0 0 0 0 0 0 0 0 0 0 0 0 1 0 0 0 0 0 0 0 0 0 0 0 0 0 0 0 1                    |
 ├────────────────────┼─────────────┼──────────────────────────────────────────────────────────────────────────────────────┤
 | 0x0000000000000007 | 6           | 17 9 1 1 1 0 0 0 0 0 0 0 0 1 0 0 0 6 0 0 1 0 0 0 0 1 0 0 0 1 3 4                     |
 ├────────────────────┼─────────────┼──────────────────────────────────────────────────────────────────────────────────────┤
 | 0x0000000000000008 | 10          | 29 26 3 0 0 0 25 25 3 0 0 3 3 22 22 0 0 0 3 3 22 22 0 3 22 22 0 0 0 0 21 22          |
 ├────────────────────┼─────────────┼──────────────────────────────────────────────────────────────────────────────────────┤
 | 0x0000000000000009 | 8           | 26 8 0 0 13 13 0 0 0 13 13 0 0 0 0 2 0 0 13 13 0 0 0 7 0 0 20 13 0 0 7 21            |
 ├────────────────────┼─────────────┼──────────────────────────────────────────────────────────────────────────────────────┤
 | 0x000000000000000a | 8           | 21 3 1 0 5 0 1 0 4 0 0 0 0 0 0 0 0 0 0 0 0 0 0 0 0 1 0 0 1 1 4 3                     |
 ├────────────────────┼─────────────┼──────────────────────────────────────────────────────────────────────────────────────┤
 | 0x000000000000000b | 3           | 17 0 0 3 3 3 3 3 3 4 0 3 3 0 0 0 6 6 0 0 0 5 5 6 8 3 3 1 0 1 5 3                     |
 ├────────────────────┼─────────────┼──────────────────────────────────────────────────────────────────────────────────────┤
 | 0x000000000000000c | 6           | 17 5 0 0 0 0 5 4 0 0 0 0 0 5 5 0 0 0 0 0 0 0 0 4 4 14 14 0 0 0 0 5                   |
 ├────────────────────┼─────────────┼──────────────────────────────────────────────────────────────────────────────────────┤
 | 0x000000000000000d | 12          | 18 4 3 0 0 0 0 0 0 0 0 0 0 0 0 3 0 0 0 0 0 0 0 0 0 1 2 0 0 2 4 8                     |
 ├────────────────────┼─────────────┼──────────────────────────────────────────────────────────────────────────────────────┤
 | 0x000000000000000e | 15          | 26 8 1 0 0 1 2 2 0 0 0 1 1 0 0 0 1 1 0 1 2 12 12 0 0 1 2 1 0 0 1 7                   |
 ├────────────────────┼─────────────┼──────────────────────────────────────────────────────────────────────────────────────┤
 | 0x000000000000000f | 16          | 17 3 1 1 0 0 0 0 0 0 0 0 0 0 0 0 0 0 0 0 0 0 0 0 1 0 0 2 1 2 5 3                     |
 ├────────────────────┼─────────────┼──────────────────────────────────────────────────────────────────────────────────────┤
 | 0x0000000000000010 | 14          | 12 4 0 1 1 0 0 0 1 0 0 0 0 0 0 0 1 1 0 0 0 0 0 0 0 0 0 0 0 0 3 3                     |
 ├────────────────────┼─────────────┼──────────────────────────────────────────────────────────────────────────────────────┤
 | 0x0000000000000011 | 9           | 26 9 7 7 7 0 0 7 0 0 0 0 0 0 0 0 0 5 0 0 0 0 0 5 5 0 0 0 0 0 0 10                    |
 ├────────────────────┼─────────────┼──────────────────────────────────────────────────────────────────────────────────────┤
 | 0x0000000000000012 | 12          | 20 12 7 2 0 0 2 0 0 0 0 0 0 0 0 0 0 0 10 10 10 0 0 0 0 10 10 0 0 0 1 3               |
 ├────────────────────┼─────────────┼──────────────────────────────────────────────────────────────────────────────────────┤
 | 0x0000000000000013 | 12          | 21 10 0 0 0 0 0 0 0 0 0 0 0 9 9 0 10 10 9 9 9 9 0 0 10 19 9 0 9 0 0 0                |
 ├────────────────────┼─────────────┼──────────────────────────────────────────────────────────────────────────────────────┤
 | 0x0000000000000014 | 11          | 23 4 3 0 0 0 0 0 0 0 0 0 1 1 17 0 0 1 1 1 1 0 0 17 1 1 0 1 0 0 0 2                   |
 ├────────────────────┼─────────────┼──────────────────────────────────────────────────────────────────────────────────────┤
 | 0x0000000000000015 | 22          | 21 11 0 0 0 0 5 5 0 0 0 6 7 7 5 7 0 7 0 0 5 11 7 6 0 0 5 7 7 7 0 7                   |
 ├────────────────────┼─────────────┼──────────────────────────────────────────────────────────────────────────────────────┤
 | 0x0000000000000016 | 21          | 15 3 2 1 1 0 0 1 0 0 0 0 0 0 0 0 0 0 0 0 0 0 0 1 0 0 0 0 0 1 4 5                     |
 ├────────────────────┼─────────────┼──────────────────────────────────────────────────────────────────────────────────────┤
 | 0x0000000000000017 | 24          | 17 3 0 0 0 0 1 0 0 3 0 5 4 3 3 3 0 1 4 4 0 0 0 4 4 4 0 0 0 0 0 5                     |
 ├────────────────────┼─────────────┼──────────────────────────────────────────────────────────────────────────────────────┤
 | 0x0000000000000018 | 8           | 21 13 0 0 0 0 0 0 0 0 1 0 0 0 0 5 7 8 0 0 0 0 0 0 0 1 0 0 0 0 0 0                    |
 ├────────────────────┼─────────────┼──────────────────────────────────────────────────────────────────────────────────────┤
 | 0x0000000000000019 | 26          | 28 17 13 2 0 0 0 2 2 0 0 0 0 0 0 2 2 2 0 0 0 12 2 2 0 0 2 2 12 11 0 0                |
 ├────────────────────┼─────────────┼──────────────────────────────────────────────────────────────────────────────────────┤
 | 0x000000000000001a | 25          | 30 21 13 0 0 6 21 7 0 3 13 21 21 7 7 7 6 13 21 10 7 0 7 7 14 21 14 15 7 0 0 10       |
 ├────────────────────┼─────────────┼──────────────────────────────────────────────────────────────────────────────────────┤
 | 0x000000000000001b | 28          | 16 10 2 0 0 3 7 5 6 4 3 1 1 6 2 6 7 3 2 4 3 1 0 6 9 11 1 0 0 0 1 9                   |
 ├────────────────────┼─────────────┼──────────────────────────────────────────────────────────────────────────────────────┤
 | 0x000000000000001c | 19          | 31 16 3 3 6 7 9 10 13 10 3 6 13 8 11 6 6 6 10 11 3 3 3 6 17 17 10 2 0 0 1 10         |
 ├────────────────────┼─────────────┼──────────────────────────────────────────────────────────────────────────────────────┤
 | 0x000000000000001d | 30          | 24 17 0 10 6 8 8 0 0 2 6 11 11 8 7 7 0 2 6 9 0 0 0 3 6 10 4 4 4 0 0 7                |
 ├────────────────────┼─────────────┼──────────────────────────────────────────────────────────────────────────────────────┤
 | 0x000000000000001e | 29          | 24 10 5 15 9 4 0 0 0 4 9 9 4 0 0 5 5 9 9 4 0 4 4 4 4 0 0 4 5 0 1 11                  |
 ├────────────────────┼─────────────┼──────────────────────────────────────────────────────────────────────────────────────┤
 | 0x000000000000001f | 25          | 25 7 0 3 10 21 21 4 4 7 10 14 10 10 6 17 11 14 13 6 11 11 7 10 13 13 10 11 14 3 0 0  |
 └────────────────────┴─────────────┴──────────────────────────────────────────────────────────────────────────────────────┘
Offset pattern table end
PC pattern table begin
 ┌────────────────────┬─────────────┬───────────────────────────────────────────────┐
 | Key                | Second      | Pattern                                       |
 ├────────────────────┼─────────────┼───────────────────────────────────────────────┤
 | 0x0000000000000000 | 23          | 17 11 10 0 10 0 0 0 0 0 0 0 0 0 0 4           |
 ├────────────────────┼─────────────┼───────────────────────────────────────────────┤
 | 0x0000000000000001 | 24          | 22 5 2 8 8 5 5 7 5 6 6 5 4 6 6 6              |
 ├────────────────────┼─────────────┼───────────────────────────────────────────────┤
 | 0x0000000000000002 | 24          | 7 0 0 0 0 0 0 0 0 0 0 0 0 0 0 2               |
 ├────────────────────┼─────────────┼───────────────────────────────────────────────┤
 | 0x0000000000000004 | 8           | 29 5 1 0 0 0 0 0 0 0 0 0 0 0 1 15             |
 ├────────────────────┼─────────────┼───────────────────────────────────────────────┤
 | 0x0000000000000005 | 19          | 24 17 0 15 3 0 0 0 0 0 0 0 0 0 1 21           |
 ├────────────────────┼─────────────┼───────────────────────────────────────────────┤
 | 0x0000000000000006 | 24          | 17 4 0 0 0 0 0 0 0 0 0 0 0 0 1 5              |
 ├────────────────────┼─────────────┼───────────────────────────────────────────────┤
 | 0x0000000000000007 | 18          | 6 6 6 0 6 0 0 0 0 0 0 0 0 0 0 0               |
 ├────────────────────┼─────────────┼───────────────────────────────────────────────┤
 | 0x0000000000000008 | 11          | 3 1 0 1 1 0 1 2 0 0 1 0 1 1 0 2               |
 ├────────────────────┼─────────────┼───────────────────────────────────────────────┤
 | 0x0000000000000009 | 8           | 19 15 0 0 0 0 0 18 18 0 0 0 0 0 0 0           |
 ├────────────────────┼─────────────┼───────────────────────────────────────────────┤
 | 0x000000000000000a | 13          | 20 1 0 0 0 3 0 0 2 1 1 0 0 1 1 0              |
 ├────────────────────┼─────────────┼───────────────────────────────────────────────┤
 | 0x000000000000000b | 25          | 24 10 5 10 4 6 10 9 6 13 8 4 12 13 5 7        |
 ├────────────────────┼─────────────┼───────────────────────────────────────────────┤
 | 0x000000000000000c | 19          | 17 5 0 2 2 11 14 2 11 11 14 14 0 0 14 2       |
 ├────────────────────┼─────────────┼───────────────────────────────────────────────┤
 | 0x000000000000000e | 24          | 19 0 0 0 0 0 0 0 0 0 0 0 0 0 0 1              |
 ├────────────────────┼─────────────┼───────────────────────────────────────────────┤
 | 0x000000000000000f | 24          | 1 1 0 1 0 0 0 0 0 0 0 0 0 0 0 1               |
 ├────────────────────┼─────────────┼───────────────────────────────────────────────┤
 | 0x0000000000000010 | 21          | 16 9 5 4 0 0 0 0 0 0 0 0 0 0 0 0              |
 ├────────────────────┼─────────────┼───────────────────────────────────────────────┤
 | 0x0000000000000011 | 25          | 26 16 0 0 0 0 0 0 0 0 0 0 0 0 1 4             |
 ├────────────────────┼─────────────┼───────────────────────────────────────────────┤
 | 0x0000000000000013 | 27          | 16 12 0 0 1 12 0 0 0 12 12 0 0 12 12 2        |
 ├────────────────────┼─────────────┼───────────────────────────────────────────────┤
 | 0x0000000000000014 | 4           | 12 1 0 0 0 0 0 0 0 0 0 0 0 0 2 12             |
 ├────────────────────┼─────────────┼───────────────────────────────────────────────┤
 | 0x0000000000000015 | 12          | 8 1 0 1 0 0 0 0 3 0 0 0 0 0 0 1               |
 ├────────────────────┼─────────────┼───────────────────────────────────────────────┤
 | 0x0000000000000016 | 13          | 18 5 6 5 2 0 5 2 7 4 2 4 5 5 0 7              |
 ├────────────────────┼─────────────┼───────────────────────────────────────────────┤
 | 0x0000000000000017 | 22          | 20 10 6 6 2 4 5 4 7 5 4 2 9 6 3 2             |
 ├────────────────────┼─────────────┼───────────────────────────────────────────────┤
 | 0x0000000000000018 | 13          | 3 0 0 0 0 0 0 0 0 0 0 2 0 0 2 2               |
 ├────────────────────┼─────────────┼───────────────────────────────────────────────┤
 | 0x0000000000000019 | 6           | 10 1 0 2 0 0 0 0 0 1 0 0 2 2 1 0              |
 ├────────────────────┼─────────────┼───────────────────────────────────────────────┤
 | 0x000000000000001a | 3           | 28 1 2 3 6 4 2 4 12 10 1 2 14 8 3 8           |
 ├────────────────────┼─────────────┼───────────────────────────────────────────────┤
 | 0x000000000000001b | 16          | 14 0 0 0 0 0 0 0 0 0 0 0 0 0 3 9              |
 ├────────────────────┼─────────────┼───────────────────────────────────────────────┤
 | 0x000000000000001c | 5           | 31 23 1 0 1 1 0 0 0 0 0 0 0 1 0 5             |
 ├────────────────────┼─────────────┼───────────────────────────────────────────────┤
 | 0x000000000000001d | 27          | 17 14 14 15 14 0 14 14 14 14 14 14 14 0 0 15  |
 └────────────────────┴─────────────┴───────────────────────────────────────────────┘
PC pattern table end
Prefetch buffer begin
 ┌────────────────────┬──────────────────────────────────────────────────────────────────┐
 | Region             | Pattern                                                          |
 ├────────────────────┼──────────────────────────────────────────────────────────────────┤
 | 0x0000000000000451 | 0 0 0 0 0 0 0 0 0 0 0 0 0 0 0 0 0 0 0 0 0 0 0 2 0 0 2 1 1 0 0 0  |
 ├────────────────────┼──────────────────────────────────────────────────────────────────┤
 | 0x0000000000000365 | 0 0 0 0 0 0 0 0 0 0 0 0 0 0 0 0 0 0 0 0 0 0 1 0 0 0 0 1 1 1 0 0  |
 ├────────────────────┼──────────────────────────────────────────────────────────────────┤
 | 0x0000000000000423 | 2 2 2 0 0 0 0 0 0 0 0 0 0 0 0 0 0 0 0 0 0 0 0 0 0 0 0 0 0 0 0 0  |
 ├────────────────────┼──────────────────────────────────────────────────────────────────┤
 | 0x0000000000000438 | 1 2 0 2 2 1 1 2 2 0 0 0 0 0 0 0 0 0 0 0 0 0 0 0 0 0 0 0 0 0 0 0  |
 ├────────────────────┼──────────────────────────────────────────────────────────────────┤
 | 0x0000000000000380 | 2 1 2 2 0 0 0 2 2 2 2 0 0 2 2 2 2 2 0 2 2 2 2 0 0 2 2 0 0 1 0 2  |
 ├────────────────────┼──────────────────────────────────────────────────────────────────┤
 | 0x0000000000000455 | 2 2 2 2 2 2 0 0 0 0 0 0 0 0 0 0 0 0 0 0 0 0 0 0 0 0 0 0 0 0 0 0  |
 ├────────────────────┼──────────────────────────────────────────────────────────────────┤
 | 0x0000000000000450 | 1 2 0 0 2 1 1 2 2 2 0 2 1 2 2 0 2 0 0 0 0 0 0 0 0 0 0 0 0 0 0 0  |
 ├────────────────────┼──────────────────────────────────────────────────────────────────┤
 | 0x00000000000002f6 | 0 2 0 2 0 0 0 2 2 2 2 2 0 0 0 2 0 0 0 2 1 2 0 0 0 2 2 2 2 0 2 2  |
 ├────────────────────┼──────────────────────────────────────────────────────────────────┤
 | 0x0000000000000331 | 0 0 0 0 0 0 0 0 0 0 0 0 0 0 0 0 0 0 0 0 2 2 0 2 2 0 0 0 0 0 0 0  |
 ├────────────────────┼──────────────────────────────────────────────────────────────────┤
 | 0x000000000000032a | 2 1 2 0 0 0 0 0 2 2 2 0 0 2 2 2 2 2 0 0 0 0 2 0 0 0 0 0 0 1 0 2  |
 ├────────────────────┼──────────────────────────────────────────────────────────────────┤
 | 0x000000000000044e | 2 0 0 0 0 0 0 0 0 0 0 0 0 0 0 0 0 0 0 0 0 0 2 2 0 0 0 2 2 0 0 0  |
 ├────────────────────┼──────────────────────────────────────────────────────────────────┤
 | 0x00000000000002f0 | 2 2 0 0 0 0 0 0 0 0 0 0 0 0 0 0 0 0 0 0 0 0 2 2 0 0 0 2 2 0 0 0  |
 ├────────────────────┼──────────────────────────────────────────────────────────────────┤
 | 0x0000000000000383 | 0 0 0 0 0 0 0 0 0 0 0 0 0 0 0 0 0 0 0 0 0 0 2 0 0 2 2 2 2 0 0 0  |
 ├────────────────────┼──────────────────────────────────────────────────────────────────┤
 | 0x0000000000000403 | 0 0 0 0 0 0 0 0 0 0 0 0 0 0 0 0 0 0 0 0 0 0 0 0 0 0 0 0 0 0 2 2  |
 ├────────────────────┼──────────────────────────────────────────────────────────────────┤
 | 0x0000000000000282 | 0 0 0 0 0 0 0 0 0 0 0 0 0 0 0 1 2 2 0 2 2 2 1 2 0 0 2 1 1 2 0 2  |
 ├────────────────────┼──────────────────────────────────────────────────────────────────┤
 | 0x00000000000002af | 0 0 0 0 0 0 0 0 0 0 0 0 0 0 0 0 0 0 0 0 0 0 0 0 0 0 0 0 0 1 0 0  |
 ├────────────────────┼──────────────────────────────────────────────────────────────────┤
 | 0x0000000000000222 | 2 2 2 2 0 0 0 0 0 0 0 0 0 0 0 0 0 0 0 0 0 0 0 0 0 0 0 0 0 0 0 0  |
 ├────────────────────┼──────────────────────────────────────────────────────────────────┤
 | 0x000000000000024a | 2 2 0 0 0 0 0 0 0 0 0 0 0 0 0 0 0 0 0 0 0 0 0 0 0 0 0 0 0 0 0 0  |
 ├────────────────────┼──────────────────────────────────────────────────────────────────┤
 | 0x00000000000003b1 | 2 2 2 2 2 2 0 0 0 0 0 0 0 0 2 2 2 2 2 2 2 0 2 2 0 0 0 2 2 0 0 0  |
 ├────────────────────┼──────────────────────────────────────────────────────────────────┤
 | 0x0000000000000452 | 2 2 2 2 0 0 0 0 0 0 0 0 0 0 0 0 0 0 0 0 0 0 0 0 0 0 0 0 0 0 0 0  |
 ├────────────────────┼──────────────────────────────────────────────────────────────────┤
 | 0x000000000000028c | 2 2 2 2 0 0 0 0 0 0 0 0 0 0 0 0 0 0 0 2 2 0 2 2 0 0 0 2 2 0 0 0  |
 ├────────────────────┼──────────────────────────────────────────────────────────────────┤
 | 0x00000000000003b4 | 0 0 0 0 0 0 0 0 0 0 0 0 0 0 0 0 0 0 0 0 0 0 0 0 0 0 0 0 0 0 0 2  |
 └────────────────────┴──────────────────────────────────────────────────────────────────┘
Prefetch buffer end
Filter by PPT: 0
cpu0_L2C
Num Con Filled: 0
Num Con Useful: 0 Useless:0 Accuracy: nan
LLC
