41 41 41
Available num physical pages: 35184372088576
WARNING: physical memory size is smaller than virtual memory size

*** ChampSim Multicore Out-of-Order Simulator ***

Warmup Instructions: 5000000
Simulation Instructions: 200000000
Number of CPUs: 1
Page size: 4096

Basic BTB sets: 1024 ways: 8 indirect buffer size: 4096 RAS size: 64
cpu0_L1D PMP prefetcher
Off-chip DRAM Size: 4 GiB Channels: 1 Width: 64-bit Data Rate: 3200 MT/s
Max paddr 25M
Warmup finished CPU 0 instructions: 5000003 cycles: 1561921 cumulative IPC: 3.20119 (Simulation time: 0 hr 5 min 4 sec) 

Warmup complete CPU 0 instructions: 5000003 cycles: 1561921 (Simulation time: 0 hr 5 min 4 sec) 

Heartbeat CPU 0 instructions: 10000000 cycles: 5921034 heartbeat IPC: 1.6889 cumulative IPC: 1.14703 (Simulation time: 0 hr 13 min 43 sec) 
Heartbeat CPU 0 instructions: 20000002 cycles: 13616064 heartbeat IPC: 1.29955 cumulative IPC: 1.24439 (Simulation time: 0 hr 30 min 27 sec) 
Heartbeat CPU 0 instructions: 30000000 cycles: 21265298 heartbeat IPC: 1.30733 cumulative IPC: 1.26882 (Simulation time: 0 hr 47 min 15 sec) 
Heartbeat CPU 0 instructions: 40000003 cycles: 28908220 heartbeat IPC: 1.30841 cumulative IPC: 1.27989 (Simulation time: 1 hr 3 min 29 sec) 
Heartbeat CPU 0 instructions: 50000001 cycles: 55178734 heartbeat IPC: 0.380655 cumulative IPC: 0.839289 (Simulation time: 1 hr 48 min 53 sec) 
Heartbeat CPU 0 instructions: 60000001 cycles: 101532667 heartbeat IPC: 0.215732 cumulative IPC: 0.550161 (Simulation time: 2 hr 36 min 39 sec) 
Heartbeat CPU 0 instructions: 70000001 cycles: 110539992 heartbeat IPC: 1.11021 cumulative IPC: 0.596451 (Simulation time: 2 hr 43 min 40 sec) 
Heartbeat CPU 0 instructions: 80000001 cycles: 119535504 heartbeat IPC: 1.11167 cumulative IPC: 0.635736 (Simulation time: 2 hr 49 min 57 sec) 
Heartbeat CPU 0 instructions: 90000004 cycles: 128513101 heartbeat IPC: 1.11389 cumulative IPC: 0.669549 (Simulation time: 2 hr 55 min 44 sec) 
Heartbeat CPU 0 instructions: 100000000 cycles: 137498644 heartbeat IPC: 1.1129 cumulative IPC: 0.698855 (Simulation time: 3 hr 1 min 11 sec) 
Heartbeat CPU 0 instructions: 110000003 cycles: 146502512 heartbeat IPC: 1.11064 cumulative IPC: 0.724435 (Simulation time: 3 hr 5 min 57 sec) 
Heartbeat CPU 0 instructions: 120000000 cycles: 155546451 heartbeat IPC: 1.10572 cumulative IPC: 0.746829 (Simulation time: 3 hr 10 min 2 sec) 
Heartbeat CPU 0 instructions: 130000002 cycles: 164537301 heartbeat IPC: 1.11225 cumulative IPC: 0.766988 (Simulation time: 3 hr 13 min 38 sec) 
Heartbeat CPU 0 instructions: 140000000 cycles: 173520603 heartbeat IPC: 1.11318 cumulative IPC: 0.785073 (Simulation time: 3 hr 16 min 37 sec) 
Heartbeat CPU 0 instructions: 150000002 cycles: 182513246 heartbeat IPC: 1.11203 cumulative IPC: 0.801321 (Simulation time: 3 hr 19 min 20 sec) 
Heartbeat CPU 0 instructions: 160000000 cycles: 190719560 heartbeat IPC: 1.21858 cumulative IPC: 0.819423 (Simulation time: 3 hr 21 min 37 sec) 
Heartbeat CPU 0 instructions: 170000004 cycles: 198976770 heartbeat IPC: 1.21107 cumulative IPC: 0.835804 (Simulation time: 3 hr 23 min 39 sec) 
Heartbeat CPU 0 instructions: 180000003 cycles: 207180707 heartbeat IPC: 1.21893 cumulative IPC: 0.85109 (Simulation time: 3 hr 25 min 32 sec) 
Heartbeat CPU 0 instructions: 190000003 cycles: 215408273 heartbeat IPC: 1.21543 cumulative IPC: 0.865108 (Simulation time: 3 hr 27 min 12 sec) 
Heartbeat CPU 0 instructions: 200000002 cycles: 223904932 heartbeat IPC: 1.17694 cumulative IPC: 0.877024 (Simulation time: 3 hr 28 min 44 sec) 
Max paddr 624M
Simulation finished CPU 0 instructions: 200000002 cycles: 224680114 cumulative IPC: 0.890155 (Simulation time: 3 hr 29 min 15 sec) 

Simulation complete CPU 0 instructions: 200000002 cycles: 224680114 (Simulation time: 3 hr 29 min 15 sec) 


ChampSim completed all CPUs

[
  {
    "name": "Simulation",
    "traces": [
      "../traces/459.GemsFDTD-765B.champsimtrace.xz"
    ],
    "roi": {
      "cores": [
        {
          "instructions": 200000002,
          "cycles": 224680114,
          "Avg ROB occupancy at mispredict": 351.207, 
          "mispredict": {
            "BRANCH_DIRECT_JUMP": 8,
            "BRANCH_INDIRECT": 0,
            "BRANCH_CONDITIONAL": 73581,
            "BRANCH_DIRECT_CALL": 0,
            "BRANCH_INDIRECT_CALL": 0,
            "BRANCH_RETURN": 0
          }
        }
      ],
      "cpu0_L1I": {
        "LOAD": {
          "hit":18,
          "miss":302
        },
        "RFO": {
          "hit":0,
          "miss":0
        },
        "PREFETCH": {
          "hit":0,
          "miss":0
        },
        "WRITE": {
          "hit":0,
          "miss":0
        },
        "TRANSLATION": {
          "hit":0,
          "miss":0
        },
        "mshr full": 0,
        "prefetch requested": 0,
        "prefetch issued": 0,
        "prefetch filled": 0,
        "prefetch useful": 0,
        "prefetch useless": 0,
        "prefetch late": 0,
        "pf_useful_at_l2_from_l1":          0,
        "pf_late_at_l2_from_l1":          0,
        "pf_useless_at_l2_from_l1":          0,
        "pf_at_l2_to_l1":          0,
        "pf_fill_this_level":          0,
        "miss latency": 16.5077,
        "cache queues": {
          "PQ_ACCESS": 0,
          "PQ_FULL": 0,
          "PQ_TO_CACHE": 0,
          "PQ_MERGED": 0,
          "RQ_ACCESS": 320,
          "RQ_MERGED": 0,
          "RQ_FULL": 0,
          "WQ_ACCESS": 0,
          "WQ_MERGED": 0,
          "WQ_FULL": 0
        }
      },
      "cpu0_ITLB": {
        "LOAD": {
          "hit":252,
          "miss":22
        },
        "RFO": {
          "hit":0,
          "miss":0
        },
        "PREFETCH": {
          "hit":0,
          "miss":0
        },
        "WRITE": {
          "hit":0,
          "miss":0
        },
        "TRANSLATION": {
          "hit":0,
          "miss":0
        },
        "mshr full": 0,
        "prefetch requested": 0,
        "prefetch issued": 0,
        "prefetch filled": 0,
        "prefetch useful": 0,
        "prefetch useless": 0,
        "prefetch late": 0,
        "pf_useful_at_l2_from_l1":          0,
        "pf_late_at_l2_from_l1":          0,
        "pf_useless_at_l2_from_l1":          0,
        "pf_at_l2_to_l1":          0,
        "pf_fill_this_level":          0,
        "miss latency": 11.8523,
        "cache queues": {
          "PQ_ACCESS": 0,
          "PQ_FULL": 0,
          "PQ_TO_CACHE": 0,
          "PQ_MERGED": 0,
          "RQ_ACCESS": 274,
          "RQ_MERGED": 0,
          "RQ_FULL": 0,
          "WQ_ACCESS": 0,
          "WQ_MERGED": 0,
          "WQ_FULL": 0
        }
      },
      "cpu0_DTLB": {
        "LOAD": {
          "hit":116492398,
          "miss":908150
        },
        "RFO": {
          "hit":0,
          "miss":0
        },
        "PREFETCH": {
          "hit":0,
          "miss":0
        },
        "WRITE": {
          "hit":0,
          "miss":0
        },
        "TRANSLATION": {
          "hit":0,
          "miss":0
        },
        "mshr full": 65194,
        "prefetch requested": 0,
        "prefetch issued": 0,
        "prefetch filled": 0,
        "prefetch useful": 0,
        "prefetch useless": 0,
        "prefetch late": 0,
        "pf_useful_at_l2_from_l1":          0,
        "pf_late_at_l2_from_l1":          0,
        "pf_useless_at_l2_from_l1":          0,
        "pf_at_l2_to_l1":          0,
        "pf_fill_this_level":          0,
        "miss latency": 5.43848,
        "cache queues": {
          "PQ_ACCESS": 0,
          "PQ_FULL": 0,
          "PQ_TO_CACHE": 0,
          "PQ_MERGED": 0,
          "RQ_ACCESS": 169593455,
          "RQ_MERGED": 0,
          "RQ_FULL": 52192909,
          "WQ_ACCESS": 0,
          "WQ_MERGED": 0,
          "WQ_FULL": 0
        }
      },
      "cpu0_STLB": {
        "LOAD": {
          "hit":164599,
          "miss":387348
        },
        "RFO": {
          "hit":0,
          "miss":0
        },
        "PREFETCH": {
          "hit":0,
          "miss":0
        },
        "WRITE": {
          "hit":0,
          "miss":0
        },
        "TRANSLATION": {
          "hit":0,
          "miss":0
        },
        "mshr full": 0,
        "prefetch requested": 0,
        "prefetch issued": 0,
        "prefetch filled": 0,
        "prefetch useful": 0,
        "prefetch useless": 0,
        "prefetch late": 0,
        "pf_useful_at_l2_from_l1":          0,
        "pf_late_at_l2_from_l1":          0,
        "pf_useless_at_l2_from_l1":          0,
        "pf_at_l2_to_l1":          0,
        "pf_fill_this_level":          0,
        "miss latency": 11.9726,
        "cache queues": {
          "PQ_ACCESS": 0,
          "PQ_FULL": 0,
          "PQ_TO_CACHE": 0,
          "PQ_MERGED": 0,
          "RQ_ACCESS": 551947,
          "RQ_MERGED": 0,
          "RQ_FULL": 0,
          "WQ_ACCESS": 0,
          "WQ_MERGED": 0,
          "WQ_FULL": 0
        }
      },
      "cpu0_L1D": {
        "LOAD": {
          "hit":106748171,
          "miss":3691434
        },
        "RFO": {
          "hit":0,
          "miss":0
        },
        "PREFETCH": {
          "hit":138514,
          "miss":3239308
        },
        "WRITE": {
          "hit":14799317,
          "miss":2123
        },
        "TRANSLATION": {
          "hit":107900,
          "miss":280596
        },
        "mshr full": 31875598,
        "prefetch requested": 3378166,
        "prefetch issued": 3378166,
        "prefetch filled": 346370,
        "prefetch useful": 407372,
        "prefetch useless": 27048,
        "prefetch late": 88048,
        "pf_useful_at_l2_from_l1":          0,
        "pf_late_at_l2_from_l1":          0,
        "pf_useless_at_l2_from_l1":          0,
        "pf_at_l2_to_l1":          7,
        "pf_fill_this_level":     346305,
        "miss latency": 18.1614,
        "cache queues": {
          "PQ_ACCESS": 3378166,
          "PQ_FULL": 0,
          "PQ_TO_CACHE": 3378166,
          "PQ_MERGED": 344,
          "RQ_ACCESS": 134073970,
          "RQ_MERGED": 71747,
          "RQ_FULL": 23562661,
          "WQ_ACCESS": 14801741,
          "WQ_MERGED": 307,
          "WQ_FULL": 0
        }
      },
      "cpu0_L2C": {
        "LOAD": {
          "hit":726887,
          "miss":1322239
        },
        "RFO": {
          "hit":1020,
          "miss":8
        },
        "PREFETCH": {
          "hit":356000,
          "miss":2822445
        },
        "WRITE": {
          "hit":1102625,
          "miss":0
        },
        "TRANSLATION": {
          "hit":238701,
          "miss":41895
        },
        "mshr full": 46480621,
        "prefetch requested": 0,
        "prefetch issued": 0,
        "prefetch filled": 2769699,
        "prefetch useful": 0,
        "prefetch useless": 0,
        "prefetch late": 0,
        "pf_useful_at_l2_from_l1":     573122,
        "pf_late_at_l2_from_l1":      48091,
        "pf_useless_at_l2_from_l1":    1838352,
        "pf_at_l2_to_l1":       9183,
        "pf_fill_this_level":    2373183,
        "miss latency": 101.646,
        "cache queues": {
          "PQ_ACCESS": 8146184,
          "PQ_FULL": 4967551,
          "PQ_TO_CACHE": 3178633,
          "PQ_MERGED": 186,
          "RQ_ACCESS": 2330803,
          "RQ_MERGED": 0,
          "RQ_FULL": 0,
          "WQ_ACCESS": 1102797,
          "WQ_MERGED": 0,
          "WQ_FULL": 0
        }
      },
      "LLC": {
        "LOAD": {
          "hit": [131660],
          "miss": [1142488]
        },
        "RFO": {
          "hit": [2],
          "miss": [6]
        },
        "PREFETCH": {
          "hit": [356687],
          "miss": [2461107]
        },
        "WRITE": {
          "hit": [1096189],
          "miss": [0]
        },
        "TRANSLATION": {
          "hit": [9300],
          "miss": [32595]
        },
        "mshr full": 0,
        "prefetch requested": 0,
        "prefetch issued": 0,
        "prefetch filled": 2461103,
        "prefetch useful": 0,
        "prefetch useless": 0,
        "prefetch late": 0,
        "pf_useful_at_l2_from_l1":          0,
        "pf_late_at_l2_from_l1":          0,
        "pf_useless_at_l2_from_l1":          0,
        "pf_at_l2_to_l1":       5126,
        "pf_fill_this_level":          0,
        "miss latency": 115.212,
        "cache queues": {
          "PQ_ACCESS": 2817794,
          "PQ_FULL": 0,
          "PQ_TO_CACHE": 2817794,
          "PQ_MERGED": 0,
          "RQ_ACCESS": 1316051,
          "RQ_MERGED": 0,
          "RQ_FULL": 0,
          "WQ_ACCESS": 1096205,
          "WQ_MERGED": 0,
          "WQ_FULL": 0
        }
      },
      "DRAM": [
        {
          "RQ ROW_BUFFER_HIT": 1674668,
          "RQ ROW_BUFFER_MISS": 1961524,
          "PQ FULL": 0,
          "WQ ROW_BUFFER_HIT": 24869,
          "WQ ROW_BUFFER_MISS": 1073096,
          "WQ FULL": 0,
          "AVG DBUS CONGESTED CYCLE": 3.96763
        }
      ]

    },
    "sim": {
      "cores": [
        {
          "instructions": 200000002,
          "cycles": 224680114,
          "Avg ROB occupancy at mispredict": 351.207, 
          "mispredict": {
            "BRANCH_DIRECT_JUMP": 8,
            "BRANCH_INDIRECT": 0,
            "BRANCH_CONDITIONAL": 73581,
            "BRANCH_DIRECT_CALL": 0,
            "BRANCH_INDIRECT_CALL": 0,
            "BRANCH_RETURN": 0
          }
        }
      ],
      "cpu0_L1I": {
        "LOAD": {
          "hit":18,
          "miss":302
        },
        "RFO": {
          "hit":0,
          "miss":0
        },
        "PREFETCH": {
          "hit":0,
          "miss":0
        },
        "WRITE": {
          "hit":0,
          "miss":0
        },
        "TRANSLATION": {
          "hit":0,
          "miss":0
        },
        "mshr full": 0,
        "prefetch requested": 0,
        "prefetch issued": 0,
        "prefetch filled": 0,
        "prefetch useful": 0,
        "prefetch useless": 0,
        "prefetch late": 0,
        "pf_useful_at_l2_from_l1":          0,
        "pf_late_at_l2_from_l1":          0,
        "pf_useless_at_l2_from_l1":          0,
        "pf_at_l2_to_l1":          0,
        "pf_fill_this_level":          0,
        "miss latency": 16.5077,
        "cache queues": {
          "PQ_ACCESS": 0,
          "PQ_FULL": 0,
          "PQ_TO_CACHE": 0,
          "PQ_MERGED": 0,
          "RQ_ACCESS": 320,
          "RQ_MERGED": 0,
          "RQ_FULL": 0,
          "WQ_ACCESS": 0,
          "WQ_MERGED": 0,
          "WQ_FULL": 0
        }
      },
      "cpu0_ITLB": {
        "LOAD": {
          "hit":252,
          "miss":22
        },
        "RFO": {
          "hit":0,
          "miss":0
        },
        "PREFETCH": {
          "hit":0,
          "miss":0
        },
        "WRITE": {
          "hit":0,
          "miss":0
        },
        "TRANSLATION": {
          "hit":0,
          "miss":0
        },
        "mshr full": 0,
        "prefetch requested": 0,
        "prefetch issued": 0,
        "prefetch filled": 0,
        "prefetch useful": 0,
        "prefetch useless": 0,
        "prefetch late": 0,
        "pf_useful_at_l2_from_l1":          0,
        "pf_late_at_l2_from_l1":          0,
        "pf_useless_at_l2_from_l1":          0,
        "pf_at_l2_to_l1":          0,
        "pf_fill_this_level":          0,
        "miss latency": 11.8523,
        "cache queues": {
          "PQ_ACCESS": 0,
          "PQ_FULL": 0,
          "PQ_TO_CACHE": 0,
          "PQ_MERGED": 0,
          "RQ_ACCESS": 274,
          "RQ_MERGED": 0,
          "RQ_FULL": 0,
          "WQ_ACCESS": 0,
          "WQ_MERGED": 0,
          "WQ_FULL": 0
        }
      },
      "cpu0_DTLB": {
        "LOAD": {
          "hit":116492398,
          "miss":908150
        },
        "RFO": {
          "hit":0,
          "miss":0
        },
        "PREFETCH": {
          "hit":0,
          "miss":0
        },
        "WRITE": {
          "hit":0,
          "miss":0
        },
        "TRANSLATION": {
          "hit":0,
          "miss":0
        },
        "mshr full": 65194,
        "prefetch requested": 0,
        "prefetch issued": 0,
        "prefetch filled": 0,
        "prefetch useful": 0,
        "prefetch useless": 0,
        "prefetch late": 0,
        "pf_useful_at_l2_from_l1":          0,
        "pf_late_at_l2_from_l1":          0,
        "pf_useless_at_l2_from_l1":          0,
        "pf_at_l2_to_l1":          0,
        "pf_fill_this_level":          0,
        "miss latency": 5.43848,
        "cache queues": {
          "PQ_ACCESS": 0,
          "PQ_FULL": 0,
          "PQ_TO_CACHE": 0,
          "PQ_MERGED": 0,
          "RQ_ACCESS": 169593455,
          "RQ_MERGED": 0,
          "RQ_FULL": 52192909,
          "WQ_ACCESS": 0,
          "WQ_MERGED": 0,
          "WQ_FULL": 0
        }
      },
      "cpu0_STLB": {
        "LOAD": {
          "hit":164599,
          "miss":387348
        },
        "RFO": {
          "hit":0,
          "miss":0
        },
        "PREFETCH": {
          "hit":0,
          "miss":0
        },
        "WRITE": {
          "hit":0,
          "miss":0
        },
        "TRANSLATION": {
          "hit":0,
          "miss":0
        },
        "mshr full": 0,
        "prefetch requested": 0,
        "prefetch issued": 0,
        "prefetch filled": 0,
        "prefetch useful": 0,
        "prefetch useless": 0,
        "prefetch late": 0,
        "pf_useful_at_l2_from_l1":          0,
        "pf_late_at_l2_from_l1":          0,
        "pf_useless_at_l2_from_l1":          0,
        "pf_at_l2_to_l1":          0,
        "pf_fill_this_level":          0,
        "miss latency": 11.9726,
        "cache queues": {
          "PQ_ACCESS": 0,
          "PQ_FULL": 0,
          "PQ_TO_CACHE": 0,
          "PQ_MERGED": 0,
          "RQ_ACCESS": 551947,
          "RQ_MERGED": 0,
          "RQ_FULL": 0,
          "WQ_ACCESS": 0,
          "WQ_MERGED": 0,
          "WQ_FULL": 0
        }
      },
      "cpu0_L1D": {
        "LOAD": {
          "hit":106748171,
          "miss":3691434
        },
        "RFO": {
          "hit":0,
          "miss":0
        },
        "PREFETCH": {
          "hit":138514,
          "miss":3239308
        },
        "WRITE": {
          "hit":14799317,
          "miss":2123
        },
        "TRANSLATION": {
          "hit":107900,
          "miss":280596
        },
        "mshr full": 31875598,
        "prefetch requested": 3378166,
        "prefetch issued": 3378166,
        "prefetch filled": 346370,
        "prefetch useful": 407372,
        "prefetch useless": 27048,
        "prefetch late": 88048,
        "pf_useful_at_l2_from_l1":          0,
        "pf_late_at_l2_from_l1":          0,
        "pf_useless_at_l2_from_l1":          0,
        "pf_at_l2_to_l1":          7,
        "pf_fill_this_level":     346305,
        "miss latency": 18.1614,
        "cache queues": {
          "PQ_ACCESS": 3378166,
          "PQ_FULL": 0,
          "PQ_TO_CACHE": 3378166,
          "PQ_MERGED": 344,
          "RQ_ACCESS": 134073970,
          "RQ_MERGED": 71747,
          "RQ_FULL": 23562661,
          "WQ_ACCESS": 14801741,
          "WQ_MERGED": 307,
          "WQ_FULL": 0
        }
      },
      "cpu0_L2C": {
        "LOAD": {
          "hit":726887,
          "miss":1322239
        },
        "RFO": {
          "hit":1020,
          "miss":8
        },
        "PREFETCH": {
          "hit":356000,
          "miss":2822445
        },
        "WRITE": {
          "hit":1102625,
          "miss":0
        },
        "TRANSLATION": {
          "hit":238701,
          "miss":41895
        },
        "mshr full": 46480621,
        "prefetch requested": 0,
        "prefetch issued": 0,
        "prefetch filled": 2769699,
        "prefetch useful": 0,
        "prefetch useless": 0,
        "prefetch late": 0,
        "pf_useful_at_l2_from_l1":     573122,
        "pf_late_at_l2_from_l1":      48091,
        "pf_useless_at_l2_from_l1":    1838352,
        "pf_at_l2_to_l1":       9183,
        "pf_fill_this_level":    2373183,
        "miss latency": 101.646,
        "cache queues": {
          "PQ_ACCESS": 8146184,
          "PQ_FULL": 4967551,
          "PQ_TO_CACHE": 3178633,
          "PQ_MERGED": 186,
          "RQ_ACCESS": 2330803,
          "RQ_MERGED": 0,
          "RQ_FULL": 0,
          "WQ_ACCESS": 1102797,
          "WQ_MERGED": 0,
          "WQ_FULL": 0
        }
      },
      "LLC": {
        "LOAD": {
          "hit": [131660],
          "miss": [1142488]
        },
        "RFO": {
          "hit": [2],
          "miss": [6]
        },
        "PREFETCH": {
          "hit": [356687],
          "miss": [2461107]
        },
        "WRITE": {
          "hit": [1096189],
          "miss": [0]
        },
        "TRANSLATION": {
          "hit": [9300],
          "miss": [32595]
        },
        "mshr full": 0,
        "prefetch requested": 0,
        "prefetch issued": 0,
        "prefetch filled": 2461103,
        "prefetch useful": 0,
        "prefetch useless": 0,
        "prefetch late": 0,
        "pf_useful_at_l2_from_l1":          0,
        "pf_late_at_l2_from_l1":          0,
        "pf_useless_at_l2_from_l1":          0,
        "pf_at_l2_to_l1":       5126,
        "pf_fill_this_level":          0,
        "miss latency": 115.212,
        "cache queues": {
          "PQ_ACCESS": 2817794,
          "PQ_FULL": 0,
          "PQ_TO_CACHE": 2817794,
          "PQ_MERGED": 0,
          "RQ_ACCESS": 1316051,
          "RQ_MERGED": 0,
          "RQ_FULL": 0,
          "WQ_ACCESS": 1096205,
          "WQ_MERGED": 0,
          "WQ_FULL": 0
        }
      },
      "DRAM": [
        {
          "RQ ROW_BUFFER_HIT": 1674668,
          "RQ ROW_BUFFER_MISS": 1961524,
          "PQ FULL": 0,
          "WQ ROW_BUFFER_HIT": 24869,
          "WQ ROW_BUFFER_MISS": 1073096,
          "WQ FULL": 0,
          "AVG DBUS CONGESTED CYCLE": 3.96763
        }
      ]

    }
  }
]
cpu0_ITLB
cpu0_DTLB
cpu0_STLB
Prefetch Request to L1: 483545, Prefetch Request to L2: 2894621
Invalid by Eviction: 72439
Invalid by Max: 615205
Filter table begin
 ┌────────────────────┬─────────────┐
 | Region             | Offset      |
 ├────────────────────┼─────────────┤
 | 0x000000000000026d | 19          |
 ├────────────────────┼─────────────┤
 | 0x000000000004d41e | 31          |
 ├────────────────────┼─────────────┤
 | 0x0000000000000228 | 27          |
 ├────────────────────┼─────────────┤
 | 0x000000000000024f | 10          |
 ├────────────────────┼─────────────┤
 | 0x0000000000000254 | 8           |
 ├────────────────────┼─────────────┤
 | 0x000000000000022a | 2           |
 ├────────────────────┼─────────────┤
 | 0x000000000004e012 | 31          |
 ├────────────────────┼─────────────┤
 | 0x000000000000022b | 0           |
 └────────────────────┴─────────────┘
Filter table end
Accumulation table begin
 ┌────────────────────┬─────────────┬─────────────┬──────────────────────────────────────────────────────────────────┐
 | Region             | Offset      | Second      | Pattern                                                          |
 ├────────────────────┼─────────────┼─────────────┼──────────────────────────────────────────────────────────────────┤
 | 0x0000000000000229 | 24          | 25          | 0 0 0 0 0 0 0 0 0 0 0 0 0 0 0 0 0 0 0 0 0 0 0 0 1 1 1 1 1 1 1 1  |
 ├────────────────────┼─────────────┼─────────────┼──────────────────────────────────────────────────────────────────┤
 | 0x000000000003e817 | 0           | 1           | 1 1 1 1 1 1 1 1 0 0 0 0 0 0 0 0 0 0 0 0 0 0 0 0 0 0 0 0 0 0 0 0  |
 ├────────────────────┼─────────────┼─────────────┼──────────────────────────────────────────────────────────────────┤
 | 0x000000000003e818 | 0           | 1           | 1 1 1 1 1 1 1 1 1 1 1 1 1 1 0 0 1 1 1 1 1 1 1 1 1 1 1 1 1 1 1 1  |
 ├────────────────────┼─────────────┼─────────────┼──────────────────────────────────────────────────────────────────┤
 | 0x000000000003e589 | 0           | 1           | 1 1 1 1 1 1 1 1 1 1 1 1 0 0 0 0 0 0 0 0 0 0 0 0 0 0 0 0 0 0 0 0  |
 ├────────────────────┼─────────────┼─────────────┼──────────────────────────────────────────────────────────────────┤
 | 0x0000000000000219 | 9           | 8           | 0 1 0 1 0 0 0 0 1 1 0 0 0 0 0 0 0 1 1 0 0 0 0 0 0 0 1 1 0 0 0 1  |
 ├────────────────────┼─────────────┼─────────────┼──────────────────────────────────────────────────────────────────┤
 | 0x000000000004e011 | 0           | 1           | 1 1 1 1 1 1 1 1 1 1 1 0 0 0 0 0 0 0 0 0 0 0 0 0 0 0 0 0 0 0 0 0  |
 ├────────────────────┼─────────────┼─────────────┼──────────────────────────────────────────────────────────────────┤
 | 0x0000000000049c61 | 0           | 1           | 1 1 1 1 1 1 1 1 0 0 0 0 0 0 0 0 0 0 0 0 0 0 0 0 0 0 0 0 0 0 0 0  |
 ├────────────────────┼─────────────┼─────────────┼──────────────────────────────────────────────────────────────────┤
 | 0x000000000004e014 | 8           | 9           | 0 0 0 0 0 0 0 0 1 1 1 1 1 1 1 1 1 1 1 1 1 1 1 1 1 1 1 1 1 1 1 1  |
 ├────────────────────┼─────────────┼─────────────┼──────────────────────────────────────────────────────────────────┤
 | 0x000000000003e81b | 8           | 9           | 0 0 0 0 0 0 0 0 1 1 1 1 1 1 0 0 0 0 0 0 0 0 0 0 0 0 0 0 0 0 0 0  |
 ├────────────────────┼─────────────┼─────────────┼──────────────────────────────────────────────────────────────────┤
 | 0x000000000000021f | 9           | 0           | 1 1 1 1 1 0 0 0 0 1 0 0 0 0 0 0 0 0 0 0 0 0 0 0 0 0 0 0 0 0 0 0  |
 ├────────────────────┼─────────────┼─────────────┼──────────────────────────────────────────────────────────────────┤
 | 0x0000000000000220 | 0           | 2           | 1 0 1 0 1 0 0 0 0 0 0 0 0 0 0 0 0 0 0 0 0 0 0 0 0 0 0 0 0 0 0 0  |
 ├────────────────────┼─────────────┼─────────────┼──────────────────────────────────────────────────────────────────┤
 | 0x0000000000049c62 | 0           | 1           | 1 1 1 1 1 1 1 1 1 1 1 1 1 1 1 1 1 1 1 0 0 1 1 1 1 1 1 1 1 1 1 1  |
 ├────────────────────┼─────────────┼─────────────┼──────────────────────────────────────────────────────────────────┤
 | 0x00000000000499ba | 0           | 1           | 1 1 1 1 1 1 1 1 1 1 1 1 1 1 1 1 1 0 0 1 1 1 1 1 1 1 1 1 1 1 1 1  |
 ├────────────────────┼─────────────┼─────────────┼──────────────────────────────────────────────────────────────────┤
 | 0x000000000000026c | 10          | 21          | 1 1 1 1 1 1 1 1 1 1 1 1 1 1 1 1 1 1 1 0 0 1 0 0 0 0 0 0 0 0 0 0  |
 ├────────────────────┼─────────────┼─────────────┼──────────────────────────────────────────────────────────────────┤
 | 0x0000000000000263 | 23          | 28          | 0 0 0 0 0 0 0 0 0 0 0 0 0 0 0 0 0 0 0 0 0 0 0 1 0 0 0 0 1 0 0 0  |
 ├────────────────────┼─────────────┼─────────────┼──────────────────────────────────────────────────────────────────┤
 | 0x0000000000049c65 | 9           | 10          | 0 0 0 0 0 0 0 0 0 1 1 1 1 0 0 0 0 0 0 0 0 0 0 0 0 0 0 0 0 0 0 0  |
 ├────────────────────┼─────────────┼─────────────┼──────────────────────────────────────────────────────────────────┤
 | 0x0000000000000255 | 28          | 29          | 0 0 0 0 0 0 0 0 0 0 0 0 0 0 0 0 0 0 0 0 0 0 0 0 0 0 0 0 1 1 0 0  |
 ├────────────────────┼─────────────┼─────────────┼──────────────────────────────────────────────────────────────────┤
 | 0x000000000004e010 | 21          | 22          | 0 0 0 0 0 0 0 0 0 0 0 0 0 0 0 0 0 0 0 0 0 1 1 1 1 1 1 1 1 1 1 1  |
 ├────────────────────┼─────────────┼─────────────┼──────────────────────────────────────────────────────────────────┤
 | 0x00000000000499bb | 0           | 1           | 1 1 1 1 1 1 1 1 1 1 1 1 0 0 0 0 0 0 0 0 0 0 0 0 0 0 0 0 0 0 0 0  |
 ├────────────────────┼─────────────┼─────────────┼──────────────────────────────────────────────────────────────────┤
 | 0x000000000003e816 | 0           | 1           | 1 1 1 1 1 1 1 1 1 1 1 1 1 1 0 0 1 1 1 1 1 1 1 1 1 1 1 1 1 1 1 1  |
 ├────────────────────┼─────────────┼─────────────┼──────────────────────────────────────────────────────────────────┤
 | 0x000000000004e013 | 0           | 1           | 1 1 1 1 1 1 1 1 1 1 1 0 0 0 0 0 0 0 0 0 0 0 0 0 0 0 0 0 0 0 0 0  |
 ├────────────────────┼─────────────┼─────────────┼──────────────────────────────────────────────────────────────────┤
 | 0x000000000003e819 | 0           | 1           | 1 1 1 1 1 1 1 1 0 0 0 0 0 0 0 0 0 0 0 0 0 0 0 0 0 0 0 0 0 0 0 0  |
 ├────────────────────┼─────────────┼─────────────┼──────────────────────────────────────────────────────────────────┤
 | 0x0000000000049c63 | 0           | 1           | 1 1 1 1 1 1 1 1 1 1 1 1 1 0 0 0 0 0 0 0 0 0 0 0 0 0 0 0 0 0 0 0  |
 ├────────────────────┼─────────────┼─────────────┼──────────────────────────────────────────────────────────────────┤
 | 0x000000000000021b | 23          | 25          | 0 0 0 0 0 0 0 0 0 0 0 0 0 0 0 0 0 0 0 0 0 0 0 1 0 1 0 1 0 0 0 0  |
 ├────────────────────┼─────────────┼─────────────┼──────────────────────────────────────────────────────────────────┤
 | 0x0000000000049c60 | 0           | 1           | 1 1 1 1 1 1 1 1 1 1 1 1 1 1 0 0 1 1 1 1 1 1 1 1 1 1 1 1 1 1 1 1  |
 ├────────────────────┼─────────────┼─────────────┼──────────────────────────────────────────────────────────────────┤
 | 0x0000000000000253 | 20          | 28          | 0 0 0 0 0 0 0 0 0 0 0 0 0 0 0 0 0 0 0 0 1 0 0 0 0 0 1 1 1 0 0 0  |
 ├────────────────────┼─────────────┼─────────────┼──────────────────────────────────────────────────────────────────┤
 | 0x0000000000000218 | 6           | 17          | 0 0 0 0 0 0 1 0 0 0 0 0 0 0 0 0 0 1 0 0 0 0 0 0 0 0 0 0 1 0 0 1  |
 ├────────────────────┼─────────────┼─────────────┼──────────────────────────────────────────────────────────────────┤
 | 0x000000000000021e | 25          | 26          | 0 0 0 0 0 0 0 0 0 0 0 0 0 0 0 0 0 0 0 0 0 0 0 0 0 1 1 1 1 1 1 1  |
 ├────────────────────┼─────────────┼─────────────┼──────────────────────────────────────────────────────────────────┤
 | 0x000000000004e015 | 0           | 1           | 1 1 1 1 1 1 1 1 1 1 1 0 0 0 0 0 0 0 0 0 0 0 0 0 0 0 0 0 0 0 0 0  |
 └────────────────────┴─────────────┴─────────────┴──────────────────────────────────────────────────────────────────┘
Accumulation table end
Offset pattern table begin
 ┌────────────────────┬─────────────┬──────────────────────────────────────────────────────────────────────────────────────────────────┐
 | Key                | Second      | Pattern                                                                                          |
 ├────────────────────┼─────────────┼──────────────────────────────────────────────────────────────────────────────────────────────────┤
 | 0x0000000000000000 | 28          | 31 29 29 30 30 30 26 25 25 24 23 23 23 23 24 23 19 18 20 18 16 20 19 18 19 20 20 17 18 17 16 16  |
 ├────────────────────┼─────────────┼──────────────────────────────────────────────────────────────────────────────────────────────────┤
 | 0x0000000000000001 | 2           | 21 20 15 14 14 14 14 14 14 14 14 14 14 14 14 14 14 14 13 13 14 13 13 13 13 13 12 1 1 11 14 2     |
 ├────────────────────┼─────────────┼──────────────────────────────────────────────────────────────────────────────────────────────────┤
 | 0x0000000000000002 | 3           | 16 14 9 8 8 8 8 8 8 8 8 8 8 8 8 8 8 8 7 8 7 7 6 6 6 6 6 0 0 8 0 1                                |
 ├────────────────────┼─────────────┼──────────────────────────────────────────────────────────────────────────────────────────────────┤
 | 0x0000000000000003 | 4           | 28 22 15 14 14 12 12 14 14 13 13 13 13 13 13 13 13 12 13 12 11 11 11 11 9 11 10 2 3 2 6 7        |
 ├────────────────────┼─────────────┼──────────────────────────────────────────────────────────────────────────────────────────────────┤
 | 0x0000000000000004 | 5           | 17 15 10 9 8 8 8 8 7 7 7 7 7 7 5 5 5 6 5 5 5 5 5 4 5 5 4 3 1 1 1 2                               |
 ├────────────────────┼─────────────┼──────────────────────────────────────────────────────────────────────────────────────────────────┤
 | 0x0000000000000005 | 6           | 21 19 13 11 11 10 10 9 9 9 9 9 8 8 7 6 7 7 7 5 5 6 4 6 5 4 4 3 3 3 3 3                           |
 ├────────────────────┼─────────────┼──────────────────────────────────────────────────────────────────────────────────────────────────┤
 | 0x0000000000000006 | 7           | 25 23 5 3 3 3 3 3 3 3 3 3 3 20 4 19 20 3 20 3 3 3 4 5 2 2 0 0 0 0 0 2                            |
 ├────────────────────┼─────────────┼──────────────────────────────────────────────────────────────────────────────────────────────────┤
 | 0x0000000000000007 | 8           | 17 16 8 4 4 4 5 5 5 5 4 4 4 4 4 3 3 3 3 3 2 3 3 2 2 0 0 0 0 0 2 2                                |
 ├────────────────────┼─────────────┼──────────────────────────────────────────────────────────────────────────────────────────────────┤
 | 0x0000000000000008 | 9           | 27 22 12 10 9 8 7 8 8 7 8 8 9 10 8 6 7 6 6 7 6 5 6 6 0 0 0 0 0 0 0 6                             |
 ├────────────────────┼─────────────┼──────────────────────────────────────────────────────────────────────────────────────────────────┤
 | 0x0000000000000009 | 10          | 23 19 7 6 6 6 6 5 5 5 5 5 5 4 4 5 5 5 4 5 5 4 4 9 9 9 8 9 8 8 8 0                                |
 ├────────────────────┼─────────────┼──────────────────────────────────────────────────────────────────────────────────────────────────┤
 | 0x000000000000000a | 11          | 24 17 7 6 5 5 5 5 5 5 5 5 5 5 5 5 5 5 5 5 5 5 7 6 5 5 5 7 7 6 2 7                                |
 ├────────────────────┼─────────────┼──────────────────────────────────────────────────────────────────────────────────────────────────┤
 | 0x000000000000000b | 12          | 17 16 9 5 4 3 4 3 2 3 3 3 3 2 3 3 2 3 2 2 2 0 0 0 0 0 1 1 1 0 0 1                                |
 ├────────────────────┼─────────────┼──────────────────────────────────────────────────────────────────────────────────────────────────┤
 | 0x000000000000000c | 13          | 20 19 9 6 6 6 6 2 3 4 3 1 1 2 2 2 2 2 2 2 2 1 1 1 1 1 1 0 0 0 0 2                                |
 ├────────────────────┼─────────────┼──────────────────────────────────────────────────────────────────────────────────────────────────┤
 | 0x000000000000000d | 14          | 19 18 15 14 14 14 11 11 12 11 10 10 10 10 10 10 10 10 10 1 1 1 1 1 1 1 1 1 1 1 0 1               |
 ├────────────────────┼─────────────┼──────────────────────────────────────────────────────────────────────────────────────────────────┤
 | 0x000000000000000e | 15          | 30 29 16 14 13 11 11 11 9 9 11 10 10 10 10 9 8 9 0 0 0 0 0 2 2 2 2 2 2 2 2 3                     |
 ├────────────────────┼─────────────┼──────────────────────────────────────────────────────────────────────────────────────────────────┤
 | 0x000000000000000f | 16          | 17 16 11 11 11 11 11 11 11 11 11 10 10 10 10 10 9 0 0 0 0 0 2 1 1 1 1 1 1 1 1 2                  |
 ├────────────────────┼─────────────┼──────────────────────────────────────────────────────────────────────────────────────────────────┤
 | 0x0000000000000010 | 17          | 20 19 11 7 7 7 6 6 6 6 4 3 6 4 4 4 1 1 1 1 1 1 1 1 1 1 1 1 1 1 1 2                               |
 ├────────────────────┼─────────────┼──────────────────────────────────────────────────────────────────────────────────────────────────┤
 | 0x0000000000000011 | 18          | 31 30 14 11 14 11 10 10 9 9 9 10 9 9 9 4 3 3 3 3 4 4 4 4 4 4 4 4 5 4 4 5                         |
 ├────────────────────┼─────────────┼──────────────────────────────────────────────────────────────────────────────────────────────────┤
 | 0x0000000000000012 | 19          | 24 22 15 11 10 7 7 7 7 7 8 6 6 7 1 1 1 1 1 1 1 1 1 1 1 1 1 1 1 1 1 2                             |
 ├────────────────────┼─────────────┼──────────────────────────────────────────────────────────────────────────────────────────────────┤
 | 0x0000000000000013 | 20          | 21 20 11 10 10 9 9 8 7 9 9 8 8 0 0 0 0 0 1 1 1 1 1 1 1 1 2 2 2 2 2 3                             |
 ├────────────────────┼─────────────┼──────────────────────────────────────────────────────────────────────────────────────────────────┤
 | 0x0000000000000014 | 21          | 31 15 6 5 5 4 18 17 19 4 3 2 5 4 4 3 3 4 4 4 4 4 4 4 4 4 4 4 4 4 4 4                             |
 ├────────────────────┼─────────────┼──────────────────────────────────────────────────────────────────────────────────────────────────┤
 | 0x0000000000000015 | 22          | 31 20 10 8 7 6 5 6 6 5 4 10 10 10 10 10 13 13 13 12 12 12 11 11 11 11 12 12 12 12 2 3            |
 ├────────────────────┼─────────────┼──────────────────────────────────────────────────────────────────────────────────────────────────┤
 | 0x0000000000000016 | 23          | 22 17 11 8 7 6 8 7 6 6 4 4 4 4 4 5 5 4 5 5 4 4 5 5 5 5 5 5 5 1 4 1                               |
 ├────────────────────┼─────────────┼──────────────────────────────────────────────────────────────────────────────────────────────────┤
 | 0x0000000000000017 | 24          | 31 28 17 14 14 13 13 11 9 0 0 0 0 0 0 0 0 0 0 0 0 0 1 1 1 1 1 1 1 1 1 2                          |
 ├────────────────────┼─────────────┼──────────────────────────────────────────────────────────────────────────────────────────────────┤
 | 0x0000000000000018 | 25          | 22 21 16 14 14 15 14 13 2 2 2 2 2 2 2 2 2 2 2 2 2 2 2 2 2 2 2 2 2 2 0 1                          |
 ├────────────────────┼─────────────┼──────────────────────────────────────────────────────────────────────────────────────────────────┤
 | 0x0000000000000019 | 26          | 21 20 10 9 9 8 7 0 0 0 0 0 1 1 1 1 1 1 1 1 1 1 1 1 1 1 1 1 1 1 1 3                               |
 ├────────────────────┼─────────────┼──────────────────────────────────────────────────────────────────────────────────────────────────┤
 | 0x000000000000001a | 27          | 24 23 13 11 8 9 1 0 0 0 0 1 1 1 1 1 1 1 1 1 1 1 1 1 1 1 1 1 1 1 2 2                              |
 ├────────────────────┼─────────────┼──────────────────────────────────────────────────────────────────────────────────────────────────┤
 | 0x000000000000001b | 28          | 17 16 7 5 5 0 0 0 0 0 0 0 0 0 0 0 0 0 0 0 0 0 0 0 0 0 0 0 0 0 0 0                                |
 ├────────────────────┼─────────────┼──────────────────────────────────────────────────────────────────────────────────────────────────┤
 | 0x000000000000001c | 29          | 28 20 9 6 5 4 4 4 4 3 3 3 3 4 5 6 5 6 5 5 5 4 4 5 5 4 4 4 5 4 4 1                                |
 ├────────────────────┼─────────────┼──────────────────────────────────────────────────────────────────────────────────────────────────┤
 | 0x000000000000001d | 30          | 16 13 9 2 2 2 2 2 2 2 2 2 2 2 2 2 2 2 2 2 2 2 2 2 2 2 2 2 2 2 0 0                                |
 ├────────────────────┼─────────────┼──────────────────────────────────────────────────────────────────────────────────────────────────┤
 | 0x000000000000001e | 1           | 20 19 0 0 0 0 0 0 0 0 0 0 0 0 0 0 0 0 0 0 0 0 0 0 0 0 0 0 0 0 0 0                                |
 ├────────────────────┼─────────────┼──────────────────────────────────────────────────────────────────────────────────────────────────┤
 | 0x000000000000001f | 0           | 20 0 2 6 3 1 3 1 5 5 1 1 1 1 1 1 1 1 1 1 2 2 1 1 1 1 1 2 2 1 0 4                                 |
 └────────────────────┴─────────────┴──────────────────────────────────────────────────────────────────────────────────────────────────┘
Offset pattern table end
PC pattern table begin
 ┌────────────────────┬─────────────┬──────────────────────────────────────────────────┐
 | Key                | Second      | Pattern                                          |
 ├────────────────────┼─────────────┼──────────────────────────────────────────────────┤
 | 0x0000000000000000 | 10          | 22 19 14 12 10 8 8 7 6 5 5 5 5 4 4 3             |
 ├────────────────────┼─────────────┼──────────────────────────────────────────────────┤
 | 0x0000000000000001 | 16          | 28 15 10 10 11 10 15 13 14 14 14 16 15 12 13 11  |
 ├────────────────────┼─────────────┼──────────────────────────────────────────────────┤
 | 0x0000000000000002 | 11          | 24 14 0 0 0 1 0 0 0 0 0 2 0 0 2 3                |
 ├────────────────────┼─────────────┼──────────────────────────────────────────────────┤
 | 0x0000000000000003 | 11          | 23 14 2 2 1 1 1 0 0 0 0 0 0 0 2 2                |
 ├────────────────────┼─────────────┼──────────────────────────────────────────────────┤
 | 0x0000000000000004 | 19          | 22 18 14 12 9 7 6 5 4 2 1 1 0 0 0 0              |
 ├────────────────────┼─────────────┼──────────────────────────────────────────────────┤
 | 0x0000000000000005 | 16          | 17 14 10 9 7 7 6 4 4 3 3 2 1 1 0 0               |
 ├────────────────────┼─────────────┼──────────────────────────────────────────────────┤
 | 0x0000000000000006 | 11          | 16 9 2 2 1 2 1 1 1 0 0 0 0 0 1 4                 |
 ├────────────────────┼─────────────┼──────────────────────────────────────────────────┤
 | 0x0000000000000007 | 29          | 18 3 3 1 1 1 1 1 1 2 1 2 1 2 1 1                 |
 ├────────────────────┼─────────────┼──────────────────────────────────────────────────┤
 | 0x0000000000000008 | 4           | 19 15 13 11 4 3 2 1 3 2 3 1 1 1 3 4              |
 ├────────────────────┼─────────────┼──────────────────────────────────────────────────┤
 | 0x0000000000000009 | 6           | 16 9 1 0 0 0 0 0 0 0 0 0 0 0 0 0                 |
 ├────────────────────┼─────────────┼──────────────────────────────────────────────────┤
 | 0x000000000000000a | 6           | 19 8 7 5 7 4 3 1 1 2 1 0 0 1 1 0                 |
 ├────────────────────┼─────────────┼──────────────────────────────────────────────────┤
 | 0x000000000000000b | 16          | 30 27 19 16 14 10 11 10 10 9 7 6 6 4 2 3         |
 ├────────────────────┼─────────────┼──────────────────────────────────────────────────┤
 | 0x000000000000000c | 22          | 23 16 1 0 0 0 0 0 0 0 0 0 0 0 0 1                |
 ├────────────────────┼─────────────┼──────────────────────────────────────────────────┤
 | 0x000000000000000d | 3           | 29 27 23 22 20 19 19 19 18 15 15 15 14 14 12 13  |
 ├────────────────────┼─────────────┼──────────────────────────────────────────────────┤
 | 0x000000000000000e | 27          | 29 19 2 2 3 1 0 0 0 0 0 0 0 0 0 0                |
 ├────────────────────┼─────────────┼──────────────────────────────────────────────────┤
 | 0x000000000000000f | 20          | 19 17 15 15 15 14 14 14 14 14 13 13 13 13 12 12  |
 ├────────────────────┼─────────────┼──────────────────────────────────────────────────┤
 | 0x0000000000000010 | 0           | 16 10 4 4 3 3 2 2 3 3 3 3 3 3 3 3                |
 ├────────────────────┼─────────────┼──────────────────────────────────────────────────┤
 | 0x0000000000000011 | 6           | 28 17 0 1 1 1 0 0 0 0 0 0 0 0 1 2                |
 ├────────────────────┼─────────────┼──────────────────────────────────────────────────┤
 | 0x0000000000000012 | 20          | 31 22 16 14 14 14 14 13 11 11 0 0 0 1 3 3        |
 ├────────────────────┼─────────────┼──────────────────────────────────────────────────┤
 | 0x0000000000000013 | 15          | 27 1 0 23 25 1 1 1 0 0 0 0 0 0 0 6               |
 ├────────────────────┼─────────────┼──────────────────────────────────────────────────┤
 | 0x0000000000000014 | 6           | 16 13 10 10 9 8 7 8 7 6 7 5 5 5 5 5              |
 ├────────────────────┼─────────────┼──────────────────────────────────────────────────┤
 | 0x0000000000000015 | 15          | 24 12 14 13 14 13 13 15 14 14 14 16 17 17 17 16  |
 ├────────────────────┼─────────────┼──────────────────────────────────────────────────┤
 | 0x0000000000000016 | 13          | 20 16 8 9 5 5 3 3 2 3 0 1 1 1 2 2                |
 ├────────────────────┼─────────────┼──────────────────────────────────────────────────┤
 | 0x0000000000000017 | 6           | 24 18 13 11 10 10 9 7 6 4 4 4 3 3 2 3            |
 ├────────────────────┼─────────────┼──────────────────────────────────────────────────┤
 | 0x0000000000000018 | 28          | 23 20 18 18 17 16 17 17 15 14 13 14 13 13 12 11  |
 ├────────────────────┼─────────────┼──────────────────────────────────────────────────┤
 | 0x0000000000000019 | 13          | 21 19 16 16 16 14 15 16 15 14 13 14 13 13 12 11  |
 ├────────────────────┼─────────────┼──────────────────────────────────────────────────┤
 | 0x000000000000001a | 22          | 22 15 13 6 6 6 6 4 4 4 4 4 3 3 2 3               |
 ├────────────────────┼─────────────┼──────────────────────────────────────────────────┤
 | 0x000000000000001b | 19          | 18 9 0 1 0 0 0 1 1 0 0 0 1 0 2 5                 |
 ├────────────────────┼─────────────┼──────────────────────────────────────────────────┤
 | 0x000000000000001c | 3           | 28 18 8 5 4 5 5 5 6 4 4 6 8 9 9 9                |
 ├────────────────────┼─────────────┼──────────────────────────────────────────────────┤
 | 0x000000000000001d | 17          | 31 16 13 12 12 12 27 28 28 29 12 12 12 12 11 13  |
 ├────────────────────┼─────────────┼──────────────────────────────────────────────────┤
 | 0x000000000000001e | 16          | 16 12 8 7 7 7 7 6 5 5 5 5 4 4 4 3                |
 ├────────────────────┼─────────────┼──────────────────────────────────────────────────┤
 | 0x000000000000001f | 10          | 21 16 13 11 12 12 12 12 10 11 10 10 10 10 10 9   |
 └────────────────────┴─────────────┴──────────────────────────────────────────────────┘
PC pattern table end
Prefetch buffer begin
 ┌────────────────────┬──────────────────────────────────────────────────────────────────┐
 | Region             | Pattern                                                          |
 ├────────────────────┼──────────────────────────────────────────────────────────────────┤
 | 0x000000000004e00a | 2 2 2 2 2 2 2 2 2 2 2 2 2 2 2 2 2 2 2 2 2 2 2 2 2 2 2 2 2 2 2 0  |
 ├────────────────────┼──────────────────────────────────────────────────────────────────┤
 | 0x000000000003e80f | 2 2 2 2 2 2 2 2 2 2 2 2 2 2 2 2 2 2 2 2 2 0 0 0 0 0 0 0 0 0 0 0  |
 ├────────────────────┼──────────────────────────────────────────────────────────────────┤
 | 0x000000000003e814 | 2 2 2 2 2 2 2 2 2 2 2 2 2 2 0 0 0 0 0 0 0 0 0 0 0 0 0 0 0 0 0 0  |
 ├────────────────────┼──────────────────────────────────────────────────────────────────┤
 | 0x000000000004e00f | 2 2 2 2 2 2 2 2 2 2 2 2 2 2 2 2 2 2 2 2 2 2 2 2 2 0 0 0 0 0 0 0  |
 ├────────────────────┼──────────────────────────────────────────────────────────────────┤
 | 0x000000000004e014 | 2 2 2 2 2 0 0 0 0 0 0 0 0 0 0 0 0 0 0 0 0 0 0 0 0 0 0 0 0 0 0 0  |
 ├────────────────────┼──────────────────────────────────────────────────────────────────┤
 | 0x0000000000049c5a | 2 2 2 2 2 2 2 2 2 2 2 2 2 2 2 0 0 0 0 0 0 0 0 0 0 0 0 0 0 0 0 0  |
 ├────────────────────┼──────────────────────────────────────────────────────────────────┤
 | 0x000000000004e00b | 2 2 2 2 2 2 2 2 2 2 2 2 2 2 2 2 2 2 2 2 2 0 0 0 0 0 0 0 0 0 0 0  |
 ├────────────────────┼──────────────────────────────────────────────────────────────────┤
 | 0x000000000003e80e | 2 2 2 2 2 2 2 2 2 2 2 2 2 2 2 2 2 2 2 0 0 0 0 0 0 0 0 0 0 0 0 0  |
 ├────────────────────┼──────────────────────────────────────────────────────────────────┤
 | 0x000000000004e00e | 2 2 2 2 0 0 0 0 0 0 0 0 0 0 0 0 0 0 0 0 0 0 0 0 0 0 0 0 0 0 0 0  |
 ├────────────────────┼──────────────────────────────────────────────────────────────────┤
 | 0x0000000000049c63 | 0 0 0 0 0 0 0 0 0 0 0 0 0 0 0 0 0 0 0 0 0 0 0 0 0 0 0 2 2 2 2 2  |
 ├────────────────────┼──────────────────────────────────────────────────────────────────┤
 | 0x000000000004e015 | 0 0 0 0 0 0 0 0 0 0 0 0 2 2 2 2 2 2 2 2 2 2 2 2 2 2 2 2 2 2 2 2  |
 ├────────────────────┼──────────────────────────────────────────────────────────────────┤
 | 0x000000000003e81a | 2 2 2 2 2 2 2 2 2 2 2 2 2 2 2 2 0 0 0 0 0 0 0 0 0 0 0 0 0 0 0 0  |
 ├────────────────────┼──────────────────────────────────────────────────────────────────┤
 | 0x0000000000000250 | 2 2 2 2 2 2 0 0 2 2 2 2 2 2 2 2 2 0 0 0 0 0 0 0 0 0 0 0 0 0 0 0  |
 ├────────────────────┼──────────────────────────────────────────────────────────────────┤
 | 0x000000000003e819 | 0 0 0 0 0 0 0 0 0 0 0 0 0 2 2 2 2 2 2 2 2 2 2 2 2 2 2 2 2 2 2 2  |
 ├────────────────────┼──────────────────────────────────────────────────────────────────┤
 | 0x000000000001b46f | 0 0 0 0 0 2 2 0 1 2 2 0 0 2 2 2 2 0 0 0 0 0 0 0 0 0 0 0 0 0 0 0  |
 ├────────────────────┼──────────────────────────────────────────────────────────────────┤
 | 0x000000000000021e | 2 2 2 0 0 0 0 0 0 0 0 0 0 0 0 0 0 0 0 0 0 0 0 0 0 0 0 0 0 0 0 0  |
 ├────────────────────┼──────────────────────────────────────────────────────────────────┤
 | 0x0000000000000255 | 2 2 2 2 2 2 2 2 0 0 0 0 2 2 2 2 2 2 2 2 2 2 2 2 2 2 2 2 0 0 0 2  |
 ├────────────────────┼──────────────────────────────────────────────────────────────────┤
 | 0x0000000000000263 | 2 2 2 2 2 2 2 2 2 2 2 2 2 2 2 2 2 2 2 2 2 2 2 0 1 2 2 2 0 2 2 2  |
 ├────────────────────┼──────────────────────────────────────────────────────────────────┤
 | 0x0000000000000228 | 2 2 2 2 2 2 2 2 2 0 0 0 0 0 0 0 0 0 0 0 0 0 0 0 0 0 0 0 1 2 2 2  |
 ├────────────────────┼──────────────────────────────────────────────────────────────────┤
 | 0x000000000004e012 | 2 2 2 2 2 2 2 2 2 2 2 2 2 2 2 2 2 2 2 2 2 2 0 0 0 0 0 0 0 0 0 0  |
 ├────────────────────┼──────────────────────────────────────────────────────────────────┤
 | 0x000000000003e589 | 0 0 0 0 0 0 0 0 0 0 0 0 2 2 2 2 2 2 2 2 2 2 2 2 2 2 2 2 2 2 2 2  |
 ├────────────────────┼──────────────────────────────────────────────────────────────────┤
 | 0x000000000003e812 | 2 2 2 2 2 0 0 0 0 0 0 0 0 0 0 0 0 0 0 0 0 0 0 0 0 0 0 0 0 0 0 0  |
 ├────────────────────┼──────────────────────────────────────────────────────────────────┤
 | 0x0000000000047c6f | 2 2 2 2 2 2 2 2 2 2 2 2 2 2 2 2 2 0 0 0 0 0 0 0 0 0 0 0 0 0 0 0  |
 ├────────────────────┼──────────────────────────────────────────────────────────────────┤
 | 0x0000000000049c61 | 0 0 0 0 0 0 0 0 2 2 2 2 2 2 2 2 2 2 2 2 2 2 2 2 2 2 2 2 2 2 2 2  |
 ├────────────────────┼──────────────────────────────────────────────────────────────────┤
 | 0x0000000000047c74 | 2 2 2 2 2 2 2 2 2 2 2 2 2 0 0 0 0 0 0 0 0 0 0 0 0 0 0 0 0 0 0 0  |
 └────────────────────┴──────────────────────────────────────────────────────────────────┘
Prefetch buffer end
Filter by PPT: 0
cpu0_L2C
Num Con Filled: 0
Num Con Useful: 0 Useless:0 Accuracy: nan
LLC
