41 41 41
Available num physical pages: 35184372088576
WARNING: physical memory size is smaller than virtual memory size

*** ChampSim Multicore Out-of-Order Simulator ***

Warmup Instructions: 5000000
Simulation Instructions: 20000000
Number of CPUs: 1
Page size: 4096

Basic BTB sets: 1024 ways: 8 indirect buffer size: 4096 RAS size: 64
cpu0_L1D PMP prefetcher
Off-chip DRAM Size: 4 GiB Channels: 1 Width: 64-bit Data Rate: 3200 MT/s
Max paddr 2M
Warmup finished CPU 0 instructions: 5000004 cycles: 1389038 cumulative IPC: 3.59962 (Simulation time: 0 hr 3 min 55 sec) 

Warmup complete CPU 0 instructions: 5000004 cycles: 1389038 (Simulation time: 0 hr 3 min 55 sec) 

Heartbeat CPU 0 instructions: 10000004 cycles: 3183576 heartbeat IPC: 3.14113 cumulative IPC: 2.78624 (Simulation time: 0 hr 7 min 53 sec) 
Heartbeat CPU 0 instructions: 20000003 cycles: 6836561 heartbeat IPC: 2.73749 cumulative IPC: 2.75355 (Simulation time: 0 hr 14 min 2 sec) 
Max paddr 5M
Simulation finished CPU 0 instructions: 20000001 cycles: 7457721 cumulative IPC: 2.68179 (Simulation time: 0 hr 16 min 12 sec) 

Simulation complete CPU 0 instructions: 20000001 cycles: 7457721 (Simulation time: 0 hr 16 min 12 sec) 


ChampSim completed all CPUs

[
  {
    "name": "Simulation",
    "traces": [
      "../traces/464.h264ref-57B.champsimtrace.xz"
    ],
    "roi": {
      "cores": [
        {
          "instructions": 20000001,
          "cycles": 7457721,
          "Avg ROB occupancy at mispredict": 89.841, 
          "mispredict": {
            "BRANCH_DIRECT_JUMP": 715,
            "BRANCH_INDIRECT": 50,
            "BRANCH_CONDITIONAL": 94328,
            "BRANCH_DIRECT_CALL": 280,
            "BRANCH_INDIRECT_CALL": 84,
            "BRANCH_RETURN": 218
          }
        }
      ],
      "cpu0_L1I": {
        "LOAD": {
          "hit":144594,
          "miss":2314
        },
        "RFO": {
          "hit":0,
          "miss":0
        },
        "PREFETCH": {
          "hit":0,
          "miss":0
        },
        "WRITE": {
          "hit":0,
          "miss":0
        },
        "TRANSLATION": {
          "hit":0,
          "miss":0
        },
        "mshr full": 0,
        "prefetch requested": 0,
        "prefetch issued": 0,
        "prefetch filled": 0,
        "prefetch useful": 0,
        "prefetch useless": 0,
        "prefetch late": 0,
        "pf_useful_at_l2_from_l1":          0,
        "pf_late_at_l2_from_l1":          0,
        "pf_useless_at_l2_from_l1":          0,
        "pf_at_l2_to_l1":          0,
        "pf_fill_this_level":          0,
        "miss latency": 5.845,
        "cache queues": {
          "PQ_ACCESS": 0,
          "PQ_FULL": 0,
          "PQ_TO_CACHE": 0,
          "PQ_MERGED": 0,
          "RQ_ACCESS": 147465,
          "RQ_MERGED": 557,
          "RQ_FULL": 0,
          "WQ_ACCESS": 0,
          "WQ_MERGED": 0,
          "WQ_FULL": 0
        }
      },
      "cpu0_ITLB": {
        "LOAD": {
          "hit":120718,
          "miss":108
        },
        "RFO": {
          "hit":0,
          "miss":0
        },
        "PREFETCH": {
          "hit":0,
          "miss":0
        },
        "WRITE": {
          "hit":0,
          "miss":0
        },
        "TRANSLATION": {
          "hit":0,
          "miss":0
        },
        "mshr full": 0,
        "prefetch requested": 0,
        "prefetch issued": 0,
        "prefetch filled": 0,
        "prefetch useful": 0,
        "prefetch useless": 0,
        "prefetch late": 0,
        "pf_useful_at_l2_from_l1":          0,
        "pf_late_at_l2_from_l1":          0,
        "pf_useless_at_l2_from_l1":          0,
        "pf_at_l2_to_l1":          0,
        "pf_fill_this_level":          0,
        "miss latency": 8.43577,
        "cache queues": {
          "PQ_ACCESS": 0,
          "PQ_FULL": 0,
          "PQ_TO_CACHE": 0,
          "PQ_MERGED": 0,
          "RQ_ACCESS": 120826,
          "RQ_MERGED": 0,
          "RQ_FULL": 0,
          "WQ_ACCESS": 0,
          "WQ_MERGED": 0,
          "WQ_FULL": 0
        }
      },
      "cpu0_DTLB": {
        "LOAD": {
          "hit":7334019,
          "miss":39309
        },
        "RFO": {
          "hit":0,
          "miss":0
        },
        "PREFETCH": {
          "hit":0,
          "miss":0
        },
        "WRITE": {
          "hit":0,
          "miss":0
        },
        "TRANSLATION": {
          "hit":0,
          "miss":0
        },
        "mshr full": 0,
        "prefetch requested": 0,
        "prefetch issued": 0,
        "prefetch filled": 0,
        "prefetch useful": 0,
        "prefetch useless": 0,
        "prefetch late": 0,
        "pf_useful_at_l2_from_l1":          0,
        "pf_late_at_l2_from_l1":          0,
        "pf_useless_at_l2_from_l1":          0,
        "pf_at_l2_to_l1":          0,
        "pf_fill_this_level":          0,
        "miss latency": 0.604353,
        "cache queues": {
          "PQ_ACCESS": 0,
          "PQ_FULL": 0,
          "PQ_TO_CACHE": 0,
          "PQ_MERGED": 0,
          "RQ_ACCESS": 7802509,
          "RQ_MERGED": 0,
          "RQ_FULL": 429195,
          "WQ_ACCESS": 0,
          "WQ_MERGED": 0,
          "WQ_FULL": 0
        }
      },
      "cpu0_STLB": {
        "LOAD": {
          "hit":8778,
          "miss":950
        },
        "RFO": {
          "hit":0,
          "miss":0
        },
        "PREFETCH": {
          "hit":0,
          "miss":0
        },
        "WRITE": {
          "hit":0,
          "miss":0
        },
        "TRANSLATION": {
          "hit":0,
          "miss":0
        },
        "mshr full": 0,
        "prefetch requested": 0,
        "prefetch issued": 0,
        "prefetch filled": 0,
        "prefetch useful": 0,
        "prefetch useless": 0,
        "prefetch late": 0,
        "pf_useful_at_l2_from_l1":          0,
        "pf_late_at_l2_from_l1":          0,
        "pf_useless_at_l2_from_l1":          0,
        "pf_at_l2_to_l1":          0,
        "pf_fill_this_level":          0,
        "miss latency": 20.747,
        "cache queues": {
          "PQ_ACCESS": 0,
          "PQ_FULL": 0,
          "PQ_TO_CACHE": 0,
          "PQ_MERGED": 0,
          "RQ_ACCESS": 9728,
          "RQ_MERGED": 0,
          "RQ_FULL": 0,
          "WQ_ACCESS": 0,
          "WQ_MERGED": 0,
          "WQ_FULL": 0
        }
      },
      "cpu0_L1D": {
        "LOAD": {
          "hit":5525411,
          "miss":243156
        },
        "RFO": {
          "hit":0,
          "miss":0
        },
        "PREFETCH": {
          "hit":43452,
          "miss":166493
        },
        "WRITE": {
          "hit":1701533,
          "miss":68613
        },
        "TRANSLATION": {
          "hit":270,
          "miss":690
        },
        "mshr full": 24491,
        "prefetch requested": 209961,
        "prefetch issued": 209961,
        "prefetch filled": 3004,
        "prefetch useful": 2528,
        "prefetch useless": 632,
        "prefetch late": 92,
        "pf_useful_at_l2_from_l1":          0,
        "pf_late_at_l2_from_l1":          0,
        "pf_useless_at_l2_from_l1":          0,
        "pf_at_l2_to_l1":          1,
        "pf_fill_this_level":       3003,
        "miss latency": 0.598047,
        "cache queues": {
          "PQ_ACCESS": 209961,
          "PQ_FULL": 0,
          "PQ_TO_CACHE": 209961,
          "PQ_MERGED": 10,
          "RQ_ACCESS": 6124954,
          "RQ_MERGED": 581,
          "RQ_FULL": 355845,
          "WQ_ACCESS": 1782814,
          "WQ_MERGED": 0,
          "WQ_FULL": 12667
        }
      },
      "cpu0_L2C": {
        "LOAD": {
          "hit":44797,
          "miss":12180
        },
        "RFO": {
          "hit":1951,
          "miss":6975
        },
        "PREFETCH": {
          "hit":88444,
          "miss":76557
        },
        "WRITE": {
          "hit":6870,
          "miss":0
        },
        "TRANSLATION": {
          "hit":147,
          "miss":543
        },
        "mshr full": 10946,
        "prefetch requested": 0,
        "prefetch issued": 0,
        "prefetch filled": 75498,
        "prefetch useful": 0,
        "prefetch useless": 0,
        "prefetch late": 0,
        "pf_useful_at_l2_from_l1":      31109,
        "pf_late_at_l2_from_l1":       1057,
        "pf_useless_at_l2_from_l1":      42783,
        "pf_at_l2_to_l1":         92,
        "pf_fill_this_level":      74689,
        "miss latency": 22.9278,
        "cache queues": {
          "PQ_ACCESS": 165902,
          "PQ_FULL": 901,
          "PQ_TO_CACHE": 165001,
          "PQ_MERGED": 0,
          "RQ_ACCESS": 66595,
          "RQ_MERGED": 0,
          "RQ_FULL": 0,
          "WQ_ACCESS": 6887,
          "WQ_MERGED": 0,
          "WQ_FULL": 0
        }
      },
      "LLC": {
        "LOAD": {
          "hit": [6071],
          "miss": [5123]
        },
        "RFO": {
          "hit": [532],
          "miss": [6372]
        },
        "PREFETCH": {
          "hit": [30790],
          "miss": [45765]
        },
        "WRITE": {
          "hit": [3277],
          "miss": [0]
        },
        "TRANSLATION": {
          "hit": [137],
          "miss": [406]
        },
        "mshr full": 0,
        "prefetch requested": 0,
        "prefetch issued": 0,
        "prefetch filled": 45765,
        "prefetch useful": 0,
        "prefetch useless": 0,
        "prefetch late": 0,
        "pf_useful_at_l2_from_l1":          0,
        "pf_late_at_l2_from_l1":          0,
        "pf_useless_at_l2_from_l1":          0,
        "pf_at_l2_to_l1":         62,
        "pf_fill_this_level":          0,
        "miss latency": 34.463,
        "cache queues": {
          "PQ_ACCESS": 76555,
          "PQ_FULL": 0,
          "PQ_TO_CACHE": 76555,
          "PQ_MERGED": 0,
          "RQ_ACCESS": 18641,
          "RQ_MERGED": 0,
          "RQ_FULL": 0,
          "WQ_ACCESS": 3280,
          "WQ_MERGED": 0,
          "WQ_FULL": 0
        }
      },
      "DRAM": [
        {
          "RQ ROW_BUFFER_HIT": 41517,
          "RQ ROW_BUFFER_MISS": 16149,
          "PQ FULL": 0,
          "WQ ROW_BUFFER_HIT": 290,
          "WQ ROW_BUFFER_MISS": 1421,
          "WQ FULL": 0,
          "AVG DBUS CONGESTED CYCLE": 3.94401
        }
      ]

    },
    "sim": {
      "cores": [
        {
          "instructions": 20000001,
          "cycles": 7457721,
          "Avg ROB occupancy at mispredict": 89.841, 
          "mispredict": {
            "BRANCH_DIRECT_JUMP": 715,
            "BRANCH_INDIRECT": 50,
            "BRANCH_CONDITIONAL": 94328,
            "BRANCH_DIRECT_CALL": 280,
            "BRANCH_INDIRECT_CALL": 84,
            "BRANCH_RETURN": 218
          }
        }
      ],
      "cpu0_L1I": {
        "LOAD": {
          "hit":144594,
          "miss":2314
        },
        "RFO": {
          "hit":0,
          "miss":0
        },
        "PREFETCH": {
          "hit":0,
          "miss":0
        },
        "WRITE": {
          "hit":0,
          "miss":0
        },
        "TRANSLATION": {
          "hit":0,
          "miss":0
        },
        "mshr full": 0,
        "prefetch requested": 0,
        "prefetch issued": 0,
        "prefetch filled": 0,
        "prefetch useful": 0,
        "prefetch useless": 0,
        "prefetch late": 0,
        "pf_useful_at_l2_from_l1":          0,
        "pf_late_at_l2_from_l1":          0,
        "pf_useless_at_l2_from_l1":          0,
        "pf_at_l2_to_l1":          0,
        "pf_fill_this_level":          0,
        "miss latency": 5.845,
        "cache queues": {
          "PQ_ACCESS": 0,
          "PQ_FULL": 0,
          "PQ_TO_CACHE": 0,
          "PQ_MERGED": 0,
          "RQ_ACCESS": 147465,
          "RQ_MERGED": 557,
          "RQ_FULL": 0,
          "WQ_ACCESS": 0,
          "WQ_MERGED": 0,
          "WQ_FULL": 0
        }
      },
      "cpu0_ITLB": {
        "LOAD": {
          "hit":120718,
          "miss":108
        },
        "RFO": {
          "hit":0,
          "miss":0
        },
        "PREFETCH": {
          "hit":0,
          "miss":0
        },
        "WRITE": {
          "hit":0,
          "miss":0
        },
        "TRANSLATION": {
          "hit":0,
          "miss":0
        },
        "mshr full": 0,
        "prefetch requested": 0,
        "prefetch issued": 0,
        "prefetch filled": 0,
        "prefetch useful": 0,
        "prefetch useless": 0,
        "prefetch late": 0,
        "pf_useful_at_l2_from_l1":          0,
        "pf_late_at_l2_from_l1":          0,
        "pf_useless_at_l2_from_l1":          0,
        "pf_at_l2_to_l1":          0,
        "pf_fill_this_level":          0,
        "miss latency": 8.43577,
        "cache queues": {
          "PQ_ACCESS": 0,
          "PQ_FULL": 0,
          "PQ_TO_CACHE": 0,
          "PQ_MERGED": 0,
          "RQ_ACCESS": 120826,
          "RQ_MERGED": 0,
          "RQ_FULL": 0,
          "WQ_ACCESS": 0,
          "WQ_MERGED": 0,
          "WQ_FULL": 0
        }
      },
      "cpu0_DTLB": {
        "LOAD": {
          "hit":7334019,
          "miss":39309
        },
        "RFO": {
          "hit":0,
          "miss":0
        },
        "PREFETCH": {
          "hit":0,
          "miss":0
        },
        "WRITE": {
          "hit":0,
          "miss":0
        },
        "TRANSLATION": {
          "hit":0,
          "miss":0
        },
        "mshr full": 0,
        "prefetch requested": 0,
        "prefetch issued": 0,
        "prefetch filled": 0,
        "prefetch useful": 0,
        "prefetch useless": 0,
        "prefetch late": 0,
        "pf_useful_at_l2_from_l1":          0,
        "pf_late_at_l2_from_l1":          0,
        "pf_useless_at_l2_from_l1":          0,
        "pf_at_l2_to_l1":          0,
        "pf_fill_this_level":          0,
        "miss latency": 0.604353,
        "cache queues": {
          "PQ_ACCESS": 0,
          "PQ_FULL": 0,
          "PQ_TO_CACHE": 0,
          "PQ_MERGED": 0,
          "RQ_ACCESS": 7802509,
          "RQ_MERGED": 0,
          "RQ_FULL": 429195,
          "WQ_ACCESS": 0,
          "WQ_MERGED": 0,
          "WQ_FULL": 0
        }
      },
      "cpu0_STLB": {
        "LOAD": {
          "hit":8778,
          "miss":950
        },
        "RFO": {
          "hit":0,
          "miss":0
        },
        "PREFETCH": {
          "hit":0,
          "miss":0
        },
        "WRITE": {
          "hit":0,
          "miss":0
        },
        "TRANSLATION": {
          "hit":0,
          "miss":0
        },
        "mshr full": 0,
        "prefetch requested": 0,
        "prefetch issued": 0,
        "prefetch filled": 0,
        "prefetch useful": 0,
        "prefetch useless": 0,
        "prefetch late": 0,
        "pf_useful_at_l2_from_l1":          0,
        "pf_late_at_l2_from_l1":          0,
        "pf_useless_at_l2_from_l1":          0,
        "pf_at_l2_to_l1":          0,
        "pf_fill_this_level":          0,
        "miss latency": 20.747,
        "cache queues": {
          "PQ_ACCESS": 0,
          "PQ_FULL": 0,
          "PQ_TO_CACHE": 0,
          "PQ_MERGED": 0,
          "RQ_ACCESS": 9728,
          "RQ_MERGED": 0,
          "RQ_FULL": 0,
          "WQ_ACCESS": 0,
          "WQ_MERGED": 0,
          "WQ_FULL": 0
        }
      },
      "cpu0_L1D": {
        "LOAD": {
          "hit":5525411,
          "miss":243156
        },
        "RFO": {
          "hit":0,
          "miss":0
        },
        "PREFETCH": {
          "hit":43452,
          "miss":166493
        },
        "WRITE": {
          "hit":1701533,
          "miss":68613
        },
        "TRANSLATION": {
          "hit":270,
          "miss":690
        },
        "mshr full": 24491,
        "prefetch requested": 209961,
        "prefetch issued": 209961,
        "prefetch filled": 3004,
        "prefetch useful": 2528,
        "prefetch useless": 632,
        "prefetch late": 92,
        "pf_useful_at_l2_from_l1":          0,
        "pf_late_at_l2_from_l1":          0,
        "pf_useless_at_l2_from_l1":          0,
        "pf_at_l2_to_l1":          1,
        "pf_fill_this_level":       3003,
        "miss latency": 0.598047,
        "cache queues": {
          "PQ_ACCESS": 209961,
          "PQ_FULL": 0,
          "PQ_TO_CACHE": 209961,
          "PQ_MERGED": 10,
          "RQ_ACCESS": 6124954,
          "RQ_MERGED": 581,
          "RQ_FULL": 355845,
          "WQ_ACCESS": 1782814,
          "WQ_MERGED": 0,
          "WQ_FULL": 12667
        }
      },
      "cpu0_L2C": {
        "LOAD": {
          "hit":44797,
          "miss":12180
        },
        "RFO": {
          "hit":1951,
          "miss":6975
        },
        "PREFETCH": {
          "hit":88444,
          "miss":76557
        },
        "WRITE": {
          "hit":6870,
          "miss":0
        },
        "TRANSLATION": {
          "hit":147,
          "miss":543
        },
        "mshr full": 10946,
        "prefetch requested": 0,
        "prefetch issued": 0,
        "prefetch filled": 75498,
        "prefetch useful": 0,
        "prefetch useless": 0,
        "prefetch late": 0,
        "pf_useful_at_l2_from_l1":      31109,
        "pf_late_at_l2_from_l1":       1057,
        "pf_useless_at_l2_from_l1":      42783,
        "pf_at_l2_to_l1":         92,
        "pf_fill_this_level":      74689,
        "miss latency": 22.9278,
        "cache queues": {
          "PQ_ACCESS": 165902,
          "PQ_FULL": 901,
          "PQ_TO_CACHE": 165001,
          "PQ_MERGED": 0,
          "RQ_ACCESS": 66595,
          "RQ_MERGED": 0,
          "RQ_FULL": 0,
          "WQ_ACCESS": 6887,
          "WQ_MERGED": 0,
          "WQ_FULL": 0
        }
      },
      "LLC": {
        "LOAD": {
          "hit": [6071],
          "miss": [5123]
        },
        "RFO": {
          "hit": [532],
          "miss": [6372]
        },
        "PREFETCH": {
          "hit": [30790],
          "miss": [45765]
        },
        "WRITE": {
          "hit": [3277],
          "miss": [0]
        },
        "TRANSLATION": {
          "hit": [137],
          "miss": [406]
        },
        "mshr full": 0,
        "prefetch requested": 0,
        "prefetch issued": 0,
        "prefetch filled": 45765,
        "prefetch useful": 0,
        "prefetch useless": 0,
        "prefetch late": 0,
        "pf_useful_at_l2_from_l1":          0,
        "pf_late_at_l2_from_l1":          0,
        "pf_useless_at_l2_from_l1":          0,
        "pf_at_l2_to_l1":         62,
        "pf_fill_this_level":          0,
        "miss latency": 34.463,
        "cache queues": {
          "PQ_ACCESS": 76555,
          "PQ_FULL": 0,
          "PQ_TO_CACHE": 76555,
          "PQ_MERGED": 0,
          "RQ_ACCESS": 18641,
          "RQ_MERGED": 0,
          "RQ_FULL": 0,
          "WQ_ACCESS": 3280,
          "WQ_MERGED": 0,
          "WQ_FULL": 0
        }
      },
      "DRAM": [
        {
          "RQ ROW_BUFFER_HIT": 41517,
          "RQ ROW_BUFFER_MISS": 16149,
          "PQ FULL": 0,
          "WQ ROW_BUFFER_HIT": 290,
          "WQ ROW_BUFFER_MISS": 1421,
          "WQ FULL": 0,
          "AVG DBUS CONGESTED CYCLE": 3.94401
        }
      ]

    }
  }
]
cpu0_ITLB
cpu0_DTLB
cpu0_STLB
Prefetch Request to L1: 4679, Prefetch Request to L2: 205282
Invalid by Eviction: 2107
Invalid by Max: 18873
Filter table begin
 ┌────────────────────┬─────────────┐
 | Region             | Offset      |
 ├────────────────────┼─────────────┤
 | 0x000000000000028a | 2           |
 ├────────────────────┼─────────────┤
 | 0x0000000000000bbc | 1           |
 ├────────────────────┼─────────────┤
 | 0x0000000000000872 | 7           |
 ├────────────────────┼─────────────┤
 | 0x00000000000002bd | 30          |
 ├────────────────────┼─────────────┤
 | 0x0000000000000bbd | 0           |
 ├────────────────────┼─────────────┤
 | 0x0000000000000bd8 | 5           |
 ├────────────────────┼─────────────┤
 | 0x000000000000082b | 23          |
 ├────────────────────┼─────────────┤
 | 0x00000000000002be | 2           |
 ├────────────────────┼─────────────┤
 | 0x000000000000086a | 19          |
 ├────────────────────┼─────────────┤
 | 0x0000000000000bda | 31          |
 ├────────────────────┼─────────────┤
 | 0x0000000000000bbf | 29          |
 ├────────────────────┼─────────────┤
 | 0x0000000000000a06 | 19          |
 ├────────────────────┼─────────────┤
 | 0x0000000000000267 | 10          |
 ├────────────────────┼─────────────┤
 | 0x0000000000000a08 | 1           |
 ├────────────────────┼─────────────┤
 | 0x00000000000002cf | 5           |
 ├────────────────────┼─────────────┤
 | 0x000000000000082d | 0           |
 ├────────────────────┼─────────────┤
 | 0x000000000000029c | 16          |
 ├────────────────────┼─────────────┤
 | 0x0000000000000bd5 | 19          |
 ├────────────────────┼─────────────┤
 | 0x00000000000002ce | 11          |
 ├────────────────────┼─────────────┤
 | 0x0000000000000bf1 | 31          |
 ├────────────────────┼─────────────┤
 | 0x0000000000000876 | 0           |
 ├────────────────────┼─────────────┤
 | 0x000000000000021f | 8           |
 ├────────────────────┼─────────────┤
 | 0x000000000000082c | 26          |
 ├────────────────────┼─────────────┤
 | 0x000000000000022a | 9           |
 ├────────────────────┼─────────────┤
 | 0x00000000000002ba | 2           |
 ├────────────────────┼─────────────┤
 | 0x000000000000026b | 0           |
 ├────────────────────┼─────────────┤
 | 0x0000000000000889 | 11          |
 ├────────────────────┼─────────────┤
 | 0x0000000000000bf3 | 22          |
 ├────────────────────┼─────────────┤
 | 0x0000000000000a02 | 29          |
 └────────────────────┴─────────────┘
Filter table end
Accumulation table begin
 ┌────────────────────┬─────────────┬─────────────┬──────────────────────────────────────────────────────────────────┐
 | Region             | Offset      | Second      | Pattern                                                          |
 ├────────────────────┼─────────────┼─────────────┼──────────────────────────────────────────────────────────────────┤
 | 0x00000000000002c7 | 30          | 17          | 0 0 0 0 0 0 0 0 0 0 1 1 1 0 1 1 1 1 0 0 0 0 0 0 0 0 0 0 0 0 1 1  |
 ├────────────────────┼─────────────┼─────────────┼──────────────────────────────────────────────────────────────────┤
 | 0x00000000000002b3 | 17          | 18          | 0 1 0 0 0 0 0 0 0 0 0 0 0 0 0 0 0 1 1 0 0 0 0 0 0 0 0 0 0 0 0 0  |
 ├────────────────────┼─────────────┼─────────────┼──────────────────────────────────────────────────────────────────┤
 | 0x0000000000000953 | 19          | 17          | 0 0 0 0 0 0 0 0 0 0 0 0 0 0 0 0 0 1 0 1 0 0 0 0 0 0 0 0 0 0 0 0  |
 ├────────────────────┼─────────────┼─────────────┼──────────────────────────────────────────────────────────────────┤
 | 0x00000000000002a2 | 17          | 19          | 0 0 0 1 0 0 0 0 0 0 0 0 1 1 0 0 1 1 0 1 0 0 0 0 0 0 0 0 0 0 0 0  |
 ├────────────────────┼─────────────┼─────────────┼──────────────────────────────────────────────────────────────────┤
 | 0x0000000000000864 | 27          | 28          | 0 0 0 0 0 0 0 0 0 0 0 0 0 0 0 0 0 0 0 0 0 0 0 0 0 0 0 1 1 0 0 0  |
 ├────────────────────┼─────────────┼─────────────┼──────────────────────────────────────────────────────────────────┤
 | 0x000000000000085d | 9           | 10          | 0 0 0 0 0 0 0 0 0 1 1 0 0 0 0 0 0 0 0 0 0 0 0 0 0 0 0 0 0 0 0 0  |
 ├────────────────────┼─────────────┼─────────────┼──────────────────────────────────────────────────────────────────┤
 | 0x0000000000000bec | 4           | 5           | 0 0 0 0 1 1 0 0 0 0 0 0 0 0 0 0 0 0 0 0 0 0 0 0 0 0 0 0 0 0 0 0  |
 ├────────────────────┼─────────────┼─────────────┼──────────────────────────────────────────────────────────────────┤
 | 0x0000000000000226 | 29          | 30          | 0 0 0 0 0 0 0 0 0 0 0 0 0 0 0 0 1 1 1 1 1 1 1 1 1 0 1 1 1 1 1 1  |
 ├────────────────────┼─────────────┼─────────────┼──────────────────────────────────────────────────────────────────┤
 | 0x000000000000029d | 3           | 1           | 0 1 1 1 1 1 0 0 0 0 0 0 1 1 0 0 0 0 0 0 1 1 0 0 0 0 0 0 1 1 0 0  |
 ├────────────────────┼─────────────┼─────────────┼──────────────────────────────────────────────────────────────────┤
 | 0x00000000000002b9 | 1           | 7           | 0 1 0 0 0 0 0 1 0 0 0 0 1 0 0 0 0 0 0 0 0 0 0 0 0 0 0 0 0 0 0 0  |
 ├────────────────────┼─────────────┼─────────────┼──────────────────────────────────────────────────────────────────┤
 | 0x0000000000000829 | 9           | 11          | 0 0 0 0 0 0 0 0 0 1 0 1 0 1 1 0 0 0 0 0 0 0 0 0 0 0 0 0 0 0 0 0  |
 ├────────────────────┼─────────────┼─────────────┼──────────────────────────────────────────────────────────────────┤
 | 0x0000000000000bdc | 1           | 2           | 0 1 1 0 0 1 1 1 0 0 0 1 1 0 0 1 0 0 0 0 0 0 0 0 0 0 0 0 0 0 0 0  |
 ├────────────────────┼─────────────┼─────────────┼──────────────────────────────────────────────────────────────────┤
 | 0x0000000000000861 | 0           | 1           | 1 1 0 0 0 0 0 0 0 0 0 0 0 0 0 0 0 0 0 0 0 0 0 0 0 0 0 0 0 0 0 0  |
 ├────────────────────┼─────────────┼─────────────┼──────────────────────────────────────────────────────────────────┤
 | 0x000000000000084c | 6           | 5           | 0 0 0 0 0 1 1 1 1 1 1 1 1 0 0 0 0 0 0 0 0 0 0 0 0 0 0 0 0 0 0 0  |
 ├────────────────────┼─────────────┼─────────────┼──────────────────────────────────────────────────────────────────┤
 | 0x00000000000002c8 | 18          | 25          | 0 0 0 0 0 0 0 0 0 0 0 0 0 0 0 0 0 1 1 1 1 1 1 1 1 1 1 0 0 0 0 0  |
 ├────────────────────┼─────────────┼─────────────┼──────────────────────────────────────────────────────────────────┤
 | 0x0000000000000be3 | 1           | 2           | 0 1 1 0 0 0 0 0 0 0 0 0 0 0 0 0 0 0 0 0 0 0 0 0 0 0 0 0 0 0 0 0  |
 ├────────────────────┼─────────────┼─────────────┼──────────────────────────────────────────────────────────────────┤
 | 0x00000000000002bb | 12          | 13          | 0 0 0 0 0 0 0 0 0 0 0 0 1 1 0 0 0 0 0 0 0 0 0 0 0 0 0 0 0 0 0 0  |
 ├────────────────────┼─────────────┼─────────────┼──────────────────────────────────────────────────────────────────┤
 | 0x0000000000000228 | 5           | 4           | 0 0 0 0 1 1 0 0 0 0 0 0 0 0 0 0 1 0 0 0 0 0 0 0 0 0 0 0 0 0 0 0  |
 ├────────────────────┼─────────────┼─────────────┼──────────────────────────────────────────────────────────────────┤
 | 0x0000000000000bed | 4           | 5           | 0 0 0 0 1 1 0 0 0 0 0 0 0 0 0 0 0 0 0 0 0 0 0 0 0 0 0 0 0 0 0 0  |
 ├────────────────────┼─────────────┼─────────────┼──────────────────────────────────────────────────────────────────┤
 | 0x000000000000022b | 5           | 4           | 0 0 0 0 1 1 0 0 0 0 0 0 0 0 0 0 0 0 0 0 0 0 0 0 0 0 0 0 0 0 0 0  |
 ├────────────────────┼─────────────┼─────────────┼──────────────────────────────────────────────────────────────────┤
 | 0x0000000000000865 | 23          | 28          | 0 1 0 0 0 0 1 0 0 0 0 0 1 0 0 0 0 1 0 0 0 0 0 1 0 0 0 0 1 0 0 0  |
 ├────────────────────┼─────────────┼─────────────┼──────────────────────────────────────────────────────────────────┤
 | 0x0000000000000863 | 16          | 17          | 0 0 0 0 0 0 0 0 0 0 0 0 0 0 0 0 1 1 0 0 0 0 0 0 0 0 0 0 0 0 0 0  |
 ├────────────────────┼─────────────┼─────────────┼──────────────────────────────────────────────────────────────────┤
 | 0x0000000000000882 | 0           | 1           | 1 1 1 1 1 0 0 0 0 0 0 0 0 0 0 0 0 0 0 0 0 0 0 0 0 0 0 0 0 0 0 0  |
 ├────────────────────┼─────────────┼─────────────┼──────────────────────────────────────────────────────────────────┤
 | 0x0000000000000be2 | 28          | 29          | 0 0 0 0 0 0 0 0 0 0 0 0 0 0 0 0 0 0 0 0 0 0 0 0 0 0 0 0 1 1 1 0  |
 ├────────────────────┼─────────────┼─────────────┼──────────────────────────────────────────────────────────────────┤
 | 0x00000000000002af | 24          | 23          | 0 0 0 0 0 0 0 0 0 0 0 0 0 0 0 0 0 0 0 0 0 0 0 1 1 0 0 0 0 0 0 0  |
 ├────────────────────┼─────────────┼─────────────┼──────────────────────────────────────────────────────────────────┤
 | 0x0000000000000951 | 18          | 19          | 0 0 0 0 0 0 0 0 0 0 0 0 0 0 0 0 0 0 1 1 0 0 0 0 0 0 0 0 0 0 0 0  |
 ├────────────────────┼─────────────┼─────────────┼──────────────────────────────────────────────────────────────────┤
 | 0x0000000000000227 | 0           | 1           | 1 1 1 1 1 1 1 1 1 1 0 0 0 1 0 1 1 0 0 1 1 0 0 0 0 0 0 0 0 0 0 0  |
 ├────────────────────┼─────────────┼─────────────┼──────────────────────────────────────────────────────────────────┤
 | 0x000000000000086c | 13          | 14          | 0 0 0 0 0 0 0 0 0 0 0 0 1 1 1 0 0 0 0 0 0 0 0 0 0 0 0 0 0 0 0 0  |
 ├────────────────────┼─────────────┼─────────────┼──────────────────────────────────────────────────────────────────┤
 | 0x00000000000002b8 | 27          | 28          | 0 0 0 0 0 0 0 0 0 0 0 0 0 0 0 0 0 0 0 0 0 0 0 0 0 0 0 1 1 0 0 0  |
 ├────────────────────┼─────────────┼─────────────┼──────────────────────────────────────────────────────────────────┤
 | 0x0000000000000893 | 22          | 29          | 0 0 0 0 0 0 0 0 0 0 0 0 0 0 1 1 1 1 1 0 0 0 1 0 0 0 0 0 0 1 1 1  |
 ├────────────────────┼─────────────┼─────────────┼──────────────────────────────────────────────────────────────────┤
 | 0x000000000000021e | 12          | 14          | 0 0 0 0 0 0 0 0 0 0 0 0 1 1 1 0 0 0 0 0 0 0 0 0 0 1 0 0 0 0 0 0  |
 ├────────────────────┼─────────────┼─────────────┼──────────────────────────────────────────────────────────────────┤
 | 0x000000000000088d | 21          | 19          | 0 0 0 0 0 0 0 0 0 0 0 0 0 0 0 0 0 0 0 1 0 1 0 0 0 0 0 0 0 0 0 0  |
 └────────────────────┴─────────────┴─────────────┴──────────────────────────────────────────────────────────────────┘
Accumulation table end
Offset pattern table begin
 ┌────────────────────┬─────────────┬──────────────────────────────────────────────────────────────────────────────────────┐
 | Key                | Second      | Pattern                                                                              |
 ├────────────────────┼─────────────┼──────────────────────────────────────────────────────────────────────────────────────┤
 | 0x0000000000000000 | 1           | 26 18 12 15 10 10 16 11 15 10 11 14 10 8 11 11 10 11 7 11 10 8 8 7 8 8 8 7 10 7 5 5  |
 ├────────────────────┼─────────────┼──────────────────────────────────────────────────────────────────────────────────────┤
 | 0x0000000000000001 | 2           | 27 8 3 4 1 15 4 0 0 5 5 6 0 0 5 1 7 4 3 5 1 0 6 3 2 0 0 6 8 1 0 1                    |
 ├────────────────────┼─────────────┼──────────────────────────────────────────────────────────────────────────────────────┤
 | 0x0000000000000002 | 3           | 25 2 3 0 2 12 3 0 0 8 2 8 0 1 3 1 10 4 7 1 0 1 9 3 0 0 0 9 5 0 0 2                   |
 ├────────────────────┼─────────────┼──────────────────────────────────────────────────────────────────────────────────────┤
 | 0x0000000000000003 | 4           | 29 0 5 1 2 23 10 0 6 0 1 22 0 5 0 0 12 0 0 5 0 0 0 0 0 0 0 0 0 0 0 2                 |
 ├────────────────────┼─────────────┼──────────────────────────────────────────────────────────────────────────────────────┤
 | 0x0000000000000004 | 5           | 27 17 6 1 0 1 1 0 5 7 3 1 1 0 2 0 5 5 3 2 1 0 1 7 7 5 0 2 0 0 1 5                    |
 ├────────────────────┼─────────────┼──────────────────────────────────────────────────────────────────────────────────────┤
 | 0x0000000000000005 | 6           | 24 15 5 0 1 0 2 2 1 0 4 2 1 0 1 1 0 0 0 2 1 0 1 2 1 0 0 0 0 0 0 3                    |
 ├────────────────────┼─────────────┼──────────────────────────────────────────────────────────────────────────────────────┤
 | 0x0000000000000006 | 7           | 30 18 13 10 9 7 7 4 4 10 5 5 5 4 4 3 3 2 4 4 1 1 2 4 3 2 2 3 2 2 6 8                 |
 ├────────────────────┼─────────────┼──────────────────────────────────────────────────────────────────────────────────────┤
 | 0x0000000000000007 | 8           | 28 16 7 5 4 5 0 0 0 2 0 0 1 0 0 0 0 0 2 0 0 0 1 2 0 0 5 3 0 2 0 2                    |
 ├────────────────────┼─────────────┼──────────────────────────────────────────────────────────────────────────────────────┤
 | 0x0000000000000008 | 9           | 17 6 4 4 2 1 0 0 0 0 0 1 0 0 0 4 5 0 0 0 0 0 0 0 0 0 0 2 0 0 4 10                    |
 ├────────────────────┼─────────────┼──────────────────────────────────────────────────────────────────────────────────────┤
 | 0x0000000000000009 | 10          | 21 11 4 0 2 2 0 4 4 0 0 0 0 0 1 1 0 0 0 0 0 0 0 0 0 0 0 0 0 1 1 2                    |
 ├────────────────────┼─────────────┼──────────────────────────────────────────────────────────────────────────────────────┤
 | 0x000000000000000a | 11          | 23 20 7 7 4 5 2 1 1 1 1 1 0 0 0 1 1 2 2 1 2 2 0 0 0 0 0 0 1 2 2 3                    |
 ├────────────────────┼─────────────┼──────────────────────────────────────────────────────────────────────────────────────┤
 | 0x000000000000000b | 12          | 26 17 7 7 2 2 6 1 0 2 0 2 2 0 2 0 0 2 0 0 2 0 0 0 0 0 0 0 0 0 1 2                    |
 ├────────────────────┼─────────────┼──────────────────────────────────────────────────────────────────────────────────────┤
 | 0x000000000000000c | 13          | 21 16 11 1 2 1 2 2 1 1 1 1 1 2 2 1 1 1 2 1 0 0 0 0 0 0 0 0 0 0 0 1                   |
 ├────────────────────┼─────────────┼──────────────────────────────────────────────────────────────────────────────────────┤
 | 0x000000000000000d | 14          | 30 16 5 2 5 5 7 2 1 1 1 5 1 1 1 1 5 4 1 0 0 3 1 0 1 0 3 3 1 0 3 5                    |
 ├────────────────────┼─────────────┼──────────────────────────────────────────────────────────────────────────────────────┤
 | 0x000000000000000e | 15          | 31 5 5 8 2 9 2 8 15 0 0 7 0 0 6 0 6 0 0 0 0 0 0 0 0 0 0 0 0 2 1 5                    |
 ├────────────────────┼─────────────┼──────────────────────────────────────────────────────────────────────────────────────┤
 | 0x000000000000000f | 16          | 16 13 1 5 2 4 4 1 0 2 1 0 0 0 1 0 0 0 0 0 0 0 0 0 0 0 0 0 0 0 1 1                    |
 ├────────────────────┼─────────────┼──────────────────────────────────────────────────────────────────────────────────────┤
 | 0x0000000000000010 | 17          | 31 18 6 4 4 3 3 3 3 0 0 1 0 0 2 1 0 0 0 0 0 0 1 1 1 1 2 3 2 2 4 9                    |
 ├────────────────────┼─────────────┼──────────────────────────────────────────────────────────────────────────────────────┤
 | 0x0000000000000011 | 18          | 23 10 11 7 6 6 4 4 3 3 3 2 2 4 2 0 1 1 3 1 2 2 2 1 1 2 3 3 5 3 4 4                   |
 ├────────────────────┼─────────────┼──────────────────────────────────────────────────────────────────────────────────────┤
 | 0x0000000000000012 | 19          | 23 13 1 0 1 0 0 0 0 0 0 0 0 0 0 0 0 0 0 0 0 0 0 0 0 0 0 0 0 0 0 9                    |
 ├────────────────────┼─────────────┼──────────────────────────────────────────────────────────────────────────────────────┤
 | 0x0000000000000013 | 20          | 19 10 5 6 3 2 4 0 3 0 1 4 0 0 0 0 0 0 0 2 2 2 1 2 2 1 0 0 0 0 3 2                    |
 ├────────────────────┼─────────────┼──────────────────────────────────────────────────────────────────────────────────────┤
 | 0x0000000000000014 | 21          | 31 15 3 21 10 5 5 4 2 2 3 2 1 1 1 1 1 2 3 4 2 1 3 1 1 2 1 2 1 2 3 5                  |
 ├────────────────────┼─────────────┼──────────────────────────────────────────────────────────────────────────────────────┤
 | 0x0000000000000015 | 22          | 24 13 6 7 2 0 0 0 0 0 0 0 0 0 0 0 0 1 1 1 0 0 0 0 0 0 0 0 3 4 12 12                  |
 ├────────────────────┼─────────────┼──────────────────────────────────────────────────────────────────────────────────────┤
 | 0x0000000000000016 | 23          | 21 10 13 4 3 0 0 2 0 0 0 0 0 0 0 0 0 0 0 0 0 0 0 0 0 0 0 1 1 2 2 3                   |
 ├────────────────────┼─────────────┼──────────────────────────────────────────────────────────────────────────────────────┤
 | 0x0000000000000017 | 24          | 20 16 6 4 1 2 2 0 0 0 0 0 0 0 0 0 0 0 0 0 0 0 0 0 0 0 0 0 1 3 0 3                    |
 ├────────────────────┼─────────────┼──────────────────────────────────────────────────────────────────────────────────────┤
 | 0x0000000000000018 | 25          | 26 17 5 5 3 5 1 0 0 2 0 0 0 0 0 0 0 0 0 0 0 0 0 0 0 1 1 1 5 1 1 6                    |
 ├────────────────────┼─────────────┼──────────────────────────────────────────────────────────────────────────────────────┤
 | 0x0000000000000019 | 26          | 30 16 11 7 4 5 3 0 1 3 0 0 0 0 0 0 0 0 0 0 0 0 0 0 0 0 0 0 9 1 0 3                   |
 ├────────────────────┼─────────────┼──────────────────────────────────────────────────────────────────────────────────────┤
 | 0x000000000000001a | 27          | 25 14 5 2 2 2 1 1 2 9 3 1 1 1 1 1 1 1 5 5 2 1 1 1 1 1 1 1 1 1 1 12                   |
 ├────────────────────┼─────────────┼──────────────────────────────────────────────────────────────────────────────────────┤
 | 0x000000000000001b | 28          | 16 13 1 1 0 0 0 0 0 2 0 0 0 0 0 0 0 0 0 0 0 0 0 0 0 0 0 0 0 0 0 2                    |
 ├────────────────────┼─────────────┼──────────────────────────────────────────────────────────────────────────────────────┤
 | 0x000000000000001c | 29          | 25 12 4 11 0 0 0 0 0 4 3 0 0 1 0 0 0 1 0 0 1 0 0 0 0 3 0 3 0 1 1 1                   |
 ├────────────────────┼─────────────┼──────────────────────────────────────────────────────────────────────────────────────┤
 | 0x000000000000001d | 30          | 21 8 11 0 0 0 0 0 0 0 2 2 2 2 2 2 0 1 0 0 0 0 0 0 0 0 1 1 1 3 2 3                    |
 ├────────────────────┼─────────────┼──────────────────────────────────────────────────────────────────────────────────────┤
 | 0x000000000000001e | 31          | 23 12 0 0 0 0 0 0 4 7 8 3 3 2 2 6 3 3 3 3 2 6 2 3 2 2 6 3 2 3 3 5                    |
 ├────────────────────┼─────────────┼──────────────────────────────────────────────────────────────────────────────────────┤
 | 0x000000000000001f | 8           | 29 0 0 0 0 2 0 0 4 10 5 0 0 0 2 0 0 0 0 0 0 0 0 2 2 2 2 2 2 6 6 13                   |
 └────────────────────┴─────────────┴──────────────────────────────────────────────────────────────────────────────────────┘
Offset pattern table end
PC pattern table begin
 ┌────────────────────┬─────────────┬────────────────────────────────────────────┐
 | Key                | Second      | Pattern                                    |
 ├────────────────────┼─────────────┼────────────────────────────────────────────┤
 | 0x0000000000000000 | 11          | 30 10 3 5 2 2 1 1 1 1 1 2 2 5 10 10        |
 ├────────────────────┼─────────────┼────────────────────────────────────────────┤
 | 0x0000000000000001 | 0           | 19 5 5 8 4 8 7 2 9 4 3 6 2 3 4 1           |
 ├────────────────────┼─────────────┼────────────────────────────────────────────┤
 | 0x0000000000000002 | 29          | 20 9 7 9 0 6 5 1 5 4 1 4 0 2 4 0           |
 ├────────────────────┼─────────────┼────────────────────────────────────────────┤
 | 0x0000000000000003 | 4           | 20 13 4 3 1 1 1 1 1 1 1 1 0 0 0 0          |
 ├────────────────────┼─────────────┼────────────────────────────────────────────┤
 | 0x0000000000000004 | 27          | 25 4 2 5 3 3 1 2 0 2 2 0 2 0 2 13          |
 ├────────────────────┼─────────────┼────────────────────────────────────────────┤
 | 0x0000000000000005 | 1           | 20 9 7 4 5 4 1 1 1 3 1 0 0 2 7 7           |
 ├────────────────────┼─────────────┼────────────────────────────────────────────┤
 | 0x0000000000000006 | 18          | 27 19 9 10 6 4 2 2 1 6 2 1 2 3 2 2         |
 ├────────────────────┼─────────────┼────────────────────────────────────────────┤
 | 0x0000000000000007 | 8           | 22 17 6 5 6 7 6 5 6 6 5 5 5 5 6 7          |
 ├────────────────────┼─────────────┼────────────────────────────────────────────┤
 | 0x0000000000000008 | 23          | 19 15 1 5 5 1 6 6 6 0 5 0 0 2 0 2          |
 ├────────────────────┼─────────────┼────────────────────────────────────────────┤
 | 0x0000000000000009 | 25          | 25 16 10 6 6 4 1 3 3 0 0 0 0 0 2 9         |
 ├────────────────────┼─────────────┼────────────────────────────────────────────┤
 | 0x000000000000000a | 26          | 25 8 9 12 1 8 9 2 3 0 2 1 0 4 1 1          |
 ├────────────────────┼─────────────┼────────────────────────────────────────────┤
 | 0x000000000000000b | 7           | 17 11 3 1 2 1 0 1 0 0 0 0 2 1 1 4          |
 ├────────────────────┼─────────────┼────────────────────────────────────────────┤
 | 0x000000000000000c | 27          | 18 15 3 4 6 7 0 6 5 1 1 0 0 0 1 2          |
 ├────────────────────┼─────────────┼────────────────────────────────────────────┤
 | 0x000000000000000d | 1           | 29 14 0 5 0 1 5 0 3 4 0 3 0 2 2 2          |
 ├────────────────────┼─────────────┼────────────────────────────────────────────┤
 | 0x000000000000000e | 1           | 19 10 7 6 7 9 4 7 3 7 3 5 2 3 4 5          |
 ├────────────────────┼─────────────┼────────────────────────────────────────────┤
 | 0x000000000000000f | 1           | 26 19 15 15 7 8 8 9 13 10 12 10 7 8 11 11  |
 ├────────────────────┼─────────────┼────────────────────────────────────────────┤
 | 0x0000000000000010 | 19          | 26 4 7 13 9 0 1 3 2 1 1 1 1 1 6 6          |
 ├────────────────────┼─────────────┼────────────────────────────────────────────┤
 | 0x0000000000000011 | 18          | 25 9 2 7 1 1 7 2 8 3 3 0 0 1 7 10          |
 ├────────────────────┼─────────────┼────────────────────────────────────────────┤
 | 0x0000000000000012 | 3           | 23 19 13 4 2 3 4 5 1 3 1 1 1 1 1 3         |
 ├────────────────────┼─────────────┼────────────────────────────────────────────┤
 | 0x0000000000000013 | 11          | 25 12 5 8 0 2 7 0 6 4 0 5 0 2 4 0          |
 ├────────────────────┼─────────────┼────────────────────────────────────────────┤
 | 0x0000000000000014 | 18          | 17 8 3 3 6 4 2 2 2 3 1 1 1 2 3 5           |
 ├────────────────────┼─────────────┼────────────────────────────────────────────┤
 | 0x0000000000000015 | 14          | 16 7 3 0 0 1 0 1 1 0 0 0 0 2 1 8           |
 ├────────────────────┼─────────────┼────────────────────────────────────────────┤
 | 0x0000000000000016 | 21          | 16 10 5 7 2 2 3 2 2 2 1 2 1 2 3 4          |
 ├────────────────────┼─────────────┼────────────────────────────────────────────┤
 | 0x0000000000000017 | 13          | 26 13 2 1 1 0 0 0 0 3 0 0 0 0 0 11         |
 ├────────────────────┼─────────────┼────────────────────────────────────────────┤
 | 0x0000000000000018 | 28          | 27 8 5 5 1 2 0 1 0 1 1 1 4 4 0 5           |
 ├────────────────────┼─────────────┼────────────────────────────────────────────┤
 | 0x0000000000000019 | 14          | 25 14 1 0 0 0 0 0 0 0 0 0 0 0 0 3          |
 ├────────────────────┼─────────────┼────────────────────────────────────────────┤
 | 0x000000000000001a | 24          | 16 8 3 3 4 1 1 1 4 1 0 0 3 0 2 2           |
 ├────────────────────┼─────────────┼────────────────────────────────────────────┤
 | 0x000000000000001b | 24          | 23 20 14 6 2 0 1 2 1 1 1 0 0 1 0 0         |
 ├────────────────────┼─────────────┼────────────────────────────────────────────┤
 | 0x000000000000001c | 1           | 20 8 9 9 6 4 4 4 4 5 4 3 3 2 4 1           |
 ├────────────────────┼─────────────┼────────────────────────────────────────────┤
 | 0x000000000000001d | 8           | 17 9 0 2 1 3 4 3 3 2 1 1 0 1 2 2           |
 ├────────────────────┼─────────────┼────────────────────────────────────────────┤
 | 0x000000000000001e | 18          | 24 10 7 12 2 5 7 1 8 1 2 6 1 4 4 8         |
 ├────────────────────┼─────────────┼────────────────────────────────────────────┤
 | 0x000000000000001f | 7           | 28 21 8 6 3 2 3 3 3 7 5 4 3 2 1 9          |
 └────────────────────┴─────────────┴────────────────────────────────────────────┘
PC pattern table end
Prefetch buffer begin
 ┌────────────────────┬──────────────────────────────────────────────────────────────────┐
 | Region             | Pattern                                                          |
 ├────────────────────┼──────────────────────────────────────────────────────────────────┤
 | 0x00000000000002b3 | 0 0 0 0 0 0 0 0 0 0 0 0 0 0 0 0 0 0 0 0 0 0 0 0 0 0 0 0 0 0 2 2  |
 ├────────────────────┼──────────────────────────────────────────────────────────────────┤
 | 0x0000000000000953 | 2 0 0 2 2 0 0 0 0 2 2 0 0 2 0 0 0 0 0 0 0 0 0 0 0 2 2 0 0 2 2 2  |
 ├────────────────────┼──────────────────────────────────────────────────────────────────┤
 | 0x000000000000026e | 0 0 0 0 0 0 0 0 0 0 0 0 0 0 0 0 0 0 0 0 0 0 0 0 0 2 2 0 0 0 0 0  |
 ├────────────────────┼──────────────────────────────────────────────────────────────────┤
 | 0x00000000000002bd | 2 2 2 0 0 0 0 0 0 0 0 0 0 0 0 0 0 0 0 0 0 0 0 0 0 0 0 0 0 0 0 0  |
 ├────────────────────┼──────────────────────────────────────────────────────────────────┤
 | 0x00000000000007db | 0 0 0 0 0 0 0 0 0 0 0 0 0 0 0 0 0 0 0 2 0 0 2 2 0 0 0 0 0 0 0 0  |
 ├────────────────────┼──────────────────────────────────────────────────────────────────┤
 | 0x0000000000000890 | 0 0 0 0 0 0 0 0 0 0 0 0 0 0 0 0 0 0 0 0 2 2 2 2 2 0 0 2 2 2 2 0  |
 ├────────────────────┼──────────────────────────────────────────────────────────────────┤
 | 0x00000000000002cf | 0 0 0 0 0 0 0 0 0 0 0 0 2 2 2 2 2 2 2 2 2 2 2 2 2 0 0 0 0 0 0 0  |
 ├────────────────────┼──────────────────────────────────────────────────────────────────┤
 | 0x0000000000000872 | 0 0 0 0 0 0 0 0 0 0 0 0 2 2 2 2 2 2 2 0 0 0 0 0 0 2 2 0 0 0 0 0  |
 ├────────────────────┼──────────────────────────────────────────────────────────────────┤
 | 0x00000000000006dc | 2 2 2 2 2 0 0 0 0 0 0 0 0 0 0 0 0 0 0 0 0 0 0 0 0 0 0 0 0 0 0 0  |
 ├────────────────────┼──────────────────────────────────────────────────────────────────┤
 | 0x0000000000000ada | 0 0 0 0 0 0 0 0 0 0 0 0 0 2 2 2 2 0 2 0 2 2 0 2 2 2 2 0 0 0 0 0  |
 ├────────────────────┼──────────────────────────────────────────────────────────────────┤
 | 0x0000000000000a08 | 0 0 2 2 2 2 2 2 2 0 0 2 2 2 2 0 0 2 0 0 0 0 0 2 0 0 0 2 2 0 0 0  |
 ├────────────────────┼──────────────────────────────────────────────────────────────────┤
 | 0x0000000000000a06 | 0 0 0 0 0 0 0 0 0 0 0 2 2 2 0 0 0 0 0 0 0 0 0 0 0 2 2 0 0 0 0 0  |
 ├────────────────────┼──────────────────────────────────────────────────────────────────┤
 | 0x0000000000000a09 | 0 0 0 0 0 0 0 0 0 0 2 2 0 0 0 0 0 0 2 2 2 2 2 0 0 0 0 0 0 0 0 0  |
 ├────────────────────┼──────────────────────────────────────────────────────────────────┤
 | 0x0000000000000876 | 0 0 0 0 0 0 0 0 0 2 2 2 2 2 2 2 2 2 2 2 2 2 2 2 2 2 2 2 2 0 0 0  |
 ├────────────────────┼──────────────────────────────────────────────────────────────────┤
 | 0x0000000000000be3 | 0 0 0 0 0 0 0 0 0 0 0 0 0 0 0 0 0 0 0 0 0 0 0 0 0 0 0 0 0 2 0 0  |
 ├────────────────────┼──────────────────────────────────────────────────────────────────┤
 | 0x0000000000000289 | 2 2 2 2 0 0 0 0 0 0 0 0 0 0 0 0 0 0 0 0 0 0 0 0 0 0 0 0 0 0 0 0  |
 └────────────────────┴──────────────────────────────────────────────────────────────────┘
Prefetch buffer end
Filter by PPT: 0
cpu0_L2C
Num Con Filled: 0
Num Con Useful: 0 Useless:0 Accuracy: nan
LLC
