41 41 41
Available num physical pages: 35184372088576
WARNING: physical memory size is smaller than virtual memory size

*** ChampSim Multicore Out-of-Order Simulator ***

Warmup Instructions: 5000000
Simulation Instructions: 5000000
Number of CPUs: 1
Page size: 4096

Basic BTB sets: 1024 ways: 8 indirect buffer size: 4096 RAS size: 64
cpu0_L1D PMP prefetcher
Off-chip DRAM Size: 4 GiB Channels: 1 Width: 64-bit Data Rate: 3200 MT/s
Max paddr 11M
Warmup finished CPU 0 instructions: 5000001 cycles: 1250046 cumulative IPC: 3.99986 (Simulation time: 0 hr 2 min 48 sec) 

Warmup complete CPU 0 instructions: 5000001 cycles: 1250046 (Simulation time: 0 hr 2 min 48 sec) 

Heartbeat CPU 0 instructions: 10000002 cycles: 4887487 heartbeat IPC: 2.04605 cumulative IPC: 1.3746 (Simulation time: 0 hr 6 min 19 sec) 
Max paddr 18M
Simulation finished CPU 0 instructions: 5000001 cycles: 3637442 cumulative IPC: 1.3746 (Simulation time: 0 hr 6 min 19 sec) 

Simulation complete CPU 0 instructions: 5000001 cycles: 3637442 (Simulation time: 0 hr 6 min 19 sec) 


ChampSim completed all CPUs

[
  {
    "name": "Simulation",
    "traces": [
      "../traces/458.sjeng-31B.champsimtrace.xz"
    ],
    "roi": {
      "cores": [
        {
          "instructions": 5000001,
          "cycles": 3637442,
          "Avg ROB occupancy at mispredict": 16.5278, 
          "mispredict": {
            "BRANCH_DIRECT_JUMP": 512,
            "BRANCH_INDIRECT": 4751,
            "BRANCH_CONDITIONAL": 106573,
            "BRANCH_DIRECT_CALL": 5,
            "BRANCH_INDIRECT_CALL": 1342,
            "BRANCH_RETURN": 544
          }
        }
      ],
      "cpu0_L1I": {
        "LOAD": {
          "hit":236948,
          "miss":215
        },
        "RFO": {
          "hit":0,
          "miss":0
        },
        "PREFETCH": {
          "hit":0,
          "miss":0
        },
        "WRITE": {
          "hit":0,
          "miss":0
        },
        "TRANSLATION": {
          "hit":0,
          "miss":0
        },
        "mshr full": 0,
        "prefetch requested": 0,
        "prefetch issued": 0,
        "prefetch filled": 0,
        "prefetch useful": 0,
        "prefetch useless": 0,
        "prefetch late": 0,
        "pf_useful_at_l2_from_l1":          0,
        "pf_late_at_l2_from_l1":          0,
        "pf_useless_at_l2_from_l1":          0,
        "pf_at_l2_to_l1":          0,
        "pf_fill_this_level":          0,
        "miss latency": 1.29564,
        "cache queues": {
          "PQ_ACCESS": 0,
          "PQ_FULL": 0,
          "PQ_TO_CACHE": 0,
          "PQ_MERGED": 0,
          "RQ_ACCESS": 241906,
          "RQ_MERGED": 4743,
          "RQ_FULL": 0,
          "WQ_ACCESS": 0,
          "WQ_MERGED": 0,
          "WQ_FULL": 0
        }
      },
      "cpu0_ITLB": {
        "LOAD": {
          "hit":186242,
          "miss":0
        },
        "RFO": {
          "hit":0,
          "miss":0
        },
        "PREFETCH": {
          "hit":0,
          "miss":0
        },
        "WRITE": {
          "hit":0,
          "miss":0
        },
        "TRANSLATION": {
          "hit":0,
          "miss":0
        },
        "mshr full": 0,
        "prefetch requested": 0,
        "prefetch issued": 0,
        "prefetch filled": 0,
        "prefetch useful": 0,
        "prefetch useless": 0,
        "prefetch late": 0,
        "pf_useful_at_l2_from_l1":          0,
        "pf_late_at_l2_from_l1":          0,
        "pf_useless_at_l2_from_l1":          0,
        "pf_at_l2_to_l1":          0,
        "pf_fill_this_level":          0,
        "miss latency": null,
        "cache queues": {
          "PQ_ACCESS": 0,
          "PQ_FULL": 0,
          "PQ_TO_CACHE": 0,
          "PQ_MERGED": 0,
          "RQ_ACCESS": 186242,
          "RQ_MERGED": 0,
          "RQ_FULL": 0,
          "WQ_ACCESS": 0,
          "WQ_MERGED": 0,
          "WQ_FULL": 0
        }
      },
      "cpu0_DTLB": {
        "LOAD": {
          "hit":1613076,
          "miss":13437
        },
        "RFO": {
          "hit":0,
          "miss":0
        },
        "PREFETCH": {
          "hit":0,
          "miss":0
        },
        "WRITE": {
          "hit":0,
          "miss":0
        },
        "TRANSLATION": {
          "hit":0,
          "miss":0
        },
        "mshr full": 0,
        "prefetch requested": 0,
        "prefetch issued": 0,
        "prefetch filled": 0,
        "prefetch useful": 0,
        "prefetch useless": 0,
        "prefetch late": 0,
        "pf_useful_at_l2_from_l1":          0,
        "pf_late_at_l2_from_l1":          0,
        "pf_useless_at_l2_from_l1":          0,
        "pf_at_l2_to_l1":          0,
        "pf_fill_this_level":          0,
        "miss latency": 3.5184,
        "cache queues": {
          "PQ_ACCESS": 0,
          "PQ_FULL": 0,
          "PQ_TO_CACHE": 0,
          "PQ_MERGED": 0,
          "RQ_ACCESS": 1629957,
          "RQ_MERGED": 0,
          "RQ_FULL": 3444,
          "WQ_ACCESS": 0,
          "WQ_MERGED": 0,
          "WQ_FULL": 0
        }
      },
      "cpu0_STLB": {
        "LOAD": {
          "hit":6972,
          "miss":1591
        },
        "RFO": {
          "hit":0,
          "miss":0
        },
        "PREFETCH": {
          "hit":0,
          "miss":0
        },
        "WRITE": {
          "hit":0,
          "miss":0
        },
        "TRANSLATION": {
          "hit":0,
          "miss":0
        },
        "mshr full": 0,
        "prefetch requested": 0,
        "prefetch issued": 0,
        "prefetch filled": 0,
        "prefetch useful": 0,
        "prefetch useless": 0,
        "prefetch late": 0,
        "pf_useful_at_l2_from_l1":          0,
        "pf_late_at_l2_from_l1":          0,
        "pf_useless_at_l2_from_l1":          0,
        "pf_at_l2_to_l1":          0,
        "pf_fill_this_level":          0,
        "miss latency": 26.9607,
        "cache queues": {
          "PQ_ACCESS": 0,
          "PQ_FULL": 0,
          "PQ_TO_CACHE": 0,
          "PQ_MERGED": 0,
          "RQ_ACCESS": 8563,
          "RQ_MERGED": 0,
          "RQ_FULL": 0,
          "WQ_ACCESS": 0,
          "WQ_MERGED": 0,
          "WQ_FULL": 0
        }
      },
      "cpu0_L1D": {
        "LOAD": {
          "hit":1164988,
          "miss":3579
        },
        "RFO": {
          "hit":0,
          "miss":0
        },
        "PREFETCH": {
          "hit":18902,
          "miss":43320
        },
        "WRITE": {
          "hit":451858,
          "miss":6348
        },
        "TRANSLATION": {
          "hit":248,
          "miss":1907
        },
        "mshr full": 0,
        "prefetch requested": 62222,
        "prefetch issued": 62222,
        "prefetch filled": 1701,
        "prefetch useful": 207,
        "prefetch useless": 1514,
        "prefetch late": 3,
        "pf_useful_at_l2_from_l1":          0,
        "pf_late_at_l2_from_l1":          0,
        "pf_useless_at_l2_from_l1":          0,
        "pf_at_l2_to_l1":          0,
        "pf_fill_this_level":       1701,
        "miss latency": 3.57155,
        "cache queues": {
          "PQ_ACCESS": 62222,
          "PQ_FULL": 0,
          "PQ_TO_CACHE": 62222,
          "PQ_MERGED": 0,
          "RQ_ACCESS": 1168597,
          "RQ_MERGED": 31,
          "RQ_FULL": 0,
          "WQ_ACCESS": 458206,
          "WQ_MERGED": 0,
          "WQ_FULL": 0
        }
      },
      "cpu0_L2C": {
        "LOAD": {
          "hit":1244,
          "miss":1933
        },
        "RFO": {
          "hit":1336,
          "miss":198
        },
        "PREFETCH": {
          "hit":30315,
          "miss":12934
        },
        "WRITE": {
          "hit":2093,
          "miss":0
        },
        "TRANSLATION": {
          "hit":406,
          "miss":1501
        },
        "mshr full": 0,
        "prefetch requested": 0,
        "prefetch issued": 0,
        "prefetch filled": 12911,
        "prefetch useful": 0,
        "prefetch useless": 0,
        "prefetch late": 0,
        "pf_useful_at_l2_from_l1":        413,
        "pf_late_at_l2_from_l1":         23,
        "pf_useless_at_l2_from_l1":      11452,
        "pf_at_l2_to_l1":        104,
        "pf_fill_this_level":      11871,
        "miss latency": 36.7576,
        "cache queues": {
          "PQ_ACCESS": 43251,
          "PQ_FULL": 0,
          "PQ_TO_CACHE": 43251,
          "PQ_MERGED": 0,
          "RQ_ACCESS": 6618,
          "RQ_MERGED": 0,
          "RQ_FULL": 0,
          "WQ_ACCESS": 2117,
          "WQ_MERGED": 0,
          "WQ_FULL": 0
        }
      },
      "LLC": {
        "LOAD": {
          "hit": [230],
          "miss": [1699]
        },
        "RFO": {
          "hit": [107],
          "miss": [72]
        },
        "PREFETCH": {
          "hit": [1898],
          "miss": [11036]
        },
        "WRITE": {
          "hit": [1514],
          "miss": [0]
        },
        "TRANSLATION": {
          "hit": [46],
          "miss": [1455]
        },
        "mshr full": 0,
        "prefetch requested": 0,
        "prefetch issued": 0,
        "prefetch filled": 11036,
        "prefetch useful": 0,
        "prefetch useless": 0,
        "prefetch late": 0,
        "pf_useful_at_l2_from_l1":          0,
        "pf_late_at_l2_from_l1":          0,
        "pf_useless_at_l2_from_l1":          0,
        "pf_at_l2_to_l1":         42,
        "pf_fill_this_level":          0,
        "miss latency": 38.2725,
        "cache queues": {
          "PQ_ACCESS": 12934,
          "PQ_FULL": 0,
          "PQ_TO_CACHE": 12934,
          "PQ_MERGED": 0,
          "RQ_ACCESS": 3609,
          "RQ_MERGED": 0,
          "RQ_FULL": 0,
          "WQ_ACCESS": 1516,
          "WQ_MERGED": 0,
          "WQ_FULL": 0
        }
      },
      "DRAM": [
        {
          "RQ ROW_BUFFER_HIT": 8473,
          "RQ ROW_BUFFER_MISS": 5789,
          "PQ FULL": 0,
          "WQ ROW_BUFFER_HIT": 21,
          "WQ ROW_BUFFER_MISS": 375,
          "WQ FULL": 0,
          "AVG DBUS CONGESTED CYCLE": 3.9225
        }
      ]

    },
    "sim": {
      "cores": [
        {
          "instructions": 5000001,
          "cycles": 3637442,
          "Avg ROB occupancy at mispredict": 16.5278, 
          "mispredict": {
            "BRANCH_DIRECT_JUMP": 512,
            "BRANCH_INDIRECT": 4751,
            "BRANCH_CONDITIONAL": 106573,
            "BRANCH_DIRECT_CALL": 5,
            "BRANCH_INDIRECT_CALL": 1342,
            "BRANCH_RETURN": 544
          }
        }
      ],
      "cpu0_L1I": {
        "LOAD": {
          "hit":236948,
          "miss":215
        },
        "RFO": {
          "hit":0,
          "miss":0
        },
        "PREFETCH": {
          "hit":0,
          "miss":0
        },
        "WRITE": {
          "hit":0,
          "miss":0
        },
        "TRANSLATION": {
          "hit":0,
          "miss":0
        },
        "mshr full": 0,
        "prefetch requested": 0,
        "prefetch issued": 0,
        "prefetch filled": 0,
        "prefetch useful": 0,
        "prefetch useless": 0,
        "prefetch late": 0,
        "pf_useful_at_l2_from_l1":          0,
        "pf_late_at_l2_from_l1":          0,
        "pf_useless_at_l2_from_l1":          0,
        "pf_at_l2_to_l1":          0,
        "pf_fill_this_level":          0,
        "miss latency": 1.29564,
        "cache queues": {
          "PQ_ACCESS": 0,
          "PQ_FULL": 0,
          "PQ_TO_CACHE": 0,
          "PQ_MERGED": 0,
          "RQ_ACCESS": 241906,
          "RQ_MERGED": 4743,
          "RQ_FULL": 0,
          "WQ_ACCESS": 0,
          "WQ_MERGED": 0,
          "WQ_FULL": 0
        }
      },
      "cpu0_ITLB": {
        "LOAD": {
          "hit":186242,
          "miss":0
        },
        "RFO": {
          "hit":0,
          "miss":0
        },
        "PREFETCH": {
          "hit":0,
          "miss":0
        },
        "WRITE": {
          "hit":0,
          "miss":0
        },
        "TRANSLATION": {
          "hit":0,
          "miss":0
        },
        "mshr full": 0,
        "prefetch requested": 0,
        "prefetch issued": 0,
        "prefetch filled": 0,
        "prefetch useful": 0,
        "prefetch useless": 0,
        "prefetch late": 0,
        "pf_useful_at_l2_from_l1":          0,
        "pf_late_at_l2_from_l1":          0,
        "pf_useless_at_l2_from_l1":          0,
        "pf_at_l2_to_l1":          0,
        "pf_fill_this_level":          0,
        "miss latency": null,
        "cache queues": {
          "PQ_ACCESS": 0,
          "PQ_FULL": 0,
          "PQ_TO_CACHE": 0,
          "PQ_MERGED": 0,
          "RQ_ACCESS": 186242,
          "RQ_MERGED": 0,
          "RQ_FULL": 0,
          "WQ_ACCESS": 0,
          "WQ_MERGED": 0,
          "WQ_FULL": 0
        }
      },
      "cpu0_DTLB": {
        "LOAD": {
          "hit":1613076,
          "miss":13437
        },
        "RFO": {
          "hit":0,
          "miss":0
        },
        "PREFETCH": {
          "hit":0,
          "miss":0
        },
        "WRITE": {
          "hit":0,
          "miss":0
        },
        "TRANSLATION": {
          "hit":0,
          "miss":0
        },
        "mshr full": 0,
        "prefetch requested": 0,
        "prefetch issued": 0,
        "prefetch filled": 0,
        "prefetch useful": 0,
        "prefetch useless": 0,
        "prefetch late": 0,
        "pf_useful_at_l2_from_l1":          0,
        "pf_late_at_l2_from_l1":          0,
        "pf_useless_at_l2_from_l1":          0,
        "pf_at_l2_to_l1":          0,
        "pf_fill_this_level":          0,
        "miss latency": 3.5184,
        "cache queues": {
          "PQ_ACCESS": 0,
          "PQ_FULL": 0,
          "PQ_TO_CACHE": 0,
          "PQ_MERGED": 0,
          "RQ_ACCESS": 1629957,
          "RQ_MERGED": 0,
          "RQ_FULL": 3444,
          "WQ_ACCESS": 0,
          "WQ_MERGED": 0,
          "WQ_FULL": 0
        }
      },
      "cpu0_STLB": {
        "LOAD": {
          "hit":6972,
          "miss":1591
        },
        "RFO": {
          "hit":0,
          "miss":0
        },
        "PREFETCH": {
          "hit":0,
          "miss":0
        },
        "WRITE": {
          "hit":0,
          "miss":0
        },
        "TRANSLATION": {
          "hit":0,
          "miss":0
        },
        "mshr full": 0,
        "prefetch requested": 0,
        "prefetch issued": 0,
        "prefetch filled": 0,
        "prefetch useful": 0,
        "prefetch useless": 0,
        "prefetch late": 0,
        "pf_useful_at_l2_from_l1":          0,
        "pf_late_at_l2_from_l1":          0,
        "pf_useless_at_l2_from_l1":          0,
        "pf_at_l2_to_l1":          0,
        "pf_fill_this_level":          0,
        "miss latency": 26.9607,
        "cache queues": {
          "PQ_ACCESS": 0,
          "PQ_FULL": 0,
          "PQ_TO_CACHE": 0,
          "PQ_MERGED": 0,
          "RQ_ACCESS": 8563,
          "RQ_MERGED": 0,
          "RQ_FULL": 0,
          "WQ_ACCESS": 0,
          "WQ_MERGED": 0,
          "WQ_FULL": 0
        }
      },
      "cpu0_L1D": {
        "LOAD": {
          "hit":1164988,
          "miss":3579
        },
        "RFO": {
          "hit":0,
          "miss":0
        },
        "PREFETCH": {
          "hit":18902,
          "miss":43320
        },
        "WRITE": {
          "hit":451858,
          "miss":6348
        },
        "TRANSLATION": {
          "hit":248,
          "miss":1907
        },
        "mshr full": 0,
        "prefetch requested": 62222,
        "prefetch issued": 62222,
        "prefetch filled": 1701,
        "prefetch useful": 207,
        "prefetch useless": 1514,
        "prefetch late": 3,
        "pf_useful_at_l2_from_l1":          0,
        "pf_late_at_l2_from_l1":          0,
        "pf_useless_at_l2_from_l1":          0,
        "pf_at_l2_to_l1":          0,
        "pf_fill_this_level":       1701,
        "miss latency": 3.57155,
        "cache queues": {
          "PQ_ACCESS": 62222,
          "PQ_FULL": 0,
          "PQ_TO_CACHE": 62222,
          "PQ_MERGED": 0,
          "RQ_ACCESS": 1168597,
          "RQ_MERGED": 31,
          "RQ_FULL": 0,
          "WQ_ACCESS": 458206,
          "WQ_MERGED": 0,
          "WQ_FULL": 0
        }
      },
      "cpu0_L2C": {
        "LOAD": {
          "hit":1244,
          "miss":1933
        },
        "RFO": {
          "hit":1336,
          "miss":198
        },
        "PREFETCH": {
          "hit":30315,
          "miss":12934
        },
        "WRITE": {
          "hit":2093,
          "miss":0
        },
        "TRANSLATION": {
          "hit":406,
          "miss":1501
        },
        "mshr full": 0,
        "prefetch requested": 0,
        "prefetch issued": 0,
        "prefetch filled": 12911,
        "prefetch useful": 0,
        "prefetch useless": 0,
        "prefetch late": 0,
        "pf_useful_at_l2_from_l1":        413,
        "pf_late_at_l2_from_l1":         23,
        "pf_useless_at_l2_from_l1":      11452,
        "pf_at_l2_to_l1":        104,
        "pf_fill_this_level":      11871,
        "miss latency": 36.7576,
        "cache queues": {
          "PQ_ACCESS": 43251,
          "PQ_FULL": 0,
          "PQ_TO_CACHE": 43251,
          "PQ_MERGED": 0,
          "RQ_ACCESS": 6618,
          "RQ_MERGED": 0,
          "RQ_FULL": 0,
          "WQ_ACCESS": 2117,
          "WQ_MERGED": 0,
          "WQ_FULL": 0
        }
      },
      "LLC": {
        "LOAD": {
          "hit": [230],
          "miss": [1699]
        },
        "RFO": {
          "hit": [107],
          "miss": [72]
        },
        "PREFETCH": {
          "hit": [1898],
          "miss": [11036]
        },
        "WRITE": {
          "hit": [1514],
          "miss": [0]
        },
        "TRANSLATION": {
          "hit": [46],
          "miss": [1455]
        },
        "mshr full": 0,
        "prefetch requested": 0,
        "prefetch issued": 0,
        "prefetch filled": 11036,
        "prefetch useful": 0,
        "prefetch useless": 0,
        "prefetch late": 0,
        "pf_useful_at_l2_from_l1":          0,
        "pf_late_at_l2_from_l1":          0,
        "pf_useless_at_l2_from_l1":          0,
        "pf_at_l2_to_l1":         42,
        "pf_fill_this_level":          0,
        "miss latency": 38.2725,
        "cache queues": {
          "PQ_ACCESS": 12934,
          "PQ_FULL": 0,
          "PQ_TO_CACHE": 12934,
          "PQ_MERGED": 0,
          "RQ_ACCESS": 3609,
          "RQ_MERGED": 0,
          "RQ_FULL": 0,
          "WQ_ACCESS": 1516,
          "WQ_MERGED": 0,
          "WQ_FULL": 0
        }
      },
      "DRAM": [
        {
          "RQ ROW_BUFFER_HIT": 8473,
          "RQ ROW_BUFFER_MISS": 5789,
          "PQ FULL": 0,
          "WQ ROW_BUFFER_HIT": 21,
          "WQ ROW_BUFFER_MISS": 375,
          "WQ FULL": 0,
          "AVG DBUS CONGESTED CYCLE": 3.9225
        }
      ]

    }
  }
]
cpu0_ITLB
cpu0_DTLB
cpu0_STLB
Prefetch Request to L1: 4122, Prefetch Request to L2: 58100
Invalid by Eviction: 957
Invalid by Max: 7600
Filter table begin
 ┌────────────────────┬─────────────┐
 | Region             | Offset      |
 ├────────────────────┼─────────────┤
 | 0x0000000000000276 | 21          |
 ├────────────────────┼─────────────┤
 | 0x00000000000025ce | 9           |
 ├────────────────────┼─────────────┤
 | 0x00000000000002b5 | 21          |
 ├────────────────────┼─────────────┤
 | 0x0000000000000240 | 4           |
 ├────────────────────┼─────────────┤
 | 0x00000000000019fd | 11          |
 ├────────────────────┼─────────────┤
 | 0x00000000000002ae | 15          |
 ├────────────────────┼─────────────┤
 | 0x00000000000002a7 | 8           |
 ├────────────────────┼─────────────┤
 | 0x0000000000000237 | 29          |
 ├────────────────────┼─────────────┤
 | 0x00000000000003e3 | 27          |
 ├────────────────────┼─────────────┤
 | 0x00000000000025a3 | 13          |
 ├────────────────────┼─────────────┤
 | 0x00000000000025c6 | 2           |
 ├────────────────────┼─────────────┤
 | 0x00000000000025d4 | 31          |
 ├────────────────────┼─────────────┤
 | 0x0000000000000236 | 4           |
 ├────────────────────┼─────────────┤
 | 0x00000000000002bd | 26          |
 ├────────────────────┼─────────────┤
 | 0x0000000000000241 | 20          |
 ├────────────────────┼─────────────┤
 | 0x000000000000022e | 4           |
 ├────────────────────┼─────────────┤
 | 0x00000000000025c5 | 13          |
 ├────────────────────┼─────────────┤
 | 0x00000000000025cc | 13          |
 ├────────────────────┼─────────────┤
 | 0x00000000000023c6 | 7           |
 ├────────────────────┼─────────────┤
 | 0x0000000000000293 | 0           |
 ├────────────────────┼─────────────┤
 | 0x00000000000022ae | 13          |
 ├────────────────────┼─────────────┤
 | 0x0000000000002264 | 9           |
 ├────────────────────┼─────────────┤
 | 0x00000000000025d7 | 6           |
 ├────────────────────┼─────────────┤
 | 0x00000000000003cc | 31          |
 ├────────────────────┼─────────────┤
 | 0x0000000000000243 | 16          |
 ├────────────────────┼─────────────┤
 | 0x00000000000025ba | 14          |
 ├────────────────────┼─────────────┤
 | 0x00000000000003e1 | 5           |
 ├────────────────────┼─────────────┤
 | 0x00000000000002c8 | 18          |
 ├────────────────────┼─────────────┤
 | 0x000000000000030f | 19          |
 ├────────────────────┼─────────────┤
 | 0x00000000000025d8 | 17          |
 ├────────────────────┼─────────────┤
 | 0x000000000000027b | 18          |
 ├────────────────────┼─────────────┤
 | 0x00000000000002aa | 16          |
 ├────────────────────┼─────────────┤
 | 0x0000000000000313 | 20          |
 ├────────────────────┼─────────────┤
 | 0x00000000000002c6 | 17          |
 ├────────────────────┼─────────────┤
 | 0x0000000000000233 | 1           |
 ├────────────────────┼─────────────┤
 | 0x0000000000000260 | 21          |
 ├────────────────────┼─────────────┤
 | 0x000000000000036d | 24          |
 ├────────────────────┼─────────────┤
 | 0x00000000000025c2 | 5           |
 ├────────────────────┼─────────────┤
 | 0x0000000000000257 | 23          |
 ├────────────────────┼─────────────┤
 | 0x00000000000025bc | 14          |
 ├────────────────────┼─────────────┤
 | 0x0000000000000232 | 27          |
 ├────────────────────┼─────────────┤
 | 0x000000000000027a | 31          |
 ├────────────────────┼─────────────┤
 | 0x0000000000000262 | 23          |
 ├────────────────────┼─────────────┤
 | 0x000000000000125c | 30          |
 ├────────────────────┼─────────────┤
 | 0x0000000000000541 | 0           |
 ├────────────────────┼─────────────┤
 | 0x000000000000049d | 10          |
 ├────────────────────┼─────────────┤
 | 0x00000000000002cd | 16          |
 ├────────────────────┼─────────────┤
 | 0x00000000000002a8 | 6           |
 ├────────────────────┼─────────────┤
 | 0x000000000000034b | 24          |
 ├────────────────────┼─────────────┤
 | 0x00000000000019fb | 20          |
 ├────────────────────┼─────────────┤
 | 0x000000000000034a | 24          |
 ├────────────────────┼─────────────┤
 | 0x00000000000003d3 | 29          |
 ├────────────────────┼─────────────┤
 | 0x0000000000000230 | 28          |
 ├────────────────────┼─────────────┤
 | 0x0000000000000741 | 16          |
 ├────────────────────┼─────────────┤
 | 0x000000000000025c | 5           |
 ├────────────────────┼─────────────┤
 | 0x0000000000000736 | 26          |
 ├────────────────────┼─────────────┤
 | 0x00000000000003bf | 23          |
 ├────────────────────┼─────────────┤
 | 0x00000000000025db | 8           |
 └────────────────────┴─────────────┘
Filter table end
Accumulation table begin
 ┌────────────────────┬─────────────┬─────────────┬──────────────────────────────────────────────────────────────────┐
 | Region             | Offset      | Second      | Pattern                                                          |
 ├────────────────────┼─────────────┼─────────────┼──────────────────────────────────────────────────────────────────┤
 | 0x0000000000000318 | 10          | 16          | 0 0 0 0 0 0 0 0 0 0 1 0 0 0 0 0 1 0 0 0 0 0 0 0 0 0 0 0 0 0 0 0  |
 ├────────────────────┼─────────────┼─────────────┼──────────────────────────────────────────────────────────────────┤
 | 0x00000000000002c7 | 11          | 15          | 0 0 0 0 0 0 0 0 0 0 0 1 1 1 1 1 1 1 1 0 0 0 0 0 0 0 0 0 0 0 0 0  |
 ├────────────────────┼─────────────┼─────────────┼──────────────────────────────────────────────────────────────────┤
 | 0x0000000000000254 | 10          | 11          | 0 0 0 0 0 0 0 1 0 0 1 1 1 0 0 0 0 0 0 0 0 0 0 0 0 0 0 0 0 0 0 0  |
 ├────────────────────┼─────────────┼─────────────┼──────────────────────────────────────────────────────────────────┤
 | 0x0000000000000219 | 10          | 19          | 1 1 1 1 1 0 1 0 0 0 1 0 0 0 0 1 1 0 0 1 1 0 0 0 0 0 0 0 0 0 0 0  |
 ├────────────────────┼─────────────┼─────────────┼──────────────────────────────────────────────────────────────────┤
 | 0x0000000000000216 | 3           | 12          | 0 0 0 1 1 1 1 1 1 0 0 0 1 1 1 1 1 1 0 0 0 1 0 0 1 1 1 0 0 0 1 0  |
 ├────────────────────┼─────────────┼─────────────┼──────────────────────────────────────────────────────────────────┤
 | 0x000000000000024f | 14          | 7           | 0 0 0 0 0 0 0 1 0 0 0 0 0 0 1 0 0 0 0 0 0 0 0 0 0 0 0 0 0 0 0 0  |
 ├────────────────────┼─────────────┼─────────────┼──────────────────────────────────────────────────────────────────┤
 | 0x0000000000000231 | 2           | 5           | 0 0 1 0 0 1 0 0 0 0 0 1 0 0 1 0 0 0 0 0 1 0 0 0 0 0 0 0 0 0 0 0  |
 ├────────────────────┼─────────────┼─────────────┼──────────────────────────────────────────────────────────────────┤
 | 0x0000000000000261 | 21          | 22          | 0 0 0 0 0 0 0 0 0 0 0 0 0 0 0 1 1 1 1 1 1 1 1 1 0 0 0 0 0 0 0 0  |
 ├────────────────────┼─────────────┼─────────────┼──────────────────────────────────────────────────────────────────┤
 | 0x0000000000000220 | 11          | 12          | 0 0 0 0 0 0 0 0 0 0 0 1 1 0 0 0 0 0 0 0 0 0 0 0 0 0 0 0 0 0 0 0  |
 ├────────────────────┼─────────────┼─────────────┼──────────────────────────────────────────────────────────────────┤
 | 0x000000000000021f | 12          | 17          | 0 0 0 0 0 0 0 0 0 0 0 0 1 1 1 1 1 1 1 1 1 1 0 0 0 0 0 0 0 0 0 0  |
 ├────────────────────┼─────────────┼─────────────┼──────────────────────────────────────────────────────────────────┤
 | 0x00000000000002b3 | 2           | 1           | 0 1 1 0 0 0 0 0 0 0 0 0 0 0 0 0 0 0 0 0 0 0 0 0 0 0 0 0 0 0 0 0  |
 ├────────────────────┼─────────────┼─────────────┼──────────────────────────────────────────────────────────────────┤
 | 0x0000000000000229 | 19          | 18          | 0 0 0 0 0 0 0 0 0 0 0 1 0 0 0 1 1 0 1 1 0 0 0 0 0 0 0 0 0 0 0 0  |
 ├────────────────────┼─────────────┼─────────────┼──────────────────────────────────────────────────────────────────┤
 | 0x0000000000000279 | 28          | 31          | 0 0 0 0 0 0 0 0 0 0 0 0 0 0 0 0 0 0 0 0 0 0 0 0 0 0 0 0 1 0 1 1  |
 ├────────────────────┼─────────────┼─────────────┼──────────────────────────────────────────────────────────────────┤
 | 0x0000000000000268 | 27          | 28          | 0 0 0 0 0 0 0 1 0 0 1 1 0 0 0 0 0 0 0 0 0 0 0 0 0 0 0 1 1 0 1 0  |
 ├────────────────────┼─────────────┼─────────────┼──────────────────────────────────────────────────────────────────┤
 | 0x000000000000023d | 6           | 0           | 1 0 0 0 0 0 1 0 0 0 0 0 0 0 0 0 0 0 0 0 0 0 0 0 0 0 0 0 0 0 0 0  |
 ├────────────────────┼─────────────┼─────────────┼──────────────────────────────────────────────────────────────────┤
 | 0x0000000000000285 | 13          | 11          | 0 0 0 0 0 0 0 0 0 0 1 1 0 1 0 0 0 0 0 0 0 0 0 0 0 0 0 0 0 0 0 0  |
 ├────────────────────┼─────────────┼─────────────┼──────────────────────────────────────────────────────────────────┤
 | 0x000000000000022b | 26          | 5           | 0 0 0 0 0 1 0 0 0 0 0 0 0 0 0 0 0 0 0 0 0 0 0 0 0 0 1 0 0 0 0 0  |
 ├────────────────────┼─────────────┼─────────────┼──────────────────────────────────────────────────────────────────┤
 | 0x0000000000000265 | 22          | 19          | 0 0 0 0 0 0 0 0 0 0 0 0 0 0 0 0 0 0 0 1 1 0 1 0 0 0 0 0 0 0 0 0  |
 ├────────────────────┼─────────────┼─────────────┼──────────────────────────────────────────────────────────────────┤
 | 0x0000000000000218 | 30          | 31          | 0 0 0 0 0 0 0 0 0 0 0 0 0 0 0 0 0 0 0 0 0 0 0 0 0 0 0 0 0 0 1 1  |
 ├────────────────────┼─────────────┼─────────────┼──────────────────────────────────────────────────────────────────┤
 | 0x0000000000000263 | 23          | 24          | 0 0 0 0 0 0 0 0 0 0 0 0 0 0 0 0 0 0 0 0 0 0 0 1 1 1 0 0 0 0 0 0  |
 ├────────────────────┼─────────────┼─────────────┼──────────────────────────────────────────────────────────────────┤
 | 0x00000000000003e0 | 10          | 31          | 0 0 0 0 1 0 0 0 0 0 1 0 0 0 0 0 0 0 0 0 0 0 0 0 0 0 0 0 0 0 0 1  |
 ├────────────────────┼─────────────┼─────────────┼──────────────────────────────────────────────────────────────────┤
 | 0x0000000000000269 | 7           | 21          | 0 0 0 0 0 0 0 1 0 0 0 0 0 0 0 1 0 0 0 0 0 1 0 1 1 0 0 0 0 0 0 0  |
 ├────────────────────┼─────────────┼─────────────┼──────────────────────────────────────────────────────────────────┤
 | 0x000000000000021d | 7           | 8           | 0 0 0 0 0 0 1 1 1 1 1 1 1 1 1 0 0 0 0 0 0 0 0 0 0 0 0 0 0 0 0 0  |
 ├────────────────────┼─────────────┼─────────────┼──────────────────────────────────────────────────────────────────┤
 | 0x0000000000000266 | 12          | 14          | 0 0 0 0 0 0 0 0 0 0 0 0 1 1 1 0 0 0 0 0 0 0 0 0 0 0 0 0 0 0 0 0  |
 ├────────────────────┼─────────────┼─────────────┼──────────────────────────────────────────────────────────────────┤
 | 0x0000000000000319 | 11          | 5           | 0 0 0 0 0 1 0 0 0 0 0 1 0 0 0 0 0 0 0 0 0 0 0 0 0 0 0 0 0 0 0 0  |
 ├────────────────────┼─────────────┼─────────────┼──────────────────────────────────────────────────────────────────┤
 | 0x0000000000000228 | 6           | 0           | 1 1 0 0 0 0 1 0 0 0 0 0 0 0 0 1 0 0 0 0 1 0 0 0 0 0 0 0 0 1 0 0  |
 ├────────────────────┼─────────────┼─────────────┼──────────────────────────────────────────────────────────────────┤
 | 0x000000000000025a | 6           | 3           | 1 1 1 1 0 1 1 0 0 0 0 0 0 0 0 0 0 0 1 1 1 1 1 0 0 0 0 0 1 1 1 1  |
 ├────────────────────┼─────────────┼─────────────┼──────────────────────────────────────────────────────────────────┤
 | 0x000000000000025f | 20          | 21          | 0 0 0 0 0 0 0 0 0 0 0 0 0 0 1 1 1 1 1 0 1 1 1 0 0 0 0 0 0 0 0 0  |
 ├────────────────────┼─────────────┼─────────────┼──────────────────────────────────────────────────────────────────┤
 | 0x0000000000000227 | 17          | 12          | 0 1 1 1 1 1 1 1 0 0 1 0 1 1 1 1 1 1 1 0 1 1 0 0 1 0 0 0 0 0 0 1  |
 ├────────────────────┼─────────────┼─────────────┼──────────────────────────────────────────────────────────────────┤
 | 0x00000000000002ac | 10          | 11          | 0 0 0 0 0 0 0 0 0 0 1 1 1 0 0 0 0 0 0 0 0 0 0 0 0 0 0 0 0 0 0 0  |
 ├────────────────────┼─────────────┼─────────────┼──────────────────────────────────────────────────────────────────┤
 | 0x0000000000000239 | 25          | 31          | 0 0 0 0 0 0 0 0 0 0 0 0 0 0 0 0 1 0 0 0 0 0 1 0 0 1 0 0 0 0 0 1  |
 ├────────────────────┼─────────────┼─────────────┼──────────────────────────────────────────────────────────────────┤
 | 0x0000000000000540 | 26          | 17          | 0 0 0 0 0 0 0 0 0 0 0 0 0 0 0 0 0 1 0 0 0 0 0 0 0 0 1 0 0 0 0 0  |
 └────────────────────┴─────────────┴─────────────┴──────────────────────────────────────────────────────────────────┘
Accumulation table end
Offset pattern table begin
 ┌────────────────────┬─────────────┬───────────────────────────────────────────────────────────────────────┐
 | Key                | Second      | Pattern                                                               |
 ├────────────────────┼─────────────┼───────────────────────────────────────────────────────────────────────┤
 | 0x0000000000000000 | 1           | 21 15 6 5 4 3 4 3 4 4 2 2 2 2 1 1 1 1 0 1 0 0 1 0 0 0 1 1 0 1 1 1     |
 ├────────────────────┼─────────────┼───────────────────────────────────────────────────────────────────────┤
 | 0x0000000000000001 | 3           | 29 1 1 11 2 1 1 1 1 22 1 1 1 2 1 1 1 1 3 0 0 0 0 0 0 0 0 0 0 0 10 5   |
 ├────────────────────┼─────────────┼───────────────────────────────────────────────────────────────────────┤
 | 0x0000000000000002 | 5           | 25 9 4 10 0 1 0 0 0 9 1 0 9 1 0 0 0 0 7 0 0 0 0 0 0 0 0 0 0 0 0 8     |
 ├────────────────────┼─────────────┼───────────────────────────────────────────────────────────────────────┤
 | 0x0000000000000003 | 0           | 28 7 4 5 4 3 0 0 0 3 2 2 2 2 2 0 0 0 5 2 2 5 3 3 0 0 0 5 1 3 7 16     |
 ├────────────────────┼─────────────┼───────────────────────────────────────────────────────────────────────┤
 | 0x0000000000000004 | 3           | 27 11 9 4 3 3 2 1 3 1 4 2 0 1 1 0 2 3 3 0 0 0 0 0 0 0 0 0 2 5 6 14    |
 ├────────────────────┼─────────────┼───────────────────────────────────────────────────────────────────────┤
 | 0x0000000000000005 | 14          | 16 7 5 4 0 0 3 0 0 1 0 0 0 0 0 0 0 0 0 0 0 0 0 0 0 0 0 1 0 0 1 5      |
 ├────────────────────┼─────────────┼───────────────────────────────────────────────────────────────────────┤
 | 0x0000000000000006 | 0           | 25 1 1 0 0 0 0 0 0 2 0 0 0 0 5 1 2 0 0 0 0 2 2 13 2 3 20 10 2 3 0 6   |
 ├────────────────────┼─────────────┼───────────────────────────────────────────────────────────────────────┤
 | 0x0000000000000007 | 8           | 19 11 6 6 5 5 5 4 3 2 2 0 0 1 0 0 0 1 1 0 0 0 0 0 0 2 2 1 1 1 4 7     |
 ├────────────────────┼─────────────┼───────────────────────────────────────────────────────────────────────┤
 | 0x0000000000000008 | 2           | 23 8 6 5 6 6 5 4 3 2 1 0 2 2 1 1 1 0 0 0 0 0 0 1 1 2 2 3 4 10 12 17   |
 ├────────────────────┼─────────────┼───────────────────────────────────────────────────────────────────────┤
 | 0x0000000000000009 | 8           | 26 22 11 7 6 6 3 3 2 2 1 1 1 1 0 0 0 0 0 0 0 0 0 0 0 1 1 1 3 3 3 4    |
 ├────────────────────┼─────────────┼───────────────────────────────────────────────────────────────────────┤
 | 0x000000000000000a | 9           | 24 7 2 3 0 1 3 0 0 0 0 0 0 0 0 0 0 0 0 0 0 5 1 2 1 1 10 1 1 3 1 5     |
 ├────────────────────┼─────────────┼───────────────────────────────────────────────────────────────────────┤
 | 0x000000000000000b | 9           | 24 10 12 2 1 1 0 0 0 1 0 0 0 0 0 0 0 0 0 0 0 1 1 0 1 1 3 1 0 0 1 10   |
 ├────────────────────┼─────────────┼───────────────────────────────────────────────────────────────────────┤
 | 0x000000000000000c | 13          | 22 12 6 4 5 5 4 3 5 6 6 1 2 2 0 0 0 0 0 1 0 0 1 4 4 1 1 3 2 2 2 4     |
 ├────────────────────┼─────────────┼───────────────────────────────────────────────────────────────────────┤
 | 0x000000000000000d | 12          | 21 2 2 2 2 2 2 2 2 1 0 0 0 0 0 0 0 0 0 0 0 0 0 0 0 0 0 0 0 12 13 6    |
 ├────────────────────┼─────────────┼───────────────────────────────────────────────────────────────────────┤
 | 0x000000000000000e | 15          | 29 12 6 5 4 4 16 4 3 2 0 0 0 0 0 0 0 0 0 0 0 0 0 10 0 4 0 0 0 11 1 1  |
 ├────────────────────┼─────────────┼───────────────────────────────────────────────────────────────────────┤
 | 0x000000000000000f | 0           | 19 10 8 3 3 4 5 4 7 2 2 0 0 0 1 0 0 1 0 0 1 1 3 1 3 0 0 0 0 0 0 3     |
 ├────────────────────┼─────────────┼───────────────────────────────────────────────────────────────────────┤
 | 0x0000000000000010 | 22          | 17 9 8 8 4 3 5 6 4 5 2 0 0 0 0 1 0 0 0 0 1 0 1 3 1 0 0 0 2 1 1 5      |
 ├────────────────────┼─────────────┼───────────────────────────────────────────────────────────────────────┤
 | 0x0000000000000011 | 18          | 16 6 1 3 4 2 11 3 4 1 0 0 0 2 3 0 2 2 3 3 1 2 2 3 2 0 0 3 3 3 3 3     |
 ├────────────────────┼─────────────┼───────────────────────────────────────────────────────────────────────┤
 | 0x0000000000000012 | 22          | 17 11 11 6 7 7 6 6 6 1 0 0 0 0 1 0 0 0 0 0 0 0 0 0 0 0 0 0 0 2 2 4    |
 ├────────────────────┼─────────────┼───────────────────────────────────────────────────────────────────────┤
 | 0x0000000000000013 | 1           | 26 12 4 5 4 4 4 3 2 1 0 0 0 0 0 0 0 0 0 0 1 0 0 0 1 1 2 4 12 6 2 14   |
 ├────────────────────┼─────────────┼───────────────────────────────────────────────────────────────────────┤
 | 0x0000000000000014 | 21          | 31 15 9 5 1 1 3 1 1 5 2 0 0 0 0 0 0 1 0 0 0 0 0 1 1 3 5 3 4 4 8 10    |
 ├────────────────────┼─────────────┼───────────────────────────────────────────────────────────────────────┤
 | 0x0000000000000015 | 22          | 28 10 8 3 1 0 0 14 1 4 4 0 0 0 0 0 1 0 1 0 0 0 0 0 0 0 1 1 1 3 3 4    |
 ├────────────────────┼─────────────┼───────────────────────────────────────────────────────────────────────┤
 | 0x0000000000000016 | 17          | 18 5 2 3 1 1 0 0 0 2 0 0 0 0 1 0 0 2 0 0 0 0 0 0 0 1 4 2 7 8 9 5      |
 ├────────────────────┼─────────────┼───────────────────────────────────────────────────────────────────────┤
 | 0x0000000000000017 | 8           | 31 5 3 4 0 0 0 0 0 21 0 0 0 0 0 0 0 0 0 0 0 1 1 3 2 3 1 1 1 1 1 2     |
 ├────────────────────┼─────────────┼───────────────────────────────────────────────────────────────────────┤
 | 0x0000000000000018 | 25          | 25 19 9 5 2 2 1 1 1 0 0 1 0 0 0 0 0 0 0 0 0 0 0 0 3 1 2 3 3 5 5 8     |
 ├────────────────────┼─────────────┼───────────────────────────────────────────────────────────────────────┤
 | 0x0000000000000019 | 24          | 31 17 6 3 2 2 6 0 0 0 2 2 2 2 8 2 0 0 0 0 0 0 2 5 0 0 3 3 7 11 9 18   |
 ├────────────────────┼─────────────┼───────────────────────────────────────────────────────────────────────┤
 | 0x000000000000001a | 27          | 16 7 6 0 0 0 1 0 0 0 0 1 1 1 0 0 0 0 0 0 0 1 0 2 0 0 0 0 0 1 1 3      |
 ├────────────────────┼─────────────┼───────────────────────────────────────────────────────────────────────┤
 | 0x000000000000001b | 24          | 25 13 7 2 1 10 0 0 0 0 1 9 0 0 0 0 0 0 0 0 0 0 0 1 0 0 0 1 1 2 3 4    |
 ├────────────────────┼─────────────┼───────────────────────────────────────────────────────────────────────┤
 | 0x000000000000001c | 30          | 17 4 9 7 0 1 0 0 0 0 0 0 0 0 0 0 0 0 0 0 0 0 0 0 0 1 1 1 1 2 2 5      |
 ├────────────────────┼─────────────┼───────────────────────────────────────────────────────────────────────┤
 | 0x000000000000001d | 26          | 16 14 9 1 1 1 0 0 0 0 0 0 0 0 0 0 0 0 0 0 0 0 0 0 0 0 0 0 0 2 2 1     |
 ├────────────────────┼─────────────┼───────────────────────────────────────────────────────────────────────┤
 | 0x000000000000001e | 31          | 29 23 0 0 0 0 0 0 0 0 0 0 0 0 1 0 0 0 0 0 0 0 0 0 0 0 0 0 0 0 0 4     |
 ├────────────────────┼─────────────┼───────────────────────────────────────────────────────────────────────┤
 | 0x000000000000001f | 20          | 28 1 1 1 2 4 1 0 2 0 0 2 1 2 2 1 1 0 0 2 2 3 9 7 2 0 0 0 6 7 3 11     |
 └────────────────────┴─────────────┴───────────────────────────────────────────────────────────────────────┘
Offset pattern table end
PC pattern table begin
 ┌────────────────────┬─────────────┬──────────────────────────────────────────┐
 | Key                | Second      | Pattern                                  |
 ├────────────────────┼─────────────┼──────────────────────────────────────────┤
 | 0x0000000000000000 | 15          | 31 18 9 6 6 6 5 3 2 1 0 0 0 2 2 5        |
 ├────────────────────┼─────────────┼──────────────────────────────────────────┤
 | 0x0000000000000001 | 8           | 19 11 4 2 0 3 3 3 0 3 2 3 2 0 3 6        |
 ├────────────────────┼─────────────┼──────────────────────────────────────────┤
 | 0x0000000000000002 | 13          | 26 7 0 0 0 0 0 0 0 0 0 0 0 0 0 15        |
 ├────────────────────┼─────────────┼──────────────────────────────────────────┤
 | 0x0000000000000003 | 3           | 24 14 2 2 2 1 1 1 1 1 0 0 3 0 1 5        |
 ├────────────────────┼─────────────┼──────────────────────────────────────────┤
 | 0x0000000000000004 | 8           | 24 3 0 2 0 0 0 1 1 0 0 0 3 5 6 17        |
 ├────────────────────┼─────────────┼──────────────────────────────────────────┤
 | 0x0000000000000005 | 19          | 18 2 2 2 1 1 1 1 1 2 2 2 1 1 16 15       |
 ├────────────────────┼─────────────┼──────────────────────────────────────────┤
 | 0x0000000000000006 | 2           | 23 5 4 3 3 3 3 1 1 3 3 3 2 2 5 5         |
 ├────────────────────┼─────────────┼──────────────────────────────────────────┤
 | 0x0000000000000007 | 10          | 29 0 0 0 6 0 0 9 0 0 0 26 5 25 1 1       |
 ├────────────────────┼─────────────┼──────────────────────────────────────────┤
 | 0x0000000000000008 | 9           | 29 21 10 4 2 1 0 1 0 0 0 0 1 5 7 13      |
 ├────────────────────┼─────────────┼──────────────────────────────────────────┤
 | 0x0000000000000009 | 2           | 23 13 3 0 0 0 0 0 0 0 0 0 0 0 2 5        |
 ├────────────────────┼─────────────┼──────────────────────────────────────────┤
 | 0x000000000000000a | 20          | 16 10 0 0 1 0 0 0 0 0 0 1 0 1 0 2        |
 ├────────────────────┼─────────────┼──────────────────────────────────────────┤
 | 0x000000000000000b | 21          | 29 20 18 19 18 9 0 0 2 0 0 0 0 2 0 0     |
 ├────────────────────┼─────────────┼──────────────────────────────────────────┤
 | 0x000000000000000c | 20          | 25 4 1 3 1 0 0 2 1 0 1 5 1 0 6 11        |
 ├────────────────────┼─────────────┼──────────────────────────────────────────┤
 | 0x000000000000000d | 0           | 25 8 3 3 0 0 0 4 0 0 0 1 0 0 2 6         |
 ├────────────────────┼─────────────┼──────────────────────────────────────────┤
 | 0x000000000000000e | 19          | 29 11 4 3 4 1 0 0 0 0 5 0 0 1 22 10      |
 ├────────────────────┼─────────────┼──────────────────────────────────────────┤
 | 0x000000000000000f | 23          | 20 4 0 3 11 10 2 2 1 1 1 7 7 2 3 7       |
 ├────────────────────┼─────────────┼──────────────────────────────────────────┤
 | 0x0000000000000010 | 20          | 22 18 17 9 4 3 1 1 0 1 1 1 1 0 1 1       |
 ├────────────────────┼─────────────┼──────────────────────────────────────────┤
 | 0x0000000000000011 | 30          | 22 19 0 0 0 0 0 0 0 0 0 0 0 0 0 1        |
 ├────────────────────┼─────────────┼──────────────────────────────────────────┤
 | 0x0000000000000012 | 21          | 24 2 5 8 9 2 11 10 0 2 1 6 4 0 7 3       |
 ├────────────────────┼─────────────┼──────────────────────────────────────────┤
 | 0x0000000000000013 | 22          | 17 9 1 1 1 1 0 1 1 1 1 2 1 1 3 6         |
 ├────────────────────┼─────────────┼──────────────────────────────────────────┤
 | 0x0000000000000014 | 0           | 18 0 0 8 0 1 3 2 0 0 3 2 1 5 5 2         |
 ├────────────────────┼─────────────┼──────────────────────────────────────────┤
 | 0x0000000000000015 | 4           | 23 12 4 2 2 5 3 5 3 0 1 4 6 6 9 12       |
 ├────────────────────┼─────────────┼──────────────────────────────────────────┤
 | 0x0000000000000016 | 3           | 16 12 12 11 8 9 5 5 2 2 6 9 9 8 10 10    |
 ├────────────────────┼─────────────┼──────────────────────────────────────────┤
 | 0x0000000000000017 | 5           | 28 12 11 1 13 10 11 1 2 11 0 1 1 1 1 13  |
 ├────────────────────┼─────────────┼──────────────────────────────────────────┤
 | 0x0000000000000018 | 3           | 18 11 8 6 4 3 4 2 2 3 0 0 1 0 2 5        |
 ├────────────────────┼─────────────┼──────────────────────────────────────────┤
 | 0x0000000000000019 | 13          | 21 17 17 14 2 0 0 0 0 0 0 0 0 0 4 21     |
 ├────────────────────┼─────────────┼──────────────────────────────────────────┤
 | 0x000000000000001a | 12          | 20 10 0 0 0 0 0 0 0 0 0 0 0 0 0 4        |
 ├────────────────────┼─────────────┼──────────────────────────────────────────┤
 | 0x000000000000001b | 0           | 21 0 0 0 1 19 0 0 0 0 0 0 0 0 0 0        |
 ├────────────────────┼─────────────┼──────────────────────────────────────────┤
 | 0x000000000000001c | 30          | 19 11 10 8 10 0 0 9 10 10 9 9 8 6 11 10  |
 ├────────────────────┼─────────────┼──────────────────────────────────────────┤
 | 0x000000000000001d | 30          | 17 7 4 6 4 2 1 1 1 0 0 2 2 2 2 4         |
 ├────────────────────┼─────────────┼──────────────────────────────────────────┤
 | 0x000000000000001e | 31          | 26 1 1 1 0 0 0 0 0 0 0 0 18 0 1 1        |
 ├────────────────────┼─────────────┼──────────────────────────────────────────┤
 | 0x000000000000001f | 3           | 31 11 6 4 6 1 0 1 2 2 2 1 9 1 1 11       |
 └────────────────────┴─────────────┴──────────────────────────────────────────┘
PC pattern table end
Prefetch buffer begin
 ┌────────────────────┬──────────────────────────────────────────────────────────────────┐
 | Region             | Pattern                                                          |
 ├────────────────────┼──────────────────────────────────────────────────────────────────┤
 | 0x00000000000025b6 | 0 0 0 0 0 0 0 0 0 2 1 2 2 0 0 0 0 0 0 0 0 0 0 0 0 0 0 0 0 0 0 2  |
 ├────────────────────┼──────────────────────────────────────────────────────────────────┤
 | 0x00000000000002cb | 0 0 0 0 0 0 0 0 0 0 0 0 0 0 0 0 0 0 0 0 0 0 0 0 0 2 2 0 0 0 0 0  |
 ├────────────────────┼──────────────────────────────────────────────────────────────────┤
 | 0x00000000000025bc | 0 0 0 0 0 2 0 0 0 0 0 0 0 0 0 0 0 0 0 0 0 0 2 2 2 2 0 0 0 0 0 0  |
 ├────────────────────┼──────────────────────────────────────────────────────────────────┤
 | 0x00000000000003c5 | 0 0 0 0 0 0 0 0 0 0 0 0 0 0 0 0 2 2 0 0 1 2 2 2 2 2 2 0 0 0 0 0  |
 ├────────────────────┼──────────────────────────────────────────────────────────────────┤
 | 0x00000000000019fd | 0 0 0 0 0 0 0 0 0 0 0 0 0 0 0 0 0 0 0 2 2 2 2 0 0 0 0 0 0 0 0 0  |
 ├────────────────────┼──────────────────────────────────────────────────────────────────┤
 | 0x00000000000025ce | 0 0 0 0 0 0 0 0 0 0 0 0 0 0 0 0 0 2 2 2 2 0 0 0 0 0 0 0 0 0 0 0  |
 ├────────────────────┼──────────────────────────────────────────────────────────────────┤
 | 0x0000000000000243 | 0 0 0 0 0 0 0 2 0 0 2 2 0 0 0 0 0 0 0 0 0 2 2 2 2 2 0 0 0 0 0 0  |
 ├────────────────────┼──────────────────────────────────────────────────────────────────┤
 | 0x000000000000125c | 2 2 2 2 2 2 2 2 2 2 2 2 2 2 0 0 0 0 2 2 2 2 2 2 2 2 2 2 2 2 0 1  |
 ├────────────────────┼──────────────────────────────────────────────────────────────────┤
 | 0x0000000000000742 | 2 2 2 1 0 2 2 2 2 2 2 2 2 2 2 2 2 2 2 2 0 0 0 0 2 2 2 2 2 2 2 2  |
 ├────────────────────┼──────────────────────────────────────────────────────────────────┤
 | 0x00000000000025d4 | 2 2 2 2 2 2 2 2 0 0 0 0 0 0 0 0 0 0 0 0 0 0 0 0 0 0 0 0 0 0 0 0  |
 ├────────────────────┼──────────────────────────────────────────────────────────────────┤
 | 0x00000000000025db | 0 0 0 0 0 0 0 0 0 0 0 0 0 2 2 2 2 2 2 2 0 0 0 0 0 0 0 0 0 0 0 0  |
 ├────────────────────┼──────────────────────────────────────────────────────────────────┤
 | 0x00000000000025ca | 0 0 0 0 0 0 0 0 0 0 0 0 0 0 0 0 0 0 0 0 0 0 0 0 0 0 2 2 2 2 0 0  |
 ├────────────────────┼──────────────────────────────────────────────────────────────────┤
 | 0x00000000000025c5 | 0 0 0 0 0 0 0 0 0 0 0 0 0 0 0 0 0 0 0 2 2 2 2 2 2 0 0 0 0 0 0 0  |
 ├────────────────────┼──────────────────────────────────────────────────────────────────┤
 | 0x0000000000000319 | 2 0 0 0 0 0 0 0 0 0 0 0 0 0 0 0 0 0 2 0 0 0 0 2 2 0 0 0 0 0 0 2  |
 ├────────────────────┼──────────────────────────────────────────────────────────────────┤
 | 0x00000000000002f9 | 0 0 0 2 2 0 0 0 2 0 0 0 2 0 0 0 0 0 0 0 0 0 0 2 2 2 0 0 0 0 0 2  |
 ├────────────────────┼──────────────────────────────────────────────────────────────────┤
 | 0x00000000000025d1 | 1 2 2 2 2 2 2 0 0 0 0 2 2 2 2 2 2 2 2 0 0 0 0 0 0 0 0 0 2 2 2 2  |
 ├────────────────────┼──────────────────────────────────────────────────────────────────┤
 | 0x00000000000025d8 | 2 0 0 2 2 2 2 2 2 2 2 2 2 0 0 0 0 0 0 0 0 0 2 1 2 2 2 2 2 2 2 2  |
 ├────────────────────┼──────────────────────────────────────────────────────────────────┤
 | 0x00000000000025c6 | 0 0 0 0 0 0 0 0 0 2 2 2 2 2 2 2 2 2 0 0 2 0 2 2 2 2 2 2 2 2 2 2  |
 ├────────────────────┼──────────────────────────────────────────────────────────────────┤
 | 0x00000000000002aa | 0 0 0 0 0 0 0 2 0 0 0 0 0 0 0 0 0 0 0 2 2 2 2 2 2 2 0 0 0 0 0 0  |
 ├────────────────────┼──────────────────────────────────────────────────────────────────┤
 | 0x00000000000025d7 | 2 0 0 0 0 0 0 0 0 0 0 0 0 2 2 2 2 2 0 0 2 0 0 0 0 0 0 0 0 2 0 0  |
 ├────────────────────┼──────────────────────────────────────────────────────────────────┤
 | 0x00000000000025cc | 0 2 2 2 2 2 2 2 2 0 0 0 0 0 0 0 0 0 2 2 2 2 2 2 2 2 2 2 2 0 0 0  |
 ├────────────────────┼──────────────────────────────────────────────────────────────────┤
 | 0x0000000000000882 | 2 2 2 2 2 2 2 2 2 2 2 2 0 1 2 2 2 2 2 2 2 2 2 2 2 2 2 2 0 0 0 0  |
 ├────────────────────┼──────────────────────────────────────────────────────────────────┤
 | 0x000000000000021e | 0 0 0 0 0 0 0 0 0 0 0 0 0 0 0 0 0 0 0 0 0 0 0 2 2 2 2 0 0 0 0 0  |
 ├────────────────────┼──────────────────────────────────────────────────────────────────┤
 | 0x00000000000025d3 | 2 2 2 2 2 2 2 2 2 2 2 0 0 0 0 2 2 2 2 2 2 2 2 2 2 2 2 0 1 2 2 2  |
 ├────────────────────┼──────────────────────────────────────────────────────────────────┤
 | 0x00000000000025ba | 0 0 2 2 2 2 2 2 2 2 2 2 2 2 0 2 2 2 2 2 1 2 2 2 2 2 2 2 2 2 0 0  |
 ├────────────────────┼──────────────────────────────────────────────────────────────────┤
 | 0x00000000000002c8 | 0 0 0 0 0 0 0 0 0 0 0 0 0 0 0 0 0 0 0 0 0 0 0 0 0 0 2 0 0 0 0 0  |
 ├────────────────────┼──────────────────────────────────────────────────────────────────┤
 | 0x0000000000000737 | 0 0 0 0 0 0 0 0 0 0 0 0 0 0 0 0 0 0 0 0 0 0 0 0 0 0 0 0 2 0 0 0  |
 ├────────────────────┼──────────────────────────────────────────────────────────────────┤
 | 0x00000000000019fb | 2 2 2 2 0 0 0 0 2 2 2 2 2 2 2 2 0 0 0 0 0 0 0 0 0 2 2 2 2 2 2 2  |
 ├────────────────────┼──────────────────────────────────────────────────────────────────┤
 | 0x00000000000025c2 | 0 0 0 0 0 0 0 0 0 0 0 0 0 2 2 2 2 0 0 0 0 0 0 0 0 0 0 0 0 0 0 0  |
 ├────────────────────┼──────────────────────────────────────────────────────────────────┤
 | 0x00000000000002cd | 0 0 0 0 0 0 0 2 0 0 0 0 0 0 0 0 0 0 0 0 0 0 0 0 2 2 0 0 0 0 0 0  |
 └────────────────────┴──────────────────────────────────────────────────────────────────┘
Prefetch buffer end
Filter by PPT: 0
cpu0_L2C
Num Con Filled: 0
Num Con Useful: 0 Useless:0 Accuracy: nan
LLC
