41 41 41
Available num physical pages: 35184372088576
WARNING: physical memory size is smaller than virtual memory size

*** ChampSim Multicore Out-of-Order Simulator ***

Warmup Instructions: 5000000
Simulation Instructions: 5000000
Number of CPUs: 1
Page size: 4096

Basic BTB sets: 1024 ways: 8 indirect buffer size: 4096 RAS size: 64
cpu0_L1D PMP prefetcher
Off-chip DRAM Size: 4 GiB Channels: 1 Width: 64-bit Data Rate: 3200 MT/s
Max paddr 4M
Warmup finished CPU 0 instructions: 5000002 cycles: 1264710 cumulative IPC: 3.95348 (Simulation time: 0 hr 2 min 53 sec) 

Warmup complete CPU 0 instructions: 5000002 cycles: 1264710 (Simulation time: 0 hr 2 min 53 sec) 

Heartbeat CPU 0 instructions: 10000000 cycles: 4679307 heartbeat IPC: 2.13707 cumulative IPC: 1.46431 (Simulation time: 0 hr 6 min 13 sec) 
Max paddr 6M
Simulation finished CPU 0 instructions: 5000003 cycles: 3414600 cumulative IPC: 1.46431 (Simulation time: 0 hr 6 min 13 sec) 

Simulation complete CPU 0 instructions: 5000003 cycles: 3414600 (Simulation time: 0 hr 6 min 13 sec) 


ChampSim completed all CPUs

[
  {
    "name": "Simulation",
    "traces": [
      "../traces/445.gobmk-36B.champsimtrace.xz"
    ],
    "roi": {
      "cores": [
        {
          "instructions": 5000003,
          "cycles": 3414600,
          "Avg ROB occupancy at mispredict": 15.0991, 
          "mispredict": {
            "BRANCH_DIRECT_JUMP": 443,
            "BRANCH_INDIRECT": 10,
            "BRANCH_CONDITIONAL": 108385,
            "BRANCH_DIRECT_CALL": 117,
            "BRANCH_INDIRECT_CALL": 11,
            "BRANCH_RETURN": 107
          }
        }
      ],
      "cpu0_L1I": {
        "LOAD": {
          "hit":334229,
          "miss":22501
        },
        "RFO": {
          "hit":0,
          "miss":0
        },
        "PREFETCH": {
          "hit":0,
          "miss":0
        },
        "WRITE": {
          "hit":0,
          "miss":0
        },
        "TRANSLATION": {
          "hit":0,
          "miss":0
        },
        "mshr full": 1,
        "prefetch requested": 0,
        "prefetch issued": 0,
        "prefetch filled": 0,
        "prefetch useful": 0,
        "prefetch useless": 0,
        "prefetch late": 0,
        "pf_useful_at_l2_from_l1":          0,
        "pf_late_at_l2_from_l1":          0,
        "pf_useless_at_l2_from_l1":          0,
        "pf_at_l2_to_l1":          0,
        "pf_fill_this_level":          0,
        "miss latency": 0.633083,
        "cache queues": {
          "PQ_ACCESS": 0,
          "PQ_FULL": 0,
          "PQ_TO_CACHE": 0,
          "PQ_MERGED": 0,
          "RQ_ACCESS": 361188,
          "RQ_MERGED": 4458,
          "RQ_FULL": 0,
          "WQ_ACCESS": 0,
          "WQ_MERGED": 0,
          "WQ_FULL": 0
        }
      },
      "cpu0_ITLB": {
        "LOAD": {
          "hit":274966,
          "miss":42
        },
        "RFO": {
          "hit":0,
          "miss":0
        },
        "PREFETCH": {
          "hit":0,
          "miss":0
        },
        "WRITE": {
          "hit":0,
          "miss":0
        },
        "TRANSLATION": {
          "hit":0,
          "miss":0
        },
        "mshr full": 0,
        "prefetch requested": 0,
        "prefetch issued": 0,
        "prefetch filled": 0,
        "prefetch useful": 0,
        "prefetch useless": 0,
        "prefetch late": 0,
        "pf_useful_at_l2_from_l1":          0,
        "pf_late_at_l2_from_l1":          0,
        "pf_useless_at_l2_from_l1":          0,
        "pf_at_l2_to_l1":          0,
        "pf_fill_this_level":          0,
        "miss latency": 9.66518,
        "cache queues": {
          "PQ_ACCESS": 0,
          "PQ_FULL": 0,
          "PQ_TO_CACHE": 0,
          "PQ_MERGED": 0,
          "RQ_ACCESS": 275008,
          "RQ_MERGED": 0,
          "RQ_FULL": 0,
          "WQ_ACCESS": 0,
          "WQ_MERGED": 0,
          "WQ_FULL": 0
        }
      },
      "cpu0_DTLB": {
        "LOAD": {
          "hit":1822273,
          "miss":5671
        },
        "RFO": {
          "hit":0,
          "miss":0
        },
        "PREFETCH": {
          "hit":0,
          "miss":0
        },
        "WRITE": {
          "hit":0,
          "miss":0
        },
        "TRANSLATION": {
          "hit":0,
          "miss":0
        },
        "mshr full": 0,
        "prefetch requested": 0,
        "prefetch issued": 0,
        "prefetch filled": 0,
        "prefetch useful": 0,
        "prefetch useless": 0,
        "prefetch late": 0,
        "pf_useful_at_l2_from_l1":          0,
        "pf_late_at_l2_from_l1":          0,
        "pf_useless_at_l2_from_l1":          0,
        "pf_at_l2_to_l1":          0,
        "pf_fill_this_level":          0,
        "miss latency": 1.66979,
        "cache queues": {
          "PQ_ACCESS": 0,
          "PQ_FULL": 0,
          "PQ_TO_CACHE": 0,
          "PQ_MERGED": 0,
          "RQ_ACCESS": 1828708,
          "RQ_MERGED": 0,
          "RQ_FULL": 764,
          "WQ_ACCESS": 0,
          "WQ_MERGED": 0,
          "WQ_FULL": 0
        }
      },
      "cpu0_STLB": {
        "LOAD": {
          "hit":1701,
          "miss":460
        },
        "RFO": {
          "hit":0,
          "miss":0
        },
        "PREFETCH": {
          "hit":0,
          "miss":0
        },
        "WRITE": {
          "hit":0,
          "miss":0
        },
        "TRANSLATION": {
          "hit":0,
          "miss":0
        },
        "mshr full": 0,
        "prefetch requested": 0,
        "prefetch issued": 0,
        "prefetch filled": 0,
        "prefetch useful": 0,
        "prefetch useless": 0,
        "prefetch late": 0,
        "pf_useful_at_l2_from_l1":          0,
        "pf_late_at_l2_from_l1":          0,
        "pf_useless_at_l2_from_l1":          0,
        "pf_at_l2_to_l1":          0,
        "pf_fill_this_level":          0,
        "miss latency": 19.0465,
        "cache queues": {
          "PQ_ACCESS": 0,
          "PQ_FULL": 0,
          "PQ_TO_CACHE": 0,
          "PQ_MERGED": 0,
          "RQ_ACCESS": 2161,
          "RQ_MERGED": 0,
          "RQ_FULL": 0,
          "WQ_ACCESS": 0,
          "WQ_MERGED": 0,
          "WQ_FULL": 0
        }
      },
      "cpu0_L1D": {
        "LOAD": {
          "hit":1176970,
          "miss":8065
        },
        "RFO": {
          "hit":0,
          "miss":0
        },
        "PREFETCH": {
          "hit":15613,
          "miss":32603
        },
        "WRITE": {
          "hit":628794,
          "miss":14481
        },
        "TRANSLATION": {
          "hit":39,
          "miss":423
        },
        "mshr full": 3524,
        "prefetch requested": 48220,
        "prefetch issued": 48220,
        "prefetch filled": 1647,
        "prefetch useful": 405,
        "prefetch useless": 1302,
        "prefetch late": 9,
        "pf_useful_at_l2_from_l1":          0,
        "pf_late_at_l2_from_l1":          0,
        "pf_useless_at_l2_from_l1":          0,
        "pf_at_l2_to_l1":          0,
        "pf_fill_this_level":       1647,
        "miss latency": 2.38557,
        "cache queues": {
          "PQ_ACCESS": 48220,
          "PQ_FULL": 0,
          "PQ_TO_CACHE": 48220,
          "PQ_MERGED": 2,
          "RQ_ACCESS": 1185039,
          "RQ_MERGED": 11,
          "RQ_FULL": 0,
          "WQ_ACCESS": 646180,
          "WQ_MERGED": 0,
          "WQ_FULL": 2905
        }
      },
      "cpu0_L2C": {
        "LOAD": {
          "hit":17968,
          "miss":2720
        },
        "RFO": {
          "hit":2128,
          "miss":824
        },
        "PREFETCH": {
          "hit":19291,
          "miss":13146
        },
        "WRITE": {
          "hit":1648,
          "miss":0
        },
        "TRANSLATION": {
          "hit":110,
          "miss":313
        },
        "mshr full": 4108,
        "prefetch requested": 0,
        "prefetch issued": 0,
        "prefetch filled": 13123,
        "prefetch useful": 0,
        "prefetch useless": 0,
        "prefetch late": 0,
        "pf_useful_at_l2_from_l1":       1433,
        "pf_late_at_l2_from_l1":         20,
        "pf_useless_at_l2_from_l1":      10362,
        "pf_at_l2_to_l1":        261,
        "pf_fill_this_level":      12111,
        "miss latency": 28.0192,
        "cache queues": {
          "PQ_ACCESS": 34436,
          "PQ_FULL": 1999,
          "PQ_TO_CACHE": 32437,
          "PQ_MERGED": 0,
          "RQ_ACCESS": 24064,
          "RQ_MERGED": 0,
          "RQ_FULL": 0,
          "WQ_ACCESS": 1720,
          "WQ_MERGED": 0,
          "WQ_FULL": 0
        }
      },
      "LLC": {
        "LOAD": {
          "hit": [1015],
          "miss": [1695]
        },
        "RFO": {
          "hit": [223],
          "miss": [591]
        },
        "PREFETCH": {
          "hit": [3001],
          "miss": [10143]
        },
        "WRITE": {
          "hit": [754],
          "miss": [0]
        },
        "TRANSLATION": {
          "hit": [142],
          "miss": [171]
        },
        "mshr full": 0,
        "prefetch requested": 0,
        "prefetch issued": 0,
        "prefetch filled": 10142,
        "prefetch useful": 0,
        "prefetch useless": 0,
        "prefetch late": 0,
        "pf_useful_at_l2_from_l1":          0,
        "pf_late_at_l2_from_l1":          0,
        "pf_useless_at_l2_from_l1":          0,
        "pf_at_l2_to_l1":        109,
        "pf_fill_this_level":          0,
        "miss latency": 34.9246,
        "cache queues": {
          "PQ_ACCESS": 13144,
          "PQ_FULL": 0,
          "PQ_TO_CACHE": 13144,
          "PQ_MERGED": 0,
          "RQ_ACCESS": 3837,
          "RQ_MERGED": 0,
          "RQ_FULL": 0,
          "WQ_ACCESS": 754,
          "WQ_MERGED": 0,
          "WQ_FULL": 0
        }
      },
      "DRAM": [
        {
          "RQ ROW_BUFFER_HIT": 6957,
          "RQ ROW_BUFFER_MISS": 5642,
          "PQ FULL": 0,
          "WQ ROW_BUFFER_HIT": 6,
          "WQ ROW_BUFFER_MISS": 8,
          "WQ FULL": 0,
          "AVG DBUS CONGESTED CYCLE": 3.92239
        }
      ]

    },
    "sim": {
      "cores": [
        {
          "instructions": 5000003,
          "cycles": 3414600,
          "Avg ROB occupancy at mispredict": 15.0991, 
          "mispredict": {
            "BRANCH_DIRECT_JUMP": 443,
            "BRANCH_INDIRECT": 10,
            "BRANCH_CONDITIONAL": 108385,
            "BRANCH_DIRECT_CALL": 117,
            "BRANCH_INDIRECT_CALL": 11,
            "BRANCH_RETURN": 107
          }
        }
      ],
      "cpu0_L1I": {
        "LOAD": {
          "hit":334229,
          "miss":22501
        },
        "RFO": {
          "hit":0,
          "miss":0
        },
        "PREFETCH": {
          "hit":0,
          "miss":0
        },
        "WRITE": {
          "hit":0,
          "miss":0
        },
        "TRANSLATION": {
          "hit":0,
          "miss":0
        },
        "mshr full": 1,
        "prefetch requested": 0,
        "prefetch issued": 0,
        "prefetch filled": 0,
        "prefetch useful": 0,
        "prefetch useless": 0,
        "prefetch late": 0,
        "pf_useful_at_l2_from_l1":          0,
        "pf_late_at_l2_from_l1":          0,
        "pf_useless_at_l2_from_l1":          0,
        "pf_at_l2_to_l1":          0,
        "pf_fill_this_level":          0,
        "miss latency": 0.633083,
        "cache queues": {
          "PQ_ACCESS": 0,
          "PQ_FULL": 0,
          "PQ_TO_CACHE": 0,
          "PQ_MERGED": 0,
          "RQ_ACCESS": 361188,
          "RQ_MERGED": 4458,
          "RQ_FULL": 0,
          "WQ_ACCESS": 0,
          "WQ_MERGED": 0,
          "WQ_FULL": 0
        }
      },
      "cpu0_ITLB": {
        "LOAD": {
          "hit":274966,
          "miss":42
        },
        "RFO": {
          "hit":0,
          "miss":0
        },
        "PREFETCH": {
          "hit":0,
          "miss":0
        },
        "WRITE": {
          "hit":0,
          "miss":0
        },
        "TRANSLATION": {
          "hit":0,
          "miss":0
        },
        "mshr full": 0,
        "prefetch requested": 0,
        "prefetch issued": 0,
        "prefetch filled": 0,
        "prefetch useful": 0,
        "prefetch useless": 0,
        "prefetch late": 0,
        "pf_useful_at_l2_from_l1":          0,
        "pf_late_at_l2_from_l1":          0,
        "pf_useless_at_l2_from_l1":          0,
        "pf_at_l2_to_l1":          0,
        "pf_fill_this_level":          0,
        "miss latency": 9.66518,
        "cache queues": {
          "PQ_ACCESS": 0,
          "PQ_FULL": 0,
          "PQ_TO_CACHE": 0,
          "PQ_MERGED": 0,
          "RQ_ACCESS": 275008,
          "RQ_MERGED": 0,
          "RQ_FULL": 0,
          "WQ_ACCESS": 0,
          "WQ_MERGED": 0,
          "WQ_FULL": 0
        }
      },
      "cpu0_DTLB": {
        "LOAD": {
          "hit":1822273,
          "miss":5671
        },
        "RFO": {
          "hit":0,
          "miss":0
        },
        "PREFETCH": {
          "hit":0,
          "miss":0
        },
        "WRITE": {
          "hit":0,
          "miss":0
        },
        "TRANSLATION": {
          "hit":0,
          "miss":0
        },
        "mshr full": 0,
        "prefetch requested": 0,
        "prefetch issued": 0,
        "prefetch filled": 0,
        "prefetch useful": 0,
        "prefetch useless": 0,
        "prefetch late": 0,
        "pf_useful_at_l2_from_l1":          0,
        "pf_late_at_l2_from_l1":          0,
        "pf_useless_at_l2_from_l1":          0,
        "pf_at_l2_to_l1":          0,
        "pf_fill_this_level":          0,
        "miss latency": 1.66979,
        "cache queues": {
          "PQ_ACCESS": 0,
          "PQ_FULL": 0,
          "PQ_TO_CACHE": 0,
          "PQ_MERGED": 0,
          "RQ_ACCESS": 1828708,
          "RQ_MERGED": 0,
          "RQ_FULL": 764,
          "WQ_ACCESS": 0,
          "WQ_MERGED": 0,
          "WQ_FULL": 0
        }
      },
      "cpu0_STLB": {
        "LOAD": {
          "hit":1701,
          "miss":460
        },
        "RFO": {
          "hit":0,
          "miss":0
        },
        "PREFETCH": {
          "hit":0,
          "miss":0
        },
        "WRITE": {
          "hit":0,
          "miss":0
        },
        "TRANSLATION": {
          "hit":0,
          "miss":0
        },
        "mshr full": 0,
        "prefetch requested": 0,
        "prefetch issued": 0,
        "prefetch filled": 0,
        "prefetch useful": 0,
        "prefetch useless": 0,
        "prefetch late": 0,
        "pf_useful_at_l2_from_l1":          0,
        "pf_late_at_l2_from_l1":          0,
        "pf_useless_at_l2_from_l1":          0,
        "pf_at_l2_to_l1":          0,
        "pf_fill_this_level":          0,
        "miss latency": 19.0465,
        "cache queues": {
          "PQ_ACCESS": 0,
          "PQ_FULL": 0,
          "PQ_TO_CACHE": 0,
          "PQ_MERGED": 0,
          "RQ_ACCESS": 2161,
          "RQ_MERGED": 0,
          "RQ_FULL": 0,
          "WQ_ACCESS": 0,
          "WQ_MERGED": 0,
          "WQ_FULL": 0
        }
      },
      "cpu0_L1D": {
        "LOAD": {
          "hit":1176970,
          "miss":8065
        },
        "RFO": {
          "hit":0,
          "miss":0
        },
        "PREFETCH": {
          "hit":15613,
          "miss":32603
        },
        "WRITE": {
          "hit":628794,
          "miss":14481
        },
        "TRANSLATION": {
          "hit":39,
          "miss":423
        },
        "mshr full": 3524,
        "prefetch requested": 48220,
        "prefetch issued": 48220,
        "prefetch filled": 1647,
        "prefetch useful": 405,
        "prefetch useless": 1302,
        "prefetch late": 9,
        "pf_useful_at_l2_from_l1":          0,
        "pf_late_at_l2_from_l1":          0,
        "pf_useless_at_l2_from_l1":          0,
        "pf_at_l2_to_l1":          0,
        "pf_fill_this_level":       1647,
        "miss latency": 2.38557,
        "cache queues": {
          "PQ_ACCESS": 48220,
          "PQ_FULL": 0,
          "PQ_TO_CACHE": 48220,
          "PQ_MERGED": 2,
          "RQ_ACCESS": 1185039,
          "RQ_MERGED": 11,
          "RQ_FULL": 0,
          "WQ_ACCESS": 646180,
          "WQ_MERGED": 0,
          "WQ_FULL": 2905
        }
      },
      "cpu0_L2C": {
        "LOAD": {
          "hit":17968,
          "miss":2720
        },
        "RFO": {
          "hit":2128,
          "miss":824
        },
        "PREFETCH": {
          "hit":19291,
          "miss":13146
        },
        "WRITE": {
          "hit":1648,
          "miss":0
        },
        "TRANSLATION": {
          "hit":110,
          "miss":313
        },
        "mshr full": 4108,
        "prefetch requested": 0,
        "prefetch issued": 0,
        "prefetch filled": 13123,
        "prefetch useful": 0,
        "prefetch useless": 0,
        "prefetch late": 0,
        "pf_useful_at_l2_from_l1":       1433,
        "pf_late_at_l2_from_l1":         20,
        "pf_useless_at_l2_from_l1":      10362,
        "pf_at_l2_to_l1":        261,
        "pf_fill_this_level":      12111,
        "miss latency": 28.0192,
        "cache queues": {
          "PQ_ACCESS": 34436,
          "PQ_FULL": 1999,
          "PQ_TO_CACHE": 32437,
          "PQ_MERGED": 0,
          "RQ_ACCESS": 24064,
          "RQ_MERGED": 0,
          "RQ_FULL": 0,
          "WQ_ACCESS": 1720,
          "WQ_MERGED": 0,
          "WQ_FULL": 0
        }
      },
      "LLC": {
        "LOAD": {
          "hit": [1015],
          "miss": [1695]
        },
        "RFO": {
          "hit": [223],
          "miss": [591]
        },
        "PREFETCH": {
          "hit": [3001],
          "miss": [10143]
        },
        "WRITE": {
          "hit": [754],
          "miss": [0]
        },
        "TRANSLATION": {
          "hit": [142],
          "miss": [171]
        },
        "mshr full": 0,
        "prefetch requested": 0,
        "prefetch issued": 0,
        "prefetch filled": 10142,
        "prefetch useful": 0,
        "prefetch useless": 0,
        "prefetch late": 0,
        "pf_useful_at_l2_from_l1":          0,
        "pf_late_at_l2_from_l1":          0,
        "pf_useless_at_l2_from_l1":          0,
        "pf_at_l2_to_l1":        109,
        "pf_fill_this_level":          0,
        "miss latency": 34.9246,
        "cache queues": {
          "PQ_ACCESS": 13144,
          "PQ_FULL": 0,
          "PQ_TO_CACHE": 13144,
          "PQ_MERGED": 0,
          "RQ_ACCESS": 3837,
          "RQ_MERGED": 0,
          "RQ_FULL": 0,
          "WQ_ACCESS": 754,
          "WQ_MERGED": 0,
          "WQ_FULL": 0
        }
      },
      "DRAM": [
        {
          "RQ ROW_BUFFER_HIT": 6957,
          "RQ ROW_BUFFER_MISS": 5642,
          "PQ FULL": 0,
          "WQ ROW_BUFFER_HIT": 6,
          "WQ ROW_BUFFER_MISS": 8,
          "WQ FULL": 0,
          "AVG DBUS CONGESTED CYCLE": 3.92239
        }
      ]

    }
  }
]
cpu0_ITLB
cpu0_DTLB
cpu0_STLB
Prefetch Request to L1: 4375, Prefetch Request to L2: 43845
Invalid by Eviction: 1206
Invalid by Max: 3626
Filter table begin
 ┌────────────────────┬─────────────┐
 | Region             | Offset      |
 ├────────────────────┼─────────────┤
 | 0x0000000000000291 | 8           |
 ├────────────────────┼─────────────┤
 | 0x0000000000000b48 | 28          |
 ├────────────────────┼─────────────┤
 | 0x000000000000024a | 17          |
 ├────────────────────┼─────────────┤
 | 0x0000000000000c0b | 12          |
 ├────────────────────┼─────────────┤
 | 0x0000000000000245 | 21          |
 ├────────────────────┼─────────────┤
 | 0x0000000000000294 | 10          |
 ├────────────────────┼─────────────┤
 | 0x0000000000000bf8 | 18          |
 ├────────────────────┼─────────────┤
 | 0x0000000000000238 | 7           |
 ├────────────────────┼─────────────┤
 | 0x000000000000053f | 22          |
 ├────────────────────┼─────────────┤
 | 0x000000000000053e | 2           |
 └────────────────────┴─────────────┘
Filter table end
Accumulation table begin
 ┌────────────────────┬─────────────┬─────────────┬──────────────────────────────────────────────────────────────────┐
 | Region             | Offset      | Second      | Pattern                                                          |
 ├────────────────────┼─────────────┼─────────────┼──────────────────────────────────────────────────────────────────┤
 | 0x0000000000000bfd | 10          | 7           | 0 0 0 0 0 0 0 1 0 1 1 0 0 0 0 0 0 0 0 0 0 0 0 0 0 0 0 0 0 0 0 0  |
 ├────────────────────┼─────────────┼─────────────┼──────────────────────────────────────────────────────────────────┤
 | 0x0000000000000c0a | 25          | 30          | 0 0 0 0 0 0 0 0 0 0 0 0 0 0 0 0 0 0 0 0 0 0 0 0 0 1 0 0 0 0 1 0  |
 ├────────────────────┼─────────────┼─────────────┼──────────────────────────────────────────────────────────────────┤
 | 0x0000000000000550 | 14          | 16          | 0 0 0 0 0 0 0 0 0 0 0 0 0 0 1 0 1 1 1 1 0 0 0 0 0 0 0 0 0 0 0 0  |
 ├────────────────────┼─────────────┼─────────────┼──────────────────────────────────────────────────────────────────┤
 | 0x0000000000000bdf | 2           | 4           | 1 1 1 1 1 0 0 0 0 0 0 0 0 0 0 0 0 0 0 0 0 0 0 0 0 0 0 0 0 0 0 0  |
 ├────────────────────┼─────────────┼─────────────┼──────────────────────────────────────────────────────────────────┤
 | 0x0000000000000c05 | 0           | 3           | 1 1 1 1 1 1 1 1 1 1 1 1 1 1 1 1 1 1 1 1 1 1 1 1 1 1 1 1 1 1 1 1  |
 ├────────────────────┼─────────────┼─────────────┼──────────────────────────────────────────────────────────────────┤
 | 0x0000000000000c09 | 2           | 3           | 0 0 1 1 0 0 0 0 0 0 0 0 0 0 0 0 0 0 0 0 0 0 0 0 0 0 0 0 0 0 0 0  |
 ├────────────────────┼─────────────┼─────────────┼──────────────────────────────────────────────────────────────────┤
 | 0x0000000000000548 | 0           | 1           | 1 1 1 1 1 1 1 1 1 0 1 1 0 0 0 0 0 0 0 0 1 1 1 1 1 1 1 1 1 1 1 1  |
 ├────────────────────┼─────────────┼─────────────┼──────────────────────────────────────────────────────────────────┤
 | 0x000000000000021c | 18          | 19          | 0 0 0 0 0 0 0 0 0 0 0 0 0 0 0 0 1 1 1 1 1 1 1 1 1 0 0 0 0 0 0 0  |
 ├────────────────────┼─────────────┼─────────────┼──────────────────────────────────────────────────────────────────┤
 | 0x0000000000000544 | 12          | 13          | 0 0 0 0 0 0 0 0 1 1 1 1 1 1 0 0 0 0 0 0 0 0 0 0 0 0 0 1 1 1 1 1  |
 ├────────────────────┼─────────────┼─────────────┼──────────────────────────────────────────────────────────────────┤
 | 0x0000000000000c0f | 25          | 7           | 0 0 0 0 0 0 1 1 1 0 0 0 0 0 0 0 0 0 0 0 0 0 0 0 0 1 1 1 0 0 0 0  |
 ├────────────────────┼─────────────┼─────────────┼──────────────────────────────────────────────────────────────────┤
 | 0x0000000000000bf4 | 29          | 30          | 0 0 0 0 0 0 0 0 0 0 0 0 0 0 0 0 0 0 0 0 0 0 0 0 0 0 0 0 0 1 1 1  |
 ├────────────────────┼─────────────┼─────────────┼──────────────────────────────────────────────────────────────────┤
 | 0x0000000000000b2c | 13          | 24          | 0 0 0 0 0 0 0 0 0 0 0 1 0 1 0 0 0 0 0 0 0 0 0 1 1 0 0 0 0 0 0 0  |
 ├────────────────────┼─────────────┼─────────────┼──────────────────────────────────────────────────────────────────┤
 | 0x0000000000000c0c | 0           | 8           | 1 0 0 0 0 0 0 0 1 1 0 0 1 1 1 0 0 0 0 0 0 0 0 0 0 0 0 0 0 0 0 0  |
 ├────────────────────┼─────────────┼─────────────┼──────────────────────────────────────────────────────────────────┤
 | 0x0000000000000bcd | 8           | 9           | 0 0 0 0 0 0 1 1 1 1 1 0 1 1 1 1 0 0 0 0 0 0 0 0 0 0 0 0 0 1 0 1  |
 ├────────────────────┼─────────────┼─────────────┼──────────────────────────────────────────────────────────────────┤
 | 0x0000000000000c12 | 12          | 13          | 0 0 0 0 0 0 0 0 0 0 0 1 1 1 0 0 0 0 0 0 0 0 0 0 0 0 0 0 0 0 0 0  |
 ├────────────────────┼─────────────┼─────────────┼──────────────────────────────────────────────────────────────────┤
 | 0x000000000000054b | 0           | 2           | 1 1 1 1 1 1 1 1 0 1 1 0 0 0 0 0 0 0 0 1 0 1 1 1 1 1 1 0 1 1 1 1  |
 ├────────────────────┼─────────────┼─────────────┼──────────────────────────────────────────────────────────────────┤
 | 0x0000000000000b30 | 3           | 4           | 0 0 0 1 1 0 0 0 0 1 1 0 0 0 1 0 0 0 0 0 0 0 0 0 0 0 0 0 0 0 0 0  |
 ├────────────────────┼─────────────┼─────────────┼──────────────────────────────────────────────────────────────────┤
 | 0x0000000000000b2e | 12          | 13          | 0 0 0 0 0 0 0 0 0 0 0 0 1 1 0 0 0 0 0 0 0 0 0 0 0 0 0 0 0 0 0 0  |
 ├────────────────────┼─────────────┼─────────────┼──────────────────────────────────────────────────────────────────┤
 | 0x0000000000000b33 | 25          | 31          | 0 0 0 0 0 0 0 0 0 0 0 0 0 0 0 0 0 0 0 0 0 0 0 0 0 1 0 0 0 0 0 1  |
 ├────────────────────┼─────────────┼─────────────┼──────────────────────────────────────────────────────────────────┤
 | 0x0000000000000551 | 7           | 6           | 0 0 0 0 0 0 1 1 1 0 1 0 0 0 0 0 0 0 0 0 0 0 0 0 0 0 0 0 0 0 0 0  |
 ├────────────────────┼─────────────┼─────────────┼──────────────────────────────────────────────────────────────────┤
 | 0x0000000000000c0e | 2           | 3           | 1 1 1 1 1 0 0 0 0 0 0 0 0 0 0 0 0 0 1 1 1 1 1 0 0 0 0 0 0 0 0 0  |
 ├────────────────────┼─────────────┼─────────────┼──────────────────────────────────────────────────────────────────┤
 | 0x000000000000054f | 26          | 24          | 0 0 0 1 1 1 1 1 0 0 0 0 0 0 0 0 0 0 0 0 0 0 1 1 1 1 1 0 0 0 0 0  |
 ├────────────────────┼─────────────┼─────────────┼──────────────────────────────────────────────────────────────────┤
 | 0x000000000000024e | 12          | 19          | 0 0 0 0 0 0 0 0 0 0 0 0 1 0 0 0 0 0 0 1 0 0 0 0 0 0 0 0 0 0 0 0  |
 ├────────────────────┼─────────────┼─────────────┼──────────────────────────────────────────────────────────────────┤
 | 0x0000000000000c04 | 3           | 4           | 0 0 0 1 1 1 1 1 1 1 1 1 1 1 1 1 1 1 1 1 1 1 1 1 1 1 1 1 1 1 1 1  |
 ├────────────────────┼─────────────┼─────────────┼──────────────────────────────────────────────────────────────────┤
 | 0x0000000000000538 | 23          | 24          | 0 0 0 0 0 0 0 0 0 0 0 0 0 0 0 0 0 0 0 0 0 0 0 1 1 0 0 0 0 0 0 0  |
 ├────────────────────┼─────────────┼─────────────┼──────────────────────────────────────────────────────────────────┤
 | 0x0000000000000545 | 16          | 17          | 0 0 0 0 0 0 0 0 0 0 0 0 0 1 1 1 1 1 0 0 0 0 0 0 0 0 0 0 0 0 0 0  |
 ├────────────────────┼─────────────┼─────────────┼──────────────────────────────────────────────────────────────────┤
 | 0x0000000000000c0d | 2           | 3           | 0 0 1 1 1 1 1 1 0 0 1 1 1 1 1 1 1 0 0 0 0 0 0 0 0 0 0 0 0 0 0 0  |
 ├────────────────────┼─────────────┼─────────────┼──────────────────────────────────────────────────────────────────┤
 | 0x0000000000000bcc | 18          | 19          | 0 0 0 0 0 0 0 0 0 0 0 0 0 0 0 1 1 0 1 1 1 1 0 1 0 0 0 0 0 0 0 0  |
 ├────────────────────┼─────────────┼─────────────┼──────────────────────────────────────────────────────────────────┤
 | 0x0000000000000c10 | 0           | 3           | 1 1 1 1 1 1 1 0 0 0 0 0 0 0 0 0 0 0 0 0 0 0 0 0 0 0 0 0 0 0 0 0  |
 ├────────────────────┼─────────────┼─────────────┼──────────────────────────────────────────────────────────────────┤
 | 0x0000000000000bf5 | 0           | 1           | 1 1 1 1 1 1 1 1 1 1 1 1 1 1 1 1 1 1 1 1 1 0 0 0 0 0 0 0 0 0 0 0  |
 ├────────────────────┼─────────────┼─────────────┼──────────────────────────────────────────────────────────────────┤
 | 0x000000000000054a | 9           | 11          | 0 0 0 0 0 0 1 0 0 1 0 1 0 0 0 0 0 0 0 0 0 0 0 0 0 0 0 0 0 0 1 1  |
 ├────────────────────┼─────────────┼─────────────┼──────────────────────────────────────────────────────────────────┤
 | 0x0000000000000549 | 0           | 1           | 1 1 0 1 0 0 0 0 0 0 0 0 1 1 1 1 1 1 1 1 1 1 1 1 1 1 1 0 0 0 0 0  |
 └────────────────────┴─────────────┴─────────────┴──────────────────────────────────────────────────────────────────┘
Accumulation table end
Offset pattern table begin
 ┌────────────────────┬─────────────┬──────────────────────────────────────────────────────────────────────────────┐
 | Key                | Second      | Pattern                                                                      |
 ├────────────────────┼─────────────┼──────────────────────────────────────────────────────────────────────────────┤
 | 0x0000000000000000 | 1           | 25 8 6 7 5 4 6 6 11 7 4 5 7 5 5 8 5 8 9 6 6 5 8 10 8 7 10 5 3 5 6 4          |
 ├────────────────────┼─────────────┼──────────────────────────────────────────────────────────────────────────────┤
 | 0x0000000000000001 | 2           | 23 2 3 2 2 3 2 5 6 5 2 3 3 1 4 6 2 3 5 3 2 4 8 5 3 0 4 4 3 2 6 3             |
 ├────────────────────┼─────────────┼──────────────────────────────────────────────────────────────────────────────┤
 | 0x0000000000000002 | 3           | 31 4 3 0 0 0 3 6 5 9 0 3 4 1 4 9 1 2 9 1 2 1 8 8 3 1 3 7 0 3 1 2             |
 ├────────────────────┼─────────────┼──────────────────────────────────────────────────────────────────────────────┤
 | 0x0000000000000003 | 5           | 22 3 1 1 1 0 3 5 6 9 1 1 2 1 2 8 1 2 4 0 0 0 6 4 1 1 5 3 1 0 2 1             |
 ├────────────────────┼─────────────┼──────────────────────────────────────────────────────────────────────────────┤
 | 0x0000000000000004 | 1           | 30 5 5 3 2 2 4 9 7 10 2 1 4 2 2 8 0 2 5 0 0 0 8 4 3 3 4 6 0 0 0 0            |
 ├────────────────────┼─────────────┼──────────────────────────────────────────────────────────────────────────────┤
 | 0x0000000000000005 | 6           | 17 2 1 1 1 1 3 5 5 5 1 1 3 0 1 5 0 1 4 0 0 0 5 4 2 1 3 0 0 0 1 1             |
 ├────────────────────┼─────────────┼──────────────────────────────────────────────────────────────────────────────┤
 | 0x0000000000000006 | 9           | 16 0 0 0 0 0 0 3 6 3 0 0 1 0 3 6 0 1 3 0 0 0 5 4 0 0 0 0 0 0 0 1             |
 ├────────────────────┼─────────────┼──────────────────────────────────────────────────────────────────────────────┤
 | 0x0000000000000007 | 19          | 16 3 2 2 1 1 1 6 3 5 1 1 1 1 0 5 0 1 3 0 0 0 5 0 0 0 1 0 0 0 0 1             |
 ├────────────────────┼─────────────┼──────────────────────────────────────────────────────────────────────────────┤
 | 0x0000000000000008 | 7           | 22 7 7 5 3 5 5 3 2 3 2 2 4 1 1 1 1 3 3 0 1 2 0 2 4 3 7 4 4 6 6 6             |
 ├────────────────────┼─────────────┼──────────────────────────────────────────────────────────────────────────────┤
 | 0x0000000000000009 | 11          | 19 11 9 6 5 4 4 2 2 2 4 3 3 2 3 4 3 3 2 1 3 2 3 5 4 4 5 5 5 6 8 9            |
 ├────────────────────┼─────────────┼──────────────────────────────────────────────────────────────────────────────┤
 | 0x000000000000000a | 11          | 19 9 9 4 2 2 2 1 1 0 1 2 8 5 2 0 0 1 0 1 1 0 5 0 0 1 4 1 1 1 1 2             |
 ├────────────────────┼─────────────┼──────────────────────────────────────────────────────────────────────────────┤
 | 0x000000000000000b | 10          | 24 13 7 3 3 3 3 2 2 1 2 3 5 4 3 3 2 3 5 6 3 2 3 2 4 4 5 3 3 4 4 7            |
 ├────────────────────┼─────────────┼──────────────────────────────────────────────────────────────────────────────┤
 | 0x000000000000000c | 13          | 18 10 4 4 3 3 3 7 1 2 4 3 3 4 2 2 3 2 2 2 3 2 3 1 2 3 3 3 3 3 3 6            |
 ├────────────────────┼─────────────┼──────────────────────────────────────────────────────────────────────────────┤
 | 0x000000000000000d | 8           | 18 6 11 3 3 3 4 3 3 2 3 4 8 8 3 1 1 1 1 1 2 6 6 1 1 1 1 1 0 1 2 2            |
 ├────────────────────┼─────────────┼──────────────────────────────────────────────────────────────────────────────┤
 | 0x000000000000000e | 15          | 24 17 12 11 8 5 5 5 4 3 4 3 4 4 4 4 4 2 2 3 3 3 4 4 4 5 4 4 4 5 5 7          |
 ├────────────────────┼─────────────┼──────────────────────────────────────────────────────────────────────────────┤
 | 0x000000000000000f | 22          | 16 11 7 7 5 5 5 3 3 3 2 2 2 2 2 1 1 3 2 2 4 2 4 3 3 4 3 4 4 4 5 6            |
 ├────────────────────┼─────────────┼──────────────────────────────────────────────────────────────────────────────┤
 | 0x0000000000000010 | 15          | 21 12 7 3 3 3 3 3 1 3 2 8 9 7 2 2 2 1 1 1 3 1 1 1 2 2 3 1 3 2 4 5            |
 ├────────────────────┼─────────────┼──────────────────────────────────────────────────────────────────────────────┤
 | 0x0000000000000011 | 20          | 25 17 7 6 5 3 4 2 2 0 0 0 2 1 1 0 0 1 0 0 0 0 0 0 0 2 1 1 0 0 1 7            |
 ├────────────────────┼─────────────┼──────────────────────────────────────────────────────────────────────────────┤
 | 0x0000000000000012 | 12          | 27 12 9 7 5 3 3 3 5 6 2 2 2 2 4 0 1 1 1 2 1 1 4 6 4 5 5 7 5 6 9 13           |
 ├────────────────────┼─────────────┼──────────────────────────────────────────────────────────────────────────────┤
 | 0x0000000000000013 | 20          | 30 7 4 2 3 3 3 1 2 7 2 2 3 2 3 2 2 2 1 2 5 2 3 4 4 2 3 1 2 4 3 9             |
 ├────────────────────┼─────────────┼──────────────────────────────────────────────────────────────────────────────┤
 | 0x0000000000000014 | 31          | 29 12 10 7 5 3 3 2 3 7 2 2 4 3 3 4 3 4 2 3 4 3 2 2 4 6 5 6 6 7 7 9           |
 ├────────────────────┼─────────────┼──────────────────────────────────────────────────────────────────────────────┤
 | 0x0000000000000015 | 22          | 31 8 9 7 5 4 4 3 3 9 3 3 3 3 6 3 2 1 2 2 2 1 2 5 5 3 5 5 6 9 8 10            |
 ├────────────────────┼─────────────┼──────────────────────────────────────────────────────────────────────────────┤
 | 0x0000000000000016 | 16          | 23 13 9 7 1 4 3 3 2 4 2 0 0 0 1 1 0 1 0 0 4 3 3 2 4 3 2 6 2 1 3 5            |
 ├────────────────────┼─────────────┼──────────────────────────────────────────────────────────────────────────────┤
 | 0x0000000000000017 | 22          | 17 11 7 5 2 4 4 3 4 2 3 1 1 1 1 1 1 1 2 1 1 1 1 3 1 3 3 2 2 2 6 4            |
 ├────────────────────┼─────────────┼──────────────────────────────────────────────────────────────────────────────┤
 | 0x0000000000000018 | 27          | 26 16 12 12 4 4 5 2 2 2 1 1 1 1 2 0 1 1 1 1 3 2 3 2 2 2 10 9 10 10 11 5      |
 ├────────────────────┼─────────────┼──────────────────────────────────────────────────────────────────────────────┤
 | 0x0000000000000019 | 23          | 17 8 6 4 4 3 2 2 2 6 3 2 2 3 2 5 2 5 2 2 2 3 3 4 6 4 6 3 3 5 5 6             |
 ├────────────────────┼─────────────┼──────────────────────────────────────────────────────────────────────────────┤
 | 0x000000000000001a | 24          | 31 10 4 4 1 1 0 0 2 2 17 2 2 2 4 2 1 16 2 2 1 1 2 3 2 18 2 3 4 4 4 8         |
 ├────────────────────┼─────────────┼──────────────────────────────────────────────────────────────────────────────┤
 | 0x000000000000001b | 25          | 20 11 7 6 5 1 2 2 3 1 1 2 2 1 3 2 1 2 2 2 3 4 3 3 2 3 5 4 3 5 8 7            |
 ├────────────────────┼─────────────┼──────────────────────────────────────────────────────────────────────────────┤
 | 0x000000000000001c | 12          | 17 3 2 1 0 0 0 6 0 1 0 0 0 0 0 0 0 2 3 4 4 4 0 3 5 0 0 0 0 0 1 0             |
 ├────────────────────┼─────────────┼──────────────────────────────────────────────────────────────────────────────┤
 | 0x000000000000001d | 28          | 23 13 12 3 3 1 1 2 1 2 4 3 1 3 4 2 2 4 2 4 3 3 4 3 5 6 6 7 7 6 9 9           |
 ├────────────────────┼─────────────┼──────────────────────────────────────────────────────────────────────────────┤
 | 0x000000000000001e | 20          | 30 23 6 5 3 3 3 4 5 6 5 6 5 5 6 6 6 6 7 4 7 5 6 5 5 8 11 7 7 10 13 10        |
 ├────────────────────┼─────────────┼──────────────────────────────────────────────────────────────────────────────┤
 | 0x000000000000001f | 30          | 29 3 4 3 3 5 7 7 9 8 7 7 7 7 7 7 4 8 8 8 15 9 11 12 11 11 12 13 12 13 18 19  |
 └────────────────────┴─────────────┴──────────────────────────────────────────────────────────────────────────────┘
Offset pattern table end
PC pattern table begin
 ┌────────────────────┬─────────────┬──────────────────────────────────────────┐
 | Key                | Second      | Pattern                                  |
 ├────────────────────┼─────────────┼──────────────────────────────────────────┤
 | 0x0000000000000000 | 22          | 22 11 4 4 4 5 6 5 4 4 4 6 7 7 7 10       |
 ├────────────────────┼─────────────┼──────────────────────────────────────────┤
 | 0x0000000000000001 | 1           | 22 10 8 11 6 5 5 4 3 7 6 7 6 3 4 6       |
 ├────────────────────┼─────────────┼──────────────────────────────────────────┤
 | 0x0000000000000002 | 4           | 22 10 8 7 5 6 6 5 3 5 5 5 6 6 4 8        |
 ├────────────────────┼─────────────┼──────────────────────────────────────────┤
 | 0x0000000000000003 | 1           | 21 16 4 4 4 4 8 4 6 6 9 11 10 7 6 12     |
 ├────────────────────┼─────────────┼──────────────────────────────────────────┤
 | 0x0000000000000004 | 3           | 18 1 0 1 9 5 0 1 3 8 0 0 2 6 1 0         |
 ├────────────────────┼─────────────┼──────────────────────────────────────────┤
 | 0x0000000000000005 | 15          | 18 6 4 3 3 4 5 3 2 3 5 8 8 8 9 10        |
 ├────────────────────┼─────────────┼──────────────────────────────────────────┤
 | 0x0000000000000006 | 27          | 25 15 8 6 5 5 3 4 8 6 6 8 8 8 8 8        |
 ├────────────────────┼─────────────┼──────────────────────────────────────────┤
 | 0x0000000000000007 | 6           | 27 3 1 2 14 8 1 1 4 13 1 0 2 8 3 2       |
 ├────────────────────┼─────────────┼──────────────────────────────────────────┤
 | 0x0000000000000008 | 27          | 24 17 6 8 3 1 11 3 1 0 0 2 3 2 2 4       |
 ├────────────────────┼─────────────┼──────────────────────────────────────────┤
 | 0x0000000000000009 | 2           | 27 1 0 7 10 3 5 6 2 7 2 1 5 9 2 0        |
 ├────────────────────┼─────────────┼──────────────────────────────────────────┤
 | 0x000000000000000a | 21          | 23 15 3 2 1 2 4 3 4 3 3 2 6 10 10 12     |
 ├────────────────────┼─────────────┼──────────────────────────────────────────┤
 | 0x000000000000000b | 12          | 28 3 1 2 8 6 1 4 3 7 1 4 2 7 3 6         |
 ├────────────────────┼─────────────┼──────────────────────────────────────────┤
 | 0x000000000000000c | 16          | 24 16 8 6 7 4 4 3 3 3 5 7 3 9 4 4        |
 ├────────────────────┼─────────────┼──────────────────────────────────────────┤
 | 0x000000000000000d | 12          | 22 6 5 16 2 5 7 4 6 9 10 11 6 3 2 4      |
 ├────────────────────┼─────────────┼──────────────────────────────────────────┤
 | 0x000000000000000e | 10          | 29 3 0 7 19 0 0 17 11 0 1 22 3 0 0 5     |
 ├────────────────────┼─────────────┼──────────────────────────────────────────┤
 | 0x000000000000000f | 19          | 24 17 3 2 1 3 9 1 0 1 2 7 3 6 6 6        |
 ├────────────────────┼─────────────┼──────────────────────────────────────────┤
 | 0x0000000000000010 | 23          | 21 13 8 10 6 2 2 3 1 1 2 1 1 5 5 8       |
 ├────────────────────┼─────────────┼──────────────────────────────────────────┤
 | 0x0000000000000011 | 31          | 25 15 11 13 9 10 11 9 8 6 6 7 9 11 8 10  |
 ├────────────────────┼─────────────┼──────────────────────────────────────────┤
 | 0x0000000000000012 | 20          | 16 7 2 2 1 2 2 0 0 0 0 0 1 1 0 3         |
 ├────────────────────┼─────────────┼──────────────────────────────────────────┤
 | 0x0000000000000013 | 30          | 30 6 3 2 1 2 3 2 1 2 4 14 13 13 14 15    |
 ├────────────────────┼─────────────┼──────────────────────────────────────────┤
 | 0x0000000000000014 | 8           | 21 9 6 6 6 7 5 4 2 1 4 5 4 5 4 8         |
 ├────────────────────┼─────────────┼──────────────────────────────────────────┤
 | 0x0000000000000015 | 20          | 19 12 7 8 7 6 6 6 3 4 4 5 8 6 5 4        |
 ├────────────────────┼─────────────┼──────────────────────────────────────────┤
 | 0x0000000000000016 | 5           | 23 9 1 2 1 3 4 3 2 2 1 2 1 1 0 6         |
 ├────────────────────┼─────────────┼──────────────────────────────────────────┤
 | 0x0000000000000017 | 31          | 25 16 6 6 8 11 12 9 4 5 8 9 10 8 7 10    |
 ├────────────────────┼─────────────┼──────────────────────────────────────────┤
 | 0x0000000000000018 | 12          | 28 24 10 7 9 9 13 8 7 3 7 12 8 5 7 10    |
 ├────────────────────┼─────────────┼──────────────────────────────────────────┤
 | 0x0000000000000019 | 4           | 26 6 4 8 13 8 8 14 11 2 6 17 6 3 4 6     |
 ├────────────────────┼─────────────┼──────────────────────────────────────────┤
 | 0x000000000000001a | 20          | 30 14 0 0 0 8 11 1 1 1 2 1 1 1 1 0       |
 ├────────────────────┼─────────────┼──────────────────────────────────────────┤
 | 0x000000000000001b | 12          | 17 12 9 7 5 5 6 3 2 2 4 5 7 5 5 8        |
 ├────────────────────┼─────────────┼──────────────────────────────────────────┤
 | 0x000000000000001c | 1           | 23 20 10 3 3 3 4 4 5 3 2 3 5 9 4 14      |
 ├────────────────────┼─────────────┼──────────────────────────────────────────┤
 | 0x000000000000001d | 23          | 25 17 11 10 7 9 9 6 6 4 5 9 7 10 6 7     |
 ├────────────────────┼─────────────┼──────────────────────────────────────────┤
 | 0x000000000000001e | 13          | 25 15 9 5 4 5 7 3 1 2 3 3 4 5 7 12       |
 ├────────────────────┼─────────────┼──────────────────────────────────────────┤
 | 0x000000000000001f | 7           | 22 12 6 7 4 2 6 4 2 2 5 6 6 4 5 8        |
 └────────────────────┴─────────────┴──────────────────────────────────────────┘
PC pattern table end
Prefetch buffer begin
 ┌────────────────────┬──────────────────────────────────────────────────────────────────┐
 | Region             | Pattern                                                          |
 ├────────────────────┼──────────────────────────────────────────────────────────────────┤
 | 0x0000000000000550 | 0 0 0 0 2 2 2 2 2 2 0 0 0 0 0 0 0 0 0 0 2 2 2 0 2 0 2 2 2 2 3 0  |
 ├────────────────────┼──────────────────────────────────────────────────────────────────┤
 | 0x0000000000000b51 | 0 0 0 0 0 0 0 0 0 0 0 0 0 0 0 0 0 0 0 0 0 0 0 2 2 0 0 0 0 0 3 3  |
 ├────────────────────┼──────────────────────────────────────────────────────────────────┤
 | 0x0000000000000c12 | 3 0 3 0 0 3 2 2 3 3 2 0 0 0 3 3 3 3 3 3 0 0 2 2 3 3 0 0 3 0 0 0  |
 ├────────────────────┼──────────────────────────────────────────────────────────────────┤
 | 0x0000000000000b73 | 0 0 0 0 0 0 0 0 0 0 0 0 0 3 3 0 0 0 0 0 3 3 3 3 0 0 0 0 0 3 3 3  |
 ├────────────────────┼──────────────────────────────────────────────────────────────────┤
 | 0x0000000000000ba1 | 0 0 0 0 0 0 0 0 0 0 0 0 0 0 0 0 0 0 0 0 0 0 0 0 0 0 0 0 2 0 0 0  |
 ├────────────────────┼──────────────────────────────────────────────────────────────────┤
 | 0x0000000000000b26 | 3 3 0 0 0 0 0 0 0 0 0 0 0 0 0 0 0 0 0 0 0 0 0 2 2 3 3 0 0 3 0 3  |
 ├────────────────────┼──────────────────────────────────────────────────────────────────┤
 | 0x0000000000000bcc | 0 0 0 0 0 0 0 0 0 2 0 2 2 2 2 0 0 2 0 0 0 0 0 0 0 0 2 2 0 0 0 0  |
 ├────────────────────┼──────────────────────────────────────────────────────────────────┤
 | 0x000000000000054a | 2 0 0 0 0 0 0 0 0 0 0 0 2 2 2 2 0 0 0 2 2 2 0 2 2 0 0 0 0 0 0 0  |
 ├────────────────────┼──────────────────────────────────────────────────────────────────┤
 | 0x0000000000000bc3 | 0 0 0 0 0 0 0 0 0 0 2 2 3 3 0 0 0 0 0 0 0 3 2 2 3 0 0 0 3 3 3 3  |
 ├────────────────────┼──────────────────────────────────────────────────────────────────┤
 | 0x0000000000000b41 | 3 0 0 0 0 0 0 0 3 3 2 2 2 2 0 0 0 0 0 0 0 0 0 3 2 2 2 0 0 0 0 0  |
 ├────────────────────┼──────────────────────────────────────────────────────────────────┤
 | 0x0000000000000b28 | 2 2 0 0 0 0 3 3 2 2 2 2 2 2 3 3 3 0 3 3 3 3 3 0 0 0 0 0 0 0 0 0  |
 ├────────────────────┼──────────────────────────────────────────────────────────────────┤
 | 0x000000000000021d | 0 3 0 0 0 0 0 0 0 0 0 0 0 0 3 0 3 2 0 0 0 2 2 0 1 2 2 0 2 2 2 2  |
 ├────────────────────┼──────────────────────────────────────────────────────────────────┤
 | 0x0000000000000b33 | 0 0 3 2 0 0 0 0 2 0 3 0 0 0 0 0 0 0 0 0 0 0 0 0 0 0 0 0 0 0 0 0  |
 ├────────────────────┼──────────────────────────────────────────────────────────────────┤
 | 0x0000000000000b36 | 0 0 0 0 3 3 3 3 3 3 0 0 0 0 0 0 0 0 0 3 3 3 3 0 2 0 2 2 2 2 3 0  |
 ├────────────────────┼──────────────────────────────────────────────────────────────────┤
 | 0x0000000000000b2e | 0 0 0 0 0 3 3 0 0 0 0 0 0 0 0 0 0 0 0 3 0 0 2 0 0 2 0 0 3 0 0 0  |
 ├────────────────────┼──────────────────────────────────────────────────────────────────┤
 | 0x000000000000024e | 2 0 2 0 0 2 3 3 0 0 0 0 0 0 0 0 0 2 2 0 0 0 2 2 2 2 0 0 3 0 0 0  |
 ├────────────────────┼──────────────────────────────────────────────────────────────────┤
 | 0x0000000000000bc0 | 0 0 0 2 0 0 0 0 0 0 0 0 2 0 0 3 3 0 0 0 0 0 0 0 0 0 0 0 0 0 0 0  |
 ├────────────────────┼──────────────────────────────────────────────────────────────────┤
 | 0x0000000000000bd1 | 0 0 0 0 0 0 0 0 0 0 0 0 0 0 0 0 0 0 0 0 0 0 0 0 0 0 0 3 0 0 0 2  |
 ├────────────────────┼──────────────────────────────────────────────────────────────────┤
 | 0x0000000000000b3a | 0 0 0 0 0 0 0 0 0 0 0 0 0 0 0 0 0 0 0 0 0 0 0 0 0 0 0 0 0 3 3 3  |
 ├────────────────────┼──────────────────────────────────────────────────────────────────┤
 | 0x0000000000000c0b | 2 0 0 0 0 0 0 0 0 0 0 0 0 0 0 0 0 0 0 0 0 0 0 2 2 2 0 0 2 0 0 0  |
 ├────────────────────┼──────────────────────────────────────────────────────────────────┤
 | 0x0000000000000263 | 0 0 0 0 0 0 0 0 0 0 0 0 0 0 0 0 0 0 0 0 0 0 0 3 3 0 0 0 0 2 2 0  |
 ├────────────────────┼──────────────────────────────────────────────────────────────────┤
 | 0x0000000000000c0a | 0 0 2 2 0 0 2 0 2 0 0 0 0 0 0 0 0 0 0 0 0 0 0 0 0 0 0 0 0 0 0 0  |
 ├────────────────────┼──────────────────────────────────────────────────────────────────┤
 | 0x0000000000000c0f | 0 0 2 2 0 0 0 0 0 0 3 0 0 0 3 3 3 3 3 2 2 3 3 0 0 0 0 0 0 0 0 0  |
 ├────────────────────┼──────────────────────────────────────────────────────────────────┤
 | 0x0000000000000bb6 | 0 0 0 2 0 0 0 0 0 0 0 0 2 3 0 3 3 0 0 0 0 0 0 0 0 0 3 2 0 0 0 0  |
 └────────────────────┴──────────────────────────────────────────────────────────────────┘
Prefetch buffer end
Filter by PPT: 0
cpu0_L2C
Num Con Filled: 0
Num Con Useful: 0 Useless:0 Accuracy: nan
LLC
