41 41 41
Available num physical pages: 35184372088576
WARNING: physical memory size is smaller than virtual memory size

*** ChampSim Multicore Out-of-Order Simulator ***

Warmup Instructions: 5000000
Simulation Instructions: 20000000
Number of CPUs: 1
Page size: 4096

Basic BTB sets: 1024 ways: 8 indirect buffer size: 4096 RAS size: 64
cpu0_L1D PMP prefetcher
Off-chip DRAM Size: 4 GiB Channels: 1 Width: 64-bit Data Rate: 3200 MT/s
Max paddr 12M
Warmup finished CPU 0 instructions: 5000003 cycles: 1250107 cumulative IPC: 3.99967 (Simulation time: 0 hr 2 min 37 sec) 

Warmup complete CPU 0 instructions: 5000003 cycles: 1250107 (Simulation time: 0 hr 2 min 37 sec) 

Heartbeat CPU 0 instructions: 10000004 cycles: 4936322 heartbeat IPC: 2.02581 cumulative IPC: 1.35641 (Simulation time: 0 hr 6 min 29 sec) 
Heartbeat CPU 0 instructions: 20000000 cycles: 12297476 heartbeat IPC: 1.35849 cumulative IPC: 1.35779 (Simulation time: 0 hr 14 min 3 sec) 
Max paddr 48M
Simulation finished CPU 0 instructions: 20000000 cycles: 14653443 cumulative IPC: 1.36487 (Simulation time: 0 hr 16 min 33 sec) 

Simulation complete CPU 0 instructions: 20000000 cycles: 14653443 (Simulation time: 0 hr 16 min 33 sec) 


ChampSim completed all CPUs

[
  {
    "name": "Simulation",
    "traces": [
      "../traces/458.sjeng-767B.champsimtrace.xz"
    ],
    "roi": {
      "cores": [
        {
          "instructions": 20000000,
          "cycles": 14653443,
          "Avg ROB occupancy at mispredict": 17.4071, 
          "mispredict": {
            "BRANCH_DIRECT_JUMP": 1949,
            "BRANCH_INDIRECT": 23285,
            "BRANCH_CONDITIONAL": 412272,
            "BRANCH_DIRECT_CALL": 2,
            "BRANCH_INDIRECT_CALL": 5409,
            "BRANCH_RETURN": 9328
          }
        }
      ],
      "cpu0_L1I": {
        "LOAD": {
          "hit":989683,
          "miss":2114
        },
        "RFO": {
          "hit":0,
          "miss":0
        },
        "PREFETCH": {
          "hit":0,
          "miss":0
        },
        "WRITE": {
          "hit":0,
          "miss":0
        },
        "TRANSLATION": {
          "hit":0,
          "miss":0
        },
        "mshr full": 0,
        "prefetch requested": 0,
        "prefetch issued": 0,
        "prefetch filled": 0,
        "prefetch useful": 0,
        "prefetch useless": 0,
        "prefetch late": 0,
        "pf_useful_at_l2_from_l1":          0,
        "pf_late_at_l2_from_l1":          0,
        "pf_useless_at_l2_from_l1":          0,
        "pf_at_l2_to_l1":          0,
        "pf_fill_this_level":          0,
        "miss latency": 0.693266,
        "cache queues": {
          "PQ_ACCESS": 0,
          "PQ_FULL": 0,
          "PQ_TO_CACHE": 0,
          "PQ_MERGED": 0,
          "RQ_ACCESS": 1009032,
          "RQ_MERGED": 17236,
          "RQ_FULL": 0,
          "WQ_ACCESS": 0,
          "WQ_MERGED": 0,
          "WQ_FULL": 0
        }
      },
      "cpu0_ITLB": {
        "LOAD": {
          "hit":783244,
          "miss":0
        },
        "RFO": {
          "hit":0,
          "miss":0
        },
        "PREFETCH": {
          "hit":0,
          "miss":0
        },
        "WRITE": {
          "hit":0,
          "miss":0
        },
        "TRANSLATION": {
          "hit":0,
          "miss":0
        },
        "mshr full": 0,
        "prefetch requested": 0,
        "prefetch issued": 0,
        "prefetch filled": 0,
        "prefetch useful": 0,
        "prefetch useless": 0,
        "prefetch late": 0,
        "pf_useful_at_l2_from_l1":          0,
        "pf_late_at_l2_from_l1":          0,
        "pf_useless_at_l2_from_l1":          0,
        "pf_at_l2_to_l1":          0,
        "pf_fill_this_level":          0,
        "miss latency": null,
        "cache queues": {
          "PQ_ACCESS": 0,
          "PQ_FULL": 0,
          "PQ_TO_CACHE": 0,
          "PQ_MERGED": 0,
          "RQ_ACCESS": 783243,
          "RQ_MERGED": 0,
          "RQ_FULL": 0,
          "WQ_ACCESS": 0,
          "WQ_MERGED": 0,
          "WQ_FULL": 0
        }
      },
      "cpu0_DTLB": {
        "LOAD": {
          "hit":6420022,
          "miss":68740
        },
        "RFO": {
          "hit":0,
          "miss":0
        },
        "PREFETCH": {
          "hit":0,
          "miss":0
        },
        "WRITE": {
          "hit":0,
          "miss":0
        },
        "TRANSLATION": {
          "hit":0,
          "miss":0
        },
        "mshr full": 0,
        "prefetch requested": 0,
        "prefetch issued": 0,
        "prefetch filled": 0,
        "prefetch useful": 0,
        "prefetch useless": 0,
        "prefetch late": 0,
        "pf_useful_at_l2_from_l1":          0,
        "pf_late_at_l2_from_l1":          0,
        "pf_useless_at_l2_from_l1":          0,
        "pf_at_l2_to_l1":          0,
        "pf_fill_this_level":          0,
        "miss latency": 3.25935,
        "cache queues": {
          "PQ_ACCESS": 0,
          "PQ_FULL": 0,
          "PQ_TO_CACHE": 0,
          "PQ_MERGED": 0,
          "RQ_ACCESS": 6498354,
          "RQ_MERGED": 0,
          "RQ_FULL": 9592,
          "WQ_ACCESS": 0,
          "WQ_MERGED": 0,
          "WQ_FULL": 0
        }
      },
      "cpu0_STLB": {
        "LOAD": {
          "hit":33912,
          "miss":7380
        },
        "RFO": {
          "hit":0,
          "miss":0
        },
        "PREFETCH": {
          "hit":0,
          "miss":0
        },
        "WRITE": {
          "hit":0,
          "miss":0
        },
        "TRANSLATION": {
          "hit":0,
          "miss":0
        },
        "mshr full": 0,
        "prefetch requested": 0,
        "prefetch issued": 0,
        "prefetch filled": 0,
        "prefetch useful": 0,
        "prefetch useless": 0,
        "prefetch late": 0,
        "pf_useful_at_l2_from_l1":          0,
        "pf_late_at_l2_from_l1":          0,
        "pf_useless_at_l2_from_l1":          0,
        "pf_at_l2_to_l1":          0,
        "pf_fill_this_level":          0,
        "miss latency": 27.4953,
        "cache queues": {
          "PQ_ACCESS": 0,
          "PQ_FULL": 0,
          "PQ_TO_CACHE": 0,
          "PQ_MERGED": 0,
          "RQ_ACCESS": 41292,
          "RQ_MERGED": 0,
          "RQ_FULL": 0,
          "WQ_ACCESS": 0,
          "WQ_MERGED": 0,
          "WQ_FULL": 0
        }
      },
      "cpu0_L1D": {
        "LOAD": {
          "hit":4733726,
          "miss":15694
        },
        "RFO": {
          "hit":0,
          "miss":0
        },
        "PREFETCH": {
          "hit":108015,
          "miss":203001
        },
        "WRITE": {
          "hit":1724933,
          "miss":14937
        },
        "TRANSLATION": {
          "hit":2038,
          "miss":8655
        },
        "mshr full": 0,
        "prefetch requested": 311021,
        "prefetch issued": 311021,
        "prefetch filled": 389,
        "prefetch useful": 59,
        "prefetch useless": 382,
        "prefetch late": 0,
        "pf_useful_at_l2_from_l1":          0,
        "pf_late_at_l2_from_l1":          0,
        "pf_useless_at_l2_from_l1":          0,
        "pf_at_l2_to_l1":          0,
        "pf_fill_this_level":        389,
        "miss latency": 2.96738,
        "cache queues": {
          "PQ_ACCESS": 311021,
          "PQ_FULL": 0,
          "PQ_TO_CACHE": 311021,
          "PQ_MERGED": 3,
          "RQ_ACCESS": 4750013,
          "RQ_MERGED": 595,
          "RQ_FULL": 0,
          "WQ_ACCESS": 1739877,
          "WQ_MERGED": 2,
          "WQ_FULL": 4
        }
      },
      "cpu0_L2C": {
        "LOAD": {
          "hit":5706,
          "miss":8595
        },
        "RFO": {
          "hit":3290,
          "miss":740
        },
        "PREFETCH": {
          "hit":154509,
          "miss":48246
        },
        "WRITE": {
          "hit":8041,
          "miss":0
        },
        "TRANSLATION": {
          "hit":1386,
          "miss":7269
        },
        "mshr full": 64,
        "prefetch requested": 0,
        "prefetch issued": 0,
        "prefetch filled": 48191,
        "prefetch useful": 0,
        "prefetch useless": 0,
        "prefetch late": 0,
        "pf_useful_at_l2_from_l1":       1490,
        "pf_late_at_l2_from_l1":         54,
        "pf_useless_at_l2_from_l1":      46514,
        "pf_at_l2_to_l1":         18,
        "pf_fill_this_level":      47926,
        "miss latency": 41.2037,
        "cache queues": {
          "PQ_ACCESS": 202758,
          "PQ_FULL": 0,
          "PQ_TO_CACHE": 202758,
          "PQ_MERGED": 0,
          "RQ_ACCESS": 26987,
          "RQ_MERGED": 0,
          "RQ_FULL": 0,
          "WQ_ACCESS": 8125,
          "WQ_MERGED": 0,
          "WQ_FULL": 0
        }
      },
      "LLC": {
        "LOAD": {
          "hit": [714],
          "miss": [7870]
        },
        "RFO": {
          "hit": [289],
          "miss": [408]
        },
        "PREFETCH": {
          "hit": [5013],
          "miss": [43232]
        },
        "WRITE": {
          "hit": [6792],
          "miss": [0]
        },
        "TRANSLATION": {
          "hit": [301],
          "miss": [6968]
        },
        "mshr full": 0,
        "prefetch requested": 0,
        "prefetch issued": 0,
        "prefetch filled": 43232,
        "prefetch useful": 0,
        "prefetch useless": 0,
        "prefetch late": 0,
        "pf_useful_at_l2_from_l1":          0,
        "pf_late_at_l2_from_l1":          0,
        "pf_useless_at_l2_from_l1":          0,
        "pf_at_l2_to_l1":          4,
        "pf_fill_this_level":          0,
        "miss latency": 41.4437,
        "cache queues": {
          "PQ_ACCESS": 48245,
          "PQ_FULL": 0,
          "PQ_TO_CACHE": 48245,
          "PQ_MERGED": 0,
          "RQ_ACCESS": 16550,
          "RQ_MERGED": 0,
          "RQ_FULL": 0,
          "WQ_ACCESS": 6805,
          "WQ_MERGED": 0,
          "WQ_FULL": 0
        }
      },
      "DRAM": [
        {
          "RQ ROW_BUFFER_HIT": 31969,
          "RQ ROW_BUFFER_MISS": 26509,
          "PQ FULL": 0,
          "WQ ROW_BUFFER_HIT": 225,
          "WQ ROW_BUFFER_MISS": 4547,
          "WQ FULL": 0,
          "AVG DBUS CONGESTED CYCLE": 3.91061
        }
      ]

    },
    "sim": {
      "cores": [
        {
          "instructions": 20000000,
          "cycles": 14653443,
          "Avg ROB occupancy at mispredict": 17.4071, 
          "mispredict": {
            "BRANCH_DIRECT_JUMP": 1949,
            "BRANCH_INDIRECT": 23285,
            "BRANCH_CONDITIONAL": 412272,
            "BRANCH_DIRECT_CALL": 2,
            "BRANCH_INDIRECT_CALL": 5409,
            "BRANCH_RETURN": 9328
          }
        }
      ],
      "cpu0_L1I": {
        "LOAD": {
          "hit":989683,
          "miss":2114
        },
        "RFO": {
          "hit":0,
          "miss":0
        },
        "PREFETCH": {
          "hit":0,
          "miss":0
        },
        "WRITE": {
          "hit":0,
          "miss":0
        },
        "TRANSLATION": {
          "hit":0,
          "miss":0
        },
        "mshr full": 0,
        "prefetch requested": 0,
        "prefetch issued": 0,
        "prefetch filled": 0,
        "prefetch useful": 0,
        "prefetch useless": 0,
        "prefetch late": 0,
        "pf_useful_at_l2_from_l1":          0,
        "pf_late_at_l2_from_l1":          0,
        "pf_useless_at_l2_from_l1":          0,
        "pf_at_l2_to_l1":          0,
        "pf_fill_this_level":          0,
        "miss latency": 0.693266,
        "cache queues": {
          "PQ_ACCESS": 0,
          "PQ_FULL": 0,
          "PQ_TO_CACHE": 0,
          "PQ_MERGED": 0,
          "RQ_ACCESS": 1009032,
          "RQ_MERGED": 17236,
          "RQ_FULL": 0,
          "WQ_ACCESS": 0,
          "WQ_MERGED": 0,
          "WQ_FULL": 0
        }
      },
      "cpu0_ITLB": {
        "LOAD": {
          "hit":783244,
          "miss":0
        },
        "RFO": {
          "hit":0,
          "miss":0
        },
        "PREFETCH": {
          "hit":0,
          "miss":0
        },
        "WRITE": {
          "hit":0,
          "miss":0
        },
        "TRANSLATION": {
          "hit":0,
          "miss":0
        },
        "mshr full": 0,
        "prefetch requested": 0,
        "prefetch issued": 0,
        "prefetch filled": 0,
        "prefetch useful": 0,
        "prefetch useless": 0,
        "prefetch late": 0,
        "pf_useful_at_l2_from_l1":          0,
        "pf_late_at_l2_from_l1":          0,
        "pf_useless_at_l2_from_l1":          0,
        "pf_at_l2_to_l1":          0,
        "pf_fill_this_level":          0,
        "miss latency": null,
        "cache queues": {
          "PQ_ACCESS": 0,
          "PQ_FULL": 0,
          "PQ_TO_CACHE": 0,
          "PQ_MERGED": 0,
          "RQ_ACCESS": 783243,
          "RQ_MERGED": 0,
          "RQ_FULL": 0,
          "WQ_ACCESS": 0,
          "WQ_MERGED": 0,
          "WQ_FULL": 0
        }
      },
      "cpu0_DTLB": {
        "LOAD": {
          "hit":6420022,
          "miss":68740
        },
        "RFO": {
          "hit":0,
          "miss":0
        },
        "PREFETCH": {
          "hit":0,
          "miss":0
        },
        "WRITE": {
          "hit":0,
          "miss":0
        },
        "TRANSLATION": {
          "hit":0,
          "miss":0
        },
        "mshr full": 0,
        "prefetch requested": 0,
        "prefetch issued": 0,
        "prefetch filled": 0,
        "prefetch useful": 0,
        "prefetch useless": 0,
        "prefetch late": 0,
        "pf_useful_at_l2_from_l1":          0,
        "pf_late_at_l2_from_l1":          0,
        "pf_useless_at_l2_from_l1":          0,
        "pf_at_l2_to_l1":          0,
        "pf_fill_this_level":          0,
        "miss latency": 3.25935,
        "cache queues": {
          "PQ_ACCESS": 0,
          "PQ_FULL": 0,
          "PQ_TO_CACHE": 0,
          "PQ_MERGED": 0,
          "RQ_ACCESS": 6498354,
          "RQ_MERGED": 0,
          "RQ_FULL": 9592,
          "WQ_ACCESS": 0,
          "WQ_MERGED": 0,
          "WQ_FULL": 0
        }
      },
      "cpu0_STLB": {
        "LOAD": {
          "hit":33912,
          "miss":7380
        },
        "RFO": {
          "hit":0,
          "miss":0
        },
        "PREFETCH": {
          "hit":0,
          "miss":0
        },
        "WRITE": {
          "hit":0,
          "miss":0
        },
        "TRANSLATION": {
          "hit":0,
          "miss":0
        },
        "mshr full": 0,
        "prefetch requested": 0,
        "prefetch issued": 0,
        "prefetch filled": 0,
        "prefetch useful": 0,
        "prefetch useless": 0,
        "prefetch late": 0,
        "pf_useful_at_l2_from_l1":          0,
        "pf_late_at_l2_from_l1":          0,
        "pf_useless_at_l2_from_l1":          0,
        "pf_at_l2_to_l1":          0,
        "pf_fill_this_level":          0,
        "miss latency": 27.4953,
        "cache queues": {
          "PQ_ACCESS": 0,
          "PQ_FULL": 0,
          "PQ_TO_CACHE": 0,
          "PQ_MERGED": 0,
          "RQ_ACCESS": 41292,
          "RQ_MERGED": 0,
          "RQ_FULL": 0,
          "WQ_ACCESS": 0,
          "WQ_MERGED": 0,
          "WQ_FULL": 0
        }
      },
      "cpu0_L1D": {
        "LOAD": {
          "hit":4733726,
          "miss":15694
        },
        "RFO": {
          "hit":0,
          "miss":0
        },
        "PREFETCH": {
          "hit":108015,
          "miss":203001
        },
        "WRITE": {
          "hit":1724933,
          "miss":14937
        },
        "TRANSLATION": {
          "hit":2038,
          "miss":8655
        },
        "mshr full": 0,
        "prefetch requested": 311021,
        "prefetch issued": 311021,
        "prefetch filled": 389,
        "prefetch useful": 59,
        "prefetch useless": 382,
        "prefetch late": 0,
        "pf_useful_at_l2_from_l1":          0,
        "pf_late_at_l2_from_l1":          0,
        "pf_useless_at_l2_from_l1":          0,
        "pf_at_l2_to_l1":          0,
        "pf_fill_this_level":        389,
        "miss latency": 2.96738,
        "cache queues": {
          "PQ_ACCESS": 311021,
          "PQ_FULL": 0,
          "PQ_TO_CACHE": 311021,
          "PQ_MERGED": 3,
          "RQ_ACCESS": 4750013,
          "RQ_MERGED": 595,
          "RQ_FULL": 0,
          "WQ_ACCESS": 1739877,
          "WQ_MERGED": 2,
          "WQ_FULL": 4
        }
      },
      "cpu0_L2C": {
        "LOAD": {
          "hit":5706,
          "miss":8595
        },
        "RFO": {
          "hit":3290,
          "miss":740
        },
        "PREFETCH": {
          "hit":154509,
          "miss":48246
        },
        "WRITE": {
          "hit":8041,
          "miss":0
        },
        "TRANSLATION": {
          "hit":1386,
          "miss":7269
        },
        "mshr full": 64,
        "prefetch requested": 0,
        "prefetch issued": 0,
        "prefetch filled": 48191,
        "prefetch useful": 0,
        "prefetch useless": 0,
        "prefetch late": 0,
        "pf_useful_at_l2_from_l1":       1490,
        "pf_late_at_l2_from_l1":         54,
        "pf_useless_at_l2_from_l1":      46514,
        "pf_at_l2_to_l1":         18,
        "pf_fill_this_level":      47926,
        "miss latency": 41.2037,
        "cache queues": {
          "PQ_ACCESS": 202758,
          "PQ_FULL": 0,
          "PQ_TO_CACHE": 202758,
          "PQ_MERGED": 0,
          "RQ_ACCESS": 26987,
          "RQ_MERGED": 0,
          "RQ_FULL": 0,
          "WQ_ACCESS": 8125,
          "WQ_MERGED": 0,
          "WQ_FULL": 0
        }
      },
      "LLC": {
        "LOAD": {
          "hit": [714],
          "miss": [7870]
        },
        "RFO": {
          "hit": [289],
          "miss": [408]
        },
        "PREFETCH": {
          "hit": [5013],
          "miss": [43232]
        },
        "WRITE": {
          "hit": [6792],
          "miss": [0]
        },
        "TRANSLATION": {
          "hit": [301],
          "miss": [6968]
        },
        "mshr full": 0,
        "prefetch requested": 0,
        "prefetch issued": 0,
        "prefetch filled": 43232,
        "prefetch useful": 0,
        "prefetch useless": 0,
        "prefetch late": 0,
        "pf_useful_at_l2_from_l1":          0,
        "pf_late_at_l2_from_l1":          0,
        "pf_useless_at_l2_from_l1":          0,
        "pf_at_l2_to_l1":          4,
        "pf_fill_this_level":          0,
        "miss latency": 41.4437,
        "cache queues": {
          "PQ_ACCESS": 48245,
          "PQ_FULL": 0,
          "PQ_TO_CACHE": 48245,
          "PQ_MERGED": 0,
          "RQ_ACCESS": 16550,
          "RQ_MERGED": 0,
          "RQ_FULL": 0,
          "WQ_ACCESS": 6805,
          "WQ_MERGED": 0,
          "WQ_FULL": 0
        }
      },
      "DRAM": [
        {
          "RQ ROW_BUFFER_HIT": 31969,
          "RQ ROW_BUFFER_MISS": 26509,
          "PQ FULL": 0,
          "WQ ROW_BUFFER_HIT": 225,
          "WQ ROW_BUFFER_MISS": 4547,
          "WQ FULL": 0,
          "AVG DBUS CONGESTED CYCLE": 3.91061
        }
      ]

    }
  }
]
cpu0_ITLB
cpu0_DTLB
cpu0_STLB
Prefetch Request to L1: 1775, Prefetch Request to L2: 309246
Invalid by Eviction: 2476
Invalid by Max: 38236
Filter table begin
 ┌────────────────────┬─────────────┐
 | Region             | Offset      |
 ├────────────────────┼─────────────┤
 | 0x000000000000027f | 18          |
 ├────────────────────┼─────────────┤
 | 0x0000000000000426 | 18          |
 ├────────────────────┼─────────────┤
 | 0x0000000000000276 | 21          |
 ├────────────────────┼─────────────┤
 | 0x0000000000006039 | 22          |
 ├────────────────────┼─────────────┤
 | 0x00000000000042c6 | 28          |
 ├────────────────────┼─────────────┤
 | 0x000000000000604e | 13          |
 ├────────────────────┼─────────────┤
 | 0x00000000000002d1 | 5           |
 ├────────────────────┼─────────────┤
 | 0x000000000000033b | 19          |
 ├────────────────────┼─────────────┤
 | 0x0000000000006054 | 21          |
 ├────────────────────┼─────────────┤
 | 0x0000000000000248 | 10          |
 ├────────────────────┼─────────────┤
 | 0x000000000000027e | 31          |
 ├────────────────────┼─────────────┤
 | 0x000000000000605d | 13          |
 ├────────────────────┼─────────────┤
 | 0x00000000000024ef | 0           |
 ├────────────────────┼─────────────┤
 | 0x0000000000000fb5 | 8           |
 ├────────────────────┼─────────────┤
 | 0x00000000000002d2 | 11          |
 ├────────────────────┼─────────────┤
 | 0x0000000000006032 | 2           |
 ├────────────────────┼─────────────┤
 | 0x0000000000006045 | 25          |
 ├────────────────────┼─────────────┤
 | 0x00000000000042c4 | 28          |
 ├────────────────────┼─────────────┤
 | 0x0000000000000400 | 5           |
 ├────────────────────┼─────────────┤
 | 0x0000000000006021 | 26          |
 ├────────────────────┼─────────────┤
 | 0x0000000000006056 | 21          |
 ├────────────────────┼─────────────┤
 | 0x0000000000000289 | 19          |
 ├────────────────────┼─────────────┤
 | 0x0000000000006005 | 12          |
 ├────────────────────┼─────────────┤
 | 0x0000000000005ecb | 15          |
 ├────────────────────┼─────────────┤
 | 0x000000000000023a | 4           |
 ├────────────────────┼─────────────┤
 | 0x00000000000004fa | 7           |
 ├────────────────────┼─────────────┤
 | 0x00000000000058d4 | 28          |
 ├────────────────────┼─────────────┤
 | 0x0000000000006058 | 12          |
 ├────────────────────┼─────────────┤
 | 0x000000000000033e | 26          |
 ├────────────────────┼─────────────┤
 | 0x0000000000000fb3 | 16          |
 ├────────────────────┼─────────────┤
 | 0x000000000000592d | 8           |
 ├────────────────────┼─────────────┤
 | 0x00000000000004fb | 7           |
 ├────────────────────┼─────────────┤
 | 0x0000000000006050 | 6           |
 ├────────────────────┼─────────────┤
 | 0x00000000000036aa | 26          |
 ├────────────────────┼─────────────┤
 | 0x0000000000000232 | 17          |
 ├────────────────────┼─────────────┤
 | 0x0000000000000257 | 0           |
 ├────────────────────┼─────────────┤
 | 0x0000000000000220 | 30          |
 ├────────────────────┼─────────────┤
 | 0x0000000000006027 | 0           |
 ├────────────────────┼─────────────┤
 | 0x0000000000000238 | 16          |
 ├────────────────────┼─────────────┤
 | 0x000000000000178b | 13          |
 ├────────────────────┼─────────────┤
 | 0x0000000000000279 | 0           |
 ├────────────────────┼─────────────┤
 | 0x000000000000024f | 23          |
 ├────────────────────┼─────────────┤
 | 0x0000000000000254 | 5           |
 ├────────────────────┼─────────────┤
 | 0x00000000000036a8 | 26          |
 ├────────────────────┼─────────────┤
 | 0x000000000000605b | 28          |
 ├────────────────────┼─────────────┤
 | 0x0000000000000230 | 31          |
 ├────────────────────┼─────────────┤
 | 0x000000000000030b | 11          |
 └────────────────────┴─────────────┘
Filter table end
Accumulation table begin
 ┌────────────────────┬─────────────┬─────────────┬──────────────────────────────────────────────────────────────────┐
 | Region             | Offset      | Second      | Pattern                                                          |
 ├────────────────────┼─────────────┼─────────────┼──────────────────────────────────────────────────────────────────┤
 | 0x0000000000000252 | 6           | 3           | 1 1 1 1 0 1 1 0 0 0 0 0 0 0 0 0 0 0 1 1 1 0 0 0 0 0 0 0 0 1 1 1  |
 ├────────────────────┼─────────────┼─────────────┼──────────────────────────────────────────────────────────────────┤
 | 0x0000000000000264 | 31          | 22          | 0 0 0 1 1 0 0 1 1 1 0 1 0 1 0 0 1 1 1 1 1 1 1 0 0 0 0 0 0 1 1 1  |
 ├────────────────────┼─────────────┼─────────────┼──────────────────────────────────────────────────────────────────┤
 | 0x00000000000002d6 | 17          | 16          | 0 0 0 0 0 0 0 0 0 0 0 0 0 0 0 0 1 1 0 0 0 0 0 0 0 0 0 0 0 0 0 0  |
 ├────────────────────┼─────────────┼─────────────┼──────────────────────────────────────────────────────────────────┤
 | 0x0000000000000215 | 19          | 18          | 0 0 0 0 0 0 0 0 0 0 0 0 0 0 0 0 0 0 1 1 0 0 0 0 0 0 0 0 0 0 0 0  |
 ├────────────────────┼─────────────┼─────────────┼──────────────────────────────────────────────────────────────────┤
 | 0x0000000000000312 | 11          | 12          | 0 0 0 0 0 0 0 0 0 0 0 1 1 0 0 0 0 0 0 0 0 0 0 0 0 0 0 0 0 0 0 0  |
 ├────────────────────┼─────────────┼─────────────┼──────────────────────────────────────────────────────────────────┤
 | 0x00000000000002df | 12          | 13          | 0 0 0 0 0 0 0 0 0 0 0 0 1 1 1 1 0 0 0 0 0 0 0 0 0 0 0 0 0 0 0 0  |
 ├────────────────────┼─────────────┼─────────────┼──────────────────────────────────────────────────────────────────┤
 | 0x0000000000000261 | 22          | 20          | 0 0 0 0 0 0 0 0 0 0 0 0 0 0 0 0 0 0 1 1 1 0 1 0 0 0 0 0 0 0 0 0  |
 ├────────────────────┼─────────────┼─────────────┼──────────────────────────────────────────────────────────────────┤
 | 0x000000000000021a | 8           | 3           | 0 0 0 1 1 1 1 1 1 0 0 0 1 1 1 1 1 1 0 0 0 1 1 0 0 1 1 0 0 0 1 1  |
 ├────────────────────┼─────────────┼─────────────┼──────────────────────────────────────────────────────────────────┤
 | 0x0000000000000314 | 20          | 19          | 0 0 0 0 0 0 0 0 0 0 0 0 0 0 0 0 0 1 1 1 1 1 0 0 0 0 0 0 0 0 0 0  |
 ├────────────────────┼─────────────┼─────────────┼──────────────────────────────────────────────────────────────────┤
 | 0x0000000000000225 | 5           | 26          | 0 0 0 0 0 1 0 0 0 0 0 0 0 0 0 0 0 0 0 0 0 0 0 0 0 0 1 0 0 0 0 0  |
 ├────────────────────┼─────────────┼─────────────┼──────────────────────────────────────────────────────────────────┤
 | 0x0000000000000258 | 12          | 13          | 0 0 0 0 0 0 0 0 0 0 0 0 1 1 1 0 1 1 1 1 1 1 0 1 1 0 0 0 1 0 0 0  |
 ├────────────────────┼─────────────┼─────────────┼──────────────────────────────────────────────────────────────────┤
 | 0x0000000000000262 | 11          | 12          | 0 0 0 0 0 0 0 0 0 0 0 1 1 0 0 0 0 0 0 0 0 0 0 0 0 0 0 0 0 0 0 0  |
 ├────────────────────┼─────────────┼─────────────┼──────────────────────────────────────────────────────────────────┤
 | 0x000000000000022a | 9           | 7           | 0 0 0 0 0 0 0 1 0 1 0 0 0 0 0 0 0 0 0 0 0 0 0 0 0 0 0 0 0 0 0 0  |
 ├────────────────────┼─────────────┼─────────────┼──────────────────────────────────────────────────────────────────┤
 | 0x000000000000021f | 17          | 12          | 0 1 1 1 1 1 1 0 0 1 1 1 1 1 1 1 1 1 1 0 1 1 1 0 0 0 0 0 0 0 0 0  |
 ├────────────────────┼─────────────┼─────────────┼──────────────────────────────────────────────────────────────────┤
 | 0x00000000000004f8 | 6           | 7           | 0 0 0 0 0 0 1 1 1 0 0 0 0 0 0 0 0 0 0 0 0 0 0 0 0 0 0 0 0 0 0 0  |
 ├────────────────────┼─────────────┼─────────────┼──────────────────────────────────────────────────────────────────┤
 | 0x0000000000000249 | 23          | 0           | 1 0 0 0 0 0 0 0 0 0 0 0 0 0 0 0 0 0 0 0 0 0 0 1 0 0 0 0 0 0 0 0  |
 ├────────────────────┼─────────────┼─────────────┼──────────────────────────────────────────────────────────────────┤
 | 0x0000000000000217 | 12          | 13          | 0 0 0 0 0 0 1 1 1 1 1 1 1 1 0 0 0 0 0 0 0 0 0 0 0 0 0 0 0 0 0 0  |
 ├────────────────────┼─────────────┼─────────────┼──────────────────────────────────────────────────────────────────┤
 | 0x000000000000021b | 3           | 2           | 0 0 1 1 0 0 0 0 0 0 0 0 0 0 0 0 0 0 0 0 0 0 0 0 0 0 0 0 0 0 0 0  |
 ├────────────────────┼─────────────┼─────────────┼──────────────────────────────────────────────────────────────────┤
 | 0x00000000000002d4 | 8           | 7           | 0 0 0 0 0 0 0 1 1 0 0 0 0 0 0 0 0 0 0 0 0 0 0 0 0 0 0 0 0 0 0 0  |
 ├────────────────────┼─────────────┼─────────────┼──────────────────────────────────────────────────────────────────┤
 | 0x000000000000027d | 10          | 11          | 0 0 0 0 0 0 0 0 0 0 1 1 0 1 0 0 0 0 0 0 0 0 0 0 0 0 0 0 0 0 0 0  |
 ├────────────────────┼─────────────┼─────────────┼──────────────────────────────────────────────────────────────────┤
 | 0x0000000000000221 | 19          | 20          | 1 1 1 1 1 0 1 0 0 0 1 0 0 0 0 1 1 1 0 1 1 0 0 0 0 0 0 0 0 0 0 0  |
 ├────────────────────┼─────────────┼─────────────┼──────────────────────────────────────────────────────────────────┤
 | 0x0000000000000310 | 12          | 21          | 0 0 0 0 0 0 0 0 0 0 0 0 1 0 0 0 0 0 0 0 0 1 0 0 0 0 0 0 0 0 0 0  |
 ├────────────────────┼─────────────┼─────────────┼──────────────────────────────────────────────────────────────────┤
 | 0x0000000000000308 | 4           | 3           | 0 0 1 1 1 1 1 0 0 0 0 0 0 0 0 0 0 0 0 0 0 0 0 0 0 0 0 0 0 0 0 0  |
 ├────────────────────┼─────────────┼─────────────┼──────────────────────────────────────────────────────────────────┤
 | 0x0000000000000fbf | 30          | 31          | 0 0 0 0 0 0 0 0 0 0 0 0 0 0 0 0 0 0 0 0 0 0 0 0 0 0 0 0 0 0 1 1  |
 ├────────────────────┼─────────────┼─────────────┼──────────────────────────────────────────────────────────────────┤
 | 0x000000000000025f | 28          | 31          | 0 0 0 0 0 0 0 0 0 0 0 0 0 0 0 0 0 0 0 0 0 0 0 0 0 0 0 0 1 0 1 1  |
 ├────────────────────┼─────────────┼─────────────┼──────────────────────────────────────────────────────────────────┤
 | 0x0000000000000256 | 20          | 10          | 0 0 0 0 0 0 0 1 1 1 1 1 1 1 1 1 1 1 1 1 1 1 1 1 1 1 1 1 1 1 1 1  |
 ├────────────────────┼─────────────┼─────────────┼──────────────────────────────────────────────────────────────────┤
 | 0x000000000000024b | 14          | 7           | 0 0 0 0 0 0 0 1 0 0 0 0 0 0 1 0 0 0 0 0 0 0 0 0 0 0 0 0 0 0 0 0  |
 ├────────────────────┼─────────────┼─────────────┼──────────────────────────────────────────────────────────────────┤
 | 0x00000000000002cf | 2           | 1           | 0 1 1 0 0 0 0 0 0 0 0 0 0 0 0 0 0 0 0 0 0 0 0 0 0 0 0 0 0 0 0 0  |
 ├────────────────────┼─────────────┼─────────────┼──────────────────────────────────────────────────────────────────┤
 | 0x0000000000000239 | 2           | 6           | 0 0 1 0 0 0 1 0 0 0 0 0 0 0 0 0 0 0 0 0 0 0 0 0 0 0 0 0 0 0 0 0  |
 ├────────────────────┼─────────────┼─────────────┼──────────────────────────────────────────────────────────────────┤
 | 0x00000000000004fc | 3           | 1           | 1 1 1 1 1 1 1 1 0 0 0 0 0 0 0 0 0 0 0 0 0 0 0 0 0 0 0 0 0 0 0 0  |
 ├────────────────────┼─────────────┼─────────────┼──────────────────────────────────────────────────────────────────┤
 | 0x0000000000000265 | 8           | 24          | 0 0 0 0 0 1 1 1 1 0 0 0 0 0 0 0 0 0 0 0 0 0 1 1 1 1 1 0 0 0 0 0  |
 ├────────────────────┼─────────────┼─────────────┼──────────────────────────────────────────────────────────────────┤
 | 0x0000000000000315 | 25          | 6           | 0 0 1 1 1 1 1 1 0 0 0 0 0 0 0 0 0 0 0 0 0 0 0 0 0 1 0 0 0 0 0 0  |
 └────────────────────┴─────────────┴─────────────┴──────────────────────────────────────────────────────────────────┘
Accumulation table end
Offset pattern table begin
 ┌────────────────────┬─────────────┬───────────────────────────────────────────────────────────────────────┐
 | Key                | Second      | Pattern                                                               |
 ├────────────────────┼─────────────┼───────────────────────────────────────────────────────────────────────┤
 | 0x0000000000000000 | 23          | 24 18 11 12 9 9 8 8 7 2 0 0 0 0 0 0 0 0 0 0 0 0 0 3 0 0 0 0 0 0 0 0   |
 ├────────────────────┼─────────────┼───────────────────────────────────────────────────────────────────────┤
 | 0x0000000000000001 | 2           | 29 6 8 5 3 1 1 2 1 1 1 1 0 0 0 0 11 12 12 0 0 0 0 0 0 1 8 5 5 5 0 22  |
 ├────────────────────┼─────────────┼───────────────────────────────────────────────────────────────────────┤
 | 0x0000000000000002 | 7           | 21 6 3 3 2 2 2 2 1 1 0 0 0 0 0 0 1 0 0 0 0 0 0 0 0 0 0 0 0 0 1 16     |
 ├────────────────────┼─────────────┼───────────────────────────────────────────────────────────────────────┤
 | 0x0000000000000003 | 0           | 21 7 8 7 4 4 2 2 2 3 1 1 2 2 2 1 2 0 2 1 1 1 1 1 0 0 1 2 2 10 7 11    |
 ├────────────────────┼─────────────┼───────────────────────────────────────────────────────────────────────┤
 | 0x0000000000000004 | 31          | 16 1 0 0 0 8 0 0 0 0 0 0 0 5 0 0 0 0 3 0 0 0 0 0 0 0 0 0 0 0 1 1      |
 ├────────────────────┼─────────────┼───────────────────────────────────────────────────────────────────────┤
 | 0x0000000000000005 | 4           | 28 9 4 2 3 6 3 3 2 0 0 0 0 1 2 1 0 10 10 0 10 0 0 1 1 1 1 2 2 2 2 3   |
 ├────────────────────┼─────────────┼───────────────────────────────────────────────────────────────────────┤
 | 0x0000000000000006 | 5           | 19 4 2 0 0 7 0 0 0 8 0 0 1 1 8 0 0 0 1 0 0 0 0 3 1 4 4 5 4 1 0 2      |
 ├────────────────────┼─────────────┼───────────────────────────────────────────────────────────────────────┤
 | 0x0000000000000007 | 2           | 20 3 1 1 1 1 1 2 0 0 0 0 0 0 0 0 0 0 0 0 0 0 7 0 0 0 0 13 0 0 1 3     |
 ├────────────────────┼─────────────┼───────────────────────────────────────────────────────────────────────┤
 | 0x0000000000000008 | 13          | 22 1 1 1 0 18 0 0 0 0 0 0 0 0 0 0 0 0 0 0 0 0 0 0 0 0 0 0 0 0 2 1     |
 ├────────────────────┼─────────────┼───────────────────────────────────────────────────────────────────────┤
 | 0x0000000000000009 | 10          | 31 15 8 2 2 1 1 0 1 1 0 0 1 1 0 0 0 0 0 0 0 0 0 0 0 5 6 9 6 6 13 12   |
 ├────────────────────┼─────────────┼───────────────────────────────────────────────────────────────────────┤
 | 0x000000000000000a | 11          | 19 12 3 4 2 2 2 2 2 1 1 1 1 1 1 1 1 1 1 0 0 2 0 0 0 0 0 4 0 4 1 2     |
 ├────────────────────┼─────────────┼───────────────────────────────────────────────────────────────────────┤
 | 0x000000000000000b | 12          | 23 8 11 0 0 0 0 0 0 0 1 2 0 0 1 1 1 1 3 1 1 0 0 0 0 0 0 0 2 2 2 11    |
 ├────────────────────┼─────────────┼───────────────────────────────────────────────────────────────────────┤
 | 0x000000000000000c | 13          | 21 7 3 3 2 0 0 0 0 7 0 0 0 2 0 0 0 0 0 0 0 0 0 0 0 0 0 1 0 1 1 6      |
 ├────────────────────┼─────────────┼───────────────────────────────────────────────────────────────────────┤
 | 0x000000000000000d | 14          | 22 3 1 0 0 0 0 0 0 0 0 0 0 0 0 0 0 0 0 0 0 3 4 1 1 1 0 0 0 13 13 3    |
 ├────────────────────┼─────────────┼───────────────────────────────────────────────────────────────────────┤
 | 0x000000000000000e | 7           | 16 6 2 2 1 1 0 0 1 8 8 0 0 0 0 0 0 0 0 0 1 1 0 1 0 0 0 0 0 0 2 2      |
 ├────────────────────┼─────────────┼───────────────────────────────────────────────────────────────────────┤
 | 0x000000000000000f | 16          | 16 6 4 0 0 1 1 2 0 0 1 0 0 0 1 0 1 1 1 1 2 2 3 3 0 0 0 0 0 1 1 9      |
 ├────────────────────┼─────────────┼───────────────────────────────────────────────────────────────────────┤
 | 0x0000000000000010 | 25          | 25 10 2 1 1 2 1 1 1 13 1 1 1 1 2 1 0 0 0 0 0 0 0 0 0 0 0 0 4 4 4 8    |
 ├────────────────────┼─────────────┼───────────────────────────────────────────────────────────────────────┤
 | 0x0000000000000011 | 18          | 20 16 3 1 1 0 0 0 0 0 0 0 1 0 0 0 0 0 0 0 0 0 0 0 0 0 0 0 0 0 3 4     |
 ├────────────────────┼─────────────┼───────────────────────────────────────────────────────────────────────┤
 | 0x0000000000000012 | 19          | 17 2 1 1 1 13 1 0 0 1 1 0 0 0 0 0 0 0 0 0 0 0 0 0 0 0 1 1 1 2 2 3     |
 ├────────────────────┼─────────────┼───────────────────────────────────────────────────────────────────────┤
 | 0x0000000000000013 | 24          | 17 3 3 1 0 7 0 0 0 0 0 0 0 0 0 0 4 0 3 6 0 0 0 0 0 2 2 2 7 2 3 9      |
 ├────────────────────┼─────────────┼───────────────────────────────────────────────────────────────────────┤
 | 0x0000000000000014 | 21          | 16 14 10 0 1 1 1 0 1 1 1 0 0 0 0 0 0 0 0 0 0 0 0 0 0 0 0 0 1 2 2 2    |
 ├────────────────────┼─────────────┼───────────────────────────────────────────────────────────────────────┤
 | 0x0000000000000015 | 22          | 24 21 6 6 6 5 5 5 5 6 5 0 0 0 0 0 0 0 0 0 0 0 0 0 0 0 0 0 5 5 5 17    |
 ├────────────────────┼─────────────┼───────────────────────────────────────────────────────────────────────┤
 | 0x0000000000000016 | 18          | 16 6 4 5 1 2 0 1 0 0 0 0 0 1 4 3 3 0 0 1 0 0 0 0 1 3 2 2 3 3 4 2      |
 ├────────────────────┼─────────────┼───────────────────────────────────────────────────────────────────────┤
 | 0x0000000000000017 | 24          | 27 10 7 7 6 7 7 6 7 16 0 0 0 0 0 0 0 0 0 0 0 0 0 0 0 0 0 0 0 5 5 9    |
 ├────────────────────┼─────────────┼───────────────────────────────────────────────────────────────────────┤
 | 0x0000000000000018 | 19          | 20 0 0 0 0 0 0 0 0 0 0 0 0 0 0 0 0 0 0 0 0 0 0 0 0 0 0 18 0 0 0 0     |
 ├────────────────────┼─────────────┼───────────────────────────────────────────────────────────────────────┤
 | 0x0000000000000019 | 30          | 27 5 5 0 0 21 0 0 0 0 0 0 0 0 0 0 0 0 0 0 0 0 0 0 0 0 0 0 0 0 0 0     |
 ├────────────────────┼─────────────┼───────────────────────────────────────────────────────────────────────┤
 | 0x000000000000001a | 9           | 21 8 3 2 1 0 0 0 0 0 0 0 2 3 3 3 2 1 0 0 0 2 3 3 3 1 1 0 1 4 5 4      |
 ├────────────────────┼─────────────┼───────────────────────────────────────────────────────────────────────┤
 | 0x000000000000001b | 18          | 24 16 11 7 4 0 0 0 0 0 0 0 0 0 0 0 0 0 0 0 0 0 2 3 1 0 0 0 1 0 1 2    |
 ├────────────────────┼─────────────┼───────────────────────────────────────────────────────────────────────┤
 | 0x000000000000001c | 10          | 30 18 9 9 0 0 0 0 0 1 0 8 6 4 2 3 1 0 0 0 0 0 0 0 0 0 0 0 0 6 6 10    |
 ├────────────────────┼─────────────┼───────────────────────────────────────────────────────────────────────┤
 | 0x000000000000001d | 7           | 30 1 2 0 0 0 0 0 0 0 2 0 2 0 3 1 1 0 0 0 0 1 1 3 1 3 0 21 0 0 1 3     |
 ├────────────────────┼─────────────┼───────────────────────────────────────────────────────────────────────┤
 | 0x000000000000001e | 25          | 16 6 0 0 0 0 0 0 0 0 0 0 0 0 0 0 0 0 0 0 0 0 0 0 0 0 0 8 0 0 1 1      |
 ├────────────────────┼─────────────┼───────────────────────────────────────────────────────────────────────┤
 | 0x000000000000001f | 28          | 18 0 0 0 0 2 1 0 0 0 1 0 0 0 1 0 0 0 0 0 0 0 0 3 0 0 0 0 2 2 3 11     |
 └────────────────────┴─────────────┴───────────────────────────────────────────────────────────────────────┘
Offset pattern table end
PC pattern table begin
 ┌────────────────────┬─────────────┬───────────────────────────────────────┐
 | Key                | Second      | Pattern                               |
 ├────────────────────┼─────────────┼───────────────────────────────────────┤
 | 0x0000000000000000 | 18          | 23 17 2 2 0 1 0 0 0 0 0 0 0 0 0 1     |
 ├────────────────────┼─────────────┼───────────────────────────────────────┤
 | 0x0000000000000001 | 7           | 29 13 3 3 0 3 3 3 0 3 1 3 2 0 3 5     |
 ├────────────────────┼─────────────┼───────────────────────────────────────┤
 | 0x0000000000000002 | 11          | 20 7 0 0 0 0 0 0 0 0 0 0 0 0 0 11     |
 ├────────────────────┼─────────────┼───────────────────────────────────────┤
 | 0x0000000000000003 | 16          | 22 3 2 2 7 2 5 9 8 0 0 0 8 4 3 4      |
 ├────────────────────┼─────────────┼───────────────────────────────────────┤
 | 0x0000000000000004 | 12          | 19 0 0 1 5 0 0 2 1 1 1 0 1 2 1 9      |
 ├────────────────────┼─────────────┼───────────────────────────────────────┤
 | 0x0000000000000005 | 19          | 22 14 1 1 0 1 1 1 0 1 1 1 1 0 7 6     |
 ├────────────────────┼─────────────┼───────────────────────────────────────┤
 | 0x0000000000000006 | 0           | 27 9 5 5 5 5 3 3 2 2 3 3 4 2 6 16     |
 ├────────────────────┼─────────────┼───────────────────────────────────────┤
 | 0x0000000000000007 | 23          | 26 1 0 0 1 0 0 0 0 0 0 24 14 14 14 0  |
 ├────────────────────┼─────────────┼───────────────────────────────────────┤
 | 0x0000000000000008 | 22          | 27 18 4 4 8 2 0 0 1 2 4 4 2 2 3 7     |
 ├────────────────────┼─────────────┼───────────────────────────────────────┤
 | 0x0000000000000009 | 31          | 20 8 3 1 1 1 1 1 0 0 0 0 0 0 1 11     |
 ├────────────────────┼─────────────┼───────────────────────────────────────┤
 | 0x000000000000000a | 14          | 23 6 3 2 4 2 1 1 0 2 1 0 0 0 1 5      |
 ├────────────────────┼─────────────┼───────────────────────────────────────┤
 | 0x000000000000000b | 16          | 22 17 15 14 11 3 1 1 1 0 0 0 0 1 2 5  |
 ├────────────────────┼─────────────┼───────────────────────────────────────┤
 | 0x000000000000000c | 24          | 31 5 8 3 7 4 1 3 2 6 4 2 3 7 6 11     |
 ├────────────────────┼─────────────┼───────────────────────────────────────┤
 | 0x000000000000000d | 0           | 26 18 2 2 2 2 0 0 0 0 0 0 0 5 7 12    |
 ├────────────────────┼─────────────┼───────────────────────────────────────┤
 | 0x000000000000000e | 11          | 27 5 5 3 4 3 3 2 0 0 5 0 0 2 21 7     |
 ├────────────────────┼─────────────┼───────────────────────────────────────┤
 | 0x000000000000000f | 18          | 17 1 0 0 0 4 4 4 2 1 0 2 1 2 5 8      |
 ├────────────────────┼─────────────┼───────────────────────────────────────┤
 | 0x0000000000000010 | 18          | 30 26 16 11 9 8 5 3 1 0 1 0 0 0 1 1   |
 ├────────────────────┼─────────────┼───────────────────────────────────────┤
 | 0x0000000000000011 | 11          | 24 23 1 1 1 0 0 0 0 0 0 0 0 0 0 1     |
 ├────────────────────┼─────────────┼───────────────────────────────────────┤
 | 0x0000000000000012 | 1           | 7 3 0 1 1 1 1 1 1 1 1 1 4 3 4 5       |
 ├────────────────────┼─────────────┼───────────────────────────────────────┤
 | 0x0000000000000013 | 16          | 23 13 2 1 1 2 2 2 2 1 0 0 1 0 3 7     |
 ├────────────────────┼─────────────┼───────────────────────────────────────┤
 | 0x0000000000000014 | 13          | 16 0 5 2 1 0 1 1 0 0 0 0 0 3 3 0      |
 ├────────────────────┼─────────────┼───────────────────────────────────────┤
 | 0x0000000000000015 | 26          | 23 9 0 0 0 0 2 0 2 2 1 0 0 4 4 7      |
 ├────────────────────┼─────────────┼───────────────────────────────────────┤
 | 0x0000000000000016 | 20          | 18 0 4 5 2 3 3 4 0 5 0 0 1 1 1 1      |
 ├────────────────────┼─────────────┼───────────────────────────────────────┤
 | 0x0000000000000017 | 24          | 29 13 5 1 4 0 1 0 0 1 2 1 0 2 7 3     |
 ├────────────────────┼─────────────┼───────────────────────────────────────┤
 | 0x0000000000000018 | 1           | 16 12 12 11 9 1 1 1 3 3 0 0 0 0 1 4   |
 ├────────────────────┼─────────────┼───────────────────────────────────────┤
 | 0x0000000000000019 | 5           | 27 20 20 17 1 0 0 0 0 0 0 0 0 0 0 20  |
 ├────────────────────┼─────────────┼───────────────────────────────────────┤
 | 0x000000000000001a | 12          | 31 9 0 0 0 0 0 0 0 0 0 0 0 0 0 11     |
 ├────────────────────┼─────────────┼───────────────────────────────────────┤
 | 0x000000000000001b | 12          | 24 0 0 0 0 23 0 0 0 0 0 0 0 0 0 0     |
 ├────────────────────┼─────────────┼───────────────────────────────────────┤
 | 0x000000000000001c | 12          | 19 5 4 0 0 0 2 3 4 4 3 4 4 4 4 4      |
 ├────────────────────┼─────────────┼───────────────────────────────────────┤
 | 0x000000000000001d | 3           | 19 6 4 4 4 2 2 1 0 0 0 0 0 1 1 7      |
 ├────────────────────┼─────────────┼───────────────────────────────────────┤
 | 0x000000000000001e | 7           | 20 1 0 0 0 0 0 1 1 0 0 0 14 1 2 1     |
 ├────────────────────┼─────────────┼───────────────────────────────────────┤
 | 0x000000000000001f | 10          | 24 5 13 2 8 2 2 1 0 0 0 0 1 0 0 1     |
 └────────────────────┴─────────────┴───────────────────────────────────────┘
PC pattern table end
Prefetch buffer begin
 ┌────────────────────┬──────────────────────────────────────────────────────────────────┐
 | Region             | Pattern                                                          |
 ├────────────────────┼──────────────────────────────────────────────────────────────────┤
 | 0x00000000000036aa | 2 2 2 2 2 2 2 2 0 0 0 0 0 0 0 0 0 0 0 0 0 0 0 0 0 0 0 0 0 0 2 2  |
 ├────────────────────┼──────────────────────────────────────────────────────────────────┤
 | 0x0000000000000fbe | 2 0 0 0 0 0 0 0 0 0 0 0 0 0 0 2 0 0 0 0 2 0 0 0 0 0 0 0 0 0 0 0  |
 ├────────────────────┼──────────────────────────────────────────────────────────────────┤
 | 0x0000000000006047 | 0 0 2 2 2 2 2 2 0 0 0 0 0 0 0 0 0 0 0 0 0 0 0 0 0 0 0 0 0 0 0 0  |
 ├────────────────────┼──────────────────────────────────────────────────────────────────┤
 | 0x0000000000006056 | 2 2 2 0 0 0 0 0 0 0 0 0 0 0 0 0 0 0 0 0 0 0 0 0 0 0 0 0 0 2 2 2  |
 ├────────────────────┼──────────────────────────────────────────────────────────────────┤
 | 0x0000000000000426 | 0 0 0 0 2 2 0 0 0 0 0 0 2 2 0 0 0 0 0 0 0 0 0 2 0 0 2 2 0 0 0 0  |
 ├────────────────────┼──────────────────────────────────────────────────────────────────┤
 | 0x0000000000000257 | 0 0 0 0 0 0 0 0 0 2 2 2 2 2 0 0 0 0 0 0 0 0 0 0 0 0 0 0 0 0 0 0  |
 ├────────────────────┼──────────────────────────────────────────────────────────────────┤
 | 0x000000000000178b | 2 0 0 0 0 0 0 0 0 0 2 2 0 0 2 0 0 2 2 2 2 0 0 2 2 2 2 2 2 0 0 2  |
 ├────────────────────┼──────────────────────────────────────────────────────────────────┤
 | 0x0000000000000220 | 2 2 2 2 0 0 0 0 0 0 0 0 2 2 2 2 2 2 2 2 2 2 2 0 0 0 0 0 0 0 0 0  |
 ├────────────────────┼──────────────────────────────────────────────────────────────────┤
 | 0x0000000000006058 | 0 0 0 0 0 0 0 0 0 0 0 0 0 0 0 0 0 0 0 2 2 2 0 0 0 0 0 0 0 0 0 0  |
 ├────────────────────┼──────────────────────────────────────────────────────────────────┤
 | 0x0000000000000fb5 | 0 0 0 0 0 0 0 0 0 2 0 0 2 2 2 2 0 0 2 2 2 2 2 2 0 0 2 2 0 0 0 0  |
 ├────────────────────┼──────────────────────────────────────────────────────────────────┤
 | 0x00000000000058d4 | 2 2 2 2 0 0 2 2 2 2 2 2 0 0 2 2 0 0 0 0 0 0 0 0 0 0 0 2 0 2 2 2  |
 ├────────────────────┼──────────────────────────────────────────────────────────────────┤
 | 0x000000000000605d | 2 0 0 0 0 0 0 0 0 0 0 0 0 0 0 0 0 0 0 0 0 0 0 0 2 2 2 2 2 0 0 2  |
 ├────────────────────┼──────────────────────────────────────────────────────────────────┤
 | 0x000000000000033b | 0 0 0 0 0 0 2 0 0 0 0 0 0 0 0 0 0 0 0 0 0 0 0 0 0 0 0 0 2 0 0 0  |
 ├────────────────────┼──────────────────────────────────────────────────────────────────┤
 | 0x00000000000002d1 | 0 0 0 2 2 0 2 2 2 0 0 0 0 2 2 0 0 0 0 0 0 0 2 2 0 2 0 0 0 0 0 0  |
 ├────────────────────┼──────────────────────────────────────────────────────────────────┤
 | 0x000000000000604c | 0 0 0 0 0 0 0 0 0 0 0 0 0 0 0 0 0 0 0 0 0 0 0 0 0 0 0 2 0 0 0 0  |
 ├────────────────────┼──────────────────────────────────────────────────────────────────┤
 | 0x0000000000003a3d | 2 0 0 2 2 0 0 2 2 0 0 0 0 0 0 0 0 0 0 0 2 0 2 0 0 2 2 2 2 0 0 2  |
 ├────────────────────┼──────────────────────────────────────────────────────────────────┤
 | 0x0000000000006032 | 0 0 0 0 0 0 0 0 0 0 2 2 0 0 0 0 0 0 0 0 0 0 0 0 0 0 0 0 0 0 0 0  |
 ├────────────────────┼──────────────────────────────────────────────────────────────────┤
 | 0x0000000000000fb3 | 0 0 0 0 0 0 0 0 0 0 0 0 0 0 0 0 0 0 0 0 0 0 0 2 2 2 2 2 0 0 0 0  |
 ├────────────────────┼──────────────────────────────────────────────────────────────────┤
 | 0x0000000000006045 | 2 2 2 2 2 0 0 0 0 0 0 0 0 0 0 0 0 0 0 0 0 0 0 0 0 0 0 0 0 0 0 0  |
 ├────────────────────┼──────────────────────────────────────────────────────────────────┤
 | 0x000000000000605b | 2 2 2 0 0 0 0 0 0 0 0 0 0 0 0 0 0 0 0 0 0 0 0 0 0 0 0 0 0 0 0 0  |
 ├────────────────────┼──────────────────────────────────────────────────────────────────┤
 | 0x0000000000006040 | 2 2 2 0 0 0 0 2 2 2 2 2 2 2 2 2 0 0 0 0 2 0 0 0 0 0 0 0 0 0 0 0  |
 ├────────────────────┼──────────────────────────────────────────────────────────────────┤
 | 0x00000000000042c6 | 2 2 2 2 2 2 2 2 2 2 0 0 0 0 0 0 0 0 0 0 0 0 0 0 0 0 0 2 0 2 2 2  |
 ├────────────────────┼──────────────────────────────────────────────────────────────────┤
 | 0x000000000000592d | 0 0 0 0 0 0 0 0 0 2 0 0 2 2 2 2 0 0 2 2 0 0 2 2 0 0 2 2 0 0 0 0  |
 ├────────────────────┼──────────────────────────────────────────────────────────────────┤
 | 0x00000000000033bd | 2 0 0 0 0 0 0 0 0 0 2 2 0 0 2 0 0 2 2 2 2 0 0 2 2 2 2 2 2 0 0 2  |
 ├────────────────────┼──────────────────────────────────────────────────────────────────┤
 | 0x000000000000604e | 0 0 0 0 0 0 0 0 0 0 0 0 0 0 0 0 0 0 0 2 2 2 2 2 2 0 0 0 0 0 0 0  |
 ├────────────────────┼──────────────────────────────────────────────────────────────────┤
 | 0x0000000000006050 | 0 0 0 0 0 0 0 0 0 0 0 0 2 2 2 2 2 2 0 0 2 0 0 0 0 0 0 0 0 0 0 0  |
 ├────────────────────┼──────────────────────────────────────────────────────────────────┤
 | 0x000000000000602d | 0 0 2 2 0 0 2 2 0 0 0 0 0 0 0 0 0 0 0 0 0 0 0 0 0 0 0 0 0 0 0 0  |
 └────────────────────┴──────────────────────────────────────────────────────────────────┘
Prefetch buffer end
Filter by PPT: 0
cpu0_L2C
Num Con Filled: 0
Num Con Useful: 0 Useless:0 Accuracy: nan
LLC
