41 41 41
Available num physical pages: 35184372088576
WARNING: physical memory size is smaller than virtual memory size

*** ChampSim Multicore Out-of-Order Simulator ***

Warmup Instructions: 5000000
Simulation Instructions: 20000000
Number of CPUs: 1
Page size: 4096

Basic BTB sets: 1024 ways: 8 indirect buffer size: 4096 RAS size: 64
cpu0_L1D PMP prefetcher
Off-chip DRAM Size: 4 GiB Channels: 1 Width: 64-bit Data Rate: 3200 MT/s
Max paddr 147M
Warmup finished CPU 0 instructions: 5000002 cycles: 1296904 cumulative IPC: 3.85534 (Simulation time: 0 hr 3 min 31 sec) 

Warmup complete CPU 0 instructions: 5000002 cycles: 1296904 (Simulation time: 0 hr 3 min 31 sec) 

Heartbeat CPU 0 instructions: 10000000 cycles: 50649276 heartbeat IPC: 0.197437 cumulative IPC: 0.101313 (Simulation time: 0 hr 20 min 27 sec) 
Heartbeat CPU 0 instructions: 20000001 cycles: 118765159 heartbeat IPC: 0.146809 cumulative IPC: 0.127695 (Simulation time: 0 hr 24 min 15 sec) 
Max paddr 186M
Simulation finished CPU 0 instructions: 20000000 cycles: 164321269 cumulative IPC: 0.121713 (Simulation time: 0 hr 25 min 15 sec) 

Simulation complete CPU 0 instructions: 20000000 cycles: 164321269 (Simulation time: 0 hr 25 min 15 sec) 


ChampSim completed all CPUs

[
  {
    "name": "Simulation",
    "traces": [
      "../traces/429.mcf-51B.champsimtrace.xz"
    ],
    "roi": {
      "cores": [
        {
          "instructions": 20000000,
          "cycles": 164321269,
          "Avg ROB occupancy at mispredict": 21.5015, 
          "mispredict": {
            "BRANCH_DIRECT_JUMP": 14152,
            "BRANCH_INDIRECT": 0,
            "BRANCH_CONDITIONAL": 616834,
            "BRANCH_DIRECT_CALL": 0,
            "BRANCH_INDIRECT_CALL": 0,
            "BRANCH_RETURN": 0
          }
        }
      ],
      "cpu0_L1I": {
        "LOAD": {
          "hit":0,
          "miss":0
        },
        "RFO": {
          "hit":0,
          "miss":0
        },
        "PREFETCH": {
          "hit":0,
          "miss":0
        },
        "WRITE": {
          "hit":0,
          "miss":0
        },
        "TRANSLATION": {
          "hit":0,
          "miss":0
        },
        "mshr full": 0,
        "prefetch requested": 0,
        "prefetch issued": 0,
        "prefetch filled": 0,
        "prefetch useful": 0,
        "prefetch useless": 0,
        "prefetch late": 0,
        "pf_useful_at_l2_from_l1":          0,
        "pf_late_at_l2_from_l1":          0,
        "pf_useless_at_l2_from_l1":          0,
        "pf_at_l2_to_l1":          0,
        "pf_fill_this_level":          0,
        "miss latency": null,
        "cache queues": {
          "PQ_ACCESS": 0,
          "PQ_FULL": 0,
          "PQ_TO_CACHE": 0,
          "PQ_MERGED": 0,
          "RQ_ACCESS": 0,
          "RQ_MERGED": 0,
          "RQ_FULL": 0,
          "WQ_ACCESS": 0,
          "WQ_MERGED": 0,
          "WQ_FULL": 0
        }
      },
      "cpu0_ITLB": {
        "LOAD": {
          "hit":0,
          "miss":0
        },
        "RFO": {
          "hit":0,
          "miss":0
        },
        "PREFETCH": {
          "hit":0,
          "miss":0
        },
        "WRITE": {
          "hit":0,
          "miss":0
        },
        "TRANSLATION": {
          "hit":0,
          "miss":0
        },
        "mshr full": 0,
        "prefetch requested": 0,
        "prefetch issued": 0,
        "prefetch filled": 0,
        "prefetch useful": 0,
        "prefetch useless": 0,
        "prefetch late": 0,
        "pf_useful_at_l2_from_l1":          0,
        "pf_late_at_l2_from_l1":          0,
        "pf_useless_at_l2_from_l1":          0,
        "pf_at_l2_to_l1":          0,
        "pf_fill_this_level":          0,
        "miss latency": null,
        "cache queues": {
          "PQ_ACCESS": 0,
          "PQ_FULL": 0,
          "PQ_TO_CACHE": 0,
          "PQ_MERGED": 0,
          "RQ_ACCESS": 0,
          "RQ_MERGED": 0,
          "RQ_FULL": 0,
          "WQ_ACCESS": 0,
          "WQ_MERGED": 0,
          "WQ_FULL": 0
        }
      },
      "cpu0_DTLB": {
        "LOAD": {
          "hit":3788100,
          "miss":3568053
        },
        "RFO": {
          "hit":0,
          "miss":0
        },
        "PREFETCH": {
          "hit":0,
          "miss":0
        },
        "WRITE": {
          "hit":0,
          "miss":0
        },
        "TRANSLATION": {
          "hit":0,
          "miss":0
        },
        "mshr full": 200771,
        "prefetch requested": 0,
        "prefetch issued": 0,
        "prefetch filled": 0,
        "prefetch useful": 0,
        "prefetch useless": 0,
        "prefetch late": 0,
        "pf_useful_at_l2_from_l1":          0,
        "pf_late_at_l2_from_l1":          0,
        "pf_useless_at_l2_from_l1":          0,
        "pf_at_l2_to_l1":          0,
        "pf_fill_this_level":          0,
        "miss latency": 1.73024,
        "cache queues": {
          "PQ_ACCESS": 0,
          "PQ_FULL": 0,
          "PQ_TO_CACHE": 0,
          "PQ_MERGED": 0,
          "RQ_ACCESS": 10390753,
          "RQ_MERGED": 0,
          "RQ_FULL": 3034600,
          "WQ_ACCESS": 0,
          "WQ_MERGED": 0,
          "WQ_FULL": 0
        }
      },
      "cpu0_STLB": {
        "LOAD": {
          "hit":1434716,
          "miss":248098
        },
        "RFO": {
          "hit":0,
          "miss":0
        },
        "PREFETCH": {
          "hit":0,
          "miss":0
        },
        "WRITE": {
          "hit":0,
          "miss":0
        },
        "TRANSLATION": {
          "hit":0,
          "miss":0
        },
        "mshr full": 0,
        "prefetch requested": 0,
        "prefetch issued": 0,
        "prefetch filled": 0,
        "prefetch useful": 0,
        "prefetch useless": 0,
        "prefetch late": 0,
        "pf_useful_at_l2_from_l1":          0,
        "pf_late_at_l2_from_l1":          0,
        "pf_useless_at_l2_from_l1":          0,
        "pf_at_l2_to_l1":          0,
        "pf_fill_this_level":          0,
        "miss latency": 21.409,
        "cache queues": {
          "PQ_ACCESS": 0,
          "PQ_FULL": 0,
          "PQ_TO_CACHE": 0,
          "PQ_MERGED": 0,
          "RQ_ACCESS": 1682814,
          "RQ_MERGED": 0,
          "RQ_FULL": 0,
          "WQ_ACCESS": 0,
          "WQ_MERGED": 0,
          "WQ_FULL": 0
        }
      },
      "cpu0_L1D": {
        "LOAD": {
          "hit":2835053,
          "miss":3203517
        },
        "RFO": {
          "hit":0,
          "miss":0
        },
        "PREFETCH": {
          "hit":90511,
          "miss":3255478
        },
        "WRITE": {
          "hit":860313,
          "miss":86221
        },
        "TRANSLATION": {
          "hit":46597,
          "miss":276780
        },
        "mshr full": 4901018,
        "prefetch requested": 3346348,
        "prefetch issued": 3346348,
        "prefetch filled": 1316,
        "prefetch useful": 301,
        "prefetch useless": 1185,
        "prefetch late": 80,
        "pf_useful_at_l2_from_l1":          0,
        "pf_late_at_l2_from_l1":          0,
        "pf_useless_at_l2_from_l1":          0,
        "pf_at_l2_to_l1":          0,
        "pf_fill_this_level":       1314,
        "miss latency": 7.69031,
        "cache queues": {
          "PQ_ACCESS": 3346348,
          "PQ_FULL": 0,
          "PQ_TO_CACHE": 3346348,
          "PQ_MERGED": 302,
          "RQ_ACCESS": 10353972,
          "RQ_MERGED": 445248,
          "RQ_FULL": 3870154,
          "WQ_ACCESS": 954691,
          "WQ_MERGED": 7133,
          "WQ_FULL": 1023
        }
      },
      "cpu0_L2C": {
        "LOAD": {
          "hit":868915,
          "miss":1168035
        },
        "RFO": {
          "hit":28016,
          "miss":26002
        },
        "PREFETCH": {
          "hit":831349,
          "miss":2249457
        },
        "WRITE": {
          "hit":384146,
          "miss":0
        },
        "TRANSLATION": {
          "hit":54672,
          "miss":222108
        },
        "mshr full": 705014,
        "prefetch requested": 0,
        "prefetch issued": 0,
        "prefetch filled": 2221918,
        "prefetch useful": 0,
        "prefetch useless": 0,
        "prefetch late": 0,
        "pf_useful_at_l2_from_l1":     353844,
        "pf_late_at_l2_from_l1":      27176,
        "pf_useless_at_l2_from_l1":    1890309,
        "pf_at_l2_to_l1":         68,
        "pf_fill_this_level":    2220769,
        "miss latency": 50.0952,
        "cache queues": {
          "PQ_ACCESS": 3175645,
          "PQ_FULL": 94616,
          "PQ_TO_CACHE": 3081029,
          "PQ_MERGED": 149,
          "RQ_ACCESS": 2367847,
          "RQ_MERGED": 0,
          "RQ_FULL": 0,
          "WQ_ACCESS": 385698,
          "WQ_MERGED": 0,
          "WQ_FULL": 0
        }
      },
      "LLC": {
        "LOAD": {
          "hit": [330505],
          "miss": [810879]
        },
        "RFO": {
          "hit": [5308],
          "miss": [20168]
        },
        "PREFETCH": {
          "hit": [377068],
          "miss": [1872036]
        },
        "WRITE": {
          "hit": [229597],
          "miss": [0]
        },
        "TRANSLATION": {
          "hit": [35998],
          "miss": [186110]
        },
        "mshr full": 0,
        "prefetch requested": 0,
        "prefetch issued": 0,
        "prefetch filled": 1872023,
        "prefetch useful": 0,
        "prefetch useless": 0,
        "prefetch late": 0,
        "pf_useful_at_l2_from_l1":          0,
        "pf_late_at_l2_from_l1":          0,
        "pf_useless_at_l2_from_l1":          0,
        "pf_at_l2_to_l1":         60,
        "pf_fill_this_level":          0,
        "miss latency": 64.4218,
        "cache queues": {
          "PQ_ACCESS": 2249107,
          "PQ_FULL": 0,
          "PQ_TO_CACHE": 2249107,
          "PQ_MERGED": 0,
          "RQ_ACCESS": 1388969,
          "RQ_MERGED": 0,
          "RQ_FULL": 0,
          "WQ_ACCESS": 231125,
          "WQ_MERGED": 0,
          "WQ_FULL": 0
        }
      },
      "DRAM": [
        {
          "RQ ROW_BUFFER_HIT": 282267,
          "RQ ROW_BUFFER_MISS": 2606072,
          "PQ FULL": 0,
          "WQ ROW_BUFFER_HIT": 2929,
          "WQ ROW_BUFFER_MISS": 173818,
          "WQ FULL": 0,
          "AVG DBUS CONGESTED CYCLE": 3.96656
        }
      ]

    },
    "sim": {
      "cores": [
        {
          "instructions": 20000000,
          "cycles": 164321269,
          "Avg ROB occupancy at mispredict": 21.5015, 
          "mispredict": {
            "BRANCH_DIRECT_JUMP": 14152,
            "BRANCH_INDIRECT": 0,
            "BRANCH_CONDITIONAL": 616834,
            "BRANCH_DIRECT_CALL": 0,
            "BRANCH_INDIRECT_CALL": 0,
            "BRANCH_RETURN": 0
          }
        }
      ],
      "cpu0_L1I": {
        "LOAD": {
          "hit":0,
          "miss":0
        },
        "RFO": {
          "hit":0,
          "miss":0
        },
        "PREFETCH": {
          "hit":0,
          "miss":0
        },
        "WRITE": {
          "hit":0,
          "miss":0
        },
        "TRANSLATION": {
          "hit":0,
          "miss":0
        },
        "mshr full": 0,
        "prefetch requested": 0,
        "prefetch issued": 0,
        "prefetch filled": 0,
        "prefetch useful": 0,
        "prefetch useless": 0,
        "prefetch late": 0,
        "pf_useful_at_l2_from_l1":          0,
        "pf_late_at_l2_from_l1":          0,
        "pf_useless_at_l2_from_l1":          0,
        "pf_at_l2_to_l1":          0,
        "pf_fill_this_level":          0,
        "miss latency": null,
        "cache queues": {
          "PQ_ACCESS": 0,
          "PQ_FULL": 0,
          "PQ_TO_CACHE": 0,
          "PQ_MERGED": 0,
          "RQ_ACCESS": 0,
          "RQ_MERGED": 0,
          "RQ_FULL": 0,
          "WQ_ACCESS": 0,
          "WQ_MERGED": 0,
          "WQ_FULL": 0
        }
      },
      "cpu0_ITLB": {
        "LOAD": {
          "hit":0,
          "miss":0
        },
        "RFO": {
          "hit":0,
          "miss":0
        },
        "PREFETCH": {
          "hit":0,
          "miss":0
        },
        "WRITE": {
          "hit":0,
          "miss":0
        },
        "TRANSLATION": {
          "hit":0,
          "miss":0
        },
        "mshr full": 0,
        "prefetch requested": 0,
        "prefetch issued": 0,
        "prefetch filled": 0,
        "prefetch useful": 0,
        "prefetch useless": 0,
        "prefetch late": 0,
        "pf_useful_at_l2_from_l1":          0,
        "pf_late_at_l2_from_l1":          0,
        "pf_useless_at_l2_from_l1":          0,
        "pf_at_l2_to_l1":          0,
        "pf_fill_this_level":          0,
        "miss latency": null,
        "cache queues": {
          "PQ_ACCESS": 0,
          "PQ_FULL": 0,
          "PQ_TO_CACHE": 0,
          "PQ_MERGED": 0,
          "RQ_ACCESS": 0,
          "RQ_MERGED": 0,
          "RQ_FULL": 0,
          "WQ_ACCESS": 0,
          "WQ_MERGED": 0,
          "WQ_FULL": 0
        }
      },
      "cpu0_DTLB": {
        "LOAD": {
          "hit":3788100,
          "miss":3568053
        },
        "RFO": {
          "hit":0,
          "miss":0
        },
        "PREFETCH": {
          "hit":0,
          "miss":0
        },
        "WRITE": {
          "hit":0,
          "miss":0
        },
        "TRANSLATION": {
          "hit":0,
          "miss":0
        },
        "mshr full": 200771,
        "prefetch requested": 0,
        "prefetch issued": 0,
        "prefetch filled": 0,
        "prefetch useful": 0,
        "prefetch useless": 0,
        "prefetch late": 0,
        "pf_useful_at_l2_from_l1":          0,
        "pf_late_at_l2_from_l1":          0,
        "pf_useless_at_l2_from_l1":          0,
        "pf_at_l2_to_l1":          0,
        "pf_fill_this_level":          0,
        "miss latency": 1.73024,
        "cache queues": {
          "PQ_ACCESS": 0,
          "PQ_FULL": 0,
          "PQ_TO_CACHE": 0,
          "PQ_MERGED": 0,
          "RQ_ACCESS": 10390753,
          "RQ_MERGED": 0,
          "RQ_FULL": 3034600,
          "WQ_ACCESS": 0,
          "WQ_MERGED": 0,
          "WQ_FULL": 0
        }
      },
      "cpu0_STLB": {
        "LOAD": {
          "hit":1434716,
          "miss":248098
        },
        "RFO": {
          "hit":0,
          "miss":0
        },
        "PREFETCH": {
          "hit":0,
          "miss":0
        },
        "WRITE": {
          "hit":0,
          "miss":0
        },
        "TRANSLATION": {
          "hit":0,
          "miss":0
        },
        "mshr full": 0,
        "prefetch requested": 0,
        "prefetch issued": 0,
        "prefetch filled": 0,
        "prefetch useful": 0,
        "prefetch useless": 0,
        "prefetch late": 0,
        "pf_useful_at_l2_from_l1":          0,
        "pf_late_at_l2_from_l1":          0,
        "pf_useless_at_l2_from_l1":          0,
        "pf_at_l2_to_l1":          0,
        "pf_fill_this_level":          0,
        "miss latency": 21.409,
        "cache queues": {
          "PQ_ACCESS": 0,
          "PQ_FULL": 0,
          "PQ_TO_CACHE": 0,
          "PQ_MERGED": 0,
          "RQ_ACCESS": 1682814,
          "RQ_MERGED": 0,
          "RQ_FULL": 0,
          "WQ_ACCESS": 0,
          "WQ_MERGED": 0,
          "WQ_FULL": 0
        }
      },
      "cpu0_L1D": {
        "LOAD": {
          "hit":2835053,
          "miss":3203517
        },
        "RFO": {
          "hit":0,
          "miss":0
        },
        "PREFETCH": {
          "hit":90511,
          "miss":3255478
        },
        "WRITE": {
          "hit":860313,
          "miss":86221
        },
        "TRANSLATION": {
          "hit":46597,
          "miss":276780
        },
        "mshr full": 4901018,
        "prefetch requested": 3346348,
        "prefetch issued": 3346348,
        "prefetch filled": 1316,
        "prefetch useful": 301,
        "prefetch useless": 1185,
        "prefetch late": 80,
        "pf_useful_at_l2_from_l1":          0,
        "pf_late_at_l2_from_l1":          0,
        "pf_useless_at_l2_from_l1":          0,
        "pf_at_l2_to_l1":          0,
        "pf_fill_this_level":       1314,
        "miss latency": 7.69031,
        "cache queues": {
          "PQ_ACCESS": 3346348,
          "PQ_FULL": 0,
          "PQ_TO_CACHE": 3346348,
          "PQ_MERGED": 302,
          "RQ_ACCESS": 10353972,
          "RQ_MERGED": 445248,
          "RQ_FULL": 3870154,
          "WQ_ACCESS": 954691,
          "WQ_MERGED": 7133,
          "WQ_FULL": 1023
        }
      },
      "cpu0_L2C": {
        "LOAD": {
          "hit":868915,
          "miss":1168035
        },
        "RFO": {
          "hit":28016,
          "miss":26002
        },
        "PREFETCH": {
          "hit":831349,
          "miss":2249457
        },
        "WRITE": {
          "hit":384146,
          "miss":0
        },
        "TRANSLATION": {
          "hit":54672,
          "miss":222108
        },
        "mshr full": 705014,
        "prefetch requested": 0,
        "prefetch issued": 0,
        "prefetch filled": 2221918,
        "prefetch useful": 0,
        "prefetch useless": 0,
        "prefetch late": 0,
        "pf_useful_at_l2_from_l1":     353844,
        "pf_late_at_l2_from_l1":      27176,
        "pf_useless_at_l2_from_l1":    1890309,
        "pf_at_l2_to_l1":         68,
        "pf_fill_this_level":    2220769,
        "miss latency": 50.0952,
        "cache queues": {
          "PQ_ACCESS": 3175645,
          "PQ_FULL": 94616,
          "PQ_TO_CACHE": 3081029,
          "PQ_MERGED": 149,
          "RQ_ACCESS": 2367847,
          "RQ_MERGED": 0,
          "RQ_FULL": 0,
          "WQ_ACCESS": 385698,
          "WQ_MERGED": 0,
          "WQ_FULL": 0
        }
      },
      "LLC": {
        "LOAD": {
          "hit": [330505],
          "miss": [810879]
        },
        "RFO": {
          "hit": [5308],
          "miss": [20168]
        },
        "PREFETCH": {
          "hit": [377068],
          "miss": [1872036]
        },
        "WRITE": {
          "hit": [229597],
          "miss": [0]
        },
        "TRANSLATION": {
          "hit": [35998],
          "miss": [186110]
        },
        "mshr full": 0,
        "prefetch requested": 0,
        "prefetch issued": 0,
        "prefetch filled": 1872023,
        "prefetch useful": 0,
        "prefetch useless": 0,
        "prefetch late": 0,
        "pf_useful_at_l2_from_l1":          0,
        "pf_late_at_l2_from_l1":          0,
        "pf_useless_at_l2_from_l1":          0,
        "pf_at_l2_to_l1":         60,
        "pf_fill_this_level":          0,
        "miss latency": 64.4218,
        "cache queues": {
          "PQ_ACCESS": 2249107,
          "PQ_FULL": 0,
          "PQ_TO_CACHE": 2249107,
          "PQ_MERGED": 0,
          "RQ_ACCESS": 1388969,
          "RQ_MERGED": 0,
          "RQ_FULL": 0,
          "WQ_ACCESS": 231125,
          "WQ_MERGED": 0,
          "WQ_FULL": 0
        }
      },
      "DRAM": [
        {
          "RQ ROW_BUFFER_HIT": 282267,
          "RQ ROW_BUFFER_MISS": 2606072,
          "PQ FULL": 0,
          "WQ ROW_BUFFER_HIT": 2929,
          "WQ ROW_BUFFER_MISS": 173818,
          "WQ FULL": 0,
          "AVG DBUS CONGESTED CYCLE": 3.96656
        }
      ]

    }
  }
]
cpu0_ITLB
cpu0_DTLB
cpu0_STLB
Prefetch Request to L1: 2501, Prefetch Request to L2: 3343847
Invalid by Eviction: 76961
Invalid by Max: 511858
Filter table begin
 ┌────────────────────┬─────────────┐
 | Region             | Offset      |
 ├────────────────────┼─────────────┤
 | 0x0000000000000bd0 | 6           |
 ├────────────────────┼─────────────┤
 | 0x0000000000000b37 | 24          |
 ├────────────────────┼─────────────┤
 | 0x0000000000002c7a | 25          |
 ├────────────────────┼─────────────┤
 | 0x0000000000000283 | 22          |
 ├────────────────────┼─────────────┤
 | 0x0000000000000b08 | 9           |
 ├────────────────────┼─────────────┤
 | 0x0000000000000b91 | 27          |
 ├────────────────────┼─────────────┤
 | 0x00000000000012b4 | 19          |
 ├────────────────────┼─────────────┤
 | 0x000000000000023f | 19          |
 ├────────────────────┼─────────────┤
 | 0x0000000000002251 | 11          |
 ├────────────────────┼─────────────┤
 | 0x0000000000000c4f | 11          |
 ├────────────────────┼─────────────┤
 | 0x0000000000000b65 | 4           |
 ├────────────────────┼─────────────┤
 | 0x000000000000d876 | 23          |
 ├────────────────────┼─────────────┤
 | 0x00000000000004e4 | 20          |
 ├────────────────────┼─────────────┤
 | 0x0000000000001f7d | 19          |
 ├────────────────────┼─────────────┤
 | 0x0000000000001c21 | 24          |
 ├────────────────────┼─────────────┤
 | 0x0000000000000e95 | 1           |
 ├────────────────────┼─────────────┤
 | 0x0000000000000967 | 18          |
 ├────────────────────┼─────────────┤
 | 0x0000000000001280 | 17          |
 ├────────────────────┼─────────────┤
 | 0x00000000000006ef | 24          |
 ├────────────────────┼─────────────┤
 | 0x0000000000000397 | 20          |
 ├────────────────────┼─────────────┤
 | 0x0000000000000cc7 | 10          |
 ├────────────────────┼─────────────┤
 | 0x0000000000001043 | 13          |
 ├────────────────────┼─────────────┤
 | 0x00000000000082c0 | 9           |
 ├────────────────────┼─────────────┤
 | 0x00000000000002da | 26          |
 ├────────────────────┼─────────────┤
 | 0x00000000000023ab | 8           |
 ├────────────────────┼─────────────┤
 | 0x0000000000002f0b | 21          |
 ├────────────────────┼─────────────┤
 | 0x000000000000a090 | 4           |
 ├────────────────────┼─────────────┤
 | 0x00000000000010d3 | 11          |
 ├────────────────────┼─────────────┤
 | 0x0000000000000d01 | 26          |
 ├────────────────────┼─────────────┤
 | 0x000000000000042b | 27          |
 ├────────────────────┼─────────────┤
 | 0x00000000000009b0 | 29          |
 ├────────────────────┼─────────────┤
 | 0x0000000000000fd6 | 16          |
 ├────────────────────┼─────────────┤
 | 0x000000000000d88f | 12          |
 ├────────────────────┼─────────────┤
 | 0x0000000000000a49 | 6           |
 ├────────────────────┼─────────────┤
 | 0x0000000000001069 | 10          |
 ├────────────────────┼─────────────┤
 | 0x0000000000001a41 | 19          |
 ├────────────────────┼─────────────┤
 | 0x000000000000104d | 18          |
 ├────────────────────┼─────────────┤
 | 0x0000000000001068 | 21          |
 ├────────────────────┼─────────────┤
 | 0x0000000000001a83 | 6           |
 ├────────────────────┼─────────────┤
 | 0x000000000000123a | 16          |
 ├────────────────────┼─────────────┤
 | 0x0000000000001bb8 | 23          |
 ├────────────────────┼─────────────┤
 | 0x0000000000000a48 | 2           |
 ├────────────────────┼─────────────┤
 | 0x0000000000000f96 | 11          |
 ├────────────────────┼─────────────┤
 | 0x000000000000048c | 0           |
 ├────────────────────┼─────────────┤
 | 0x000000000000604b | 10          |
 ├────────────────────┼─────────────┤
 | 0x000000000000c306 | 12          |
 ├────────────────────┼─────────────┤
 | 0x0000000000006563 | 19          |
 ├────────────────────┼─────────────┤
 | 0x00000000000021e7 | 15          |
 ├────────────────────┼─────────────┤
 | 0x0000000000002c58 | 1           |
 ├────────────────────┼─────────────┤
 | 0x00000000000027c9 | 1           |
 ├────────────────────┼─────────────┤
 | 0x000000000000232c | 21          |
 ├────────────────────┼─────────────┤
 | 0x0000000000002ca4 | 28          |
 ├────────────────────┼─────────────┤
 | 0x00000000000010f3 | 12          |
 ├────────────────────┼─────────────┤
 | 0x000000000000d854 | 4           |
 ├────────────────────┼─────────────┤
 | 0x0000000000000946 | 1           |
 ├────────────────────┼─────────────┤
 | 0x0000000000002c3c | 19          |
 ├────────────────────┼─────────────┤
 | 0x0000000000002113 | 27          |
 ├────────────────────┼─────────────┤
 | 0x00000000000025c9 | 27          |
 └────────────────────┴─────────────┘
Filter table end
Accumulation table begin
 ┌────────────────────┬─────────────┬─────────────┬──────────────────────────────────────────────────────────────────┐
 | Region             | Offset      | Second      | Pattern                                                          |
 ├────────────────────┼─────────────┼─────────────┼──────────────────────────────────────────────────────────────────┤
 | 0x0000000000000947 | 11          | 12          | 0 0 0 0 0 0 0 0 0 0 0 1 1 0 0 0 1 1 1 0 0 0 0 0 0 0 0 0 0 0 0 0  |
 ├────────────────────┼─────────────┼─────────────┼──────────────────────────────────────────────────────────────────┤
 | 0x0000000000001076 | 0           | 4           | 1 0 0 0 1 1 0 0 0 0 0 0 0 0 0 0 0 0 0 0 0 0 0 0 0 0 0 0 0 0 0 0  |
 ├────────────────────┼─────────────┼─────────────┼──────────────────────────────────────────────────────────────────┤
 | 0x000000000000d890 | 19          | 25          | 0 0 0 0 1 0 0 0 0 0 0 0 0 0 0 0 0 0 0 1 0 0 0 0 0 1 0 0 0 0 0 0  |
 ├────────────────────┼─────────────┼─────────────┼──────────────────────────────────────────────────────────────────┤
 | 0x0000000000000b7a | 8           | 9           | 0 0 0 0 0 1 0 0 1 1 0 0 0 0 0 0 0 0 0 0 0 0 0 0 0 0 0 0 0 0 0 0  |
 ├────────────────────┼─────────────┼─────────────┼──────────────────────────────────────────────────────────────────┤
 | 0x000000000000104c | 3           | 2           | 0 0 1 1 0 0 0 0 0 0 0 0 0 0 0 0 0 0 0 0 0 0 0 0 0 0 0 0 0 0 0 0  |
 ├────────────────────┼─────────────┼─────────────┼──────────────────────────────────────────────────────────────────┤
 | 0x00000000000010a8 | 15          | 16          | 0 0 0 0 0 0 0 0 0 0 0 0 0 0 0 1 1 0 1 1 0 0 0 0 0 1 1 0 0 0 0 0  |
 ├────────────────────┼─────────────┼─────────────┼──────────────────────────────────────────────────────────────────┤
 | 0x0000000000000e3e | 18          | 17          | 0 0 0 0 0 0 0 0 0 0 0 0 0 0 0 0 0 1 1 0 0 0 0 0 0 0 0 0 0 0 0 0  |
 ├────────────────────┼─────────────┼─────────────┼──────────────────────────────────────────────────────────────────┤
 | 0x000000000000d88d | 28          | 23          | 0 0 0 0 0 0 0 0 0 0 0 0 0 0 0 0 0 0 0 0 0 0 0 1 0 0 0 0 1 0 0 0  |
 ├────────────────────┼─────────────┼─────────────┼──────────────────────────────────────────────────────────────────┤
 | 0x00000000000009f9 | 16          | 15          | 0 0 0 0 0 0 0 0 0 0 1 1 0 0 0 1 1 0 0 0 0 0 0 0 0 0 0 0 0 0 0 0  |
 ├────────────────────┼─────────────┼─────────────┼──────────────────────────────────────────────────────────────────┤
 | 0x0000000000001212 | 5           | 4           | 0 0 0 1 1 1 0 0 0 0 0 0 0 0 0 0 0 0 0 0 0 0 0 0 0 0 0 0 0 0 0 0  |
 ├────────────────────┼─────────────┼─────────────┼──────────────────────────────────────────────────────────────────┤
 | 0x0000000000000d64 | 3           | 4           | 0 0 0 1 1 0 0 0 0 0 0 0 0 0 0 0 0 0 0 0 0 1 1 0 0 0 0 0 0 0 0 0  |
 ├────────────────────┼─────────────┼─────────────┼──────────────────────────────────────────────────────────────────┤
 | 0x00000000000011c9 | 26          | 27          | 0 0 0 0 0 0 0 0 0 0 0 0 0 0 0 0 0 0 0 0 0 0 0 0 0 0 1 1 0 0 0 0  |
 ├────────────────────┼─────────────┼─────────────┼──────────────────────────────────────────────────────────────────┤
 | 0x0000000000001061 | 8           | 7           | 0 0 0 0 0 0 0 1 1 0 0 0 0 0 0 0 0 0 0 0 0 0 0 0 0 0 0 0 0 0 0 0  |
 ├────────────────────┼─────────────┼─────────────┼──────────────────────────────────────────────────────────────────┤
 | 0x000000000000d874 | 10          | 11          | 0 0 0 0 0 0 0 0 0 0 1 1 0 0 0 0 0 0 0 0 0 0 0 0 0 0 0 0 0 0 0 0  |
 ├────────────────────┼─────────────┼─────────────┼──────────────────────────────────────────────────────────────────┤
 | 0x000000000000d888 | 27          | 13          | 0 0 0 1 0 0 0 0 0 0 0 0 0 1 0 0 0 0 0 0 0 0 0 0 0 0 0 1 0 0 0 0  |
 ├────────────────────┼─────────────┼─────────────┼──────────────────────────────────────────────────────────────────┤
 | 0x00000000000006ee | 4           | 20          | 0 0 0 0 1 0 0 0 0 0 0 0 0 0 0 0 0 0 0 0 1 1 0 0 0 0 0 1 0 0 0 0  |
 ├────────────────────┼─────────────┼─────────────┼──────────────────────────────────────────────────────────────────┤
 | 0x000000000000106c | 14          | 15          | 0 0 0 0 0 0 0 0 0 0 0 0 0 0 1 1 0 0 0 0 0 0 0 0 0 0 0 0 0 0 0 0  |
 ├────────────────────┼─────────────┼─────────────┼──────────────────────────────────────────────────────────────────┤
 | 0x000000000000148f | 29          | 30          | 0 0 0 0 0 0 0 0 0 0 0 0 0 0 0 0 0 0 0 0 0 0 0 0 0 0 0 0 0 1 1 0  |
 ├────────────────────┼─────────────┼─────────────┼──────────────────────────────────────────────────────────────────┤
 | 0x0000000000000d65 | 2           | 3           | 0 0 1 1 0 0 0 0 0 0 0 0 0 0 0 0 0 0 0 0 0 0 0 1 1 0 1 1 0 0 0 0  |
 ├────────────────────┼─────────────┼─────────────┼──────────────────────────────────────────────────────────────────┤
 | 0x0000000000001213 | 8           | 9           | 0 0 0 0 0 0 0 0 1 1 0 0 0 0 0 0 0 0 0 0 0 0 0 0 0 0 0 1 1 0 0 0  |
 ├────────────────────┼─────────────┼─────────────┼──────────────────────────────────────────────────────────────────┤
 | 0x000000000000d88a | 27          | 20          | 0 0 0 0 0 1 0 0 0 0 0 0 0 0 0 0 0 0 1 0 1 0 0 0 0 0 0 1 0 0 0 0  |
 ├────────────────────┼─────────────┼─────────────┼──────────────────────────────────────────────────────────────────┤
 | 0x00000000000011c8 | 26          | 27          | 0 0 0 0 0 0 0 0 0 0 0 1 1 0 0 0 0 0 0 0 0 0 0 0 0 0 1 1 0 0 0 0  |
 ├────────────────────┼─────────────┼─────────────┼──────────────────────────────────────────────────────────────────┤
 | 0x000000000000d88c | 17          | 26          | 0 0 0 0 0 0 0 0 0 0 0 0 0 1 0 0 0 1 0 0 0 0 0 0 0 0 1 0 0 0 0 0  |
 ├────────────────────┼─────────────┼─────────────┼──────────────────────────────────────────────────────────────────┤
 | 0x000000000000d889 | 19          | 13          | 0 0 0 0 0 0 0 0 0 0 0 0 0 1 0 0 0 0 0 1 0 0 0 0 0 0 0 0 0 0 0 0  |
 ├────────────────────┼─────────────┼─────────────┼──────────────────────────────────────────────────────────────────┤
 | 0x0000000000000f23 | 8           | 9           | 0 0 0 0 0 0 0 0 1 1 0 0 0 0 0 0 0 0 0 0 0 0 0 0 0 0 0 0 0 0 0 0  |
 ├────────────────────┼─────────────┼─────────────┼──────────────────────────────────────────────────────────────────┤
 | 0x0000000000000b7b | 13          | 14          | 0 0 0 0 0 0 0 1 1 0 0 0 0 1 1 0 0 0 0 0 0 0 0 0 0 0 1 1 0 0 0 0  |
 ├────────────────────┼─────────────┼─────────────┼──────────────────────────────────────────────────────────────────┤
 | 0x0000000000000a91 | 4           | 5           | 0 0 0 0 1 1 0 0 0 0 0 0 0 0 0 0 0 0 0 0 1 1 0 0 0 0 0 0 0 0 0 0  |
 ├────────────────────┼─────────────┼─────────────┼──────────────────────────────────────────────────────────────────┤
 | 0x00000000000012b5 | 6           | 7           | 0 0 0 0 0 0 1 1 0 0 0 0 0 0 0 0 0 0 0 0 0 0 0 0 0 0 0 0 0 0 0 0  |
 ├────────────────────┼─────────────┼─────────────┼──────────────────────────────────────────────────────────────────┤
 | 0x000000000000d891 | 26          | 21          | 0 0 0 0 0 0 0 0 0 0 0 0 0 0 0 0 0 0 0 0 0 1 0 0 0 0 1 0 0 1 0 0  |
 ├────────────────────┼─────────────┼─────────────┼──────────────────────────────────────────────────────────────────┤
 | 0x000000000000d87f | 29          | 25          | 0 0 0 0 0 0 0 0 0 0 0 0 0 0 0 0 0 0 0 0 0 0 0 0 0 1 0 0 0 1 0 0  |
 ├────────────────────┼─────────────┼─────────────┼──────────────────────────────────────────────────────────────────┤
 | 0x0000000000000836 | 22          | 21          | 0 0 0 0 0 0 0 0 0 0 0 0 0 0 0 0 0 0 0 0 0 1 1 0 0 0 0 0 0 0 0 0  |
 ├────────────────────┼─────────────┼─────────────┼──────────────────────────────────────────────────────────────────┤
 | 0x0000000000000282 | 5           | 6           | 0 0 0 0 0 1 1 0 0 0 0 0 0 0 0 0 0 0 0 0 0 0 0 0 0 0 0 0 1 1 1 0  |
 └────────────────────┴─────────────┴─────────────┴──────────────────────────────────────────────────────────────────┘
Accumulation table end
Offset pattern table begin
 ┌────────────────────┬─────────────┬────────────────────────────────────────────────────────────────────┐
 | Key                | Second      | Pattern                                                            |
 ├────────────────────┼─────────────┼────────────────────────────────────────────────────────────────────┤
 | 0x0000000000000000 | 1           | 27 20 1 2 1 0 0 0 0 0 2 2 1 2 1 0 0 0 0 0 0 0 0 0 0 0 0 0 0 1 2 0  |
 ├────────────────────┼─────────────┼────────────────────────────────────────────────────────────────────┤
 | 0x0000000000000001 | 2           | 22 18 0 0 0 0 0 0 1 0 1 0 0 0 0 0 0 0 0 0 0 0 0 0 0 1 0 0 0 0 0 1  |
 ├────────────────────┼─────────────┼────────────────────────────────────────────────────────────────────┤
 | 0x0000000000000002 | 3           | 30 22 1 0 0 0 0 0 0 1 0 0 0 0 0 0 0 0 1 0 0 0 0 0 0 0 0 0 1 0 0 4  |
 ├────────────────────┼─────────────┼────────────────────────────────────────────────────────────────────┤
 | 0x0000000000000003 | 4           | 17 14 0 0 0 0 0 0 1 1 0 0 0 0 0 0 0 0 0 0 0 0 0 0 0 0 0 0 1 0 0 2  |
 ├────────────────────┼─────────────┼────────────────────────────────────────────────────────────────────┤
 | 0x0000000000000004 | 5           | 31 24 0 0 0 1 1 0 0 1 0 1 2 2 0 0 0 0 1 0 0 0 0 0 0 0 0 0 0 0 0 2  |
 ├────────────────────┼─────────────┼────────────────────────────────────────────────────────────────────┤
 | 0x0000000000000005 | 4           | 29 23 0 0 0 0 0 0 0 0 0 0 0 0 0 0 1 1 0 0 0 0 0 0 0 0 0 0 0 0 0 3  |
 ├────────────────────┼─────────────┼────────────────────────────────────────────────────────────────────┤
 | 0x0000000000000006 | 5           | 31 22 0 0 0 0 0 0 0 1 0 0 0 1 0 0 0 0 1 1 1 0 0 0 0 0 0 0 1 0 0 4  |
 ├────────────────────┼─────────────┼────────────────────────────────────────────────────────────────────┤
 | 0x0000000000000007 | 8           | 25 19 0 0 0 0 0 0 0 0 0 0 0 0 0 0 0 0 0 0 0 2 1 0 0 0 0 0 0 0 1 3  |
 ├────────────────────┼─────────────┼────────────────────────────────────────────────────────────────────┤
 | 0x0000000000000008 | 7           | 16 10 0 0 0 0 0 0 0 0 0 0 0 0 0 0 0 0 0 0 0 0 0 0 0 0 0 0 0 0 0 2  |
 ├────────────────────┼─────────────┼────────────────────────────────────────────────────────────────────┤
 | 0x0000000000000009 | 8           | 22 16 1 0 0 0 0 1 0 0 0 0 0 0 0 0 0 0 0 0 0 0 0 1 0 0 0 0 0 1 1 2  |
 ├────────────────────┼─────────────┼────────────────────────────────────────────────────────────────────┤
 | 0x000000000000000a | 2           | 29 20 0 0 0 0 0 0 0 0 0 1 1 0 0 0 0 0 0 0 0 0 1 0 1 1 0 0 0 1 2 5  |
 ├────────────────────┼─────────────┼────────────────────────────────────────────────────────────────────┤
 | 0x000000000000000b | 10          | 18 13 0 1 0 0 0 0 0 1 0 0 0 0 0 0 0 0 0 0 0 0 1 1 0 0 0 0 0 0 1 2  |
 ├────────────────────┼─────────────┼────────────────────────────────────────────────────────────────────┤
 | 0x000000000000000c | 11          | 31 22 1 0 0 0 0 0 1 1 0 0 0 0 0 0 0 0 1 1 1 0 0 0 0 0 0 1 0 0 0 4  |
 ├────────────────────┼─────────────┼────────────────────────────────────────────────────────────────────┤
 | 0x000000000000000d | 14          | 22 14 0 0 0 0 0 0 0 0 0 0 0 0 0 0 0 0 0 0 0 0 0 0 0 0 0 0 0 0 0 4  |
 ├────────────────────┼─────────────┼────────────────────────────────────────────────────────────────────┤
 | 0x000000000000000e | 15          | 16 11 0 0 0 0 0 0 0 0 0 0 0 0 0 0 0 0 0 0 0 0 0 0 0 0 0 0 0 0 0 3  |
 ├────────────────────┼─────────────┼────────────────────────────────────────────────────────────────────┤
 | 0x000000000000000f | 16          | 19 16 0 0 0 0 0 0 1 1 0 0 0 0 0 0 0 0 0 1 0 0 0 0 0 0 0 0 0 0 0 1  |
 ├────────────────────┼─────────────┼────────────────────────────────────────────────────────────────────┤
 | 0x0000000000000010 | 17          | 28 20 0 0 1 0 0 1 0 0 0 0 0 0 0 0 0 0 0 1 0 0 0 0 0 0 0 0 0 0 0 4  |
 ├────────────────────┼─────────────┼────────────────────────────────────────────────────────────────────┤
 | 0x0000000000000011 | 18          | 30 18 0 0 0 0 0 1 1 1 1 0 0 0 0 0 0 0 0 0 0 0 0 0 1 1 1 0 1 0 1 5  |
 ├────────────────────┼─────────────┼────────────────────────────────────────────────────────────────────┤
 | 0x0000000000000012 | 19          | 25 17 0 0 0 0 0 0 0 0 0 0 0 0 0 0 0 0 0 0 0 0 1 0 0 0 0 0 0 1 1 4  |
 ├────────────────────┼─────────────┼────────────────────────────────────────────────────────────────────┤
 | 0x0000000000000013 | 6           | 30 21 0 0 1 1 0 0 1 0 0 0 0 0 1 1 0 1 0 0 1 0 2 2 0 1 0 0 2 1 1 2  |
 ├────────────────────┼─────────────┼────────────────────────────────────────────────────────────────────┤
 | 0x0000000000000014 | 12          | 29 22 0 0 0 2 0 0 0 0 0 0 0 0 0 0 0 0 0 0 0 0 0 0 0 1 0 0 0 0 0 3  |
 ├────────────────────┼─────────────┼────────────────────────────────────────────────────────────────────┤
 | 0x0000000000000015 | 22          | 23 18 1 0 1 0 0 0 0 0 0 0 0 0 0 0 0 0 0 0 1 1 0 0 0 0 0 1 1 0 0 1  |
 ├────────────────────┼─────────────┼────────────────────────────────────────────────────────────────────┤
 | 0x0000000000000016 | 23          | 18 12 0 0 0 0 0 0 0 0 0 0 0 0 0 0 0 0 0 0 0 0 0 0 1 0 0 0 0 0 0 3  |
 ├────────────────────┼─────────────┼────────────────────────────────────────────────────────────────────┤
 | 0x0000000000000017 | 22          | 27 18 0 0 0 3 2 1 0 0 0 0 0 0 0 0 1 1 0 0 0 1 0 1 1 0 0 2 1 0 0 6  |
 ├────────────────────┼─────────────┼────────────────────────────────────────────────────────────────────┤
 | 0x0000000000000018 | 25          | 31 26 0 0 0 0 0 0 0 0 0 0 0 1 0 0 0 0 0 0 0 0 0 0 0 0 0 0 0 0 0 3  |
 ├────────────────────┼─────────────┼────────────────────────────────────────────────────────────────────┤
 | 0x0000000000000019 | 24          | 28 19 0 2 1 0 0 0 0 0 0 0 0 1 0 0 0 1 0 1 0 0 0 0 0 0 0 0 0 0 0 2  |
 ├────────────────────┼─────────────┼────────────────────────────────────────────────────────────────────┤
 | 0x000000000000001a | 27          | 20 16 0 0 0 0 0 0 0 0 0 0 0 0 0 0 0 0 0 0 0 0 0 0 0 1 1 0 0 0 0 1  |
 ├────────────────────┼─────────────┼────────────────────────────────────────────────────────────────────┤
 | 0x000000000000001b | 1           | 24 15 0 0 2 0 0 0 0 0 0 0 0 0 0 0 0 0 0 0 0 0 0 1 0 1 0 0 0 0 0 4  |
 ├────────────────────┼─────────────┼────────────────────────────────────────────────────────────────────┤
 | 0x000000000000001c | 31          | 26 21 0 0 0 0 0 0 0 0 0 0 0 0 0 0 0 0 0 1 0 0 1 1 0 0 0 0 0 0 0 1  |
 ├────────────────────┼─────────────┼────────────────────────────────────────────────────────────────────┤
 | 0x000000000000001d | 30          | 27 18 0 1 0 0 0 0 0 1 0 0 2 2 0 0 0 0 0 0 0 0 0 0 0 1 1 1 1 0 1 3  |
 ├────────────────────┼─────────────┼────────────────────────────────────────────────────────────────────┤
 | 0x000000000000001e | 28          | 26 19 0 0 0 0 0 0 0 0 0 0 0 0 0 0 0 0 1 0 0 1 0 1 1 1 0 0 1 0 0 2  |
 ├────────────────────┼─────────────┼────────────────────────────────────────────────────────────────────┤
 | 0x000000000000001f | 30          | 26 2 1 0 1 0 0 0 0 0 0 0 0 0 1 1 0 0 0 0 1 1 0 1 0 0 0 0 0 2 2 11  |
 └────────────────────┴─────────────┴────────────────────────────────────────────────────────────────────┘
Offset pattern table end
PC pattern table begin
 ┌────────────────────┬─────────────┬────────────────────────────────────────────────┐
 | Key                | Second      | Pattern                                        |
 ├────────────────────┼─────────────┼────────────────────────────────────────────────┤
 | 0x0000000000000000 | 1           | 27 24 10 10 7 8 6 5 5 6 7 8 7 7 22 21          |
 ├────────────────────┼─────────────┼────────────────────────────────────────────────┤
 | 0x0000000000000001 | 4           | 18 3 3 2 3 3 1 4 2 2 1 2 3 2 2 5               |
 ├────────────────────┼─────────────┼────────────────────────────────────────────────┤
 | 0x0000000000000002 | 1           | 18 17 0 0 0 0 0 0 0 0 0 0 0 0 0 0              |
 ├────────────────────┼─────────────┼────────────────────────────────────────────────┤
 | 0x0000000000000003 | 30          | 19 17 16 12 6 0 0 0 0 0 0 0 0 0 0 0            |
 ├────────────────────┼─────────────┼────────────────────────────────────────────────┤
 | 0x0000000000000004 | 4           | 26 5 3 5 2 1 2 2 2 1 4 1 2 1 3 2               |
 ├────────────────────┼─────────────┼────────────────────────────────────────────────┤
 | 0x0000000000000005 | 1           | 29 2 1 0 0 0 1 0 0 0 1 0 1 0 0 8               |
 ├────────────────────┼─────────────┼────────────────────────────────────────────────┤
 | 0x0000000000000006 | 5           | 31 12 12 11 5 14 8 17 17 12 12 13 14 12 10 15  |
 ├────────────────────┼─────────────┼────────────────────────────────────────────────┤
 | 0x0000000000000007 | 10          | 20 10 0 0 0 0 0 0 0 0 0 0 1 1 1 1              |
 ├────────────────────┼─────────────┼────────────────────────────────────────────────┤
 | 0x0000000000000008 | 14          | 17 8 0 0 0 0 0 0 0 0 0 0 0 0 0 0               |
 ├────────────────────┼─────────────┼────────────────────────────────────────────────┤
 | 0x0000000000000009 | 17          | 29 9 1 2 1 1 0 0 1 1 0 0 1 0 1 2               |
 ├────────────────────┼─────────────┼────────────────────────────────────────────────┤
 | 0x000000000000000a | 28          | 17 14 12 1 7 0 2 9 1 3 0 9 1 10 5 11           |
 ├────────────────────┼─────────────┼────────────────────────────────────────────────┤
 | 0x000000000000000b | 1           | 26 8 1 1 0 1 0 0 0 0 1 1 0 0 1 1               |
 ├────────────────────┼─────────────┼────────────────────────────────────────────────┤
 | 0x000000000000000c | 31          | 31 28 16 13 8 13 23 20 18 9 15 11 14 24 26 28  |
 ├────────────────────┼─────────────┼────────────────────────────────────────────────┤
 | 0x000000000000000d | 25          | 31 8 0 1 2 2 3 7 1 1 4 4 4 2 4 3               |
 ├────────────────────┼─────────────┼────────────────────────────────────────────────┤
 | 0x000000000000000e | 16          | 20 16 9 0 1 0 0 2 3 0 0 5 0 6 3 11             |
 ├────────────────────┼─────────────┼────────────────────────────────────────────────┤
 | 0x000000000000000f | 12          | 29 2 1 3 2 2 0 4 4 4 0 2 3 1 0 1               |
 ├────────────────────┼─────────────┼────────────────────────────────────────────────┤
 | 0x0000000000000010 | 22          | 23 16 0 0 0 0 0 0 0 0 0 0 0 0 0 0              |
 ├────────────────────┼─────────────┼────────────────────────────────────────────────┤
 | 0x0000000000000011 | 31          | 26 22 0 0 0 0 0 0 0 0 0 0 0 0 2 4              |
 ├────────────────────┼─────────────┼────────────────────────────────────────────────┤
 | 0x0000000000000012 | 16          | 27 20 22 1 4 5 4 6 0 5 1 4 8 7 6 6             |
 ├────────────────────┼─────────────┼────────────────────────────────────────────────┤
 | 0x0000000000000013 | 12          | 25 5 0 0 1 0 0 0 0 0 0 1 1 0 0 6               |
 ├────────────────────┼─────────────┼────────────────────────────────────────────────┤
 | 0x0000000000000014 | 30          | 17 1 1 2 0 1 1 1 1 1 1 0 0 2 0 1               |
 ├────────────────────┼─────────────┼────────────────────────────────────────────────┤
 | 0x0000000000000015 | 24          | 30 4 2 4 7 5 4 1 1 3 4 0 0 1 3 8               |
 ├────────────────────┼─────────────┼────────────────────────────────────────────────┤
 | 0x0000000000000016 | 16          | 26 0 0 0 1 0 0 4 0 4 0 0 13 0 0 0              |
 ├────────────────────┼─────────────┼────────────────────────────────────────────────┤
 | 0x0000000000000018 | 5           | 27 1 3 1 1 1 0 1 2 1 2 3 4 4 4 5               |
 ├────────────────────┼─────────────┼────────────────────────────────────────────────┤
 | 0x0000000000000019 | 2           | 25 0 0 0 2 1 0 0 0 0 0 0 0 0 0 10              |
 ├────────────────────┼─────────────┼────────────────────────────────────────────────┤
 | 0x000000000000001a | 4           | 25 12 0 0 0 0 0 0 0 0 0 0 1 0 0 3              |
 ├────────────────────┼─────────────┼────────────────────────────────────────────────┤
 | 0x000000000000001b | 2           | 22 3 0 0 0 0 0 0 0 0 0 0 0 0 0 0               |
 ├────────────────────┼─────────────┼────────────────────────────────────────────────┤
 | 0x000000000000001c | 23          | 26 11 1 1 0 0 1 0 0 0 0 0 1 1 0 0              |
 ├────────────────────┼─────────────┼────────────────────────────────────────────────┤
 | 0x000000000000001d | 19          | 29 12 0 0 0 0 0 1 1 0 0 0 0 0 0 0              |
 ├────────────────────┼─────────────┼────────────────────────────────────────────────┤
 | 0x000000000000001e | 30          | 22 5 0 0 2 2 0 0 0 0 0 0 1 1 0 5               |
 ├────────────────────┼─────────────┼────────────────────────────────────────────────┤
 | 0x000000000000001f | 8           | 20 0 0 0 0 0 0 0 0 0 0 0 0 0 0 8               |
 └────────────────────┴─────────────┴────────────────────────────────────────────────┘
PC pattern table end
Prefetch buffer begin
 ┌────────────────────┬──────────────────────────────────────────────────────────────────┐
 | Region             | Pattern                                                          |
 ├────────────────────┼──────────────────────────────────────────────────────────────────┤
 | 0x0000000000002315 | 0 0 0 0 0 0 0 0 0 0 0 2 2 0 0 0 0 0 0 0 0 0 0 0 2 2 2 0 0 2 2 0  |
 ├────────────────────┼──────────────────────────────────────────────────────────────────┤
 | 0x000000000000232c | 0 0 0 0 0 0 0 0 0 2 2 0 0 0 0 0 0 0 0 0 0 0 0 2 2 0 0 2 2 0 0 0  |
 ├────────────────────┼──────────────────────────────────────────────────────────────────┤
 | 0x0000000000001a83 | 0 0 0 0 0 0 0 0 0 0 0 0 0 0 0 0 0 0 0 0 0 0 0 0 0 0 0 2 0 0 0 0  |
 ├────────────────────┼──────────────────────────────────────────────────────────────────┤
 | 0x0000000000001e8d | 0 0 0 2 2 0 0 0 0 0 0 0 0 0 0 0 0 2 2 0 0 2 2 0 0 0 0 0 0 0 0 0  |
 ├────────────────────┼──────────────────────────────────────────────────────────────────┤
 | 0x00000000000002da | 0 0 0 0 0 0 0 0 0 0 0 0 0 0 0 0 0 0 0 0 0 0 0 0 0 0 0 0 2 2 0 0  |
 ├────────────────────┼──────────────────────────────────────────────────────────────────┤
 | 0x00000000000021e7 | 0 0 0 2 2 0 0 0 0 0 0 0 0 0 0 0 0 0 0 0 0 0 0 0 0 0 0 0 0 0 0 0  |
 ├────────────────────┼──────────────────────────────────────────────────────────────────┤
 | 0x000000000000d83c | 0 0 0 2 2 2 2 2 2 0 2 0 0 0 0 0 0 0 0 0 0 0 0 0 0 0 0 0 0 0 0 0  |
 ├────────────────────┼──────────────────────────────────────────────────────────────────┤
 | 0x0000000000001b9c | 0 0 0 0 0 0 2 2 2 0 0 2 2 0 0 0 0 0 0 0 0 0 0 0 0 2 2 0 0 0 0 0  |
 ├────────────────────┼──────────────────────────────────────────────────────────────────┤
 | 0x00000000000080d1 | 0 0 2 2 0 0 0 0 0 0 0 0 0 0 0 0 2 2 0 0 2 2 0 0 0 0 0 0 0 0 0 0  |
 ├────────────────────┼──────────────────────────────────────────────────────────────────┤
 | 0x0000000000001802 | 0 0 0 0 0 0 2 2 0 0 0 0 0 0 0 0 0 0 0 0 2 2 0 0 2 2 0 0 0 0 0 0  |
 ├────────────────────┼──────────────────────────────────────────────────────────────────┤
 | 0x0000000000002251 | 2 0 0 0 0 0 0 0 0 0 0 0 2 2 2 0 0 2 2 0 0 0 0 0 0 0 0 0 0 0 0 2  |
 ├────────────────────┼──────────────────────────────────────────────────────────────────┤
 | 0x0000000000002c3c | 0 0 0 0 0 0 0 2 2 0 0 0 0 0 0 0 0 0 0 0 0 2 2 0 0 2 2 0 0 0 0 0  |
 ├────────────────────┼──────────────────────────────────────────────────────────────────┤
 | 0x0000000000002b75 | 0 0 0 2 2 2 0 0 2 2 0 0 0 0 0 0 0 0 0 0 0 0 2 2 0 0 0 0 0 0 0 0  |
 ├────────────────────┼──────────────────────────────────────────────────────────────────┤
 | 0x0000000000002729 | 2 2 0 0 0 0 0 0 0 0 0 0 0 2 2 2 0 0 2 2 0 0 0 0 0 0 0 0 0 0 0 0  |
 ├────────────────────┼──────────────────────────────────────────────────────────────────┤
 | 0x0000000000001f7d | 0 0 0 0 0 0 0 2 2 0 0 0 0 0 0 0 0 0 0 0 0 2 2 0 0 2 2 0 0 0 0 0  |
 ├────────────────────┼──────────────────────────────────────────────────────────────────┤
 | 0x0000000000000b65 | 0 0 0 0 0 0 2 2 0 0 0 0 0 0 0 0 0 0 0 0 0 0 0 0 0 0 0 0 0 0 0 0  |
 ├────────────────────┼──────────────────────────────────────────────────────────────────┤
 | 0x0000000000000b71 | 2 2 2 0 0 0 0 0 0 0 0 0 0 0 0 0 0 0 0 0 0 0 0 0 0 0 0 0 0 0 2 0  |
 ├────────────────────┼──────────────────────────────────────────────────────────────────┤
 | 0x00000000000043fa | 0 2 2 0 0 0 0 0 0 0 0 0 0 0 0 2 2 0 0 2 2 0 0 0 0 0 0 0 0 0 0 0  |
 ├────────────────────┼──────────────────────────────────────────────────────────────────┤
 | 0x0000000000001bb9 | 0 0 0 2 2 2 0 0 2 2 0 0 0 0 0 0 0 0 0 0 0 0 2 2 0 0 0 0 0 0 0 0  |
 ├────────────────────┼──────────────────────────────────────────────────────────────────┤
 | 0x0000000000000b7e | 0 0 0 0 0 0 0 0 0 0 0 0 0 0 0 0 0 0 0 0 0 0 0 0 0 0 0 2 2 0 0 0  |
 ├────────────────────┼──────────────────────────────────────────────────────────────────┤
 | 0x000000000000104d | 0 0 0 0 0 0 0 0 0 0 0 0 0 0 0 0 0 0 0 0 2 2 0 0 0 0 0 0 0 0 0 0  |
 ├────────────────────┼──────────────────────────────────────────────────────────────────┤
 | 0x0000000000002965 | 2 0 0 0 0 0 0 0 0 0 0 0 0 2 2 0 0 2 2 0 0 0 0 0 0 0 0 0 0 0 0 2  |
 ├────────────────────┼──────────────────────────────────────────────────────────────────┤
 | 0x000000000000c306 | 2 2 0 0 0 0 0 0 0 0 0 0 0 0 2 2 0 0 2 2 0 0 0 0 0 0 0 0 0 0 0 0  |
 ├────────────────────┼──────────────────────────────────────────────────────────────────┤
 | 0x0000000000001904 | 0 0 0 0 0 0 0 0 0 0 0 2 2 0 0 2 2 0 0 0 0 0 0 0 0 0 0 0 0 2 2 0  |
 ├────────────────────┼──────────────────────────────────────────────────────────────────┤
 | 0x0000000000000b08 | 0 0 0 0 0 0 0 0 0 0 0 2 2 0 0 0 0 0 0 0 0 0 0 0 0 0 0 0 0 0 0 0  |
 ├────────────────────┼──────────────────────────────────────────────────────────────────┤
 | 0x000000000000104c | 0 0 0 0 0 2 2 0 0 0 0 0 0 0 0 0 0 0 0 0 0 0 0 0 0 0 0 0 0 0 0 0  |
 ├────────────────────┼──────────────────────────────────────────────────────────────────┤
 | 0x0000000000000b91 | 0 0 0 0 0 0 0 0 0 0 0 0 0 0 0 0 0 0 0 0 0 0 0 0 0 0 0 0 0 2 2 0  |
 ├────────────────────┼──────────────────────────────────────────────────────────────────┤
 | 0x0000000000001ad0 | 0 0 0 0 0 0 0 0 0 0 0 0 0 0 0 0 0 0 0 0 0 0 0 0 2 2 0 0 0 0 0 0  |
 ├────────────────────┼──────────────────────────────────────────────────────────────────┤
 | 0x000000000000d88e | 0 0 0 0 0 0 0 0 0 0 0 0 0 0 0 0 0 2 0 0 0 0 0 0 0 0 0 0 0 0 0 0  |
 └────────────────────┴──────────────────────────────────────────────────────────────────┘
Prefetch buffer end
Filter by PPT: 0
cpu0_L2C
Num Con Filled: 0
Num Con Useful: 0 Useless:0 Accuracy: nan
LLC
