41 41 41
Available num physical pages: 35184372088576
WARNING: physical memory size is smaller than virtual memory size

*** ChampSim Multicore Out-of-Order Simulator ***

Warmup Instructions: 5000000
Simulation Instructions: 200000000
Number of CPUs: 1
Page size: 4096

Basic BTB sets: 1024 ways: 8 indirect buffer size: 4096 RAS size: 64
cpu0_L1D PMP prefetcher
Off-chip DRAM Size: 4 GiB Channels: 1 Width: 64-bit Data Rate: 3200 MT/s
Max paddr 2M
Warmup finished CPU 0 instructions: 5000001 cycles: 1250045 cumulative IPC: 3.99986 (Simulation time: 0 hr 2 min 20 sec) 

Warmup complete CPU 0 instructions: 5000001 cycles: 1250045 (Simulation time: 0 hr 2 min 20 sec) 

Heartbeat CPU 0 instructions: 10000001 cycles: 2593036 heartbeat IPC: 3.85649 cumulative IPC: 3.72304 (Simulation time: 0 hr 5 min 22 sec) 
Heartbeat CPU 0 instructions: 20000000 cycles: 5313501 heartbeat IPC: 3.67585 cumulative IPC: 3.69144 (Simulation time: 0 hr 11 min 26 sec) 
Heartbeat CPU 0 instructions: 30000001 cycles: 8161424 heartbeat IPC: 3.51134 cumulative IPC: 3.61723 (Simulation time: 0 hr 17 min 20 sec) 
Heartbeat CPU 0 instructions: 40000001 cycles: 10984466 heartbeat IPC: 3.54228 cumulative IPC: 3.59549 (Simulation time: 0 hr 23 min 1 sec) 
Heartbeat CPU 0 instructions: 50000002 cycles: 13779378 heartbeat IPC: 3.57794 cumulative IPC: 3.59158 (Simulation time: 0 hr 29 min 11 sec) 
Heartbeat CPU 0 instructions: 60000001 cycles: 16470266 heartbeat IPC: 3.71625 cumulative IPC: 3.61362 (Simulation time: 0 hr 35 min 6 sec) 
Heartbeat CPU 0 instructions: 70000001 cycles: 19190697 heartbeat IPC: 3.67589 cumulative IPC: 3.62306 (Simulation time: 0 hr 41 min 7 sec) 
Heartbeat CPU 0 instructions: 80000001 cycles: 21897532 heartbeat IPC: 3.69436 cumulative IPC: 3.63241 (Simulation time: 0 hr 47 min 21 sec) 
Heartbeat CPU 0 instructions: 90000000 cycles: 24575514 heartbeat IPC: 3.73416 cumulative IPC: 3.64409 (Simulation time: 0 hr 53 min 26 sec) 
Heartbeat CPU 0 instructions: 100000004 cycles: 27357868 heartbeat IPC: 3.59409 cumulative IPC: 3.63876 (Simulation time: 0 hr 59 min 37 sec) 
Heartbeat CPU 0 instructions: 110000001 cycles: 30167000 heartbeat IPC: 3.55982 cumulative IPC: 3.63109 (Simulation time: 1 hr 5 min 48 sec) 
Heartbeat CPU 0 instructions: 120000004 cycles: 33015490 heartbeat IPC: 3.51064 cumulative IPC: 3.62029 (Simulation time: 1 hr 11 min 59 sec) 
Heartbeat CPU 0 instructions: 130000000 cycles: 35728612 heartbeat IPC: 3.68579 cumulative IPC: 3.62545 (Simulation time: 1 hr 18 min 3 sec) 
Heartbeat CPU 0 instructions: 140000004 cycles: 38433941 heartbeat IPC: 3.69641 cumulative IPC: 3.63061 (Simulation time: 1 hr 24 min 2 sec) 
Heartbeat CPU 0 instructions: 150000001 cycles: 41146730 heartbeat IPC: 3.68625 cumulative IPC: 3.63439 (Simulation time: 1 hr 30 min 50 sec) 
Heartbeat CPU 0 instructions: 160000000 cycles: 43816274 heartbeat IPC: 3.74596 cumulative IPC: 3.64139 (Simulation time: 1 hr 37 min 54 sec) 
Heartbeat CPU 0 instructions: 170000001 cycles: 46478974 heartbeat IPC: 3.75559 cumulative IPC: 3.64811 (Simulation time: 1 hr 44 min 29 sec) 
Heartbeat CPU 0 instructions: 180000001 cycles: 49267404 heartbeat IPC: 3.58625 cumulative IPC: 3.64452 (Simulation time: 1 hr 50 min 43 sec) 
Heartbeat CPU 0 instructions: 190000002 cycles: 52027506 heartbeat IPC: 3.62306 cumulative IPC: 3.64335 (Simulation time: 1 hr 56 min 21 sec) 
Heartbeat CPU 0 instructions: 200000002 cycles: 54837091 heartbeat IPC: 3.55925 cumulative IPC: 3.63894 (Simulation time: 2 hr 2 min 16 sec) 
Max paddr 19M
Simulation finished CPU 0 instructions: 200000003 cycles: 54940012 cumulative IPC: 3.64034 (Simulation time: 2 hr 5 min 9 sec) 

Simulation complete CPU 0 instructions: 200000003 cycles: 54940012 (Simulation time: 2 hr 5 min 9 sec) 


ChampSim completed all CPUs

[
  {
    "name": "Simulation",
    "traces": [
      "../traces/481.wrf-196B.champsimtrace.xz"
    ],
    "roi": {
      "cores": [
        {
          "instructions": 200000003,
          "cycles": 54940012,
          "Avg ROB occupancy at mispredict": 330.595, 
          "mispredict": {
            "BRANCH_DIRECT_JUMP": 67,
            "BRANCH_INDIRECT": 0,
            "BRANCH_CONDITIONAL": 57931,
            "BRANCH_DIRECT_CALL": 23,
            "BRANCH_INDIRECT_CALL": 0,
            "BRANCH_RETURN": 19
          }
        }
      ],
      "cpu0_L1I": {
        "LOAD": {
          "hit":18934,
          "miss":1052
        },
        "RFO": {
          "hit":0,
          "miss":0
        },
        "PREFETCH": {
          "hit":0,
          "miss":0
        },
        "WRITE": {
          "hit":0,
          "miss":0
        },
        "TRANSLATION": {
          "hit":0,
          "miss":0
        },
        "mshr full": 0,
        "prefetch requested": 0,
        "prefetch issued": 0,
        "prefetch filled": 0,
        "prefetch useful": 0,
        "prefetch useless": 0,
        "prefetch late": 0,
        "pf_useful_at_l2_from_l1":          0,
        "pf_late_at_l2_from_l1":          0,
        "pf_useless_at_l2_from_l1":          0,
        "pf_at_l2_to_l1":          0,
        "pf_fill_this_level":          0,
        "miss latency": 13.1593,
        "cache queues": {
          "PQ_ACCESS": 0,
          "PQ_FULL": 0,
          "PQ_TO_CACHE": 0,
          "PQ_MERGED": 0,
          "RQ_ACCESS": 20109,
          "RQ_MERGED": 123,
          "RQ_FULL": 0,
          "WQ_ACCESS": 0,
          "WQ_MERGED": 0,
          "WQ_FULL": 0
        }
      },
      "cpu0_ITLB": {
        "LOAD": {
          "hit":16776,
          "miss":171
        },
        "RFO": {
          "hit":0,
          "miss":0
        },
        "PREFETCH": {
          "hit":0,
          "miss":0
        },
        "WRITE": {
          "hit":0,
          "miss":0
        },
        "TRANSLATION": {
          "hit":0,
          "miss":0
        },
        "mshr full": 0,
        "prefetch requested": 0,
        "prefetch issued": 0,
        "prefetch filled": 0,
        "prefetch useful": 0,
        "prefetch useless": 0,
        "prefetch late": 0,
        "pf_useful_at_l2_from_l1":          0,
        "pf_late_at_l2_from_l1":          0,
        "pf_useless_at_l2_from_l1":          0,
        "pf_at_l2_to_l1":          0,
        "pf_fill_this_level":          0,
        "miss latency": 7.51389,
        "cache queues": {
          "PQ_ACCESS": 0,
          "PQ_FULL": 0,
          "PQ_TO_CACHE": 0,
          "PQ_MERGED": 0,
          "RQ_ACCESS": 16947,
          "RQ_MERGED": 0,
          "RQ_FULL": 0,
          "WQ_ACCESS": 0,
          "WQ_MERGED": 0,
          "WQ_FULL": 0
        }
      },
      "cpu0_DTLB": {
        "LOAD": {
          "hit":61438888,
          "miss":97021
        },
        "RFO": {
          "hit":0,
          "miss":0
        },
        "PREFETCH": {
          "hit":0,
          "miss":0
        },
        "WRITE": {
          "hit":0,
          "miss":0
        },
        "TRANSLATION": {
          "hit":0,
          "miss":0
        },
        "mshr full": 0,
        "prefetch requested": 0,
        "prefetch issued": 0,
        "prefetch filled": 0,
        "prefetch useful": 0,
        "prefetch useless": 0,
        "prefetch late": 0,
        "pf_useful_at_l2_from_l1":          0,
        "pf_late_at_l2_from_l1":          0,
        "pf_useless_at_l2_from_l1":          0,
        "pf_at_l2_to_l1":          0,
        "pf_fill_this_level":          0,
        "miss latency": 0.786945,
        "cache queues": {
          "PQ_ACCESS": 0,
          "PQ_FULL": 0,
          "PQ_TO_CACHE": 0,
          "PQ_MERGED": 0,
          "RQ_ACCESS": 63907750,
          "RQ_MERGED": 0,
          "RQ_FULL": 2371841,
          "WQ_ACCESS": 0,
          "WQ_MERGED": 0,
          "WQ_FULL": 0
        }
      },
      "cpu0_STLB": {
        "LOAD": {
          "hit":5398,
          "miss":7440
        },
        "RFO": {
          "hit":0,
          "miss":0
        },
        "PREFETCH": {
          "hit":0,
          "miss":0
        },
        "WRITE": {
          "hit":0,
          "miss":0
        },
        "TRANSLATION": {
          "hit":0,
          "miss":0
        },
        "mshr full": 0,
        "prefetch requested": 0,
        "prefetch issued": 0,
        "prefetch filled": 0,
        "prefetch useful": 0,
        "prefetch useless": 0,
        "prefetch late": 0,
        "pf_useful_at_l2_from_l1":          0,
        "pf_late_at_l2_from_l1":          0,
        "pf_useless_at_l2_from_l1":          0,
        "pf_at_l2_to_l1":          0,
        "pf_fill_this_level":          0,
        "miss latency": 9.50939,
        "cache queues": {
          "PQ_ACCESS": 0,
          "PQ_FULL": 0,
          "PQ_TO_CACHE": 0,
          "PQ_MERGED": 0,
          "RQ_ACCESS": 12838,
          "RQ_MERGED": 0,
          "RQ_FULL": 0,
          "WQ_ACCESS": 0,
          "WQ_MERGED": 0,
          "WQ_FULL": 0
        }
      },
      "cpu0_L1D": {
        "LOAD": {
          "hit":52802730,
          "miss":2621323
        },
        "RFO": {
          "hit":0,
          "miss":0
        },
        "PREFETCH": {
          "hit":130237,
          "miss":1450217
        },
        "WRITE": {
          "hit":6983112,
          "miss":132881
        },
        "TRANSLATION": {
          "hit":5236,
          "miss":2225
        },
        "mshr full": 1193856,
        "prefetch requested": 1580721,
        "prefetch issued": 1580721,
        "prefetch filled": 697326,
        "prefetch useful": 667718,
        "prefetch useless": 45286,
        "prefetch late": 15650,
        "pf_useful_at_l2_from_l1":          0,
        "pf_late_at_l2_from_l1":          0,
        "pf_useless_at_l2_from_l1":          0,
        "pf_at_l2_to_l1":          0,
        "pf_fill_this_level":     697311,
        "miss latency": 2.04468,
        "cache queues": {
          "PQ_ACCESS": 1580721,
          "PQ_FULL": 0,
          "PQ_TO_CACHE": 1580721,
          "PQ_MERGED": 263,
          "RQ_ACCESS": 57807059,
          "RQ_MERGED": 443,
          "RQ_FULL": 2382563,
          "WQ_ACCESS": 7117042,
          "WQ_MERGED": 0,
          "WQ_FULL": 1049
        }
      },
      "cpu0_L2C": {
        "LOAD": {
          "hit":678175,
          "miss":67058
        },
        "RFO": {
          "hit":82448,
          "miss":2509
        },
        "PREFETCH": {
          "hit":763016,
          "miss":666919
        },
        "WRITE": {
          "hit":441081,
          "miss":0
        },
        "TRANSLATION": {
          "hit":1624,
          "miss":601
        },
        "mshr full": 215851,
        "prefetch requested": 0,
        "prefetch issued": 0,
        "prefetch filled": 660636,
        "prefetch useful": 0,
        "prefetch useless": 0,
        "prefetch late": 0,
        "pf_useful_at_l2_from_l1":     259768,
        "pf_late_at_l2_from_l1":       6217,
        "pf_useless_at_l2_from_l1":      14796,
        "pf_at_l2_to_l1":        827,
        "pf_fill_this_level":     269325,
        "miss latency": 40.3899,
        "cache queues": {
          "PQ_ACCESS": 1471528,
          "PQ_FULL": 41545,
          "PQ_TO_CACHE": 1429983,
          "PQ_MERGED": 45,
          "RQ_ACCESS": 832889,
          "RQ_MERGED": 0,
          "RQ_FULL": 0,
          "WQ_ACCESS": 441105,
          "WQ_MERGED": 0,
          "WQ_FULL": 0
        }
      },
      "LLC": {
        "LOAD": {
          "hit": [37],
          "miss": [60808]
        },
        "RFO": {
          "hit": [29],
          "miss": [2476]
        },
        "PREFETCH": {
          "hit": [1279],
          "miss": [665574]
        },
        "WRITE": {
          "hit": [228688],
          "miss": [0]
        },
        "TRANSLATION": {
          "hit": [41],
          "miss": [560]
        },
        "mshr full": 0,
        "prefetch requested": 0,
        "prefetch issued": 0,
        "prefetch filled": 665574,
        "prefetch useful": 0,
        "prefetch useless": 0,
        "prefetch late": 0,
        "pf_useful_at_l2_from_l1":          0,
        "pf_late_at_l2_from_l1":          0,
        "pf_useless_at_l2_from_l1":          0,
        "pf_at_l2_to_l1":         26,
        "pf_fill_this_level":          0,
        "miss latency": 37.5838,
        "cache queues": {
          "PQ_ACCESS": 666853,
          "PQ_FULL": 0,
          "PQ_TO_CACHE": 666853,
          "PQ_MERGED": 0,
          "RQ_ACCESS": 63951,
          "RQ_MERGED": 0,
          "RQ_FULL": 0,
          "WQ_ACCESS": 228697,
          "WQ_MERGED": 0,
          "WQ_FULL": 0
        }
      },
      "DRAM": [
        {
          "RQ ROW_BUFFER_HIT": 545091,
          "RQ ROW_BUFFER_MISS": 184327,
          "PQ FULL": 0,
          "WQ ROW_BUFFER_HIT": 130922,
          "WQ ROW_BUFFER_MISS": 92141,
          "WQ FULL": 0,
          "AVG DBUS CONGESTED CYCLE": 3.98196
        }
      ]

    },
    "sim": {
      "cores": [
        {
          "instructions": 200000003,
          "cycles": 54940012,
          "Avg ROB occupancy at mispredict": 330.595, 
          "mispredict": {
            "BRANCH_DIRECT_JUMP": 67,
            "BRANCH_INDIRECT": 0,
            "BRANCH_CONDITIONAL": 57931,
            "BRANCH_DIRECT_CALL": 23,
            "BRANCH_INDIRECT_CALL": 0,
            "BRANCH_RETURN": 19
          }
        }
      ],
      "cpu0_L1I": {
        "LOAD": {
          "hit":18934,
          "miss":1052
        },
        "RFO": {
          "hit":0,
          "miss":0
        },
        "PREFETCH": {
          "hit":0,
          "miss":0
        },
        "WRITE": {
          "hit":0,
          "miss":0
        },
        "TRANSLATION": {
          "hit":0,
          "miss":0
        },
        "mshr full": 0,
        "prefetch requested": 0,
        "prefetch issued": 0,
        "prefetch filled": 0,
        "prefetch useful": 0,
        "prefetch useless": 0,
        "prefetch late": 0,
        "pf_useful_at_l2_from_l1":          0,
        "pf_late_at_l2_from_l1":          0,
        "pf_useless_at_l2_from_l1":          0,
        "pf_at_l2_to_l1":          0,
        "pf_fill_this_level":          0,
        "miss latency": 13.1593,
        "cache queues": {
          "PQ_ACCESS": 0,
          "PQ_FULL": 0,
          "PQ_TO_CACHE": 0,
          "PQ_MERGED": 0,
          "RQ_ACCESS": 20109,
          "RQ_MERGED": 123,
          "RQ_FULL": 0,
          "WQ_ACCESS": 0,
          "WQ_MERGED": 0,
          "WQ_FULL": 0
        }
      },
      "cpu0_ITLB": {
        "LOAD": {
          "hit":16776,
          "miss":171
        },
        "RFO": {
          "hit":0,
          "miss":0
        },
        "PREFETCH": {
          "hit":0,
          "miss":0
        },
        "WRITE": {
          "hit":0,
          "miss":0
        },
        "TRANSLATION": {
          "hit":0,
          "miss":0
        },
        "mshr full": 0,
        "prefetch requested": 0,
        "prefetch issued": 0,
        "prefetch filled": 0,
        "prefetch useful": 0,
        "prefetch useless": 0,
        "prefetch late": 0,
        "pf_useful_at_l2_from_l1":          0,
        "pf_late_at_l2_from_l1":          0,
        "pf_useless_at_l2_from_l1":          0,
        "pf_at_l2_to_l1":          0,
        "pf_fill_this_level":          0,
        "miss latency": 7.51389,
        "cache queues": {
          "PQ_ACCESS": 0,
          "PQ_FULL": 0,
          "PQ_TO_CACHE": 0,
          "PQ_MERGED": 0,
          "RQ_ACCESS": 16947,
          "RQ_MERGED": 0,
          "RQ_FULL": 0,
          "WQ_ACCESS": 0,
          "WQ_MERGED": 0,
          "WQ_FULL": 0
        }
      },
      "cpu0_DTLB": {
        "LOAD": {
          "hit":61438888,
          "miss":97021
        },
        "RFO": {
          "hit":0,
          "miss":0
        },
        "PREFETCH": {
          "hit":0,
          "miss":0
        },
        "WRITE": {
          "hit":0,
          "miss":0
        },
        "TRANSLATION": {
          "hit":0,
          "miss":0
        },
        "mshr full": 0,
        "prefetch requested": 0,
        "prefetch issued": 0,
        "prefetch filled": 0,
        "prefetch useful": 0,
        "prefetch useless": 0,
        "prefetch late": 0,
        "pf_useful_at_l2_from_l1":          0,
        "pf_late_at_l2_from_l1":          0,
        "pf_useless_at_l2_from_l1":          0,
        "pf_at_l2_to_l1":          0,
        "pf_fill_this_level":          0,
        "miss latency": 0.786945,
        "cache queues": {
          "PQ_ACCESS": 0,
          "PQ_FULL": 0,
          "PQ_TO_CACHE": 0,
          "PQ_MERGED": 0,
          "RQ_ACCESS": 63907750,
          "RQ_MERGED": 0,
          "RQ_FULL": 2371841,
          "WQ_ACCESS": 0,
          "WQ_MERGED": 0,
          "WQ_FULL": 0
        }
      },
      "cpu0_STLB": {
        "LOAD": {
          "hit":5398,
          "miss":7440
        },
        "RFO": {
          "hit":0,
          "miss":0
        },
        "PREFETCH": {
          "hit":0,
          "miss":0
        },
        "WRITE": {
          "hit":0,
          "miss":0
        },
        "TRANSLATION": {
          "hit":0,
          "miss":0
        },
        "mshr full": 0,
        "prefetch requested": 0,
        "prefetch issued": 0,
        "prefetch filled": 0,
        "prefetch useful": 0,
        "prefetch useless": 0,
        "prefetch late": 0,
        "pf_useful_at_l2_from_l1":          0,
        "pf_late_at_l2_from_l1":          0,
        "pf_useless_at_l2_from_l1":          0,
        "pf_at_l2_to_l1":          0,
        "pf_fill_this_level":          0,
        "miss latency": 9.50939,
        "cache queues": {
          "PQ_ACCESS": 0,
          "PQ_FULL": 0,
          "PQ_TO_CACHE": 0,
          "PQ_MERGED": 0,
          "RQ_ACCESS": 12838,
          "RQ_MERGED": 0,
          "RQ_FULL": 0,
          "WQ_ACCESS": 0,
          "WQ_MERGED": 0,
          "WQ_FULL": 0
        }
      },
      "cpu0_L1D": {
        "LOAD": {
          "hit":52802730,
          "miss":2621323
        },
        "RFO": {
          "hit":0,
          "miss":0
        },
        "PREFETCH": {
          "hit":130237,
          "miss":1450217
        },
        "WRITE": {
          "hit":6983112,
          "miss":132881
        },
        "TRANSLATION": {
          "hit":5236,
          "miss":2225
        },
        "mshr full": 1193856,
        "prefetch requested": 1580721,
        "prefetch issued": 1580721,
        "prefetch filled": 697326,
        "prefetch useful": 667718,
        "prefetch useless": 45286,
        "prefetch late": 15650,
        "pf_useful_at_l2_from_l1":          0,
        "pf_late_at_l2_from_l1":          0,
        "pf_useless_at_l2_from_l1":          0,
        "pf_at_l2_to_l1":          0,
        "pf_fill_this_level":     697311,
        "miss latency": 2.04468,
        "cache queues": {
          "PQ_ACCESS": 1580721,
          "PQ_FULL": 0,
          "PQ_TO_CACHE": 1580721,
          "PQ_MERGED": 263,
          "RQ_ACCESS": 57807059,
          "RQ_MERGED": 443,
          "RQ_FULL": 2382563,
          "WQ_ACCESS": 7117042,
          "WQ_MERGED": 0,
          "WQ_FULL": 1049
        }
      },
      "cpu0_L2C": {
        "LOAD": {
          "hit":678175,
          "miss":67058
        },
        "RFO": {
          "hit":82448,
          "miss":2509
        },
        "PREFETCH": {
          "hit":763016,
          "miss":666919
        },
        "WRITE": {
          "hit":441081,
          "miss":0
        },
        "TRANSLATION": {
          "hit":1624,
          "miss":601
        },
        "mshr full": 215851,
        "prefetch requested": 0,
        "prefetch issued": 0,
        "prefetch filled": 660636,
        "prefetch useful": 0,
        "prefetch useless": 0,
        "prefetch late": 0,
        "pf_useful_at_l2_from_l1":     259768,
        "pf_late_at_l2_from_l1":       6217,
        "pf_useless_at_l2_from_l1":      14796,
        "pf_at_l2_to_l1":        827,
        "pf_fill_this_level":     269325,
        "miss latency": 40.3899,
        "cache queues": {
          "PQ_ACCESS": 1471528,
          "PQ_FULL": 41545,
          "PQ_TO_CACHE": 1429983,
          "PQ_MERGED": 45,
          "RQ_ACCESS": 832889,
          "RQ_MERGED": 0,
          "RQ_FULL": 0,
          "WQ_ACCESS": 441105,
          "WQ_MERGED": 0,
          "WQ_FULL": 0
        }
      },
      "LLC": {
        "LOAD": {
          "hit": [37],
          "miss": [60808]
        },
        "RFO": {
          "hit": [29],
          "miss": [2476]
        },
        "PREFETCH": {
          "hit": [1279],
          "miss": [665574]
        },
        "WRITE": {
          "hit": [228688],
          "miss": [0]
        },
        "TRANSLATION": {
          "hit": [41],
          "miss": [560]
        },
        "mshr full": 0,
        "prefetch requested": 0,
        "prefetch issued": 0,
        "prefetch filled": 665574,
        "prefetch useful": 0,
        "prefetch useless": 0,
        "prefetch late": 0,
        "pf_useful_at_l2_from_l1":          0,
        "pf_late_at_l2_from_l1":          0,
        "pf_useless_at_l2_from_l1":          0,
        "pf_at_l2_to_l1":         26,
        "pf_fill_this_level":          0,
        "miss latency": 37.5838,
        "cache queues": {
          "PQ_ACCESS": 666853,
          "PQ_FULL": 0,
          "PQ_TO_CACHE": 666853,
          "PQ_MERGED": 0,
          "RQ_ACCESS": 63951,
          "RQ_MERGED": 0,
          "RQ_FULL": 0,
          "WQ_ACCESS": 228697,
          "WQ_MERGED": 0,
          "WQ_FULL": 0
        }
      },
      "DRAM": [
        {
          "RQ ROW_BUFFER_HIT": 545091,
          "RQ ROW_BUFFER_MISS": 184327,
          "PQ FULL": 0,
          "WQ ROW_BUFFER_HIT": 130922,
          "WQ ROW_BUFFER_MISS": 92141,
          "WQ FULL": 0,
          "AVG DBUS CONGESTED CYCLE": 3.98196
        }
      ]

    }
  }
]
cpu0_ITLB
cpu0_DTLB
cpu0_STLB
Prefetch Request to L1: 778799, Prefetch Request to L2: 801922
Invalid by Eviction: 58888
Invalid by Max: 3412
Filter table begin
 ┌────────────────────┬─────────────┐
 | Region             | Offset      |
 ├────────────────────┼─────────────┤
 | 0x000000000000022c | 8           |
 ├────────────────────┼─────────────┤
 | 0x0000000000002114 | 31          |
 ├────────────────────┼─────────────┤
 | 0x0000000000000e96 | 31          |
 ├────────────────────┼─────────────┤
 | 0x0000000000000839 | 31          |
 ├────────────────────┼─────────────┤
 | 0x0000000000000e43 | 31          |
 ├────────────────────┼─────────────┤
 | 0x000000000000206b | 31          |
 ├────────────────────┼─────────────┤
 | 0x0000000000001d3b | 31          |
 ├────────────────────┼─────────────┤
 | 0x000000000000022b | 27          |
 └────────────────────┴─────────────┘
Filter table end
Accumulation table begin
 ┌────────────────────┬─────────────┬─────────────┬──────────────────────────────────────────────────────────────────┐
 | Region             | Offset      | Second      | Pattern                                                          |
 ├────────────────────┼─────────────┼─────────────┼──────────────────────────────────────────────────────────────────┤
 | 0x0000000000002760 | 0           | 1           | 1 1 1 1 1 1 1 1 0 0 0 0 0 0 0 0 0 0 0 0 0 0 0 0 0 0 0 0 0 0 0 0  |
 ├────────────────────┼─────────────┼─────────────┼──────────────────────────────────────────────────────────────────┤
 | 0x000000000000278b | 0           | 1           | 1 1 1 1 1 1 1 1 1 1 1 1 1 1 1 1 1 1 1 1 1 1 1 1 1 1 1 1 1 1 1 1  |
 ├────────────────────┼─────────────┼─────────────┼──────────────────────────────────────────────────────────────────┤
 | 0x000000000000276c | 0           | 1           | 1 1 1 1 1 1 1 1 1 1 1 1 1 1 1 1 1 1 1 1 1 1 1 1 1 1 1 1 1 1 1 1  |
 ├────────────────────┼─────────────┼─────────────┼──────────────────────────────────────────────────────────────────┤
 | 0x000000000000277b | 0           | 1           | 1 1 1 1 1 1 1 1 1 1 1 1 1 1 1 1 1 1 1 1 1 1 1 1 1 1 1 1 1 1 1 1  |
 ├────────────────────┼─────────────┼─────────────┼──────────────────────────────────────────────────────────────────┤
 | 0x000000000000279c | 0           | 1           | 1 1 1 1 1 1 1 1 1 1 1 1 1 1 0 0 0 0 0 0 0 0 0 0 0 0 0 0 0 0 0 0  |
 ├────────────────────┼─────────────┼─────────────┼──────────────────────────────────────────────────────────────────┤
 | 0x000000000000275f | 0           | 1           | 1 1 1 1 1 1 1 1 1 1 1 1 1 1 1 1 1 1 1 1 1 1 1 1 1 1 1 1 1 1 1 1  |
 ├────────────────────┼─────────────┼─────────────┼──────────────────────────────────────────────────────────────────┤
 | 0x00000000000027a9 | 0           | 1           | 1 1 1 1 1 1 1 1 1 1 1 1 1 1 1 1 1 1 1 1 1 1 1 1 1 1 1 1 1 1 1 1  |
 ├────────────────────┼─────────────┼─────────────┼──────────────────────────────────────────────────────────────────┤
 | 0x000000000000277d | 0           | 1           | 1 1 1 1 1 1 1 1 1 1 1 0 0 0 0 0 0 0 0 0 0 0 0 0 0 0 0 0 0 0 0 0  |
 ├────────────────────┼─────────────┼─────────────┼──────────────────────────────────────────────────────────────────┤
 | 0x000000000000022f | 23          | 8           | 0 0 0 0 0 0 0 0 1 0 0 0 0 0 0 0 0 0 0 0 0 0 0 1 0 0 0 0 0 0 0 0  |
 ├────────────────────┼─────────────┼─────────────┼──────────────────────────────────────────────────────────────────┤
 | 0x0000000000001591 | 0           | 1           | 1 1 1 1 0 0 0 0 0 0 0 0 0 0 0 0 0 0 0 0 0 0 0 0 0 0 0 0 0 0 0 0  |
 ├────────────────────┼─────────────┼─────────────┼──────────────────────────────────────────────────────────────────┤
 | 0x0000000000002010 | 4           | 5           | 0 0 0 0 1 1 1 1 1 1 1 1 1 0 0 0 0 0 0 0 0 0 0 0 0 0 0 0 0 0 0 0  |
 ├────────────────────┼─────────────┼─────────────┼──────────────────────────────────────────────────────────────────┤
 | 0x0000000000002765 | 0           | 1           | 1 1 1 1 1 1 1 1 1 1 1 1 1 1 1 1 1 1 1 1 1 1 1 1 1 1 1 1 1 1 1 1  |
 ├────────────────────┼─────────────┼─────────────┼──────────────────────────────────────────────────────────────────┤
 | 0x0000000000000222 | 12          | 1           | 0 1 0 0 0 0 0 1 0 0 0 0 1 0 0 0 0 0 0 0 0 0 0 0 0 0 0 0 0 0 0 0  |
 ├────────────────────┼─────────────┼─────────────┼──────────────────────────────────────────────────────────────────┤
 | 0x000000000000021d | 18          | 24          | 0 0 0 0 0 0 0 0 0 0 0 0 0 0 0 0 0 0 1 1 1 0 1 1 1 0 0 0 0 0 0 0  |
 ├────────────────────┼─────────────┼─────────────┼──────────────────────────────────────────────────────────────────┤
 | 0x000000000000275e | 0           | 1           | 1 1 1 1 1 1 1 1 1 1 1 1 1 1 1 1 1 1 1 1 1 1 1 1 1 1 1 1 1 1 1 1  |
 ├────────────────────┼─────────────┼─────────────┼──────────────────────────────────────────────────────────────────┤
 | 0x000000000000279b | 0           | 1           | 1 1 1 1 1 1 1 1 1 1 1 1 1 1 1 1 1 1 1 1 1 1 1 1 1 1 1 1 1 1 1 1  |
 ├────────────────────┼─────────────┼─────────────┼──────────────────────────────────────────────────────────────────┤
 | 0x000000000000277c | 0           | 1           | 1 1 1 1 1 1 1 1 1 1 1 1 1 1 1 1 1 1 1 1 1 1 1 1 1 1 1 1 1 1 1 1  |
 ├────────────────────┼─────────────┼─────────────┼──────────────────────────────────────────────────────────────────┤
 | 0x0000000000002764 | 17          | 18          | 0 0 0 0 0 0 0 0 0 0 0 0 0 0 0 0 0 1 1 1 1 1 1 1 1 1 1 1 1 1 1 1  |
 ├────────────────────┼─────────────┼─────────────┼──────────────────────────────────────────────────────────────────┤
 | 0x000000000000276d | 0           | 1           | 1 1 1 1 1 1 1 1 1 1 1 1 1 1 1 1 1 1 1 1 1 1 1 1 1 1 0 0 0 0 0 0  |
 ├────────────────────┼─────────────┼─────────────┼──────────────────────────────────────────────────────────────────┤
 | 0x00000000000027a1 | 0           | 1           | 1 1 1 1 1 1 1 1 1 1 1 1 1 1 1 1 1 1 1 1 1 1 1 1 1 1 1 1 1 1 1 1  |
 ├────────────────────┼─────────────┼─────────────┼──────────────────────────────────────────────────────────────────┤
 | 0x000000000000158d | 0           | 1           | 1 1 1 1 1 1 1 1 1 1 1 1 1 1 1 1 1 1 1 1 1 1 1 1 1 1 1 1 1 1 1 1  |
 ├────────────────────┼─────────────┼─────────────┼──────────────────────────────────────────────────────────────────┤
 | 0x00000000000027a8 | 0           | 1           | 1 1 1 1 1 1 1 1 1 1 1 1 1 1 1 1 1 1 1 1 1 1 1 1 1 1 1 1 1 1 1 1  |
 ├────────────────────┼─────────────┼─────────────┼──────────────────────────────────────────────────────────────────┤
 | 0x0000000000001590 | 0           | 1           | 1 1 1 1 1 1 1 1 1 1 1 1 1 1 1 1 1 1 1 1 1 1 1 1 1 1 1 1 1 1 1 1  |
 ├────────────────────┼─────────────┼─────────────┼──────────────────────────────────────────────────────────────────┤
 | 0x000000000000278c | 0           | 1           | 1 1 1 1 1 1 1 1 1 1 1 1 1 1 1 1 1 1 1 1 1 1 1 1 1 1 1 1 1 0 0 0  |
 └────────────────────┴─────────────┴─────────────┴──────────────────────────────────────────────────────────────────┘
Accumulation table end
Offset pattern table begin
 ┌────────────────────┬─────────────┬──────────────────────────────────────────────────────────────────────────────────────────────────┐
 | Key                | Second      | Pattern                                                                                          |
 ├────────────────────┼─────────────┼──────────────────────────────────────────────────────────────────────────────────────────────────┤
 | 0x0000000000000000 | 1           | 17 16 16 16 16 16 16 16 16 16 16 16 15 15 15 15 15 15 15 15 15 15 15 15 15 15 14 14 14 13 13 13  |
 ├────────────────────┼─────────────┼──────────────────────────────────────────────────────────────────────────────────────────────────┤
 | 0x0000000000000001 | 2           | 28 27 25 21 20 19 19 19 19 18 17 17 18 18 18 18 17 17 17 17 17 17 17 17 17 17 17 17 17 17 17 4   |
 ├────────────────────┼─────────────┼──────────────────────────────────────────────────────────────────────────────────────────────────┤
 | 0x0000000000000002 | 3           | 29 28 27 26 23 21 21 21 21 20 20 20 20 20 20 20 20 20 20 20 20 20 20 20 20 20 20 19 19 19 2 3    |
 ├────────────────────┼─────────────┼──────────────────────────────────────────────────────────────────────────────────────────────────┤
 | 0x0000000000000003 | 18          | 22 19 16 15 15 14 16 14 14 13 13 13 13 13 13 13 13 13 13 13 13 13 13 13 13 13 13 13 13 2 2 2     |
 ├────────────────────┼─────────────┼──────────────────────────────────────────────────────────────────────────────────────────────────┤
 | 0x0000000000000004 | 5           | 24 23 20 19 19 19 19 19 19 19 18 18 18 18 18 18 18 18 18 18 18 18 18 18 18 17 17 17 3 3 3 3      |
 ├────────────────────┼─────────────┼──────────────────────────────────────────────────────────────────────────────────────────────────┤
 | 0x0000000000000005 | 6           | 24 23 23 23 23 23 23 23 23 22 22 22 22 22 22 22 22 22 22 22 22 22 22 22 22 22 22 0 0 0 0 0       |
 ├────────────────────┼─────────────┼──────────────────────────────────────────────────────────────────────────────────────────────────┤
 | 0x0000000000000006 | 15          | 17 16 16 16 16 15 15 15 15 15 15 15 15 15 15 15 15 15 14 14 14 14 14 14 14 14 2 2 2 2 2 2        |
 ├────────────────────┼─────────────┼──────────────────────────────────────────────────────────────────────────────────────────────────┤
 | 0x0000000000000007 | 8           | 16 15 15 15 15 14 14 14 14 13 12 12 12 12 12 12 12 12 12 12 12 12 12 12 12 4 4 4 3 3 3 3         |
 ├────────────────────┼─────────────┼──────────────────────────────────────────────────────────────────────────────────────────────────┤
 | 0x0000000000000008 | 9           | 18 13 12 12 11 11 11 11 11 10 10 10 10 10 10 13 10 10 10 11 10 10 10 11 3 3 3 5 3 3 3 5          |
 ├────────────────────┼─────────────┼──────────────────────────────────────────────────────────────────────────────────────────────────┤
 | 0x0000000000000009 | 10          | 27 22 20 20 20 17 19 17 17 14 13 13 13 13 13 16 13 14 16 13 13 13 13 4 7 8 5 5 5 8 9 10          |
 ├────────────────────┼─────────────┼──────────────────────────────────────────────────────────────────────────────────────────────────┤
 | 0x000000000000000a | 11          | 31 28 20 20 20 20 19 19 19 14 15 14 14 14 13 14 14 14 14 12 13 13 2 5 6 6 7 7 7 8 8 9            |
 ├────────────────────┼─────────────┼──────────────────────────────────────────────────────────────────────────────────────────────────┤
 | 0x000000000000000b | 12          | 17 16 12 11 11 11 10 10 11 9 8 8 8 8 8 8 8 8 8 8 8 1 1 2 3 3 3 3 3 3 3 3                         |
 ├────────────────────┼─────────────┼──────────────────────────────────────────────────────────────────────────────────────────────────┤
 | 0x000000000000000c | 13          | 26 4 1 3 1 1 1 1 1 1 1 1 9 1 1 9 1 1 1 1 0 23 1 0 0 0 7 23 7 7 0 1                               |
 ├────────────────────┼─────────────┼──────────────────────────────────────────────────────────────────────────────────────────────────┤
 | 0x000000000000000d | 3           | 31 30 23 23 21 21 21 21 21 18 17 16 16 16 16 16 16 17 16 2 2 2 2 4 5 5 5 5 5 5 6 6               |
 ├────────────────────┼─────────────┼──────────────────────────────────────────────────────────────────────────────────────────────────┤
 | 0x000000000000000e | 15          | 23 18 13 13 13 13 13 13 13 11 16 12 12 15 11 12 11 12 1 1 1 1 1 1 2 2 2 6 2 6 6 2                |
 ├────────────────────┼─────────────┼──────────────────────────────────────────────────────────────────────────────────────────────────┤
 | 0x000000000000000f | 16          | 27 7 6 6 5 5 5 5 5 5 5 5 5 5 5 5 5 0 0 0 0 0 0 0 0 0 0 0 0 0 0 20                                |
 ├────────────────────┼─────────────┼──────────────────────────────────────────────────────────────────────────────────────────────────┤
 | 0x0000000000000010 | 17          | 22 21 17 16 16 16 16 16 16 13 12 13 13 12 13 13 1 1 1 1 1 1 1 3 4 4 4 4 4 4 4 5                  |
 ├────────────────────┼─────────────┼──────────────────────────────────────────────────────────────────────────────────────────────────┤
 | 0x0000000000000011 | 18          | 20 16 14 14 14 14 14 14 14 11 11 11 10 10 10 1 1 1 1 1 1 1 1 2 3 3 3 3 3 6 6 3                   |
 ├────────────────────┼─────────────┼──────────────────────────────────────────────────────────────────────────────────────────────────┤
 | 0x0000000000000012 | 13          | 22 21 21 18 21 21 21 4 4 3 2 2 2 2 0 0 0 0 0 0 0 0 0 0 12 0 0 0 0 0 0 0                          |
 ├────────────────────┼─────────────┼──────────────────────────────────────────────────────────────────────────────────────────────────┤
 | 0x0000000000000013 | 20          | 26 25 13 14 14 14 13 13 13 11 11 11 11 0 0 0 0 0 0 0 0 0 0 0 1 1 1 1 1 1 1 2                     |
 ├────────────────────┼─────────────┼──────────────────────────────────────────────────────────────────────────────────────────────────┤
 | 0x0000000000000014 | 21          | 22 12 9 13 18 17 17 17 12 16 7 7 0 0 0 0 0 0 0 0 0 0 0 0 0 0 0 0 0 9 9 0                         |
 ├────────────────────┼─────────────┼──────────────────────────────────────────────────────────────────────────────────────────────────┤
 | 0x0000000000000015 | 22          | 28 27 26 19 26 26 26 26 19 22 23 0 0 0 0 0 0 0 0 0 6 6 0 1 2 2 2 2 2 2 2 9                       |
 ├────────────────────┼─────────────┼──────────────────────────────────────────────────────────────────────────────────────────────────┤
 | 0x0000000000000016 | 23          | 20 19 15 16 16 16 15 14 15 12 0 0 0 0 0 0 0 0 0 1 1 0 0 1 1 1 1 1 1 2 4 4                        |
 ├────────────────────┼─────────────┼──────────────────────────────────────────────────────────────────────────────────────────────────┤
 | 0x0000000000000017 | 24          | 17 5 4 4 4 4 4 4 4 0 0 0 0 0 0 0 0 11 0 0 0 0 0 0 0 0 0 0 0 0 0 0                                |
 ├────────────────────┼─────────────┼──────────────────────────────────────────────────────────────────────────────────────────────────┤
 | 0x0000000000000018 | 7           | 18 4 3 13 3 3 3 3 0 9 9 0 0 0 9 10 9 11 1 9 9 9 0 9 0 0 2 3 3 2 3 3                              |
 ├────────────────────┼─────────────┼──────────────────────────────────────────────────────────────────────────────────────────────────┤
 | 0x0000000000000019 | 26          | 27 26 25 25 21 24 24 0 0 0 0 0 0 0 0 0 2 2 0 0 0 0 0 1 2 2 2 5 5 5 5 3                           |
 ├────────────────────┼─────────────┼──────────────────────────────────────────────────────────────────────────────────────────────────┤
 | 0x000000000000001a | 27          | 19 18 17 17 17 17 0 0 0 0 0 0 0 0 0 0 0 0 0 1 1 1 1 2 3 4 4 5 5 5 5 5                            |
 ├────────────────────┼─────────────┼──────────────────────────────────────────────────────────────────────────────────────────────────┤
 | 0x000000000000001b | 28          | 25 24 5 4 4 0 0 0 0 0 0 0 0 0 0 0 0 0 0 0 0 0 0 0 0 0 0 0 0 0 0 0                                |
 ├────────────────────┼─────────────┼──────────────────────────────────────────────────────────────────────────────────────────────────┤
 | 0x000000000000001c | 29          | 29 25 22 22 0 0 0 0 0 0 0 0 0 0 0 0 0 0 0 0 0 0 0 0 7 7 7 7 7 7 7 10                             |
 ├────────────────────┼─────────────┼──────────────────────────────────────────────────────────────────────────────────────────────────┤
 | 0x000000000000001d | 30          | 28 27 24 0 0 0 0 0 0 0 0 0 0 0 0 0 0 0 0 0 0 0 0 2 2 2 2 2 2 2 2 2                               |
 ├────────────────────┼─────────────┼──────────────────────────────────────────────────────────────────────────────────────────────────┤
 | 0x000000000000001e | 31          | 26 25 0 0 0 0 0 0 0 0 0 0 0 0 0 0 0 0 0 0 0 0 0 0 0 0 0 0 0 0 0 0                                |
 ├────────────────────┼─────────────┼──────────────────────────────────────────────────────────────────────────────────────────────────┤
 | 0x000000000000001f | 30          | 22 0 0 1 0 1 1 0 17 17 0 0 0 0 0 1 1 1 0 0 1 1 1 3 3 3 3 4 21 2 4 4                              |
 └────────────────────┴─────────────┴──────────────────────────────────────────────────────────────────────────────────────────────────┘
Offset pattern table end
PC pattern table begin
 ┌────────────────────┬─────────────┬──────────────────────────────────────────────────┐
 | Key                | Second      | Pattern                                          |
 ├────────────────────┼─────────────┼──────────────────────────────────────────────────┤
 | 0x0000000000000000 | 21          | 24 20 18 17 18 16 13 12 10 10 8 8 7 6 4 5        |
 ├────────────────────┼─────────────┼──────────────────────────────────────────────────┤
 | 0x0000000000000001 | 1           | 27 25 7 7 7 7 25 25 7 7 7 7 7 7 22 23            |
 ├────────────────────┼─────────────┼──────────────────────────────────────────────────┤
 | 0x0000000000000002 | 27          | 17 16 16 16 16 16 15 15 14 14 14 14 14 13 13 13  |
 ├────────────────────┼─────────────┼──────────────────────────────────────────────────┤
 | 0x0000000000000003 | 14          | 16 1 2 2 15 15 1 1 1 1 2 2 2 2 15 1              |
 ├────────────────────┼─────────────┼──────────────────────────────────────────────────┤
 | 0x0000000000000004 | 26          | 24 0 0 0 1 1 0 0 0 0 0 0 0 0 0 0                 |
 ├────────────────────┼─────────────┼──────────────────────────────────────────────────┤
 | 0x0000000000000005 | 20          | 21 19 17 15 13 6 6 6 5 5 5 8 16 17 17 17         |
 ├────────────────────┼─────────────┼──────────────────────────────────────────────────┤
 | 0x0000000000000006 | 1           | 19 16 13 13 14 15 16 15 13 13 12 12 13 10 10 10  |
 ├────────────────────┼─────────────┼──────────────────────────────────────────────────┤
 | 0x0000000000000007 | 2           | 29 25 2 2 24 23 0 25 25 23 23 25 3 3 3 3         |
 ├────────────────────┼─────────────┼──────────────────────────────────────────────────┤
 | 0x0000000000000008 | 1           | 26 20 18 8 6 3 2 1 0 1 2 2 7 11 12 16            |
 ├────────────────────┼─────────────┼──────────────────────────────────────────────────┤
 | 0x0000000000000009 | 18          | 24 23 23 23 20 20 19 19 19 18 18 18 20 18 17 15  |
 ├────────────────────┼─────────────┼──────────────────────────────────────────────────┤
 | 0x000000000000000a | 28          | 17 14 13 12 12 12 12 12 11 11 12 12 11 11 12 12  |
 ├────────────────────┼─────────────┼──────────────────────────────────────────────────┤
 | 0x000000000000000b | 13          | 24 21 17 14 12 2 1 0 0 0 0 0 0 0 0 1             |
 ├────────────────────┼─────────────┼──────────────────────────────────────────────────┤
 | 0x000000000000000c | 15          | 29 27 25 25 25 25 25 25 25 25 25 25 25 25 25 22  |
 ├────────────────────┼─────────────┼──────────────────────────────────────────────────┤
 | 0x000000000000000d | 4           | 21 19 18 18 18 18 17 17 17 17 16 16 15 15 15 15  |
 ├────────────────────┼─────────────┼──────────────────────────────────────────────────┤
 | 0x000000000000000e | 29          | 22 21 21 20 20 19 19 19 19 18 18 18 17 17 17 17  |
 ├────────────────────┼─────────────┼──────────────────────────────────────────────────┤
 | 0x000000000000000f | 31          | 25 23 18 18 18 18 18 18 18 18 18 18 18 17 16 14  |
 ├────────────────────┼─────────────┼──────────────────────────────────────────────────┤
 | 0x0000000000000010 | 20          | 16 15 15 15 15 15 14 14 13 13 13 13 13 13 12 12  |
 ├────────────────────┼─────────────┼──────────────────────────────────────────────────┤
 | 0x0000000000000011 | 13          | 17 12 9 7 5 3 3 3 6 6 3 3 3 5 6 6                |
 ├────────────────────┼─────────────┼──────────────────────────────────────────────────┤
 | 0x0000000000000012 | 1           | 17 11 7 7 6 6 5 6 6 9 6 6 6 10 10 9              |
 ├────────────────────┼─────────────┼──────────────────────────────────────────────────┤
 | 0x0000000000000013 | 15          | 20 14 3 1 15 8 1 3 18 1 16 16 1 4 1 2            |
 ├────────────────────┼─────────────┼──────────────────────────────────────────────────┤
 | 0x0000000000000014 | 15          | 21 1 2 2 2 0 0 0 0 18 0 0 0 0 2 2                |
 ├────────────────────┼─────────────┼──────────────────────────────────────────────────┤
 | 0x0000000000000015 | 8           | 25 2 0 0 0 0 8 8 0 0 24 2 0 24 8 2               |
 ├────────────────────┼─────────────┼──────────────────────────────────────────────────┤
 | 0x0000000000000016 | 18          | 17 16 15 15 15 15 15 15 15 14 14 14 14 14 13 12  |
 ├────────────────────┼─────────────┼──────────────────────────────────────────────────┤
 | 0x0000000000000017 | 1           | 26 25 23 23 23 23 23 23 24 23 19 19 22 22 22 22  |
 ├────────────────────┼─────────────┼──────────────────────────────────────────────────┤
 | 0x0000000000000018 | 7           | 20 16 16 16 16 13 13 15 15 18 18 11 11 11 11 17  |
 ├────────────────────┼─────────────┼──────────────────────────────────────────────────┤
 | 0x0000000000000019 | 3           | 22 18 18 18 18 18 18 18 17 17 17 17 17 16 15 16  |
 ├────────────────────┼─────────────┼──────────────────────────────────────────────────┤
 | 0x000000000000001a | 14          | 18 17 17 17 14 14 14 13 16 15 13 13 15 15 12 14  |
 ├────────────────────┼─────────────┼──────────────────────────────────────────────────┤
 | 0x000000000000001b | 4           | 27 26 24 24 24 24 23 23 23 22 21 21 20 20 20 19  |
 ├────────────────────┼─────────────┼──────────────────────────────────────────────────┤
 | 0x000000000000001c | 1           | 20 18 16 16 16 16 17 17 16 16 17 16 16 17 19 18  |
 ├────────────────────┼─────────────┼──────────────────────────────────────────────────┤
 | 0x000000000000001d | 30          | 22 17 13 10 9 9 9 9 8 8 9 9 7 12 9 10            |
 ├────────────────────┼─────────────┼──────────────────────────────────────────────────┤
 | 0x000000000000001e | 27          | 16 14 0 0 0 0 0 0 0 0 0 11 8 10 11 13            |
 ├────────────────────┼─────────────┼──────────────────────────────────────────────────┤
 | 0x000000000000001f | 6           | 16 15 15 15 15 14 14 14 13 13 13 13 13 13 12 11  |
 └────────────────────┴─────────────┴──────────────────────────────────────────────────┘
PC pattern table end
Prefetch buffer begin
 ┌────────────────────┬──────────────────────────────────────────────────────────────────┐
 | Region             | Pattern                                                          |
 ├────────────────────┼──────────────────────────────────────────────────────────────────┤
 | 0x00000000000025c4 | 2 2 2 2 2 2 2 2 2 0 0 0 0 0 0 0 0 0 0 0 0 0 0 0 0 0 0 0 0 0 0 0  |
 ├────────────────────┼──────────────────────────────────────────────────────────────────┤
 | 0x0000000000002561 | 2 2 2 2 2 2 2 2 2 2 2 2 2 2 2 2 2 2 0 0 0 0 0 0 0 0 0 0 0 0 0 0  |
 ├────────────────────┼──────────────────────────────────────────────────────────────────┤
 | 0x000000000000261f | 2 2 2 2 2 2 2 2 2 2 2 2 2 2 2 2 2 2 2 2 2 2 2 2 2 2 2 2 0 0 0 0  |
 ├────────────────────┼──────────────────────────────────────────────────────────────────┤
 | 0x00000000000026f1 | 2 2 2 0 0 0 0 0 0 0 0 0 0 0 0 0 0 0 0 0 0 0 0 0 0 0 0 0 0 0 0 0  |
 ├────────────────────┼──────────────────────────────────────────────────────────────────┤
 | 0x00000000000025e3 | 2 2 2 2 2 2 2 2 2 2 2 2 0 0 0 0 0 0 0 0 0 0 0 0 0 0 0 0 0 0 0 0  |
 ├────────────────────┼──────────────────────────────────────────────────────────────────┤
 | 0x000000000000022b | 2 2 2 2 2 2 2 2 2 2 2 2 2 2 2 2 2 2 2 2 2 2 2 2 2 2 2 0 1 2 2 2  |
 ├────────────────────┼──────────────────────────────────────────────────────────────────┤
 | 0x0000000000002754 | 2 2 2 2 2 2 2 2 2 2 2 2 2 2 2 2 2 2 2 2 2 2 2 2 2 2 2 1 2 2 2 0  |
 ├────────────────────┼──────────────────────────────────────────────────────────────────┤
 | 0x0000000000002798 | 2 2 2 2 2 2 2 2 2 2 2 2 2 2 0 0 0 0 0 0 0 0 0 0 0 0 0 0 0 0 0 0  |
 ├────────────────────┼──────────────────────────────────────────────────────────────────┤
 | 0x0000000000002779 | 2 2 2 2 0 0 0 0 0 0 0 0 0 0 0 0 0 0 0 0 0 0 0 0 0 0 0 0 0 0 0 0  |
 ├────────────────────┼──────────────────────────────────────────────────────────────────┤
 | 0x0000000000002710 | 2 2 2 2 2 2 2 2 2 2 2 2 0 0 0 0 0 0 0 0 0 0 0 0 0 0 0 0 0 0 0 0  |
 ├────────────────────┼──────────────────────────────────────────────────────────────────┤
 | 0x0000000000002688 | 2 2 2 2 2 2 2 2 2 2 2 2 2 2 0 0 0 0 0 0 0 0 0 0 0 0 0 0 0 0 0 0  |
 ├────────────────────┼──────────────────────────────────────────────────────────────────┤
 | 0x00000000000026d4 | 2 2 2 2 0 0 0 0 0 0 0 0 0 0 0 0 0 0 0 0 0 0 0 0 0 0 0 0 0 0 0 0  |
 ├────────────────────┼──────────────────────────────────────────────────────────────────┤
 | 0x0000000000000222 | 0 0 0 0 0 0 0 0 0 0 0 0 0 0 0 0 0 0 0 0 0 0 0 0 0 2 2 2 0 0 0 0  |
 ├────────────────────┼──────────────────────────────────────────────────────────────────┤
 | 0x000000000000272f | 2 2 2 2 2 2 2 2 2 2 2 2 0 0 0 0 0 0 0 0 0 0 0 0 0 0 0 0 0 0 0 0  |
 ├────────────────────┼──────────────────────────────────────────────────────────────────┤
 | 0x000000000000274c | 2 2 2 2 2 2 2 2 2 2 2 2 2 2 2 2 2 2 2 2 2 2 2 2 2 2 2 0 0 0 0 0  |
 ├────────────────────┼──────────────────────────────────────────────────────────────────┤
 | 0x000000000000276b | 2 2 2 2 2 2 2 2 2 2 2 2 2 2 2 2 2 2 2 2 2 2 2 2 2 2 2 2 2 2 0 0  |
 ├────────────────────┼──────────────────────────────────────────────────────────────────┤
 | 0x0000000000000a60 | 0 0 0 0 1 1 1 1 1 1 1 1 1 1 1 2 2 2 2 2 2 2 2 2 2 2 2 2 2 2 2 2  |
 ├────────────────────┼──────────────────────────────────────────────────────────────────┤
 | 0x000000000000275c | 2 2 2 2 2 2 2 2 2 2 0 0 0 0 0 0 0 0 0 0 0 0 0 0 0 0 0 0 0 0 0 0  |
 ├────────────────────┼──────────────────────────────────────────────────────────────────┤
 | 0x000000000000023d | 2 2 2 2 2 2 2 2 2 2 2 2 2 2 2 2 2 2 2 2 2 2 2 2 2 0 0 0 0 0 0 0  |
 ├────────────────────┼──────────────────────────────────────────────────────────────────┤
 | 0x000000000000022c | 2 2 2 2 2 2 2 2 0 2 2 2 2 2 2 2 2 2 2 2 2 2 2 2 2 2 2 2 2 2 2 2  |
 ├────────────────────┼──────────────────────────────────────────────────────────────────┤
 | 0x0000000000001061 | 2 2 2 2 2 0 0 0 0 0 0 0 0 0 0 0 0 0 0 0 0 0 0 0 0 0 0 0 0 0 0 0  |
 └────────────────────┴──────────────────────────────────────────────────────────────────┘
Prefetch buffer end
Filter by PPT: 0
cpu0_L2C
Num Con Filled: 0
Num Con Useful: 0 Useless:0 Accuracy: nan
LLC
