41 41 41
Available num physical pages: 35184372088576
WARNING: physical memory size is smaller than virtual memory size

*** ChampSim Multicore Out-of-Order Simulator ***

Warmup Instructions: 5000000
Simulation Instructions: 20000000
Number of CPUs: 1
Page size: 4096

Basic BTB sets: 1024 ways: 8 indirect buffer size: 4096 RAS size: 64
cpu0_L1D PMP prefetcher
Off-chip DRAM Size: 4 GiB Channels: 1 Width: 64-bit Data Rate: 3200 MT/s
Max paddr 7M
Warmup finished CPU 0 instructions: 5000003 cycles: 1250044 cumulative IPC: 3.99987 (Simulation time: 0 hr 2 min 42 sec) 

Warmup complete CPU 0 instructions: 5000003 cycles: 1250044 (Simulation time: 0 hr 2 min 42 sec) 

Heartbeat CPU 0 instructions: 10000002 cycles: 4637254 heartbeat IPC: 2.15645 cumulative IPC: 1.47615 (Simulation time: 0 hr 6 min 33 sec) 
Heartbeat CPU 0 instructions: 20000003 cycles: 11316328 heartbeat IPC: 1.49722 cumulative IPC: 1.49013 (Simulation time: 0 hr 14 min 7 sec) 
Max paddr 30M
Simulation finished CPU 0 instructions: 20000001 cycles: 13315472 cumulative IPC: 1.50202 (Simulation time: 0 hr 16 min 53 sec) 

Simulation complete CPU 0 instructions: 20000001 cycles: 13315472 (Simulation time: 0 hr 16 min 53 sec) 


ChampSim completed all CPUs

[
  {
    "name": "Simulation",
    "traces": [
      "../traces/602.gcc_s-1850B.champsimtrace.xz"
    ],
    "roi": {
      "cores": [
        {
          "instructions": 20000001,
          "cycles": 13315472,
          "Avg ROB occupancy at mispredict": 36.7628, 
          "mispredict": {
            "BRANCH_DIRECT_JUMP": 194,
            "BRANCH_INDIRECT": 0,
            "BRANCH_CONDITIONAL": 300923,
            "BRANCH_DIRECT_CALL": 0,
            "BRANCH_INDIRECT_CALL": 0,
            "BRANCH_RETURN": 0
          }
        }
      ],
      "cpu0_L1I": {
        "LOAD": {
          "hit":0,
          "miss":0
        },
        "RFO": {
          "hit":0,
          "miss":0
        },
        "PREFETCH": {
          "hit":0,
          "miss":0
        },
        "WRITE": {
          "hit":0,
          "miss":0
        },
        "TRANSLATION": {
          "hit":0,
          "miss":0
        },
        "mshr full": 0,
        "prefetch requested": 0,
        "prefetch issued": 0,
        "prefetch filled": 0,
        "prefetch useful": 0,
        "prefetch useless": 0,
        "prefetch late": 0,
        "pf_useful_at_l2_from_l1":          0,
        "pf_late_at_l2_from_l1":          0,
        "pf_useless_at_l2_from_l1":          0,
        "pf_at_l2_to_l1":          0,
        "pf_fill_this_level":          0,
        "miss latency": null,
        "cache queues": {
          "PQ_ACCESS": 0,
          "PQ_FULL": 0,
          "PQ_TO_CACHE": 0,
          "PQ_MERGED": 0,
          "RQ_ACCESS": 0,
          "RQ_MERGED": 0,
          "RQ_FULL": 0,
          "WQ_ACCESS": 0,
          "WQ_MERGED": 0,
          "WQ_FULL": 0
        }
      },
      "cpu0_ITLB": {
        "LOAD": {
          "hit":0,
          "miss":0
        },
        "RFO": {
          "hit":0,
          "miss":0
        },
        "PREFETCH": {
          "hit":0,
          "miss":0
        },
        "WRITE": {
          "hit":0,
          "miss":0
        },
        "TRANSLATION": {
          "hit":0,
          "miss":0
        },
        "mshr full": 0,
        "prefetch requested": 0,
        "prefetch issued": 0,
        "prefetch filled": 0,
        "prefetch useful": 0,
        "prefetch useless": 0,
        "prefetch late": 0,
        "pf_useful_at_l2_from_l1":          0,
        "pf_late_at_l2_from_l1":          0,
        "pf_useless_at_l2_from_l1":          0,
        "pf_at_l2_to_l1":          0,
        "pf_fill_this_level":          0,
        "miss latency": null,
        "cache queues": {
          "PQ_ACCESS": 0,
          "PQ_FULL": 0,
          "PQ_TO_CACHE": 0,
          "PQ_MERGED": 0,
          "RQ_ACCESS": 0,
          "RQ_MERGED": 0,
          "RQ_FULL": 0,
          "WQ_ACCESS": 0,
          "WQ_MERGED": 0,
          "WQ_FULL": 0
        }
      },
      "cpu0_DTLB": {
        "LOAD": {
          "hit":7429470,
          "miss":67356
        },
        "RFO": {
          "hit":0,
          "miss":0
        },
        "PREFETCH": {
          "hit":0,
          "miss":0
        },
        "WRITE": {
          "hit":0,
          "miss":0
        },
        "TRANSLATION": {
          "hit":0,
          "miss":0
        },
        "mshr full": 0,
        "prefetch requested": 0,
        "prefetch issued": 0,
        "prefetch filled": 0,
        "prefetch useful": 0,
        "prefetch useless": 0,
        "prefetch late": 0,
        "pf_useful_at_l2_from_l1":          0,
        "pf_late_at_l2_from_l1":          0,
        "pf_useless_at_l2_from_l1":          0,
        "pf_at_l2_to_l1":          0,
        "pf_fill_this_level":          0,
        "miss latency": 1.33611,
        "cache queues": {
          "PQ_ACCESS": 0,
          "PQ_FULL": 0,
          "PQ_TO_CACHE": 0,
          "PQ_MERGED": 0,
          "RQ_ACCESS": 7496826,
          "RQ_MERGED": 0,
          "RQ_FULL": 0,
          "WQ_ACCESS": 0,
          "WQ_MERGED": 0,
          "WQ_FULL": 0
        }
      },
      "cpu0_STLB": {
        "LOAD": {
          "hit":508,
          "miss":5993
        },
        "RFO": {
          "hit":0,
          "miss":0
        },
        "PREFETCH": {
          "hit":0,
          "miss":0
        },
        "WRITE": {
          "hit":0,
          "miss":0
        },
        "TRANSLATION": {
          "hit":0,
          "miss":0
        },
        "mshr full": 0,
        "prefetch requested": 0,
        "prefetch issued": 0,
        "prefetch filled": 0,
        "prefetch useful": 0,
        "prefetch useless": 0,
        "prefetch late": 0,
        "pf_useful_at_l2_from_l1":          0,
        "pf_late_at_l2_from_l1":          0,
        "pf_useless_at_l2_from_l1":          0,
        "pf_at_l2_to_l1":          0,
        "pf_fill_this_level":          0,
        "miss latency": 14.4116,
        "cache queues": {
          "PQ_ACCESS": 0,
          "PQ_FULL": 0,
          "PQ_TO_CACHE": 0,
          "PQ_MERGED": 0,
          "RQ_ACCESS": 6501,
          "RQ_MERGED": 0,
          "RQ_FULL": 0,
          "WQ_ACCESS": 0,
          "WQ_MERGED": 0,
          "WQ_FULL": 0
        }
      },
      "cpu0_L1D": {
        "LOAD": {
          "hit":5250487,
          "miss":305335
        },
        "RFO": {
          "hit":0,
          "miss":0
        },
        "PREFETCH": {
          "hit":91273,
          "miss":532553
        },
        "WRITE": {
          "hit":1940941,
          "miss":59
        },
        "TRANSLATION": {
          "hit":5253,
          "miss":798
        },
        "mshr full": 53001,
        "prefetch requested": 623829,
        "prefetch issued": 623829,
        "prefetch filled": 445010,
        "prefetch useful": 391662,
        "prefetch useless": 73295,
        "prefetch late": 19996,
        "pf_useful_at_l2_from_l1":          0,
        "pf_late_at_l2_from_l1":          0,
        "pf_useless_at_l2_from_l1":          0,
        "pf_at_l2_to_l1":          0,
        "pf_fill_this_level":     445010,
        "miss latency": 8.04808,
        "cache queues": {
          "PQ_ACCESS": 623829,
          "PQ_FULL": 0,
          "PQ_TO_CACHE": 623829,
          "PQ_MERGED": 3,
          "RQ_ACCESS": 6803866,
          "RQ_MERGED": 0,
          "RQ_FULL": 1248040,
          "WQ_ACCESS": 1941000,
          "WQ_MERGED": 0,
          "WQ_FULL": 0
        }
      },
      "cpu0_L2C": {
        "LOAD": {
          "hit":49070,
          "miss":33033
        },
        "RFO": {
          "hit":54,
          "miss":4
        },
        "PREFETCH": {
          "hit":182750,
          "miss":334048
        },
        "WRITE": {
          "hit":1013,
          "miss":0
        },
        "TRANSLATION": {
          "hit":190,
          "miss":608
        },
        "mshr full": 60,
        "prefetch requested": 0,
        "prefetch issued": 0,
        "prefetch filled": 334027,
        "prefetch useful": 0,
        "prefetch useless": 0,
        "prefetch late": 0,
        "pf_useful_at_l2_from_l1":       1861,
        "pf_late_at_l2_from_l1":         21,
        "pf_useless_at_l2_from_l1":       3063,
        "pf_at_l2_to_l1":        834,
        "pf_fill_this_level":       5709,
        "miss latency": 28.0977,
        "cache queues": {
          "PQ_ACCESS": 516970,
          "PQ_FULL": 170,
          "PQ_TO_CACHE": 516800,
          "PQ_MERGED": 2,
          "RQ_ACCESS": 82960,
          "RQ_MERGED": 0,
          "RQ_FULL": 0,
          "WQ_ACCESS": 1013,
          "WQ_MERGED": 0,
          "WQ_FULL": 0
        }
      },
      "LLC": {
        "LOAD": {
          "hit": [159],
          "miss": [32853]
        },
        "RFO": {
          "hit": [0],
          "miss": [4]
        },
        "PREFETCH": {
          "hit": [1482],
          "miss": [332566]
        },
        "WRITE": {
          "hit": [145],
          "miss": [0]
        },
        "TRANSLATION": {
          "hit": [66],
          "miss": [542]
        },
        "mshr full": 0,
        "prefetch requested": 0,
        "prefetch issued": 0,
        "prefetch filled": 332566,
        "prefetch useful": 0,
        "prefetch useless": 0,
        "prefetch late": 0,
        "pf_useful_at_l2_from_l1":          0,
        "pf_late_at_l2_from_l1":          0,
        "pf_useless_at_l2_from_l1":          0,
        "pf_at_l2_to_l1":        161,
        "pf_fill_this_level":          0,
        "miss latency": 24.0756,
        "cache queues": {
          "PQ_ACCESS": 334048,
          "PQ_FULL": 0,
          "PQ_TO_CACHE": 334048,
          "PQ_MERGED": 0,
          "RQ_ACCESS": 33624,
          "RQ_MERGED": 0,
          "RQ_FULL": 0,
          "WQ_ACCESS": 145,
          "WQ_MERGED": 0,
          "WQ_FULL": 0
        }
      },
      "DRAM": [
        {
          "RQ ROW_BUFFER_HIT": 351597,
          "RQ ROW_BUFFER_MISS": 14368,
          "PQ FULL": 0,
          "WQ ROW_BUFFER_HIT": 12,
          "WQ ROW_BUFFER_MISS": 156,
          "WQ FULL": 0,
          "AVG DBUS CONGESTED CYCLE": 3.97962
        }
      ]

    },
    "sim": {
      "cores": [
        {
          "instructions": 20000001,
          "cycles": 13315472,
          "Avg ROB occupancy at mispredict": 36.7628, 
          "mispredict": {
            "BRANCH_DIRECT_JUMP": 194,
            "BRANCH_INDIRECT": 0,
            "BRANCH_CONDITIONAL": 300923,
            "BRANCH_DIRECT_CALL": 0,
            "BRANCH_INDIRECT_CALL": 0,
            "BRANCH_RETURN": 0
          }
        }
      ],
      "cpu0_L1I": {
        "LOAD": {
          "hit":0,
          "miss":0
        },
        "RFO": {
          "hit":0,
          "miss":0
        },
        "PREFETCH": {
          "hit":0,
          "miss":0
        },
        "WRITE": {
          "hit":0,
          "miss":0
        },
        "TRANSLATION": {
          "hit":0,
          "miss":0
        },
        "mshr full": 0,
        "prefetch requested": 0,
        "prefetch issued": 0,
        "prefetch filled": 0,
        "prefetch useful": 0,
        "prefetch useless": 0,
        "prefetch late": 0,
        "pf_useful_at_l2_from_l1":          0,
        "pf_late_at_l2_from_l1":          0,
        "pf_useless_at_l2_from_l1":          0,
        "pf_at_l2_to_l1":          0,
        "pf_fill_this_level":          0,
        "miss latency": null,
        "cache queues": {
          "PQ_ACCESS": 0,
          "PQ_FULL": 0,
          "PQ_TO_CACHE": 0,
          "PQ_MERGED": 0,
          "RQ_ACCESS": 0,
          "RQ_MERGED": 0,
          "RQ_FULL": 0,
          "WQ_ACCESS": 0,
          "WQ_MERGED": 0,
          "WQ_FULL": 0
        }
      },
      "cpu0_ITLB": {
        "LOAD": {
          "hit":0,
          "miss":0
        },
        "RFO": {
          "hit":0,
          "miss":0
        },
        "PREFETCH": {
          "hit":0,
          "miss":0
        },
        "WRITE": {
          "hit":0,
          "miss":0
        },
        "TRANSLATION": {
          "hit":0,
          "miss":0
        },
        "mshr full": 0,
        "prefetch requested": 0,
        "prefetch issued": 0,
        "prefetch filled": 0,
        "prefetch useful": 0,
        "prefetch useless": 0,
        "prefetch late": 0,
        "pf_useful_at_l2_from_l1":          0,
        "pf_late_at_l2_from_l1":          0,
        "pf_useless_at_l2_from_l1":          0,
        "pf_at_l2_to_l1":          0,
        "pf_fill_this_level":          0,
        "miss latency": null,
        "cache queues": {
          "PQ_ACCESS": 0,
          "PQ_FULL": 0,
          "PQ_TO_CACHE": 0,
          "PQ_MERGED": 0,
          "RQ_ACCESS": 0,
          "RQ_MERGED": 0,
          "RQ_FULL": 0,
          "WQ_ACCESS": 0,
          "WQ_MERGED": 0,
          "WQ_FULL": 0
        }
      },
      "cpu0_DTLB": {
        "LOAD": {
          "hit":7429470,
          "miss":67356
        },
        "RFO": {
          "hit":0,
          "miss":0
        },
        "PREFETCH": {
          "hit":0,
          "miss":0
        },
        "WRITE": {
          "hit":0,
          "miss":0
        },
        "TRANSLATION": {
          "hit":0,
          "miss":0
        },
        "mshr full": 0,
        "prefetch requested": 0,
        "prefetch issued": 0,
        "prefetch filled": 0,
        "prefetch useful": 0,
        "prefetch useless": 0,
        "prefetch late": 0,
        "pf_useful_at_l2_from_l1":          0,
        "pf_late_at_l2_from_l1":          0,
        "pf_useless_at_l2_from_l1":          0,
        "pf_at_l2_to_l1":          0,
        "pf_fill_this_level":          0,
        "miss latency": 1.33611,
        "cache queues": {
          "PQ_ACCESS": 0,
          "PQ_FULL": 0,
          "PQ_TO_CACHE": 0,
          "PQ_MERGED": 0,
          "RQ_ACCESS": 7496826,
          "RQ_MERGED": 0,
          "RQ_FULL": 0,
          "WQ_ACCESS": 0,
          "WQ_MERGED": 0,
          "WQ_FULL": 0
        }
      },
      "cpu0_STLB": {
        "LOAD": {
          "hit":508,
          "miss":5993
        },
        "RFO": {
          "hit":0,
          "miss":0
        },
        "PREFETCH": {
          "hit":0,
          "miss":0
        },
        "WRITE": {
          "hit":0,
          "miss":0
        },
        "TRANSLATION": {
          "hit":0,
          "miss":0
        },
        "mshr full": 0,
        "prefetch requested": 0,
        "prefetch issued": 0,
        "prefetch filled": 0,
        "prefetch useful": 0,
        "prefetch useless": 0,
        "prefetch late": 0,
        "pf_useful_at_l2_from_l1":          0,
        "pf_late_at_l2_from_l1":          0,
        "pf_useless_at_l2_from_l1":          0,
        "pf_at_l2_to_l1":          0,
        "pf_fill_this_level":          0,
        "miss latency": 14.4116,
        "cache queues": {
          "PQ_ACCESS": 0,
          "PQ_FULL": 0,
          "PQ_TO_CACHE": 0,
          "PQ_MERGED": 0,
          "RQ_ACCESS": 6501,
          "RQ_MERGED": 0,
          "RQ_FULL": 0,
          "WQ_ACCESS": 0,
          "WQ_MERGED": 0,
          "WQ_FULL": 0
        }
      },
      "cpu0_L1D": {
        "LOAD": {
          "hit":5250487,
          "miss":305335
        },
        "RFO": {
          "hit":0,
          "miss":0
        },
        "PREFETCH": {
          "hit":91273,
          "miss":532553
        },
        "WRITE": {
          "hit":1940941,
          "miss":59
        },
        "TRANSLATION": {
          "hit":5253,
          "miss":798
        },
        "mshr full": 53001,
        "prefetch requested": 623829,
        "prefetch issued": 623829,
        "prefetch filled": 445010,
        "prefetch useful": 391662,
        "prefetch useless": 73295,
        "prefetch late": 19996,
        "pf_useful_at_l2_from_l1":          0,
        "pf_late_at_l2_from_l1":          0,
        "pf_useless_at_l2_from_l1":          0,
        "pf_at_l2_to_l1":          0,
        "pf_fill_this_level":     445010,
        "miss latency": 8.04808,
        "cache queues": {
          "PQ_ACCESS": 623829,
          "PQ_FULL": 0,
          "PQ_TO_CACHE": 623829,
          "PQ_MERGED": 3,
          "RQ_ACCESS": 6803866,
          "RQ_MERGED": 0,
          "RQ_FULL": 1248040,
          "WQ_ACCESS": 1941000,
          "WQ_MERGED": 0,
          "WQ_FULL": 0
        }
      },
      "cpu0_L2C": {
        "LOAD": {
          "hit":49070,
          "miss":33033
        },
        "RFO": {
          "hit":54,
          "miss":4
        },
        "PREFETCH": {
          "hit":182750,
          "miss":334048
        },
        "WRITE": {
          "hit":1013,
          "miss":0
        },
        "TRANSLATION": {
          "hit":190,
          "miss":608
        },
        "mshr full": 60,
        "prefetch requested": 0,
        "prefetch issued": 0,
        "prefetch filled": 334027,
        "prefetch useful": 0,
        "prefetch useless": 0,
        "prefetch late": 0,
        "pf_useful_at_l2_from_l1":       1861,
        "pf_late_at_l2_from_l1":         21,
        "pf_useless_at_l2_from_l1":       3063,
        "pf_at_l2_to_l1":        834,
        "pf_fill_this_level":       5709,
        "miss latency": 28.0977,
        "cache queues": {
          "PQ_ACCESS": 516970,
          "PQ_FULL": 170,
          "PQ_TO_CACHE": 516800,
          "PQ_MERGED": 2,
          "RQ_ACCESS": 82960,
          "RQ_MERGED": 0,
          "RQ_FULL": 0,
          "WQ_ACCESS": 1013,
          "WQ_MERGED": 0,
          "WQ_FULL": 0
        }
      },
      "LLC": {
        "LOAD": {
          "hit": [159],
          "miss": [32853]
        },
        "RFO": {
          "hit": [0],
          "miss": [4]
        },
        "PREFETCH": {
          "hit": [1482],
          "miss": [332566]
        },
        "WRITE": {
          "hit": [145],
          "miss": [0]
        },
        "TRANSLATION": {
          "hit": [66],
          "miss": [542]
        },
        "mshr full": 0,
        "prefetch requested": 0,
        "prefetch issued": 0,
        "prefetch filled": 332566,
        "prefetch useful": 0,
        "prefetch useless": 0,
        "prefetch late": 0,
        "pf_useful_at_l2_from_l1":          0,
        "pf_late_at_l2_from_l1":          0,
        "pf_useless_at_l2_from_l1":          0,
        "pf_at_l2_to_l1":        161,
        "pf_fill_this_level":          0,
        "miss latency": 24.0756,
        "cache queues": {
          "PQ_ACCESS": 334048,
          "PQ_FULL": 0,
          "PQ_TO_CACHE": 334048,
          "PQ_MERGED": 0,
          "RQ_ACCESS": 33624,
          "RQ_MERGED": 0,
          "RQ_FULL": 0,
          "WQ_ACCESS": 145,
          "WQ_MERGED": 0,
          "WQ_FULL": 0
        }
      },
      "DRAM": [
        {
          "RQ ROW_BUFFER_HIT": 351597,
          "RQ ROW_BUFFER_MISS": 14368,
          "PQ FULL": 0,
          "WQ ROW_BUFFER_HIT": 12,
          "WQ ROW_BUFFER_MISS": 156,
          "WQ FULL": 0,
          "AVG DBUS CONGESTED CYCLE": 3.97962
        }
      ]

    }
  }
]
cpu0_ITLB
cpu0_DTLB
cpu0_STLB
Prefetch Request to L1: 552556, Prefetch Request to L2: 71273
Invalid by Eviction: 26416
Invalid by Max: 3208
Filter table begin
 ┌────────────────────┬─────────────┐
 | Region             | Offset      |
 ├────────────────────┼─────────────┤
 | 0x0000000000002f52 | 27          |
 ├────────────────────┼─────────────┤
 | 0x00000000000039ac | 4           |
 ├────────────────────┼─────────────┤
 | 0x000000000000378f | 29          |
 ├────────────────────┼─────────────┤
 | 0x00000000000037a2 | 15          |
 ├────────────────────┼─────────────┤
 | 0x0000000000003a22 | 8           |
 ├────────────────────┼─────────────┤
 | 0x0000000000003397 | 31          |
 ├────────────────────┼─────────────┤
 | 0x0000000000003db4 | 15          |
 ├────────────────────┼─────────────┤
 | 0x0000000000003d48 | 15          |
 ├────────────────────┼─────────────┤
 | 0x0000000000003b27 | 22          |
 ├────────────────────┼─────────────┤
 | 0x0000000000003c20 | 15          |
 ├────────────────────┼─────────────┤
 | 0x0000000000003c45 | 21          |
 ├────────────────────┼─────────────┤
 | 0x00000000000036ae | 8           |
 ├────────────────────┼─────────────┤
 | 0x0000000000003d35 | 29          |
 ├────────────────────┼─────────────┤
 | 0x0000000000003998 | 31          |
 ├────────────────────┼─────────────┤
 | 0x0000000000002bc2 | 28          |
 ├────────────────────┼─────────────┤
 | 0x0000000000003b48 | 27          |
 ├────────────────────┼─────────────┤
 | 0x0000000000002ccc | 29          |
 ├────────────────────┼─────────────┤
 | 0x0000000000003b7e | 20          |
 ├────────────────────┼─────────────┤
 | 0x0000000000003c22 | 31          |
 ├────────────────────┼─────────────┤
 | 0x0000000000003a8e | 12          |
 ├────────────────────┼─────────────┤
 | 0x0000000000003bc2 | 31          |
 ├────────────────────┼─────────────┤
 | 0x000000000000024a | 0           |
 ├────────────────────┼─────────────┤
 | 0x0000000000003999 | 28          |
 ├────────────────────┼─────────────┤
 | 0x0000000000000269 | 29          |
 ├────────────────────┼─────────────┤
 | 0x0000000000003997 | 18          |
 ├────────────────────┼─────────────┤
 | 0x0000000000003850 | 12          |
 ├────────────────────┼─────────────┤
 | 0x0000000000003a34 | 27          |
 ├────────────────────┼─────────────┤
 | 0x000000000000390e | 27          |
 ├────────────────────┼─────────────┤
 | 0x0000000000003bb2 | 12          |
 ├────────────────────┼─────────────┤
 | 0x0000000000000232 | 7           |
 ├────────────────────┼─────────────┤
 | 0x0000000000000273 | 8           |
 ├────────────────────┼─────────────┤
 | 0x0000000000003cbd | 25          |
 ├────────────────────┼─────────────┤
 | 0x0000000000003ac0 | 5           |
 ├────────────────────┼─────────────┤
 | 0x0000000000003461 | 25          |
 ├────────────────────┼─────────────┤
 | 0x0000000000003b04 | 16          |
 ├────────────────────┼─────────────┤
 | 0x0000000000003da1 | 6           |
 ├────────────────────┼─────────────┤
 | 0x0000000000003021 | 25          |
 ├────────────────────┼─────────────┤
 | 0x0000000000003294 | 31          |
 ├────────────────────┼─────────────┤
 | 0x0000000000003bd5 | 28          |
 ├────────────────────┼─────────────┤
 | 0x000000000000231a | 31          |
 ├────────────────────┼─────────────┤
 | 0x0000000000003cad | 6           |
 ├────────────────────┼─────────────┤
 | 0x0000000000003920 | 31          |
 ├────────────────────┼─────────────┤
 | 0x0000000000002d9e | 31          |
 ├────────────────────┼─────────────┤
 | 0x000000000000383f | 25          |
 ├────────────────────┼─────────────┤
 | 0x0000000000003364 | 1           |
 └────────────────────┴─────────────┘
Filter table end
Accumulation table begin
 ┌────────────────────┬─────────────┬─────────────┬──────────────────────────────────────────────────────────────────┐
 | Region             | Offset      | Second      | Pattern                                                          |
 ├────────────────────┼─────────────┼─────────────┼──────────────────────────────────────────────────────────────────┤
 | 0x0000000000000238 | 1           | 0           | 1 1 1 1 1 1 1 1 1 1 0 0 0 0 0 0 0 0 0 0 0 0 0 0 0 0 0 0 0 0 0 0  |
 ├────────────────────┼─────────────┼─────────────┼──────────────────────────────────────────────────────────────────┤
 | 0x0000000000003db6 | 0           | 1           | 1 1 1 1 1 1 1 1 1 1 1 1 1 1 1 1 1 1 1 1 1 1 1 1 1 1 1 1 1 1 1 1  |
 ├────────────────────┼─────────────┼─────────────┼──────────────────────────────────────────────────────────────────┤
 | 0x0000000000003dba | 0           | 1           | 1 1 1 1 1 1 1 1 1 1 1 1 1 1 1 1 1 1 1 1 1 1 1 1 1 1 1 1 1 1 1 1  |
 ├────────────────────┼─────────────┼─────────────┼──────────────────────────────────────────────────────────────────┤
 | 0x0000000000000231 | 6           | 7           | 1 1 1 1 1 1 1 1 1 1 1 1 1 0 1 1 1 1 1 1 1 1 1 1 1 0 1 1 0 0 1 1  |
 ├────────────────────┼─────────────┼─────────────┼──────────────────────────────────────────────────────────────────┤
 | 0x0000000000003db9 | 0           | 1           | 1 1 1 1 1 1 1 1 1 1 1 1 1 1 1 1 1 1 1 1 1 1 1 1 1 1 1 1 1 1 1 1  |
 ├────────────────────┼─────────────┼─────────────┼──────────────────────────────────────────────────────────────────┤
 | 0x0000000000003d37 | 21          | 8           | 0 0 0 0 0 0 0 0 1 0 0 0 0 0 0 0 0 0 0 0 0 1 0 0 0 0 0 0 0 0 0 0  |
 ├────────────────────┼─────────────┼─────────────┼──────────────────────────────────────────────────────────────────┤
 | 0x0000000000003da4 | 24          | 25          | 0 0 0 0 0 0 0 0 0 0 0 0 0 0 0 0 0 0 0 0 0 0 0 0 1 1 1 1 1 1 1 0  |
 ├────────────────────┼─────────────┼─────────────┼──────────────────────────────────────────────────────────────────┤
 | 0x000000000000026d | 22          | 23          | 0 0 0 0 0 0 0 0 0 0 0 0 0 0 0 0 0 0 0 0 0 0 1 1 0 0 0 0 0 0 0 0  |
 ├────────────────────┼─────────────┼─────────────┼──────────────────────────────────────────────────────────────────┤
 | 0x000000000000022f | 15          | 16          | 1 1 1 1 1 1 1 1 1 1 1 1 1 1 1 1 1 1 1 1 1 1 1 1 1 1 1 0 1 1 1 1  |
 ├────────────────────┼─────────────┼─────────────┼──────────────────────────────────────────────────────────────────┤
 | 0x0000000000003dbc | 0           | 1           | 1 1 1 1 1 1 1 1 1 1 1 1 1 1 1 1 1 1 1 1 1 1 1 1 1 1 1 1 1 1 1 1  |
 ├────────────────────┼─────────────┼─────────────┼──────────────────────────────────────────────────────────────────┤
 | 0x000000000000022c | 9           | 16          | 1 1 1 1 0 1 1 1 1 1 1 0 1 1 0 0 1 1 1 1 1 1 1 1 0 1 1 1 1 1 1 1  |
 ├────────────────────┼─────────────┼─────────────┼──────────────────────────────────────────────────────────────────┤
 | 0x0000000000003dbf | 0           | 1           | 1 1 1 1 1 1 1 1 1 1 1 1 1 1 1 1 0 0 0 0 0 0 0 0 0 0 0 0 0 0 0 0  |
 ├────────────────────┼─────────────┼─────────────┼──────────────────────────────────────────────────────────────────┤
 | 0x000000000000021c | 22          | 21          | 0 0 0 0 0 0 0 0 0 0 0 0 0 0 0 0 0 0 0 0 0 1 1 1 0 0 0 0 0 0 0 0  |
 ├────────────────────┼─────────────┼─────────────┼──────────────────────────────────────────────────────────────────┤
 | 0x0000000000003db3 | 0           | 1           | 1 1 1 1 1 1 1 1 1 1 1 1 1 1 1 1 1 1 1 1 1 1 1 1 1 1 1 1 1 1 1 1  |
 ├────────────────────┼─────────────┼─────────────┼──────────────────────────────────────────────────────────────────┤
 | 0x000000000000022e | 1           | 29          | 1 1 1 1 1 1 1 1 1 1 1 1 1 1 1 1 1 1 1 1 1 0 1 1 1 1 1 1 1 1 1 0  |
 ├────────────────────┼─────────────┼─────────────┼──────────────────────────────────────────────────────────────────┤
 | 0x0000000000000235 | 31          | 30          | 0 0 0 0 0 0 0 0 0 0 0 0 0 1 1 0 0 0 0 0 1 1 0 0 0 1 1 1 1 0 1 1  |
 ├────────────────────┼─────────────┼─────────────┼──────────────────────────────────────────────────────────────────┤
 | 0x0000000000003dbd | 0           | 1           | 1 1 1 1 1 1 1 1 1 1 1 1 1 1 1 1 1 1 1 1 1 1 1 1 1 1 1 1 1 1 1 1  |
 ├────────────────────┼─────────────┼─────────────┼──────────────────────────────────────────────────────────────────┤
 | 0x000000000000021d | 31          | 30          | 1 1 1 1 1 1 1 1 1 1 1 1 1 1 1 1 1 1 1 0 1 0 0 0 0 1 1 1 1 1 1 1  |
 ├────────────────────┼─────────────┼─────────────┼──────────────────────────────────────────────────────────────────┤
 | 0x0000000000003db1 | 0           | 1           | 1 1 1 1 1 1 1 1 1 1 1 1 1 1 1 1 1 1 1 1 1 1 1 1 1 1 1 1 1 1 1 1  |
 ├────────────────────┼─────────────┼─────────────┼──────────────────────────────────────────────────────────────────┤
 | 0x0000000000000221 | 12          | 13          | 0 0 0 0 0 0 0 0 0 0 0 0 1 1 1 1 0 0 0 0 0 0 0 0 0 0 0 0 0 0 0 0  |
 ├────────────────────┼─────────────┼─────────────┼──────────────────────────────────────────────────────────────────┤
 | 0x0000000000000244 | 2           | 1           | 1 1 1 1 1 1 1 0 0 0 1 1 1 1 0 1 0 1 1 1 0 0 0 0 0 0 0 0 0 0 0 0  |
 ├────────────────────┼─────────────┼─────────────┼──────────────────────────────────────────────────────────────────┤
 | 0x000000000000022d | 12          | 13          | 1 1 1 1 0 1 1 1 1 1 1 1 1 1 0 0 1 0 0 0 1 1 0 0 0 0 0 0 0 0 1 1  |
 ├────────────────────┼─────────────┼─────────────┼──────────────────────────────────────────────────────────────────┤
 | 0x0000000000003db7 | 0           | 1           | 1 1 1 1 1 1 1 1 1 1 1 1 1 1 1 1 1 1 1 1 1 1 1 1 1 1 1 1 1 1 1 1  |
 ├────────────────────┼─────────────┼─────────────┼──────────────────────────────────────────────────────────────────┤
 | 0x0000000000000230 | 31          | 25          | 0 1 1 1 1 1 1 1 1 1 1 1 1 1 1 1 1 1 0 1 1 1 1 1 1 1 1 0 1 1 1 1  |
 ├────────────────────┼─────────────┼─────────────┼──────────────────────────────────────────────────────────────────┤
 | 0x0000000000003db8 | 0           | 1           | 1 1 1 1 1 1 1 1 1 1 1 1 1 1 1 1 1 1 1 1 1 1 1 1 1 1 1 1 1 1 1 1  |
 ├────────────────────┼─────────────┼─────────────┼──────────────────────────────────────────────────────────────────┤
 | 0x000000000000023f | 31          | 30          | 0 0 0 0 0 0 0 0 0 0 0 0 0 0 0 0 0 0 0 0 0 0 0 0 0 0 0 1 1 1 1 1  |
 ├────────────────────┼─────────────┼─────────────┼──────────────────────────────────────────────────────────────────┤
 | 0x0000000000003dbb | 0           | 1           | 1 1 1 1 1 1 1 1 1 1 1 1 1 1 1 1 1 1 1 1 1 1 1 1 1 1 1 1 1 1 1 1  |
 ├────────────────────┼─────────────┼─────────────┼──────────────────────────────────────────────────────────────────┤
 | 0x0000000000003dbe | 0           | 1           | 1 1 1 1 1 1 1 1 1 1 1 1 1 1 1 1 1 1 1 1 1 1 1 1 1 1 1 1 1 1 1 1  |
 └────────────────────┴─────────────┴─────────────┴──────────────────────────────────────────────────────────────────┘
Accumulation table end
Offset pattern table begin
 ┌────────────────────┬─────────────┬──────────────────────────────────────────────────────────────────────────────────────────────────┐
 | Key                | Second      | Pattern                                                                                          |
 ├────────────────────┼─────────────┼──────────────────────────────────────────────────────────────────────────────────────────────────┤
 | 0x0000000000000000 | 1           | 25 24 24 24 24 24 24 24 24 24 24 24 22 24 24 24 22 22 22 22 22 22 22 22 22 22 22 22 22 22 22 22  |
 ├────────────────────┼─────────────┼──────────────────────────────────────────────────────────────────────────────────────────────────┤
 | 0x0000000000000001 | 0           | 16 15 15 15 14 15 15 15 15 10 10 10 10 10 10 10 10 10 10 10 0 10 10 10 10 10 10 10 10 10 10 15   |
 ├────────────────────┼─────────────┼──────────────────────────────────────────────────────────────────────────────────────────────────┤
 | 0x0000000000000002 | 1           | 28 27 16 27 27 11 11 11 27 27 27 27 0 16 10 16 16 15 11 11 0 0 0 0 0 0 0 0 10 10 26 27           |
 ├────────────────────┼─────────────┼──────────────────────────────────────────────────────────────────────────────────────────────────┤
 | 0x0000000000000003 | 7           | 25 17 10 9 4 4 4 8 8 8 8 2 7 2 7 7 4 1 1 1 1 1 1 1 2 1 1 1 1 3 3 4                               |
 ├────────────────────┼─────────────┼──────────────────────────────────────────────────────────────────────────────────────────────────┤
 | 0x0000000000000004 | 3           | 20 2 1 1 0 1 0 0 0 0 0 0 0 0 0 0 0 0 0 0 0 0 0 0 0 0 0 0 0 0 0 17                                |
 ├────────────────────┼─────────────┼──────────────────────────────────────────────────────────────────────────────────────────────────┤
 | 0x0000000000000005 | 6           | 18 16 2 17 17 15 15 1 1 1 1 1 1 1 1 1 1 1 1 0 0 0 0 0 0 0 0 16 1 1 16 16                         |
 ├────────────────────┼─────────────┼──────────────────────────────────────────────────────────────────────────────────────────────────┤
 | 0x0000000000000006 | 7           | 28 26 20 20 20 20 20 1 20 20 20 20 20 20 20 21 20 20 20 1 20 20 1 1 20 20 19 19 19 19 19 19      |
 ├────────────────────┼─────────────┼──────────────────────────────────────────────────────────────────────────────────────────────────┤
 | 0x0000000000000007 | 6           | 28 16 11 4 2 3 2 2 3 2 2 3 1 1 0 0 0 0 0 0 3 0 0 0 0 12 12 12 12 14 14 18                        |
 ├────────────────────┼─────────────┼──────────────────────────────────────────────────────────────────────────────────────────────────┤
 | 0x0000000000000008 | 7           | 26 9 4 5 5 2 1 1 1 1 1 0 0 0 0 0 0 0 0 0 0 0 0 0 9 3 3 3 8 8 8 19                                |
 ├────────────────────┼─────────────┼──────────────────────────────────────────────────────────────────────────────────────────────────┤
 | 0x0000000000000009 | 16          | 19 18 2 17 17 2 2 18 18 17 17 16 16 16 15 0 15 15 15 15 15 15 15 15 15 15 15 0 15 15 15 15       |
 ├────────────────────┼─────────────┼──────────────────────────────────────────────────────────────────────────────────────────────────┤
 | 0x000000000000000a | 11          | 18 16 10 6 4 3 2 2 2 1 1 1 1 2 2 1 1 1 1 1 1 1 1 0 0 1 1 1 0 0 1 3                               |
 ├────────────────────┼─────────────┼──────────────────────────────────────────────────────────────────────────────────────────────────┤
 | 0x000000000000000b | 10          | 25 22 12 9 7 6 5 5 4 3 3 2 2 2 2 2 2 1 0 0 0 0 0 0 0 0 0 0 0 0 0 2                               |
 ├────────────────────┼─────────────┼──────────────────────────────────────────────────────────────────────────────────────────────────┤
 | 0x000000000000000c | 13          | 21 19 11 9 11 3 2 2 8 8 2 1 0 0 0 0 0 0 6 6 7 7 7 7 0 7 7 7 7 7 7 9                              |
 ├────────────────────┼─────────────┼──────────────────────────────────────────────────────────────────────────────────────────────────┤
 | 0x000000000000000d | 12          | 19 10 8 13 7 7 7 13 13 7 5 4 3 3 3 1 1 7 7 7 7 7 7 0 7 7 7 7 7 7 7 9                             |
 ├────────────────────┼─────────────┼──────────────────────────────────────────────────────────────────────────────────────────────────┤
 | 0x000000000000000e | 15          | 30 25 16 13 11 10 9 6 6 5 3 4 4 4 3 2 1 1 1 1 1 1 2 1 1 1 1 1 1 1 1 7                            |
 ├────────────────────┼─────────────┼──────────────────────────────────────────────────────────────────────────────────────────────────┤
 | 0x000000000000000f | 16          | 20 19 17 17 17 17 17 17 17 17 17 17 0 17 17 17 16 16 16 16 16 16 16 16 16 16 16 16 16 16 16 17   |
 ├────────────────────┼─────────────┼──────────────────────────────────────────────────────────────────────────────────────────────────┤
 | 0x0000000000000010 | 17          | 28 25 22 22 22 22 22 22 2 21 21 21 20 20 22 22 20 20 21 20 0 20 20 20 20 5 20 0 20 20 0 0        |
 ├────────────────────┼─────────────┼──────────────────────────────────────────────────────────────────────────────────────────────────┤
 | 0x0000000000000011 | 26          | 16 13 8 5 4 5 4 4 4 4 4 3 2 2 1 2 2 2 2 2 2 2 2 2 2 2 2 2 2 2 2 4                                |
 ├────────────────────┼─────────────┼──────────────────────────────────────────────────────────────────────────────────────────────────┤
 | 0x0000000000000012 | 31          | 29 5 26 3 3 3 3 26 26 24 23 23 22 22 22 22 22 22 22 22 22 22 22 22 22 22 22 22 22 22 22 24       |
 ├────────────────────┼─────────────┼──────────────────────────────────────────────────────────────────────────────────────────────────┤
 | 0x0000000000000013 | 0           | 27 24 23 23 23 23 23 23 0 22 22 22 22 25 25 24 23 23 23 23 22 22 22 23 23 23 23 22 23 22 23 2    |
 ├────────────────────┼─────────────┼──────────────────────────────────────────────────────────────────────────────────────────────────┤
 | 0x0000000000000014 | 25          | 24 18 11 6 5 5 5 5 3 3 2 2 0 0 0 0 0 0 0 0 0 0 0 0 0 0 0 0 0 0 0 4                               |
 ├────────────────────┼─────────────┼──────────────────────────────────────────────────────────────────────────────────────────────────┤
 | 0x0000000000000015 | 22          | 20 18 17 2 2 16 16 16 16 16 16 0 0 0 0 0 0 0 0 0 0 0 0 0 0 15 0 0 0 15 15 0                      |
 ├────────────────────┼─────────────┼──────────────────────────────────────────────────────────────────────────────────────────────────┤
 | 0x0000000000000016 | 23          | 29 28 2 1 4 4 4 4 3 3 0 0 0 0 0 0 0 0 0 0 0 0 0 0 3 0 0 0 3 3 0 3                                |
 ├────────────────────┼─────────────┼──────────────────────────────────────────────────────────────────────────────────────────────────┤
 | 0x0000000000000017 | 24          | 19 17 16 17 16 16 15 15 11 0 0 0 0 0 0 0 0 0 0 0 0 0 0 0 0 0 0 0 0 0 0 1                         |
 ├────────────────────┼─────────────┼──────────────────────────────────────────────────────────────────────────────────────────────────┤
 | 0x0000000000000018 | 25          | 22 19 14 15 14 12 12 8 0 0 0 0 0 0 0 0 0 0 0 0 0 0 0 0 0 0 0 0 0 0 0 5                           |
 ├────────────────────┼─────────────┼──────────────────────────────────────────────────────────────────────────────────────────────────┤
 | 0x0000000000000019 | 24          | 29 24 13 12 7 5 5 0 0 0 0 0 0 0 0 0 0 0 0 0 0 0 0 0 0 0 0 0 0 0 0 5                              |
 ├────────────────────┼─────────────┼──────────────────────────────────────────────────────────────────────────────────────────────────┤
 | 0x000000000000001a | 27          | 19 17 11 8 6 6 0 0 0 0 0 0 0 0 0 0 0 0 0 0 1 0 0 0 0 0 0 0 0 0 0 3                               |
 ├────────────────────┼─────────────┼──────────────────────────────────────────────────────────────────────────────────────────────────┤
 | 0x000000000000001b | 28          | 23 20 17 16 15 0 0 0 0 0 0 0 0 0 0 0 0 0 0 0 0 0 0 2 0 0 0 0 0 0 0 2                             |
 ├────────────────────┼─────────────┼──────────────────────────────────────────────────────────────────────────────────────────────────┤
 | 0x000000000000001c | 27          | 21 17 13 9 1 1 1 1 1 1 1 1 1 1 1 1 1 1 1 1 1 1 0 0 1 0 0 0 0 1 1 6                               |
 ├────────────────────┼─────────────┼──────────────────────────────────────────────────────────────────────────────────────────────────┤
 | 0x000000000000001d | 21          | 26 24 21 0 0 0 0 0 0 0 0 0 0 0 0 0 0 0 0 0 0 0 0 0 0 0 0 0 0 0 8 12                              |
 ├────────────────────┼─────────────┼──────────────────────────────────────────────────────────────────────────────────────────────────┤
 | 0x000000000000001e | 31          | 25 23 0 0 0 0 0 0 0 0 0 0 0 0 0 0 0 0 0 0 0 0 0 0 0 1 1 1 1 1 1 21                               |
 ├────────────────────┼─────────────┼──────────────────────────────────────────────────────────────────────────────────────────────────┤
 | 0x000000000000001f | 30          | 21 9 9 9 9 9 9 7 7 9 9 9 9 9 10 13 9 9 9 7 5 13 9 5 11 11 15 18 16 16 12 20                      |
 └────────────────────┴─────────────┴──────────────────────────────────────────────────────────────────────────────────────────────────┘
Offset pattern table end
PC pattern table begin
 ┌────────────────────┬─────────────┬──────────────────────────────────────────────────┐
 | Key                | Second      | Pattern                                          |
 ├────────────────────┼─────────────┼──────────────────────────────────────────────────┤
 | 0x0000000000000001 | 1           | 20 18 14 10 8 7 5 3 3 3 3 3 3 3 3 3              |
 ├────────────────────┼─────────────┼──────────────────────────────────────────────────┤
 | 0x0000000000000002 | 15          | 22 22 0 0 0 0 0 0 0 0 0 0 0 0 0 0                |
 ├────────────────────┼─────────────┼──────────────────────────────────────────────────┤
 | 0x0000000000000003 | 16          | 16 14 14 13 13 12 11 11 12 9 8 8 9 5 5 6         |
 ├────────────────────┼─────────────┼──────────────────────────────────────────────────┤
 | 0x0000000000000005 | 10          | 26 17 3 0 0 0 0 0 0 0 0 0 0 0 0 0                |
 ├────────────────────┼─────────────┼──────────────────────────────────────────────────┤
 | 0x0000000000000006 | 1           | 16 15 15 15 14 14 14 14 14 14 13 13 13 13 13 13  |
 ├────────────────────┼─────────────┼──────────────────────────────────────────────────┤
 | 0x0000000000000008 | 25          | 27 17 9 3 2 1 0 1 0 0 0 0 0 0 0 0                |
 ├────────────────────┼─────────────┼──────────────────────────────────────────────────┤
 | 0x0000000000000009 | 0           | 27 19 18 17 4 2 2 2 4 4 4 5 7 7 7 13             |
 ├────────────────────┼─────────────┼──────────────────────────────────────────────────┤
 | 0x000000000000000a | 12          | 20 7 12 4 12 5 4 6 5 11 13 11 12 13 15 18        |
 ├────────────────────┼─────────────┼──────────────────────────────────────────────────┤
 | 0x000000000000000c | 22          | 1 0 0 0 0 0 0 0 0 0 0 0 0 0 0 0                  |
 ├────────────────────┼─────────────┼──────────────────────────────────────────────────┤
 | 0x000000000000000d | 0           | 17 16 15 16 15 15 16 16 15 16 17 16 16 16 16 16  |
 ├────────────────────┼─────────────┼──────────────────────────────────────────────────┤
 | 0x000000000000000f | 1           | 26 19 19 19 19 19 18 18 18 17 17 17 17 17 17 17  |
 ├────────────────────┼─────────────┼──────────────────────────────────────────────────┤
 | 0x0000000000000011 | 27          | 26 2 0 0 0 0 0 1 0 0 0 0 0 0 2 15                |
 ├────────────────────┼─────────────┼──────────────────────────────────────────────────┤
 | 0x0000000000000013 | 25          | 17 9 0 0 0 0 0 0 0 0 0 0 0 0 0 0                 |
 ├────────────────────┼─────────────┼──────────────────────────────────────────────────┤
 | 0x0000000000000014 | 1           | 18 17 17 17 17 16 16 16 16 16 14 13 13 13 13 13  |
 ├────────────────────┼─────────────┼──────────────────────────────────────────────────┤
 | 0x0000000000000015 | 7           | 29 23 14 10 6 7 3 3 0 0 0 0 0 0 0 0              |
 ├────────────────────┼─────────────┼──────────────────────────────────────────────────┤
 | 0x0000000000000017 | 26          | 24 13 2 0 0 0 0 0 0 0 0 0 0 0 0 0                |
 ├────────────────────┼─────────────┼──────────────────────────────────────────────────┤
 | 0x0000000000000019 | 15          | 28 27 27 27 27 27 27 27 27 27 27 27 27 27 27 27  |
 ├────────────────────┼─────────────┼──────────────────────────────────────────────────┤
 | 0x000000000000001a | 27          | 20 12 2 0 0 0 0 0 0 1 0 0 0 0 0 0                |
 ├────────────────────┼─────────────┼──────────────────────────────────────────────────┤
 | 0x000000000000001c | 11          | 28 18 18 15 15 14 13 15 12 10 9 10 12 12 15 20   |
 └────────────────────┴─────────────┴──────────────────────────────────────────────────┘
PC pattern table end
Prefetch buffer begin
 ┌────────────────────┬──────────────────────────────────────────────────────────────────┐
 | Region             | Pattern                                                          |
 ├────────────────────┼──────────────────────────────────────────────────────────────────┤
 | 0x0000000000003d37 | 0 0 0 0 0 0 0 0 0 0 0 0 0 0 1 0 0 0 0 0 0 0 0 0 0 0 1 1 1 1 1 1  |
 ├────────────────────┼──────────────────────────────────────────────────────────────────┤
 | 0x0000000000003da1 | 1 1 1 1 1 1 0 1 1 1 1 1 1 0 1 1 1 1 1 1 1 1 1 1 1 0 1 1 0 0 1 1  |
 ├────────────────────┼──────────────────────────────────────────────────────────────────┤
 | 0x0000000000003d8c | 0 0 0 0 0 0 0 0 0 0 0 0 0 0 0 0 0 0 0 0 0 0 0 0 0 0 0 0 0 0 1 1  |
 ├────────────────────┼──────────────────────────────────────────────────────────────────┤
 | 0x0000000000003c0f | 0 0 0 0 0 0 0 0 0 0 0 0 0 0 0 0 1 1 1 1 1 1 1 1 1 0 1 1 0 0 1 1  |
 ├────────────────────┼──────────────────────────────────────────────────────────────────┤
 | 0x00000000000036b1 | 0 0 0 0 0 0 0 0 0 0 0 0 0 0 0 0 0 1 1 1 2 2 0 0 0 0 0 0 0 0 2 2  |
 ├────────────────────┼──────────────────────────────────────────────────────────────────┤
 | 0x0000000000003d7c | 2 0 0 0 2 2 2 0 0 0 2 2 2 0 0 0 0 0 0 0 0 0 0 0 0 0 0 0 0 0 0 0  |
 ├────────────────────┼──────────────────────────────────────────────────────────────────┤
 | 0x0000000000003db4 | 1 1 1 1 1 0 0 0 0 0 0 0 0 0 0 0 0 0 0 0 0 0 0 0 0 0 0 0 1 1 1 1  |
 ├────────────────────┼──────────────────────────────────────────────────────────────────┤
 | 0x0000000000003c23 | 0 0 0 0 0 0 0 0 0 0 0 0 0 2 0 0 1 2 2 2 2 2 2 0 0 0 0 0 0 0 0 0  |
 ├────────────────────┼──────────────────────────────────────────────────────────────────┤
 | 0x0000000000003ce0 | 0 0 0 0 0 0 0 0 0 0 0 0 0 0 0 0 0 0 0 0 0 0 0 0 0 0 0 0 0 1 0 0  |
 ├────────────────────┼──────────────────────────────────────────────────────────────────┤
 | 0x0000000000003cf1 | 0 0 0 0 0 0 0 0 0 0 0 0 0 0 0 0 2 0 1 2 2 2 2 2 2 2 2 2 2 2 0 0  |
 ├────────────────────┼──────────────────────────────────────────────────────────────────┤
 | 0x0000000000003d14 | 0 0 0 0 0 0 0 0 0 0 0 0 0 0 0 0 0 0 0 0 0 0 0 0 0 0 0 0 0 0 1 1  |
 ├────────────────────┼──────────────────────────────────────────────────────────────────┤
 | 0x0000000000003cd0 | 2 2 2 2 0 2 2 2 2 2 2 0 0 0 2 2 2 0 0 0 2 2 0 0 0 0 0 0 0 0 2 2  |
 ├────────────────────┼──────────────────────────────────────────────────────────────────┤
 | 0x0000000000003d48 | 1 1 1 1 1 1 1 1 1 1 1 1 1 1 1 0 1 1 1 1 1 1 1 1 1 1 1 0 1 1 1 1  |
 ├────────────────────┼──────────────────────────────────────────────────────────────────┤
 | 0x0000000000003cad | 1 1 1 1 1 1 0 0 1 1 1 1 1 0 1 1 1 1 1 1 1 1 1 1 1 0 1 1 0 0 1 1  |
 ├────────────────────┼──────────────────────────────────────────────────────────────────┤
 | 0x0000000000003c20 | 1 1 1 1 1 1 1 1 1 1 1 1 1 1 0 0 0 1 1 1 1 1 1 1 1 1 1 0 1 1 1 1  |
 ├────────────────────┼──────────────────────────────────────────────────────────────────┤
 | 0x0000000000003c8a | 0 0 0 0 1 1 1 1 1 1 1 1 1 1 1 1 1 1 1 1 1 1 1 1 1 1 1 1 1 1 1 1  |
 ├────────────────────┼──────────────────────────────────────────────────────────────────┤
 | 0x0000000000003b4b | 2 2 2 2 0 2 2 2 2 2 0 0 0 0 0 2 2 0 0 0 2 2 0 0 0 0 0 0 0 0 2 2  |
 ├────────────────────┼──────────────────────────────────────────────────────────────────┤
 | 0x0000000000000273 | 2 0 0 0 2 2 2 1 0 2 2 2 2 0 0 0 0 0 0 0 0 0 0 0 0 0 0 0 0 0 0 0  |
 ├────────────────────┼──────────────────────────────────────────────────────────────────┤
 | 0x0000000000003d6b | 0 0 0 0 0 0 0 0 0 0 0 0 0 0 1 0 0 0 0 0 0 0 0 0 0 0 0 0 0 1 1 1  |
 ├────────────────────┼──────────────────────────────────────────────────────────────────┤
 | 0x0000000000003c35 | 1 1 0 0 1 1 1 2 2 2 1 1 1 1 0 1 2 1 1 2 2 2 0 0 0 0 0 0 0 0 2 2  |
 ├────────────────────┼──────────────────────────────────────────────────────────────────┤
 | 0x0000000000003cbd | 0 0 0 0 0 0 0 0 0 0 0 0 0 0 0 0 0 0 0 0 0 0 0 0 2 0 0 2 2 2 0 0  |
 ├────────────────────┼──────────────────────────────────────────────────────────────────┤
 | 0x0000000000003c56 | 2 0 0 0 2 2 2 1 0 2 2 2 2 0 0 0 0 0 0 0 0 0 0 0 0 0 0 0 0 0 0 0  |
 └────────────────────┴──────────────────────────────────────────────────────────────────┘
Prefetch buffer end
Filter by PPT: 0
cpu0_L2C
Num Con Filled: 0
Num Con Useful: 0 Useless:0 Accuracy: nan
LLC
