41 41 41
Available num physical pages: 35184372088576
WARNING: physical memory size is smaller than virtual memory size

*** ChampSim Multicore Out-of-Order Simulator ***

Warmup Instructions: 5000000
Simulation Instructions: 200000000
Number of CPUs: 1
Page size: 4096

Basic BTB sets: 1024 ways: 8 indirect buffer size: 4096 RAS size: 64
cpu0_L1D PMP prefetcher
Off-chip DRAM Size: 4 GiB Channels: 1 Width: 64-bit Data Rate: 3200 MT/s
Max paddr 2M
Warmup finished CPU 0 instructions: 5000002 cycles: 1250269 cumulative IPC: 3.99915 (Simulation time: 0 hr 2 min 31 sec) 

Warmup complete CPU 0 instructions: 5000002 cycles: 1250269 (Simulation time: 0 hr 2 min 31 sec) 

Heartbeat CPU 0 instructions: 10000000 cycles: 2823520 heartbeat IPC: 3.54168 cumulative IPC: 3.17814 (Simulation time: 0 hr 5 min 13 sec) 
Heartbeat CPU 0 instructions: 20000001 cycles: 5798030 heartbeat IPC: 3.3619 cumulative IPC: 3.29833 (Simulation time: 0 hr 10 min 46 sec) 
Heartbeat CPU 0 instructions: 30000004 cycles: 8845880 heartbeat IPC: 3.28101 cumulative IPC: 3.29138 (Simulation time: 0 hr 16 min 10 sec) 
Heartbeat CPU 0 instructions: 40000001 cycles: 11899392 heartbeat IPC: 3.27492 cumulative IPC: 3.28666 (Simulation time: 0 hr 21 min 36 sec) 
Heartbeat CPU 0 instructions: 50000004 cycles: 14975059 heartbeat IPC: 3.25133 cumulative IPC: 3.27874 (Simulation time: 0 hr 27 min 18 sec) 
Heartbeat CPU 0 instructions: 60000004 cycles: 18105650 heartbeat IPC: 3.19429 cumulative IPC: 3.26306 (Simulation time: 0 hr 32 min 55 sec) 
Heartbeat CPU 0 instructions: 70000003 cycles: 21090539 heartbeat IPC: 3.35021 cumulative IPC: 3.27617 (Simulation time: 0 hr 38 min 39 sec) 
Heartbeat CPU 0 instructions: 80000004 cycles: 24157276 heartbeat IPC: 3.2608 cumulative IPC: 3.27411 (Simulation time: 0 hr 44 min 27 sec) 
Heartbeat CPU 0 instructions: 90000002 cycles: 27349514 heartbeat IPC: 3.1326 cumulative IPC: 3.2568 (Simulation time: 0 hr 50 min 1 sec) 
Heartbeat CPU 0 instructions: 100000002 cycles: 30550995 heartbeat IPC: 3.12356 cumulative IPC: 3.24225 (Simulation time: 0 hr 55 min 45 sec) 
Heartbeat CPU 0 instructions: 110000004 cycles: 33678833 heartbeat IPC: 3.1971 cumulative IPC: 3.23789 (Simulation time: 1 hr 1 min 14 sec) 
Heartbeat CPU 0 instructions: 120000002 cycles: 36614055 heartbeat IPC: 3.4069 cumulative IPC: 3.25192 (Simulation time: 1 hr 6 min 43 sec) 
Heartbeat CPU 0 instructions: 130000002 cycles: 39587559 heartbeat IPC: 3.36304 cumulative IPC: 3.26054 (Simulation time: 1 hr 12 min 24 sec) 
Heartbeat CPU 0 instructions: 140000001 cycles: 42462756 heartbeat IPC: 3.47803 cumulative IPC: 3.27571 (Simulation time: 1 hr 18 min 15 sec) 
Heartbeat CPU 0 instructions: 150000000 cycles: 45452223 heartbeat IPC: 3.34508 cumulative IPC: 3.2804 (Simulation time: 1 hr 24 min 6 sec) 
Heartbeat CPU 0 instructions: 160000001 cycles: 48393822 heartbeat IPC: 3.39952 cumulative IPC: 3.28784 (Simulation time: 1 hr 30 min 22 sec) 
Heartbeat CPU 0 instructions: 170000001 cycles: 51377475 heartbeat IPC: 3.3516 cumulative IPC: 3.29163 (Simulation time: 1 hr 37 min 10 sec) 
Heartbeat CPU 0 instructions: 180000001 cycles: 54266391 heartbeat IPC: 3.46151 cumulative IPC: 3.30089 (Simulation time: 1 hr 43 min 42 sec) 
Heartbeat CPU 0 instructions: 190000002 cycles: 57226471 heartbeat IPC: 3.37829 cumulative IPC: 3.30498 (Simulation time: 1 hr 49 min 55 sec) 
Heartbeat CPU 0 instructions: 200000000 cycles: 60227874 heartbeat IPC: 3.33178 cumulative IPC: 3.30634 (Simulation time: 1 hr 55 min 43 sec) 
Max paddr 6M
Simulation finished CPU 0 instructions: 200000004 cycles: 60587185 cumulative IPC: 3.30103 (Simulation time: 1 hr 58 min 34 sec) 

Simulation complete CPU 0 instructions: 200000004 cycles: 60587185 (Simulation time: 1 hr 58 min 34 sec) 


ChampSim completed all CPUs

[
  {
    "name": "Simulation",
    "traces": [
      "../traces/600.perlbench_s-1273B.champsimtrace.xz"
    ],
    "roi": {
      "cores": [
        {
          "instructions": 200000004,
          "cycles": 60587185,
          "Avg ROB occupancy at mispredict": 93.2493, 
          "mispredict": {
            "BRANCH_DIRECT_JUMP": 4876,
            "BRANCH_INDIRECT": 49861,
            "BRANCH_CONDITIONAL": 489502,
            "BRANCH_DIRECT_CALL": 206,
            "BRANCH_INDIRECT_CALL": 91,
            "BRANCH_RETURN": 207
          }
        }
      ],
      "cpu0_L1I": {
        "LOAD": {
          "hit":920568,
          "miss":8054
        },
        "RFO": {
          "hit":0,
          "miss":0
        },
        "PREFETCH": {
          "hit":0,
          "miss":0
        },
        "WRITE": {
          "hit":0,
          "miss":0
        },
        "TRANSLATION": {
          "hit":0,
          "miss":0
        },
        "mshr full": 0,
        "prefetch requested": 0,
        "prefetch issued": 0,
        "prefetch filled": 0,
        "prefetch useful": 0,
        "prefetch useless": 0,
        "prefetch late": 0,
        "pf_useful_at_l2_from_l1":          0,
        "pf_late_at_l2_from_l1":          0,
        "pf_useless_at_l2_from_l1":          0,
        "pf_at_l2_to_l1":          0,
        "pf_fill_this_level":          0,
        "miss latency": 0.981268,
        "cache queues": {
          "PQ_ACCESS": 0,
          "PQ_FULL": 0,
          "PQ_TO_CACHE": 0,
          "PQ_MERGED": 0,
          "RQ_ACCESS": 929048,
          "RQ_MERGED": 426,
          "RQ_FULL": 0,
          "WQ_ACCESS": 0,
          "WQ_MERGED": 0,
          "WQ_FULL": 0
        }
      },
      "cpu0_ITLB": {
        "LOAD": {
          "hit":816456,
          "miss":2890
        },
        "RFO": {
          "hit":0,
          "miss":0
        },
        "PREFETCH": {
          "hit":0,
          "miss":0
        },
        "WRITE": {
          "hit":0,
          "miss":0
        },
        "TRANSLATION": {
          "hit":0,
          "miss":0
        },
        "mshr full": 0,
        "prefetch requested": 0,
        "prefetch issued": 0,
        "prefetch filled": 0,
        "prefetch useful": 0,
        "prefetch useless": 0,
        "prefetch late": 0,
        "pf_useful_at_l2_from_l1":          0,
        "pf_late_at_l2_from_l1":          0,
        "pf_useless_at_l2_from_l1":          0,
        "pf_at_l2_to_l1":          0,
        "pf_fill_this_level":          0,
        "miss latency": 0.192712,
        "cache queues": {
          "PQ_ACCESS": 0,
          "PQ_FULL": 0,
          "PQ_TO_CACHE": 0,
          "PQ_MERGED": 0,
          "RQ_ACCESS": 819346,
          "RQ_MERGED": 0,
          "RQ_FULL": 0,
          "WQ_ACCESS": 0,
          "WQ_MERGED": 0,
          "WQ_FULL": 0
        }
      },
      "cpu0_DTLB": {
        "LOAD": {
          "hit":74841702,
          "miss":52357
        },
        "RFO": {
          "hit":0,
          "miss":0
        },
        "PREFETCH": {
          "hit":0,
          "miss":0
        },
        "WRITE": {
          "hit":0,
          "miss":0
        },
        "TRANSLATION": {
          "hit":0,
          "miss":0
        },
        "mshr full": 0,
        "prefetch requested": 0,
        "prefetch issued": 0,
        "prefetch filled": 0,
        "prefetch useful": 0,
        "prefetch useless": 0,
        "prefetch late": 0,
        "pf_useful_at_l2_from_l1":          0,
        "pf_late_at_l2_from_l1":          0,
        "pf_useless_at_l2_from_l1":          0,
        "pf_at_l2_to_l1":          0,
        "pf_fill_this_level":          0,
        "miss latency": 0.743362,
        "cache queues": {
          "PQ_ACCESS": 0,
          "PQ_FULL": 0,
          "PQ_TO_CACHE": 0,
          "PQ_MERGED": 0,
          "RQ_ACCESS": 76918913,
          "RQ_MERGED": 0,
          "RQ_FULL": 2024854,
          "WQ_ACCESS": 0,
          "WQ_MERGED": 0,
          "WQ_FULL": 0
        }
      },
      "cpu0_STLB": {
        "LOAD": {
          "hit":26607,
          "miss":1113
        },
        "RFO": {
          "hit":0,
          "miss":0
        },
        "PREFETCH": {
          "hit":0,
          "miss":0
        },
        "WRITE": {
          "hit":0,
          "miss":0
        },
        "TRANSLATION": {
          "hit":0,
          "miss":0
        },
        "mshr full": 0,
        "prefetch requested": 0,
        "prefetch issued": 0,
        "prefetch filled": 0,
        "prefetch useful": 0,
        "prefetch useless": 0,
        "prefetch late": 0,
        "pf_useful_at_l2_from_l1":          0,
        "pf_late_at_l2_from_l1":          0,
        "pf_useless_at_l2_from_l1":          0,
        "pf_at_l2_to_l1":          0,
        "pf_fill_this_level":          0,
        "miss latency": 22.9128,
        "cache queues": {
          "PQ_ACCESS": 0,
          "PQ_FULL": 0,
          "PQ_TO_CACHE": 0,
          "PQ_MERGED": 0,
          "RQ_ACCESS": 27720,
          "RQ_MERGED": 0,
          "RQ_FULL": 0,
          "WQ_ACCESS": 0,
          "WQ_MERGED": 0,
          "WQ_FULL": 0
        }
      },
      "cpu0_L1D": {
        "LOAD": {
          "hit":31383844,
          "miss":27107
        },
        "RFO": {
          "hit":0,
          "miss":0
        },
        "PREFETCH": {
          "hit":31918,
          "miss":70446
        },
        "WRITE": {
          "hit":43901567,
          "miss":1778
        },
        "TRANSLATION": {
          "hit":114,
          "miss":1090
        },
        "mshr full": 0,
        "prefetch requested": 102369,
        "prefetch issued": 102369,
        "prefetch filled": 321,
        "prefetch useful": 108,
        "prefetch useless": 317,
        "prefetch late": 14,
        "pf_useful_at_l2_from_l1":          0,
        "pf_late_at_l2_from_l1":          0,
        "pf_useless_at_l2_from_l1":          0,
        "pf_at_l2_to_l1":          0,
        "pf_fill_this_level":        321,
        "miss latency": 2.52661,
        "cache queues": {
          "PQ_ACCESS": 102369,
          "PQ_FULL": 0,
          "PQ_TO_CACHE": 102369,
          "PQ_MERGED": 5,
          "RQ_ACCESS": 31411898,
          "RQ_MERGED": 945,
          "RQ_FULL": 0,
          "WQ_ACCESS": 43903354,
          "WQ_MERGED": 7,
          "WQ_FULL": 0
        }
      },
      "cpu0_L2C": {
        "LOAD": {
          "hit":11392,
          "miss":6858
        },
        "RFO": {
          "hit":106,
          "miss":357
        },
        "PREFETCH": {
          "hit":46030,
          "miss":23372
        },
        "WRITE": {
          "hit":628,
          "miss":0
        },
        "TRANSLATION": {
          "hit":376,
          "miss":714
        },
        "mshr full": 7898,
        "prefetch requested": 0,
        "prefetch issued": 0,
        "prefetch filled": 22690,
        "prefetch useful": 0,
        "prefetch useless": 0,
        "prefetch late": 0,
        "pf_useful_at_l2_from_l1":       6258,
        "pf_late_at_l2_from_l1":        667,
        "pf_useless_at_l2_from_l1":      13528,
        "pf_at_l2_to_l1":         64,
        "pf_fill_this_level":      22459,
        "miss latency": 39.7615,
        "cache queues": {
          "PQ_ACCESS": 69545,
          "PQ_FULL": 141,
          "PQ_TO_CACHE": 69404,
          "PQ_MERGED": 2,
          "RQ_ACCESS": 19803,
          "RQ_MERGED": 0,
          "RQ_FULL": 0,
          "WQ_ACCESS": 637,
          "WQ_MERGED": 0,
          "WQ_FULL": 0
        }
      },
      "LLC": {
        "LOAD": {
          "hit": [505],
          "miss": [5687]
        },
        "RFO": {
          "hit": [9],
          "miss": [347]
        },
        "PREFETCH": {
          "hit": [1159],
          "miss": [22198]
        },
        "WRITE": {
          "hit": [421],
          "miss": [0]
        },
        "TRANSLATION": {
          "hit": [210],
          "miss": [504]
        },
        "mshr full": 0,
        "prefetch requested": 0,
        "prefetch issued": 0,
        "prefetch filled": 22198,
        "prefetch useful": 0,
        "prefetch useless": 0,
        "prefetch late": 0,
        "pf_useful_at_l2_from_l1":          0,
        "pf_late_at_l2_from_l1":          0,
        "pf_useless_at_l2_from_l1":          0,
        "pf_at_l2_to_l1":          3,
        "pf_fill_this_level":          0,
        "miss latency": 41.7878,
        "cache queues": {
          "PQ_ACCESS": 23357,
          "PQ_FULL": 0,
          "PQ_TO_CACHE": 23357,
          "PQ_MERGED": 0,
          "RQ_ACCESS": 7262,
          "RQ_MERGED": 0,
          "RQ_FULL": 0,
          "WQ_ACCESS": 421,
          "WQ_MERGED": 0,
          "WQ_FULL": 0
        }
      },
      "DRAM": [
        {
          "RQ ROW_BUFFER_HIT": 16177,
          "RQ ROW_BUFFER_MISS": 12559,
          "PQ FULL": 0,
          "WQ ROW_BUFFER_HIT": 8,
          "WQ ROW_BUFFER_MISS": 31,
          "WQ FULL": 0,
          "AVG DBUS CONGESTED CYCLE": 3.94102
        }
      ]

    },
    "sim": {
      "cores": [
        {
          "instructions": 200000004,
          "cycles": 60587185,
          "Avg ROB occupancy at mispredict": 93.2493, 
          "mispredict": {
            "BRANCH_DIRECT_JUMP": 4876,
            "BRANCH_INDIRECT": 49861,
            "BRANCH_CONDITIONAL": 489502,
            "BRANCH_DIRECT_CALL": 206,
            "BRANCH_INDIRECT_CALL": 91,
            "BRANCH_RETURN": 207
          }
        }
      ],
      "cpu0_L1I": {
        "LOAD": {
          "hit":920568,
          "miss":8054
        },
        "RFO": {
          "hit":0,
          "miss":0
        },
        "PREFETCH": {
          "hit":0,
          "miss":0
        },
        "WRITE": {
          "hit":0,
          "miss":0
        },
        "TRANSLATION": {
          "hit":0,
          "miss":0
        },
        "mshr full": 0,
        "prefetch requested": 0,
        "prefetch issued": 0,
        "prefetch filled": 0,
        "prefetch useful": 0,
        "prefetch useless": 0,
        "prefetch late": 0,
        "pf_useful_at_l2_from_l1":          0,
        "pf_late_at_l2_from_l1":          0,
        "pf_useless_at_l2_from_l1":          0,
        "pf_at_l2_to_l1":          0,
        "pf_fill_this_level":          0,
        "miss latency": 0.981268,
        "cache queues": {
          "PQ_ACCESS": 0,
          "PQ_FULL": 0,
          "PQ_TO_CACHE": 0,
          "PQ_MERGED": 0,
          "RQ_ACCESS": 929048,
          "RQ_MERGED": 426,
          "RQ_FULL": 0,
          "WQ_ACCESS": 0,
          "WQ_MERGED": 0,
          "WQ_FULL": 0
        }
      },
      "cpu0_ITLB": {
        "LOAD": {
          "hit":816456,
          "miss":2890
        },
        "RFO": {
          "hit":0,
          "miss":0
        },
        "PREFETCH": {
          "hit":0,
          "miss":0
        },
        "WRITE": {
          "hit":0,
          "miss":0
        },
        "TRANSLATION": {
          "hit":0,
          "miss":0
        },
        "mshr full": 0,
        "prefetch requested": 0,
        "prefetch issued": 0,
        "prefetch filled": 0,
        "prefetch useful": 0,
        "prefetch useless": 0,
        "prefetch late": 0,
        "pf_useful_at_l2_from_l1":          0,
        "pf_late_at_l2_from_l1":          0,
        "pf_useless_at_l2_from_l1":          0,
        "pf_at_l2_to_l1":          0,
        "pf_fill_this_level":          0,
        "miss latency": 0.192712,
        "cache queues": {
          "PQ_ACCESS": 0,
          "PQ_FULL": 0,
          "PQ_TO_CACHE": 0,
          "PQ_MERGED": 0,
          "RQ_ACCESS": 819346,
          "RQ_MERGED": 0,
          "RQ_FULL": 0,
          "WQ_ACCESS": 0,
          "WQ_MERGED": 0,
          "WQ_FULL": 0
        }
      },
      "cpu0_DTLB": {
        "LOAD": {
          "hit":74841702,
          "miss":52357
        },
        "RFO": {
          "hit":0,
          "miss":0
        },
        "PREFETCH": {
          "hit":0,
          "miss":0
        },
        "WRITE": {
          "hit":0,
          "miss":0
        },
        "TRANSLATION": {
          "hit":0,
          "miss":0
        },
        "mshr full": 0,
        "prefetch requested": 0,
        "prefetch issued": 0,
        "prefetch filled": 0,
        "prefetch useful": 0,
        "prefetch useless": 0,
        "prefetch late": 0,
        "pf_useful_at_l2_from_l1":          0,
        "pf_late_at_l2_from_l1":          0,
        "pf_useless_at_l2_from_l1":          0,
        "pf_at_l2_to_l1":          0,
        "pf_fill_this_level":          0,
        "miss latency": 0.743362,
        "cache queues": {
          "PQ_ACCESS": 0,
          "PQ_FULL": 0,
          "PQ_TO_CACHE": 0,
          "PQ_MERGED": 0,
          "RQ_ACCESS": 76918913,
          "RQ_MERGED": 0,
          "RQ_FULL": 2024854,
          "WQ_ACCESS": 0,
          "WQ_MERGED": 0,
          "WQ_FULL": 0
        }
      },
      "cpu0_STLB": {
        "LOAD": {
          "hit":26607,
          "miss":1113
        },
        "RFO": {
          "hit":0,
          "miss":0
        },
        "PREFETCH": {
          "hit":0,
          "miss":0
        },
        "WRITE": {
          "hit":0,
          "miss":0
        },
        "TRANSLATION": {
          "hit":0,
          "miss":0
        },
        "mshr full": 0,
        "prefetch requested": 0,
        "prefetch issued": 0,
        "prefetch filled": 0,
        "prefetch useful": 0,
        "prefetch useless": 0,
        "prefetch late": 0,
        "pf_useful_at_l2_from_l1":          0,
        "pf_late_at_l2_from_l1":          0,
        "pf_useless_at_l2_from_l1":          0,
        "pf_at_l2_to_l1":          0,
        "pf_fill_this_level":          0,
        "miss latency": 22.9128,
        "cache queues": {
          "PQ_ACCESS": 0,
          "PQ_FULL": 0,
          "PQ_TO_CACHE": 0,
          "PQ_MERGED": 0,
          "RQ_ACCESS": 27720,
          "RQ_MERGED": 0,
          "RQ_FULL": 0,
          "WQ_ACCESS": 0,
          "WQ_MERGED": 0,
          "WQ_FULL": 0
        }
      },
      "cpu0_L1D": {
        "LOAD": {
          "hit":31383844,
          "miss":27107
        },
        "RFO": {
          "hit":0,
          "miss":0
        },
        "PREFETCH": {
          "hit":31918,
          "miss":70446
        },
        "WRITE": {
          "hit":43901567,
          "miss":1778
        },
        "TRANSLATION": {
          "hit":114,
          "miss":1090
        },
        "mshr full": 0,
        "prefetch requested": 102369,
        "prefetch issued": 102369,
        "prefetch filled": 321,
        "prefetch useful": 108,
        "prefetch useless": 317,
        "prefetch late": 14,
        "pf_useful_at_l2_from_l1":          0,
        "pf_late_at_l2_from_l1":          0,
        "pf_useless_at_l2_from_l1":          0,
        "pf_at_l2_to_l1":          0,
        "pf_fill_this_level":        321,
        "miss latency": 2.52661,
        "cache queues": {
          "PQ_ACCESS": 102369,
          "PQ_FULL": 0,
          "PQ_TO_CACHE": 102369,
          "PQ_MERGED": 5,
          "RQ_ACCESS": 31411898,
          "RQ_MERGED": 945,
          "RQ_FULL": 0,
          "WQ_ACCESS": 43903354,
          "WQ_MERGED": 7,
          "WQ_FULL": 0
        }
      },
      "cpu0_L2C": {
        "LOAD": {
          "hit":11392,
          "miss":6858
        },
        "RFO": {
          "hit":106,
          "miss":357
        },
        "PREFETCH": {
          "hit":46030,
          "miss":23372
        },
        "WRITE": {
          "hit":628,
          "miss":0
        },
        "TRANSLATION": {
          "hit":376,
          "miss":714
        },
        "mshr full": 7898,
        "prefetch requested": 0,
        "prefetch issued": 0,
        "prefetch filled": 22690,
        "prefetch useful": 0,
        "prefetch useless": 0,
        "prefetch late": 0,
        "pf_useful_at_l2_from_l1":       6258,
        "pf_late_at_l2_from_l1":        667,
        "pf_useless_at_l2_from_l1":      13528,
        "pf_at_l2_to_l1":         64,
        "pf_fill_this_level":      22459,
        "miss latency": 39.7615,
        "cache queues": {
          "PQ_ACCESS": 69545,
          "PQ_FULL": 141,
          "PQ_TO_CACHE": 69404,
          "PQ_MERGED": 2,
          "RQ_ACCESS": 19803,
          "RQ_MERGED": 0,
          "RQ_FULL": 0,
          "WQ_ACCESS": 637,
          "WQ_MERGED": 0,
          "WQ_FULL": 0
        }
      },
      "LLC": {
        "LOAD": {
          "hit": [505],
          "miss": [5687]
        },
        "RFO": {
          "hit": [9],
          "miss": [347]
        },
        "PREFETCH": {
          "hit": [1159],
          "miss": [22198]
        },
        "WRITE": {
          "hit": [421],
          "miss": [0]
        },
        "TRANSLATION": {
          "hit": [210],
          "miss": [504]
        },
        "mshr full": 0,
        "prefetch requested": 0,
        "prefetch issued": 0,
        "prefetch filled": 22198,
        "prefetch useful": 0,
        "prefetch useless": 0,
        "prefetch late": 0,
        "pf_useful_at_l2_from_l1":          0,
        "pf_late_at_l2_from_l1":          0,
        "pf_useless_at_l2_from_l1":          0,
        "pf_at_l2_to_l1":          3,
        "pf_fill_this_level":          0,
        "miss latency": 41.7878,
        "cache queues": {
          "PQ_ACCESS": 23357,
          "PQ_FULL": 0,
          "PQ_TO_CACHE": 23357,
          "PQ_MERGED": 0,
          "RQ_ACCESS": 7262,
          "RQ_MERGED": 0,
          "RQ_FULL": 0,
          "WQ_ACCESS": 421,
          "WQ_MERGED": 0,
          "WQ_FULL": 0
        }
      },
      "DRAM": [
        {
          "RQ ROW_BUFFER_HIT": 16177,
          "RQ ROW_BUFFER_MISS": 12559,
          "PQ FULL": 0,
          "WQ ROW_BUFFER_HIT": 8,
          "WQ ROW_BUFFER_MISS": 31,
          "WQ FULL": 0,
          "AVG DBUS CONGESTED CYCLE": 3.94102
        }
      ]

    }
  }
]
cpu0_ITLB
cpu0_DTLB
cpu0_STLB
Prefetch Request to L1: 2001, Prefetch Request to L2: 100368
Invalid by Eviction: 548
Invalid by Max: 6106
Filter table begin
 ┌────────────────────┬─────────────┐
 | Region             | Offset      |
 ├────────────────────┼─────────────┤
 | 0x0000000000000344 | 5           |
 ├────────────────────┼─────────────┤
 | 0x0000000000000d67 | 6           |
 ├────────────────────┼─────────────┤
 | 0x0000000000000283 | 10          |
 ├────────────────────┼─────────────┤
 | 0x0000000000000298 | 10          |
 ├────────────────────┼─────────────┤
 | 0x00000000000002f4 | 8           |
 ├────────────────────┼─────────────┤
 | 0x0000000000000291 | 31          |
 ├────────────────────┼─────────────┤
 | 0x0000000000000d93 | 31          |
 ├────────────────────┼─────────────┤
 | 0x000000000000025a | 16          |
 ├────────────────────┼─────────────┤
 | 0x000000000000027e | 30          |
 ├────────────────────┼─────────────┤
 | 0x000000000000033b | 30          |
 ├────────────────────┼─────────────┤
 | 0x00000000000002a6 | 23          |
 ├────────────────────┼─────────────┤
 | 0x00000000000002d8 | 16          |
 ├────────────────────┼─────────────┤
 | 0x00000000000002c3 | 7           |
 ├────────────────────┼─────────────┤
 | 0x00000000000002af | 30          |
 ├────────────────────┼─────────────┤
 | 0x0000000000000274 | 12          |
 ├────────────────────┼─────────────┤
 | 0x0000000000000315 | 19          |
 ├────────────────────┼─────────────┤
 | 0x00000000000002b7 | 22          |
 ├────────────────────┼─────────────┤
 | 0x0000000000000d82 | 23          |
 ├────────────────────┼─────────────┤
 | 0x00000000000002c8 | 0           |
 ├────────────────────┼─────────────┤
 | 0x000000000000039f | 8           |
 ├────────────────────┼─────────────┤
 | 0x0000000000000794 | 7           |
 ├────────────────────┼─────────────┤
 | 0x00000000000002bf | 13          |
 ├────────────────────┼─────────────┤
 | 0x00000000000002e5 | 3           |
 ├────────────────────┼─────────────┤
 | 0x0000000000000289 | 15          |
 ├────────────────────┼─────────────┤
 | 0x0000000000000306 | 20          |
 ├────────────────────┼─────────────┤
 | 0x00000000000002cf | 26          |
 ├────────────────────┼─────────────┤
 | 0x0000000000000d78 | 26          |
 ├────────────────────┼─────────────┤
 | 0x0000000000000295 | 2           |
 ├────────────────────┼─────────────┤
 | 0x000000000000035b | 12          |
 ├────────────────────┼─────────────┤
 | 0x0000000000000519 | 1           |
 ├────────────────────┼─────────────┤
 | 0x0000000000000518 | 29          |
 ├────────────────────┼─────────────┤
 | 0x000000000000031b | 17          |
 ├────────────────────┼─────────────┤
 | 0x000000000000032d | 3           |
 ├────────────────────┼─────────────┤
 | 0x0000000000000734 | 26          |
 ├────────────────────┼─────────────┤
 | 0x0000000000000c93 | 26          |
 ├────────────────────┼─────────────┤
 | 0x00000000000009f3 | 11          |
 ├────────────────────┼─────────────┤
 | 0x000000000000025d | 11          |
 ├────────────────────┼─────────────┤
 | 0x0000000000000303 | 20          |
 ├────────────────────┼─────────────┤
 | 0x0000000000000d61 | 28          |
 ├────────────────────┼─────────────┤
 | 0x0000000000000d73 | 0           |
 ├────────────────────┼─────────────┤
 | 0x00000000000002cd | 10          |
 ├────────────────────┼─────────────┤
 | 0x0000000000000319 | 8           |
 ├────────────────────┼─────────────┤
 | 0x00000000000002a9 | 26          |
 ├────────────────────┼─────────────┤
 | 0x000000000000032f | 8           |
 ├────────────────────┼─────────────┤
 | 0x000000000000030b | 27          |
 ├────────────────────┼─────────────┤
 | 0x00000000000002f3 | 9           |
 ├────────────────────┼─────────────┤
 | 0x0000000000000d95 | 0           |
 ├────────────────────┼─────────────┤
 | 0x00000000000002fa | 25          |
 └────────────────────┴─────────────┘
Filter table end
Accumulation table begin
 ┌────────────────────┬─────────────┬─────────────┬──────────────────────────────────────────────────────────────────┐
 | Region             | Offset      | Second      | Pattern                                                          |
 ├────────────────────┼─────────────┼─────────────┼──────────────────────────────────────────────────────────────────┤
 | 0x00000000000002bc | 0           | 1           | 1 1 1 1 1 1 1 1 1 1 1 1 1 1 1 1 1 1 1 1 1 1 1 1 1 1 1 1 0 0 0 0  |
 ├────────────────────┼─────────────┼─────────────┼──────────────────────────────────────────────────────────────────┤
 | 0x0000000000000363 | 9           | 10          | 0 0 0 0 0 0 0 0 0 1 1 0 0 0 0 0 0 0 0 0 0 0 0 0 0 0 0 0 0 0 0 0  |
 ├────────────────────┼─────────────┼─────────────┼──────────────────────────────────────────────────────────────────┤
 | 0x0000000000000229 | 0           | 1           | 1 1 0 0 0 0 0 0 0 0 0 0 0 0 0 0 0 0 0 0 0 0 0 0 0 0 0 0 0 0 0 0  |
 ├────────────────────┼─────────────┼─────────────┼──────────────────────────────────────────────────────────────────┤
 | 0x0000000000000d92 | 0           | 14          | 1 0 0 0 0 0 0 0 0 0 0 0 0 0 1 0 0 0 0 0 0 0 0 0 0 0 0 0 0 0 0 0  |
 ├────────────────────┼─────────────┼─────────────┼──────────────────────────────────────────────────────────────────┤
 | 0x0000000000000333 | 9           | 10          | 0 0 0 0 0 0 0 0 0 1 1 0 0 0 0 0 0 0 0 0 0 0 0 0 0 0 0 0 0 0 0 0  |
 ├────────────────────┼─────────────┼─────────────┼──────────────────────────────────────────────────────────────────┤
 | 0x0000000000000d94 | 31          | 7           | 0 0 0 0 0 1 1 1 1 0 0 0 0 0 1 1 0 0 0 0 0 0 0 0 0 0 0 0 0 0 0 1  |
 ├────────────────────┼─────────────┼─────────────┼──────────────────────────────────────────────────────────────────┤
 | 0x0000000000000249 | 0           | 1           | 1 1 1 1 0 0 0 0 0 0 0 0 0 0 0 0 0 0 0 0 0 0 0 0 0 0 0 0 0 0 0 0  |
 ├────────────────────┼─────────────┼─────────────┼──────────────────────────────────────────────────────────────────┤
 | 0x0000000000000279 | 3           | 2           | 0 0 1 1 0 0 0 0 0 0 0 0 0 0 0 0 0 0 0 0 0 0 0 0 0 0 0 0 0 0 0 0  |
 ├────────────────────┼─────────────┼─────────────┼──────────────────────────────────────────────────────────────────┤
 | 0x00000000000002c7 | 23          | 24          | 0 0 0 0 0 0 0 0 0 0 0 0 0 0 0 0 0 0 0 0 0 0 0 1 1 1 1 1 1 1 1 1  |
 ├────────────────────┼─────────────┼─────────────┼──────────────────────────────────────────────────────────────────┤
 | 0x000000000000025b | 7           | 6           | 0 0 1 1 1 0 1 1 1 0 0 0 0 0 0 0 0 0 0 0 0 0 0 0 0 0 0 0 0 0 0 0  |
 ├────────────────────┼─────────────┼─────────────┼──────────────────────────────────────────────────────────────────┤
 | 0x0000000000000d98 | 15          | 16          | 1 1 0 0 0 0 0 0 0 1 1 1 1 0 0 1 1 1 1 0 0 1 1 1 0 0 0 1 0 0 0 0  |
 ├────────────────────┼─────────────┼─────────────┼──────────────────────────────────────────────────────────────────┤
 | 0x0000000000000ca3 | 17          | 18          | 0 0 0 0 0 0 0 0 0 0 0 0 0 0 0 0 0 1 1 0 0 0 0 0 0 0 0 0 0 0 0 0  |
 ├────────────────────┼─────────────┼─────────────┼──────────────────────────────────────────────────────────────────┤
 | 0x0000000000000d9b | 27          | 28          | 0 0 0 0 0 0 0 0 0 0 0 0 0 0 0 0 0 0 0 0 0 0 0 0 0 0 0 1 1 0 0 0  |
 ├────────────────────┼─────────────┼─────────────┼──────────────────────────────────────────────────────────────────┤
 | 0x0000000000000258 | 0           | 1           | 1 1 0 0 0 0 0 0 0 0 0 0 0 0 0 0 0 0 0 0 0 0 0 0 0 0 0 0 0 0 0 0  |
 ├────────────────────┼─────────────┼─────────────┼──────────────────────────────────────────────────────────────────┤
 | 0x0000000000000423 | 9           | 13          | 0 0 0 0 0 0 0 0 0 1 0 0 0 1 0 0 0 0 0 0 0 0 0 0 0 0 0 0 0 0 0 0  |
 ├────────────────────┼─────────────┼─────────────┼──────────────────────────────────────────────────────────────────┤
 | 0x00000000000002e3 | 8           | 7           | 0 0 0 0 0 0 0 1 1 0 0 0 1 1 0 0 0 0 0 0 0 0 0 0 0 0 0 0 0 0 0 0  |
 ├────────────────────┼─────────────┼─────────────┼──────────────────────────────────────────────────────────────────┤
 | 0x0000000000000d9c | 12          | 13          | 0 0 0 0 0 0 0 0 0 0 0 1 1 1 0 1 1 0 0 0 0 0 0 0 0 0 0 0 0 0 0 0  |
 ├────────────────────┼─────────────┼─────────────┼──────────────────────────────────────────────────────────────────┤
 | 0x0000000000000d99 | 19          | 20          | 0 0 0 0 0 0 0 0 0 0 0 0 0 0 0 0 0 0 0 1 1 1 0 0 0 0 0 0 0 0 0 0  |
 ├────────────────────┼─────────────┼─────────────┼──────────────────────────────────────────────────────────────────┤
 | 0x00000000000002bb | 27          | 28          | 0 0 0 0 0 0 0 0 0 0 0 0 0 0 0 0 0 0 0 0 0 0 0 0 0 0 0 1 1 1 1 1  |
 ├────────────────────┼─────────────┼─────────────┼──────────────────────────────────────────────────────────────────┤
 | 0x000000000000022b | 19          | 21          | 0 0 0 0 0 0 0 0 0 0 0 0 0 0 0 0 0 1 0 1 1 1 1 0 0 1 0 0 0 0 0 1  |
 ├────────────────────┼─────────────┼─────────────┼──────────────────────────────────────────────────────────────────┤
 | 0x0000000000000d6a | 13          | 15          | 0 0 0 0 0 0 0 0 0 0 0 0 0 1 1 1 0 0 0 0 0 0 0 0 0 0 0 0 0 0 0 0  |
 ├────────────────────┼─────────────┼─────────────┼──────────────────────────────────────────────────────────────────┤
 | 0x000000000000024d | 9           | 7           | 0 0 0 0 0 0 0 1 0 1 1 0 0 0 0 1 0 0 0 1 0 0 0 0 0 0 0 0 0 0 0 0  |
 ├────────────────────┼─────────────┼─────────────┼──────────────────────────────────────────────────────────────────┤
 | 0x0000000000000272 | 16          | 18          | 0 0 0 0 0 0 0 0 0 0 0 0 0 0 0 0 1 0 1 0 1 1 0 0 0 0 0 0 0 0 0 0  |
 ├────────────────────┼─────────────┼─────────────┼──────────────────────────────────────────────────────────────────┤
 | 0x000000000000024b | 13          | 15          | 0 0 0 0 0 0 0 0 0 0 0 0 0 1 0 1 1 1 1 1 1 1 0 0 0 0 0 0 0 0 0 0  |
 ├────────────────────┼─────────────┼─────────────┼──────────────────────────────────────────────────────────────────┤
 | 0x0000000000000228 | 0           | 13          | 1 1 0 1 0 0 1 1 1 0 0 0 0 1 0 1 1 1 0 0 0 0 0 0 0 1 0 0 0 0 1 1  |
 ├────────────────────┼─────────────┼─────────────┼──────────────────────────────────────────────────────────────────┤
 | 0x000000000000023a | 4           | 0           | 1 0 0 0 1 0 0 0 0 0 0 0 0 0 0 0 0 0 0 0 0 0 0 0 0 0 0 0 0 0 0 0  |
 ├────────────────────┼─────────────┼─────────────┼──────────────────────────────────────────────────────────────────┤
 | 0x000000000000023f | 15          | 16          | 1 1 1 1 1 1 1 1 1 1 1 1 1 1 1 1 1 1 0 0 0 0 0 0 0 0 0 0 0 0 0 0  |
 ├────────────────────┼─────────────┼─────────────┼──────────────────────────────────────────────────────────────────┤
 | 0x000000000000025c | 19          | 20          | 0 0 0 0 0 0 0 0 0 0 0 0 0 0 0 0 0 0 0 1 1 0 0 0 0 0 0 0 0 0 0 0  |
 ├────────────────────┼─────────────┼─────────────┼──────────────────────────────────────────────────────────────────┤
 | 0x0000000000000281 | 29          | 30          | 0 0 0 0 0 0 0 0 0 0 0 0 0 0 0 0 0 0 0 0 0 0 0 0 0 0 1 1 1 1 1 0  |
 ├────────────────────┼─────────────┼─────────────┼──────────────────────────────────────────────────────────────────┤
 | 0x0000000000000d63 | 1           | 9           | 1 1 0 0 0 0 0 1 0 1 1 0 0 0 0 0 0 0 0 0 0 0 0 0 0 0 0 0 0 0 0 0  |
 ├────────────────────┼─────────────┼─────────────┼──────────────────────────────────────────────────────────────────┤
 | 0x0000000000000239 | 21          | 23          | 0 0 0 0 0 0 0 0 0 0 0 0 0 0 0 0 0 0 0 0 0 1 0 1 0 0 0 0 0 0 0 0  |
 ├────────────────────┼─────────────┼─────────────┼──────────────────────────────────────────────────────────────────┤
 | 0x000000000000027b | 18          | 19          | 0 0 0 0 0 0 0 0 0 0 0 0 0 0 0 0 0 0 1 1 0 0 0 0 0 0 0 0 0 0 0 0  |
 └────────────────────┴─────────────┴─────────────┴──────────────────────────────────────────────────────────────────┘
Accumulation table end
Offset pattern table begin
 ┌────────────────────┬─────────────┬───────────────────────────────────────────────────────────────────────────────────────────────┐
 | Key                | Second      | Pattern                                                                                       |
 ├────────────────────┼─────────────┼───────────────────────────────────────────────────────────────────────────────────────────────┤
 | 0x0000000000000000 | 1           | 28 25 26 25 21 20 20 19 13 14 12 12 12 14 14 13 12 13 13 13 12 12 12 12 6 6 6 6 1 0 0 0       |
 ├────────────────────┼─────────────┼───────────────────────────────────────────────────────────────────────────────────────────────┤
 | 0x0000000000000001 | 0           | 31 13 3 10 9 7 11 12 9 10 7 7 4 4 3 2 2 3 2 1 1 0 0 1 2 1 1 2 2 3 3 16                        |
 ├────────────────────┼─────────────┼───────────────────────────────────────────────────────────────────────────────────────────────┤
 | 0x0000000000000002 | 3           | 27 11 7 8 9 6 9 5 4 5 2 3 3 3 2 4 5 4 2 1 1 2 0 1 3 5 4 5 4 4 8 15                            |
 ├────────────────────┼─────────────┼───────────────────────────────────────────────────────────────────────────────────────────────┤
 | 0x0000000000000003 | 4           | 27 20 17 19 18 18 18 17 16 16 16 16 16 16 16 15 15 15 15 15 15 15 15 15 15 15 15 15 15 0 1 9  |
 ├────────────────────┼─────────────┼───────────────────────────────────────────────────────────────────────────────────────────────┤
 | 0x0000000000000004 | 5           | 27 11 7 8 7 7 8 8 7 8 6 6 6 6 6 5 4 5 4 5 5 4 3 4 4 5 5 4 7 3 6 15                            |
 ├────────────────────┼─────────────┼───────────────────────────────────────────────────────────────────────────────────────────────┤
 | 0x0000000000000005 | 7           | 18 11 4 4 3 2 2 1 2 2 1 1 1 1 0 0 0 0 1 1 0 0 0 0 1 1 0 1 2 3 4 7                             |
 ├────────────────────┼─────────────┼───────────────────────────────────────────────────────────────────────────────────────────────┤
 | 0x0000000000000006 | 2           | 31 15 11 8 6 6 8 6 9 10 3 4 4 3 3 4 0 0 1 3 2 3 2 1 3 4 5 2 1 3 5 15                          |
 ├────────────────────┼─────────────┼───────────────────────────────────────────────────────────────────────────────────────────────┤
 | 0x0000000000000007 | 10          | 31 10 5 18 9 6 6 2 13 2 1 6 5 6 4 0 0 0 0 0 0 0 0 1 1 0 0 0 0 0 0 8                           |
 ├────────────────────┼─────────────┼───────────────────────────────────────────────────────────────────────────────────────────────┤
 | 0x0000000000000008 | 10          | 16 5 1 3 6 6 1 2 3 2 1 1 1 2 1 0 0 0 0 0 0 0 0 0 2 1 1 2 1 1 2 10                             |
 ├────────────────────┼─────────────┼───────────────────────────────────────────────────────────────────────────────────────────────┤
 | 0x0000000000000009 | 3           | 29 25 1 1 1 1 1 1 1 1 0 0 0 0 0 0 0 0 0 0 0 0 0 0 0 0 0 0 0 0 1 3                             |
 ├────────────────────┼─────────────┼───────────────────────────────────────────────────────────────────────────────────────────────┤
 | 0x000000000000000a | 11          | 20 6 6 3 2 4 4 2 2 3 3 3 2 1 2 1 1 0 0 0 0 0 0 0 0 0 0 0 0 1 2 7                              |
 ├────────────────────┼─────────────┼───────────────────────────────────────────────────────────────────────────────────────────────┤
 | 0x000000000000000b | 12          | 25 14 8 9 5 3 6 5 3 5 6 5 4 4 5 3 2 1 2 1 1 4 3 2 2 2 0 1 1 2 9 11                            |
 ├────────────────────┼─────────────┼───────────────────────────────────────────────────────────────────────────────────────────────┤
 | 0x000000000000000c | 16          | 19 1 1 0 14 0 0 0 0 0 0 0 0 0 0 0 0 0 0 0 0 0 0 0 0 0 0 0 0 0 0 3                             |
 ├────────────────────┼─────────────┼───────────────────────────────────────────────────────────────────────────────────────────────┤
 | 0x000000000000000d | 12          | 18 4 13 13 11 11 11 11 10 0 0 0 0 0 1 0 0 0 0 0 0 1 0 0 0 0 1 0 1 2 2 4                       |
 ├────────────────────┼─────────────┼───────────────────────────────────────────────────────────────────────────────────────────────┤
 | 0x000000000000000e | 15          | 27 8 6 8 5 4 7 6 6 8 3 2 5 2 4 2 0 0 1 0 1 1 0 0 0 0 0 0 0 2 4 14                             |
 ├────────────────────┼─────────────┼───────────────────────────────────────────────────────────────────────────────────────────────┤
 | 0x000000000000000f | 13          | 16 9 5 3 4 3 2 1 2 2 1 0 1 0 0 0 0 1 1 2 1 1 1 2 2 2 1 1 1 2 3 6                              |
 ├────────────────────┼─────────────┼───────────────────────────────────────────────────────────────────────────────────────────────┤
 | 0x0000000000000010 | 15          | 20 7 9 6 4 4 4 3 4 2 2 1 2 1 2 3 2 1 2 2 3 3 1 1 1 0 1 1 2 1 3 6                              |
 ├────────────────────┼─────────────┼───────────────────────────────────────────────────────────────────────────────────────────────┤
 | 0x0000000000000011 | 18          | 18 15 1 1 1 0 0 0 1 0 0 0 0 0 0 0 0 0 0 1 1 0 0 0 0 0 0 0 0 0 1 2                             |
 ├────────────────────┼─────────────┼───────────────────────────────────────────────────────────────────────────────────────────────┤
 | 0x0000000000000012 | 19          | 17 14 1 1 0 1 1 0 0 0 0 0 0 0 0 0 0 0 0 0 0 0 0 0 0 0 0 0 0 0 0 2                             |
 ├────────────────────┼─────────────┼───────────────────────────────────────────────────────────────────────────────────────────────┤
 | 0x0000000000000013 | 20          | 22 11 8 0 10 8 1 0 0 0 0 0 0 0 0 0 0 0 0 0 0 0 0 0 0 0 0 0 0 0 0 16                           |
 ├────────────────────┼─────────────┼───────────────────────────────────────────────────────────────────────────────────────────────┤
 | 0x0000000000000014 | 21          | 19 16 1 3 2 0 1 1 0 0 0 0 0 0 0 0 0 0 0 0 0 0 0 0 0 0 0 1 1 1 3 4                             |
 ├────────────────────┼─────────────┼───────────────────────────────────────────────────────────────────────────────────────────────┤
 | 0x0000000000000015 | 20          | 30 3 4 5 3 2 4 3 3 4 2 0 0 0 0 0 0 0 0 0 0 0 0 0 0 0 0 23 21 1 3 26                           |
 ├────────────────────┼─────────────┼───────────────────────────────────────────────────────────────────────────────────────────────┤
 | 0x0000000000000016 | 21          | 19 16 0 0 0 0 1 0 0 0 0 0 0 0 0 0 0 0 0 0 0 0 0 0 0 0 0 0 0 0 0 2                             |
 ├────────────────────┼─────────────┼───────────────────────────────────────────────────────────────────────────────────────────────┤
 | 0x0000000000000017 | 24          | 18 16 16 12 12 9 10 8 10 0 0 0 0 0 0 0 0 0 0 0 0 0 0 0 0 0 0 0 0 1 1 0                        |
 ├────────────────────┼─────────────┼───────────────────────────────────────────────────────────────────────────────────────────────┤
 | 0x0000000000000018 | 23          | 23 10 9 10 7 4 5 6 2 3 1 2 2 2 1 1 1 0 0 0 0 2 1 2 1 1 1 2 3 2 3 15                           |
 ├────────────────────┼─────────────┼───────────────────────────────────────────────────────────────────────────────────────────────┤
 | 0x0000000000000019 | 27          | 16 8 3 5 5 4 4 1 1 1 1 0 0 1 1 1 1 1 2 1 2 2 0 1 1 1 1 1 0 1 3 6                              |
 ├────────────────────┼─────────────┼───────────────────────────────────────────────────────────────────────────────────────────────┤
 | 0x000000000000001a | 0           | 22 1 0 0 0 0 17 0 0 0 0 0 0 0 0 0 0 0 0 0 0 0 0 0 0 0 0 0 1 1 0 2                             |
 ├────────────────────┼─────────────┼───────────────────────────────────────────────────────────────────────────────────────────────┤
 | 0x000000000000001b | 28          | 20 19 8 11 7 0 0 0 0 0 0 0 0 0 0 0 0 0 0 0 0 0 0 0 0 0 1 0 0 0 3 3                            |
 ├────────────────────┼─────────────┼───────────────────────────────────────────────────────────────────────────────────────────────┤
 | 0x000000000000001c | 31          | 25 12 7 9 0 0 1 1 0 1 1 0 0 0 0 0 0 0 1 1 1 1 1 0 0 0 1 1 2 1 3 11                            |
 ├────────────────────┼─────────────┼───────────────────────────────────────────────────────────────────────────────────────────────┤
 | 0x000000000000001d | 30          | 28 21 8 0 0 0 0 1 1 1 1 0 0 0 0 1 0 1 1 0 1 1 0 0 0 0 1 1 0 7 7 13                            |
 ├────────────────────┼─────────────┼───────────────────────────────────────────────────────────────────────────────────────────────┤
 | 0x000000000000001e | 9           | 17 12 0 0 0 0 0 1 1 0 1 1 0 1 2 1 1 2 1 1 2 2 1 1 1 1 1 1 1 3 4 10                            |
 ├────────────────────┼─────────────┼───────────────────────────────────────────────────────────────────────────────────────────────┤
 | 0x000000000000001f | 30          | 30 0 1 0 1 0 0 0 0 0 0 0 0 0 0 0 0 1 0 0 0 0 0 0 0 0 0 1 1 3 4 28                             |
 └────────────────────┴─────────────┴───────────────────────────────────────────────────────────────────────────────────────────────┘
Offset pattern table end
PC pattern table begin
 ┌────────────────────┬─────────────┬─────────────────────────────────────────┐
 | Key                | Second      | Pattern                                 |
 ├────────────────────┼─────────────┼─────────────────────────────────────────┤
 | 0x0000000000000000 | 5           | 19 14 9 7 5 4 3 3 3 3 3 3 2 2 1 1       |
 ├────────────────────┼─────────────┼─────────────────────────────────────────┤
 | 0x0000000000000001 | 15          | 23 13 9 4 4 1 1 0 0 0 1 0 0 1 2 7       |
 ├────────────────────┼─────────────┼─────────────────────────────────────────┤
 | 0x0000000000000002 | 10          | 18 10 0 0 0 0 0 0 0 0 0 0 0 0 1 2       |
 ├────────────────────┼─────────────┼─────────────────────────────────────────┤
 | 0x0000000000000003 | 28          | 17 16 2 1 1 2 1 1 0 0 0 0 0 0 0 1       |
 ├────────────────────┼─────────────┼─────────────────────────────────────────┤
 | 0x0000000000000004 | 19          | 31 17 16 12 9 4 3 2 1 2 1 0 0 1 3 10    |
 ├────────────────────┼─────────────┼─────────────────────────────────────────┤
 | 0x0000000000000005 | 13          | 20 10 3 3 0 0 0 2 2 5 6 6 6 6 6 7       |
 ├────────────────────┼─────────────┼─────────────────────────────────────────┤
 | 0x0000000000000006 | 0           | 23 0 2 20 0 0 0 0 0 0 0 0 0 0 0 0       |
 ├────────────────────┼─────────────┼─────────────────────────────────────────┤
 | 0x0000000000000007 | 5           | 21 18 6 5 2 1 1 2 1 1 1 4 1 1 1 4       |
 ├────────────────────┼─────────────┼─────────────────────────────────────────┤
 | 0x0000000000000008 | 11          | 9 5 3 1 1 1 2 1 1 1 1 1 1 2 2 2         |
 ├────────────────────┼─────────────┼─────────────────────────────────────────┤
 | 0x0000000000000009 | 14          | 24 22 6 3 1 0 0 0 1 1 0 0 0 0 1 1       |
 ├────────────────────┼─────────────┼─────────────────────────────────────────┤
 | 0x000000000000000a | 30          | 28 14 0 0 0 0 0 0 0 0 0 0 0 0 0 11      |
 ├────────────────────┼─────────────┼─────────────────────────────────────────┤
 | 0x000000000000000b | 3           | 24 13 6 2 2 0 0 0 0 0 0 0 0 1 0 2       |
 ├────────────────────┼─────────────┼─────────────────────────────────────────┤
 | 0x000000000000000c | 0           | 28 11 1 0 0 0 0 0 0 0 0 0 2 2 10 9      |
 ├────────────────────┼─────────────┼─────────────────────────────────────────┤
 | 0x000000000000000d | 1           | 18 15 13 3 1 1 2 2 3 3 1 2 2 3 2 5      |
 ├────────────────────┼─────────────┼─────────────────────────────────────────┤
 | 0x000000000000000e | 20          | 20 8 4 4 0 0 0 4 1 1 0 0 0 2 2 7        |
 ├────────────────────┼─────────────┼─────────────────────────────────────────┤
 | 0x000000000000000f | 30          | 24 2 1 1 0 0 0 0 0 0 0 0 0 0 1 0        |
 ├────────────────────┼─────────────┼─────────────────────────────────────────┤
 | 0x0000000000000010 | 10          | 28 5 0 0 0 0 0 0 0 0 0 0 0 0 2 9        |
 ├────────────────────┼─────────────┼─────────────────────────────────────────┤
 | 0x0000000000000011 | 10          | 21 5 8 3 7 1 3 3 0 0 0 0 0 0 0 3        |
 ├────────────────────┼─────────────┼─────────────────────────────────────────┤
 | 0x0000000000000012 | 18          | 6 3 1 0 0 0 0 0 0 0 0 0 0 0 1 3         |
 ├────────────────────┼─────────────┼─────────────────────────────────────────┤
 | 0x0000000000000013 | 22          | 31 9 10 5 3 2 0 1 1 0 1 2 1 1 1 1       |
 ├────────────────────┼─────────────┼─────────────────────────────────────────┤
 | 0x0000000000000014 | 24          | 25 14 12 9 7 6 4 4 4 5 4 4 2 3 2 6      |
 ├────────────────────┼─────────────┼─────────────────────────────────────────┤
 | 0x0000000000000015 | 20          | 23 0 0 0 0 0 0 0 0 0 0 0 0 0 9 8        |
 ├────────────────────┼─────────────┼─────────────────────────────────────────┤
 | 0x0000000000000016 | 30          | 21 13 7 6 6 4 4 3 2 1 3 4 6 6 4 6       |
 ├────────────────────┼─────────────┼─────────────────────────────────────────┤
 | 0x0000000000000017 | 1           | 4 1 1 1 0 0 0 0 0 1 1 2 2 4 2 2         |
 ├────────────────────┼─────────────┼─────────────────────────────────────────┤
 | 0x0000000000000018 | 10          | 17 10 6 0 1 3 2 2 3 3 4 5 4 4 6 10      |
 ├────────────────────┼─────────────┼─────────────────────────────────────────┤
 | 0x0000000000000019 | 7           | 21 2 1 0 0 0 0 0 0 0 0 0 0 0 16 2       |
 ├────────────────────┼─────────────┼─────────────────────────────────────────┤
 | 0x000000000000001a | 19          | 10 6 1 0 0 0 0 1 0 1 1 0 0 2 1 3        |
 ├────────────────────┼─────────────┼─────────────────────────────────────────┤
 | 0x000000000000001b | 24          | 17 16 11 9 7 4 4 4 4 4 4 4 3 3 1 0      |
 ├────────────────────┼─────────────┼─────────────────────────────────────────┤
 | 0x000000000000001c | 15          | 26 19 16 15 14 4 3 3 3 4 4 4 2 2 0 6    |
 ├────────────────────┼─────────────┼─────────────────────────────────────────┤
 | 0x000000000000001d | 3           | 24 5 23 4 3 1 1 1 1 1 1 1 1 1 1 0       |
 ├────────────────────┼─────────────┼─────────────────────────────────────────┤
 | 0x000000000000001e | 21          | 27 23 18 16 14 8 10 10 6 6 6 6 6 3 1 0  |
 ├────────────────────┼─────────────┼─────────────────────────────────────────┤
 | 0x000000000000001f | 12          | 23 4 2 0 0 0 0 0 0 0 0 0 0 0 0 7        |
 └────────────────────┴─────────────┴─────────────────────────────────────────┘
PC pattern table end
Prefetch buffer begin
 ┌────────────────────┬──────────────────────────────────────────────────────────────────┐
 | Region             | Pattern                                                          |
 ├────────────────────┼──────────────────────────────────────────────────────────────────┤
 | 0x0000000000000665 | 2 0 0 0 0 0 0 0 0 0 0 0 0 0 0 0 0 0 0 0 0 0 0 2 0 0 0 0 2 2 2 2  |
 ├────────────────────┼──────────────────────────────────────────────────────────────────┤
 | 0x0000000000000d7a | 0 0 2 2 0 2 2 2 2 2 2 2 2 2 2 2 0 0 0 0 0 0 2 2 2 2 2 2 0 0 0 0  |
 ├────────────────────┼──────────────────────────────────────────────────────────────────┤
 | 0x000000000000082a | 0 0 0 0 0 0 0 0 0 2 2 2 2 2 2 2 2 2 2 2 2 2 2 2 0 0 0 0 2 2 0 0  |
 ├────────────────────┼──────────────────────────────────────────────────────────────────┤
 | 0x0000000000000423 | 0 0 0 0 0 0 0 2 2 0 2 2 2 0 2 2 2 0 0 0 0 0 0 2 2 0 0 0 0 0 0 0  |
 ├────────────────────┼──────────────────────────────────────────────────────────────────┤
 | 0x00000000000009f3 | 2 2 2 0 0 0 0 0 0 2 2 0 0 2 2 2 2 2 2 2 2 2 2 2 2 2 2 2 2 2 2 2  |
 ├────────────────────┼──────────────────────────────────────────────────────────────────┤
 | 0x0000000000000d5d | 0 2 2 2 2 2 2 2 2 2 2 2 2 2 2 2 2 2 2 2 2 2 2 2 0 0 0 0 0 0 2 2  |
 ├────────────────────┼──────────────────────────────────────────────────────────────────┤
 | 0x0000000000000d61 | 2 2 2 2 2 2 2 2 0 0 0 0 0 0 2 2 2 0 0 0 0 0 0 0 0 0 0 0 0 0 0 0  |
 ├────────────────────┼──────────────────────────────────────────────────────────────────┤
 | 0x0000000000000a67 | 2 2 2 2 2 2 2 2 2 2 2 2 2 2 2 2 2 2 2 2 2 2 2 0 0 0 0 0 0 0 2 0  |
 ├────────────────────┼──────────────────────────────────────────────────────────────────┤
 | 0x0000000000000d90 | 0 0 0 0 0 0 0 0 0 0 0 0 0 0 0 0 0 0 0 0 0 0 0 0 0 0 0 0 0 0 2 2  |
 ├────────────────────┼──────────────────────────────────────────────────────────────────┤
 | 0x0000000000000d74 | 2 2 2 2 2 2 2 2 2 2 2 0 0 0 0 0 0 0 0 0 0 0 0 0 0 0 2 2 2 2 2 2  |
 ├────────────────────┼──────────────────────────────────────────────────────────────────┤
 | 0x000000000000033b | 2 2 2 2 0 0 2 2 0 0 0 0 0 0 0 0 0 0 0 0 0 0 0 0 0 0 0 0 0 2 0 2  |
 ├────────────────────┼──────────────────────────────────────────────────────────────────┤
 | 0x000000000000072b | 2 2 2 2 2 2 2 2 2 2 2 2 2 2 2 2 2 2 0 0 0 0 0 0 0 0 0 0 0 0 0 0  |
 ├────────────────────┼──────────────────────────────────────────────────────────────────┤
 | 0x0000000000000668 | 2 2 2 2 2 2 2 2 2 2 2 2 2 2 2 2 2 2 2 0 0 0 0 0 0 2 2 0 0 2 2 2  |
 ├────────────────────┼──────────────────────────────────────────────────────────────────┤
 | 0x000000000000031f | 0 0 0 0 0 0 0 0 0 0 0 0 0 2 0 2 0 2 2 2 0 0 0 2 0 0 0 0 0 0 0 0  |
 ├────────────────────┼──────────────────────────────────────────────────────────────────┤
 | 0x0000000000000bb2 | 2 2 2 2 0 0 0 2 0 2 2 2 2 2 2 2 2 2 2 2 2 2 2 2 2 2 2 2 2 2 2 2  |
 ├────────────────────┼──────────────────────────────────────────────────────────────────┤
 | 0x0000000000000bd4 | 2 2 2 2 2 0 0 0 0 0 0 0 0 0 2 2 2 2 2 2 2 2 2 2 2 2 2 2 2 2 2 2  |
 ├────────────────────┼──────────────────────────────────────────────────────────────────┤
 | 0x0000000000000519 | 0 0 0 2 2 2 0 2 2 2 2 0 0 0 0 0 0 0 0 0 0 0 0 0 0 0 0 0 0 0 0 2  |
 ├────────────────────┼──────────────────────────────────────────────────────────────────┤
 | 0x00000000000003b0 | 2 2 2 2 0 0 0 2 0 2 2 2 2 2 2 2 2 2 2 2 2 2 2 2 2 2 2 2 2 2 2 2  |
 ├────────────────────┼──────────────────────────────────────────────────────────────────┤
 | 0x00000000000004e9 | 0 0 0 0 0 0 0 0 0 0 0 0 0 0 2 2 2 2 2 2 2 0 0 0 0 0 0 0 0 0 0 0  |
 ├────────────────────┼──────────────────────────────────────────────────────────────────┤
 | 0x0000000000000c0a | 0 0 0 0 0 0 0 2 2 0 2 2 2 2 2 2 2 2 2 2 2 0 0 0 0 0 0 0 0 0 0 0  |
 ├────────────────────┼──────────────────────────────────────────────────────────────────┤
 | 0x0000000000000518 | 0 2 2 0 0 0 0 0 0 0 0 0 0 0 0 0 0 0 0 0 0 0 0 0 0 0 0 0 0 0 0 0  |
 ├────────────────────┼──────────────────────────────────────────────────────────────────┤
 | 0x0000000000000854 | 2 2 2 2 2 2 2 2 0 0 0 0 0 0 0 2 0 2 2 2 2 2 2 2 2 2 2 2 2 2 2 2  |
 ├────────────────────┼──────────────────────────────────────────────────────────────────┤
 | 0x0000000000000c93 | 2 2 2 2 2 2 0 0 0 0 0 0 2 2 2 2 2 2 0 0 0 0 0 0 0 0 0 0 0 0 0 0  |
 ├────────────────────┼──────────────────────────────────────────────────────────────────┤
 | 0x0000000000000c28 | 0 0 0 0 0 0 0 0 0 0 0 0 0 0 0 0 0 2 2 2 2 2 2 2 0 0 2 2 0 0 2 2  |
 └────────────────────┴──────────────────────────────────────────────────────────────────┘
Prefetch buffer end
Filter by PPT: 0
cpu0_L2C
Num Con Filled: 0
Num Con Useful: 0 Useless:0 Accuracy: nan
LLC
