41 41 41
Available num physical pages: 35184372088576
WARNING: physical memory size is smaller than virtual memory size

*** ChampSim Multicore Out-of-Order Simulator ***

Warmup Instructions: 5000000
Simulation Instructions: 5000000
Number of CPUs: 1
Page size: 4096

Basic BTB sets: 1024 ways: 8 indirect buffer size: 4096 RAS size: 64
cpu0_L1D PMP prefetcher
Off-chip DRAM Size: 4 GiB Channels: 1 Width: 64-bit Data Rate: 3200 MT/s
Max paddr 8M
Warmup finished CPU 0 instructions: 5000000 cycles: 1272036 cumulative IPC: 3.93071 (Simulation time: 0 hr 2 min 21 sec) 

Warmup complete CPU 0 instructions: 5000000 cycles: 1272036 (Simulation time: 0 hr 2 min 21 sec) 

Heartbeat CPU 0 instructions: 10000000 cycles: 3827916 heartbeat IPC: 2.61239 cumulative IPC: 1.95628 (Simulation time: 0 hr 6 min 16 sec) 
Max paddr 8M
Simulation finished CPU 0 instructions: 5000000 cycles: 2555881 cumulative IPC: 1.95628 (Simulation time: 0 hr 6 min 16 sec) 

Simulation complete CPU 0 instructions: 5000000 cycles: 2555881 (Simulation time: 0 hr 6 min 16 sec) 


ChampSim completed all CPUs

[
  {
    "name": "Simulation",
    "traces": [
      "../traces/482.sphinx3-1522B.champsimtrace.xz"
    ],
    "roi": {
      "cores": [
        {
          "instructions": 5000000,
          "cycles": 2555881,
          "Avg ROB occupancy at mispredict": 153.431, 
          "mispredict": {
            "BRANCH_DIRECT_JUMP": 0,
            "BRANCH_INDIRECT": 0,
            "BRANCH_CONDITIONAL": 17502,
            "BRANCH_DIRECT_CALL": 0,
            "BRANCH_INDIRECT_CALL": 0,
            "BRANCH_RETURN": 4
          }
        }
      ],
      "cpu0_L1I": {
        "LOAD": {
          "hit":518,
          "miss":0
        },
        "RFO": {
          "hit":0,
          "miss":0
        },
        "PREFETCH": {
          "hit":0,
          "miss":0
        },
        "WRITE": {
          "hit":0,
          "miss":0
        },
        "TRANSLATION": {
          "hit":0,
          "miss":0
        },
        "mshr full": 0,
        "prefetch requested": 0,
        "prefetch issued": 0,
        "prefetch filled": 0,
        "prefetch useful": 0,
        "prefetch useless": 0,
        "prefetch late": 0,
        "pf_useful_at_l2_from_l1":          0,
        "pf_late_at_l2_from_l1":          0,
        "pf_useless_at_l2_from_l1":          0,
        "pf_at_l2_to_l1":          0,
        "pf_fill_this_level":          0,
        "miss latency": null,
        "cache queues": {
          "PQ_ACCESS": 0,
          "PQ_FULL": 0,
          "PQ_TO_CACHE": 0,
          "PQ_MERGED": 0,
          "RQ_ACCESS": 539,
          "RQ_MERGED": 21,
          "RQ_FULL": 0,
          "WQ_ACCESS": 0,
          "WQ_MERGED": 0,
          "WQ_FULL": 0
        }
      },
      "cpu0_ITLB": {
        "LOAD": {
          "hit":408,
          "miss":0
        },
        "RFO": {
          "hit":0,
          "miss":0
        },
        "PREFETCH": {
          "hit":0,
          "miss":0
        },
        "WRITE": {
          "hit":0,
          "miss":0
        },
        "TRANSLATION": {
          "hit":0,
          "miss":0
        },
        "mshr full": 0,
        "prefetch requested": 0,
        "prefetch issued": 0,
        "prefetch filled": 0,
        "prefetch useful": 0,
        "prefetch useless": 0,
        "prefetch late": 0,
        "pf_useful_at_l2_from_l1":          0,
        "pf_late_at_l2_from_l1":          0,
        "pf_useless_at_l2_from_l1":          0,
        "pf_at_l2_to_l1":          0,
        "pf_fill_this_level":          0,
        "miss latency": null,
        "cache queues": {
          "PQ_ACCESS": 0,
          "PQ_FULL": 0,
          "PQ_TO_CACHE": 0,
          "PQ_MERGED": 0,
          "RQ_ACCESS": 408,
          "RQ_MERGED": 0,
          "RQ_FULL": 0,
          "WQ_ACCESS": 0,
          "WQ_MERGED": 0,
          "WQ_FULL": 0
        }
      },
      "cpu0_DTLB": {
        "LOAD": {
          "hit":1323122,
          "miss":27829
        },
        "RFO": {
          "hit":0,
          "miss":0
        },
        "PREFETCH": {
          "hit":0,
          "miss":0
        },
        "WRITE": {
          "hit":0,
          "miss":0
        },
        "TRANSLATION": {
          "hit":0,
          "miss":0
        },
        "mshr full": 3,
        "prefetch requested": 0,
        "prefetch issued": 0,
        "prefetch filled": 0,
        "prefetch useful": 0,
        "prefetch useless": 0,
        "prefetch late": 0,
        "pf_useful_at_l2_from_l1":          0,
        "pf_late_at_l2_from_l1":          0,
        "pf_useless_at_l2_from_l1":          0,
        "pf_at_l2_to_l1":          0,
        "pf_fill_this_level":          0,
        "miss latency": 0.668076,
        "cache queues": {
          "PQ_ACCESS": 0,
          "PQ_FULL": 0,
          "PQ_TO_CACHE": 0,
          "PQ_MERGED": 0,
          "RQ_ACCESS": 1351464,
          "RQ_MERGED": 0,
          "RQ_FULL": 511,
          "WQ_ACCESS": 0,
          "WQ_MERGED": 0,
          "WQ_FULL": 0
        }
      },
      "cpu0_STLB": {
        "LOAD": {
          "hit":4505,
          "miss":1743
        },
        "RFO": {
          "hit":0,
          "miss":0
        },
        "PREFETCH": {
          "hit":0,
          "miss":0
        },
        "WRITE": {
          "hit":0,
          "miss":0
        },
        "TRANSLATION": {
          "hit":0,
          "miss":0
        },
        "mshr full": 0,
        "prefetch requested": 0,
        "prefetch issued": 0,
        "prefetch filled": 0,
        "prefetch useful": 0,
        "prefetch useless": 0,
        "prefetch late": 0,
        "pf_useful_at_l2_from_l1":          0,
        "pf_late_at_l2_from_l1":          0,
        "pf_useless_at_l2_from_l1":          0,
        "pf_at_l2_to_l1":          0,
        "pf_fill_this_level":          0,
        "miss latency": 8.7968,
        "cache queues": {
          "PQ_ACCESS": 0,
          "PQ_FULL": 0,
          "PQ_TO_CACHE": 0,
          "PQ_MERGED": 0,
          "RQ_ACCESS": 6248,
          "RQ_MERGED": 0,
          "RQ_FULL": 0,
          "WQ_ACCESS": 0,
          "WQ_MERGED": 0,
          "WQ_FULL": 0
        }
      },
      "cpu0_L1D": {
        "LOAD": {
          "hit":1030844,
          "miss":234263
        },
        "RFO": {
          "hit":0,
          "miss":0
        },
        "PREFETCH": {
          "hit":3219,
          "miss":91923
        },
        "WRITE": {
          "hit":52638,
          "miss":29552
        },
        "TRANSLATION": {
          "hit":718,
          "miss":982
        },
        "mshr full": 29153,
        "prefetch requested": 95144,
        "prefetch issued": 95144,
        "prefetch filled": 19764,
        "prefetch useful": 20981,
        "prefetch useless": 453,
        "prefetch late": 1656,
        "pf_useful_at_l2_from_l1":          0,
        "pf_late_at_l2_from_l1":          0,
        "pf_useless_at_l2_from_l1":          0,
        "pf_at_l2_to_l1":          0,
        "pf_fill_this_level":      19764,
        "miss latency": 2.05836,
        "cache queues": {
          "PQ_ACCESS": 95144,
          "PQ_FULL": 0,
          "PQ_TO_CACHE": 95144,
          "PQ_MERGED": 2,
          "RQ_ACCESS": 1282321,
          "RQ_MERGED": 3754,
          "RQ_FULL": 13455,
          "WQ_ACCESS": 87114,
          "WQ_MERGED": 0,
          "WQ_FULL": 4922
        }
      },
      "cpu0_L2C": {
        "LOAD": {
          "hit":33280,
          "miss":11811
        },
        "RFO": {
          "hit":216,
          "miss":3925
        },
        "PREFETCH": {
          "hit":15692,
          "miss":75255
        },
        "WRITE": {
          "hit":4429,
          "miss":0
        },
        "TRANSLATION": {
          "hit":309,
          "miss":673
        },
        "mshr full": 259275,
        "prefetch requested": 0,
        "prefetch issued": 0,
        "prefetch filled": 73152,
        "prefetch useful": 0,
        "prefetch useless": 0,
        "prefetch late": 0,
        "pf_useful_at_l2_from_l1":      27777,
        "pf_late_at_l2_from_l1":       2005,
        "pf_useless_at_l2_from_l1":      27196,
        "pf_at_l2_to_l1":         39,
        "pf_fill_this_level":      52747,
        "miss latency": 54.4867,
        "cache queues": {
          "PQ_ACCESS": 138750,
          "PQ_FULL": 47800,
          "PQ_TO_CACHE": 90950,
          "PQ_MERGED": 0,
          "RQ_ACCESS": 50216,
          "RQ_MERGED": 0,
          "RQ_FULL": 0,
          "WQ_ACCESS": 4434,
          "WQ_MERGED": 0,
          "WQ_FULL": 0
        }
      },
      "LLC": {
        "LOAD": {
          "hit": [1822],
          "miss": [7985]
        },
        "RFO": {
          "hit": [570],
          "miss": [3353]
        },
        "PREFETCH": {
          "hit": [2675],
          "miss": [72483]
        },
        "WRITE": {
          "hit": [1879],
          "miss": [0]
        },
        "TRANSLATION": {
          "hit": [129],
          "miss": [544]
        },
        "mshr full": 0,
        "prefetch requested": 0,
        "prefetch issued": 0,
        "prefetch filled": 72482,
        "prefetch useful": 0,
        "prefetch useless": 0,
        "prefetch late": 0,
        "pf_useful_at_l2_from_l1":          0,
        "pf_late_at_l2_from_l1":          0,
        "pf_useless_at_l2_from_l1":          0,
        "pf_at_l2_to_l1":        125,
        "pf_fill_this_level":          0,
        "miss latency": 60.6682,
        "cache queues": {
          "PQ_ACCESS": 75158,
          "PQ_FULL": 0,
          "PQ_TO_CACHE": 75158,
          "PQ_MERGED": 0,
          "RQ_ACCESS": 14404,
          "RQ_MERGED": 0,
          "RQ_FULL": 0,
          "WQ_ACCESS": 1881,
          "WQ_MERGED": 0,
          "WQ_FULL": 0
        }
      },
      "DRAM": [
        {
          "RQ ROW_BUFFER_HIT": 66891,
          "RQ ROW_BUFFER_MISS": 17472,
          "PQ FULL": 0,
          "WQ ROW_BUFFER_HIT": 265,
          "WQ ROW_BUFFER_MISS": 679,
          "WQ FULL": 0,
          "AVG DBUS CONGESTED CYCLE": 3.97811
        }
      ]

    },
    "sim": {
      "cores": [
        {
          "instructions": 5000000,
          "cycles": 2555881,
          "Avg ROB occupancy at mispredict": 153.431, 
          "mispredict": {
            "BRANCH_DIRECT_JUMP": 0,
            "BRANCH_INDIRECT": 0,
            "BRANCH_CONDITIONAL": 17502,
            "BRANCH_DIRECT_CALL": 0,
            "BRANCH_INDIRECT_CALL": 0,
            "BRANCH_RETURN": 4
          }
        }
      ],
      "cpu0_L1I": {
        "LOAD": {
          "hit":518,
          "miss":0
        },
        "RFO": {
          "hit":0,
          "miss":0
        },
        "PREFETCH": {
          "hit":0,
          "miss":0
        },
        "WRITE": {
          "hit":0,
          "miss":0
        },
        "TRANSLATION": {
          "hit":0,
          "miss":0
        },
        "mshr full": 0,
        "prefetch requested": 0,
        "prefetch issued": 0,
        "prefetch filled": 0,
        "prefetch useful": 0,
        "prefetch useless": 0,
        "prefetch late": 0,
        "pf_useful_at_l2_from_l1":          0,
        "pf_late_at_l2_from_l1":          0,
        "pf_useless_at_l2_from_l1":          0,
        "pf_at_l2_to_l1":          0,
        "pf_fill_this_level":          0,
        "miss latency": null,
        "cache queues": {
          "PQ_ACCESS": 0,
          "PQ_FULL": 0,
          "PQ_TO_CACHE": 0,
          "PQ_MERGED": 0,
          "RQ_ACCESS": 539,
          "RQ_MERGED": 21,
          "RQ_FULL": 0,
          "WQ_ACCESS": 0,
          "WQ_MERGED": 0,
          "WQ_FULL": 0
        }
      },
      "cpu0_ITLB": {
        "LOAD": {
          "hit":408,
          "miss":0
        },
        "RFO": {
          "hit":0,
          "miss":0
        },
        "PREFETCH": {
          "hit":0,
          "miss":0
        },
        "WRITE": {
          "hit":0,
          "miss":0
        },
        "TRANSLATION": {
          "hit":0,
          "miss":0
        },
        "mshr full": 0,
        "prefetch requested": 0,
        "prefetch issued": 0,
        "prefetch filled": 0,
        "prefetch useful": 0,
        "prefetch useless": 0,
        "prefetch late": 0,
        "pf_useful_at_l2_from_l1":          0,
        "pf_late_at_l2_from_l1":          0,
        "pf_useless_at_l2_from_l1":          0,
        "pf_at_l2_to_l1":          0,
        "pf_fill_this_level":          0,
        "miss latency": null,
        "cache queues": {
          "PQ_ACCESS": 0,
          "PQ_FULL": 0,
          "PQ_TO_CACHE": 0,
          "PQ_MERGED": 0,
          "RQ_ACCESS": 408,
          "RQ_MERGED": 0,
          "RQ_FULL": 0,
          "WQ_ACCESS": 0,
          "WQ_MERGED": 0,
          "WQ_FULL": 0
        }
      },
      "cpu0_DTLB": {
        "LOAD": {
          "hit":1323122,
          "miss":27829
        },
        "RFO": {
          "hit":0,
          "miss":0
        },
        "PREFETCH": {
          "hit":0,
          "miss":0
        },
        "WRITE": {
          "hit":0,
          "miss":0
        },
        "TRANSLATION": {
          "hit":0,
          "miss":0
        },
        "mshr full": 3,
        "prefetch requested": 0,
        "prefetch issued": 0,
        "prefetch filled": 0,
        "prefetch useful": 0,
        "prefetch useless": 0,
        "prefetch late": 0,
        "pf_useful_at_l2_from_l1":          0,
        "pf_late_at_l2_from_l1":          0,
        "pf_useless_at_l2_from_l1":          0,
        "pf_at_l2_to_l1":          0,
        "pf_fill_this_level":          0,
        "miss latency": 0.668076,
        "cache queues": {
          "PQ_ACCESS": 0,
          "PQ_FULL": 0,
          "PQ_TO_CACHE": 0,
          "PQ_MERGED": 0,
          "RQ_ACCESS": 1351464,
          "RQ_MERGED": 0,
          "RQ_FULL": 511,
          "WQ_ACCESS": 0,
          "WQ_MERGED": 0,
          "WQ_FULL": 0
        }
      },
      "cpu0_STLB": {
        "LOAD": {
          "hit":4505,
          "miss":1743
        },
        "RFO": {
          "hit":0,
          "miss":0
        },
        "PREFETCH": {
          "hit":0,
          "miss":0
        },
        "WRITE": {
          "hit":0,
          "miss":0
        },
        "TRANSLATION": {
          "hit":0,
          "miss":0
        },
        "mshr full": 0,
        "prefetch requested": 0,
        "prefetch issued": 0,
        "prefetch filled": 0,
        "prefetch useful": 0,
        "prefetch useless": 0,
        "prefetch late": 0,
        "pf_useful_at_l2_from_l1":          0,
        "pf_late_at_l2_from_l1":          0,
        "pf_useless_at_l2_from_l1":          0,
        "pf_at_l2_to_l1":          0,
        "pf_fill_this_level":          0,
        "miss latency": 8.7968,
        "cache queues": {
          "PQ_ACCESS": 0,
          "PQ_FULL": 0,
          "PQ_TO_CACHE": 0,
          "PQ_MERGED": 0,
          "RQ_ACCESS": 6248,
          "RQ_MERGED": 0,
          "RQ_FULL": 0,
          "WQ_ACCESS": 0,
          "WQ_MERGED": 0,
          "WQ_FULL": 0
        }
      },
      "cpu0_L1D": {
        "LOAD": {
          "hit":1030844,
          "miss":234263
        },
        "RFO": {
          "hit":0,
          "miss":0
        },
        "PREFETCH": {
          "hit":3219,
          "miss":91923
        },
        "WRITE": {
          "hit":52638,
          "miss":29552
        },
        "TRANSLATION": {
          "hit":718,
          "miss":982
        },
        "mshr full": 29153,
        "prefetch requested": 95144,
        "prefetch issued": 95144,
        "prefetch filled": 19764,
        "prefetch useful": 20981,
        "prefetch useless": 453,
        "prefetch late": 1656,
        "pf_useful_at_l2_from_l1":          0,
        "pf_late_at_l2_from_l1":          0,
        "pf_useless_at_l2_from_l1":          0,
        "pf_at_l2_to_l1":          0,
        "pf_fill_this_level":      19764,
        "miss latency": 2.05836,
        "cache queues": {
          "PQ_ACCESS": 95144,
          "PQ_FULL": 0,
          "PQ_TO_CACHE": 95144,
          "PQ_MERGED": 2,
          "RQ_ACCESS": 1282321,
          "RQ_MERGED": 3754,
          "RQ_FULL": 13455,
          "WQ_ACCESS": 87114,
          "WQ_MERGED": 0,
          "WQ_FULL": 4922
        }
      },
      "cpu0_L2C": {
        "LOAD": {
          "hit":33280,
          "miss":11811
        },
        "RFO": {
          "hit":216,
          "miss":3925
        },
        "PREFETCH": {
          "hit":15692,
          "miss":75255
        },
        "WRITE": {
          "hit":4429,
          "miss":0
        },
        "TRANSLATION": {
          "hit":309,
          "miss":673
        },
        "mshr full": 259275,
        "prefetch requested": 0,
        "prefetch issued": 0,
        "prefetch filled": 73152,
        "prefetch useful": 0,
        "prefetch useless": 0,
        "prefetch late": 0,
        "pf_useful_at_l2_from_l1":      27777,
        "pf_late_at_l2_from_l1":       2005,
        "pf_useless_at_l2_from_l1":      27196,
        "pf_at_l2_to_l1":         39,
        "pf_fill_this_level":      52747,
        "miss latency": 54.4867,
        "cache queues": {
          "PQ_ACCESS": 138750,
          "PQ_FULL": 47800,
          "PQ_TO_CACHE": 90950,
          "PQ_MERGED": 0,
          "RQ_ACCESS": 50216,
          "RQ_MERGED": 0,
          "RQ_FULL": 0,
          "WQ_ACCESS": 4434,
          "WQ_MERGED": 0,
          "WQ_FULL": 0
        }
      },
      "LLC": {
        "LOAD": {
          "hit": [1822],
          "miss": [7985]
        },
        "RFO": {
          "hit": [570],
          "miss": [3353]
        },
        "PREFETCH": {
          "hit": [2675],
          "miss": [72483]
        },
        "WRITE": {
          "hit": [1879],
          "miss": [0]
        },
        "TRANSLATION": {
          "hit": [129],
          "miss": [544]
        },
        "mshr full": 0,
        "prefetch requested": 0,
        "prefetch issued": 0,
        "prefetch filled": 72482,
        "prefetch useful": 0,
        "prefetch useless": 0,
        "prefetch late": 0,
        "pf_useful_at_l2_from_l1":          0,
        "pf_late_at_l2_from_l1":          0,
        "pf_useless_at_l2_from_l1":          0,
        "pf_at_l2_to_l1":        125,
        "pf_fill_this_level":          0,
        "miss latency": 60.6682,
        "cache queues": {
          "PQ_ACCESS": 75158,
          "PQ_FULL": 0,
          "PQ_TO_CACHE": 75158,
          "PQ_MERGED": 0,
          "RQ_ACCESS": 14404,
          "RQ_MERGED": 0,
          "RQ_FULL": 0,
          "WQ_ACCESS": 1881,
          "WQ_MERGED": 0,
          "WQ_FULL": 0
        }
      },
      "DRAM": [
        {
          "RQ ROW_BUFFER_HIT": 66891,
          "RQ ROW_BUFFER_MISS": 17472,
          "PQ FULL": 0,
          "WQ ROW_BUFFER_HIT": 265,
          "WQ ROW_BUFFER_MISS": 679,
          "WQ FULL": 0,
          "AVG DBUS CONGESTED CYCLE": 3.97811
        }
      ]

    }
  }
]
cpu0_ITLB
cpu0_DTLB
cpu0_STLB
Prefetch Request to L1: 21566, Prefetch Request to L2: 73578
Invalid by Eviction: 8006
Invalid by Max: 5620
Filter table begin
 ┌────────────────────┬─────────────┐
 | Region             | Offset      |
 ├────────────────────┼─────────────┤
 | 0x0000000000000291 | 24          |
 ├────────────────────┼─────────────┤
 | 0x000000000000063c | 1           |
 ├────────────────────┼─────────────┤
 | 0x0000000000000241 | 0           |
 ├────────────────────┼─────────────┤
 | 0x00000000000004db | 25          |
 ├────────────────────┼─────────────┤
 | 0x000000000000022d | 25          |
 ├────────────────────┼─────────────┤
 | 0x00000000000002b7 | 27          |
 ├────────────────────┼─────────────┤
 | 0x00000000000005b9 | 31          |
 ├────────────────────┼─────────────┤
 | 0x000000000000026f | 21          |
 ├────────────────────┼─────────────┤
 | 0x0000000000000612 | 6           |
 ├────────────────────┼─────────────┤
 | 0x0000000000000228 | 31          |
 ├────────────────────┼─────────────┤
 | 0x00000000000004e1 | 31          |
 ├────────────────────┼─────────────┤
 | 0x00000000000004d7 | 26          |
 ├────────────────────┼─────────────┤
 | 0x00000000000002c6 | 7           |
 ├────────────────────┼─────────────┤
 | 0x0000000000000229 | 0           |
 ├────────────────────┼─────────────┤
 | 0x0000000000000273 | 16          |
 ├────────────────────┼─────────────┤
 | 0x00000000000002c7 | 23          |
 ├────────────────────┼─────────────┤
 | 0x0000000000000270 | 5           |
 ├────────────────────┼─────────────┤
 | 0x0000000000000254 | 25          |
 ├────────────────────┼─────────────┤
 | 0x00000000000004dd | 31          |
 └────────────────────┴─────────────┘
Filter table end
Accumulation table begin
 ┌────────────────────┬─────────────┬─────────────┬──────────────────────────────────────────────────────────────────┐
 | Region             | Offset      | Second      | Pattern                                                          |
 ├────────────────────┼─────────────┼─────────────┼──────────────────────────────────────────────────────────────────┤
 | 0x00000000000004ef | 0           | 1           | 1 1 0 0 0 0 0 0 0 0 0 0 0 0 0 0 0 1 0 0 0 0 0 0 0 0 0 0 0 0 0 0  |
 ├────────────────────┼─────────────┼─────────────┼──────────────────────────────────────────────────────────────────┤
 | 0x000000000000049e | 9           | 10          | 0 0 0 0 0 0 0 0 0 1 1 0 0 0 0 0 0 0 0 0 0 0 0 0 0 0 0 0 0 0 0 0  |
 ├────────────────────┼─────────────┼─────────────┼──────────────────────────────────────────────────────────────────┤
 | 0x00000000000004b6 | 6           | 7           | 0 0 0 0 0 0 1 1 1 1 1 1 1 1 0 0 0 0 0 0 0 0 0 0 0 0 0 0 0 0 0 0  |
 ├────────────────────┼─────────────┼─────────────┼──────────────────────────────────────────────────────────────────┤
 | 0x000000000000027f | 24          | 20          | 0 0 0 0 0 0 0 0 0 0 0 0 0 0 0 0 0 0 0 0 1 0 0 0 1 0 0 0 0 0 0 1  |
 ├────────────────────┼─────────────┼─────────────┼──────────────────────────────────────────────────────────────────┤
 | 0x000000000000021a | 11          | 8           | 0 0 0 0 0 0 0 0 1 1 1 1 1 0 0 0 0 0 0 0 0 0 0 0 0 0 0 0 0 0 0 0  |
 ├────────────────────┼─────────────┼─────────────┼──────────────────────────────────────────────────────────────────┤
 | 0x00000000000004f8 | 0           | 17          | 1 0 0 0 0 0 0 0 0 0 0 0 0 0 0 0 0 1 0 0 1 0 0 0 0 0 0 0 0 0 0 0  |
 ├────────────────────┼─────────────┼─────────────┼──────────────────────────────────────────────────────────────────┤
 | 0x0000000000000505 | 0           | 1           | 1 1 1 0 0 0 0 0 0 0 0 0 0 0 0 0 0 0 0 0 0 0 0 0 0 0 0 0 0 0 0 0  |
 ├────────────────────┼─────────────┼─────────────┼──────────────────────────────────────────────────────────────────┤
 | 0x0000000000000240 | 30          | 31          | 0 0 0 0 0 0 0 0 0 0 0 0 0 0 0 0 0 0 0 0 0 0 0 0 0 0 0 0 0 0 1 1  |
 ├────────────────────┼─────────────┼─────────────┼──────────────────────────────────────────────────────────────────┤
 | 0x000000000000025d | 11          | 23          | 1 0 0 0 0 0 0 0 0 0 0 1 0 0 0 0 0 0 0 0 0 0 0 1 0 0 0 0 0 0 0 0  |
 ├────────────────────┼─────────────┼─────────────┼──────────────────────────────────────────────────────────────────┤
 | 0x00000000000004df | 13          | 14          | 0 0 0 0 0 0 0 0 0 0 0 0 0 1 1 0 0 1 0 0 0 0 0 0 0 1 1 1 0 0 0 0  |
 ├────────────────────┼─────────────┼─────────────┼──────────────────────────────────────────────────────────────────┤
 | 0x00000000000004f1 | 9           | 10          | 0 0 0 0 0 0 0 0 0 1 1 0 0 1 1 1 0 0 0 0 0 0 0 0 0 0 0 0 0 0 0 0  |
 ├────────────────────┼─────────────┼─────────────┼──────────────────────────────────────────────────────────────────┤
 | 0x0000000000000500 | 20          | 21          | 0 0 0 0 0 0 0 0 0 0 0 0 0 0 0 0 0 0 0 0 1 1 1 1 1 1 1 1 1 1 1 1  |
 ├────────────────────┼─────────────┼─────────────┼──────────────────────────────────────────────────────────────────┤
 | 0x00000000000004fe | 0           | 16          | 1 0 0 0 0 0 0 0 0 0 0 0 0 0 0 0 1 1 0 1 1 0 0 0 0 0 0 0 0 0 0 0  |
 ├────────────────────┼─────────────┼─────────────┼──────────────────────────────────────────────────────────────────┤
 | 0x0000000000000506 | 15          | 16          | 0 0 0 0 0 0 0 0 0 0 0 0 0 0 0 1 1 1 1 1 1 1 1 1 1 1 1 1 1 1 1 1  |
 ├────────────────────┼─────────────┼─────────────┼──────────────────────────────────────────────────────────────────┤
 | 0x0000000000000503 | 0           | 1           | 1 1 1 1 1 1 1 1 1 0 0 0 0 0 0 0 0 0 0 0 0 0 0 0 0 0 0 0 0 0 0 0  |
 ├────────────────────┼─────────────┼─────────────┼──────────────────────────────────────────────────────────────────┤
 | 0x00000000000004ee | 15          | 16          | 0 0 0 0 0 0 0 0 0 0 0 0 0 0 0 1 1 0 0 0 1 0 0 0 0 0 0 0 0 0 1 1  |
 ├────────────────────┼─────────────┼─────────────┼──────────────────────────────────────────────────────────────────┤
 | 0x0000000000000507 | 0           | 1           | 1 1 1 0 0 0 0 0 0 0 0 0 0 0 0 0 0 0 0 0 0 0 0 0 0 0 0 0 0 0 0 0  |
 ├────────────────────┼─────────────┼─────────────┼──────────────────────────────────────────────────────────────────┤
 | 0x00000000000004fa | 9           | 10          | 0 0 0 0 0 0 0 0 0 1 1 1 1 1 1 1 1 1 1 1 1 1 1 1 1 1 1 1 1 0 0 0  |
 ├────────────────────┼─────────────┼─────────────┼──────────────────────────────────────────────────────────────────┤
 | 0x00000000000004f6 | 1           | 18          | 0 1 0 0 0 0 0 0 0 0 0 0 0 0 0 0 0 0 1 0 0 1 0 0 0 0 0 0 0 0 0 0  |
 ├────────────────────┼─────────────┼─────────────┼──────────────────────────────────────────────────────────────────┤
 | 0x000000000000026c | 11          | 9           | 0 0 0 0 0 1 0 0 0 1 0 1 1 0 0 0 0 0 0 0 0 0 0 0 0 0 0 0 0 0 0 0  |
 ├────────────────────┼─────────────┼─────────────┼──────────────────────────────────────────────────────────────────┤
 | 0x00000000000004fc | 9           | 10          | 0 0 0 0 0 0 0 0 0 1 1 1 1 1 1 1 1 1 1 1 1 1 1 1 1 1 1 1 1 0 0 0  |
 ├────────────────────┼─────────────┼─────────────┼──────────────────────────────────────────────────────────────────┤
 | 0x00000000000004f0 | 5           | 6           | 0 0 0 0 0 1 1 0 0 0 0 0 0 0 0 1 1 1 0 0 0 0 0 0 0 0 0 0 0 0 0 0  |
 ├────────────────────┼─────────────┼─────────────┼──────────────────────────────────────────────────────────────────┤
 | 0x000000000000023f | 4           | 5           | 0 0 0 1 1 1 1 1 1 1 0 0 0 0 0 0 0 0 0 0 0 0 0 0 0 0 0 0 0 0 0 0  |
 ├────────────────────┼─────────────┼─────────────┼──────────────────────────────────────────────────────────────────┤
 | 0x000000000000022b | 23          | 22          | 0 0 0 0 0 0 0 0 0 0 0 0 0 1 1 0 0 0 0 0 0 1 1 1 0 0 0 0 0 0 0 0  |
 ├────────────────────┼─────────────┼─────────────┼──────────────────────────────────────────────────────────────────┤
 | 0x0000000000000501 | 0           | 1           | 1 1 1 1 1 1 1 1 1 0 0 0 0 0 0 0 0 0 0 0 0 0 0 0 0 0 0 0 0 0 0 0  |
 ├────────────────────┼─────────────┼─────────────┼──────────────────────────────────────────────────────────────────┤
 | 0x0000000000000504 | 15          | 16          | 0 0 0 0 0 0 0 0 0 0 0 0 0 0 0 1 1 1 1 1 1 1 1 1 1 1 1 1 1 1 1 1  |
 ├────────────────────┼─────────────┼─────────────┼──────────────────────────────────────────────────────────────────┤
 | 0x0000000000000502 | 20          | 21          | 0 0 0 0 0 0 0 0 0 0 0 0 0 0 0 0 0 0 0 0 1 1 1 1 1 1 1 1 1 1 1 1  |
 ├────────────────────┼─────────────┼─────────────┼──────────────────────────────────────────────────────────────────┤
 | 0x0000000000000263 | 5           | 31          | 0 0 0 0 0 1 0 0 0 0 0 0 0 0 0 0 0 0 0 0 0 0 0 0 0 0 0 0 0 0 0 1  |
 ├────────────────────┼─────────────┼─────────────┼──────────────────────────────────────────────────────────────────┤
 | 0x00000000000004d2 | 8           | 9           | 0 0 0 0 0 0 0 0 1 1 0 0 0 0 0 0 0 0 0 0 0 0 0 0 0 0 0 0 0 0 0 0  |
 ├────────────────────┼─────────────┼─────────────┼──────────────────────────────────────────────────────────────────┤
 | 0x00000000000004e7 | 14          | 17          | 0 0 0 0 0 0 0 0 0 0 0 0 0 0 1 0 0 1 0 0 0 0 0 0 0 0 1 1 0 0 0 0  |
 └────────────────────┴─────────────┴─────────────┴──────────────────────────────────────────────────────────────────┘
Accumulation table end
Offset pattern table begin
 ┌────────────────────┬─────────────┬────────────────────────────────────────────────────────────────────────────────────┐
 | Key                | Second      | Pattern                                                                            |
 ├────────────────────┼─────────────┼────────────────────────────────────────────────────────────────────────────────────┤
 | 0x0000000000000000 | 8           | 26 20 16 15 15 16 15 13 14 13 13 12 15 15 13 13 11 11 9 8 7 6 6 5 6 5 5 5 3 3 3 3  |
 ├────────────────────┼─────────────┼────────────────────────────────────────────────────────────────────────────────────┤
 | 0x0000000000000001 | 2           | 25 13 11 10 10 11 10 12 11 11 10 11 10 9 12 12 12 10 10 9 6 4 5 4 4 4 4 2 3 5 2 7  |
 ├────────────────────┼─────────────┼────────────────────────────────────────────────────────────────────────────────────┤
 | 0x0000000000000002 | 22          | 30 10 8 8 5 5 6 8 8 6 6 5 7 10 8 9 7 6 6 6 4 1 4 1 5 2 3 2 2 3 1 2                 |
 ├────────────────────┼─────────────┼────────────────────────────────────────────────────────────────────────────────────┤
 | 0x0000000000000003 | 24          | 16 5 4 5 4 3 2 4 4 4 3 4 3 2 2 3 2 2 3 3 1 0 2 1 1 1 1 1 1 0 0 2                   |
 ├────────────────────┼─────────────┼────────────────────────────────────────────────────────────────────────────────────┤
 | 0x0000000000000004 | 19          | 20 9 6 5 4 6 8 7 7 6 4 4 4 5 5 5 5 5 5 3 3 2 2 2 2 1 0 2 1 1 0 3                   |
 ├────────────────────┼─────────────┼────────────────────────────────────────────────────────────────────────────────────┤
 | 0x0000000000000005 | 1           | 26 11 7 6 5 5 7 5 7 7 6 6 7 4 4 4 4 6 5 3 1 1 2 2 2 2 2 0 0 1 1 2                  |
 ├────────────────────┼─────────────┼────────────────────────────────────────────────────────────────────────────────────┤
 | 0x0000000000000006 | 24          | 22 4 3 4 4 3 5 3 6 2 3 2 3 4 2 5 3 2 3 2 1 1 1 1 1 1 0 1 1 0 0 0                   |
 ├────────────────────┼─────────────┼────────────────────────────────────────────────────────────────────────────────────┤
 | 0x0000000000000007 | 6           | 24 13 7 6 6 6 8 6 8 6 7 7 8 6 7 6 7 7 8 5 5 3 1 1 1 0 1 0 0 0 0 2                  |
 ├────────────────────┼─────────────┼────────────────────────────────────────────────────────────────────────────────────┤
 | 0x0000000000000008 | 7           | 29 9 6 5 4 4 4 4 4 4 6 6 6 2 5 4 5 6 3 4 3 1 0 0 0 0 0 1 0 0 2 2                   |
 ├────────────────────┼─────────────┼────────────────────────────────────────────────────────────────────────────────────┤
 | 0x0000000000000009 | 10          | 19 4 3 2 3 3 3 2 2 3 3 4 3 3 3 3 5 4 3 3 1 0 0 1 0 0 0 0 1 2 0 1                   |
 ├────────────────────┼─────────────┼────────────────────────────────────────────────────────────────────────────────────┤
 | 0x000000000000000a | 9           | 23 10 8 7 8 8 7 8 9 9 8 8 8 8 8 7 8 6 8 4 0 1 0 0 1 1 1 2 0 0 0 5                  |
 ├────────────────────┼─────────────┼────────────────────────────────────────────────────────────────────────────────────┤
 | 0x000000000000000b | 25          | 30 9 8 6 7 9 5 5 5 3 4 6 5 6 5 7 5 7 5 4 1 0 0 0 1 0 1 3 1 0 2 3                   |
 ├────────────────────┼─────────────┼────────────────────────────────────────────────────────────────────────────────────┤
 | 0x000000000000000c | 13          | 24 9 5 5 5 5 6 6 4 5 4 5 5 6 6 6 5 6 6 4 0 1 0 1 1 1 0 0 1 0 1 2                   |
 ├────────────────────┼─────────────┼────────────────────────────────────────────────────────────────────────────────────┤
 | 0x000000000000000d | 27          | 16 8 4 5 4 4 4 3 4 4 3 3 3 3 5 5 3 3 4 0 1 0 0 0 1 0 0 0 0 1 1 0                   |
 ├────────────────────┼─────────────┼────────────────────────────────────────────────────────────────────────────────────┤
 | 0x000000000000000e | 15          | 20 6 6 6 5 5 5 6 4 4 4 4 5 4 4 4 3 4 0 0 1 0 1 1 1 1 1 1 0 1 0 1                   |
 ├────────────────────┼─────────────┼────────────────────────────────────────────────────────────────────────────────────┤
 | 0x000000000000000f | 22          | 29 6 4 6 4 5 4 5 5 6 4 4 6 5 5 3 4 1 1 1 1 0 1 2 1 1 3 1 2 1 1 2                   |
 ├────────────────────┼─────────────┼────────────────────────────────────────────────────────────────────────────────────┤
 | 0x0000000000000010 | 17          | 31 7 5 4 3 3 4 5 5 4 4 2 3 2 4 3 3 1 0 0 2 2 1 1 0 0 0 1 2 1 2 1                   |
 ├────────────────────┼─────────────┼────────────────────────────────────────────────────────────────────────────────────┤
 | 0x0000000000000011 | 27          | 21 8 5 3 4 2 3 4 3 3 2 3 3 4 4 0 0 0 0 1 0 0 2 1 1 0 1 1 0 1 1 1                   |
 ├────────────────────┼─────────────┼────────────────────────────────────────────────────────────────────────────────────┤
 | 0x0000000000000012 | 19          | 25 10 5 5 3 3 2 4 1 4 4 4 3 4 2 0 2 1 0 0 2 1 1 0 1 1 1 1 0 0 0 1                  |
 ├────────────────────┼─────────────┼────────────────────────────────────────────────────────────────────────────────────┤
 | 0x0000000000000013 | 4           | 25 5 3 3 3 4 2 2 2 2 2 1 1 1 3 1 0 1 0 1 0 0 2 2 1 0 0 0 0 1 2 0                   |
 ├────────────────────┼─────────────┼────────────────────────────────────────────────────────────────────────────────────┤
 | 0x0000000000000014 | 19          | 29 8 5 3 3 1 1 4 4 4 4 4 0 2 1 0 0 0 0 1 0 1 0 0 0 3 3 0 0 2 0 3                   |
 ├────────────────────┼─────────────┼────────────────────────────────────────────────────────────────────────────────────┤
 | 0x0000000000000015 | 22          | 22 6 5 4 5 5 4 6 3 2 5 2 0 0 1 1 1 1 1 1 1 0 0 0 1 0 0 1 2 0 1 1                   |
 ├────────────────────┼─────────────┼────────────────────────────────────────────────────────────────────────────────────┤
 | 0x0000000000000016 | 16          | 23 9 6 6 7 5 5 3 4 3 0 0 0 0 1 0 0 2 1 0 0 2 1 0 1 0 0 0 1 1 1 1                   |
 ├────────────────────┼─────────────┼────────────────────────────────────────────────────────────────────────────────────┤
 | 0x0000000000000017 | 22          | 16 5 4 3 3 3 3 2 2 0 0 1 0 0 0 1 0 0 0 0 0 0 0 0 0 0 0 1 0 0 0 1                   |
 ├────────────────────┼─────────────┼────────────────────────────────────────────────────────────────────────────────────┤
 | 0x0000000000000018 | 26          | 21 6 3 1 2 3 2 3 0 1 0 1 1 0 0 1 1 1 1 0 1 0 0 0 1 0 1 2 0 0 1 2                   |
 ├────────────────────┼─────────────┼────────────────────────────────────────────────────────────────────────────────────┤
 | 0x0000000000000019 | 10          | 19 7 5 5 3 4 3 1 1 1 0 0 0 0 0 0 0 0 0 0 2 1 1 0 0 0 1 0 0 0 0 0                   |
 ├────────────────────┼─────────────┼────────────────────────────────────────────────────────────────────────────────────┤
 | 0x000000000000001a | 24          | 27 9 8 7 7 9 1 1 0 0 1 1 0 1 1 2 1 0 2 0 1 1 2 0 1 0 1 2 1 1 0 2                   |
 ├────────────────────┼─────────────┼────────────────────────────────────────────────────────────────────────────────────┤
 | 0x000000000000001b | 9           | 23 8 7 4 5 1 0 1 0 0 0 1 0 1 0 0 1 0 1 1 0 0 1 0 0 0 0 1 0 0 0 2                   |
 ├────────────────────┼─────────────┼────────────────────────────────────────────────────────────────────────────────────┤
 | 0x000000000000001c | 29          | 25 10 8 7 2 1 1 0 0 0 2 2 2 1 0 0 0 0 1 0 1 0 0 0 0 1 0 0 0 0 0 2                  |
 ├────────────────────┼─────────────┼────────────────────────────────────────────────────────────────────────────────────┤
 | 0x000000000000001d | 30          | 30 9 10 2 2 1 2 1 1 1 1 2 0 2 2 1 1 0 1 2 0 3 0 2 1 1 3 4 2 4 2 3                  |
 ├────────────────────┼─────────────┼────────────────────────────────────────────────────────────────────────────────────┤
 | 0x000000000000001e | 25          | 16 3 0 0 0 0 0 1 1 0 0 0 1 0 0 0 1 1 1 0 1 0 1 0 1 0 0 0 0 0 1 1                   |
 ├────────────────────┼─────────────┼────────────────────────────────────────────────────────────────────────────────────┤
 | 0x000000000000001f | 26          | 30 1 2 1 1 0 3 1 0 0 1 1 1 0 2 1 0 4 2 2 3 0 0 2 1 2 2 2 2 1 3 4                   |
 └────────────────────┴─────────────┴────────────────────────────────────────────────────────────────────────────────────┘
Offset pattern table end
PC pattern table begin
 ┌────────────────────┬─────────────┬──────────────────────────────────────────────────┐
 | Key                | Second      | Pattern                                          |
 ├────────────────────┼─────────────┼──────────────────────────────────────────────────┤
 | 0x0000000000000000 | 2           | 24 7 4 3 3 2 3 0 0 2 2 1 1 1 1 4                 |
 ├────────────────────┼─────────────┼──────────────────────────────────────────────────┤
 | 0x0000000000000001 | 1           | 23 5 2 2 2 2 2 2 2 2 1 1 1 2 2 7                 |
 ├────────────────────┼─────────────┼──────────────────────────────────────────────────┤
 | 0x0000000000000002 | 19          | 20 9 7 9 9 7 7 9 9 7 6 3 4 1 2 4                 |
 ├────────────────────┼─────────────┼──────────────────────────────────────────────────┤
 | 0x0000000000000003 | 17          | 13 2 1 1 1 1 1 1 4 1 1 1 1 1 1 1                 |
 ├────────────────────┼─────────────┼──────────────────────────────────────────────────┤
 | 0x0000000000000004 | 11          | 31 2 0 0 1 2 1 4 2 2 2 3 2 2 1 2                 |
 ├────────────────────┼─────────────┼──────────────────────────────────────────────────┤
 | 0x0000000000000005 | 25          | 28 27 27 27 26 26 26 26 26 26 26 26 26 26 26 26  |
 ├────────────────────┼─────────────┼──────────────────────────────────────────────────┤
 | 0x0000000000000006 | 18          | 18 11 4 2 4 6 4 1 1 1 3 2 2 0 0 4                |
 ├────────────────────┼─────────────┼──────────────────────────────────────────────────┤
 | 0x0000000000000007 | 22          | 21 13 3 6 5 3 2 3 4 3 2 2 3 2 1 1                |
 ├────────────────────┼─────────────┼──────────────────────────────────────────────────┤
 | 0x0000000000000008 | 22          | 18 9 2 3 2 0 0 0 0 0 0 4 4 0 0 5                 |
 ├────────────────────┼─────────────┼──────────────────────────────────────────────────┤
 | 0x0000000000000009 | 19          | 26 24 21 21 20 18 19 19 17 16 10 3 3 3 2 4       |
 ├────────────────────┼─────────────┼──────────────────────────────────────────────────┤
 | 0x000000000000000a | 25          | 19 1 1 2 2 3 3 2 2 2 4 1 1 3 2 1                 |
 ├────────────────────┼─────────────┼──────────────────────────────────────────────────┤
 | 0x000000000000000b | 22          | 31 29 28 27 27 26 27 26 26 26 26 26 25 25 25 26  |
 ├────────────────────┼─────────────┼──────────────────────────────────────────────────┤
 | 0x000000000000000c | 9           | 18 6 0 0 0 2 0 0 0 0 1 2 1 0 0 1                 |
 ├────────────────────┼─────────────┼──────────────────────────────────────────────────┤
 | 0x000000000000000d | 12          | 16 15 15 15 15 15 15 15 15 15 15 15 15 15 15 15  |
 ├────────────────────┼─────────────┼──────────────────────────────────────────────────┤
 | 0x000000000000000e | 0           | 16 12 10 10 8 9 8 5 6 6 5 5 5 4 4 4              |
 ├────────────────────┼─────────────┼──────────────────────────────────────────────────┤
 | 0x000000000000000f | 23          | 22 9 3 4 6 1 2 4 6 2 1 1 3 1 0 2                 |
 ├────────────────────┼─────────────┼──────────────────────────────────────────────────┤
 | 0x0000000000000010 | 10          | 3 2 0 0 0 0 0 0 0 0 0 0 0 0 0 0                  |
 ├────────────────────┼─────────────┼──────────────────────────────────────────────────┤
 | 0x0000000000000011 | 1           | 19 1 1 2 3 0 1 2 1 1 0 1 2 2 1 4                 |
 ├────────────────────┼─────────────┼──────────────────────────────────────────────────┤
 | 0x0000000000000012 | 12          | 16 12 5 2 2 1 1 1 0 0 0 0 0 0 0 0                |
 ├────────────────────┼─────────────┼──────────────────────────────────────────────────┤
 | 0x0000000000000013 | 1           | 24 17 17 17 17 15 15 15 15 15 15 15 14 16 20 17  |
 ├────────────────────┼─────────────┼──────────────────────────────────────────────────┤
 | 0x0000000000000014 | 8           | 11 3 2 4 1 0 0 2 0 2 1 0 0 0 0 2                 |
 ├────────────────────┼─────────────┼──────────────────────────────────────────────────┤
 | 0x0000000000000015 | 8           | 22 20 19 18 18 18 18 18 18 18 18 18 18 18 17 19  |
 ├────────────────────┼─────────────┼──────────────────────────────────────────────────┤
 | 0x0000000000000016 | 29          | 22 15 9 4 6 4 4 2 3 0 0 0 1 2 0 0                |
 ├────────────────────┼─────────────┼──────────────────────────────────────────────────┤
 | 0x0000000000000017 | 29          | 23 9 9 7 4 4 4 3 2 0 1 1 2 1 0 0                 |
 ├────────────────────┼─────────────┼──────────────────────────────────────────────────┤
 | 0x0000000000000018 | 1           | 30 1 0 1 0 1 3 3 2 0 1 2 1 2 1 13                |
 ├────────────────────┼─────────────┼──────────────────────────────────────────────────┤
 | 0x0000000000000019 | 5           | 28 20 9 4 0 0 0 0 0 0 0 0 0 0 0 0                |
 ├────────────────────┼─────────────┼──────────────────────────────────────────────────┤
 | 0x000000000000001a | 12          | 4 2 2 2 2 2 2 2 2 2 3 1 1 1 3 1                  |
 ├────────────────────┼─────────────┼──────────────────────────────────────────────────┤
 | 0x000000000000001b | 16          | 27 22 19 21 16 15 14 13 13 13 14 14 14 14 15 14  |
 ├────────────────────┼─────────────┼──────────────────────────────────────────────────┤
 | 0x000000000000001c | 5           | 17 4 1 1 1 1 1 2 0 0 0 0 0 0 1 5                 |
 ├────────────────────┼─────────────┼──────────────────────────────────────────────────┤
 | 0x000000000000001d | 1           | 25 20 16 14 14 15 12 11 9 7 8 7 8 8 6 8          |
 ├────────────────────┼─────────────┼──────────────────────────────────────────────────┤
 | 0x000000000000001e | 2           | 29 24 11 6 6 5 7 7 2 2 1 2 2 2 1 0               |
 ├────────────────────┼─────────────┼──────────────────────────────────────────────────┤
 | 0x000000000000001f | 24          | 22 10 2 3 0 0 0 0 0 0 0 0 2 2 2 2                |
 └────────────────────┴─────────────┴──────────────────────────────────────────────────┘
PC pattern table end
Prefetch buffer begin
 ┌────────────────────┬──────────────────────────────────────────────────────────────────┐
 | Region             | Pattern                                                          |
 ├────────────────────┼──────────────────────────────────────────────────────────────────┤
 | 0x0000000000000264 | 2 0 0 0 0 0 0 0 0 0 0 0 0 0 2 2 0 0 0 0 0 0 0 0 0 0 0 0 0 0 2 2  |
 ├────────────────────┼──────────────────────────────────────────────────────────────────┤
 | 0x0000000000000270 | 0 0 0 0 0 0 2 2 0 0 0 2 0 2 2 0 0 2 0 0 0 0 0 0 0 0 0 0 0 0 0 0  |
 ├────────────────────┼──────────────────────────────────────────────────────────────────┤
 | 0x0000000000000275 | 0 0 0 2 0 0 0 0 0 0 0 0 0 0 0 0 0 0 0 0 0 0 0 0 0 0 0 0 0 0 0 0  |
 ├────────────────────┼──────────────────────────────────────────────────────────────────┤
 | 0x000000000000026e | 0 0 0 0 0 0 0 0 0 0 0 0 0 0 2 2 0 0 0 0 0 2 0 0 0 0 0 0 0 0 2 2  |
 ├────────────────────┼──────────────────────────────────────────────────────────────────┤
 | 0x0000000000000265 | 2 2 2 0 0 0 0 2 2 2 2 0 0 0 0 2 2 0 0 0 0 0 2 0 0 0 0 0 2 0 0 2  |
 ├────────────────────┼──────────────────────────────────────────────────────────────────┤
 | 0x000000000000025c | 2 2 2 2 0 0 0 0 0 0 2 2 0 2 2 2 2 2 2 2 2 2 2 2 2 2 2 2 2 2 2 2  |
 ├────────────────────┼──────────────────────────────────────────────────────────────────┤
 | 0x00000000000004d2 | 0 0 0 0 0 0 0 0 0 0 0 0 0 0 0 0 0 2 2 2 2 2 0 0 0 0 0 0 0 0 0 0  |
 ├────────────────────┼──────────────────────────────────────────────────────────────────┤
 | 0x0000000000000274 | 0 0 2 2 0 0 0 0 0 0 0 0 0 0 0 0 0 0 0 0 0 0 0 0 0 0 0 2 2 0 0 2  |
 ├────────────────────┼──────────────────────────────────────────────────────────────────┤
 | 0x0000000000000271 | 0 0 0 0 0 0 0 0 0 0 0 0 0 0 0 0 0 0 0 0 0 0 0 0 0 0 2 0 0 0 0 0  |
 ├────────────────────┼──────────────────────────────────────────────────────────────────┤
 | 0x00000000000004f0 | 2 2 2 2 2 0 0 2 2 0 0 0 0 0 0 0 0 0 0 0 0 0 2 2 2 2 2 2 2 2 2 2  |
 ├────────────────────┼──────────────────────────────────────────────────────────────────┤
 | 0x000000000000026f | 2 0 0 0 0 0 0 0 0 0 0 0 0 0 0 2 2 0 0 0 0 0 2 0 0 0 0 0 2 0 0 2  |
 ├────────────────────┼──────────────────────────────────────────────────────────────────┤
 | 0x0000000000000278 | 0 0 2 2 0 2 2 2 2 2 2 2 2 2 2 2 2 2 2 2 2 2 2 2 2 2 2 2 2 2 0 0  |
 ├────────────────────┼──────────────────────────────────────────────────────────────────┤
 | 0x00000000000004f6 | 0 0 0 0 0 0 0 0 0 2 2 2 2 2 0 0 0 0 0 0 0 0 0 0 0 0 0 0 0 0 0 0  |
 ├────────────────────┼──────────────────────────────────────────────────────────────────┤
 | 0x0000000000000269 | 0 2 2 0 2 2 2 2 2 2 2 2 2 2 2 2 2 2 2 2 2 2 2 2 2 0 0 0 0 0 0 0  |
 ├────────────────────┼──────────────────────────────────────────────────────────────────┤
 | 0x00000000000002c6 | 0 0 0 0 0 0 0 0 0 0 0 0 0 0 0 0 0 0 0 0 0 0 0 2 2 2 0 0 0 0 0 0  |
 ├────────────────────┼──────────────────────────────────────────────────────────────────┤
 | 0x000000000000027d | 2 2 2 2 2 2 2 2 2 2 2 2 2 2 2 0 0 0 0 0 0 0 0 0 0 0 0 0 0 0 0 0  |
 ├────────────────────┼──────────────────────────────────────────────────────────────────┤
 | 0x0000000000000272 | 2 2 2 2 2 2 2 2 2 2 2 2 2 2 2 2 2 2 0 0 0 0 0 0 0 0 2 2 0 2 2 2  |
 ├────────────────────┼──────────────────────────────────────────────────────────────────┤
 | 0x000000000000026c | 0 0 0 0 0 0 0 0 0 0 0 0 0 0 0 0 2 0 0 2 2 0 0 0 0 0 0 0 0 0 0 0  |
 ├────────────────────┼──────────────────────────────────────────────────────────────────┤
 | 0x0000000000000273 | 2 2 2 2 2 2 2 2 2 2 0 0 0 0 2 2 0 2 2 2 2 2 2 2 2 2 2 2 2 2 2 2  |
 ├────────────────────┼──────────────────────────────────────────────────────────────────┤
 | 0x0000000000000279 | 2 2 2 2 2 0 2 2 2 2 2 2 2 0 0 0 0 0 0 0 0 0 0 0 0 0 0 0 0 2 2 0  |
 ├────────────────────┼──────────────────────────────────────────────────────────────────┤
 | 0x0000000000000268 | 0 0 0 0 2 2 2 2 0 2 2 0 2 2 2 2 2 2 2 2 2 2 2 2 2 0 0 0 0 0 0 0  |
 ├────────────────────┼──────────────────────────────────────────────────────────────────┤
 | 0x000000000000026d | 0 0 0 0 2 0 2 2 2 2 2 2 2 2 2 2 2 2 0 0 0 0 0 0 0 0 0 0 0 0 0 0  |
 ├────────────────────┼──────────────────────────────────────────────────────────────────┤
 | 0x0000000000000262 | 2 2 0 0 0 0 0 0 0 0 2 0 0 0 0 0 2 2 0 0 0 0 0 0 2 2 2 0 0 0 0 0  |
 ├────────────────────┼──────────────────────────────────────────────────────────────────┤
 | 0x000000000000025e | 0 0 2 2 2 2 2 2 0 2 2 2 2 2 2 2 2 2 2 2 2 0 0 0 0 0 0 0 0 0 0 0  |
 └────────────────────┴──────────────────────────────────────────────────────────────────┘
Prefetch buffer end
Filter by PPT: 0
cpu0_L2C
Num Con Filled: 0
Num Con Useful: 0 Useless:0 Accuracy: nan
LLC
