41 41 41
Available num physical pages: 35184372088576
WARNING: physical memory size is smaller than virtual memory size

*** ChampSim Multicore Out-of-Order Simulator ***

Warmup Instructions: 5000000
Simulation Instructions: 200000000
Number of CPUs: 1
Page size: 4096

Basic BTB sets: 1024 ways: 8 indirect buffer size: 4096 RAS size: 64
cpu0_L1D PMP prefetcher
Off-chip DRAM Size: 4 GiB Channels: 1 Width: 64-bit Data Rate: 3200 MT/s
Max paddr 1M
Warmup finished CPU 0 instructions: 5000001 cycles: 1318147 cumulative IPC: 3.79321 (Simulation time: 0 hr 3 min 11 sec) 

Warmup complete CPU 0 instructions: 5000001 cycles: 1318147 (Simulation time: 0 hr 3 min 11 sec) 

Heartbeat CPU 0 instructions: 10000002 cycles: 2961337 heartbeat IPC: 3.37686 cumulative IPC: 3.04287 (Simulation time: 0 hr 6 min 58 sec) 
Heartbeat CPU 0 instructions: 20000004 cycles: 6242498 heartbeat IPC: 3.04771 cumulative IPC: 3.04609 (Simulation time: 0 hr 14 min 20 sec) 
Heartbeat CPU 0 instructions: 30000000 cycles: 9547939 heartbeat IPC: 3.02532 cumulative IPC: 3.03775 (Simulation time: 0 hr 21 min 55 sec) 
Heartbeat CPU 0 instructions: 40000004 cycles: 12830512 heartbeat IPC: 3.0464 cumulative IPC: 3.04021 (Simulation time: 0 hr 29 min 45 sec) 
Heartbeat CPU 0 instructions: 50000001 cycles: 16112032 heartbeat IPC: 3.04737 cumulative IPC: 3.0418 (Simulation time: 0 hr 37 min 34 sec) 
Heartbeat CPU 0 instructions: 60000000 cycles: 19416633 heartbeat IPC: 3.02609 cumulative IPC: 3.03893 (Simulation time: 0 hr 45 min 29 sec) 
Heartbeat CPU 0 instructions: 70000001 cycles: 22707794 heartbeat IPC: 3.03845 cumulative IPC: 3.03886 (Simulation time: 0 hr 53 min 10 sec) 
Heartbeat CPU 0 instructions: 80000000 cycles: 26003454 heartbeat IPC: 3.0343 cumulative IPC: 3.03825 (Simulation time: 1 hr 0 min 36 sec) 
Heartbeat CPU 0 instructions: 90000001 cycles: 29329361 heartbeat IPC: 3.0067 cumulative IPC: 3.0345 (Simulation time: 1 hr 8 min 5 sec) 
Heartbeat CPU 0 instructions: 100000004 cycles: 32637965 heartbeat IPC: 3.02243 cumulative IPC: 3.03323 (Simulation time: 1 hr 16 min 8 sec) 
Heartbeat CPU 0 instructions: 110000001 cycles: 35934781 heartbeat IPC: 3.03323 cumulative IPC: 3.03323 (Simulation time: 1 hr 24 min 1 sec) 
Heartbeat CPU 0 instructions: 120000000 cycles: 39255319 heartbeat IPC: 3.01156 cumulative IPC: 3.03133 (Simulation time: 1 hr 33 min 7 sec) 
Heartbeat CPU 0 instructions: 130000004 cycles: 42553761 heartbeat IPC: 3.03174 cumulative IPC: 3.03137 (Simulation time: 1 hr 41 min 52 sec) 
Heartbeat CPU 0 instructions: 140000001 cycles: 45846010 heartbeat IPC: 3.03744 cumulative IPC: 3.03181 (Simulation time: 1 hr 50 min 20 sec) 
Heartbeat CPU 0 instructions: 150000001 cycles: 49133467 heartbeat IPC: 3.04187 cumulative IPC: 3.03251 (Simulation time: 1 hr 58 min 15 sec) 
Heartbeat CPU 0 instructions: 160000004 cycles: 52472212 heartbeat IPC: 2.99514 cumulative IPC: 3.03007 (Simulation time: 2 hr 6 min 1 sec) 
Heartbeat CPU 0 instructions: 170000001 cycles: 55769413 heartbeat IPC: 3.03288 cumulative IPC: 3.03024 (Simulation time: 2 hr 13 min 16 sec) 
Heartbeat CPU 0 instructions: 180000001 cycles: 59063100 heartbeat IPC: 3.03612 cumulative IPC: 3.03057 (Simulation time: 2 hr 18 min 59 sec) 
Heartbeat CPU 0 instructions: 190000003 cycles: 62385156 heartbeat IPC: 3.01019 cumulative IPC: 3.02946 (Simulation time: 2 hr 23 min 37 sec) 
Heartbeat CPU 0 instructions: 200000002 cycles: 65676646 heartbeat IPC: 3.03814 cumulative IPC: 3.02991 (Simulation time: 2 hr 27 min 31 sec) 
Max paddr 7M
Simulation finished CPU 0 instructions: 200000000 cycles: 66016972 cumulative IPC: 3.02953 (Simulation time: 2 hr 29 min 19 sec) 

Simulation complete CPU 0 instructions: 200000000 cycles: 66016972 (Simulation time: 2 hr 29 min 19 sec) 


ChampSim completed all CPUs

[
  {
    "name": "Simulation",
    "traces": [
      "../traces/481.wrf-1170B.champsimtrace.xz"
    ],
    "roi": {
      "cores": [
        {
          "instructions": 200000000,
          "cycles": 66016972,
          "Avg ROB occupancy at mispredict": 54.7293, 
          "mispredict": {
            "BRANCH_DIRECT_JUMP": 0,
            "BRANCH_INDIRECT": 0,
            "BRANCH_CONDITIONAL": 653218,
            "BRANCH_DIRECT_CALL": 0,
            "BRANCH_INDIRECT_CALL": 0,
            "BRANCH_RETURN": 0
          }
        }
      ],
      "cpu0_L1I": {
        "LOAD": {
          "hit":2864157,
          "miss":415718
        },
        "RFO": {
          "hit":0,
          "miss":0
        },
        "PREFETCH": {
          "hit":0,
          "miss":0
        },
        "WRITE": {
          "hit":0,
          "miss":0
        },
        "TRANSLATION": {
          "hit":0,
          "miss":0
        },
        "mshr full": 0,
        "prefetch requested": 0,
        "prefetch issued": 0,
        "prefetch filled": 0,
        "prefetch useful": 0,
        "prefetch useless": 0,
        "prefetch late": 0,
        "pf_useful_at_l2_from_l1":          0,
        "pf_late_at_l2_from_l1":          0,
        "pf_useless_at_l2_from_l1":          0,
        "pf_at_l2_to_l1":          0,
        "pf_fill_this_level":          0,
        "miss latency": 0.40331,
        "cache queues": {
          "PQ_ACCESS": 0,
          "PQ_FULL": 0,
          "PQ_TO_CACHE": 0,
          "PQ_MERGED": 0,
          "RQ_ACCESS": 3286633,
          "RQ_MERGED": 6758,
          "RQ_FULL": 0,
          "WQ_ACCESS": 0,
          "WQ_MERGED": 0,
          "WQ_FULL": 0
        }
      },
      "cpu0_ITLB": {
        "LOAD": {
          "hit":2820283,
          "miss":0
        },
        "RFO": {
          "hit":0,
          "miss":0
        },
        "PREFETCH": {
          "hit":0,
          "miss":0
        },
        "WRITE": {
          "hit":0,
          "miss":0
        },
        "TRANSLATION": {
          "hit":0,
          "miss":0
        },
        "mshr full": 0,
        "prefetch requested": 0,
        "prefetch issued": 0,
        "prefetch filled": 0,
        "prefetch useful": 0,
        "prefetch useless": 0,
        "prefetch late": 0,
        "pf_useful_at_l2_from_l1":          0,
        "pf_late_at_l2_from_l1":          0,
        "pf_useless_at_l2_from_l1":          0,
        "pf_at_l2_to_l1":          0,
        "pf_fill_this_level":          0,
        "miss latency": null,
        "cache queues": {
          "PQ_ACCESS": 0,
          "PQ_FULL": 0,
          "PQ_TO_CACHE": 0,
          "PQ_MERGED": 0,
          "RQ_ACCESS": 2820283,
          "RQ_MERGED": 0,
          "RQ_FULL": 0,
          "WQ_ACCESS": 0,
          "WQ_MERGED": 0,
          "WQ_FULL": 0
        }
      },
      "cpu0_DTLB": {
        "LOAD": {
          "hit":80013983,
          "miss":445711
        },
        "RFO": {
          "hit":0,
          "miss":0
        },
        "PREFETCH": {
          "hit":0,
          "miss":0
        },
        "WRITE": {
          "hit":0,
          "miss":0
        },
        "TRANSLATION": {
          "hit":0,
          "miss":0
        },
        "mshr full": 0,
        "prefetch requested": 0,
        "prefetch issued": 0,
        "prefetch filled": 0,
        "prefetch useful": 0,
        "prefetch useless": 0,
        "prefetch late": 0,
        "pf_useful_at_l2_from_l1":          0,
        "pf_late_at_l2_from_l1":          0,
        "pf_useless_at_l2_from_l1":          0,
        "pf_at_l2_to_l1":          0,
        "pf_fill_this_level":          0,
        "miss latency": 0.404732,
        "cache queues": {
          "PQ_ACCESS": 0,
          "PQ_FULL": 0,
          "PQ_TO_CACHE": 0,
          "PQ_MERGED": 0,
          "RQ_ACCESS": 87517333,
          "RQ_MERGED": 0,
          "RQ_FULL": 7057639,
          "WQ_ACCESS": 0,
          "WQ_MERGED": 0,
          "WQ_FULL": 0
        }
      },
      "cpu0_STLB": {
        "LOAD": {
          "hit":288716,
          "miss":1493
        },
        "RFO": {
          "hit":0,
          "miss":0
        },
        "PREFETCH": {
          "hit":0,
          "miss":0
        },
        "WRITE": {
          "hit":0,
          "miss":0
        },
        "TRANSLATION": {
          "hit":0,
          "miss":0
        },
        "mshr full": 0,
        "prefetch requested": 0,
        "prefetch issued": 0,
        "prefetch filled": 0,
        "prefetch useful": 0,
        "prefetch useless": 0,
        "prefetch late": 0,
        "pf_useful_at_l2_from_l1":          0,
        "pf_late_at_l2_from_l1":          0,
        "pf_useless_at_l2_from_l1":          0,
        "pf_at_l2_to_l1":          0,
        "pf_fill_this_level":          0,
        "miss latency": 23.3538,
        "cache queues": {
          "PQ_ACCESS": 0,
          "PQ_FULL": 0,
          "PQ_TO_CACHE": 0,
          "PQ_MERGED": 0,
          "RQ_ACCESS": 290209,
          "RQ_MERGED": 0,
          "RQ_FULL": 0,
          "WQ_ACCESS": 0,
          "WQ_MERGED": 0,
          "WQ_FULL": 0
        }
      },
      "cpu0_L1D": {
        "LOAD": {
          "hit":51653605,
          "miss":564073
        },
        "RFO": {
          "hit":0,
          "miss":0
        },
        "PREFETCH": {
          "hit":849847,
          "miss":1158961
        },
        "WRITE": {
          "hit":31668264,
          "miss":320807
        },
        "TRANSLATION": {
          "hit":0,
          "miss":1497
        },
        "mshr full": 845124,
        "prefetch requested": 2008920,
        "prefetch issued": 2008920,
        "prefetch filled": 487,
        "prefetch useful": 288,
        "prefetch useless": 209,
        "prefetch late": 0,
        "pf_useful_at_l2_from_l1":          0,
        "pf_late_at_l2_from_l1":          0,
        "pf_useless_at_l2_from_l1":          0,
        "pf_at_l2_to_l1":          0,
        "pf_fill_this_level":        487,
        "miss latency": 1.78026,
        "cache queues": {
          "PQ_ACCESS": 2008920,
          "PQ_FULL": 0,
          "PQ_TO_CACHE": 2008920,
          "PQ_MERGED": 100,
          "RQ_ACCESS": 186105982,
          "RQ_MERGED": 6,
          "RQ_FULL": 133888295,
          "WQ_ACCESS": 31990531,
          "WQ_MERGED": 0,
          "WQ_FULL": 1457
        }
      },
      "cpu0_L2C": {
        "LOAD": {
          "hit":752126,
          "miss":46259
        },
        "RFO": {
          "hit":192161,
          "miss":1083
        },
        "PREFETCH": {
          "hit":1107920,
          "miss":48667
        },
        "WRITE": {
          "hit":286613,
          "miss":0
        },
        "TRANSLATION": {
          "hit":275,
          "miss":1222
        },
        "mshr full": 156224,
        "prefetch requested": 0,
        "prefetch issued": 0,
        "prefetch filled": 48348,
        "prefetch useful": 0,
        "prefetch useless": 0,
        "prefetch late": 0,
        "pf_useful_at_l2_from_l1":      45766,
        "pf_late_at_l2_from_l1":        261,
        "pf_useless_at_l2_from_l1":       2162,
        "pf_at_l2_to_l1":         31,
        "pf_fill_this_level":      48340,
        "miss latency": 38.5058,
        "cache queues": {
          "PQ_ACCESS": 1160138,
          "PQ_FULL": 3530,
          "PQ_TO_CACHE": 1156608,
          "PQ_MERGED": 0,
          "RQ_ACCESS": 994915,
          "RQ_MERGED": 0,
          "RQ_FULL": 0,
          "WQ_ACCESS": 286782,
          "WQ_MERGED": 0,
          "WQ_FULL": 0
        }
      },
      "LLC": {
        "LOAD": {
          "hit": [31],
          "miss": [45967]
        },
        "RFO": {
          "hit": [11],
          "miss": [1072]
        },
        "PREFETCH": {
          "hit": [340],
          "miss": [48268]
        },
        "WRITE": {
          "hit": [27887],
          "miss": [0]
        },
        "TRANSLATION": {
          "hit": [1094],
          "miss": [128]
        },
        "mshr full": 0,
        "prefetch requested": 0,
        "prefetch issued": 0,
        "prefetch filled": 48268,
        "prefetch useful": 0,
        "prefetch useless": 0,
        "prefetch late": 0,
        "pf_useful_at_l2_from_l1":          0,
        "pf_late_at_l2_from_l1":          0,
        "pf_useless_at_l2_from_l1":          0,
        "pf_at_l2_to_l1":          0,
        "pf_fill_this_level":          0,
        "miss latency": 36.7285,
        "cache queues": {
          "PQ_ACCESS": 48609,
          "PQ_FULL": 0,
          "PQ_TO_CACHE": 48609,
          "PQ_MERGED": 0,
          "RQ_ACCESS": 48303,
          "RQ_MERGED": 0,
          "RQ_FULL": 0,
          "WQ_ACCESS": 27894,
          "WQ_MERGED": 0,
          "WQ_FULL": 0
        }
      },
      "DRAM": [
        {
          "RQ ROW_BUFFER_HIT": 45950,
          "RQ ROW_BUFFER_MISS": 49485,
          "PQ FULL": 0,
          "WQ ROW_BUFFER_HIT": 3737,
          "WQ ROW_BUFFER_MISS": 16462,
          "WQ FULL": 0,
          "AVG DBUS CONGESTED CYCLE": 3.90618
        }
      ]

    },
    "sim": {
      "cores": [
        {
          "instructions": 200000000,
          "cycles": 66016972,
          "Avg ROB occupancy at mispredict": 54.7293, 
          "mispredict": {
            "BRANCH_DIRECT_JUMP": 0,
            "BRANCH_INDIRECT": 0,
            "BRANCH_CONDITIONAL": 653218,
            "BRANCH_DIRECT_CALL": 0,
            "BRANCH_INDIRECT_CALL": 0,
            "BRANCH_RETURN": 0
          }
        }
      ],
      "cpu0_L1I": {
        "LOAD": {
          "hit":2864157,
          "miss":415718
        },
        "RFO": {
          "hit":0,
          "miss":0
        },
        "PREFETCH": {
          "hit":0,
          "miss":0
        },
        "WRITE": {
          "hit":0,
          "miss":0
        },
        "TRANSLATION": {
          "hit":0,
          "miss":0
        },
        "mshr full": 0,
        "prefetch requested": 0,
        "prefetch issued": 0,
        "prefetch filled": 0,
        "prefetch useful": 0,
        "prefetch useless": 0,
        "prefetch late": 0,
        "pf_useful_at_l2_from_l1":          0,
        "pf_late_at_l2_from_l1":          0,
        "pf_useless_at_l2_from_l1":          0,
        "pf_at_l2_to_l1":          0,
        "pf_fill_this_level":          0,
        "miss latency": 0.40331,
        "cache queues": {
          "PQ_ACCESS": 0,
          "PQ_FULL": 0,
          "PQ_TO_CACHE": 0,
          "PQ_MERGED": 0,
          "RQ_ACCESS": 3286633,
          "RQ_MERGED": 6758,
          "RQ_FULL": 0,
          "WQ_ACCESS": 0,
          "WQ_MERGED": 0,
          "WQ_FULL": 0
        }
      },
      "cpu0_ITLB": {
        "LOAD": {
          "hit":2820283,
          "miss":0
        },
        "RFO": {
          "hit":0,
          "miss":0
        },
        "PREFETCH": {
          "hit":0,
          "miss":0
        },
        "WRITE": {
          "hit":0,
          "miss":0
        },
        "TRANSLATION": {
          "hit":0,
          "miss":0
        },
        "mshr full": 0,
        "prefetch requested": 0,
        "prefetch issued": 0,
        "prefetch filled": 0,
        "prefetch useful": 0,
        "prefetch useless": 0,
        "prefetch late": 0,
        "pf_useful_at_l2_from_l1":          0,
        "pf_late_at_l2_from_l1":          0,
        "pf_useless_at_l2_from_l1":          0,
        "pf_at_l2_to_l1":          0,
        "pf_fill_this_level":          0,
        "miss latency": null,
        "cache queues": {
          "PQ_ACCESS": 0,
          "PQ_FULL": 0,
          "PQ_TO_CACHE": 0,
          "PQ_MERGED": 0,
          "RQ_ACCESS": 2820283,
          "RQ_MERGED": 0,
          "RQ_FULL": 0,
          "WQ_ACCESS": 0,
          "WQ_MERGED": 0,
          "WQ_FULL": 0
        }
      },
      "cpu0_DTLB": {
        "LOAD": {
          "hit":80013983,
          "miss":445711
        },
        "RFO": {
          "hit":0,
          "miss":0
        },
        "PREFETCH": {
          "hit":0,
          "miss":0
        },
        "WRITE": {
          "hit":0,
          "miss":0
        },
        "TRANSLATION": {
          "hit":0,
          "miss":0
        },
        "mshr full": 0,
        "prefetch requested": 0,
        "prefetch issued": 0,
        "prefetch filled": 0,
        "prefetch useful": 0,
        "prefetch useless": 0,
        "prefetch late": 0,
        "pf_useful_at_l2_from_l1":          0,
        "pf_late_at_l2_from_l1":          0,
        "pf_useless_at_l2_from_l1":          0,
        "pf_at_l2_to_l1":          0,
        "pf_fill_this_level":          0,
        "miss latency": 0.404732,
        "cache queues": {
          "PQ_ACCESS": 0,
          "PQ_FULL": 0,
          "PQ_TO_CACHE": 0,
          "PQ_MERGED": 0,
          "RQ_ACCESS": 87517333,
          "RQ_MERGED": 0,
          "RQ_FULL": 7057639,
          "WQ_ACCESS": 0,
          "WQ_MERGED": 0,
          "WQ_FULL": 0
        }
      },
      "cpu0_STLB": {
        "LOAD": {
          "hit":288716,
          "miss":1493
        },
        "RFO": {
          "hit":0,
          "miss":0
        },
        "PREFETCH": {
          "hit":0,
          "miss":0
        },
        "WRITE": {
          "hit":0,
          "miss":0
        },
        "TRANSLATION": {
          "hit":0,
          "miss":0
        },
        "mshr full": 0,
        "prefetch requested": 0,
        "prefetch issued": 0,
        "prefetch filled": 0,
        "prefetch useful": 0,
        "prefetch useless": 0,
        "prefetch late": 0,
        "pf_useful_at_l2_from_l1":          0,
        "pf_late_at_l2_from_l1":          0,
        "pf_useless_at_l2_from_l1":          0,
        "pf_at_l2_to_l1":          0,
        "pf_fill_this_level":          0,
        "miss latency": 23.3538,
        "cache queues": {
          "PQ_ACCESS": 0,
          "PQ_FULL": 0,
          "PQ_TO_CACHE": 0,
          "PQ_MERGED": 0,
          "RQ_ACCESS": 290209,
          "RQ_MERGED": 0,
          "RQ_FULL": 0,
          "WQ_ACCESS": 0,
          "WQ_MERGED": 0,
          "WQ_FULL": 0
        }
      },
      "cpu0_L1D": {
        "LOAD": {
          "hit":51653605,
          "miss":564073
        },
        "RFO": {
          "hit":0,
          "miss":0
        },
        "PREFETCH": {
          "hit":849847,
          "miss":1158961
        },
        "WRITE": {
          "hit":31668264,
          "miss":320807
        },
        "TRANSLATION": {
          "hit":0,
          "miss":1497
        },
        "mshr full": 845124,
        "prefetch requested": 2008920,
        "prefetch issued": 2008920,
        "prefetch filled": 487,
        "prefetch useful": 288,
        "prefetch useless": 209,
        "prefetch late": 0,
        "pf_useful_at_l2_from_l1":          0,
        "pf_late_at_l2_from_l1":          0,
        "pf_useless_at_l2_from_l1":          0,
        "pf_at_l2_to_l1":          0,
        "pf_fill_this_level":        487,
        "miss latency": 1.78026,
        "cache queues": {
          "PQ_ACCESS": 2008920,
          "PQ_FULL": 0,
          "PQ_TO_CACHE": 2008920,
          "PQ_MERGED": 100,
          "RQ_ACCESS": 186105982,
          "RQ_MERGED": 6,
          "RQ_FULL": 133888295,
          "WQ_ACCESS": 31990531,
          "WQ_MERGED": 0,
          "WQ_FULL": 1457
        }
      },
      "cpu0_L2C": {
        "LOAD": {
          "hit":752126,
          "miss":46259
        },
        "RFO": {
          "hit":192161,
          "miss":1083
        },
        "PREFETCH": {
          "hit":1107920,
          "miss":48667
        },
        "WRITE": {
          "hit":286613,
          "miss":0
        },
        "TRANSLATION": {
          "hit":275,
          "miss":1222
        },
        "mshr full": 156224,
        "prefetch requested": 0,
        "prefetch issued": 0,
        "prefetch filled": 48348,
        "prefetch useful": 0,
        "prefetch useless": 0,
        "prefetch late": 0,
        "pf_useful_at_l2_from_l1":      45766,
        "pf_late_at_l2_from_l1":        261,
        "pf_useless_at_l2_from_l1":       2162,
        "pf_at_l2_to_l1":         31,
        "pf_fill_this_level":      48340,
        "miss latency": 38.5058,
        "cache queues": {
          "PQ_ACCESS": 1160138,
          "PQ_FULL": 3530,
          "PQ_TO_CACHE": 1156608,
          "PQ_MERGED": 0,
          "RQ_ACCESS": 994915,
          "RQ_MERGED": 0,
          "RQ_FULL": 0,
          "WQ_ACCESS": 286782,
          "WQ_MERGED": 0,
          "WQ_FULL": 0
        }
      },
      "LLC": {
        "LOAD": {
          "hit": [31],
          "miss": [45967]
        },
        "RFO": {
          "hit": [11],
          "miss": [1072]
        },
        "PREFETCH": {
          "hit": [340],
          "miss": [48268]
        },
        "WRITE": {
          "hit": [27887],
          "miss": [0]
        },
        "TRANSLATION": {
          "hit": [1094],
          "miss": [128]
        },
        "mshr full": 0,
        "prefetch requested": 0,
        "prefetch issued": 0,
        "prefetch filled": 48268,
        "prefetch useful": 0,
        "prefetch useless": 0,
        "prefetch late": 0,
        "pf_useful_at_l2_from_l1":          0,
        "pf_late_at_l2_from_l1":          0,
        "pf_useless_at_l2_from_l1":          0,
        "pf_at_l2_to_l1":          0,
        "pf_fill_this_level":          0,
        "miss latency": 36.7285,
        "cache queues": {
          "PQ_ACCESS": 48609,
          "PQ_FULL": 0,
          "PQ_TO_CACHE": 48609,
          "PQ_MERGED": 0,
          "RQ_ACCESS": 48303,
          "RQ_MERGED": 0,
          "RQ_FULL": 0,
          "WQ_ACCESS": 27894,
          "WQ_MERGED": 0,
          "WQ_FULL": 0
        }
      },
      "DRAM": [
        {
          "RQ ROW_BUFFER_HIT": 45950,
          "RQ ROW_BUFFER_MISS": 49485,
          "PQ FULL": 0,
          "WQ ROW_BUFFER_HIT": 3737,
          "WQ ROW_BUFFER_MISS": 16462,
          "WQ FULL": 0,
          "AVG DBUS CONGESTED CYCLE": 3.90618
        }
      ]

    }
  }
]
cpu0_ITLB
cpu0_DTLB
cpu0_STLB
Prefetch Request to L1: 1813, Prefetch Request to L2: 2007107
Invalid by Eviction: 43155
Invalid by Max: 437523
Filter table begin
 ┌────────────────────┬─────────────┐
 | Region             | Offset      |
 ├────────────────────┼─────────────┤
 | 0x000000000000021a | 4           |
 ├────────────────────┼─────────────┤
 | 0x0000000000000264 | 24          |
 ├────────────────────┼─────────────┤
 | 0x000000000000033a | 15          |
 ├────────────────────┼─────────────┤
 | 0x0000000000000f67 | 1           |
 ├────────────────────┼─────────────┤
 | 0x0000000000000236 | 12          |
 ├────────────────────┼─────────────┤
 | 0x0000000000000241 | 19          |
 ├────────────────────┼─────────────┤
 | 0x0000000000000248 | 8           |
 ├────────────────────┼─────────────┤
 | 0x0000000000000ecc | 31          |
 ├────────────────────┼─────────────┤
 | 0x0000000000000f40 | 5           |
 ├────────────────────┼─────────────┤
 | 0x0000000000000f37 | 3           |
 ├────────────────────┼─────────────┤
 | 0x0000000000000ed4 | 24          |
 ├────────────────────┼─────────────┤
 | 0x0000000000000267 | 18          |
 ├────────────────────┼─────────────┤
 | 0x0000000000000ef8 | 3           |
 ├────────────────────┼─────────────┤
 | 0x0000000000000f39 | 3           |
 ├────────────────────┼─────────────┤
 | 0x000000000000023b | 8           |
 ├────────────────────┼─────────────┤
 | 0x0000000000000f6a | 0           |
 ├────────────────────┼─────────────┤
 | 0x00000000000002a8 | 5           |
 ├────────────────────┼─────────────┤
 | 0x0000000000000f69 | 1           |
 ├────────────────────┼─────────────┤
 | 0x000000000000033d | 1           |
 ├────────────────────┼─────────────┤
 | 0x0000000000000f3b | 2           |
 └────────────────────┴─────────────┘
Filter table end
Accumulation table begin
 ┌────────────────────┬─────────────┬─────────────┬──────────────────────────────────────────────────────────────────┐
 | Region             | Offset      | Second      | Pattern                                                          |
 ├────────────────────┼─────────────┼─────────────┼──────────────────────────────────────────────────────────────────┤
 | 0x0000000000000f63 | 4           | 22          | 0 0 0 0 1 0 0 0 0 0 0 0 0 1 0 0 0 0 0 0 0 0 1 0 0 0 0 0 0 0 1 0  |
 ├────────────────────┼─────────────┼─────────────┼──────────────────────────────────────────────────────────────────┤
 | 0x0000000000000229 | 12          | 9           | 0 1 1 1 1 1 1 1 1 1 0 1 1 0 0 0 0 0 0 0 0 0 0 0 0 0 0 0 0 1 0 0  |
 ├────────────────────┼─────────────┼─────────────┼──────────────────────────────────────────────────────────────────┤
 | 0x0000000000000f5a | 1           | 9           | 0 1 0 0 0 0 0 0 0 1 0 0 0 0 0 0 0 0 1 0 0 0 0 0 0 0 1 0 0 0 0 0  |
 ├────────────────────┼─────────────┼─────────────┼──────────────────────────────────────────────────────────────────┤
 | 0x0000000000000f5c | 1           | 9           | 0 1 0 0 0 0 0 0 0 1 0 0 0 0 0 0 0 0 1 0 0 0 0 0 0 0 1 0 0 0 0 0  |
 ├────────────────────┼─────────────┼─────────────┼──────────────────────────────────────────────────────────────────┤
 | 0x000000000000023d | 10          | 13          | 0 1 0 1 1 0 0 1 0 0 1 0 1 1 0 0 0 0 0 0 0 0 0 0 0 0 0 0 0 0 0 0  |
 ├────────────────────┼─────────────┼─────────────┼──────────────────────────────────────────────────────────────────┤
 | 0x0000000000000238 | 15          | 16          | 0 0 0 0 0 0 0 0 0 0 0 0 0 0 0 1 1 0 0 0 0 0 0 0 0 0 0 0 0 0 0 0  |
 ├────────────────────┼─────────────┼─────────────┼──────────────────────────────────────────────────────────────────┤
 | 0x0000000000000f5f | 8           | 17          | 0 0 0 0 0 0 0 0 1 0 0 0 0 0 0 0 0 1 0 0 0 0 0 0 0 1 0 0 0 0 0 0  |
 ├────────────────────┼─────────────┼─────────────┼──────────────────────────────────────────────────────────────────┤
 | 0x000000000000024f | 13          | 7           | 0 0 0 0 0 0 0 1 0 0 0 0 0 1 0 0 0 0 0 0 0 0 0 0 0 0 0 0 0 0 0 0  |
 ├────────────────────┼─────────────┼─────────────┼──────────────────────────────────────────────────────────────────┤
 | 0x0000000000000f65 | 4           | 22          | 0 0 0 0 1 0 0 0 0 0 0 0 0 1 0 0 0 0 0 0 0 0 1 0 0 0 0 0 0 0 1 0  |
 ├────────────────────┼─────────────┼─────────────┼──────────────────────────────────────────────────────────────────┤
 | 0x0000000000000f66 | 7           | 16          | 0 0 0 0 0 0 0 1 0 0 0 0 0 0 0 0 1 0 0 0 0 0 0 0 1 0 0 0 0 0 0 0  |
 ├────────────────────┼─────────────┼─────────────┼──────────────────────────────────────────────────────────────────┤
 | 0x000000000000022a | 31          | 28          | 0 0 0 0 0 0 0 0 0 0 0 0 0 0 0 0 0 0 0 0 0 0 0 0 0 0 0 0 1 0 0 1  |
 ├────────────────────┼─────────────┼─────────────┼──────────────────────────────────────────────────────────────────┤
 | 0x0000000000000f60 | 23          | 6           | 0 0 0 0 0 0 1 0 0 0 0 0 0 0 1 0 0 0 0 0 0 0 0 1 0 0 0 0 0 0 0 1  |
 ├────────────────────┼─────────────┼─────────────┼──────────────────────────────────────────────────────────────────┤
 | 0x0000000000000262 | 7           | 10          | 0 0 0 0 0 0 1 1 1 0 1 0 0 0 0 0 0 0 0 0 0 0 0 0 0 0 0 0 0 0 0 0  |
 ├────────────────────┼─────────────┼─────────────┼──────────────────────────────────────────────────────────────────┤
 | 0x0000000000000245 | 28          | 30          | 1 0 1 0 1 0 1 0 1 0 1 1 1 1 1 0 1 0 1 0 1 0 1 0 1 0 1 0 1 1 1 1  |
 ├────────────────────┼─────────────┼─────────────┼──────────────────────────────────────────────────────────────────┤
 | 0x0000000000000246 | 26          | 28          | 1 0 1 0 1 0 1 0 1 0 1 0 1 0 1 0 1 0 1 0 1 0 1 0 1 0 1 0 1 0 0 0  |
 ├────────────────────┼─────────────┼─────────────┼──────────────────────────────────────────────────────────────────┤
 | 0x000000000000021f | 11          | 10          | 0 0 0 0 0 0 0 0 0 0 1 1 0 0 0 0 0 0 0 0 0 0 0 0 0 0 0 0 0 0 0 0  |
 ├────────────────────┼─────────────┼─────────────┼──────────────────────────────────────────────────────────────────┤
 | 0x0000000000000244 | 26          | 28          | 0 0 0 0 0 0 0 0 0 0 0 0 0 0 0 0 0 0 0 0 0 0 0 0 0 0 1 0 1 0 1 0  |
 ├────────────────────┼─────────────┼─────────────┼──────────────────────────────────────────────────────────────────┤
 | 0x000000000000022d | 17          | 18          | 0 0 0 0 0 0 0 0 0 0 0 0 0 0 0 0 0 1 1 1 1 1 0 1 1 1 1 1 1 1 0 1  |
 ├────────────────────┼─────────────┼─────────────┼──────────────────────────────────────────────────────────────────┤
 | 0x0000000000000f64 | 11          | 2           | 0 0 1 0 0 0 0 0 0 0 0 1 0 0 0 0 0 0 0 1 0 0 0 0 0 0 0 0 1 0 0 0  |
 ├────────────────────┼─────────────┼─────────────┼──────────────────────────────────────────────────────────────────┤
 | 0x0000000000000239 | 30          | 27          | 0 0 0 0 0 0 0 0 0 0 0 0 0 0 0 0 0 0 0 0 0 0 1 1 1 1 1 1 1 1 1 1  |
 ├────────────────────┼─────────────┼─────────────┼──────────────────────────────────────────────────────────────────┤
 | 0x0000000000000f68 | 7           | 16          | 0 0 0 0 0 0 0 1 0 0 0 0 0 0 0 0 1 0 0 0 0 0 0 0 1 0 0 0 0 0 0 0  |
 ├────────────────────┼─────────────┼─────────────┼──────────────────────────────────────────────────────────────────┤
 | 0x0000000000000f5d | 12          | 20          | 0 0 0 1 0 0 0 0 0 0 0 0 1 0 0 0 0 0 0 0 1 0 0 0 0 0 0 0 0 1 0 0  |
 ├────────────────────┼─────────────┼─────────────┼──────────────────────────────────────────────────────────────────┤
 | 0x000000000000021b | 0           | 6           | 1 0 0 0 0 0 1 1 0 0 0 0 0 0 0 0 0 0 0 0 0 0 0 0 0 0 0 0 0 0 0 0  |
 ├────────────────────┼─────────────┼─────────────┼──────────────────────────────────────────────────────────────────┤
 | 0x0000000000000263 | 10          | 8           | 0 0 1 0 0 0 0 0 1 1 1 0 0 0 0 0 0 0 0 0 0 0 0 0 0 0 0 0 0 0 0 0  |
 ├────────────────────┼─────────────┼─────────────┼──────────────────────────────────────────────────────────────────┤
 | 0x0000000000000f61 | 8           | 17          | 0 0 0 0 0 0 0 0 1 0 0 0 0 0 0 0 0 1 0 0 0 0 0 0 0 1 0 0 0 0 0 0  |
 ├────────────────────┼─────────────┼─────────────┼──────────────────────────────────────────────────────────────────┤
 | 0x000000000000022e | 15          | 16          | 1 1 0 1 1 1 0 0 0 1 1 1 1 1 0 1 1 1 0 1 0 0 0 0 0 0 0 0 0 0 0 0  |
 ├────────────────────┼─────────────┼─────────────┼──────────────────────────────────────────────────────────────────┤
 | 0x000000000000026a | 3           | 4           | 1 1 0 1 1 0 0 0 0 0 0 0 0 0 0 0 0 0 0 0 0 0 0 0 0 0 0 0 0 0 0 0  |
 ├────────────────────┼─────────────┼─────────────┼──────────────────────────────────────────────────────────────────┤
 | 0x0000000000000228 | 7           | 8           | 0 0 1 1 0 0 1 1 1 1 1 1 0 0 1 0 1 1 1 1 1 1 1 1 1 1 1 1 1 1 1 1  |
 ├────────────────────┼─────────────┼─────────────┼──────────────────────────────────────────────────────────────────┤
 | 0x0000000000000221 | 3           | 23          | 0 0 0 1 1 0 0 0 0 1 0 0 0 0 1 0 0 0 1 0 0 0 0 1 0 0 0 0 0 0 0 0  |
 ├────────────────────┼─────────────┼─────────────┼──────────────────────────────────────────────────────────────────┤
 | 0x0000000000000f5e | 6           | 14          | 0 0 0 0 0 0 1 0 0 0 0 0 0 0 1 0 0 0 0 0 0 0 0 1 0 0 0 0 0 0 0 1  |
 ├────────────────────┼─────────────┼─────────────┼──────────────────────────────────────────────────────────────────┤
 | 0x000000000000023c | 7           | 13          | 1 1 1 1 0 0 1 1 0 0 1 0 1 1 1 0 1 1 1 1 1 1 0 1 0 0 1 0 0 0 0 0  |
 ├────────────────────┼─────────────┼─────────────┼──────────────────────────────────────────────────────────────────┤
 | 0x0000000000000f62 | 2           | 11          | 0 0 1 0 0 0 0 0 0 0 0 1 0 0 0 0 0 0 0 1 0 0 0 0 0 0 0 0 1 0 0 0  |
 └────────────────────┴─────────────┴─────────────┴──────────────────────────────────────────────────────────────────┘
Accumulation table end
Offset pattern table begin
 ┌────────────────────┬─────────────┬──────────────────────────────────────────────────────────────────────────────────┐
 | Key                | Second      | Pattern                                                                          |
 ├────────────────────┼─────────────┼──────────────────────────────────────────────────────────────────────────────────┤
 | 0x0000000000000000 | 17          | 22 0 0 0 0 0 1 1 8 10 1 0 0 0 0 0 0 14 4 0 0 0 0 0 0 0 17 0 0 0 0 0              |
 ├────────────────────┼─────────────┼──────────────────────────────────────────────────────────────────────────────────┤
 | 0x0000000000000001 | 9           | 26 0 1 1 0 0 0 0 10 14 0 0 0 0 0 0 0 18 4 0 0 0 0 0 0 2 20 0 0 0 0 1             |
 ├────────────────────┼─────────────┼──────────────────────────────────────────────────────────────────────────────────┤
 | 0x0000000000000002 | 3           | 24 0 0 0 0 0 0 0 10 13 0 0 0 0 0 0 0 17 5 0 0 0 0 0 0 3 19 0 0 0 0 0             |
 ├────────────────────┼─────────────┼──────────────────────────────────────────────────────────────────────────────────┤
 | 0x0000000000000003 | 23          | 29 5 1 0 0 2 4 2 10 14 1 2 1 0 1 2 1 16 5 0 4 0 1 0 1 3 18 0 1 2 3 0             |
 ├────────────────────┼─────────────┼──────────────────────────────────────────────────────────────────────────────────┤
 | 0x0000000000000004 | 21          | 26 0 0 0 0 0 0 0 8 16 0 0 0 0 0 0 0 11 7 0 0 0 0 0 0 1 17 0 1 1 0 1              |
 ├────────────────────┼─────────────┼──────────────────────────────────────────────────────────────────────────────────┤
 | 0x0000000000000005 | 14          | 23 0 0 0 0 0 0 0 10 13 0 0 0 0 0 0 0 17 4 0 0 0 0 0 0 3 18 0 0 0 0 0             |
 ├────────────────────┼─────────────┼──────────────────────────────────────────────────────────────────────────────────┤
 | 0x0000000000000006 | 7           | 17 0 0 0 0 0 0 0 7 9 0 0 0 0 0 0 0 13 1 0 0 0 0 0 0 3 0 0 0 0 0 0                |
 ├────────────────────┼─────────────┼──────────────────────────────────────────────────────────────────────────────────┤
 | 0x0000000000000007 | 16          | 20 2 1 2 1 0 0 1 7 11 1 1 1 1 1 1 1 12 5 1 1 1 1 1 1 0 0 1 1 0 0 2               |
 ├────────────────────┼─────────────┼──────────────────────────────────────────────────────────────────────────────────┤
 | 0x0000000000000008 | 17          | 21 0 0 0 0 0 0 0 9 11 0 0 0 0 0 0 0 17 3 0 0 0 0 0 3 0 0 0 0 0 0 0               |
 ├────────────────────┼─────────────┼──────────────────────────────────────────────────────────────────────────────────┤
 | 0x0000000000000009 | 11          | 19 1 1 1 1 0 0 0 6 10 0 0 0 0 0 0 0 13 3 0 0 0 0 10 4 1 1 0 0 0 0 0              |
 ├────────────────────┼─────────────┼──────────────────────────────────────────────────────────────────────────────────┤
 | 0x000000000000000a | 8           | 17 0 3 3 1 0 0 0 2 4 0 0 0 0 0 0 0 4 2 0 0 0 1 5 6 3 2 0 1 5 4 6                 |
 ├────────────────────┼─────────────┼──────────────────────────────────────────────────────────────────────────────────┤
 | 0x000000000000000b | 10          | 29 0 0 0 0 0 0 0 8 11 0 0 0 0 0 0 0 11 5 0 0 0 0 9 4 0 0 0 0 0 0 8               |
 ├────────────────────┼─────────────┼──────────────────────────────────────────────────────────────────────────────────┤
 | 0x000000000000000c | 21          | 23 4 4 4 4 4 4 4 9 12 4 4 4 4 4 4 4 17 5 4 0 4 4 11 9 4 4 4 4 5 0 5              |
 ├────────────────────┼─────────────┼──────────────────────────────────────────────────────────────────────────────────┤
 | 0x000000000000000d | 9           | 31 0 0 0 0 0 0 0 7 13 0 0 0 0 0 0 0 12 7 0 9 0 9 10 13 0 9 0 9 0 9 0             |
 ├────────────────────┼─────────────┼──────────────────────────────────────────────────────────────────────────────────┤
 | 0x000000000000000e | 6           | 31 0 0 0 0 0 0 0 11 19 0 0 0 0 0 0 0 22 0 0 0 0 0 10 3 0 0 0 0 0 0 0             |
 ├────────────────────┼─────────────┼──────────────────────────────────────────────────────────────────────────────────┤
 | 0x000000000000000f | 16          | 18 6 3 0 3 0 0 0 5 4 0 0 0 0 0 0 0 1 1 0 1 1 1 3 2 0 1 1 1 1 1 0                 |
 ├────────────────────┼─────────────┼──────────────────────────────────────────────────────────────────────────────────┤
 | 0x0000000000000010 | 8           | 16 1 1 1 1 1 1 1 6 10 1 0 1 1 1 1 0 0 0 0 0 0 0 9 5 0 0 1 1 0 0 1                |
 ├────────────────────┼─────────────┼──────────────────────────────────────────────────────────────────────────────────┤
 | 0x0000000000000011 | 18          | 30 15 15 15 15 0 15 15 25 19 15 15 15 0 15 3 0 0 0 0 0 0 0 10 2 0 0 0 0 0 0 0    |
 ├────────────────────┼─────────────┼──────────────────────────────────────────────────────────────────────────────────┤
 | 0x0000000000000012 | 20          | 21 0 0 0 0 0 0 0 7 13 0 0 0 0 1 6 0 0 0 0 0 0 0 6 2 0 0 0 0 0 0 0                |
 ├────────────────────┼─────────────┼──────────────────────────────────────────────────────────────────────────────────┤
 | 0x0000000000000013 | 14          | 22 0 0 0 0 0 1 0 4 17 0 1 0 0 0 3 0 0 0 0 0 0 0 2 3 0 0 1 0 1 1 0                |
 ├────────────────────┼─────────────┼──────────────────────────────────────────────────────────────────────────────────┤
 | 0x0000000000000014 | 12          | 27 0 0 0 0 0 0 0 10 16 0 0 0 0 2 4 0 0 0 0 0 0 0 9 9 0 0 0 0 0 0 0               |
 ├────────────────────┼─────────────┼──────────────────────────────────────────────────────────────────────────────────┤
 | 0x0000000000000015 | 30          | 19 0 0 0 0 0 0 0 8 10 0 0 0 0 0 4 0 0 0 0 0 0 0 10 1 0 0 0 0 0 0 0               |
 ├────────────────────┼─────────────┼──────────────────────────────────────────────────────────────────────────────────┤
 | 0x0000000000000016 | 31          | 27 0 0 1 1 1 1 0 10 16 0 0 0 0 3 10 0 0 0 0 0 0 0 6 8 1 1 1 1 1 1 1              |
 ├────────────────────┼─────────────┼──────────────────────────────────────────────────────────────────────────────────┤
 | 0x0000000000000017 | 15          | 20 1 0 0 0 0 0 0 11 0 0 0 0 0 3 7 0 0 0 0 0 0 0 7 3 0 0 0 0 0 0 0                |
 ├────────────────────┼─────────────┼──────────────────────────────────────────────────────────────────────────────────┤
 | 0x0000000000000018 | 7           | 19 0 0 0 0 0 0 0 0 0 0 0 0 0 3 14 0 0 0 0 0 0 0 9 8 0 0 0 0 0 0 0                |
 ├────────────────────┼─────────────┼──────────────────────────────────────────────────────────────────────────────────┤
 | 0x0000000000000019 | 24          | 25 5 3 7 3 4 4 0 0 0 0 0 0 0 6 9 0 0 0 0 0 0 1 15 10 4 4 4 4 1 4 3               |
 ├────────────────────┼─────────────┼──────────────────────────────────────────────────────────────────────────────────┤
 | 0x000000000000001a | 28          | 24 0 21 0 11 0 11 0 10 0 10 0 10 0 11 1 10 0 10 0 10 0 10 1 11 0 10 0 10 0 10 0  |
 ├────────────────────┼─────────────┼──────────────────────────────────────────────────────────────────────────────────┤
 | 0x000000000000001b | 20          | 27 16 11 14 16 0 5 1 0 0 0 0 0 0 1 6 0 0 0 3 3 3 3 9 6 3 3 13 12 12 16 16        |
 ├────────────────────┼─────────────┼──────────────────────────────────────────────────────────────────────────────────┤
 | 0x000000000000001c | 31          | 29 12 26 18 6 1 9 1 8 1 8 3 10 3 7 12 15 8 16 9 22 13 16 13 18 9 16 8 9 16 17 5  |
 ├────────────────────┼─────────────┼──────────────────────────────────────────────────────────────────────────────────┤
 | 0x000000000000001d | 12          | 30 14 16 9 0 9 5 10 0 9 0 9 0 9 12 14 11 9 0 9 0 9 0 16 4 13 4 13 4 13 4 13      |
 ├────────────────────┼─────────────┼──────────────────────────────────────────────────────────────────────────────────┤
 | 0x000000000000001e | 31          | 24 12 3 1 5 1 9 2 5 3 6 3 3 6 8 9 7 5 12 6 8 6 8 9 14 7 8 10 11 4 15 9           |
 ├────────────────────┼─────────────┼──────────────────────────────────────────────────────────────────────────────────┤
 | 0x000000000000001f | 29          | 22 0 9 0 9 0 11 1 9 0 9 0 10 0 10 2 9 0 9 0 9 4 9 10 15 9 14 9 14 9 14 4         |
 └────────────────────┴─────────────┴──────────────────────────────────────────────────────────────────────────────────┘
Offset pattern table end
PC pattern table begin
 ┌────────────────────┬─────────────┬──────────────────────────────────────────────────┐
 | Key                | Second      | Pattern                                          |
 ├────────────────────┼─────────────┼──────────────────────────────────────────────────┤
 | 0x0000000000000000 | 16          | 17 0 0 0 12 3 0 0 5 7 0 0 1 6 0 0                |
 ├────────────────────┼─────────────┼──────────────────────────────────────────────────┤
 | 0x0000000000000001 | 30          | 22 0 0 0 15 2 0 1 6 6 0 3 7 4 0 0                |
 ├────────────────────┼─────────────┼──────────────────────────────────────────────────┤
 | 0x0000000000000002 | 21          | 20 0 0 0 13 3 0 0 4 10 0 2 3 9 1 2               |
 ├────────────────────┼─────────────┼──────────────────────────────────────────────────┤
 | 0x0000000000000003 | 9           | 20 1 1 1 11 6 1 1 5 6 1 2 5 10 4 2               |
 ├────────────────────┼─────────────┼──────────────────────────────────────────────────┤
 | 0x0000000000000004 | 16          | 30 25 19 19 19 19 19 19 19 22 25 22 22 25 29 22  |
 ├────────────────────┼─────────────┼──────────────────────────────────────────────────┤
 | 0x0000000000000005 | 3           | 17 16 13 2 2 2 2 1 1 1 1 1 1 5 2 2               |
 ├────────────────────┼─────────────┼──────────────────────────────────────────────────┤
 | 0x0000000000000006 | 9           | 28 21 11 11 10 11 11 10 10 13 19 14 14 15 22 14  |
 ├────────────────────┼─────────────┼──────────────────────────────────────────────────┤
 | 0x0000000000000007 | 22          | 30 30 22 18 18 18 18 18 18 25 29 29 29 29 30 28  |
 ├────────────────────┼─────────────┼──────────────────────────────────────────────────┤
 | 0x0000000000000008 | 8           | 23 1 1 1 1 1 1 1 1 1 1 1 1 1 1 22                |
 ├────────────────────┼─────────────┼──────────────────────────────────────────────────┤
 | 0x0000000000000009 | 20          | 16 0 0 0 10 3 0 1 5 5 0 2 1 6 0 0                |
 ├────────────────────┼─────────────┼──────────────────────────────────────────────────┤
 | 0x000000000000000a | 28          | 20 18 8 16 16 16 16 16 17 19 19 19 9 16 12 17    |
 ├────────────────────┼─────────────┼──────────────────────────────────────────────────┤
 | 0x000000000000000b | 0           | 27 2 0 0 16 9 1 3 9 14 1 3 9 11 1 1              |
 ├────────────────────┼─────────────┼──────────────────────────────────────────────────┤
 | 0x000000000000000c | 12          | 23 14 3 14 3 3 9 3 12 3 13 3 3 3 8 8             |
 ├────────────────────┼─────────────┼──────────────────────────────────────────────────┤
 | 0x000000000000000d | 23          | 25 24 13 11 0 0 11 0 11 0 11 0 0 0 0 0           |
 ├────────────────────┼─────────────┼──────────────────────────────────────────────────┤
 | 0x000000000000000e | 10          | 20 18 2 4 3 2 4 2 2 3 3 4 3 4 5 4                |
 ├────────────────────┼─────────────┼──────────────────────────────────────────────────┤
 | 0x000000000000000f | 14          | 20 0 0 0 14 3 0 2 7 5 0 1 4 4 0 0                |
 ├────────────────────┼─────────────┼──────────────────────────────────────────────────┤
 | 0x0000000000000010 | 17          | 29 0 0 0 19 9 0 0 6 15 0 0 4 13 0 0              |
 ├────────────────────┼─────────────┼──────────────────────────────────────────────────┤
 | 0x0000000000000011 | 7           | 30 6 4 6 23 12 6 6 15 14 6 7 10 19 6 6           |
 ├────────────────────┼─────────────┼──────────────────────────────────────────────────┤
 | 0x0000000000000012 | 20          | 20 7 5 1 1 1 1 1 1 2 3 2 3 2 14 14               |
 ├────────────────────┼─────────────┼──────────────────────────────────────────────────┤
 | 0x0000000000000013 | 10          | 19 2 1 1 1 1 1 1 1 1 2 2 1 1 2 1                 |
 ├────────────────────┼─────────────┼──────────────────────────────────────────────────┤
 | 0x0000000000000014 | 11          | 16 15 8 10 10 10 10 10 6 5 5 5 5 5 5 5           |
 ├────────────────────┼─────────────┼──────────────────────────────────────────────────┤
 | 0x0000000000000015 | 17          | 29 0 0 0 22 6 0 0 10 16 0 0 4 16 0 0             |
 ├────────────────────┼─────────────┼──────────────────────────────────────────────────┤
 | 0x0000000000000016 | 12          | 20 1 0 0 12 6 0 0 5 13 1 1 6 9 1 1               |
 ├────────────────────┼─────────────┼──────────────────────────────────────────────────┤
 | 0x0000000000000017 | 31          | 22 12 12 12 13 21 13 13 12 12 12 12 12 3 12 3    |
 ├────────────────────┼─────────────┼──────────────────────────────────────────────────┤
 | 0x0000000000000018 | 25          | 21 8 20 17 17 17 17 17 18 17 19 19 19 19 19 19   |
 ├────────────────────┼─────────────┼──────────────────────────────────────────────────┤
 | 0x0000000000000019 | 7           | 27 0 0 0 1 1 1 1 2 3 26 26 26 26 26 26           |
 ├────────────────────┼─────────────┼──────────────────────────────────────────────────┤
 | 0x000000000000001a | 28          | 19 17 18 18 14 17 13 17 16 12 12 12 12 14 14 13  |
 ├────────────────────┼─────────────┼──────────────────────────────────────────────────┤
 | 0x000000000000001b | 10          | 27 17 17 0 0 1 1 0 0 0 0 0 0 0 7 1               |
 ├────────────────────┼─────────────┼──────────────────────────────────────────────────┤
 | 0x000000000000001c | 28          | 29 22 22 13 14 13 14 14 18 18 26 26 26 26 26 27  |
 ├────────────────────┼─────────────┼──────────────────────────────────────────────────┤
 | 0x000000000000001d | 4           | 21 11 12 12 5 5 5 5 5 7 7 10 14 9 9 8            |
 ├────────────────────┼─────────────┼──────────────────────────────────────────────────┤
 | 0x000000000000001e | 3           | 22 4 4 4 3 4 4 3 4 3 3 3 3 4 6 20                |
 ├────────────────────┼─────────────┼──────────────────────────────────────────────────┤
 | 0x000000000000001f | 30          | 21 20 20 3 3 3 3 3 3 9 9 9 0 9 9 9               |
 └────────────────────┴─────────────┴──────────────────────────────────────────────────┘
PC pattern table end
Prefetch buffer begin
 ┌────────────────────┬──────────────────────────────────────────────────────────────────┐
 | Region             | Pattern                                                          |
 ├────────────────────┼──────────────────────────────────────────────────────────────────┤
 | 0x0000000000000f66 | 2 2 2 0 0 0 0 0 2 0 0 0 0 0 0 2 0 2 2 0 0 0 0 2 0 2 2 0 0 0 0 2  |
 ├────────────────────┼──────────────────────────────────────────────────────────────────┤
 | 0x0000000000000f55 | 0 0 2 0 0 0 0 0 0 2 0 2 2 0 0 0 0 2 0 2 2 0 0 0 0 0 0 0 2 0 0 0  |
 ├────────────────────┼──────────────────────────────────────────────────────────────────┤
 | 0x0000000000000f69 | 0 0 2 0 0 0 0 0 0 2 2 2 2 0 0 0 0 2 2 2 2 0 0 0 0 2 2 2 2 0 0 0  |
 ├────────────────────┼──────────────────────────────────────────────────────────────────┤
 | 0x0000000000000f5a | 0 0 2 0 0 0 0 0 0 0 2 2 2 0 0 0 0 2 0 2 2 0 0 0 0 2 0 2 2 0 0 0  |
 ├────────────────────┼──────────────────────────────────────────────────────────────────┤
 | 0x0000000000000f50 | 0 0 0 0 2 2 2 2 0 0 0 0 2 2 2 2 0 0 0 0 0 2 0 0 0 0 0 0 0 2 0 0  |
 ├────────────────────┼──────────────────────────────────────────────────────────────────┤
 | 0x0000000000000f63 | 0 0 0 0 0 2 0 0 0 0 0 0 2 0 2 2 0 0 0 0 2 2 0 2 0 0 0 0 2 2 0 2  |
 ├────────────────────┼──────────────────────────────────────────────────────────────────┤
 | 0x0000000000000f5f | 2 2 2 2 0 0 0 0 0 2 0 0 0 0 0 0 2 0 2 2 0 0 0 0 2 0 2 2 0 0 0 0  |
 ├────────────────────┼──────────────────────────────────────────────────────────────────┤
 | 0x0000000000000f5e | 2 2 0 0 0 0 0 2 0 0 0 0 0 0 0 2 2 2 0 0 0 0 2 0 2 2 0 0 0 0 2 0  |
 ├────────────────────┼──────────────────────────────────────────────────────────────────┤
 | 0x0000000000000f4f | 2 0 0 0 0 0 2 0 0 0 0 0 0 0 2 2 2 0 0 0 0 2 0 2 2 0 0 0 0 0 0 0  |
 ├────────────────────┼──────────────────────────────────────────────────────────────────┤
 | 0x0000000000000f5b | 0 0 0 0 2 0 0 0 0 0 0 2 0 2 2 0 0 0 0 2 0 2 2 0 0 0 0 2 2 0 2 0  |
 ├────────────────────┼──────────────────────────────────────────────────────────────────┤
 | 0x0000000000000f67 | 0 0 2 0 0 0 0 0 0 2 2 2 2 0 0 0 0 2 2 2 2 0 0 0 0 2 2 2 2 0 0 0  |
 ├────────────────────┼──────────────────────────────────────────────────────────────────┤
 | 0x0000000000000f62 | 0 0 0 2 0 0 0 0 0 0 2 0 2 2 0 0 0 0 2 0 2 2 0 0 0 0 2 2 0 2 0 0  |
 ├────────────────────┼──────────────────────────────────────────────────────────────────┤
 | 0x0000000000000f54 | 0 2 2 0 0 0 0 0 2 0 0 0 0 0 0 2 0 2 2 0 0 0 0 2 2 0 2 0 0 0 0 0  |
 ├────────────────────┼──────────────────────────────────────────────────────────────────┤
 | 0x0000000000000f68 | 2 2 2 0 0 0 0 0 2 0 0 0 0 0 0 2 0 2 2 0 0 0 0 2 0 2 2 0 0 0 0 2  |
 ├────────────────────┼──────────────────────────────────────────────────────────────────┤
 | 0x0000000000000f61 | 2 2 2 2 0 0 0 0 0 2 0 0 0 0 0 0 2 0 2 2 0 0 0 0 2 0 2 2 0 0 0 0  |
 ├────────────────────┼──────────────────────────────────────────────────────────────────┤
 | 0x0000000000000f52 | 2 2 2 2 0 0 0 0 2 2 2 2 0 0 0 0 0 2 0 0 0 0 0 0 2 0 0 0 0 0 0 0  |
 ├────────────────────┼──────────────────────────────────────────────────────────────────┤
 | 0x0000000000000f5d | 0 0 0 0 2 2 2 2 0 0 0 0 0 2 0 0 0 0 0 0 0 2 2 2 0 0 0 0 2 0 2 2  |
 ├────────────────────┼──────────────────────────────────────────────────────────────────┤
 | 0x0000000000000f58 | 0 0 0 2 0 2 2 2 0 0 0 0 0 2 0 0 0 0 0 0 2 2 0 0 0 0 0 0 2 2 2 2  |
 ├────────────────────┼──────────────────────────────────────────────────────────────────┤
 | 0x0000000000000f64 | 0 0 0 2 2 2 2 0 0 0 2 0 2 0 0 0 0 0 0 0 2 2 2 0 0 0 0 2 0 2 2 0  |
 ├────────────────────┼──────────────────────────────────────────────────────────────────┤
 | 0x0000000000000f65 | 0 0 0 0 0 2 0 0 0 0 0 0 2 0 2 2 0 0 0 0 2 2 0 2 0 0 0 0 2 2 0 2  |
 ├────────────────────┼──────────────────────────────────────────────────────────────────┤
 | 0x0000000000000f53 | 0 2 2 2 2 2 0 0 0 2 2 2 2 2 0 0 0 0 0 2 0 0 0 0 0 0 2 0 0 0 0 0  |
 ├────────────────────┼──────────────────────────────────────────────────────────────────┤
 | 0x0000000000000f56 | 0 0 0 0 0 2 0 0 0 0 0 0 0 2 2 2 0 0 0 0 2 2 2 2 0 0 0 0 0 0 2 2  |
 ├────────────────────┼──────────────────────────────────────────────────────────────────┤
 | 0x0000000000000f60 | 2 2 2 0 0 0 0 2 2 2 2 0 0 0 0 2 2 2 2 0 0 0 0 0 2 0 0 0 0 0 0 0  |
 ├────────────────────┼──────────────────────────────────────────────────────────────────┤
 | 0x0000000000000f5c | 0 0 2 0 0 0 0 0 0 0 2 2 2 0 0 0 0 2 0 2 2 0 0 0 0 2 0 2 2 0 0 0  |
 └────────────────────┴──────────────────────────────────────────────────────────────────┘
Prefetch buffer end
Filter by PPT: 0
cpu0_L2C
Num Con Filled: 0
Num Con Useful: 0 Useless:0 Accuracy: nan
LLC
