41 41 41
Available num physical pages: 35184372088576
WARNING: physical memory size is smaller than virtual memory size

*** ChampSim Multicore Out-of-Order Simulator ***

Warmup Instructions: 5000000
Simulation Instructions: 20000000
Number of CPUs: 1
Page size: 4096

Basic BTB sets: 1024 ways: 8 indirect buffer size: 4096 RAS size: 64
cpu0_L1D PMP prefetcher
Off-chip DRAM Size: 4 GiB Channels: 1 Width: 64-bit Data Rate: 3200 MT/s
Max paddr 3M
Warmup finished CPU 0 instructions: 5000002 cycles: 1250054 cumulative IPC: 3.99983 (Simulation time: 0 hr 2 min 40 sec) 

Warmup complete CPU 0 instructions: 5000002 cycles: 1250054 (Simulation time: 0 hr 2 min 40 sec) 

Heartbeat CPU 0 instructions: 10000002 cycles: 2676499 heartbeat IPC: 3.73623 cumulative IPC: 3.50522 (Simulation time: 0 hr 6 min 19 sec) 
Heartbeat CPU 0 instructions: 20000001 cycles: 5596232 heartbeat IPC: 3.42498 cumulative IPC: 3.45131 (Simulation time: 0 hr 13 min 45 sec) 
Max paddr 7M
Simulation finished CPU 0 instructions: 20000001 cycles: 5806130 cumulative IPC: 3.44464 (Simulation time: 0 hr 16 min 20 sec) 

Simulation complete CPU 0 instructions: 20000001 cycles: 5806130 (Simulation time: 0 hr 16 min 20 sec) 


ChampSim completed all CPUs

[
  {
    "name": "Simulation",
    "traces": [
      "../traces/437.leslie3d-134B.champsimtrace.xz"
    ],
    "roi": {
      "cores": [
        {
          "instructions": 20000001,
          "cycles": 5806130,
          "Avg ROB occupancy at mispredict": 328.393, 
          "mispredict": {
            "BRANCH_DIRECT_JUMP": 0,
            "BRANCH_INDIRECT": 0,
            "BRANCH_CONDITIONAL": 4704,
            "BRANCH_DIRECT_CALL": 0,
            "BRANCH_INDIRECT_CALL": 0,
            "BRANCH_RETURN": 0
          }
        }
      ],
      "cpu0_L1I": {
        "LOAD": {
          "hit":0,
          "miss":0
        },
        "RFO": {
          "hit":0,
          "miss":0
        },
        "PREFETCH": {
          "hit":0,
          "miss":0
        },
        "WRITE": {
          "hit":0,
          "miss":0
        },
        "TRANSLATION": {
          "hit":0,
          "miss":0
        },
        "mshr full": 0,
        "prefetch requested": 0,
        "prefetch issued": 0,
        "prefetch filled": 0,
        "prefetch useful": 0,
        "prefetch useless": 0,
        "prefetch late": 0,
        "pf_useful_at_l2_from_l1":          0,
        "pf_late_at_l2_from_l1":          0,
        "pf_useless_at_l2_from_l1":          0,
        "pf_at_l2_to_l1":          0,
        "pf_fill_this_level":          0,
        "miss latency": null,
        "cache queues": {
          "PQ_ACCESS": 0,
          "PQ_FULL": 0,
          "PQ_TO_CACHE": 0,
          "PQ_MERGED": 0,
          "RQ_ACCESS": 0,
          "RQ_MERGED": 0,
          "RQ_FULL": 0,
          "WQ_ACCESS": 0,
          "WQ_MERGED": 0,
          "WQ_FULL": 0
        }
      },
      "cpu0_ITLB": {
        "LOAD": {
          "hit":0,
          "miss":0
        },
        "RFO": {
          "hit":0,
          "miss":0
        },
        "PREFETCH": {
          "hit":0,
          "miss":0
        },
        "WRITE": {
          "hit":0,
          "miss":0
        },
        "TRANSLATION": {
          "hit":0,
          "miss":0
        },
        "mshr full": 0,
        "prefetch requested": 0,
        "prefetch issued": 0,
        "prefetch filled": 0,
        "prefetch useful": 0,
        "prefetch useless": 0,
        "prefetch late": 0,
        "pf_useful_at_l2_from_l1":          0,
        "pf_late_at_l2_from_l1":          0,
        "pf_useless_at_l2_from_l1":          0,
        "pf_at_l2_to_l1":          0,
        "pf_fill_this_level":          0,
        "miss latency": null,
        "cache queues": {
          "PQ_ACCESS": 0,
          "PQ_FULL": 0,
          "PQ_TO_CACHE": 0,
          "PQ_MERGED": 0,
          "RQ_ACCESS": 0,
          "RQ_MERGED": 0,
          "RQ_FULL": 0,
          "WQ_ACCESS": 0,
          "WQ_MERGED": 0,
          "WQ_FULL": 0
        }
      },
      "cpu0_DTLB": {
        "LOAD": {
          "hit":8213791,
          "miss":96470
        },
        "RFO": {
          "hit":0,
          "miss":0
        },
        "PREFETCH": {
          "hit":0,
          "miss":0
        },
        "WRITE": {
          "hit":0,
          "miss":0
        },
        "TRANSLATION": {
          "hit":0,
          "miss":0
        },
        "mshr full": 0,
        "prefetch requested": 0,
        "prefetch issued": 0,
        "prefetch filled": 0,
        "prefetch useful": 0,
        "prefetch useless": 0,
        "prefetch late": 0,
        "pf_useful_at_l2_from_l1":          0,
        "pf_late_at_l2_from_l1":          0,
        "pf_useless_at_l2_from_l1":          0,
        "pf_at_l2_to_l1":          0,
        "pf_fill_this_level":          0,
        "miss latency": 0.277635,
        "cache queues": {
          "PQ_ACCESS": 0,
          "PQ_FULL": 0,
          "PQ_TO_CACHE": 0,
          "PQ_MERGED": 0,
          "RQ_ACCESS": 8531855,
          "RQ_MERGED": 0,
          "RQ_FULL": 221595,
          "WQ_ACCESS": 0,
          "WQ_MERGED": 0,
          "WQ_FULL": 0
        }
      },
      "cpu0_STLB": {
        "LOAD": {
          "hit":23375,
          "miss":1052
        },
        "RFO": {
          "hit":0,
          "miss":0
        },
        "PREFETCH": {
          "hit":0,
          "miss":0
        },
        "WRITE": {
          "hit":0,
          "miss":0
        },
        "TRANSLATION": {
          "hit":0,
          "miss":0
        },
        "mshr full": 0,
        "prefetch requested": 0,
        "prefetch issued": 0,
        "prefetch filled": 0,
        "prefetch useful": 0,
        "prefetch useless": 0,
        "prefetch late": 0,
        "pf_useful_at_l2_from_l1":          0,
        "pf_late_at_l2_from_l1":          0,
        "pf_useless_at_l2_from_l1":          0,
        "pf_at_l2_to_l1":          0,
        "pf_fill_this_level":          0,
        "miss latency": 13.7231,
        "cache queues": {
          "PQ_ACCESS": 0,
          "PQ_FULL": 0,
          "PQ_TO_CACHE": 0,
          "PQ_MERGED": 0,
          "RQ_ACCESS": 24427,
          "RQ_MERGED": 0,
          "RQ_FULL": 0,
          "WQ_ACCESS": 0,
          "WQ_MERGED": 0,
          "WQ_FULL": 0
        }
      },
      "cpu0_L1D": {
        "LOAD": {
          "hit":7235259,
          "miss":411929
        },
        "RFO": {
          "hit":0,
          "miss":0
        },
        "PREFETCH": {
          "hit":77453,
          "miss":282155
        },
        "WRITE": {
          "hit":703638,
          "miss":103455
        },
        "TRANSLATION": {
          "hit":308,
          "miss":744
        },
        "mshr full": 5861,
        "prefetch requested": 359750,
        "prefetch issued": 359750,
        "prefetch filled": 16797,
        "prefetch useful": 15833,
        "prefetch useless": 2466,
        "prefetch late": 1456,
        "pf_useful_at_l2_from_l1":          0,
        "pf_late_at_l2_from_l1":          0,
        "pf_useless_at_l2_from_l1":          0,
        "pf_at_l2_to_l1":          2,
        "pf_fill_this_level":      16779,
        "miss latency": 0.836411,
        "cache queues": {
          "PQ_ACCESS": 359750,
          "PQ_FULL": 0,
          "PQ_TO_CACHE": 359750,
          "PQ_MERGED": 140,
          "RQ_ACCESS": 7825953,
          "RQ_MERGED": 338,
          "RQ_FULL": 178424,
          "WQ_ACCESS": 807093,
          "WQ_MERGED": 0,
          "WQ_FULL": 0
        }
      },
      "cpu0_L2C": {
        "LOAD": {
          "hit":118643,
          "miss":47889
        },
        "RFO": {
          "hit":31660,
          "miss":4917
        },
        "PREFETCH": {
          "hit":136151,
          "miss":138826
        },
        "WRITE": {
          "hit":48619,
          "miss":0
        },
        "TRANSLATION": {
          "hit":601,
          "miss":143
        },
        "mshr full": 75912,
        "prefetch requested": 0,
        "prefetch issued": 0,
        "prefetch filled": 133943,
        "prefetch useful": 0,
        "prefetch useless": 0,
        "prefetch late": 0,
        "pf_useful_at_l2_from_l1":      70653,
        "pf_late_at_l2_from_l1":       4647,
        "pf_useless_at_l2_from_l1":      58376,
        "pf_at_l2_to_l1":       1414,
        "pf_fill_this_level":     124855,
        "miss latency": 13.0652,
        "cache queues": {
          "PQ_ACCESS": 290317,
          "PQ_FULL": 15309,
          "PQ_TO_CACHE": 275008,
          "PQ_MERGED": 11,
          "RQ_ACCESS": 203903,
          "RQ_MERGED": 0,
          "RQ_FULL": 0,
          "WQ_ACCESS": 48744,
          "WQ_MERGED": 0,
          "WQ_FULL": 0
        }
      },
      "LLC": {
        "LOAD": {
          "hit": [31606],
          "miss": [11636]
        },
        "RFO": {
          "hit": [4822],
          "miss": [95]
        },
        "PREFETCH": {
          "hit": [81762],
          "miss": [56839]
        },
        "WRITE": {
          "hit": [20140],
          "miss": [0]
        },
        "TRANSLATION": {
          "hit": [131],
          "miss": [12]
        },
        "mshr full": 0,
        "prefetch requested": 0,
        "prefetch issued": 0,
        "prefetch filled": 56825,
        "prefetch useful": 0,
        "prefetch useless": 0,
        "prefetch late": 0,
        "pf_useful_at_l2_from_l1":          0,
        "pf_late_at_l2_from_l1":          0,
        "pf_useless_at_l2_from_l1":          0,
        "pf_at_l2_to_l1":       2081,
        "pf_fill_this_level":          0,
        "miss latency": 34.865,
        "cache queues": {
          "PQ_ACCESS": 138606,
          "PQ_FULL": 0,
          "PQ_TO_CACHE": 138606,
          "PQ_MERGED": 0,
          "RQ_ACCESS": 48302,
          "RQ_MERGED": 0,
          "RQ_FULL": 0,
          "WQ_ACCESS": 20255,
          "WQ_MERGED": 0,
          "WQ_FULL": 0
        }
      },
      "DRAM": [
        {
          "RQ ROW_BUFFER_HIT": 41353,
          "RQ ROW_BUFFER_MISS": 27215,
          "PQ FULL": 0,
          "WQ ROW_BUFFER_HIT": 1687,
          "WQ ROW_BUFFER_MISS": 8836,
          "WQ FULL": 0,
          "AVG DBUS CONGESTED CYCLE": 3.94403
        }
      ]

    },
    "sim": {
      "cores": [
        {
          "instructions": 20000001,
          "cycles": 5806130,
          "Avg ROB occupancy at mispredict": 328.393, 
          "mispredict": {
            "BRANCH_DIRECT_JUMP": 0,
            "BRANCH_INDIRECT": 0,
            "BRANCH_CONDITIONAL": 4704,
            "BRANCH_DIRECT_CALL": 0,
            "BRANCH_INDIRECT_CALL": 0,
            "BRANCH_RETURN": 0
          }
        }
      ],
      "cpu0_L1I": {
        "LOAD": {
          "hit":0,
          "miss":0
        },
        "RFO": {
          "hit":0,
          "miss":0
        },
        "PREFETCH": {
          "hit":0,
          "miss":0
        },
        "WRITE": {
          "hit":0,
          "miss":0
        },
        "TRANSLATION": {
          "hit":0,
          "miss":0
        },
        "mshr full": 0,
        "prefetch requested": 0,
        "prefetch issued": 0,
        "prefetch filled": 0,
        "prefetch useful": 0,
        "prefetch useless": 0,
        "prefetch late": 0,
        "pf_useful_at_l2_from_l1":          0,
        "pf_late_at_l2_from_l1":          0,
        "pf_useless_at_l2_from_l1":          0,
        "pf_at_l2_to_l1":          0,
        "pf_fill_this_level":          0,
        "miss latency": null,
        "cache queues": {
          "PQ_ACCESS": 0,
          "PQ_FULL": 0,
          "PQ_TO_CACHE": 0,
          "PQ_MERGED": 0,
          "RQ_ACCESS": 0,
          "RQ_MERGED": 0,
          "RQ_FULL": 0,
          "WQ_ACCESS": 0,
          "WQ_MERGED": 0,
          "WQ_FULL": 0
        }
      },
      "cpu0_ITLB": {
        "LOAD": {
          "hit":0,
          "miss":0
        },
        "RFO": {
          "hit":0,
          "miss":0
        },
        "PREFETCH": {
          "hit":0,
          "miss":0
        },
        "WRITE": {
          "hit":0,
          "miss":0
        },
        "TRANSLATION": {
          "hit":0,
          "miss":0
        },
        "mshr full": 0,
        "prefetch requested": 0,
        "prefetch issued": 0,
        "prefetch filled": 0,
        "prefetch useful": 0,
        "prefetch useless": 0,
        "prefetch late": 0,
        "pf_useful_at_l2_from_l1":          0,
        "pf_late_at_l2_from_l1":          0,
        "pf_useless_at_l2_from_l1":          0,
        "pf_at_l2_to_l1":          0,
        "pf_fill_this_level":          0,
        "miss latency": null,
        "cache queues": {
          "PQ_ACCESS": 0,
          "PQ_FULL": 0,
          "PQ_TO_CACHE": 0,
          "PQ_MERGED": 0,
          "RQ_ACCESS": 0,
          "RQ_MERGED": 0,
          "RQ_FULL": 0,
          "WQ_ACCESS": 0,
          "WQ_MERGED": 0,
          "WQ_FULL": 0
        }
      },
      "cpu0_DTLB": {
        "LOAD": {
          "hit":8213791,
          "miss":96470
        },
        "RFO": {
          "hit":0,
          "miss":0
        },
        "PREFETCH": {
          "hit":0,
          "miss":0
        },
        "WRITE": {
          "hit":0,
          "miss":0
        },
        "TRANSLATION": {
          "hit":0,
          "miss":0
        },
        "mshr full": 0,
        "prefetch requested": 0,
        "prefetch issued": 0,
        "prefetch filled": 0,
        "prefetch useful": 0,
        "prefetch useless": 0,
        "prefetch late": 0,
        "pf_useful_at_l2_from_l1":          0,
        "pf_late_at_l2_from_l1":          0,
        "pf_useless_at_l2_from_l1":          0,
        "pf_at_l2_to_l1":          0,
        "pf_fill_this_level":          0,
        "miss latency": 0.277635,
        "cache queues": {
          "PQ_ACCESS": 0,
          "PQ_FULL": 0,
          "PQ_TO_CACHE": 0,
          "PQ_MERGED": 0,
          "RQ_ACCESS": 8531855,
          "RQ_MERGED": 0,
          "RQ_FULL": 221595,
          "WQ_ACCESS": 0,
          "WQ_MERGED": 0,
          "WQ_FULL": 0
        }
      },
      "cpu0_STLB": {
        "LOAD": {
          "hit":23375,
          "miss":1052
        },
        "RFO": {
          "hit":0,
          "miss":0
        },
        "PREFETCH": {
          "hit":0,
          "miss":0
        },
        "WRITE": {
          "hit":0,
          "miss":0
        },
        "TRANSLATION": {
          "hit":0,
          "miss":0
        },
        "mshr full": 0,
        "prefetch requested": 0,
        "prefetch issued": 0,
        "prefetch filled": 0,
        "prefetch useful": 0,
        "prefetch useless": 0,
        "prefetch late": 0,
        "pf_useful_at_l2_from_l1":          0,
        "pf_late_at_l2_from_l1":          0,
        "pf_useless_at_l2_from_l1":          0,
        "pf_at_l2_to_l1":          0,
        "pf_fill_this_level":          0,
        "miss latency": 13.7231,
        "cache queues": {
          "PQ_ACCESS": 0,
          "PQ_FULL": 0,
          "PQ_TO_CACHE": 0,
          "PQ_MERGED": 0,
          "RQ_ACCESS": 24427,
          "RQ_MERGED": 0,
          "RQ_FULL": 0,
          "WQ_ACCESS": 0,
          "WQ_MERGED": 0,
          "WQ_FULL": 0
        }
      },
      "cpu0_L1D": {
        "LOAD": {
          "hit":7235259,
          "miss":411929
        },
        "RFO": {
          "hit":0,
          "miss":0
        },
        "PREFETCH": {
          "hit":77453,
          "miss":282155
        },
        "WRITE": {
          "hit":703638,
          "miss":103455
        },
        "TRANSLATION": {
          "hit":308,
          "miss":744
        },
        "mshr full": 5861,
        "prefetch requested": 359750,
        "prefetch issued": 359750,
        "prefetch filled": 16797,
        "prefetch useful": 15833,
        "prefetch useless": 2466,
        "prefetch late": 1456,
        "pf_useful_at_l2_from_l1":          0,
        "pf_late_at_l2_from_l1":          0,
        "pf_useless_at_l2_from_l1":          0,
        "pf_at_l2_to_l1":          2,
        "pf_fill_this_level":      16779,
        "miss latency": 0.836411,
        "cache queues": {
          "PQ_ACCESS": 359750,
          "PQ_FULL": 0,
          "PQ_TO_CACHE": 359750,
          "PQ_MERGED": 140,
          "RQ_ACCESS": 7825953,
          "RQ_MERGED": 338,
          "RQ_FULL": 178424,
          "WQ_ACCESS": 807093,
          "WQ_MERGED": 0,
          "WQ_FULL": 0
        }
      },
      "cpu0_L2C": {
        "LOAD": {
          "hit":118643,
          "miss":47889
        },
        "RFO": {
          "hit":31660,
          "miss":4917
        },
        "PREFETCH": {
          "hit":136151,
          "miss":138826
        },
        "WRITE": {
          "hit":48619,
          "miss":0
        },
        "TRANSLATION": {
          "hit":601,
          "miss":143
        },
        "mshr full": 75912,
        "prefetch requested": 0,
        "prefetch issued": 0,
        "prefetch filled": 133943,
        "prefetch useful": 0,
        "prefetch useless": 0,
        "prefetch late": 0,
        "pf_useful_at_l2_from_l1":      70653,
        "pf_late_at_l2_from_l1":       4647,
        "pf_useless_at_l2_from_l1":      58376,
        "pf_at_l2_to_l1":       1414,
        "pf_fill_this_level":     124855,
        "miss latency": 13.0652,
        "cache queues": {
          "PQ_ACCESS": 290317,
          "PQ_FULL": 15309,
          "PQ_TO_CACHE": 275008,
          "PQ_MERGED": 11,
          "RQ_ACCESS": 203903,
          "RQ_MERGED": 0,
          "RQ_FULL": 0,
          "WQ_ACCESS": 48744,
          "WQ_MERGED": 0,
          "WQ_FULL": 0
        }
      },
      "LLC": {
        "LOAD": {
          "hit": [31606],
          "miss": [11636]
        },
        "RFO": {
          "hit": [4822],
          "miss": [95]
        },
        "PREFETCH": {
          "hit": [81762],
          "miss": [56839]
        },
        "WRITE": {
          "hit": [20140],
          "miss": [0]
        },
        "TRANSLATION": {
          "hit": [131],
          "miss": [12]
        },
        "mshr full": 0,
        "prefetch requested": 0,
        "prefetch issued": 0,
        "prefetch filled": 56825,
        "prefetch useful": 0,
        "prefetch useless": 0,
        "prefetch late": 0,
        "pf_useful_at_l2_from_l1":          0,
        "pf_late_at_l2_from_l1":          0,
        "pf_useless_at_l2_from_l1":          0,
        "pf_at_l2_to_l1":       2081,
        "pf_fill_this_level":          0,
        "miss latency": 34.865,
        "cache queues": {
          "PQ_ACCESS": 138606,
          "PQ_FULL": 0,
          "PQ_TO_CACHE": 138606,
          "PQ_MERGED": 0,
          "RQ_ACCESS": 48302,
          "RQ_MERGED": 0,
          "RQ_FULL": 0,
          "WQ_ACCESS": 20255,
          "WQ_MERGED": 0,
          "WQ_FULL": 0
        }
      },
      "DRAM": [
        {
          "RQ ROW_BUFFER_HIT": 41353,
          "RQ ROW_BUFFER_MISS": 27215,
          "PQ FULL": 0,
          "WQ ROW_BUFFER_HIT": 1687,
          "WQ ROW_BUFFER_MISS": 8836,
          "WQ FULL": 0,
          "AVG DBUS CONGESTED CYCLE": 3.94403
        }
      ]

    }
  }
]
cpu0_ITLB
cpu0_DTLB
cpu0_STLB
Prefetch Request to L1: 31573, Prefetch Request to L2: 328177
Invalid by Eviction: 23428
Invalid by Max: 3968
Filter table begin
 ┌────────────────────┬─────────────┐
 | Region             | Offset      |
 ├────────────────────┼─────────────┤
 | 0x0000000000000387 | 31          |
 ├────────────────────┼─────────────┤
 | 0x0000000000000480 | 31          |
 ├────────────────────┼─────────────┤
 | 0x0000000000000493 | 31          |
 ├────────────────────┼─────────────┤
 | 0x0000000000000e63 | 0           |
 ├────────────────────┼─────────────┤
 | 0x0000000000000f7c | 0           |
 ├────────────────────┼─────────────┤
 | 0x0000000000000e5f | 0           |
 ├────────────────────┼─────────────┤
 | 0x00000000000004a6 | 31          |
 ├────────────────────┼─────────────┤
 | 0x0000000000000e61 | 0           |
 ├────────────────────┼─────────────┤
 | 0x0000000000000485 | 31          |
 ├────────────────────┼─────────────┤
 | 0x0000000000000f78 | 0           |
 ├────────────────────┼─────────────┤
 | 0x000000000000052d | 31          |
 ├────────────────────┼─────────────┤
 | 0x0000000000000513 | 31          |
 ├────────────────────┼─────────────┤
 | 0x0000000000000f7a | 0           |
 └────────────────────┴─────────────┘
Filter table end
Accumulation table begin
 ┌────────────────────┬─────────────┬─────────────┬──────────────────────────────────────────────────────────────────┐
 | Region             | Offset      | Second      | Pattern                                                          |
 ├────────────────────┼─────────────┼─────────────┼──────────────────────────────────────────────────────────────────┤
 | 0x000000000000021a | 14          | 15          | 0 0 0 0 0 0 1 0 0 0 0 0 0 0 1 1 0 0 0 0 0 0 1 1 0 0 0 0 0 0 0 0  |
 ├────────────────────┼─────────────┼─────────────┼──────────────────────────────────────────────────────────────────┤
 | 0x000000000000022a | 24          | 25          | 1 1 1 1 1 1 1 1 1 0 0 0 0 0 0 0 0 0 0 0 0 0 0 0 1 1 1 1 1 1 1 1  |
 ├────────────────────┼─────────────┼─────────────┼──────────────────────────────────────────────────────────────────┤
 | 0x000000000000025b | 0           | 1           | 1 1 1 1 1 1 1 1 1 1 1 0 0 0 0 0 0 0 0 0 0 0 0 0 0 0 0 0 0 0 0 0  |
 ├────────────────────┼─────────────┼─────────────┼──────────────────────────────────────────────────────────────────┤
 | 0x000000000000023d | 13          | 28          | 1 1 1 1 1 0 0 0 0 0 0 0 0 1 1 1 1 1 1 1 0 0 0 0 0 0 0 0 1 1 1 1  |
 ├────────────────────┼─────────────┼─────────────┼──────────────────────────────────────────────────────────────────┤
 | 0x0000000000000fa0 | 0           | 1           | 1 1 1 1 1 1 1 1 1 1 1 1 0 0 0 0 0 0 0 0 0 0 0 0 0 0 0 0 0 0 0 0  |
 ├────────────────────┼─────────────┼─────────────┼──────────────────────────────────────────────────────────────────┤
 | 0x000000000000033f | 12          | 13          | 0 0 0 0 0 0 0 0 0 0 0 0 1 1 1 1 1 1 1 1 1 1 1 1 1 1 1 1 0 0 0 0  |
 ├────────────────────┼─────────────┼─────────────┼──────────────────────────────────────────────────────────────────┤
 | 0x0000000000000d57 | 27          | 28          | 0 0 0 0 0 0 0 0 0 0 0 0 0 0 0 0 0 0 0 0 0 0 0 0 0 0 0 1 1 1 1 1  |
 ├────────────────────┼─────────────┼─────────────┼──────────────────────────────────────────────────────────────────┤
 | 0x0000000000000f90 | 3           | 4           | 0 0 0 1 1 1 1 1 1 1 1 0 0 0 0 0 0 0 0 0 0 0 0 0 0 0 0 0 0 0 0 0  |
 ├────────────────────┼─────────────┼─────────────┼──────────────────────────────────────────────────────────────────┤
 | 0x0000000000000c2e | 18          | 19          | 0 0 0 0 0 0 0 0 0 0 0 0 0 0 0 0 0 0 1 1 1 1 1 1 1 1 1 1 1 1 1 1  |
 ├────────────────────┼─────────────┼─────────────┼──────────────────────────────────────────────────────────────────┤
 | 0x000000000000022c | 20          | 4           | 1 1 1 0 1 1 1 1 1 1 1 1 1 1 1 1 1 1 0 0 1 1 1 1 1 1 1 1 1 1 1 1  |
 ├────────────────────┼─────────────┼─────────────┼──────────────────────────────────────────────────────────────────┤
 | 0x0000000000000f8e | 0           | 1           | 1 1 0 0 0 0 0 0 0 0 0 0 0 0 0 0 0 0 0 0 0 0 0 0 0 0 0 0 0 0 0 0  |
 ├────────────────────┼─────────────┼─────────────┼──────────────────────────────────────────────────────────────────┤
 | 0x0000000000000f88 | 0           | 1           | 1 1 0 0 0 0 0 0 0 0 0 0 0 0 0 0 0 0 0 0 0 0 0 0 0 0 0 0 0 0 0 0  |
 ├────────────────────┼─────────────┼─────────────┼──────────────────────────────────────────────────────────────────┤
 | 0x0000000000000249 | 10          | 11          | 0 0 0 0 0 0 0 0 0 0 1 1 1 1 1 1 1 1 1 1 1 1 1 1 1 1 1 1 1 1 1 1  |
 ├────────────────────┼─────────────┼─────────────┼──────────────────────────────────────────────────────────────────┤
 | 0x0000000000000d6b | 28          | 27          | 0 0 0 0 0 0 0 0 0 0 0 0 0 0 0 0 0 0 0 0 0 0 0 0 0 0 0 1 1 1 1 1  |
 ├────────────────────┼─────────────┼─────────────┼──────────────────────────────────────────────────────────────────┤
 | 0x000000000000022d | 1           | 2           | 1 1 1 1 1 1 1 1 1 1 1 1 1 1 1 1 1 0 0 0 0 0 0 0 0 0 0 0 0 0 0 0  |
 ├────────────────────┼─────────────┼─────────────┼──────────────────────────────────────────────────────────────────┤
 | 0x000000000000021b | 21          | 22          | 0 0 0 0 0 0 0 0 0 0 0 0 0 0 0 0 0 0 0 0 0 1 1 0 1 1 0 0 1 1 0 0  |
 ├────────────────────┼─────────────┼─────────────┼──────────────────────────────────────────────────────────────────┤
 | 0x0000000000000d63 | 21          | 22          | 0 0 0 0 0 0 0 0 0 0 0 0 0 0 0 0 0 0 0 0 0 1 1 1 1 1 1 1 1 1 1 1  |
 ├────────────────────┼─────────────┼─────────────┼──────────────────────────────────────────────────────────────────┤
 | 0x0000000000000278 | 17          | 16          | 0 0 0 0 0 0 0 0 0 0 0 0 0 0 0 0 1 1 1 1 0 0 0 0 0 0 0 0 0 0 0 0  |
 ├────────────────────┼─────────────┼─────────────┼──────────────────────────────────────────────────────────────────┤
 | 0x000000000000023c | 27          | 28          | 1 1 1 1 1 1 0 0 0 0 0 0 0 0 0 0 0 0 0 0 0 0 0 0 0 0 0 1 1 1 1 1  |
 ├────────────────────┼─────────────┼─────────────┼──────────────────────────────────────────────────────────────────┤
 | 0x000000000000038c | 19          | 20          | 0 0 0 0 0 0 0 0 0 0 0 0 0 0 0 0 0 0 0 1 1 1 1 1 1 1 1 1 0 0 0 0  |
 ├────────────────────┼─────────────┼─────────────┼──────────────────────────────────────────────────────────────────┤
 | 0x00000000000003b6 | 0           | 1           | 1 1 1 1 1 1 1 1 1 1 1 1 0 0 0 0 0 0 0 0 0 0 0 0 0 0 0 0 0 0 0 0  |
 ├────────────────────┼─────────────┼─────────────┼──────────────────────────────────────────────────────────────────┤
 | 0x000000000000022b | 23          | 24          | 1 1 1 1 1 1 1 1 0 0 0 0 0 0 0 0 0 0 0 0 0 0 0 1 1 1 1 1 1 1 1 1  |
 ├────────────────────┼─────────────┼─────────────┼──────────────────────────────────────────────────────────────────┤
 | 0x0000000000000d53 | 26          | 27          | 0 0 0 0 0 0 0 0 0 0 0 0 0 0 0 0 0 0 0 0 0 0 0 0 0 0 1 1 1 1 1 1  |
 ├────────────────────┼─────────────┼─────────────┼──────────────────────────────────────────────────────────────────┤
 | 0x0000000000000d65 | 25          | 26          | 0 0 0 0 0 0 0 0 0 0 0 0 0 0 0 0 0 0 0 0 0 0 0 0 0 1 1 1 1 1 1 1  |
 ├────────────────────┼─────────────┼─────────────┼──────────────────────────────────────────────────────────────────┤
 | 0x0000000000000d55 | 27          | 28          | 0 0 0 0 0 0 0 0 0 0 0 0 0 0 0 0 0 0 0 0 0 0 0 0 0 0 0 1 1 1 1 1  |
 ├────────────────────┼─────────────┼─────────────┼──────────────────────────────────────────────────────────────────┤
 | 0x0000000000000f8a | 0           | 1           | 1 1 0 0 0 0 0 0 0 0 0 0 0 0 0 0 0 0 0 0 0 0 0 0 0 0 0 0 0 0 0 0  |
 ├────────────────────┼─────────────┼─────────────┼──────────────────────────────────────────────────────────────────┤
 | 0x000000000000023a | 9           | 14          | 0 0 0 0 0 0 0 0 1 1 1 1 1 0 1 0 0 0 0 0 0 0 0 0 0 0 0 0 0 0 0 0  |
 ├────────────────────┼─────────────┼─────────────┼──────────────────────────────────────────────────────────────────┤
 | 0x0000000000000d69 | 19          | 20          | 0 0 0 0 0 0 0 0 0 0 0 0 0 0 0 0 0 0 0 1 1 1 1 1 1 1 1 1 1 1 1 1  |
 ├────────────────────┼─────────────┼─────────────┼──────────────────────────────────────────────────────────────────┤
 | 0x0000000000000d7b | 28          | 29          | 0 0 0 0 0 0 0 0 0 0 0 0 0 0 0 0 0 0 0 0 0 0 0 0 0 0 0 0 1 1 1 1  |
 ├────────────────────┼─────────────┼─────────────┼──────────────────────────────────────────────────────────────────┤
 | 0x0000000000000367 | 0           | 1           | 1 1 1 1 1 1 1 1 1 1 1 1 0 0 0 0 0 0 0 0 0 0 0 0 0 0 0 0 0 0 0 0  |
 └────────────────────┴─────────────┴─────────────┴──────────────────────────────────────────────────────────────────┘
Accumulation table end
Offset pattern table begin
 ┌────────────────────┬─────────────┬──────────────────────────────────────────────────────────────────────────────────────────────────┐
 | Key                | Second      | Pattern                                                                                          |
 ├────────────────────┼─────────────┼──────────────────────────────────────────────────────────────────────────────────────────────────┤
 | 0x0000000000000000 | 1           | 28 28 16 16 16 16 15 15 14 12 11 8 8 6 6 6 6 5 5 5 5 5 5 5 5 5 5 5 5 5 5 4                       |
 ├────────────────────┼─────────────┼──────────────────────────────────────────────────────────────────────────────────────────────────┤
 | 0x0000000000000001 | 2           | 28 27 26 25 25 25 24 24 23 23 23 23 24 24 24 23 2 2 2 2 2 2 2 2 2 2 2 2 2 2 2 17                 |
 ├────────────────────┼─────────────┼──────────────────────────────────────────────────────────────────────────────────────────────────┤
 | 0x0000000000000002 | 3           | 26 26 24 24 24 23 22 20 20 20 19 19 19 19 19 16 3 3 3 3 3 3 3 3 3 3 3 3 3 3 2 3                  |
 ├────────────────────┼─────────────┼──────────────────────────────────────────────────────────────────────────────────────────────────┤
 | 0x0000000000000003 | 4           | 26 22 17 15 15 14 14 14 14 13 12 12 12 12 11 16 10 7 5 4 4 4 4 4 4 4 4 4 4 4 4 5                 |
 ├────────────────────┼─────────────┼──────────────────────────────────────────────────────────────────────────────────────────────────┤
 | 0x0000000000000004 | 5           | 25 24 20 20 19 19 17 15 13 13 11 11 11 11 11 10 17 16 14 14 14 14 12 9 9 8 8 8 8 8 8 8           |
 ├────────────────────┼─────────────┼──────────────────────────────────────────────────────────────────────────────────────────────────┤
 | 0x0000000000000005 | 6           | 28 27 24 23 23 23 22 22 20 19 17 15 14 11 11 10 1 1 0 0 0 0 0 0 0 0 0 1 2 2 2 3                  |
 ├────────────────────┼─────────────┼──────────────────────────────────────────────────────────────────────────────────────────────────┤
 | 0x0000000000000006 | 22          | 22 19 14 14 14 14 14 14 15 14 12 10 9 9 9 8 3 3 0 0 0 0 0 0 0 0 0 2 1 1 1 3                      |
 ├────────────────────┼─────────────┼──────────────────────────────────────────────────────────────────────────────────────────────────┤
 | 0x0000000000000007 | 8           | 17 16 14 14 14 14 13 13 12 11 10 9 8 8 8 7 1 1 1 1 1 1 1 1 1 2 2 1 0 0 0 0                       |
 ├────────────────────┼─────────────┼──────────────────────────────────────────────────────────────────────────────────────────────────┤
 | 0x0000000000000008 | 9           | 19 18 16 15 15 15 15 14 12 11 11 11 11 11 10 9 1 1 1 1 1 1 1 1 0 0 0 0 0 0 0 0                   |
 ├────────────────────┼─────────────┼──────────────────────────────────────────────────────────────────────────────────────────────────┤
 | 0x0000000000000009 | 10          | 26 25 21 21 19 20 19 15 15 14 14 14 14 14 14 13 2 2 2 2 2 2 2 2 3 3 3 3 2 2 2 5                  |
 ├────────────────────┼─────────────┼──────────────────────────────────────────────────────────────────────────────────────────────────┤
 | 0x000000000000000a | 11          | 25 24 23 23 23 23 23 23 22 22 21 21 21 21 19 16 15 14 14 14 14 14 3 3 3 3 3 2 2 2 3 3            |
 ├────────────────────┼─────────────┼──────────────────────────────────────────────────────────────────────────────────────────────────┤
 | 0x000000000000000b | 12          | 29 28 27 27 27 26 26 25 24 23 23 23 23 23 23 20 5 5 5 5 5 8 8 8 8 8 8 8 8 9 9 10                 |
 ├────────────────────┼─────────────┼──────────────────────────────────────────────────────────────────────────────────────────────────┤
 | 0x000000000000000c | 13          | 20 19 19 18 18 18 18 18 17 17 17 17 17 17 17 13 3 3 3 3 5 5 5 5 5 5 5 5 5 5 5 6                  |
 ├────────────────────┼─────────────┼──────────────────────────────────────────────────────────────────────────────────────────────────┤
 | 0x000000000000000d | 14          | 19 18 18 13 15 15 13 12 14 15 15 14 14 14 14 12 5 5 5 3 6 3 3 3 3 3 6 6 3 3 3 4                  |
 ├────────────────────┼─────────────┼──────────────────────────────────────────────────────────────────────────────────────────────────┤
 | 0x000000000000000e | 15          | 22 21 12 14 14 11 11 13 18 18 13 13 13 13 13 12 4 4 3 5 3 3 3 3 8 5 5 3 3 3 3 7                  |
 ├────────────────────┼─────────────┼──────────────────────────────────────────────────────────────────────────────────────────────────┤
 | 0x000000000000000f | 16          | 19 17 17 17 16 16 16 16 16 16 16 16 16 16 16 13 4 5 5 5 5 5 5 4 5 5 4 4 4 5 6 7                  |
 ├────────────────────┼─────────────┼──────────────────────────────────────────────────────────────────────────────────────────────────┤
 | 0x0000000000000010 | 17          | 17 16 16 15 15 14 14 14 14 14 14 14 14 14 13 11 2 2 2 2 2 2 2 2 2 2 2 2 2 2 2 3                  |
 ├────────────────────┼─────────────┼──────────────────────────────────────────────────────────────────────────────────────────────────┤
 | 0x0000000000000011 | 16          | 20 19 18 16 16 16 16 16 16 16 16 16 16 15 15 3 3 3 3 3 3 3 3 3 3 3 3 3 3 3 3 5                   |
 ├────────────────────┼─────────────┼──────────────────────────────────────────────────────────────────────────────────────────────────┤
 | 0x0000000000000012 | 3           | 25 24 17 17 16 15 16 16 15 15 15 15 14 13 0 0 0 2 0 0 0 0 0 0 0 0 0 0 0 0 0 3                    |
 ├────────────────────┼─────────────┼──────────────────────────────────────────────────────────────────────────────────────────────────┤
 | 0x0000000000000013 | 20          | 19 18 14 13 9 9 9 9 8 8 7 6 5 0 0 0 2 2 0 0 0 0 0 0 0 0 0 0 0 0 0 0                              |
 ├────────────────────┼─────────────┼──────────────────────────────────────────────────────────────────────────────────────────────────┤
 | 0x0000000000000014 | 21          | 29 28 21 19 19 18 17 16 15 13 11 11 0 0 0 0 2 2 0 0 0 0 0 0 0 0 0 0 0 0 0 1                      |
 ├────────────────────┼─────────────┼──────────────────────────────────────────────────────────────────────────────────────────────────┤
 | 0x0000000000000015 | 22          | 22 21 15 16 16 13 13 15 14 13 12 4 4 4 2 1 4 3 2 2 2 2 2 2 4 4 4 2 3 3 0 0                       |
 ├────────────────────┼─────────────┼──────────────────────────────────────────────────────────────────────────────────────────────────┤
 | 0x0000000000000016 | 23          | 16 13 6 6 3 3 5 5 2 2 0 0 0 0 0 0 0 0 0 0 0 0 0 0 0 0 0 2 2 0 0 2                                |
 ├────────────────────┼─────────────┼──────────────────────────────────────────────────────────────────────────────────────────────────┤
 | 0x0000000000000017 | 22          | 27 26 19 12 10 9 9 8 8 4 4 4 3 3 3 3 3 1 1 1 1 1 1 1 1 1 1 1 0 0 0 1                             |
 ├────────────────────┼─────────────┼──────────────────────────────────────────────────────────────────────────────────────────────────┤
 | 0x0000000000000018 | 25          | 16 15 7 7 12 11 7 6 3 3 3 3 3 3 3 3 2 0 0 0 0 0 0 0 0 4 4 0 0 4 4 0                              |
 ├────────────────────┼─────────────┼──────────────────────────────────────────────────────────────────────────────────────────────────┤
 | 0x0000000000000019 | 26          | 26 14 8 20 20 8 9 1 1 1 0 0 0 0 0 0 0 0 0 0 1 1 1 0 12 12 0 0 11 11 0 12                         |
 ├────────────────────┼─────────────┼──────────────────────────────────────────────────────────────────────────────────────────────────┤
 | 0x000000000000001a | 10          | 25 24 18 15 11 9 2 2 2 2 2 1 1 1 0 0 0 1 1 1 1 1 1 1 1 1 0 0 0 0 0 2                             |
 ├────────────────────┼─────────────┼──────────────────────────────────────────────────────────────────────────────────────────────────┤
 | 0x000000000000001b | 11          | 21 20 18 16 16 1 1 1 1 1 1 0 0 0 0 0 0 1 1 1 1 1 1 1 1 0 0 0 0 0 0 1                             |
 ├────────────────────┼─────────────┼──────────────────────────────────────────────────────────────────────────────────────────────────┤
 | 0x000000000000001c | 13          | 25 23 14 14 4 4 3 3 3 3 1 2 1 0 0 0 1 3 3 3 2 8 8 2 1 6 6 2 6 6 2 3                              |
 ├────────────────────┼─────────────┼──────────────────────────────────────────────────────────────────────────────────────────────────┤
 | 0x000000000000001d | 30          | 27 25 12 4 2 2 2 2 2 1 2 1 0 0 0 0 1 1 1 1 3 3 1 1 3 3 2 3 3 2 2 3                               |
 ├────────────────────┼─────────────┼──────────────────────────────────────────────────────────────────────────────────────────────────┤
 | 0x000000000000001e | 0           | 16 14 1 1 1 1 1 1 1 1 1 0 0 0 0 0 1 2 2 2 2 2 2 2 2 2 1 1 1 1 1 1                                |
 ├────────────────────┼─────────────┼──────────────────────────────────────────────────────────────────────────────────────────────────┤
 | 0x000000000000001f | 1           | 30 18 20 18 18 18 18 17 18 15 14 14 14 14 17 17 20 20 20 20 20 20 23 23 21 22 22 20 18 20 20 22  |
 └────────────────────┴─────────────┴──────────────────────────────────────────────────────────────────────────────────────────────────┘
Offset pattern table end
PC pattern table begin
 ┌────────────────────┬─────────────┬──────────────────────────────────────────────────┐
 | Key                | Second      | Pattern                                          |
 ├────────────────────┼─────────────┼──────────────────────────────────────────────────┤
 | 0x0000000000000000 | 12          | 20 5 17 7 4 4 1 0 0 0 1 1 13 13 13 13            |
 ├────────────────────┼─────────────┼──────────────────────────────────────────────────┤
 | 0x0000000000000001 | 19          | 16 15 13 13 12 12 12 12 13 13 13 13 13 13 13 13  |
 ├────────────────────┼─────────────┼──────────────────────────────────────────────────┤
 | 0x0000000000000002 | 11          | 22 20 19 11 6 2 0 0 0 0 1 1 0 0 1 1              |
 ├────────────────────┼─────────────┼──────────────────────────────────────────────────┤
 | 0x0000000000000003 | 3           | 18 16 16 15 15 15 14 12 5 3 8 10 10 10 10 10     |
 ├────────────────────┼─────────────┼──────────────────────────────────────────────────┤
 | 0x0000000000000004 | 1           | 19 18 18 11 11 11 6 6 2 3 3 4 5 5 4 5            |
 ├────────────────────┼─────────────┼──────────────────────────────────────────────────┤
 | 0x0000000000000005 | 10          | 16 15 7 15 2 7 1 0 0 0 0 0 0 9 9 15              |
 ├────────────────────┼─────────────┼──────────────────────────────────────────────────┤
 | 0x0000000000000006 | 20          | 20 10 7 6 6 6 6 6 18 11 8 7 7 7 7 7              |
 ├────────────────────┼─────────────┼──────────────────────────────────────────────────┤
 | 0x0000000000000007 | 4           | 22 14 2 0 0 0 0 0 0 0 0 0 0 0 0 0                |
 ├────────────────────┼─────────────┼──────────────────────────────────────────────────┤
 | 0x0000000000000008 | 3           | 22 18 18 17 17 18 18 16 12 10 9 9 10 10 9 11     |
 ├────────────────────┼─────────────┼──────────────────────────────────────────────────┤
 | 0x0000000000000009 | 25          | 22 16 14 12 12 8 7 7 18 16 19 19 18 19 21 21     |
 ├────────────────────┼─────────────┼──────────────────────────────────────────────────┤
 | 0x000000000000000a | 1           | 29 24 22 21 20 19 18 16 8 2 2 3 2 2 1 2          |
 ├────────────────────┼─────────────┼──────────────────────────────────────────────────┤
 | 0x000000000000000b | 15          | 26 14 13 13 20 7 7 7 14 14 13 12 21 8 7 8        |
 ├────────────────────┼─────────────┼──────────────────────────────────────────────────┤
 | 0x000000000000000c | 3           | 25 20 18 17 17 15 16 14 4 4 4 4 1 0 0 0          |
 ├────────────────────┼─────────────┼──────────────────────────────────────────────────┤
 | 0x000000000000000d | 25          | 17 13 11 10 10 10 9 8 8 0 0 0 0 0 0 0            |
 ├────────────────────┼─────────────┼──────────────────────────────────────────────────┤
 | 0x000000000000000e | 11          | 29 25 18 18 15 11 6 4 6 7 7 7 7 5 4 4            |
 ├────────────────────┼─────────────┼──────────────────────────────────────────────────┤
 | 0x000000000000000f | 4           | 19 16 15 12 15 14 12 9 5 1 2 0 2 3 1 0           |
 ├────────────────────┼─────────────┼──────────────────────────────────────────────────┤
 | 0x0000000000000010 | 3           | 30 25 21 20 20 20 17 17 8 4 5 4 4 6 6 2          |
 ├────────────────────┼─────────────┼──────────────────────────────────────────────────┤
 | 0x0000000000000011 | 18          | 16 14 13 12 12 12 12 10 7 5 2 1 1 1 1 0          |
 ├────────────────────┼─────────────┼──────────────────────────────────────────────────┤
 | 0x0000000000000012 | 18          | 26 24 23 22 21 21 20 18 10 3 1 0 0 0 0 0         |
 ├────────────────────┼─────────────┼──────────────────────────────────────────────────┤
 | 0x0000000000000013 | 11          | 29 19 12 11 8 6 6 1 0 0 0 0 0 0 0 0              |
 ├────────────────────┼─────────────┼──────────────────────────────────────────────────┤
 | 0x0000000000000014 | 13          | 26 26 7 3 6 7 4 0 2 5 4 1 6 7 1 1                |
 ├────────────────────┼─────────────┼──────────────────────────────────────────────────┤
 | 0x0000000000000015 | 12          | 27 20 18 18 17 17 14 10 5 6 6 2 2 1 1 1          |
 ├────────────────────┼─────────────┼──────────────────────────────────────────────────┤
 | 0x0000000000000016 | 4           | 18 12 12 10 10 9 9 7 1 0 0 0 1 1 2 2             |
 ├────────────────────┼─────────────┼──────────────────────────────────────────────────┤
 | 0x0000000000000017 | 1           | 29 28 24 20 17 15 12 10 8 1 1 1 1 1 1 2          |
 ├────────────────────┼─────────────┼──────────────────────────────────────────────────┤
 | 0x0000000000000018 | 11          | 29 24 16 10 8 6 4 3 8 6 2 2 3 3 2 2              |
 ├────────────────────┼─────────────┼──────────────────────────────────────────────────┤
 | 0x0000000000000019 | 15          | 28 19 23 17 15 15 15 13 10 6 6 6 12 12 12 13     |
 ├────────────────────┼─────────────┼──────────────────────────────────────────────────┤
 | 0x000000000000001a | 22          | 29 15 29 27 27 3 2 0 3 3 2 5 5 15 15 15          |
 ├────────────────────┼─────────────┼──────────────────────────────────────────────────┤
 | 0x000000000000001b | 14          | 30 14 11 3 3 2 3 2 2 2 3 3 3 5 3 12              |
 ├────────────────────┼─────────────┼──────────────────────────────────────────────────┤
 | 0x000000000000001c | 15          | 18 17 15 13 10 8 7 6 1 0 0 0 0 0 0 2             |
 ├────────────────────┼─────────────┼──────────────────────────────────────────────────┤
 | 0x000000000000001d | 21          | 16 14 13 9 6 4 3 3 1 1 2 2 2 2 2 3               |
 ├────────────────────┼─────────────┼──────────────────────────────────────────────────┤
 | 0x000000000000001e | 12          | 16 13 10 10 10 10 10 6 1 0 0 0 0 0 0 0           |
 ├────────────────────┼─────────────┼──────────────────────────────────────────────────┤
 | 0x000000000000001f | 3           | 31 29 23 19 18 17 16 14 12 11 11 11 11 11 11 11  |
 └────────────────────┴─────────────┴──────────────────────────────────────────────────┘
PC pattern table end
Prefetch buffer begin
 ┌────────────────────┬──────────────────────────────────────────────────────────────────┐
 | Region             | Pattern                                                          |
 ├────────────────────┼──────────────────────────────────────────────────────────────────┤
 | 0x0000000000000f78 | 0 0 0 0 0 0 0 0 0 0 0 0 0 0 0 0 0 0 0 0 0 0 0 0 0 0 2 2 0 0 0 0  |
 ├────────────────────┼──────────────────────────────────────────────────────────────────┤
 | 0x0000000000000f96 | 0 0 0 0 0 0 0 0 0 2 2 2 2 2 2 2 2 2 2 2 2 2 2 2 2 2 2 2 2 2 2 2  |
 ├────────────────────┼──────────────────────────────────────────────────────────────────┤
 | 0x0000000000000f6c | 0 0 0 0 0 0 0 0 0 0 2 2 2 2 2 2 2 2 2 2 2 2 2 2 2 2 2 2 0 0 0 0  |
 ├────────────────────┼──────────────────────────────────────────────────────────────────┤
 | 0x0000000000000d6b | 2 2 2 2 2 2 2 2 2 2 2 2 0 0 0 0 0 0 0 0 0 0 0 0 0 0 0 0 0 0 0 0  |
 ├────────────────────┼──────────────────────────────────────────────────────────────────┤
 | 0x0000000000000f98 | 0 0 0 0 0 0 0 0 0 2 2 2 2 0 0 0 0 0 0 0 0 0 0 0 0 0 0 0 0 0 0 0  |
 ├────────────────────┼──────────────────────────────────────────────────────────────────┤
 | 0x0000000000000d7b | 2 2 2 2 2 2 2 2 2 2 0 0 2 0 0 0 0 0 0 0 0 0 0 0 0 0 0 0 0 0 0 0  |
 ├────────────────────┼──────────────────────────────────────────────────────────────────┤
 | 0x0000000000000f8c | 0 0 0 0 0 0 0 0 0 0 0 0 0 0 0 0 0 0 0 0 0 2 2 2 2 2 2 2 2 2 2 0  |
 ├────────────────────┼──────────────────────────────────────────────────────────────────┤
 | 0x0000000000000f7c | 0 0 0 0 0 0 0 2 2 2 2 2 2 0 0 0 0 0 0 0 0 0 0 0 0 0 0 0 0 0 0 0  |
 ├────────────────────┼──────────────────────────────────────────────────────────────────┤
 | 0x0000000000000e63 | 0 0 0 0 0 2 2 2 2 2 2 2 2 2 2 2 0 0 2 2 2 2 2 2 2 2 2 2 2 2 2 2  |
 ├────────────────────┼──────────────────────────────────────────────────────────────────┤
 | 0x0000000000000f9e | 0 0 0 0 0 0 0 0 0 0 0 0 0 0 0 0 0 0 2 2 2 2 0 0 0 0 0 0 0 0 0 0  |
 ├────────────────────┼──────────────────────────────────────────────────────────────────┤
 | 0x0000000000000f7a | 0 0 0 2 2 2 2 2 2 2 2 2 2 2 0 0 0 0 0 0 0 0 0 0 0 0 0 0 0 0 0 0  |
 ├────────────────────┼──────────────────────────────────────────────────────────────────┤
 | 0x0000000000000f8a | 0 0 0 0 0 2 2 2 2 2 2 2 2 2 2 2 2 2 2 2 2 2 0 0 0 0 0 0 0 0 0 0  |
 ├────────────────────┼──────────────────────────────────────────────────────────────────┤
 | 0x00000000000002ff | 2 2 2 2 2 2 2 2 2 2 2 2 0 0 0 0 0 2 2 0 0 0 0 0 0 0 0 0 0 0 0 0  |
 ├────────────────────┼──────────────────────────────────────────────────────────────────┤
 | 0x0000000000000d5b | 2 2 2 2 2 2 2 0 0 0 0 0 0 0 0 0 0 0 0 0 0 0 0 0 0 0 0 0 0 0 0 0  |
 ├────────────────────┼──────────────────────────────────────────────────────────────────┤
 | 0x0000000000000e61 | 0 0 0 0 0 0 0 0 0 2 2 2 2 2 2 2 0 0 0 0 0 0 2 2 2 2 2 2 2 2 2 2  |
 ├────────────────────┼──────────────────────────────────────────────────────────────────┤
 | 0x0000000000000366 | 2 2 2 2 2 2 2 2 2 2 2 2 2 2 2 2 2 2 2 2 2 2 2 2 2 2 2 2 2 0 0 0  |
 ├────────────────────┼──────────────────────────────────────────────────────────────────┤
 | 0x0000000000000f9a | 0 0 0 0 0 0 0 0 0 0 0 0 0 2 0 0 0 0 0 0 0 0 0 0 0 0 0 0 0 0 0 0  |
 ├────────────────────┼──────────────────────────────────────────────────────────────────┤
 | 0x00000000000002fe | 2 2 2 2 2 2 2 2 2 2 2 2 2 2 0 0 0 0 0 0 0 0 0 0 0 0 0 0 0 0 0 0  |
 └────────────────────┴──────────────────────────────────────────────────────────────────┘
Prefetch buffer end
Filter by PPT: 0
cpu0_L2C
Num Con Filled: 0
Num Con Useful: 0 Useless:0 Accuracy: nan
LLC
