41 41 41
Available num physical pages: 35184372088576
WARNING: physical memory size is smaller than virtual memory size

*** ChampSim Multicore Out-of-Order Simulator ***

Warmup Instructions: 5000000
Simulation Instructions: 200000000
Number of CPUs: 1
Page size: 4096

Basic BTB sets: 1024 ways: 8 indirect buffer size: 4096 RAS size: 64
cpu0_L1D PMP prefetcher
Off-chip DRAM Size: 4 GiB Channels: 1 Width: 64-bit Data Rate: 3200 MT/s
Max paddr 174M
Warmup finished CPU 0 instructions: 5000002 cycles: 1285482 cumulative IPC: 3.8896 (Simulation time: 0 hr 3 min 27 sec) 

Warmup complete CPU 0 instructions: 5000002 cycles: 1285482 (Simulation time: 0 hr 3 min 27 sec) 

Heartbeat CPU 0 instructions: 10000001 cycles: 43389556 heartbeat IPC: 0.230471 cumulative IPC: 0.118754 (Simulation time: 0 hr 24 min 53 sec) 
Heartbeat CPU 0 instructions: 20000000 cycles: 138517800 heartbeat IPC: 0.105122 cumulative IPC: 0.109304 (Simulation time: 1 hr 14 min 1 sec) 
Heartbeat CPU 0 instructions: 30000001 cycles: 225947246 heartbeat IPC: 0.114378 cumulative IPC: 0.111279 (Simulation time: 1 hr 59 min 2 sec) 
Heartbeat CPU 0 instructions: 40000000 cycles: 319629112 heartbeat IPC: 0.106745 cumulative IPC: 0.109945 (Simulation time: 2 hr 28 min 43 sec) 
Heartbeat CPU 0 instructions: 50000002 cycles: 414661764 heartbeat IPC: 0.105228 cumulative IPC: 0.10886 (Simulation time: 2 hr 47 min 15 sec) 
Heartbeat CPU 0 instructions: 60000000 cycles: 498258112 heartbeat IPC: 0.119623 cumulative IPC: 0.110671 (Simulation time: 3 hr 0 min 22 sec) 
Heartbeat CPU 0 instructions: 70000001 cycles: 592048089 heartbeat IPC: 0.106622 cumulative IPC: 0.110028 (Simulation time: 3 hr 10 min 26 sec) 
Heartbeat CPU 0 instructions: 80000003 cycles: 679479613 heartbeat IPC: 0.114376 cumulative IPC: 0.110588 (Simulation time: 3 hr 17 min 8 sec) 
Heartbeat CPU 0 instructions: 90000000 cycles: 758768966 heartbeat IPC: 0.126121 cumulative IPC: 0.112214 (Simulation time: 3 hr 21 min 52 sec) 
Heartbeat CPU 0 instructions: 100000002 cycles: 841528297 heartbeat IPC: 0.120833 cumulative IPC: 0.113063 (Simulation time: 3 hr 25 min 35 sec) 
Heartbeat CPU 0 instructions: 110000002 cycles: 925948759 heartbeat IPC: 0.118455 cumulative IPC: 0.113555 (Simulation time: 3 hr 28 min 17 sec) 
Heartbeat CPU 0 instructions: 120000000 cycles: 1010577065 heartbeat IPC: 0.118164 cumulative IPC: 0.113942 (Simulation time: 3 hr 30 min 29 sec) 
Heartbeat CPU 0 instructions: 130000003 cycles: 1087582978 heartbeat IPC: 0.129861 cumulative IPC: 0.11507 (Simulation time: 3 hr 32 min 25 sec) 
Heartbeat CPU 0 instructions: 140000001 cycles: 1163780564 heartbeat IPC: 0.131238 cumulative IPC: 0.11613 (Simulation time: 3 hr 34 min 20 sec) 
Heartbeat CPU 0 instructions: 150000001 cycles: 1246867655 heartbeat IPC: 0.120356 cumulative IPC: 0.116412 (Simulation time: 3 hr 36 min 26 sec) 
Heartbeat CPU 0 instructions: 160000000 cycles: 1326109460 heartbeat IPC: 0.126197 cumulative IPC: 0.116997 (Simulation time: 3 hr 38 min 18 sec) 
Heartbeat CPU 0 instructions: 170000004 cycles: 1416394382 heartbeat IPC: 0.110761 cumulative IPC: 0.116599 (Simulation time: 3 hr 40 min 21 sec) 
Heartbeat CPU 0 instructions: 180000000 cycles: 1498201679 heartbeat IPC: 0.122239 cumulative IPC: 0.116908 (Simulation time: 3 hr 42 min 6 sec) 
Heartbeat CPU 0 instructions: 190000000 cycles: 1583979533 heartbeat IPC: 0.116581 cumulative IPC: 0.11689 (Simulation time: 3 hr 43 min 56 sec) 
Heartbeat CPU 0 instructions: 200000000 cycles: 1672087748 heartbeat IPC: 0.113497 cumulative IPC: 0.116711 (Simulation time: 3 hr 45 min 43 sec) 
Max paddr 887M
Simulation finished CPU 0 instructions: 200000000 cycles: 1709813803 cumulative IPC: 0.116972 (Simulation time: 3 hr 46 min 27 sec) 

Simulation complete CPU 0 instructions: 200000000 cycles: 1709813803 (Simulation time: 3 hr 46 min 27 sec) 


ChampSim completed all CPUs

[
  {
    "name": "Simulation",
    "traces": [
      "../traces/429.mcf-184B.champsimtrace.xz"
    ],
    "roi": {
      "cores": [
        {
          "instructions": 200000000,
          "cycles": 1709813803,
          "Avg ROB occupancy at mispredict": 18.5354, 
          "mispredict": {
            "BRANCH_DIRECT_JUMP": 112680,
            "BRANCH_INDIRECT": 0,
            "BRANCH_CONDITIONAL": 6020701,
            "BRANCH_DIRECT_CALL": 0,
            "BRANCH_INDIRECT_CALL": 0,
            "BRANCH_RETURN": 0
          }
        }
      ],
      "cpu0_L1I": {
        "LOAD": {
          "hit":0,
          "miss":0
        },
        "RFO": {
          "hit":0,
          "miss":0
        },
        "PREFETCH": {
          "hit":0,
          "miss":0
        },
        "WRITE": {
          "hit":0,
          "miss":0
        },
        "TRANSLATION": {
          "hit":0,
          "miss":0
        },
        "mshr full": 0,
        "prefetch requested": 0,
        "prefetch issued": 0,
        "prefetch filled": 0,
        "prefetch useful": 0,
        "prefetch useless": 0,
        "prefetch late": 0,
        "pf_useful_at_l2_from_l1":          0,
        "pf_late_at_l2_from_l1":          0,
        "pf_useless_at_l2_from_l1":          0,
        "pf_at_l2_to_l1":          0,
        "pf_fill_this_level":          0,
        "miss latency": null,
        "cache queues": {
          "PQ_ACCESS": 0,
          "PQ_FULL": 0,
          "PQ_TO_CACHE": 0,
          "PQ_MERGED": 0,
          "RQ_ACCESS": 0,
          "RQ_MERGED": 0,
          "RQ_FULL": 0,
          "WQ_ACCESS": 0,
          "WQ_MERGED": 0,
          "WQ_FULL": 0
        }
      },
      "cpu0_ITLB": {
        "LOAD": {
          "hit":0,
          "miss":0
        },
        "RFO": {
          "hit":0,
          "miss":0
        },
        "PREFETCH": {
          "hit":0,
          "miss":0
        },
        "WRITE": {
          "hit":0,
          "miss":0
        },
        "TRANSLATION": {
          "hit":0,
          "miss":0
        },
        "mshr full": 0,
        "prefetch requested": 0,
        "prefetch issued": 0,
        "prefetch filled": 0,
        "prefetch useful": 0,
        "prefetch useless": 0,
        "prefetch late": 0,
        "pf_useful_at_l2_from_l1":          0,
        "pf_late_at_l2_from_l1":          0,
        "pf_useless_at_l2_from_l1":          0,
        "pf_at_l2_to_l1":          0,
        "pf_fill_this_level":          0,
        "miss latency": null,
        "cache queues": {
          "PQ_ACCESS": 0,
          "PQ_FULL": 0,
          "PQ_TO_CACHE": 0,
          "PQ_MERGED": 0,
          "RQ_ACCESS": 0,
          "RQ_MERGED": 0,
          "RQ_FULL": 0,
          "WQ_ACCESS": 0,
          "WQ_MERGED": 0,
          "WQ_FULL": 0
        }
      },
      "cpu0_DTLB": {
        "LOAD": {
          "hit":26115559,
          "miss":43468587
        },
        "RFO": {
          "hit":0,
          "miss":0
        },
        "PREFETCH": {
          "hit":0,
          "miss":0
        },
        "WRITE": {
          "hit":0,
          "miss":0
        },
        "TRANSLATION": {
          "hit":0,
          "miss":0
        },
        "mshr full": 709216,
        "prefetch requested": 0,
        "prefetch issued": 0,
        "prefetch filled": 0,
        "prefetch useful": 0,
        "prefetch useless": 0,
        "prefetch late": 0,
        "pf_useful_at_l2_from_l1":          0,
        "pf_late_at_l2_from_l1":          0,
        "pf_useless_at_l2_from_l1":          0,
        "pf_at_l2_to_l1":          0,
        "pf_fill_this_level":          0,
        "miss latency": 0.977597,
        "cache queues": {
          "PQ_ACCESS": 0,
          "PQ_FULL": 0,
          "PQ_TO_CACHE": 0,
          "PQ_MERGED": 0,
          "RQ_ACCESS": 82187378,
          "RQ_MERGED": 0,
          "RQ_FULL": 12603232,
          "WQ_ACCESS": 0,
          "WQ_MERGED": 0,
          "WQ_FULL": 0
        }
      },
      "cpu0_STLB": {
        "LOAD": {
          "hit":19503141,
          "miss":1686215
        },
        "RFO": {
          "hit":0,
          "miss":0
        },
        "PREFETCH": {
          "hit":0,
          "miss":0
        },
        "WRITE": {
          "hit":0,
          "miss":0
        },
        "TRANSLATION": {
          "hit":0,
          "miss":0
        },
        "mshr full": 0,
        "prefetch requested": 0,
        "prefetch issued": 0,
        "prefetch filled": 0,
        "prefetch useful": 0,
        "prefetch useless": 0,
        "prefetch late": 0,
        "pf_useful_at_l2_from_l1":          0,
        "pf_late_at_l2_from_l1":          0,
        "pf_useless_at_l2_from_l1":          0,
        "pf_at_l2_to_l1":          0,
        "pf_fill_this_level":          0,
        "miss latency": 18.8478,
        "cache queues": {
          "PQ_ACCESS": 0,
          "PQ_FULL": 0,
          "PQ_TO_CACHE": 0,
          "PQ_MERGED": 0,
          "RQ_ACCESS": 21189356,
          "RQ_MERGED": 0,
          "RQ_FULL": 0,
          "WQ_ACCESS": 0,
          "WQ_MERGED": 0,
          "WQ_FULL": 0
        }
      },
      "cpu0_L1D": {
        "LOAD": {
          "hit":17032967,
          "miss":43016394
        },
        "RFO": {
          "hit":0,
          "miss":0
        },
        "PREFETCH": {
          "hit":574594,
          "miss":26769789
        },
        "WRITE": {
          "hit":5833065,
          "miss":348703
        },
        "TRANSLATION": {
          "hit":245752,
          "miss":2063187
        },
        "mshr full": 14977868,
        "prefetch requested": 27344774,
        "prefetch issued": 27344774,
        "prefetch filled": 6257054,
        "prefetch useful": 455425,
        "prefetch useless": 5960547,
        "prefetch late": 159122,
        "pf_useful_at_l2_from_l1":          0,
        "pf_late_at_l2_from_l1":          0,
        "pf_useless_at_l2_from_l1":          0,
        "pf_at_l2_to_l1":          0,
        "pf_fill_this_level":    6257041,
        "miss latency": 6.7328,
        "cache queues": {
          "PQ_ACCESS": 27344774,
          "PQ_FULL": 0,
          "PQ_TO_CACHE": 27344774,
          "PQ_MERGED": 212,
          "RQ_ACCESS": 81026384,
          "RQ_MERGED": 3867090,
          "RQ_FULL": 17109925,
          "WQ_ACCESS": 6225849,
          "WQ_MERGED": 42003,
          "WQ_FULL": 2078
        }
      },
      "cpu0_L2C": {
        "LOAD": {
          "hit":8625358,
          "miss":15703858
        },
        "RFO": {
          "hit":136144,
          "miss":166753
        },
        "PREFETCH": {
          "hit":8867760,
          "miss":17113855
        },
        "WRITE": {
          "hit":2319299,
          "miss":0
        },
        "TRANSLATION": {
          "hit":441135,
          "miss":1622052
        },
        "mshr full": 20620,
        "prefetch requested": 0,
        "prefetch issued": 0,
        "prefetch filled": 17089055,
        "prefetch useful": 0,
        "prefetch useless": 0,
        "prefetch late": 0,
        "pf_useful_at_l2_from_l1":    2935222,
        "pf_late_at_l2_from_l1":      24064,
        "pf_useless_at_l2_from_l1":   10084266,
        "pf_at_l2_to_l1":     135276,
        "pf_fill_this_level":   13130775,
        "miss latency": 26.654,
        "cache queues": {
          "PQ_ACCESS": 25986786,
          "PQ_FULL": 5135,
          "PQ_TO_CACHE": 25981651,
          "PQ_MERGED": 14,
          "RQ_ACCESS": 26695489,
          "RQ_MERGED": 0,
          "RQ_FULL": 0,
          "WQ_ACCESS": 2323861,
          "WQ_MERGED": 0,
          "WQ_FULL": 0
        }
      },
      "LLC": {
        "LOAD": {
          "hit": [5351026],
          "miss": [10330800]
        },
        "RFO": {
          "hit": [41207],
          "miss": [123491]
        },
        "PREFETCH": {
          "hit": [6168641],
          "miss": [10944475]
        },
        "WRITE": {
          "hit": [1486054],
          "miss": [0]
        },
        "TRANSLATION": {
          "hit": [260448],
          "miss": [1361604]
        },
        "mshr full": 0,
        "prefetch requested": 0,
        "prefetch issued": 0,
        "prefetch filled": 10944475,
        "prefetch useful": 0,
        "prefetch useless": 0,
        "prefetch late": 0,
        "pf_useful_at_l2_from_l1":          0,
        "pf_late_at_l2_from_l1":          0,
        "pf_useless_at_l2_from_l1":          0,
        "pf_at_l2_to_l1":     271248,
        "pf_fill_this_level":          0,
        "miss latency": 37.3247,
        "cache queues": {
          "PQ_ACCESS": 17113123,
          "PQ_FULL": 0,
          "PQ_TO_CACHE": 17113123,
          "PQ_MERGED": 0,
          "RQ_ACCESS": 17468599,
          "RQ_MERGED": 0,
          "RQ_FULL": 0,
          "WQ_ACCESS": 1495261,
          "WQ_MERGED": 0,
          "WQ_FULL": 0
        }
      },
      "DRAM": [
        {
          "RQ ROW_BUFFER_HIT": 943516,
          "RQ ROW_BUFFER_MISS": 21814254,
          "PQ FULL": 0,
          "WQ ROW_BUFFER_HIT": 56463,
          "WQ ROW_BUFFER_MISS": 1065859,
          "WQ FULL": 0,
          "AVG DBUS CONGESTED CYCLE": 3.91693
        }
      ]

    },
    "sim": {
      "cores": [
        {
          "instructions": 200000000,
          "cycles": 1709813803,
          "Avg ROB occupancy at mispredict": 18.5354, 
          "mispredict": {
            "BRANCH_DIRECT_JUMP": 112680,
            "BRANCH_INDIRECT": 0,
            "BRANCH_CONDITIONAL": 6020701,
            "BRANCH_DIRECT_CALL": 0,
            "BRANCH_INDIRECT_CALL": 0,
            "BRANCH_RETURN": 0
          }
        }
      ],
      "cpu0_L1I": {
        "LOAD": {
          "hit":0,
          "miss":0
        },
        "RFO": {
          "hit":0,
          "miss":0
        },
        "PREFETCH": {
          "hit":0,
          "miss":0
        },
        "WRITE": {
          "hit":0,
          "miss":0
        },
        "TRANSLATION": {
          "hit":0,
          "miss":0
        },
        "mshr full": 0,
        "prefetch requested": 0,
        "prefetch issued": 0,
        "prefetch filled": 0,
        "prefetch useful": 0,
        "prefetch useless": 0,
        "prefetch late": 0,
        "pf_useful_at_l2_from_l1":          0,
        "pf_late_at_l2_from_l1":          0,
        "pf_useless_at_l2_from_l1":          0,
        "pf_at_l2_to_l1":          0,
        "pf_fill_this_level":          0,
        "miss latency": null,
        "cache queues": {
          "PQ_ACCESS": 0,
          "PQ_FULL": 0,
          "PQ_TO_CACHE": 0,
          "PQ_MERGED": 0,
          "RQ_ACCESS": 0,
          "RQ_MERGED": 0,
          "RQ_FULL": 0,
          "WQ_ACCESS": 0,
          "WQ_MERGED": 0,
          "WQ_FULL": 0
        }
      },
      "cpu0_ITLB": {
        "LOAD": {
          "hit":0,
          "miss":0
        },
        "RFO": {
          "hit":0,
          "miss":0
        },
        "PREFETCH": {
          "hit":0,
          "miss":0
        },
        "WRITE": {
          "hit":0,
          "miss":0
        },
        "TRANSLATION": {
          "hit":0,
          "miss":0
        },
        "mshr full": 0,
        "prefetch requested": 0,
        "prefetch issued": 0,
        "prefetch filled": 0,
        "prefetch useful": 0,
        "prefetch useless": 0,
        "prefetch late": 0,
        "pf_useful_at_l2_from_l1":          0,
        "pf_late_at_l2_from_l1":          0,
        "pf_useless_at_l2_from_l1":          0,
        "pf_at_l2_to_l1":          0,
        "pf_fill_this_level":          0,
        "miss latency": null,
        "cache queues": {
          "PQ_ACCESS": 0,
          "PQ_FULL": 0,
          "PQ_TO_CACHE": 0,
          "PQ_MERGED": 0,
          "RQ_ACCESS": 0,
          "RQ_MERGED": 0,
          "RQ_FULL": 0,
          "WQ_ACCESS": 0,
          "WQ_MERGED": 0,
          "WQ_FULL": 0
        }
      },
      "cpu0_DTLB": {
        "LOAD": {
          "hit":26115559,
          "miss":43468587
        },
        "RFO": {
          "hit":0,
          "miss":0
        },
        "PREFETCH": {
          "hit":0,
          "miss":0
        },
        "WRITE": {
          "hit":0,
          "miss":0
        },
        "TRANSLATION": {
          "hit":0,
          "miss":0
        },
        "mshr full": 709216,
        "prefetch requested": 0,
        "prefetch issued": 0,
        "prefetch filled": 0,
        "prefetch useful": 0,
        "prefetch useless": 0,
        "prefetch late": 0,
        "pf_useful_at_l2_from_l1":          0,
        "pf_late_at_l2_from_l1":          0,
        "pf_useless_at_l2_from_l1":          0,
        "pf_at_l2_to_l1":          0,
        "pf_fill_this_level":          0,
        "miss latency": 0.977597,
        "cache queues": {
          "PQ_ACCESS": 0,
          "PQ_FULL": 0,
          "PQ_TO_CACHE": 0,
          "PQ_MERGED": 0,
          "RQ_ACCESS": 82187378,
          "RQ_MERGED": 0,
          "RQ_FULL": 12603232,
          "WQ_ACCESS": 0,
          "WQ_MERGED": 0,
          "WQ_FULL": 0
        }
      },
      "cpu0_STLB": {
        "LOAD": {
          "hit":19503141,
          "miss":1686215
        },
        "RFO": {
          "hit":0,
          "miss":0
        },
        "PREFETCH": {
          "hit":0,
          "miss":0
        },
        "WRITE": {
          "hit":0,
          "miss":0
        },
        "TRANSLATION": {
          "hit":0,
          "miss":0
        },
        "mshr full": 0,
        "prefetch requested": 0,
        "prefetch issued": 0,
        "prefetch filled": 0,
        "prefetch useful": 0,
        "prefetch useless": 0,
        "prefetch late": 0,
        "pf_useful_at_l2_from_l1":          0,
        "pf_late_at_l2_from_l1":          0,
        "pf_useless_at_l2_from_l1":          0,
        "pf_at_l2_to_l1":          0,
        "pf_fill_this_level":          0,
        "miss latency": 18.8478,
        "cache queues": {
          "PQ_ACCESS": 0,
          "PQ_FULL": 0,
          "PQ_TO_CACHE": 0,
          "PQ_MERGED": 0,
          "RQ_ACCESS": 21189356,
          "RQ_MERGED": 0,
          "RQ_FULL": 0,
          "WQ_ACCESS": 0,
          "WQ_MERGED": 0,
          "WQ_FULL": 0
        }
      },
      "cpu0_L1D": {
        "LOAD": {
          "hit":17032967,
          "miss":43016394
        },
        "RFO": {
          "hit":0,
          "miss":0
        },
        "PREFETCH": {
          "hit":574594,
          "miss":26769789
        },
        "WRITE": {
          "hit":5833065,
          "miss":348703
        },
        "TRANSLATION": {
          "hit":245752,
          "miss":2063187
        },
        "mshr full": 14977868,
        "prefetch requested": 27344774,
        "prefetch issued": 27344774,
        "prefetch filled": 6257054,
        "prefetch useful": 455425,
        "prefetch useless": 5960547,
        "prefetch late": 159122,
        "pf_useful_at_l2_from_l1":          0,
        "pf_late_at_l2_from_l1":          0,
        "pf_useless_at_l2_from_l1":          0,
        "pf_at_l2_to_l1":          0,
        "pf_fill_this_level":    6257041,
        "miss latency": 6.7328,
        "cache queues": {
          "PQ_ACCESS": 27344774,
          "PQ_FULL": 0,
          "PQ_TO_CACHE": 27344774,
          "PQ_MERGED": 212,
          "RQ_ACCESS": 81026384,
          "RQ_MERGED": 3867090,
          "RQ_FULL": 17109925,
          "WQ_ACCESS": 6225849,
          "WQ_MERGED": 42003,
          "WQ_FULL": 2078
        }
      },
      "cpu0_L2C": {
        "LOAD": {
          "hit":8625358,
          "miss":15703858
        },
        "RFO": {
          "hit":136144,
          "miss":166753
        },
        "PREFETCH": {
          "hit":8867760,
          "miss":17113855
        },
        "WRITE": {
          "hit":2319299,
          "miss":0
        },
        "TRANSLATION": {
          "hit":441135,
          "miss":1622052
        },
        "mshr full": 20620,
        "prefetch requested": 0,
        "prefetch issued": 0,
        "prefetch filled": 17089055,
        "prefetch useful": 0,
        "prefetch useless": 0,
        "prefetch late": 0,
        "pf_useful_at_l2_from_l1":    2935222,
        "pf_late_at_l2_from_l1":      24064,
        "pf_useless_at_l2_from_l1":   10084266,
        "pf_at_l2_to_l1":     135276,
        "pf_fill_this_level":   13130775,
        "miss latency": 26.654,
        "cache queues": {
          "PQ_ACCESS": 25986786,
          "PQ_FULL": 5135,
          "PQ_TO_CACHE": 25981651,
          "PQ_MERGED": 14,
          "RQ_ACCESS": 26695489,
          "RQ_MERGED": 0,
          "RQ_FULL": 0,
          "WQ_ACCESS": 2323861,
          "WQ_MERGED": 0,
          "WQ_FULL": 0
        }
      },
      "LLC": {
        "LOAD": {
          "hit": [5351026],
          "miss": [10330800]
        },
        "RFO": {
          "hit": [41207],
          "miss": [123491]
        },
        "PREFETCH": {
          "hit": [6168641],
          "miss": [10944475]
        },
        "WRITE": {
          "hit": [1486054],
          "miss": [0]
        },
        "TRANSLATION": {
          "hit": [260448],
          "miss": [1361604]
        },
        "mshr full": 0,
        "prefetch requested": 0,
        "prefetch issued": 0,
        "prefetch filled": 10944475,
        "prefetch useful": 0,
        "prefetch useless": 0,
        "prefetch late": 0,
        "pf_useful_at_l2_from_l1":          0,
        "pf_late_at_l2_from_l1":          0,
        "pf_useless_at_l2_from_l1":          0,
        "pf_at_l2_to_l1":     271248,
        "pf_fill_this_level":          0,
        "miss latency": 37.3247,
        "cache queues": {
          "PQ_ACCESS": 17113123,
          "PQ_FULL": 0,
          "PQ_TO_CACHE": 17113123,
          "PQ_MERGED": 0,
          "RQ_ACCESS": 17468599,
          "RQ_MERGED": 0,
          "RQ_FULL": 0,
          "WQ_ACCESS": 1495261,
          "WQ_MERGED": 0,
          "WQ_FULL": 0
        }
      },
      "DRAM": [
        {
          "RQ ROW_BUFFER_HIT": 943516,
          "RQ ROW_BUFFER_MISS": 21814254,
          "PQ FULL": 0,
          "WQ ROW_BUFFER_HIT": 56463,
          "WQ ROW_BUFFER_MISS": 1065859,
          "WQ FULL": 0,
          "AVG DBUS CONGESTED CYCLE": 3.91693
        }
      ]

    }
  }
]
cpu0_ITLB
cpu0_DTLB
cpu0_STLB
Prefetch Request to L1: 7047445, Prefetch Request to L2: 20297329
Invalid by Eviction: 840540
Invalid by Max: 2056267
Filter table begin
 ┌────────────────────┬─────────────┐
 | Region             | Offset      |
 ├────────────────────┼─────────────┤
 | 0x000000000006eec6 | 7           |
 ├────────────────────┼─────────────┤
 | 0x000000000006eb59 | 23          |
 ├────────────────────┼─────────────┤
 | 0x000000000006ee3a | 15          |
 ├────────────────────┼─────────────┤
 | 0x000000000006eda6 | 23          |
 ├────────────────────┼─────────────┤
 | 0x00000000000003cf | 3           |
 ├────────────────────┼─────────────┤
 | 0x0000000000000252 | 11          |
 ├────────────────────┼─────────────┤
 | 0x000000000006ed12 | 31          |
 ├────────────────────┼─────────────┤
 | 0x0000000000000964 | 6           |
 ├────────────────────┼─────────────┤
 | 0x0000000000000ce0 | 23          |
 ├────────────────────┼─────────────┤
 | 0x000000000006ed1a | 31          |
 ├────────────────────┼─────────────┤
 | 0x000000000006eac5 | 31          |
 ├────────────────────┼─────────────┤
 | 0x000000000006ebf7 | 15          |
 ├────────────────────┼─────────────┤
 | 0x0000000000000e8d | 11          |
 ├────────────────────┼─────────────┤
 | 0x00000000000011fb | 19          |
 ├────────────────────┼─────────────┤
 | 0x0000000000000d82 | 20          |
 ├────────────────────┼─────────────┤
 | 0x000000000006ebef | 15          |
 ├────────────────────┼─────────────┤
 | 0x0000000000000756 | 22          |
 ├────────────────────┼─────────────┤
 | 0x000000000000096e | 31          |
 ├────────────────────┼─────────────┤
 | 0x000000000006ec8d | 7           |
 ├────────────────────┼─────────────┤
 | 0x00000000000004b4 | 8           |
 ├────────────────────┼─────────────┤
 | 0x0000000000000745 | 8           |
 ├────────────────────┼─────────────┤
 | 0x000000000000061b | 9           |
 ├────────────────────┼─────────────┤
 | 0x0000000000000bc1 | 10          |
 ├────────────────────┼─────────────┤
 | 0x0000000000001106 | 26          |
 ├────────────────────┼─────────────┤
 | 0x0000000000000f24 | 22          |
 ├────────────────────┼─────────────┤
 | 0x0000000000000e18 | 8           |
 ├────────────────────┼─────────────┤
 | 0x0000000000000711 | 0           |
 ├────────────────────┼─────────────┤
 | 0x000000000006eed0 | 7           |
 ├────────────────────┼─────────────┤
 | 0x000000000006ee3e | 15          |
 ├────────────────────┼─────────────┤
 | 0x0000000000000685 | 21          |
 ├────────────────────┼─────────────┤
 | 0x000000000006eda2 | 23          |
 ├────────────────────┼─────────────┤
 | 0x000000000006eac9 | 31          |
 ├────────────────────┼─────────────┤
 | 0x000000000006eb5d | 23          |
 ├────────────────────┼─────────────┤
 | 0x000000000006eb39 | 19          |
 ├────────────────────┼─────────────┤
 | 0x00000000000006f3 | 5           |
 ├────────────────────┼─────────────┤
 | 0x00000000000006e1 | 3           |
 ├────────────────────┼─────────────┤
 | 0x000000000006ebf3 | 15          |
 ├────────────────────┼─────────────┤
 | 0x0000000000000710 | 31          |
 ├────────────────────┼─────────────┤
 | 0x000000000006ed1e | 31          |
 ├────────────────────┼─────────────┤
 | 0x000000000006edaa | 23          |
 ├────────────────────┼─────────────┤
 | 0x0000000000000c65 | 2           |
 ├────────────────────┼─────────────┤
 | 0x0000000000000ed0 | 30          |
 ├────────────────────┼─────────────┤
 | 0x000000000006eed2 | 7           |
 ├────────────────────┼─────────────┤
 | 0x000000000006ed22 | 31          |
 ├────────────────────┼─────────────┤
 | 0x000000000006ec89 | 7           |
 ├────────────────────┼─────────────┤
 | 0x0000000000000c3f | 22          |
 ├────────────────────┼─────────────┤
 | 0x0000000000000ba8 | 22          |
 ├────────────────────┼─────────────┤
 | 0x000000000006eb61 | 23          |
 ├────────────────────┼─────────────┤
 | 0x000000000006ec81 | 7           |
 ├────────────────────┼─────────────┤
 | 0x00000000000007bd | 10          |
 ├────────────────────┼─────────────┤
 | 0x00000000000002fa | 20          |
 ├────────────────────┼─────────────┤
 | 0x0000000000000a6e | 27          |
 ├────────────────────┼─────────────┤
 | 0x0000000000000da3 | 11          |
 └────────────────────┴─────────────┘
Filter table end
Accumulation table begin
 ┌────────────────────┬─────────────┬─────────────┬──────────────────────────────────────────────────────────────────┐
 | Region             | Offset      | Second      | Pattern                                                          |
 ├────────────────────┼─────────────┼─────────────┼──────────────────────────────────────────────────────────────────┤
 | 0x0000000000000d75 | 25          | 24          | 0 0 0 0 0 0 0 0 0 0 0 0 0 0 0 0 0 0 0 0 0 0 0 0 1 1 0 0 0 0 0 0  |
 ├────────────────────┼─────────────┼─────────────┼──────────────────────────────────────────────────────────────────┤
 | 0x0000000000000c0f | 0           | 1           | 1 1 0 0 0 0 0 0 0 0 0 0 0 0 0 0 0 0 0 0 0 0 0 0 0 0 0 0 0 0 0 0  |
 ├────────────────────┼─────────────┼─────────────┼──────────────────────────────────────────────────────────────────┤
 | 0x000000000000070e | 5           | 6           | 0 0 0 0 0 1 1 0 0 0 0 0 0 0 0 0 0 0 0 0 0 0 0 0 0 0 0 0 0 0 0 0  |
 ├────────────────────┼─────────────┼─────────────┼──────────────────────────────────────────────────────────────────┤
 | 0x00000000000004d3 | 18          | 19          | 0 0 0 0 0 0 0 0 0 0 0 0 0 0 0 0 0 1 1 1 0 0 0 0 0 0 0 0 0 0 0 0  |
 ├────────────────────┼─────────────┼─────────────┼──────────────────────────────────────────────────────────────────┤
 | 0x00000000000004cd | 23          | 22          | 0 0 0 0 0 0 0 0 0 0 0 0 0 0 0 0 0 1 1 0 0 0 1 1 0 0 0 0 0 0 0 0  |
 ├────────────────────┼─────────────┼─────────────┼──────────────────────────────────────────────────────────────────┤
 | 0x0000000000000974 | 19          | 20          | 0 0 0 0 0 0 0 0 0 0 0 0 0 0 0 0 0 0 0 1 1 0 0 0 0 0 0 0 0 0 0 0  |
 ├────────────────────┼─────────────┼─────────────┼──────────────────────────────────────────────────────────────────┤
 | 0x0000000000000378 | 30          | 31          | 0 0 0 0 0 0 0 0 0 0 0 0 0 0 0 0 0 0 0 0 0 0 0 0 0 0 0 0 0 0 1 1  |
 ├────────────────────┼─────────────┼─────────────┼──────────────────────────────────────────────────────────────────┤
 | 0x0000000000000e57 | 7           | 6           | 0 0 0 0 0 0 1 1 0 0 0 0 0 0 0 0 0 0 0 0 0 0 0 0 0 0 0 0 0 0 0 0  |
 ├────────────────────┼─────────────┼─────────────┼──────────────────────────────────────────────────────────────────┤
 | 0x000000000000097b | 14          | 13          | 0 0 0 0 0 0 0 0 0 0 0 0 0 1 1 0 0 0 0 0 0 0 0 0 0 0 0 0 0 0 0 0  |
 ├────────────────────┼─────────────┼─────────────┼──────────────────────────────────────────────────────────────────┤
 | 0x00000000000003c3 | 4           | 5           | 0 0 0 0 1 1 0 0 0 0 0 0 0 0 0 0 0 0 0 0 0 0 0 0 0 0 0 0 0 0 0 0  |
 ├────────────────────┼─────────────┼─────────────┼──────────────────────────────────────────────────────────────────┤
 | 0x0000000000000d3b | 14          | 15          | 0 0 0 0 0 0 0 0 0 0 0 0 0 1 1 1 0 0 0 0 0 0 0 0 0 0 0 0 0 0 0 0  |
 ├────────────────────┼─────────────┼─────────────┼──────────────────────────────────────────────────────────────────┤
 | 0x000000000000071a | 4           | 3           | 0 0 0 1 1 0 0 0 0 0 0 0 0 0 0 0 0 0 0 0 0 0 0 0 0 0 0 0 0 0 0 0  |
 ├────────────────────┼─────────────┼─────────────┼──────────────────────────────────────────────────────────────────┤
 | 0x00000000000010e5 | 9           | 10          | 0 0 0 0 0 0 0 0 0 1 1 0 0 0 0 0 0 0 0 0 0 0 0 0 0 0 0 0 0 0 0 0  |
 ├────────────────────┼─────────────┼─────────────┼──────────────────────────────────────────────────────────────────┤
 | 0x0000000000000707 | 19          | 18          | 0 0 0 0 0 0 0 0 0 0 0 0 0 0 0 0 0 0 1 1 0 0 0 0 0 0 0 0 0 0 0 0  |
 ├────────────────────┼─────────────┼─────────────┼──────────────────────────────────────────────────────────────────┤
 | 0x0000000000000a2d | 12          | 13          | 0 0 0 0 0 0 0 0 0 0 0 1 1 1 0 0 0 0 0 0 0 0 0 0 0 0 0 0 0 0 0 0  |
 ├────────────────────┼─────────────┼─────────────┼──────────────────────────────────────────────────────────────────┤
 | 0x00000000000006ca | 21          | 22          | 0 0 0 0 0 0 0 0 0 0 0 0 0 0 0 0 0 0 0 0 0 1 1 0 0 0 0 0 0 0 0 0  |
 ├────────────────────┼─────────────┼─────────────┼──────────────────────────────────────────────────────────────────┤
 | 0x00000000000006fb | 21          | 20          | 0 0 0 0 0 0 0 0 0 0 0 0 0 0 0 0 0 0 0 0 1 1 0 0 0 0 0 0 0 0 0 0  |
 ├────────────────────┼─────────────┼─────────────┼──────────────────────────────────────────────────────────────────┤
 | 0x0000000000000c0e | 8           | 9           | 0 0 0 1 1 0 0 0 1 1 0 0 0 0 0 0 0 0 0 0 0 0 0 0 0 0 0 0 0 0 0 0  |
 ├────────────────────┼─────────────┼─────────────┼──────────────────────────────────────────────────────────────────┤
 | 0x00000000000006e6 | 29          | 28          | 0 0 0 0 0 0 0 0 0 0 0 0 0 0 0 0 0 0 0 0 0 0 0 0 0 0 0 0 1 1 0 0  |
 ├────────────────────┼─────────────┼─────────────┼──────────────────────────────────────────────────────────────────┤
 | 0x00000000000004d2 | 22          | 23          | 0 0 0 0 0 0 0 0 0 0 0 0 0 0 0 0 0 0 0 0 0 0 1 1 0 0 0 0 0 0 0 0  |
 ├────────────────────┼─────────────┼─────────────┼──────────────────────────────────────────────────────────────────┤
 | 0x00000000000002be | 17          | 16          | 0 0 0 0 0 0 0 0 0 0 0 0 0 0 0 0 1 1 0 0 0 0 0 0 0 0 0 0 0 0 0 0  |
 ├────────────────────┼─────────────┼─────────────┼──────────────────────────────────────────────────────────────────┤
 | 0x0000000000000799 | 21          | 20          | 0 0 0 0 0 0 0 0 0 0 0 0 0 0 0 0 0 0 0 0 1 1 0 0 0 0 0 0 0 0 0 0  |
 ├────────────────────┼─────────────┼─────────────┼──────────────────────────────────────────────────────────────────┤
 | 0x0000000000000c3e | 20          | 21          | 0 0 0 0 0 0 0 0 0 0 0 0 0 0 0 0 0 0 0 0 1 1 0 0 0 0 0 0 0 0 0 0  |
 ├────────────────────┼─────────────┼─────────────┼──────────────────────────────────────────────────────────────────┤
 | 0x000000000000097a | 22          | 20          | 0 0 0 0 0 0 0 0 0 0 0 0 0 0 0 0 0 0 0 0 1 1 1 0 0 0 0 0 0 0 0 0  |
 ├────────────────────┼─────────────┼─────────────┼──────────────────────────────────────────────────────────────────┤
 | 0x00000000000003c2 | 7           | 8           | 0 0 0 0 0 0 1 1 1 0 0 0 0 0 0 0 0 0 0 0 0 0 0 0 0 0 0 0 0 0 0 0  |
 ├────────────────────┼─────────────┼─────────────┼──────────────────────────────────────────────────────────────────┤
 | 0x0000000000000d65 | 25          | 23          | 0 0 0 0 0 0 0 0 0 0 0 0 0 0 0 0 0 0 0 0 0 0 0 1 1 1 0 0 0 0 0 0  |
 ├────────────────────┼─────────────┼─────────────┼──────────────────────────────────────────────────────────────────┤
 | 0x00000000000006da | 16          | 17          | 0 0 0 0 0 0 0 0 0 0 0 0 0 0 0 0 1 1 1 1 1 1 0 0 0 0 0 0 0 0 0 0  |
 ├────────────────────┼─────────────┼─────────────┼──────────────────────────────────────────────────────────────────┤
 | 0x0000000000000bf0 | 7           | 8           | 0 0 0 0 0 0 0 1 1 0 0 0 0 0 0 0 0 0 0 0 0 0 0 0 0 0 0 0 0 0 0 0  |
 ├────────────────────┼─────────────┼─────────────┼──────────────────────────────────────────────────────────────────┤
 | 0x000000000000072b | 5           | 4           | 0 0 0 0 1 1 1 1 0 0 0 0 0 0 0 0 0 0 0 0 0 0 0 0 0 0 0 0 0 0 0 0  |
 ├────────────────────┼─────────────┼─────────────┼──────────────────────────────────────────────────────────────────┤
 | 0x0000000000000439 | 29          | 30          | 0 0 0 0 0 0 0 0 0 0 0 0 0 0 0 0 0 0 0 0 0 0 0 0 0 0 0 0 0 1 1 0  |
 ├────────────────────┼─────────────┼─────────────┼──────────────────────────────────────────────────────────────────┤
 | 0x000000000000071b | 21          | 20          | 0 0 0 0 0 0 0 0 0 0 0 0 0 0 0 0 0 0 0 0 1 1 0 0 0 0 0 0 0 0 0 0  |
 ├────────────────────┼─────────────┼─────────────┼──────────────────────────────────────────────────────────────────┤
 | 0x0000000000000c80 | 7           | 6           | 0 0 0 0 0 0 1 1 0 0 0 0 0 0 0 0 0 0 0 1 1 0 0 0 0 0 0 0 0 0 0 0  |
 └────────────────────┴─────────────┴─────────────┴──────────────────────────────────────────────────────────────────┘
Accumulation table end
Offset pattern table begin
 ┌────────────────────┬─────────────┬─────────────────────────────────────────────────────────────────────┐
 | Key                | Second      | Pattern                                                             |
 ├────────────────────┼─────────────┼─────────────────────────────────────────────────────────────────────┤
 | 0x0000000000000000 | 1           | 30 10 0 0 0 1 0 0 2 5 3 0 2 2 3 1 0 1 0 0 1 1 5 1 0 0 0 3 0 0 1 5   |
 ├────────────────────┼─────────────┼─────────────────────────────────────────────────────────────────────┤
 | 0x0000000000000001 | 20          | 23 7 0 0 0 0 0 0 0 0 0 0 3 2 0 1 0 0 0 0 0 0 2 2 0 0 0 0 0 0 0 9    |
 ├────────────────────┼─────────────┼─────────────────────────────────────────────────────────────────────┤
 | 0x0000000000000002 | 1           | 16 3 0 0 0 0 1 1 0 0 0 0 0 0 0 0 0 0 0 0 0 0 0 0 0 0 0 0 0 0 0 10   |
 ├────────────────────┼─────────────┼─────────────────────────────────────────────────────────────────────┤
 | 0x0000000000000003 | 4           | 19 2 0 0 0 0 0 0 1 0 0 0 0 0 0 0 1 0 0 0 0 0 0 0 0 0 0 0 0 1 0 11   |
 ├────────────────────┼─────────────┼─────────────────────────────────────────────────────────────────────┤
 | 0x0000000000000004 | 5           | 28 6 0 0 0 0 0 0 0 0 1 1 0 0 0 0 0 0 0 0 0 0 1 0 0 0 0 0 0 0 1 17   |
 ├────────────────────┼─────────────┼─────────────────────────────────────────────────────────────────────┤
 | 0x0000000000000005 | 8           | 27 7 4 2 0 0 0 0 0 0 0 0 0 0 0 1 0 0 0 0 0 0 0 0 0 0 0 0 0 0 0 20   |
 ├────────────────────┼─────────────┼─────────────────────────────────────────────────────────────────────┤
 | 0x0000000000000006 | 5           | 24 3 0 0 0 0 0 1 1 0 0 0 0 0 0 0 0 0 0 0 0 0 1 1 2 0 1 1 0 0 2 15   |
 ├────────────────────┼─────────────┼─────────────────────────────────────────────────────────────────────┤
 | 0x0000000000000007 | 6           | 19 3 0 0 0 0 1 0 0 0 0 0 1 1 1 1 1 0 1 0 0 0 0 0 0 0 0 0 0 0 1 12   |
 ├────────────────────┼─────────────┼─────────────────────────────────────────────────────────────────────┤
 | 0x0000000000000008 | 7           | 28 2 0 0 0 0 1 0 0 0 0 0 0 1 1 1 0 0 0 2 0 1 0 1 0 0 1 1 1 0 0 19   |
 ├────────────────────┼─────────────┼─────────────────────────────────────────────────────────────────────┤
 | 0x0000000000000009 | 7           | 31 9 0 0 3 3 0 0 0 0 0 0 0 1 0 0 0 0 0 0 0 0 0 0 0 0 3 2 0 0 2 15   |
 ├────────────────────┼─────────────┼─────────────────────────────────────────────────────────────────────┤
 | 0x000000000000000a | 9           | 30 5 0 0 0 1 0 1 1 0 0 0 0 0 0 0 1 1 0 0 0 0 0 0 1 0 0 0 0 0 1 21   |
 ├────────────────────┼─────────────┼─────────────────────────────────────────────────────────────────────┤
 | 0x000000000000000b | 12          | 21 4 0 0 0 0 1 0 0 1 1 0 0 0 0 0 0 0 0 1 0 0 0 1 0 1 0 0 0 0 0 17   |
 ├────────────────────┼─────────────┼─────────────────────────────────────────────────────────────────────┤
 | 0x000000000000000c | 13          | 29 9 2 3 0 0 0 0 1 2 1 0 0 1 0 1 0 0 0 0 0 0 0 0 0 0 0 0 0 0 0 15   |
 ├────────────────────┼─────────────┼─────────────────────────────────────────────────────────────────────┤
 | 0x000000000000000d | 12          | 23 3 0 0 0 0 0 0 0 0 0 0 0 0 0 0 0 0 0 0 0 0 0 0 0 0 0 0 0 0 2 17   |
 ├────────────────────┼─────────────┼─────────────────────────────────────────────────────────────────────┤
 | 0x000000000000000e | 13          | 19 6 0 0 0 0 0 0 0 0 0 0 0 0 0 0 0 0 0 0 0 0 0 0 0 0 0 0 0 0 1 12   |
 ├────────────────────┼─────────────┼─────────────────────────────────────────────────────────────────────┤
 | 0x000000000000000f | 14          | 24 7 1 0 1 0 1 2 2 0 1 1 0 0 0 1 1 0 0 0 1 1 0 0 0 1 0 0 0 2 1 13   |
 ├────────────────────┼─────────────┼─────────────────────────────────────────────────────────────────────┤
 | 0x0000000000000010 | 15          | 28 7 0 1 1 1 0 0 2 1 2 2 0 0 0 0 0 0 0 0 0 0 0 0 0 0 0 0 2 1 2 18   |
 ├────────────────────┼─────────────┼─────────────────────────────────────────────────────────────────────┤
 | 0x0000000000000011 | 18          | 31 3 0 0 0 0 0 0 0 1 3 0 0 2 1 0 0 0 0 0 0 0 0 0 1 0 0 0 0 2 2 24   |
 ├────────────────────┼─────────────┼─────────────────────────────────────────────────────────────────────┤
 | 0x0000000000000012 | 19          | 29 6 0 0 0 0 0 0 0 0 0 0 0 0 0 0 0 0 0 0 0 1 1 0 0 0 0 0 0 0 2 22   |
 ├────────────────────┼─────────────┼─────────────────────────────────────────────────────────────────────┤
 | 0x0000000000000013 | 20          | 31 6 0 0 1 0 1 0 0 2 0 0 0 0 0 0 0 0 0 0 0 0 0 0 1 0 0 0 0 0 0 22   |
 ├────────────────────┼─────────────┼─────────────────────────────────────────────────────────────────────┤
 | 0x0000000000000014 | 19          | 25 8 0 0 0 0 1 0 0 0 0 1 1 0 0 0 0 1 0 0 0 1 0 0 0 0 0 0 0 1 1 15   |
 ├────────────────────┼─────────────┼─────────────────────────────────────────────────────────────────────┤
 | 0x0000000000000015 | 9           | 24 4 1 2 1 0 1 1 1 1 1 0 0 0 1 1 0 0 1 0 1 0 1 0 0 0 1 0 0 0 2 20   |
 ├────────────────────┼─────────────┼─────────────────────────────────────────────────────────────────────┤
 | 0x0000000000000016 | 21          | 25 2 0 0 0 0 0 0 1 0 0 0 0 0 0 0 0 0 0 0 0 0 1 0 0 1 0 0 0 0 1 21   |
 ├────────────────────┼─────────────┼─────────────────────────────────────────────────────────────────────┤
 | 0x0000000000000017 | 22          | 18 2 1 0 0 0 0 0 0 0 0 0 0 0 0 0 0 0 1 1 0 0 0 0 0 0 1 1 0 0 1 13   |
 ├────────────────────┼─────────────┼─────────────────────────────────────────────────────────────────────┤
 | 0x0000000000000018 | 25          | 29 10 0 3 4 0 0 1 2 1 0 0 0 0 0 0 2 0 0 0 0 1 1 0 0 0 1 1 2 0 0 13  |
 ├────────────────────┼─────────────┼─────────────────────────────────────────────────────────────────────┤
 | 0x0000000000000019 | 31          | 19 3 0 2 1 0 0 0 0 0 0 0 0 0 0 0 0 0 0 0 0 0 0 0 0 0 0 0 1 0 0 13   |
 ├────────────────────┼─────────────┼─────────────────────────────────────────────────────────────────────┤
 | 0x000000000000001a | 27          | 24 6 1 1 0 1 1 1 1 1 1 3 1 0 1 1 0 1 1 0 0 0 0 0 0 1 1 1 1 0 0 17   |
 ├────────────────────┼─────────────┼─────────────────────────────────────────────────────────────────────┤
 | 0x000000000000001b | 26          | 18 7 2 2 1 0 0 1 2 1 0 0 1 0 2 0 2 1 0 0 2 0 1 0 1 1 2 0 0 1 1 10   |
 ├────────────────────┼─────────────┼─────────────────────────────────────────────────────────────────────┤
 | 0x000000000000001c | 29          | 31 12 5 2 3 0 2 1 1 0 0 0 0 0 0 0 1 2 1 0 2 0 2 0 3 0 0 0 1 0 2 22  |
 ├────────────────────┼─────────────┼─────────────────────────────────────────────────────────────────────┤
 | 0x000000000000001d | 30          | 16 2 0 0 0 0 0 0 0 0 0 0 0 0 0 0 0 0 0 0 0 0 0 0 0 0 0 0 0 0 0 12   |
 ├────────────────────┼─────────────┼─────────────────────────────────────────────────────────────────────┤
 | 0x000000000000001e | 27          | 31 8 0 0 0 0 0 1 1 0 0 0 0 0 0 0 0 0 0 2 0 1 1 0 0 0 0 0 0 0 3 21   |
 ├────────────────────┼─────────────┼─────────────────────────────────────────────────────────────────────┤
 | 0x000000000000001f | 3           | 21 0 0 0 0 0 0 0 0 0 0 0 0 1 1 0 0 0 0 0 0 0 0 0 0 1 0 1 0 0 3 15   |
 └────────────────────┴─────────────┴─────────────────────────────────────────────────────────────────────┘
Offset pattern table end
PC pattern table begin
 ┌────────────────────┬─────────────┬───────────────────────────────────────────────┐
 | Key                | Second      | Pattern                                       |
 ├────────────────────┼─────────────┼───────────────────────────────────────────────┤
 | 0x0000000000000000 | 20          | 26 7 13 9 5 11 7 7 7 7 8 9 7 10 14 10         |
 ├────────────────────┼─────────────┼───────────────────────────────────────────────┤
 | 0x0000000000000001 | 5           | 31 1 5 2 3 2 2 4 9 5 2 0 3 1 3 4              |
 ├────────────────────┼─────────────┼───────────────────────────────────────────────┤
 | 0x0000000000000002 | 27          | 19 13 0 0 0 0 0 0 0 0 0 0 0 0 0 5             |
 ├────────────────────┼─────────────┼───────────────────────────────────────────────┤
 | 0x0000000000000003 | 25          | 23 9 0 8 0 0 0 0 0 0 0 0 0 0 0 11             |
 ├────────────────────┼─────────────┼───────────────────────────────────────────────┤
 | 0x0000000000000004 | 0           | 25 2 1 0 1 4 0 0 1 0 0 0 0 0 4 5              |
 ├────────────────────┼─────────────┼───────────────────────────────────────────────┤
 | 0x0000000000000005 | 12          | 26 9 16 8 13 10 7 15 10 15 10 17 11 15 16 10  |
 ├────────────────────┼─────────────┼───────────────────────────────────────────────┤
 | 0x0000000000000006 | 3           | 25 3 6 8 8 7 4 9 11 4 11 8 5 6 7 7            |
 ├────────────────────┼─────────────┼───────────────────────────────────────────────┤
 | 0x0000000000000007 | 3           | 28 17 1 2 2 0 0 1 0 0 1 1 0 0 0 3             |
 ├────────────────────┼─────────────┼───────────────────────────────────────────────┤
 | 0x0000000000000008 | 26          | 30 15 1 0 0 1 0 0 0 0 0 0 0 0 0 2             |
 ├────────────────────┼─────────────┼───────────────────────────────────────────────┤
 | 0x0000000000000009 | 7           | 24 2 2 4 3 2 3 6 7 3 2 2 2 1 4 2              |
 ├────────────────────┼─────────────┼───────────────────────────────────────────────┤
 | 0x000000000000000a | 28          | 25 6 6 3 1 0 0 0 4 4 6 2 3 1 0 5              |
 ├────────────────────┼─────────────┼───────────────────────────────────────────────┤
 | 0x000000000000000b | 9           | 18 7 12 6 8 6 6 9 9 7 6 8 5 8 8 9             |
 ├────────────────────┼─────────────┼───────────────────────────────────────────────┤
 | 0x000000000000000c | 4           | 28 27 27 21 16 0 0 0 11 16 14 27 27 16 11 27  |
 ├────────────────────┼─────────────┼───────────────────────────────────────────────┤
 | 0x000000000000000d | 30          | 31 7 3 3 3 5 4 6 5 5 3 4 3 4 4 3              |
 ├────────────────────┼─────────────┼───────────────────────────────────────────────┤
 | 0x000000000000000e | 30          | 23 2 0 0 0 0 0 0 0 3 0 0 0 0 0 7              |
 ├────────────────────┼─────────────┼───────────────────────────────────────────────┤
 | 0x000000000000000f | 20          | 17 0 1 1 1 2 1 1 1 1 2 2 0 0 0 0              |
 ├────────────────────┼─────────────┼───────────────────────────────────────────────┤
 | 0x0000000000000010 | 22          | 18 11 0 2 0 0 0 0 1 1 1 1 0 1 1 0             |
 ├────────────────────┼─────────────┼───────────────────────────────────────────────┤
 | 0x0000000000000011 | 0           | 27 16 16 5 0 0 0 0 0 0 0 0 0 0 0 1            |
 ├────────────────────┼─────────────┼───────────────────────────────────────────────┤
 | 0x0000000000000012 | 27          | 21 20 18 0 0 0 0 20 7 20 20 20 0 20 20 20     |
 ├────────────────────┼─────────────┼───────────────────────────────────────────────┤
 | 0x0000000000000013 | 26          | 31 5 0 2 2 1 0 0 0 0 0 0 0 1 1 13             |
 ├────────────────────┼─────────────┼───────────────────────────────────────────────┤
 | 0x0000000000000014 | 3           | 28 3 1 1 2 0 1 2 1 3 1 2 4 3 0 1              |
 ├────────────────────┼─────────────┼───────────────────────────────────────────────┤
 | 0x0000000000000015 | 14          | 30 1 4 4 4 4 4 8 13 6 6 3 3 2 5 3             |
 ├────────────────────┼─────────────┼───────────────────────────────────────────────┤
 | 0x0000000000000016 | 5           | 27 6 0 0 2 1 3 1 1 1 3 0 4 5 5 1              |
 ├────────────────────┼─────────────┼───────────────────────────────────────────────┤
 | 0x0000000000000017 | 30          | 8 2 0 0 0 0 0 3 0 0 2 0 1 0 0 0               |
 ├────────────────────┼─────────────┼───────────────────────────────────────────────┤
 | 0x0000000000000018 | 29          | 17 1 0 0 0 0 0 0 0 0 0 0 0 0 0 7              |
 ├────────────────────┼─────────────┼───────────────────────────────────────────────┤
 | 0x0000000000000019 | 11          | 28 0 0 1 1 1 1 0 0 0 0 0 3 0 1 11             |
 ├────────────────────┼─────────────┼───────────────────────────────────────────────┤
 | 0x000000000000001a | 13          | 17 7 1 1 1 0 0 0 0 0 0 0 0 0 0 2              |
 ├────────────────────┼─────────────┼───────────────────────────────────────────────┤
 | 0x000000000000001b | 2           | 23 15 10 8 5 0 0 0 1 10 8 12 2 7 1 11         |
 ├────────────────────┼─────────────┼───────────────────────────────────────────────┤
 | 0x000000000000001c | 24          | 19 4 0 1 1 0 0 2 0 0 0 0 0 0 0 1              |
 ├────────────────────┼─────────────┼───────────────────────────────────────────────┤
 | 0x000000000000001d | 9           | 17 9 0 0 0 0 0 0 0 0 0 0 0 0 0 0              |
 ├────────────────────┼─────────────┼───────────────────────────────────────────────┤
 | 0x000000000000001e | 27          | 22 2 0 3 0 6 3 1 0 0 5 0 5 6 1 2              |
 ├────────────────────┼─────────────┼───────────────────────────────────────────────┤
 | 0x000000000000001f | 19          | 26 0 0 0 0 1 0 0 0 0 0 0 0 0 0 12             |
 └────────────────────┴─────────────┴───────────────────────────────────────────────┘
PC pattern table end
Prefetch buffer begin
 ┌────────────────────┬──────────────────────────────────────────────────────────────────┐
 | Region             | Pattern                                                          |
 ├────────────────────┼──────────────────────────────────────────────────────────────────┤
 | 0x00000000000006f3 | 0 0 0 0 1 0 2 2 0 0 0 0 0 0 0 0 0 0 0 0 0 0 0 0 0 0 0 0 0 0 0 0  |
 ├────────────────────┼──────────────────────────────────────────────────────────────────┤
 | 0x0000000000000fc3 | 0 0 0 0 0 0 0 0 0 0 0 0 0 0 0 0 0 0 0 0 0 0 2 0 0 0 0 0 0 0 0 0  |
 ├────────────────────┼──────────────────────────────────────────────────────────────────┤
 | 0x0000000000000246 | 0 0 0 0 0 0 0 0 0 0 0 0 0 0 0 0 0 0 0 0 0 0 0 0 0 1 0 2 0 0 0 0  |
 ├────────────────────┼──────────────────────────────────────────────────────────────────┤
 | 0x000000000006eb59 | 0 0 0 0 0 0 0 0 0 0 0 0 0 0 0 0 0 0 0 0 0 0 1 0 0 0 0 0 0 0 0 0  |
 ├────────────────────┼──────────────────────────────────────────────────────────────────┤
 | 0x000000000006ed22 | 0 0 0 0 0 0 0 0 0 0 0 0 0 0 0 0 0 0 0 0 0 0 0 0 0 0 0 0 0 0 1 0  |
 ├────────────────────┼──────────────────────────────────────────────────────────────────┤
 | 0x0000000000000252 | 0 0 0 0 0 0 0 0 0 0 1 0 2 0 0 0 0 0 0 0 0 0 0 0 0 0 0 0 0 0 0 0  |
 ├────────────────────┼──────────────────────────────────────────────────────────────────┤
 | 0x000000000006ebf3 | 0 0 0 0 0 0 0 0 0 0 0 0 0 0 1 0 2 0 0 0 0 0 0 0 0 0 0 0 0 0 0 0  |
 ├────────────────────┼──────────────────────────────────────────────────────────────────┤
 | 0x00000000000004b4 | 0 0 0 0 0 0 0 1 0 0 0 0 0 0 0 0 0 0 0 0 0 0 0 0 0 0 0 0 0 0 0 0  |
 ├────────────────────┼──────────────────────────────────────────────────────────────────┤
 | 0x000000000000067f | 0 0 0 0 0 0 0 0 0 0 0 0 0 0 0 0 0 1 0 0 0 0 0 0 0 0 0 0 0 0 0 0  |
 ├────────────────────┼──────────────────────────────────────────────────────────────────┤
 | 0x00000000000008fc | 0 0 0 0 0 0 0 0 0 0 0 0 0 0 0 0 0 0 0 0 0 0 0 0 0 1 0 0 0 0 0 0  |
 ├────────────────────┼──────────────────────────────────────────────────────────────────┤
 | 0x0000000000000685 | 0 0 0 0 0 0 0 0 0 0 0 0 0 0 0 0 0 0 0 0 1 0 2 0 0 0 0 0 0 0 0 0  |
 ├────────────────────┼──────────────────────────────────────────────────────────────────┤
 | 0x000000000000084d | 0 0 0 0 0 0 0 0 0 0 1 0 2 0 0 0 0 0 0 0 0 0 0 0 0 0 0 0 0 0 0 0  |
 ├────────────────────┼──────────────────────────────────────────────────────────────────┤
 | 0x000000000006ebf7 | 0 0 0 0 0 0 0 0 0 0 0 0 0 0 1 0 2 0 0 0 0 0 0 0 0 0 0 0 0 0 0 0  |
 ├────────────────────┼──────────────────────────────────────────────────────────────────┤
 | 0x0000000000000964 | 0 0 0 0 0 1 0 0 0 0 0 0 0 0 0 0 0 0 0 0 0 0 0 0 0 0 0 0 0 0 0 0  |
 ├────────────────────┼──────────────────────────────────────────────────────────────────┤
 | 0x0000000000000ce0 | 0 0 0 0 0 0 0 0 0 0 0 0 0 0 0 0 0 0 0 0 0 0 1 0 0 0 0 0 0 0 0 0  |
 ├────────────────────┼──────────────────────────────────────────────────────────────────┤
 | 0x000000000006eda2 | 0 0 0 0 0 0 0 0 0 0 0 0 0 0 0 0 0 0 0 0 0 0 1 0 0 0 0 0 0 0 0 0  |
 ├────────────────────┼──────────────────────────────────────────────────────────────────┤
 | 0x0000000000000bc5 | 0 0 0 0 0 0 0 0 0 0 0 0 0 0 0 0 0 0 0 0 0 0 0 0 0 0 0 0 1 0 2 0  |
 ├────────────────────┼──────────────────────────────────────────────────────────────────┤
 | 0x0000000000000c68 | 0 0 0 0 0 0 0 0 0 0 0 0 0 0 0 0 0 1 0 2 0 0 0 0 0 0 0 0 0 0 0 0  |
 ├────────────────────┼──────────────────────────────────────────────────────────────────┤
 | 0x0000000000000a6e | 0 0 0 0 0 0 0 0 0 0 0 0 0 0 0 0 0 0 0 0 0 0 0 0 0 0 1 0 2 0 0 0  |
 ├────────────────────┼──────────────────────────────────────────────────────────────────┤
 | 0x000000000000065b | 0 0 0 0 0 0 0 0 0 0 0 0 0 0 0 0 0 0 0 0 0 1 0 0 0 0 0 0 0 0 0 0  |
 ├────────────────────┼──────────────────────────────────────────────────────────────────┤
 | 0x000000000000043f | 0 1 0 0 0 0 0 0 0 0 0 0 0 0 0 0 0 0 0 0 0 0 0 0 0 0 0 0 0 0 0 0  |
 ├────────────────────┼──────────────────────────────────────────────────────────────────┤
 | 0x0000000000000ed0 | 0 0 0 0 0 0 0 0 0 0 0 0 0 0 0 0 0 0 0 0 0 0 0 0 0 0 0 0 0 1 0 2  |
 ├────────────────────┼──────────────────────────────────────────────────────────────────┤
 | 0x0000000000009f8d | 0 0 0 0 0 0 0 0 0 0 0 0 0 0 0 0 0 0 0 0 0 0 0 0 0 0 0 0 0 0 1 0  |
 ├────────────────────┼──────────────────────────────────────────────────────────────────┤
 | 0x0000000000000f24 | 0 0 0 0 0 0 0 0 0 0 0 0 0 0 0 0 0 0 0 0 0 1 0 0 0 0 0 0 0 0 0 0  |
 ├────────────────────┼──────────────────────────────────────────────────────────────────┤
 | 0x000000000006eed2 | 0 0 0 0 0 0 1 0 2 0 0 0 0 0 0 0 0 0 0 0 0 0 0 0 0 0 0 0 0 0 0 0  |
 ├────────────────────┼──────────────────────────────────────────────────────────────────┤
 | 0x0000000000001106 | 0 0 0 0 0 0 0 0 0 0 0 0 0 0 0 0 0 0 0 0 0 0 0 0 0 1 0 2 0 0 0 0  |
 ├────────────────────┼──────────────────────────────────────────────────────────────────┤
 | 0x000000000006eda6 | 0 0 0 0 0 0 0 0 0 0 0 0 0 0 0 0 0 0 0 0 0 0 1 0 0 0 0 0 0 0 0 0  |
 └────────────────────┴──────────────────────────────────────────────────────────────────┘
Prefetch buffer end
Filter by PPT: 0
cpu0_L2C
Num Con Filled: 0
Num Con Useful: 0 Useless:0 Accuracy: nan
LLC
