41 41 41
Available num physical pages: 35184372088576
WARNING: physical memory size is smaller than virtual memory size

*** ChampSim Multicore Out-of-Order Simulator ***

Warmup Instructions: 5000000
Simulation Instructions: 200000000
Number of CPUs: 1
Page size: 4096

Basic BTB sets: 1024 ways: 8 indirect buffer size: 4096 RAS size: 64
cpu0_L1D PMP prefetcher
Off-chip DRAM Size: 4 GiB Channels: 1 Width: 64-bit Data Rate: 3200 MT/s
Max paddr 3M
Warmup finished CPU 0 instructions: 5000000 cycles: 1266641 cumulative IPC: 3.94745 (Simulation time: 0 hr 2 min 13 sec) 

Warmup complete CPU 0 instructions: 5000000 cycles: 1266641 (Simulation time: 0 hr 2 min 13 sec) 

Heartbeat CPU 0 instructions: 10000003 cycles: 4076863 heartbeat IPC: 2.45287 cumulative IPC: 1.77922 (Simulation time: 0 hr 6 min 32 sec) 
Heartbeat CPU 0 instructions: 20000000 cycles: 9521126 heartbeat IPC: 1.8368 cumulative IPC: 1.8172 (Simulation time: 0 hr 14 min 34 sec) 
Heartbeat CPU 0 instructions: 30000001 cycles: 14892920 heartbeat IPC: 1.86158 cumulative IPC: 1.8347 (Simulation time: 0 hr 20 min 41 sec) 
Heartbeat CPU 0 instructions: 40000000 cycles: 20296845 heartbeat IPC: 1.85051 cumulative IPC: 1.83919 (Simulation time: 0 hr 27 min 1 sec) 
Heartbeat CPU 0 instructions: 50000004 cycles: 25391464 heartbeat IPC: 1.96286 cumulative IPC: 1.8653 (Simulation time: 0 hr 33 min 6 sec) 
Heartbeat CPU 0 instructions: 60000002 cycles: 30728579 heartbeat IPC: 1.87368 cumulative IPC: 1.86682 (Simulation time: 0 hr 39 min 29 sec) 
Heartbeat CPU 0 instructions: 70000003 cycles: 35035587 heartbeat IPC: 2.3218 cumulative IPC: 1.92485 (Simulation time: 0 hr 48 min 16 sec) 
Heartbeat CPU 0 instructions: 80000001 cycles: 39064259 heartbeat IPC: 2.48221 cumulative IPC: 1.98426 (Simulation time: 0 hr 54 min 37 sec) 
Heartbeat CPU 0 instructions: 90000003 cycles: 42879315 heartbeat IPC: 2.6212 cumulative IPC: 2.04265 (Simulation time: 1 hr 0 min 44 sec) 
Heartbeat CPU 0 instructions: 100000004 cycles: 48142579 heartbeat IPC: 1.89997 cumulative IPC: 2.02663 (Simulation time: 1 hr 6 min 51 sec) 
Heartbeat CPU 0 instructions: 110000003 cycles: 53473382 heartbeat IPC: 1.87589 cumulative IPC: 2.01124 (Simulation time: 1 hr 13 min 11 sec) 
Heartbeat CPU 0 instructions: 120000003 cycles: 58499626 heartbeat IPC: 1.98956 cumulative IPC: 2.00934 (Simulation time: 1 hr 19 min 14 sec) 
Heartbeat CPU 0 instructions: 130000002 cycles: 63367781 heartbeat IPC: 2.05417 cumulative IPC: 2.01285 (Simulation time: 1 hr 25 min 25 sec) 
Heartbeat CPU 0 instructions: 140000001 cycles: 67606316 heartbeat IPC: 2.35931 cumulative IPC: 2.03499 (Simulation time: 1 hr 34 min 18 sec) 
Heartbeat CPU 0 instructions: 150000004 cycles: 71139781 heartbeat IPC: 2.83009 cumulative IPC: 2.07519 (Simulation time: 1 hr 40 min 21 sec) 
Heartbeat CPU 0 instructions: 160000000 cycles: 75454984 heartbeat IPC: 2.31739 cumulative IPC: 2.08928 (Simulation time: 1 hr 46 min 48 sec) 
Heartbeat CPU 0 instructions: 170000002 cycles: 80750648 heartbeat IPC: 1.88834 cumulative IPC: 2.07589 (Simulation time: 1 hr 52 min 55 sec) 
Heartbeat CPU 0 instructions: 180000002 cycles: 85728224 heartbeat IPC: 2.00902 cumulative IPC: 2.07195 (Simulation time: 1 hr 58 min 25 sec) 
Heartbeat CPU 0 instructions: 190000000 cycles: 90560647 heartbeat IPC: 2.06936 cumulative IPC: 2.07181 (Simulation time: 2 hr 3 min 39 sec) 
Heartbeat CPU 0 instructions: 200000002 cycles: 95763072 heartbeat IPC: 1.92219 cumulative IPC: 2.06358 (Simulation time: 2 hr 9 min 31 sec) 
Max paddr 6M
Simulation finished CPU 0 instructions: 200000001 cycles: 96342095 cumulative IPC: 2.07594 (Simulation time: 2 hr 12 min 28 sec) 

Simulation complete CPU 0 instructions: 200000001 cycles: 96342095 (Simulation time: 2 hr 12 min 28 sec) 


ChampSim completed all CPUs

[
  {
    "name": "Simulation",
    "traces": [
      "../traces/401.bzip2-277B.champsimtrace.xz"
    ],
    "roi": {
      "cores": [
        {
          "instructions": 200000001,
          "cycles": 96342095,
          "Avg ROB occupancy at mispredict": 28.1215, 
          "mispredict": {
            "BRANCH_DIRECT_JUMP": 5458,
            "BRANCH_INDIRECT": 57,
            "BRANCH_CONDITIONAL": 2787733,
            "BRANCH_DIRECT_CALL": 6,
            "BRANCH_INDIRECT_CALL": 0,
            "BRANCH_RETURN": 6
          }
        }
      ],
      "cpu0_L1I": {
        "LOAD": {
          "hit":1717,
          "miss":172
        },
        "RFO": {
          "hit":0,
          "miss":0
        },
        "PREFETCH": {
          "hit":0,
          "miss":0
        },
        "WRITE": {
          "hit":0,
          "miss":0
        },
        "TRANSLATION": {
          "hit":0,
          "miss":0
        },
        "mshr full": 0,
        "prefetch requested": 0,
        "prefetch issued": 0,
        "prefetch filled": 0,
        "prefetch useful": 0,
        "prefetch useless": 0,
        "prefetch late": 0,
        "pf_useful_at_l2_from_l1":          0,
        "pf_late_at_l2_from_l1":          0,
        "pf_useless_at_l2_from_l1":          0,
        "pf_at_l2_to_l1":          0,
        "pf_fill_this_level":          0,
        "miss latency": 7.67769,
        "cache queues": {
          "PQ_ACCESS": 0,
          "PQ_FULL": 0,
          "PQ_TO_CACHE": 0,
          "PQ_MERGED": 0,
          "RQ_ACCESS": 1922,
          "RQ_MERGED": 33,
          "RQ_FULL": 0,
          "WQ_ACCESS": 0,
          "WQ_MERGED": 0,
          "WQ_FULL": 0
        }
      },
      "cpu0_ITLB": {
        "LOAD": {
          "hit":1721,
          "miss":9
        },
        "RFO": {
          "hit":0,
          "miss":0
        },
        "PREFETCH": {
          "hit":0,
          "miss":0
        },
        "WRITE": {
          "hit":0,
          "miss":0
        },
        "TRANSLATION": {
          "hit":0,
          "miss":0
        },
        "mshr full": 0,
        "prefetch requested": 0,
        "prefetch issued": 0,
        "prefetch filled": 0,
        "prefetch useful": 0,
        "prefetch useless": 0,
        "prefetch late": 0,
        "pf_useful_at_l2_from_l1":          0,
        "pf_late_at_l2_from_l1":          0,
        "pf_useless_at_l2_from_l1":          0,
        "pf_at_l2_to_l1":          0,
        "pf_fill_this_level":          0,
        "miss latency": 11.5,
        "cache queues": {
          "PQ_ACCESS": 0,
          "PQ_FULL": 0,
          "PQ_TO_CACHE": 0,
          "PQ_MERGED": 0,
          "RQ_ACCESS": 1730,
          "RQ_MERGED": 0,
          "RQ_FULL": 0,
          "WQ_ACCESS": 0,
          "WQ_MERGED": 0,
          "WQ_FULL": 0
        }
      },
      "cpu0_DTLB": {
        "LOAD": {
          "hit":62612161,
          "miss":1039925
        },
        "RFO": {
          "hit":0,
          "miss":0
        },
        "PREFETCH": {
          "hit":0,
          "miss":0
        },
        "WRITE": {
          "hit":0,
          "miss":0
        },
        "TRANSLATION": {
          "hit":0,
          "miss":0
        },
        "mshr full": 0,
        "prefetch requested": 0,
        "prefetch issued": 0,
        "prefetch filled": 0,
        "prefetch useful": 0,
        "prefetch useless": 0,
        "prefetch late": 0,
        "pf_useful_at_l2_from_l1":          0,
        "pf_late_at_l2_from_l1":          0,
        "pf_useless_at_l2_from_l1":          0,
        "pf_at_l2_to_l1":          0,
        "pf_fill_this_level":          0,
        "miss latency": 0.472043,
        "cache queues": {
          "PQ_ACCESS": 0,
          "PQ_FULL": 0,
          "PQ_TO_CACHE": 0,
          "PQ_MERGED": 0,
          "RQ_ACCESS": 64056383,
          "RQ_MERGED": 0,
          "RQ_FULL": 404297,
          "WQ_ACCESS": 0,
          "WQ_MERGED": 0,
          "WQ_FULL": 0
        }
      },
      "cpu0_STLB": {
        "LOAD": {
          "hit":963412,
          "miss":601
        },
        "RFO": {
          "hit":0,
          "miss":0
        },
        "PREFETCH": {
          "hit":0,
          "miss":0
        },
        "WRITE": {
          "hit":0,
          "miss":0
        },
        "TRANSLATION": {
          "hit":0,
          "miss":0
        },
        "mshr full": 0,
        "prefetch requested": 0,
        "prefetch issued": 0,
        "prefetch filled": 0,
        "prefetch useful": 0,
        "prefetch useless": 0,
        "prefetch late": 0,
        "pf_useful_at_l2_from_l1":          0,
        "pf_late_at_l2_from_l1":          0,
        "pf_useless_at_l2_from_l1":          0,
        "pf_at_l2_to_l1":          0,
        "pf_fill_this_level":          0,
        "miss latency": 14.8595,
        "cache queues": {
          "PQ_ACCESS": 0,
          "PQ_FULL": 0,
          "PQ_TO_CACHE": 0,
          "PQ_MERGED": 0,
          "RQ_ACCESS": 964013,
          "RQ_MERGED": 0,
          "RQ_FULL": 0,
          "WQ_ACCESS": 0,
          "WQ_MERGED": 0,
          "WQ_FULL": 0
        }
      },
      "cpu0_L1D": {
        "LOAD": {
          "hit":39554444,
          "miss":1932267
        },
        "RFO": {
          "hit":0,
          "miss":0
        },
        "PREFETCH": {
          "hit":239130,
          "miss":1711210
        },
        "WRITE": {
          "hit":20826977,
          "miss":1542887
        },
        "TRANSLATION": {
          "hit":107,
          "miss":495
        },
        "mshr full": 418343,
        "prefetch requested": 1950395,
        "prefetch issued": 1950395,
        "prefetch filled": 218245,
        "prefetch useful": 189548,
        "prefetch useless": 46864,
        "prefetch late": 18238,
        "pf_useful_at_l2_from_l1":          0,
        "pf_late_at_l2_from_l1":          0,
        "pf_useless_at_l2_from_l1":          0,
        "pf_at_l2_to_l1":          0,
        "pf_fill_this_level":     218239,
        "miss latency": 2.79864,
        "cache queues": {
          "PQ_ACCESS": 1950395,
          "PQ_FULL": 0,
          "PQ_TO_CACHE": 1950395,
          "PQ_MERGED": 44,
          "RQ_ACCESS": 42649313,
          "RQ_MERGED": 52,
          "RQ_FULL": 1162547,
          "WQ_ACCESS": 22491668,
          "WQ_MERGED": 0,
          "WQ_FULL": 121801
        }
      },
      "cpu0_L2C": {
        "LOAD": {
          "hit":586846,
          "miss":459845
        },
        "RFO": {
          "hit":28514,
          "miss":164312
        },
        "PREFETCH": {
          "hit":888935,
          "miss":809246
        },
        "WRITE": {
          "hit":319559,
          "miss":0
        },
        "TRANSLATION": {
          "hit":449,
          "miss":46
        },
        "mshr full": 34486,
        "prefetch requested": 0,
        "prefetch issued": 0,
        "prefetch filled": 807758,
        "prefetch useful": 0,
        "prefetch useless": 0,
        "prefetch late": 0,
        "pf_useful_at_l2_from_l1":     156281,
        "pf_late_at_l2_from_l1":       1365,
        "pf_useless_at_l2_from_l1":     468179,
        "pf_at_l2_to_l1":       6400,
        "pf_fill_this_level":     625251,
        "miss latency": 13.3854,
        "cache queues": {
          "PQ_ACCESS": 1700090,
          "PQ_FULL": 1873,
          "PQ_TO_CACHE": 1698217,
          "PQ_MERGED": 2,
          "RQ_ACCESS": 1240320,
          "RQ_MERGED": 0,
          "RQ_FULL": 0,
          "WQ_ACCESS": 319663,
          "WQ_MERGED": 0,
          "WQ_FULL": 0
        }
      },
      "LLC": {
        "LOAD": {
          "hit": [358766],
          "miss": [99744]
        },
        "RFO": {
          "hit": [43413],
          "miss": [120869]
        },
        "PREFETCH": {
          "hit": [581341],
          "miss": [227780]
        },
        "WRITE": {
          "hit": [262532],
          "miss": [0]
        },
        "TRANSLATION": {
          "hit": [19],
          "miss": [27]
        },
        "mshr full": 0,
        "prefetch requested": 0,
        "prefetch issued": 0,
        "prefetch filled": 227780,
        "prefetch useful": 0,
        "prefetch useless": 0,
        "prefetch late": 0,
        "pf_useful_at_l2_from_l1":          0,
        "pf_late_at_l2_from_l1":          0,
        "pf_useless_at_l2_from_l1":          0,
        "pf_at_l2_to_l1":       5206,
        "pf_fill_this_level":          0,
        "miss latency": 37.5586,
        "cache queues": {
          "PQ_ACCESS": 809123,
          "PQ_FULL": 0,
          "PQ_TO_CACHE": 809123,
          "PQ_MERGED": 0,
          "RQ_ACCESS": 622838,
          "RQ_MERGED": 0,
          "RQ_FULL": 0,
          "WQ_ACCESS": 262856,
          "WQ_MERGED": 0,
          "WQ_FULL": 0
        }
      },
      "DRAM": [
        {
          "RQ ROW_BUFFER_HIT": 110936,
          "RQ ROW_BUFFER_MISS": 337274,
          "PQ FULL": 0,
          "WQ ROW_BUFFER_HIT": 33081,
          "WQ ROW_BUFFER_MISS": 150497,
          "WQ FULL": 0,
          "AVG DBUS CONGESTED CYCLE": 3.95379
        }
      ]

    },
    "sim": {
      "cores": [
        {
          "instructions": 200000001,
          "cycles": 96342095,
          "Avg ROB occupancy at mispredict": 28.1215, 
          "mispredict": {
            "BRANCH_DIRECT_JUMP": 5458,
            "BRANCH_INDIRECT": 57,
            "BRANCH_CONDITIONAL": 2787733,
            "BRANCH_DIRECT_CALL": 6,
            "BRANCH_INDIRECT_CALL": 0,
            "BRANCH_RETURN": 6
          }
        }
      ],
      "cpu0_L1I": {
        "LOAD": {
          "hit":1717,
          "miss":172
        },
        "RFO": {
          "hit":0,
          "miss":0
        },
        "PREFETCH": {
          "hit":0,
          "miss":0
        },
        "WRITE": {
          "hit":0,
          "miss":0
        },
        "TRANSLATION": {
          "hit":0,
          "miss":0
        },
        "mshr full": 0,
        "prefetch requested": 0,
        "prefetch issued": 0,
        "prefetch filled": 0,
        "prefetch useful": 0,
        "prefetch useless": 0,
        "prefetch late": 0,
        "pf_useful_at_l2_from_l1":          0,
        "pf_late_at_l2_from_l1":          0,
        "pf_useless_at_l2_from_l1":          0,
        "pf_at_l2_to_l1":          0,
        "pf_fill_this_level":          0,
        "miss latency": 7.67769,
        "cache queues": {
          "PQ_ACCESS": 0,
          "PQ_FULL": 0,
          "PQ_TO_CACHE": 0,
          "PQ_MERGED": 0,
          "RQ_ACCESS": 1922,
          "RQ_MERGED": 33,
          "RQ_FULL": 0,
          "WQ_ACCESS": 0,
          "WQ_MERGED": 0,
          "WQ_FULL": 0
        }
      },
      "cpu0_ITLB": {
        "LOAD": {
          "hit":1721,
          "miss":9
        },
        "RFO": {
          "hit":0,
          "miss":0
        },
        "PREFETCH": {
          "hit":0,
          "miss":0
        },
        "WRITE": {
          "hit":0,
          "miss":0
        },
        "TRANSLATION": {
          "hit":0,
          "miss":0
        },
        "mshr full": 0,
        "prefetch requested": 0,
        "prefetch issued": 0,
        "prefetch filled": 0,
        "prefetch useful": 0,
        "prefetch useless": 0,
        "prefetch late": 0,
        "pf_useful_at_l2_from_l1":          0,
        "pf_late_at_l2_from_l1":          0,
        "pf_useless_at_l2_from_l1":          0,
        "pf_at_l2_to_l1":          0,
        "pf_fill_this_level":          0,
        "miss latency": 11.5,
        "cache queues": {
          "PQ_ACCESS": 0,
          "PQ_FULL": 0,
          "PQ_TO_CACHE": 0,
          "PQ_MERGED": 0,
          "RQ_ACCESS": 1730,
          "RQ_MERGED": 0,
          "RQ_FULL": 0,
          "WQ_ACCESS": 0,
          "WQ_MERGED": 0,
          "WQ_FULL": 0
        }
      },
      "cpu0_DTLB": {
        "LOAD": {
          "hit":62612161,
          "miss":1039925
        },
        "RFO": {
          "hit":0,
          "miss":0
        },
        "PREFETCH": {
          "hit":0,
          "miss":0
        },
        "WRITE": {
          "hit":0,
          "miss":0
        },
        "TRANSLATION": {
          "hit":0,
          "miss":0
        },
        "mshr full": 0,
        "prefetch requested": 0,
        "prefetch issued": 0,
        "prefetch filled": 0,
        "prefetch useful": 0,
        "prefetch useless": 0,
        "prefetch late": 0,
        "pf_useful_at_l2_from_l1":          0,
        "pf_late_at_l2_from_l1":          0,
        "pf_useless_at_l2_from_l1":          0,
        "pf_at_l2_to_l1":          0,
        "pf_fill_this_level":          0,
        "miss latency": 0.472043,
        "cache queues": {
          "PQ_ACCESS": 0,
          "PQ_FULL": 0,
          "PQ_TO_CACHE": 0,
          "PQ_MERGED": 0,
          "RQ_ACCESS": 64056383,
          "RQ_MERGED": 0,
          "RQ_FULL": 404297,
          "WQ_ACCESS": 0,
          "WQ_MERGED": 0,
          "WQ_FULL": 0
        }
      },
      "cpu0_STLB": {
        "LOAD": {
          "hit":963412,
          "miss":601
        },
        "RFO": {
          "hit":0,
          "miss":0
        },
        "PREFETCH": {
          "hit":0,
          "miss":0
        },
        "WRITE": {
          "hit":0,
          "miss":0
        },
        "TRANSLATION": {
          "hit":0,
          "miss":0
        },
        "mshr full": 0,
        "prefetch requested": 0,
        "prefetch issued": 0,
        "prefetch filled": 0,
        "prefetch useful": 0,
        "prefetch useless": 0,
        "prefetch late": 0,
        "pf_useful_at_l2_from_l1":          0,
        "pf_late_at_l2_from_l1":          0,
        "pf_useless_at_l2_from_l1":          0,
        "pf_at_l2_to_l1":          0,
        "pf_fill_this_level":          0,
        "miss latency": 14.8595,
        "cache queues": {
          "PQ_ACCESS": 0,
          "PQ_FULL": 0,
          "PQ_TO_CACHE": 0,
          "PQ_MERGED": 0,
          "RQ_ACCESS": 964013,
          "RQ_MERGED": 0,
          "RQ_FULL": 0,
          "WQ_ACCESS": 0,
          "WQ_MERGED": 0,
          "WQ_FULL": 0
        }
      },
      "cpu0_L1D": {
        "LOAD": {
          "hit":39554444,
          "miss":1932267
        },
        "RFO": {
          "hit":0,
          "miss":0
        },
        "PREFETCH": {
          "hit":239130,
          "miss":1711210
        },
        "WRITE": {
          "hit":20826977,
          "miss":1542887
        },
        "TRANSLATION": {
          "hit":107,
          "miss":495
        },
        "mshr full": 418343,
        "prefetch requested": 1950395,
        "prefetch issued": 1950395,
        "prefetch filled": 218245,
        "prefetch useful": 189548,
        "prefetch useless": 46864,
        "prefetch late": 18238,
        "pf_useful_at_l2_from_l1":          0,
        "pf_late_at_l2_from_l1":          0,
        "pf_useless_at_l2_from_l1":          0,
        "pf_at_l2_to_l1":          0,
        "pf_fill_this_level":     218239,
        "miss latency": 2.79864,
        "cache queues": {
          "PQ_ACCESS": 1950395,
          "PQ_FULL": 0,
          "PQ_TO_CACHE": 1950395,
          "PQ_MERGED": 44,
          "RQ_ACCESS": 42649313,
          "RQ_MERGED": 52,
          "RQ_FULL": 1162547,
          "WQ_ACCESS": 22491668,
          "WQ_MERGED": 0,
          "WQ_FULL": 121801
        }
      },
      "cpu0_L2C": {
        "LOAD": {
          "hit":586846,
          "miss":459845
        },
        "RFO": {
          "hit":28514,
          "miss":164312
        },
        "PREFETCH": {
          "hit":888935,
          "miss":809246
        },
        "WRITE": {
          "hit":319559,
          "miss":0
        },
        "TRANSLATION": {
          "hit":449,
          "miss":46
        },
        "mshr full": 34486,
        "prefetch requested": 0,
        "prefetch issued": 0,
        "prefetch filled": 807758,
        "prefetch useful": 0,
        "prefetch useless": 0,
        "prefetch late": 0,
        "pf_useful_at_l2_from_l1":     156281,
        "pf_late_at_l2_from_l1":       1365,
        "pf_useless_at_l2_from_l1":     468179,
        "pf_at_l2_to_l1":       6400,
        "pf_fill_this_level":     625251,
        "miss latency": 13.3854,
        "cache queues": {
          "PQ_ACCESS": 1700090,
          "PQ_FULL": 1873,
          "PQ_TO_CACHE": 1698217,
          "PQ_MERGED": 2,
          "RQ_ACCESS": 1240320,
          "RQ_MERGED": 0,
          "RQ_FULL": 0,
          "WQ_ACCESS": 319663,
          "WQ_MERGED": 0,
          "WQ_FULL": 0
        }
      },
      "LLC": {
        "LOAD": {
          "hit": [358766],
          "miss": [99744]
        },
        "RFO": {
          "hit": [43413],
          "miss": [120869]
        },
        "PREFETCH": {
          "hit": [581341],
          "miss": [227780]
        },
        "WRITE": {
          "hit": [262532],
          "miss": [0]
        },
        "TRANSLATION": {
          "hit": [19],
          "miss": [27]
        },
        "mshr full": 0,
        "prefetch requested": 0,
        "prefetch issued": 0,
        "prefetch filled": 227780,
        "prefetch useful": 0,
        "prefetch useless": 0,
        "prefetch late": 0,
        "pf_useful_at_l2_from_l1":          0,
        "pf_late_at_l2_from_l1":          0,
        "pf_useless_at_l2_from_l1":          0,
        "pf_at_l2_to_l1":       5206,
        "pf_fill_this_level":          0,
        "miss latency": 37.5586,
        "cache queues": {
          "PQ_ACCESS": 809123,
          "PQ_FULL": 0,
          "PQ_TO_CACHE": 809123,
          "PQ_MERGED": 0,
          "RQ_ACCESS": 622838,
          "RQ_MERGED": 0,
          "RQ_FULL": 0,
          "WQ_ACCESS": 262856,
          "WQ_MERGED": 0,
          "WQ_FULL": 0
        }
      },
      "DRAM": [
        {
          "RQ ROW_BUFFER_HIT": 110936,
          "RQ ROW_BUFFER_MISS": 337274,
          "PQ FULL": 0,
          "WQ ROW_BUFFER_HIT": 33081,
          "WQ ROW_BUFFER_MISS": 150497,
          "WQ FULL": 0,
          "AVG DBUS CONGESTED CYCLE": 3.95379
        }
      ]

    }
  }
]
cpu0_ITLB
cpu0_DTLB
cpu0_STLB
Prefetch Request to L1: 275145, Prefetch Request to L2: 1675250
Invalid by Eviction: 83753
Invalid by Max: 175392
Filter table begin
 ┌────────────────────┬─────────────┐
 | Region             | Offset      |
 ├────────────────────┼─────────────┤
 | 0x00000000000005d7 | 22          |
 ├────────────────────┼─────────────┤
 | 0x00000000000005b2 | 3           |
 ├────────────────────┼─────────────┤
 | 0x00000000000004e5 | 14          |
 ├────────────────────┼─────────────┤
 | 0x0000000000000707 | 23          |
 ├────────────────────┼─────────────┤
 | 0x000000000000035e | 31          |
 ├────────────────────┼─────────────┤
 | 0x000000000000046f | 7           |
 ├────────────────────┼─────────────┤
 | 0x00000000000004ed | 27          |
 ├────────────────────┼─────────────┤
 | 0x000000000000025a | 21          |
 ├────────────────────┼─────────────┤
 | 0x00000000000005c7 | 31          |
 ├────────────────────┼─────────────┤
 | 0x00000000000002ed | 16          |
 ├────────────────────┼─────────────┤
 | 0x0000000000000795 | 31          |
 ├────────────────────┼─────────────┤
 | 0x0000000000000323 | 20          |
 ├────────────────────┼─────────────┤
 | 0x000000000000055f | 21          |
 ├────────────────────┼─────────────┤
 | 0x0000000000000773 | 7           |
 ├────────────────────┼─────────────┤
 | 0x0000000000000556 | 2           |
 ├────────────────────┼─────────────┤
 | 0x0000000000000476 | 18          |
 ├────────────────────┼─────────────┤
 | 0x0000000000000641 | 17          |
 ├────────────────────┼─────────────┤
 | 0x0000000000000589 | 31          |
 ├────────────────────┼─────────────┤
 | 0x000000000000037f | 0           |
 ├────────────────────┼─────────────┤
 | 0x00000000000004a9 | 31          |
 ├────────────────────┼─────────────┤
 | 0x00000000000002e2 | 11          |
 ├────────────────────┼─────────────┤
 | 0x000000000000028e | 31          |
 ├────────────────────┼─────────────┤
 | 0x0000000000000542 | 19          |
 ├────────────────────┼─────────────┤
 | 0x000000000000035a | 18          |
 ├────────────────────┼─────────────┤
 | 0x00000000000005e4 | 8           |
 ├────────────────────┼─────────────┤
 | 0x000000000000065c | 31          |
 ├────────────────────┼─────────────┤
 | 0x00000000000007a7 | 31          |
 ├────────────────────┼─────────────┤
 | 0x000000000000047a | 23          |
 ├────────────────────┼─────────────┤
 | 0x000000000000025d | 2           |
 ├────────────────────┼─────────────┤
 | 0x0000000000000500 | 31          |
 ├────────────────────┼─────────────┤
 | 0x000000000000029e | 17          |
 ├────────────────────┼─────────────┤
 | 0x000000000000055b | 18          |
 ├────────────────────┼─────────────┤
 | 0x0000000000000709 | 16          |
 ├────────────────────┼─────────────┤
 | 0x00000000000005e6 | 4           |
 ├────────────────────┼─────────────┤
 | 0x000000000000047b | 8           |
 ├────────────────────┼─────────────┤
 | 0x000000000000077e | 10          |
 ├────────────────────┼─────────────┤
 | 0x00000000000003a4 | 18          |
 └────────────────────┴─────────────┘
Filter table end
Accumulation table begin
 ┌────────────────────┬─────────────┬─────────────┬──────────────────────────────────────────────────────────────────┐
 | Region             | Offset      | Second      | Pattern                                                          |
 ├────────────────────┼─────────────┼─────────────┼──────────────────────────────────────────────────────────────────┤
 | 0x00000000000002cd | 0           | 1           | 1 1 1 1 1 1 1 1 1 1 1 1 1 1 1 1 1 1 1 1 1 1 1 1 1 1 1 1 1 1 1 1  |
 ├────────────────────┼─────────────┼─────────────┼──────────────────────────────────────────────────────────────────┤
 | 0x0000000000000321 | 21          | 22          | 0 0 0 0 0 0 0 0 0 0 0 0 0 0 0 0 0 0 0 0 0 1 1 1 1 1 1 0 0 0 0 0  |
 ├────────────────────┼─────────────┼─────────────┼──────────────────────────────────────────────────────────────────┤
 | 0x000000000000046b | 27          | 28          | 0 0 0 0 0 0 0 0 0 0 0 0 0 0 0 0 0 0 0 0 0 0 0 0 0 0 0 1 1 0 0 0  |
 ├────────────────────┼─────────────┼─────────────┼──────────────────────────────────────────────────────────────────┤
 | 0x00000000000004d6 | 0           | 1           | 1 1 1 1 1 1 1 1 1 1 1 1 1 1 1 1 1 1 1 1 1 1 1 1 1 1 1 1 1 1 1 1  |
 ├────────────────────┼─────────────┼─────────────┼──────────────────────────────────────────────────────────────────┤
 | 0x00000000000004a2 | 8           | 9           | 0 0 0 0 0 0 0 0 1 1 1 1 1 1 1 0 0 0 0 0 0 0 0 0 0 0 0 0 0 0 0 0  |
 ├────────────────────┼─────────────┼─────────────┼──────────────────────────────────────────────────────────────────┤
 | 0x0000000000000612 | 0           | 1           | 1 1 1 1 1 1 1 1 1 1 1 1 1 1 1 1 1 1 1 1 1 1 1 1 1 1 1 1 1 1 1 1  |
 ├────────────────────┼─────────────┼─────────────┼──────────────────────────────────────────────────────────────────┤
 | 0x000000000000024a | 30          | 31          | 0 0 0 0 0 0 0 0 0 0 0 0 0 0 0 0 0 0 0 0 0 0 0 0 0 0 0 0 0 0 1 1  |
 ├────────────────────┼─────────────┼─────────────┼──────────────────────────────────────────────────────────────────┤
 | 0x00000000000004d5 | 0           | 1           | 1 1 1 1 1 1 1 1 1 1 1 1 1 1 1 1 1 1 1 1 1 1 1 1 1 1 1 1 1 1 1 1  |
 ├────────────────────┼─────────────┼─────────────┼──────────────────────────────────────────────────────────────────┤
 | 0x0000000000000415 | 0           | 1           | 1 1 1 1 1 1 1 1 1 1 1 1 1 1 1 1 1 1 1 1 1 1 1 1 1 1 1 1 1 1 1 1  |
 ├────────────────────┼─────────────┼─────────────┼──────────────────────────────────────────────────────────────────┤
 | 0x0000000000000566 | 11          | 12          | 0 0 0 0 0 0 0 0 0 0 0 1 1 1 1 0 0 0 0 0 0 0 0 0 0 0 0 0 0 0 0 0  |
 ├────────────────────┼─────────────┼─────────────┼──────────────────────────────────────────────────────────────────┤
 | 0x00000000000007a2 | 0           | 1           | 1 1 1 1 1 1 1 1 1 0 0 0 0 0 0 0 0 0 0 0 0 0 0 0 0 0 0 0 0 0 0 0  |
 ├────────────────────┼─────────────┼─────────────┼──────────────────────────────────────────────────────────────────┤
 | 0x000000000000061d | 28          | 29          | 0 0 0 0 0 0 0 0 0 0 0 0 0 0 0 0 0 0 0 0 0 0 0 0 0 0 0 0 1 1 1 1  |
 ├────────────────────┼─────────────┼─────────────┼──────────────────────────────────────────────────────────────────┤
 | 0x000000000000044a | 0           | 1           | 1 1 1 1 1 1 1 1 1 1 1 1 1 1 1 1 1 1 1 1 1 1 1 1 1 1 1 1 1 1 1 1  |
 ├────────────────────┼─────────────┼─────────────┼──────────────────────────────────────────────────────────────────┤
 | 0x00000000000004e3 | 0           | 1           | 1 1 1 1 1 1 1 1 1 1 1 1 1 1 1 1 1 0 0 0 0 0 0 0 0 0 0 0 0 0 0 0  |
 ├────────────────────┼─────────────┼─────────────┼──────────────────────────────────────────────────────────────────┤
 | 0x00000000000005a9 | 0           | 1           | 1 1 1 1 1 1 1 1 1 1 1 1 1 1 1 1 1 1 1 1 1 1 1 1 1 1 1 1 1 1 1 1  |
 ├────────────────────┼─────────────┼─────────────┼──────────────────────────────────────────────────────────────────┤
 | 0x0000000000000452 | 0           | 1           | 1 1 1 1 1 1 1 1 1 1 1 1 1 1 1 1 1 1 1 1 1 1 1 1 1 1 1 1 1 1 1 1  |
 ├────────────────────┼─────────────┼─────────────┼──────────────────────────────────────────────────────────────────┤
 | 0x00000000000005a8 | 0           | 1           | 1 1 1 1 1 1 1 1 1 1 1 1 1 1 1 1 1 1 1 1 1 1 1 1 1 1 1 1 1 1 1 1  |
 ├────────────────────┼─────────────┼─────────────┼──────────────────────────────────────────────────────────────────┤
 | 0x00000000000004d7 | 0           | 1           | 1 1 1 1 1 1 1 1 1 1 1 1 1 1 1 1 1 1 1 1 1 1 1 1 1 1 1 1 1 1 1 1  |
 ├────────────────────┼─────────────┼─────────────┼──────────────────────────────────────────────────────────────────┤
 | 0x000000000000066e | 14          | 15          | 0 0 0 0 0 0 0 0 0 0 0 0 0 0 1 1 0 0 0 0 0 0 0 0 0 0 0 0 0 0 0 0  |
 ├────────────────────┼─────────────┼─────────────┼──────────────────────────────────────────────────────────────────┤
 | 0x0000000000000529 | 23          | 24          | 0 0 0 0 0 0 0 0 0 0 0 0 0 0 0 0 0 0 1 1 1 1 1 1 1 1 1 0 0 0 0 0  |
 ├────────────────────┼─────────────┼─────────────┼──────────────────────────────────────────────────────────────────┤
 | 0x00000000000002cc | 14          | 15          | 0 0 0 0 0 0 0 0 0 0 0 0 0 0 1 1 1 1 1 1 1 1 1 1 1 1 1 1 1 1 1 1  |
 ├────────────────────┼─────────────┼─────────────┼──────────────────────────────────────────────────────────────────┤
 | 0x0000000000000613 | 0           | 1           | 1 1 1 1 1 1 1 1 1 1 1 1 1 1 1 1 1 1 1 1 1 1 1 1 1 1 1 1 1 1 1 1  |
 ├────────────────────┼─────────────┼─────────────┼──────────────────────────────────────────────────────────────────┤
 | 0x00000000000004a6 | 0           | 1           | 1 1 1 1 1 1 1 1 1 1 1 1 1 1 1 1 1 0 0 0 0 0 0 0 0 0 0 0 0 0 0 0  |
 ├────────────────────┼─────────────┼─────────────┼──────────────────────────────────────────────────────────────────┤
 | 0x0000000000000657 | 0           | 1           | 1 1 1 1 1 1 1 1 1 0 0 0 0 0 0 0 0 0 0 0 0 0 0 0 0 0 0 0 0 0 0 0  |
 ├────────────────────┼─────────────┼─────────────┼──────────────────────────────────────────────────────────────────┤
 | 0x000000000000044b | 0           | 1           | 1 1 1 1 1 1 1 1 1 1 1 1 1 1 1 1 1 1 1 1 1 1 1 1 1 1 1 1 1 1 1 1  |
 ├────────────────────┼─────────────┼─────────────┼──────────────────────────────────────────────────────────────────┤
 | 0x00000000000004e2 | 0           | 1           | 1 1 1 1 1 1 1 1 1 1 1 1 1 1 1 1 1 1 1 1 1 1 1 1 1 1 1 1 1 1 1 1  |
 ├────────────────────┼─────────────┼─────────────┼──────────────────────────────────────────────────────────────────┤
 | 0x00000000000004d4 | 0           | 1           | 1 1 1 1 1 1 1 1 1 1 1 1 1 1 1 1 1 1 1 1 1 1 1 1 1 1 1 1 1 1 1 1  |
 ├────────────────────┼─────────────┼─────────────┼──────────────────────────────────────────────────────────────────┤
 | 0x00000000000003d6 | 24          | 25          | 0 0 0 0 0 0 0 0 0 0 0 0 0 0 0 0 0 0 0 0 0 0 0 0 1 1 0 0 0 0 0 0  |
 ├────────────────────┼─────────────┼─────────────┼──────────────────────────────────────────────────────────────────┤
 | 0x000000000000059b | 0           | 1           | 1 1 1 1 1 1 1 1 1 1 1 1 1 1 1 1 1 1 1 1 1 1 1 1 1 1 1 1 1 1 1 1  |
 ├────────────────────┼─────────────┼─────────────┼──────────────────────────────────────────────────────────────────┤
 | 0x0000000000000453 | 0           | 1           | 1 1 1 1 1 1 1 1 1 1 1 1 1 1 1 1 1 1 1 1 1 1 1 1 1 1 1 1 1 1 1 1  |
 ├────────────────────┼─────────────┼─────────────┼──────────────────────────────────────────────────────────────────┤
 | 0x0000000000000414 | 0           | 1           | 1 1 1 1 1 1 1 1 1 1 1 1 1 1 1 1 1 1 1 1 1 1 1 1 1 1 1 1 1 1 1 1  |
 ├────────────────────┼─────────────┼─────────────┼──────────────────────────────────────────────────────────────────┤
 | 0x000000000000060e | 0           | 1           | 1 1 1 1 1 1 1 1 1 1 1 1 0 0 0 0 0 0 0 0 0 0 0 0 0 0 0 0 0 0 0 0  |
 └────────────────────┴─────────────┴─────────────┴──────────────────────────────────────────────────────────────────┘
Accumulation table end
Offset pattern table begin
 ┌────────────────────┬─────────────┬──────────────────────────────────────────────────────────────────────────────────────────────────┐
 | Key                | Second      | Pattern                                                                                          |
 ├────────────────────┼─────────────┼──────────────────────────────────────────────────────────────────────────────────────────────────┤
 | 0x0000000000000000 | 18          | 30 29 27 27 27 27 27 27 26 26 26 24 24 23 23 23 23 23 23 23 23 23 23 23 22 21 21 21 21 21 21 21  |
 ├────────────────────┼─────────────┼──────────────────────────────────────────────────────────────────────────────────────────────────┤
 | 0x0000000000000001 | 0           | 31 29 16 15 15 14 14 13 11 11 10 10 10 9 9 9 8 8 8 8 7 7 7 7 7 7 7 7 7 6 6 4                     |
 ├────────────────────┼─────────────┼──────────────────────────────────────────────────────────────────────────────────────────────────┤
 | 0x0000000000000002 | 20          | 27 23 14 11 9 10 9 6 7 6 5 5 5 4 3 3 3 3 2 2 2 2 2 2 2 3 3 2 3 2 0 1                             |
 ├────────────────────┼─────────────┼──────────────────────────────────────────────────────────────────────────────────────────────────┤
 | 0x0000000000000003 | 5           | 28 26 15 10 8 7 6 6 6 6 6 6 5 5 5 4 4 3 3 3 3 3 3 3 1 1 1 1 2 0 0 1                              |
 ├────────────────────┼─────────────┼──────────────────────────────────────────────────────────────────────────────────────────────────┤
 | 0x0000000000000004 | 2           | 22 20 13 11 8 5 5 4 4 4 4 3 3 3 3 3 3 3 3 2 2 2 2 2 2 2 2 1 0 0 0 1                              |
 ├────────────────────┼─────────────┼──────────────────────────────────────────────────────────────────────────────────────────────────┤
 | 0x0000000000000005 | 6           | 24 23 17 14 11 11 8 7 6 5 5 4 3 3 3 3 3 3 3 3 2 2 2 2 1 1 1 0 0 0 0 0                            |
 ├────────────────────┼─────────────┼──────────────────────────────────────────────────────────────────────────────────────────────────┤
 | 0x0000000000000006 | 26          | 18 17 12 10 9 9 8 7 6 5 6 5 5 5 5 5 4 4 4 4 4 4 4 4 4 2 0 0 0 0 0 0                              |
 ├────────────────────┼─────────────┼──────────────────────────────────────────────────────────────────────────────────────────────────┤
 | 0x0000000000000007 | 13          | 25 24 12 9 7 7 6 6 5 5 4 4 3 3 3 3 3 3 3 3 2 2 2 2 1 0 0 0 0 0 0 0                               |
 ├────────────────────┼─────────────┼──────────────────────────────────────────────────────────────────────────────────────────────────┤
 | 0x0000000000000008 | 10          | 22 21 16 15 14 13 11 11 10 9 9 9 8 7 7 7 6 6 5 6 5 5 5 4 0 0 0 0 0 0 0 1                         |
 ├────────────────────┼─────────────┼──────────────────────────────────────────────────────────────────────────────────────────────────┤
 | 0x0000000000000009 | 11          | 26 25 15 14 13 12 10 10 8 7 6 5 4 4 4 4 4 4 3 3 3 4 3 0 0 0 0 0 0 0 0 0                          |
 ├────────────────────┼─────────────┼──────────────────────────────────────────────────────────────────────────────────────────────────┤
 | 0x000000000000000a | 11          | 18 16 10 7 7 7 5 5 4 4 4 4 4 4 3 3 3 3 3 3 3 3 0 1 0 0 0 0 0 0 0 0                               |
 ├────────────────────┼─────────────┼──────────────────────────────────────────────────────────────────────────────────────────────────┤
 | 0x000000000000000b | 20          | 31 30 17 15 13 12 12 11 8 8 7 7 8 7 6 6 6 6 6 6 6 0 0 0 0 0 0 0 0 0 0 0                          |
 ├────────────────────┼─────────────┼──────────────────────────────────────────────────────────────────────────────────────────────────┤
 | 0x000000000000000c | 1           | 30 29 21 19 16 13 10 10 9 9 8 8 7 6 6 6 5 4 4 4 0 0 0 0 0 0 0 0 0 1 1 1                          |
 ├────────────────────┼─────────────┼──────────────────────────────────────────────────────────────────────────────────────────────────┤
 | 0x000000000000000d | 12          | 31 30 15 13 11 10 9 8 8 6 6 5 5 5 5 5 5 5 5 0 0 0 0 0 0 0 0 0 0 0 0 0                            |
 ├────────────────────┼─────────────┼──────────────────────────────────────────────────────────────────────────────────────────────────┤
 | 0x000000000000000e | 6           | 28 27 18 15 14 12 11 9 9 9 8 7 5 4 4 4 4 4 1 1 1 1 1 1 1 1 1 1 1 1 1 1                           |
 ├────────────────────┼─────────────┼──────────────────────────────────────────────────────────────────────────────────────────────────┤
 | 0x000000000000000f | 26          | 27 26 17 13 12 11 10 9 9 9 6 5 4 4 4 4 4 1 1 1 1 1 1 1 1 1 1 1 1 1 1 1                           |
 ├────────────────────┼─────────────┼──────────────────────────────────────────────────────────────────────────────────────────────────┤
 | 0x0000000000000010 | 31          | 17 16 11 7 7 6 5 4 4 4 4 3 3 3 3 3 0 0 0 0 0 0 0 0 0 0 0 0 0 0 0 0                               |
 ├────────────────────┼─────────────┼──────────────────────────────────────────────────────────────────────────────────────────────────┤
 | 0x0000000000000011 | 12          | 18 17 11 9 8 8 7 6 6 6 5 4 4 4 4 0 0 0 0 0 0 0 0 0 0 0 0 0 0 0 0 0                               |
 ├────────────────────┼─────────────┼──────────────────────────────────────────────────────────────────────────────────────────────────┤
 | 0x0000000000000012 | 2           | 24 23 15 13 10 8 7 6 5 5 4 3 3 3 1 1 1 1 1 1 1 1 1 1 1 1 1 1 1 1 1 1                             |
 ├────────────────────┼─────────────┼──────────────────────────────────────────────────────────────────────────────────────────────────┤
 | 0x0000000000000013 | 14          | 29 28 23 22 20 19 18 16 14 14 12 11 10 1 1 1 1 1 1 1 1 1 1 1 1 1 1 1 1 1 1 2                     |
 ├────────────────────┼─────────────┼──────────────────────────────────────────────────────────────────────────────────────────────────┤
 | 0x0000000000000014 | 7           | 31 30 19 18 16 15 14 13 12 12 10 10 0 0 0 0 0 0 0 0 0 0 0 0 0 0 0 0 0 0 0 0                      |
 ├────────────────────┼─────────────┼──────────────────────────────────────────────────────────────────────────────────────────────────┤
 | 0x0000000000000015 | 27          | 17 16 11 9 7 6 4 4 4 4 3 0 0 0 0 0 0 0 0 0 0 0 0 0 0 0 0 0 0 0 0 0                               |
 ├────────────────────┼─────────────┼──────────────────────────────────────────────────────────────────────────────────────────────────┤
 | 0x0000000000000016 | 1           | 21 20 12 9 8 7 6 6 5 6 0 0 0 0 0 0 0 0 0 0 0 0 0 0 0 0 0 0 0 1 0 1                               |
 ├────────────────────┼─────────────┼──────────────────────────────────────────────────────────────────────────────────────────────────┤
 | 0x0000000000000017 | 29          | 28 27 17 15 11 10 10 8 7 0 0 0 0 0 0 0 0 0 0 0 0 0 0 0 0 0 0 2 3 4 4 5                           |
 ├────────────────────┼─────────────┼──────────────────────────────────────────────────────────────────────────────────────────────────┤
 | 0x0000000000000018 | 23          | 21 20 14 13 11 10 9 8 0 0 0 0 0 0 0 0 0 0 0 0 0 0 0 0 0 0 0 0 0 0 0 0                            |
 ├────────────────────┼─────────────┼──────────────────────────────────────────────────────────────────────────────────────────────────┤
 | 0x0000000000000019 | 27          | 30 29 20 17 15 14 12 0 0 0 0 0 0 0 0 0 0 0 0 0 0 0 0 0 0 0 0 0 0 0 0 0                           |
 ├────────────────────┼─────────────┼──────────────────────────────────────────────────────────────────────────────────────────────────┤
 | 0x000000000000001a | 28          | 23 22 11 10 8 7 0 0 0 0 0 0 0 0 0 0 0 0 0 0 0 0 0 0 0 0 0 0 0 0 0 0                              |
 ├────────────────────┼─────────────┼──────────────────────────────────────────────────────────────────────────────────────────────────┤
 | 0x000000000000001b | 0           | 18 17 12 10 8 0 0 0 0 0 0 0 0 0 0 0 0 0 0 0 0 0 0 0 0 0 0 0 0 0 0 0                              |
 ├────────────────────┼─────────────┼──────────────────────────────────────────────────────────────────────────────────────────────────┤
 | 0x000000000000001c | 30          | 28 26 22 15 1 1 1 1 1 1 1 1 1 1 1 1 1 1 1 1 1 1 1 1 1 1 1 1 1 1 1 1                              |
 ├────────────────────┼─────────────┼──────────────────────────────────────────────────────────────────────────────────────────────────┤
 | 0x000000000000001d | 24          | 22 21 15 0 0 0 0 0 0 0 0 0 0 0 0 0 0 0 0 0 0 0 0 0 0 0 0 0 0 0 0 0                               |
 ├────────────────────┼─────────────┼──────────────────────────────────────────────────────────────────────────────────────────────────┤
 | 0x000000000000001e | 26          | 19 17 0 0 0 0 0 0 0 0 0 1 0 0 0 0 0 0 0 0 0 0 0 0 0 0 0 0 0 0 0 0                                |
 ├────────────────────┼─────────────┼──────────────────────────────────────────────────────────────────────────────────────────────────┤
 | 0x000000000000001f | 4           | 29 12 11 11 11 11 11 11 12 12 12 14 11 12 11 12 12 12 13 13 15 14 13 12 12 13 13 13 14 14 15 17  |
 └────────────────────┴─────────────┴──────────────────────────────────────────────────────────────────────────────────────────────────┘
Offset pattern table end
PC pattern table begin
 ┌────────────────────┬─────────────┬──────────────────────────────────────────────────┐
 | Key                | Second      | Pattern                                          |
 ├────────────────────┼─────────────┼──────────────────────────────────────────────────┤
 | 0x0000000000000000 | 3           | 2 2 2 0 0 0 0 0 0 0 0 0 0 0 0 1                  |
 ├────────────────────┼─────────────┼──────────────────────────────────────────────────┤
 | 0x0000000000000001 | 1           | 25 16 7 1 1 0 0 0 0 0 0 1 4 21 23 22             |
 ├────────────────────┼─────────────┼──────────────────────────────────────────────────┤
 | 0x0000000000000002 | 9           | 24 11 7 0 0 0 0 0 0 0 0 0 0 0 0 2                |
 ├────────────────────┼─────────────┼──────────────────────────────────────────────────┤
 | 0x0000000000000003 | 7           | 27 4 6 12 4 2 1 0 2 0 1 0 0 2 2 4                |
 ├────────────────────┼─────────────┼──────────────────────────────────────────────────┤
 | 0x0000000000000004 | 13          | 23 20 11 8 7 7 5 5 5 4 4 4 3 3 3 3               |
 ├────────────────────┼─────────────┼──────────────────────────────────────────────────┤
 | 0x0000000000000005 | 6           | 19 12 14 11 6 0 0 3 1 0 0 0 0 0 0 16             |
 ├────────────────────┼─────────────┼──────────────────────────────────────────────────┤
 | 0x0000000000000006 | 1           | 29 27 27 25 25 23 23 21 15 14 13 13 13 13 11 13  |
 ├────────────────────┼─────────────┼──────────────────────────────────────────────────┤
 | 0x0000000000000007 | 6           | 18 14 8 2 2 0 0 0 0 0 0 0 0 1 9 13               |
 ├────────────────────┼─────────────┼──────────────────────────────────────────────────┤
 | 0x0000000000000008 | 0           | 16 12 10 8 6 6 5 4 4 4 4 4 4 4 4 4               |
 ├────────────────────┼─────────────┼──────────────────────────────────────────────────┤
 | 0x0000000000000009 | 1           | 17 7 2 1 1 0 0 0 6 1 0 0 0 0 0 1                 |
 ├────────────────────┼─────────────┼──────────────────────────────────────────────────┤
 | 0x000000000000000a | 5           | 25 5 1 1 1 1 0 0 17 1 0 0 0 0 0 0                |
 ├────────────────────┼─────────────┼──────────────────────────────────────────────────┤
 | 0x000000000000000b | 9           | 27 24 16 6 1 0 0 4 14 13 9 4 1 0 0 6             |
 ├────────────────────┼─────────────┼──────────────────────────────────────────────────┤
 | 0x000000000000000c | 1           | 30 19 19 15 15 12 12 11 8 8 6 5 4 3 4 5          |
 ├────────────────────┼─────────────┼──────────────────────────────────────────────────┤
 | 0x000000000000000d | 6           | 30 26 17 14 12 9 9 10 7 6 5 4 4 4 4 7            |
 ├────────────────────┼─────────────┼──────────────────────────────────────────────────┤
 | 0x000000000000000e | 25          | 18 6 2 1 1 1 0 0 0 0 0 0 0 0 0 5                 |
 ├────────────────────┼─────────────┼──────────────────────────────────────────────────┤
 | 0x000000000000000f | 2           | 23 3 2 0 0 0 0 0 11 1 0 0 0 0 1 3                |
 ├────────────────────┼─────────────┼──────────────────────────────────────────────────┤
 | 0x0000000000000010 | 23          | 19 4 6 5 6 6 2 1 2 2 5 6 9 11 8 14               |
 ├────────────────────┼─────────────┼──────────────────────────────────────────────────┤
 | 0x0000000000000011 | 12          | 16 3 1 1 1 1 1 2 1 2 2 1 1 1 1 10                |
 ├────────────────────┼─────────────┼──────────────────────────────────────────────────┤
 | 0x0000000000000012 | 9           | 14 14 13 4 3 2 3 2 1 1 1 2 2 2 2 9               |
 ├────────────────────┼─────────────┼──────────────────────────────────────────────────┤
 | 0x0000000000000013 | 23          | 19 2 1 3 5 2 1 0 1 1 2 0 0 1 1 3                 |
 ├────────────────────┼─────────────┼──────────────────────────────────────────────────┤
 | 0x0000000000000014 | 5           | 7 2 1 0 0 0 0 0 0 0 0 0 0 0 0 7                  |
 ├────────────────────┼─────────────┼──────────────────────────────────────────────────┤
 | 0x0000000000000015 | 25          | 21 20 20 20 20 20 20 20 20 20 20 20 20 20 20 20  |
 ├────────────────────┼─────────────┼──────────────────────────────────────────────────┤
 | 0x0000000000000016 | 1           | 26 10 2 0 0 0 0 0 0 0 0 0 0 0 0 0                |
 ├────────────────────┼─────────────┼──────────────────────────────────────────────────┤
 | 0x0000000000000018 | 5           | 9 1 0 0 0 0 0 0 0 0 0 0 0 0 0 8                  |
 ├────────────────────┼─────────────┼──────────────────────────────────────────────────┤
 | 0x0000000000000019 | 28          | 25 3 2 2 1 1 0 0 0 0 0 0 0 22 1 12               |
 ├────────────────────┼─────────────┼──────────────────────────────────────────────────┤
 | 0x000000000000001a | 6           | 21 20 6 8 4 1 0 0 0 0 0 0 0 0 0 0                |
 ├────────────────────┼─────────────┼──────────────────────────────────────────────────┤
 | 0x000000000000001b | 26          | 31 20 10 3 1 0 0 4 19 11 6 4 0 0 1 8             |
 ├────────────────────┼─────────────┼──────────────────────────────────────────────────┤
 | 0x000000000000001c | 28          | 16 13 0 1 1 0 1 0 1 1 3 2 4 8 9 6                |
 ├────────────────────┼─────────────┼──────────────────────────────────────────────────┤
 | 0x000000000000001d | 2           | 30 4 0 0 0 0 0 0 0 0 0 2 0 0 0 21                |
 ├────────────────────┼─────────────┼──────────────────────────────────────────────────┤
 | 0x000000000000001e | 26          | 29 9 8 8 6 5 1 1 0 0 0 0 0 19 0 9                |
 ├────────────────────┼─────────────┼──────────────────────────────────────────────────┤
 | 0x000000000000001f | 0           | 29 28 0 0 0 0 0 0 0 28 0 0 0 0 0 0               |
 └────────────────────┴─────────────┴──────────────────────────────────────────────────┘
PC pattern table end
Prefetch buffer begin
 ┌────────────────────┬──────────────────────────────────────────────────────────────────┐
 | Region             | Pattern                                                          |
 ├────────────────────┼──────────────────────────────────────────────────────────────────┤
 | 0x000000000000076e | 0 0 0 0 0 0 0 0 0 0 0 0 0 0 0 0 0 0 0 0 1 1 2 2 2 2 2 2 2 0 0 0  |
 ├────────────────────┼──────────────────────────────────────────────────────────────────┤
 | 0x000000000000055f | 0 0 0 0 0 0 0 0 0 0 0 0 0 0 0 0 0 0 0 0 0 0 0 0 0 2 2 2 2 2 2 2  |
 ├────────────────────┼──────────────────────────────────────────────────────────────────┤
 | 0x00000000000002da | 2 2 2 2 2 2 2 2 2 2 0 0 2 2 2 2 2 2 2 1 1 2 2 0 0 0 0 0 0 0 0 0  |
 ├────────────────────┼──────────────────────────────────────────────────────────────────┤
 | 0x000000000000037e | 2 2 2 2 2 2 2 2 2 2 2 2 2 2 2 2 2 2 2 1 1 2 2 2 2 2 2 1 0 0 0 0  |
 ├────────────────────┼──────────────────────────────────────────────────────────────────┤
 | 0x000000000000029e | 0 0 0 0 0 0 0 0 0 0 0 0 0 0 0 0 0 0 0 0 0 0 0 0 0 0 2 2 2 2 2 2  |
 ├────────────────────┼──────────────────────────────────────────────────────────────────┤
 | 0x000000000000052d | 0 1 1 1 1 1 1 1 1 1 1 1 1 1 1 1 1 1 1 1 1 1 1 1 1 1 1 1 1 1 1 1  |
 ├────────────────────┼──────────────────────────────────────────────────────────────────┤
 | 0x000000000000077e | 0 0 0 0 0 0 0 0 0 0 0 0 0 0 0 0 0 0 0 0 0 0 0 2 2 2 2 2 2 2 2 2  |
 ├────────────────────┼──────────────────────────────────────────────────────────────────┤
 | 0x00000000000002ed | 0 0 0 0 0 0 0 0 0 0 0 0 0 0 0 0 0 1 1 2 2 2 2 2 2 2 2 2 2 2 2 2  |
 ├────────────────────┼──────────────────────────────────────────────────────────────────┤
 | 0x000000000000039e | 0 0 0 0 0 0 0 0 1 2 2 2 2 2 2 2 2 2 2 0 0 0 0 0 0 0 0 0 0 0 0 0  |
 ├────────────────────┼──────────────────────────────────────────────────────────────────┤
 | 0x0000000000000472 | 2 2 2 2 2 2 2 2 2 2 2 2 2 2 2 2 2 2 2 1 1 2 2 2 2 2 2 1 1 1 1 0  |
 ├────────────────────┼──────────────────────────────────────────────────────────────────┤
 | 0x000000000000025c | 0 0 0 0 0 0 0 0 1 1 1 1 1 1 1 1 1 1 1 1 1 1 1 1 1 1 1 1 1 1 1 1  |
 ├────────────────────┼──────────────────────────────────────────────────────────────────┤
 | 0x0000000000000589 | 2 2 2 2 2 2 2 2 2 2 2 2 2 2 2 2 2 2 2 1 1 2 2 2 2 2 2 1 1 1 1 0  |
 ├────────────────────┼──────────────────────────────────────────────────────────────────┤
 | 0x0000000000000520 | 0 0 0 0 0 0 0 0 0 0 0 0 0 0 0 0 0 0 0 0 0 0 0 0 0 1 1 1 1 1 2 2  |
 ├────────────────────┼──────────────────────────────────────────────────────────────────┤
 | 0x0000000000000323 | 0 0 0 0 0 0 0 0 0 0 0 0 0 0 0 0 0 0 0 0 0 1 1 1 1 2 2 2 2 2 2 2  |
 ├────────────────────┼──────────────────────────────────────────────────────────────────┤
 | 0x00000000000004ed | 0 0 0 0 0 0 0 0 0 0 0 0 0 0 0 0 0 0 0 0 0 0 0 0 0 0 0 0 1 1 1 2  |
 ├────────────────────┼──────────────────────────────────────────────────────────────────┤
 | 0x00000000000005e6 | 0 0 0 0 0 1 1 2 2 2 2 2 2 2 2 0 0 0 0 0 0 0 0 0 0 0 0 0 0 0 0 0  |
 ├────────────────────┼──────────────────────────────────────────────────────────────────┤
 | 0x00000000000003a4 | 0 0 0 0 0 0 0 0 0 0 0 0 0 0 0 0 0 0 0 1 1 1 2 2 2 2 2 2 2 0 0 0  |
 ├────────────────────┼──────────────────────────────────────────────────────────────────┤
 | 0x00000000000005a6 | 0 0 0 0 0 0 0 0 0 0 1 1 1 1 1 1 2 2 2 2 2 2 2 2 2 2 2 2 2 2 2 2  |
 ├────────────────────┼──────────────────────────────────────────────────────────────────┤
 | 0x000000000000047a | 0 0 0 0 0 0 0 0 0 0 0 0 0 0 0 0 0 0 0 0 0 0 0 0 0 0 1 2 2 2 2 2  |
 ├────────────────────┼──────────────────────────────────────────────────────────────────┤
 | 0x0000000000000480 | 0 0 0 0 0 0 0 0 0 0 0 0 0 0 1 1 1 1 2 2 2 2 2 2 2 2 2 2 2 2 2 2  |
 ├────────────────────┼──────────────────────────────────────────────────────────────────┤
 | 0x0000000000000470 | 0 0 0 1 1 1 1 1 1 1 1 1 1 1 1 1 1 1 1 1 1 1 1 1 1 1 1 1 1 1 1 1  |
 ├────────────────────┼──────────────────────────────────────────────────────────────────┤
 | 0x00000000000005b2 | 0 0 0 0 1 1 2 2 2 2 2 2 2 2 2 2 2 2 0 0 0 0 0 0 0 0 0 0 0 0 0 0  |
 ├────────────────────┼──────────────────────────────────────────────────────────────────┤
 | 0x000000000000035a | 0 0 0 0 0 0 0 0 0 0 0 0 0 0 0 0 0 0 0 1 1 1 2 2 2 2 2 2 2 0 0 0  |
 └────────────────────┴──────────────────────────────────────────────────────────────────┘
Prefetch buffer end
Filter by PPT: 0
cpu0_L2C
Num Con Filled: 0
Num Con Useful: 0 Useless:0 Accuracy: nan
LLC
