41 41 41
Available num physical pages: 35184372088576
WARNING: physical memory size is smaller than virtual memory size

*** ChampSim Multicore Out-of-Order Simulator ***

Warmup Instructions: 5000000
Simulation Instructions: 200000000
Number of CPUs: 1
Page size: 4096

Basic BTB sets: 1024 ways: 8 indirect buffer size: 4096 RAS size: 64
cpu0_L1D PMP prefetcher
Off-chip DRAM Size: 4 GiB Channels: 1 Width: 64-bit Data Rate: 3200 MT/s
Max paddr 3M
Warmup finished CPU 0 instructions: 5000001 cycles: 1250048 cumulative IPC: 3.99985 (Simulation time: 0 hr 2 min 31 sec) 

Warmup complete CPU 0 instructions: 5000001 cycles: 1250048 (Simulation time: 0 hr 2 min 31 sec) 

Heartbeat CPU 0 instructions: 10000003 cycles: 2709004 heartbeat IPC: 3.6914 cumulative IPC: 3.42711 (Simulation time: 0 hr 6 min 5 sec) 
Heartbeat CPU 0 instructions: 20000004 cycles: 5684170 heartbeat IPC: 3.36116 cumulative IPC: 3.38286 (Simulation time: 0 hr 13 min 18 sec) 
Heartbeat CPU 0 instructions: 30000002 cycles: 8659807 heartbeat IPC: 3.36063 cumulative IPC: 3.37393 (Simulation time: 0 hr 20 min 34 sec) 
Heartbeat CPU 0 instructions: 40000002 cycles: 11636002 heartbeat IPC: 3.36 cumulative IPC: 3.36994 (Simulation time: 0 hr 28 min 18 sec) 
Heartbeat CPU 0 instructions: 50000003 cycles: 14631985 heartbeat IPC: 3.33781 cumulative IPC: 3.36275 (Simulation time: 0 hr 36 min 5 sec) 
Heartbeat CPU 0 instructions: 60000004 cycles: 18635696 heartbeat IPC: 2.49769 cumulative IPC: 3.16353 (Simulation time: 0 hr 45 min 3 sec) 
Heartbeat CPU 0 instructions: 70000001 cycles: 23304934 heartbeat IPC: 2.14168 cumulative IPC: 2.9472 (Simulation time: 0 hr 54 min 56 sec) 
Heartbeat CPU 0 instructions: 80000004 cycles: 27967578 heartbeat IPC: 2.14471 cumulative IPC: 2.80715 (Simulation time: 1 hr 4 min 45 sec) 
Heartbeat CPU 0 instructions: 90000002 cycles: 32632859 heartbeat IPC: 2.1435 cumulative IPC: 2.70849 (Simulation time: 1 hr 14 min 43 sec) 
Heartbeat CPU 0 instructions: 100000004 cycles: 37369346 heartbeat IPC: 2.11127 cumulative IPC: 2.63018 (Simulation time: 1 hr 24 min 44 sec) 
Heartbeat CPU 0 instructions: 110000002 cycles: 53404715 heartbeat IPC: 0.623622 cumulative IPC: 2.01325 (Simulation time: 1 hr 49 min 59 sec) 
Heartbeat CPU 0 instructions: 120000004 cycles: 61227697 heartbeat IPC: 1.27829 cumulative IPC: 1.91739 (Simulation time: 2 hr 3 min 2 sec) 
Heartbeat CPU 0 instructions: 130000001 cycles: 64152619 heartbeat IPC: 3.4189 cumulative IPC: 1.98721 (Simulation time: 2 hr 8 min 18 sec) 
Heartbeat CPU 0 instructions: 140000000 cycles: 67097443 heartbeat IPC: 3.39579 cumulative IPC: 2.0502 (Simulation time: 2 hr 13 min 8 sec) 
Heartbeat CPU 0 instructions: 150000002 cycles: 70054985 heartbeat IPC: 3.38119 cumulative IPC: 2.10741 (Simulation time: 2 hr 17 min 23 sec) 
Heartbeat CPU 0 instructions: 160000004 cycles: 73024457 heartbeat IPC: 3.36761 cumulative IPC: 2.15955 (Simulation time: 2 hr 21 min 3 sec) 
Heartbeat CPU 0 instructions: 170000000 cycles: 75957955 heartbeat IPC: 3.4089 cumulative IPC: 2.20861 (Simulation time: 2 hr 24 min 25 sec) 
Heartbeat CPU 0 instructions: 180000001 cycles: 78882667 heartbeat IPC: 3.41915 cumulative IPC: 2.25421 (Simulation time: 2 hr 27 min 29 sec) 
Heartbeat CPU 0 instructions: 190000001 cycles: 83137346 heartbeat IPC: 2.35036 cumulative IPC: 2.25921 (Simulation time: 2 hr 31 min 22 sec) 
Heartbeat CPU 0 instructions: 200000002 cycles: 88912619 heartbeat IPC: 1.73153 cumulative IPC: 2.22444 (Simulation time: 2 hr 36 min 13 sec) 
Max paddr 62M
Simulation finished CPU 0 instructions: 200000004 cycles: 90510278 cumulative IPC: 2.2097 (Simulation time: 2 hr 38 min 29 sec) 

Simulation complete CPU 0 instructions: 200000004 cycles: 90510278 (Simulation time: 2 hr 38 min 29 sec) 


ChampSim completed all CPUs

[
  {
    "name": "Simulation",
    "traces": [
      "../traces/437.leslie3d-149B.champsimtrace.xz"
    ],
    "roi": {
      "cores": [
        {
          "instructions": 200000004,
          "cycles": 90510278,
          "Avg ROB occupancy at mispredict": 303.97, 
          "mispredict": {
            "BRANCH_DIRECT_JUMP": 35,
            "BRANCH_INDIRECT": 0,
            "BRANCH_CONDITIONAL": 56539,
            "BRANCH_DIRECT_CALL": 46,
            "BRANCH_INDIRECT_CALL": 0,
            "BRANCH_RETURN": 43
          }
        }
      ],
      "cpu0_L1I": {
        "LOAD": {
          "hit":209,
          "miss":486
        },
        "RFO": {
          "hit":0,
          "miss":0
        },
        "PREFETCH": {
          "hit":0,
          "miss":0
        },
        "WRITE": {
          "hit":0,
          "miss":0
        },
        "TRANSLATION": {
          "hit":0,
          "miss":0
        },
        "mshr full": 0,
        "prefetch requested": 0,
        "prefetch issued": 0,
        "prefetch filled": 0,
        "prefetch useful": 0,
        "prefetch useless": 0,
        "prefetch late": 0,
        "pf_useful_at_l2_from_l1":          0,
        "pf_late_at_l2_from_l1":          0,
        "pf_useless_at_l2_from_l1":          0,
        "pf_at_l2_to_l1":          0,
        "pf_fill_this_level":          0,
        "miss latency": 19.3722,
        "cache queues": {
          "PQ_ACCESS": 0,
          "PQ_FULL": 0,
          "PQ_TO_CACHE": 0,
          "PQ_MERGED": 0,
          "RQ_ACCESS": 695,
          "RQ_MERGED": 0,
          "RQ_FULL": 0,
          "WQ_ACCESS": 0,
          "WQ_MERGED": 0,
          "WQ_FULL": 0
        }
      },
      "cpu0_ITLB": {
        "LOAD": {
          "hit":584,
          "miss":42
        },
        "RFO": {
          "hit":0,
          "miss":0
        },
        "PREFETCH": {
          "hit":0,
          "miss":0
        },
        "WRITE": {
          "hit":0,
          "miss":0
        },
        "TRANSLATION": {
          "hit":0,
          "miss":0
        },
        "mshr full": 0,
        "prefetch requested": 0,
        "prefetch issued": 0,
        "prefetch filled": 0,
        "prefetch useful": 0,
        "prefetch useless": 0,
        "prefetch late": 0,
        "pf_useful_at_l2_from_l1":          0,
        "pf_late_at_l2_from_l1":          0,
        "pf_useless_at_l2_from_l1":          0,
        "pf_at_l2_to_l1":          0,
        "pf_fill_this_level":          0,
        "miss latency": 9.85417,
        "cache queues": {
          "PQ_ACCESS": 0,
          "PQ_FULL": 0,
          "PQ_TO_CACHE": 0,
          "PQ_MERGED": 0,
          "RQ_ACCESS": 626,
          "RQ_MERGED": 0,
          "RQ_FULL": 0,
          "WQ_ACCESS": 0,
          "WQ_MERGED": 0,
          "WQ_FULL": 0
        }
      },
      "cpu0_DTLB": {
        "LOAD": {
          "hit":80070756,
          "miss":345435
        },
        "RFO": {
          "hit":0,
          "miss":0
        },
        "PREFETCH": {
          "hit":0,
          "miss":0
        },
        "WRITE": {
          "hit":0,
          "miss":0
        },
        "TRANSLATION": {
          "hit":0,
          "miss":0
        },
        "mshr full": 15567,
        "prefetch requested": 0,
        "prefetch issued": 0,
        "prefetch filled": 0,
        "prefetch useful": 0,
        "prefetch useless": 0,
        "prefetch late": 0,
        "pf_useful_at_l2_from_l1":          0,
        "pf_late_at_l2_from_l1":          0,
        "pf_useless_at_l2_from_l1":          0,
        "pf_at_l2_to_l1":          0,
        "pf_fill_this_level":          0,
        "miss latency": 1.03643,
        "cache queues": {
          "PQ_ACCESS": 0,
          "PQ_FULL": 0,
          "PQ_TO_CACHE": 0,
          "PQ_MERGED": 0,
          "RQ_ACCESS": 82032422,
          "RQ_MERGED": 0,
          "RQ_FULL": 1616217,
          "WQ_ACCESS": 0,
          "WQ_MERGED": 0,
          "WQ_FULL": 0
        }
      },
      "cpu0_STLB": {
        "LOAD": {
          "hit":18607,
          "miss":35020
        },
        "RFO": {
          "hit":0,
          "miss":0
        },
        "PREFETCH": {
          "hit":0,
          "miss":0
        },
        "WRITE": {
          "hit":0,
          "miss":0
        },
        "TRANSLATION": {
          "hit":0,
          "miss":0
        },
        "mshr full": 0,
        "prefetch requested": 0,
        "prefetch issued": 0,
        "prefetch filled": 0,
        "prefetch useful": 0,
        "prefetch useless": 0,
        "prefetch late": 0,
        "pf_useful_at_l2_from_l1":          0,
        "pf_late_at_l2_from_l1":          0,
        "pf_useless_at_l2_from_l1":          0,
        "pf_at_l2_to_l1":          0,
        "pf_fill_this_level":          0,
        "miss latency": 9.40559,
        "cache queues": {
          "PQ_ACCESS": 0,
          "PQ_FULL": 0,
          "PQ_TO_CACHE": 0,
          "PQ_MERGED": 0,
          "RQ_ACCESS": 53627,
          "RQ_MERGED": 0,
          "RQ_FULL": 0,
          "WQ_ACCESS": 0,
          "WQ_MERGED": 0,
          "WQ_FULL": 0
        }
      },
      "cpu0_L1D": {
        "LOAD": {
          "hit":70433509,
          "miss":3114794
        },
        "RFO": {
          "hit":0,
          "miss":0
        },
        "PREFETCH": {
          "hit":370406,
          "miss":1561536
        },
        "WRITE": {
          "hit":4331561,
          "miss":3449864
        },
        "TRANSLATION": {
          "hit":10446,
          "miss":24610
        },
        "mshr full": 15258454,
        "prefetch requested": 1937491,
        "prefetch issued": 1937491,
        "prefetch filled": 782554,
        "prefetch useful": 832198,
        "prefetch useless": 70653,
        "prefetch late": 120232,
        "pf_useful_at_l2_from_l1":          0,
        "pf_late_at_l2_from_l1":          0,
        "pf_useless_at_l2_from_l1":          0,
        "pf_at_l2_to_l1":        480,
        "pf_fill_this_level":     781773,
        "miss latency": 11.7436,
        "cache queues": {
          "PQ_ACCESS": 1937491,
          "PQ_FULL": 0,
          "PQ_TO_CACHE": 1937491,
          "PQ_MERGED": 2981,
          "RQ_ACCESS": 153117828,
          "RQ_MERGED": 7299,
          "RQ_FULL": 79562193,
          "WQ_ACCESS": 8016710,
          "WQ_MERGED": 0,
          "WQ_FULL": 235284
        }
      },
      "cpu0_L2C": {
        "LOAD": {
          "hit":296998,
          "miss":318231
        },
        "RFO": {
          "hit":119060,
          "miss":451728
        },
        "PREFETCH": {
          "hit":371728,
          "miss":1103652
        },
        "WRITE": {
          "hit":581142,
          "miss":0
        },
        "TRANSLATION": {
          "hit":22725,
          "miss":1885
        },
        "mshr full": 294971,
        "prefetch requested": 0,
        "prefetch issued": 0,
        "prefetch filled": 1086246,
        "prefetch useful": 0,
        "prefetch useless": 0,
        "prefetch late": 0,
        "pf_useful_at_l2_from_l1":     215814,
        "pf_late_at_l2_from_l1":      15204,
        "pf_useless_at_l2_from_l1":      96397,
        "pf_at_l2_to_l1":      63462,
        "pf_fill_this_level":     358973,
        "miss latency": 66.7028,
        "cache queues": {
          "PQ_ACCESS": 1495531,
          "PQ_FULL": 20059,
          "PQ_TO_CACHE": 1475472,
          "PQ_MERGED": 54,
          "RQ_ACCESS": 1210806,
          "RQ_MERGED": 0,
          "RQ_FULL": 0,
          "WQ_ACCESS": 581261,
          "WQ_MERGED": 0,
          "WQ_FULL": 0
        }
      },
      "LLC": {
        "LOAD": {
          "hit": [104877],
          "miss": [202516]
        },
        "RFO": {
          "hit": [12595],
          "miss": [434766]
        },
        "PREFETCH": {
          "hit": [116804],
          "miss": [984649]
        },
        "WRITE": {
          "hit": [489827],
          "miss": [0]
        },
        "TRANSLATION": {
          "hit": [424],
          "miss": [1461]
        },
        "mshr full": 0,
        "prefetch requested": 0,
        "prefetch issued": 0,
        "prefetch filled": 984645,
        "prefetch useful": 0,
        "prefetch useless": 0,
        "prefetch late": 0,
        "pf_useful_at_l2_from_l1":          0,
        "pf_late_at_l2_from_l1":          0,
        "pf_useless_at_l2_from_l1":          0,
        "pf_at_l2_to_l1":      14545,
        "pf_fill_this_level":          0,
        "miss latency": 79.0198,
        "cache queues": {
          "PQ_ACCESS": 1101454,
          "PQ_FULL": 0,
          "PQ_TO_CACHE": 1101454,
          "PQ_MERGED": 0,
          "RQ_ACCESS": 756640,
          "RQ_MERGED": 0,
          "RQ_FULL": 0,
          "WQ_ACCESS": 490117,
          "WQ_MERGED": 0,
          "WQ_FULL": 0
        }
      },
      "DRAM": [
        {
          "RQ ROW_BUFFER_HIT": 667528,
          "RQ ROW_BUFFER_MISS": 955831,
          "PQ FULL": 0,
          "WQ ROW_BUFFER_HIT": 60034,
          "WQ ROW_BUFFER_MISS": 405385,
          "WQ FULL": 0,
          "AVG DBUS CONGESTED CYCLE": 3.96317
        }
      ]

    },
    "sim": {
      "cores": [
        {
          "instructions": 200000004,
          "cycles": 90510278,
          "Avg ROB occupancy at mispredict": 303.97, 
          "mispredict": {
            "BRANCH_DIRECT_JUMP": 35,
            "BRANCH_INDIRECT": 0,
            "BRANCH_CONDITIONAL": 56539,
            "BRANCH_DIRECT_CALL": 46,
            "BRANCH_INDIRECT_CALL": 0,
            "BRANCH_RETURN": 43
          }
        }
      ],
      "cpu0_L1I": {
        "LOAD": {
          "hit":209,
          "miss":486
        },
        "RFO": {
          "hit":0,
          "miss":0
        },
        "PREFETCH": {
          "hit":0,
          "miss":0
        },
        "WRITE": {
          "hit":0,
          "miss":0
        },
        "TRANSLATION": {
          "hit":0,
          "miss":0
        },
        "mshr full": 0,
        "prefetch requested": 0,
        "prefetch issued": 0,
        "prefetch filled": 0,
        "prefetch useful": 0,
        "prefetch useless": 0,
        "prefetch late": 0,
        "pf_useful_at_l2_from_l1":          0,
        "pf_late_at_l2_from_l1":          0,
        "pf_useless_at_l2_from_l1":          0,
        "pf_at_l2_to_l1":          0,
        "pf_fill_this_level":          0,
        "miss latency": 19.3722,
        "cache queues": {
          "PQ_ACCESS": 0,
          "PQ_FULL": 0,
          "PQ_TO_CACHE": 0,
          "PQ_MERGED": 0,
          "RQ_ACCESS": 695,
          "RQ_MERGED": 0,
          "RQ_FULL": 0,
          "WQ_ACCESS": 0,
          "WQ_MERGED": 0,
          "WQ_FULL": 0
        }
      },
      "cpu0_ITLB": {
        "LOAD": {
          "hit":584,
          "miss":42
        },
        "RFO": {
          "hit":0,
          "miss":0
        },
        "PREFETCH": {
          "hit":0,
          "miss":0
        },
        "WRITE": {
          "hit":0,
          "miss":0
        },
        "TRANSLATION": {
          "hit":0,
          "miss":0
        },
        "mshr full": 0,
        "prefetch requested": 0,
        "prefetch issued": 0,
        "prefetch filled": 0,
        "prefetch useful": 0,
        "prefetch useless": 0,
        "prefetch late": 0,
        "pf_useful_at_l2_from_l1":          0,
        "pf_late_at_l2_from_l1":          0,
        "pf_useless_at_l2_from_l1":          0,
        "pf_at_l2_to_l1":          0,
        "pf_fill_this_level":          0,
        "miss latency": 9.85417,
        "cache queues": {
          "PQ_ACCESS": 0,
          "PQ_FULL": 0,
          "PQ_TO_CACHE": 0,
          "PQ_MERGED": 0,
          "RQ_ACCESS": 626,
          "RQ_MERGED": 0,
          "RQ_FULL": 0,
          "WQ_ACCESS": 0,
          "WQ_MERGED": 0,
          "WQ_FULL": 0
        }
      },
      "cpu0_DTLB": {
        "LOAD": {
          "hit":80070756,
          "miss":345435
        },
        "RFO": {
          "hit":0,
          "miss":0
        },
        "PREFETCH": {
          "hit":0,
          "miss":0
        },
        "WRITE": {
          "hit":0,
          "miss":0
        },
        "TRANSLATION": {
          "hit":0,
          "miss":0
        },
        "mshr full": 15567,
        "prefetch requested": 0,
        "prefetch issued": 0,
        "prefetch filled": 0,
        "prefetch useful": 0,
        "prefetch useless": 0,
        "prefetch late": 0,
        "pf_useful_at_l2_from_l1":          0,
        "pf_late_at_l2_from_l1":          0,
        "pf_useless_at_l2_from_l1":          0,
        "pf_at_l2_to_l1":          0,
        "pf_fill_this_level":          0,
        "miss latency": 1.03643,
        "cache queues": {
          "PQ_ACCESS": 0,
          "PQ_FULL": 0,
          "PQ_TO_CACHE": 0,
          "PQ_MERGED": 0,
          "RQ_ACCESS": 82032422,
          "RQ_MERGED": 0,
          "RQ_FULL": 1616217,
          "WQ_ACCESS": 0,
          "WQ_MERGED": 0,
          "WQ_FULL": 0
        }
      },
      "cpu0_STLB": {
        "LOAD": {
          "hit":18607,
          "miss":35020
        },
        "RFO": {
          "hit":0,
          "miss":0
        },
        "PREFETCH": {
          "hit":0,
          "miss":0
        },
        "WRITE": {
          "hit":0,
          "miss":0
        },
        "TRANSLATION": {
          "hit":0,
          "miss":0
        },
        "mshr full": 0,
        "prefetch requested": 0,
        "prefetch issued": 0,
        "prefetch filled": 0,
        "prefetch useful": 0,
        "prefetch useless": 0,
        "prefetch late": 0,
        "pf_useful_at_l2_from_l1":          0,
        "pf_late_at_l2_from_l1":          0,
        "pf_useless_at_l2_from_l1":          0,
        "pf_at_l2_to_l1":          0,
        "pf_fill_this_level":          0,
        "miss latency": 9.40559,
        "cache queues": {
          "PQ_ACCESS": 0,
          "PQ_FULL": 0,
          "PQ_TO_CACHE": 0,
          "PQ_MERGED": 0,
          "RQ_ACCESS": 53627,
          "RQ_MERGED": 0,
          "RQ_FULL": 0,
          "WQ_ACCESS": 0,
          "WQ_MERGED": 0,
          "WQ_FULL": 0
        }
      },
      "cpu0_L1D": {
        "LOAD": {
          "hit":70433509,
          "miss":3114794
        },
        "RFO": {
          "hit":0,
          "miss":0
        },
        "PREFETCH": {
          "hit":370406,
          "miss":1561536
        },
        "WRITE": {
          "hit":4331561,
          "miss":3449864
        },
        "TRANSLATION": {
          "hit":10446,
          "miss":24610
        },
        "mshr full": 15258454,
        "prefetch requested": 1937491,
        "prefetch issued": 1937491,
        "prefetch filled": 782554,
        "prefetch useful": 832198,
        "prefetch useless": 70653,
        "prefetch late": 120232,
        "pf_useful_at_l2_from_l1":          0,
        "pf_late_at_l2_from_l1":          0,
        "pf_useless_at_l2_from_l1":          0,
        "pf_at_l2_to_l1":        480,
        "pf_fill_this_level":     781773,
        "miss latency": 11.7436,
        "cache queues": {
          "PQ_ACCESS": 1937491,
          "PQ_FULL": 0,
          "PQ_TO_CACHE": 1937491,
          "PQ_MERGED": 2981,
          "RQ_ACCESS": 153117828,
          "RQ_MERGED": 7299,
          "RQ_FULL": 79562193,
          "WQ_ACCESS": 8016710,
          "WQ_MERGED": 0,
          "WQ_FULL": 235284
        }
      },
      "cpu0_L2C": {
        "LOAD": {
          "hit":296998,
          "miss":318231
        },
        "RFO": {
          "hit":119060,
          "miss":451728
        },
        "PREFETCH": {
          "hit":371728,
          "miss":1103652
        },
        "WRITE": {
          "hit":581142,
          "miss":0
        },
        "TRANSLATION": {
          "hit":22725,
          "miss":1885
        },
        "mshr full": 294971,
        "prefetch requested": 0,
        "prefetch issued": 0,
        "prefetch filled": 1086246,
        "prefetch useful": 0,
        "prefetch useless": 0,
        "prefetch late": 0,
        "pf_useful_at_l2_from_l1":     215814,
        "pf_late_at_l2_from_l1":      15204,
        "pf_useless_at_l2_from_l1":      96397,
        "pf_at_l2_to_l1":      63462,
        "pf_fill_this_level":     358973,
        "miss latency": 66.7028,
        "cache queues": {
          "PQ_ACCESS": 1495531,
          "PQ_FULL": 20059,
          "PQ_TO_CACHE": 1475472,
          "PQ_MERGED": 54,
          "RQ_ACCESS": 1210806,
          "RQ_MERGED": 0,
          "RQ_FULL": 0,
          "WQ_ACCESS": 581261,
          "WQ_MERGED": 0,
          "WQ_FULL": 0
        }
      },
      "LLC": {
        "LOAD": {
          "hit": [104877],
          "miss": [202516]
        },
        "RFO": {
          "hit": [12595],
          "miss": [434766]
        },
        "PREFETCH": {
          "hit": [116804],
          "miss": [984649]
        },
        "WRITE": {
          "hit": [489827],
          "miss": [0]
        },
        "TRANSLATION": {
          "hit": [424],
          "miss": [1461]
        },
        "mshr full": 0,
        "prefetch requested": 0,
        "prefetch issued": 0,
        "prefetch filled": 984645,
        "prefetch useful": 0,
        "prefetch useless": 0,
        "prefetch late": 0,
        "pf_useful_at_l2_from_l1":          0,
        "pf_late_at_l2_from_l1":          0,
        "pf_useless_at_l2_from_l1":          0,
        "pf_at_l2_to_l1":      14545,
        "pf_fill_this_level":          0,
        "miss latency": 79.0198,
        "cache queues": {
          "PQ_ACCESS": 1101454,
          "PQ_FULL": 0,
          "PQ_TO_CACHE": 1101454,
          "PQ_MERGED": 0,
          "RQ_ACCESS": 756640,
          "RQ_MERGED": 0,
          "RQ_FULL": 0,
          "WQ_ACCESS": 490117,
          "WQ_MERGED": 0,
          "WQ_FULL": 0
        }
      },
      "DRAM": [
        {
          "RQ ROW_BUFFER_HIT": 667528,
          "RQ ROW_BUFFER_MISS": 955831,
          "PQ FULL": 0,
          "WQ ROW_BUFFER_HIT": 60034,
          "WQ ROW_BUFFER_MISS": 405385,
          "WQ FULL": 0,
          "AVG DBUS CONGESTED CYCLE": 3.96317
        }
      ]

    }
  }
]
cpu0_ITLB
cpu0_DTLB
cpu0_STLB
Prefetch Request to L1: 1225256, Prefetch Request to L2: 712235
Invalid by Eviction: 136106
Invalid by Max: 31974
Filter table begin
 ┌────────────────────┬─────────────┐
 | Region             | Offset      |
 ├────────────────────┼─────────────┤
 | 0x0000000000002bf6 | 31          |
 ├────────────────────┼─────────────┤
 | 0x0000000000003a22 | 31          |
 ├────────────────────┼─────────────┤
 | 0x00000000000051fc | 31          |
 ├────────────────────┼─────────────┤
 | 0x0000000000005ee7 | 31          |
 ├────────────────────┼─────────────┤
 | 0x0000000000000226 | 3           |
 ├────────────────────┼─────────────┤
 | 0x000000000000429f | 31          |
 ├────────────────────┼─────────────┤
 | 0x0000000000001e1e | 31          |
 ├────────────────────┼─────────────┤
 | 0x00000000000050b2 | 31          |
 ├────────────────────┼─────────────┤
 | 0x0000000000003efc | 31          |
 ├────────────────────┼─────────────┤
 | 0x0000000000005ee3 | 31          |
 ├────────────────────┼─────────────┤
 | 0x00000000000030a2 | 31          |
 └────────────────────┴─────────────┘
Filter table end
Accumulation table begin
 ┌────────────────────┬─────────────┬─────────────┬──────────────────────────────────────────────────────────────────┐
 | Region             | Offset      | Second      | Pattern                                                          |
 ├────────────────────┼─────────────┼─────────────┼──────────────────────────────────────────────────────────────────┤
 | 0x0000000000000219 | 26          | 13          | 0 0 0 0 0 0 0 0 0 0 0 0 0 1 1 1 0 0 0 0 0 0 0 0 0 0 1 1 0 1 1 0  |
 ├────────────────────┼─────────────┼─────────────┼──────────────────────────────────────────────────────────────────┤
 | 0x00000000000070ab | 29          | 30          | 0 0 0 0 0 0 0 0 0 0 0 0 0 0 0 0 0 0 0 0 0 0 0 0 0 0 0 0 0 1 1 1  |
 ├────────────────────┼─────────────┼─────────────┼──────────────────────────────────────────────────────────────────┤
 | 0x00000000000034ba | 28          | 29          | 0 0 0 0 0 0 0 0 0 0 0 0 0 0 0 0 0 0 0 0 0 0 0 0 0 0 0 0 1 1 1 1  |
 ├────────────────────┼─────────────┼─────────────┼──────────────────────────────────────────────────────────────────┤
 | 0x0000000000007174 | 0           | 1           | 1 1 1 1 1 1 1 1 1 1 1 1 1 1 1 1 1 1 1 1 1 1 1 1 1 1 1 1 1 1 1 1  |
 ├────────────────────┼─────────────┼─────────────┼──────────────────────────────────────────────────────────────────┤
 | 0x0000000000007171 | 0           | 1           | 1 1 1 1 1 1 1 1 1 1 1 1 1 1 1 1 1 1 1 1 1 1 1 1 1 1 1 1 1 1 1 1  |
 ├────────────────────┼─────────────┼─────────────┼──────────────────────────────────────────────────────────────────┤
 | 0x0000000000006861 | 0           | 1           | 1 1 1 1 1 1 1 1 1 1 1 1 1 1 1 1 1 1 1 1 1 1 1 1 1 1 1 1 1 1 1 1  |
 ├────────────────────┼─────────────┼─────────────┼──────────────────────────────────────────────────────────────────┤
 | 0x0000000000007172 | 0           | 1           | 1 1 1 1 1 1 1 1 1 1 1 1 1 1 1 1 1 1 1 1 1 1 1 1 1 1 1 1 1 1 1 1  |
 ├────────────────────┼─────────────┼─────────────┼──────────────────────────────────────────────────────────────────┤
 | 0x0000000000006862 | 0           | 1           | 1 1 1 1 1 1 1 1 1 1 1 1 1 1 1 1 1 1 1 1 1 1 1 1 1 1 1 1 1 1 1 1  |
 ├────────────────────┼─────────────┼─────────────┼──────────────────────────────────────────────────────────────────┤
 | 0x0000000000007043 | 28          | 29          | 0 0 0 0 0 0 0 0 0 0 0 0 0 0 0 0 0 0 0 0 0 0 0 0 0 0 0 0 1 1 1 1  |
 ├────────────────────┼─────────────┼─────────────┼──────────────────────────────────────────────────────────────────┤
 | 0x000000000000706b | 29          | 28          | 0 0 0 0 0 0 0 0 0 0 0 0 0 0 0 0 0 0 0 0 0 0 0 0 0 0 0 0 1 1 1 1  |
 ├────────────────────┼─────────────┼─────────────┼──────────────────────────────────────────────────────────────────┤
 | 0x000000000000059a | 0           | 1           | 1 1 1 1 1 1 1 1 1 1 1 1 1 1 1 1 1 1 1 1 1 1 1 1 1 1 1 1 1 1 1 1  |
 ├────────────────────┼─────────────┼─────────────┼──────────────────────────────────────────────────────────────────┤
 | 0x0000000000005ecb | 29          | 30          | 0 0 0 0 0 0 0 0 0 0 0 0 0 0 0 0 0 0 0 0 0 0 0 0 0 0 0 0 0 1 1 1  |
 ├────────────────────┼─────────────┼─────────────┼──────────────────────────────────────────────────────────────────┤
 | 0x0000000000000593 | 0           | 1           | 1 1 1 1 1 1 1 1 1 1 1 1 1 1 1 1 1 1 1 1 1 1 1 1 1 1 1 1 1 1 1 1  |
 ├────────────────────┼─────────────┼─────────────┼──────────────────────────────────────────────────────────────────┤
 | 0x0000000000003e0e | 29          | 30          | 0 0 0 0 0 0 0 0 0 0 0 0 0 0 0 0 0 0 0 0 0 0 0 0 0 0 0 0 0 1 1 1  |
 ├────────────────────┼─────────────┼─────────────┼──────────────────────────────────────────────────────────────────┤
 | 0x0000000000003964 | 28          | 29          | 0 0 0 0 0 0 0 0 0 0 0 0 0 0 0 0 0 0 0 0 0 0 0 0 0 0 0 0 1 1 1 1  |
 ├────────────────────┼─────────────┼─────────────┼──────────────────────────────────────────────────────────────────┤
 | 0x0000000000007173 | 0           | 1           | 1 1 1 1 1 1 1 1 1 1 1 1 1 1 1 1 1 1 1 1 1 1 1 1 1 1 1 1 1 1 1 1  |
 ├────────────────────┼─────────────┼─────────────┼──────────────────────────────────────────────────────────────────┤
 | 0x0000000000006863 | 0           | 1           | 1 1 1 1 1 1 1 1 1 1 1 1 1 1 1 1 1 1 1 1 1 1 1 1 1 1 1 1 1 1 1 1  |
 ├────────────────────┼─────────────┼─────────────┼──────────────────────────────────────────────────────────────────┤
 | 0x0000000000005ed7 | 30          | 31          | 0 0 0 0 0 0 0 0 0 0 0 0 0 0 0 0 0 0 0 0 0 0 0 0 0 0 0 0 0 0 1 1  |
 ├────────────────────┼─────────────┼─────────────┼──────────────────────────────────────────────────────────────────┤
 | 0x0000000000000592 | 0           | 1           | 1 1 1 1 1 1 1 1 1 1 1 1 1 1 1 1 1 1 1 1 1 1 1 1 1 1 1 1 1 1 1 1  |
 ├────────────────────┼─────────────┼─────────────┼──────────────────────────────────────────────────────────────────┤
 | 0x000000000000685f | 0           | 1           | 1 1 1 1 1 1 1 1 1 1 1 1 1 1 1 1 1 1 1 1 1 1 1 1 1 1 1 1 1 1 1 1  |
 ├────────────────────┼─────────────┼─────────────┼──────────────────────────────────────────────────────────────────┤
 | 0x0000000000007175 | 0           | 1           | 1 1 1 1 1 1 1 1 1 1 1 1 1 1 1 1 1 1 1 1 1 1 1 1 1 1 1 1 1 1 1 1  |
 ├────────────────────┼─────────────┼─────────────┼──────────────────────────────────────────────────────────────────┤
 | 0x0000000000004764 | 30          | 31          | 0 0 0 0 0 0 0 0 0 0 0 0 0 0 0 0 0 0 0 0 0 0 0 0 0 0 0 0 0 0 1 1  |
 ├────────────────────┼─────────────┼─────────────┼──────────────────────────────────────────────────────────────────┤
 | 0x0000000000000594 | 0           | 1           | 1 1 1 1 1 1 1 1 1 1 1 1 1 1 1 1 1 1 1 1 1 1 1 1 1 0 0 0 0 0 0 0  |
 ├────────────────────┼─────────────┼─────────────┼──────────────────────────────────────────────────────────────────┤
 | 0x000000000000059b | 0           | 1           | 1 1 1 1 1 1 1 1 1 1 1 1 1 1 1 1 1 1 1 1 1 1 1 0 0 0 0 0 0 0 0 0  |
 ├────────────────────┼─────────────┼─────────────┼──────────────────────────────────────────────────────────────────┤
 | 0x0000000000004c0a | 30          | 31          | 0 0 0 0 0 0 0 0 0 0 0 0 0 0 0 0 0 0 0 0 0 0 0 0 0 0 0 0 0 0 1 1  |
 ├────────────────────┼─────────────┼─────────────┼──────────────────────────────────────────────────────────────────┤
 | 0x0000000000005edb | 30          | 31          | 0 0 0 0 0 0 0 0 0 0 0 0 0 0 0 0 0 0 0 0 0 0 0 0 0 0 0 0 0 0 1 1  |
 ├────────────────────┼─────────────┼─────────────┼──────────────────────────────────────────────────────────────────┤
 | 0x0000000000003010 | 27          | 28          | 0 0 0 0 0 0 0 0 0 0 0 0 0 0 0 0 0 0 0 0 0 0 0 0 0 0 0 1 1 1 1 1  |
 └────────────────────┴─────────────┴─────────────┴──────────────────────────────────────────────────────────────────┘
Accumulation table end
Offset pattern table begin
 ┌────────────────────┬─────────────┬──────────────────────────────────────────────────────────────────────────────────────────────────┐
 | Key                | Second      | Pattern                                                                                          |
 ├────────────────────┼─────────────┼──────────────────────────────────────────────────────────────────────────────────────────────────┤
 | 0x0000000000000000 | 1           | 16 15 15 15 15 15 15 15 15 15 15 15 15 15 15 15 15 15 15 15 15 15 15 15 15 15 15 15 15 15 15 15  |
 ├────────────────────┼─────────────┼──────────────────────────────────────────────────────────────────────────────────────────────────┤
 | 0x0000000000000001 | 2           | 30 20 16 16 16 16 16 16 16 16 15 15 15 15 15 18 29 15 15 15 15 15 15 15 15 15 15 15 15 15 15 0   |
 ├────────────────────┼─────────────┼──────────────────────────────────────────────────────────────────────────────────────────────────┤
 | 0x0000000000000002 | 3           | 17 7 4 4 4 4 4 4 4 4 4 4 4 4 4 7 16 4 4 4 4 4 4 4 4 4 4 4 4 4 0 2                                |
 ├────────────────────┼─────────────┼──────────────────────────────────────────────────────────────────────────────────────────────────┤
 | 0x0000000000000003 | 4           | 21 8 4 4 4 4 4 4 4 4 4 4 4 4 4 8 19 4 4 4 4 4 4 4 4 4 4 4 4 0 0 1                                |
 ├────────────────────┼─────────────┼──────────────────────────────────────────────────────────────────────────────────────────────────┤
 | 0x0000000000000004 | 5           | 29 13 7 7 7 7 7 7 7 7 7 7 7 7 7 11 28 7 7 7 7 7 7 7 7 7 7 7 0 0 0 2                              |
 ├────────────────────┼─────────────┼──────────────────────────────────────────────────────────────────────────────────────────────────┤
 | 0x0000000000000005 | 6           | 28 12 8 7 7 7 8 8 7 7 7 7 8 8 7 12 27 8 7 8 8 7 7 8 8 7 7 0 1 0 0 0                              |
 ├────────────────────┼─────────────┼──────────────────────────────────────────────────────────────────────────────────────────────────┤
 | 0x0000000000000006 | 7           | 31 12 6 6 6 6 6 6 6 6 6 6 6 6 6 12 30 6 6 6 6 6 6 6 6 6 0 0 0 0 0 1                              |
 ├────────────────────┼─────────────┼──────────────────────────────────────────────────────────────────────────────────────────────────┤
 | 0x0000000000000007 | 8           | 23 20 19 19 19 19 19 19 19 19 19 19 19 12 12 13 16 11 11 11 11 9 9 8 8 0 0 0 0 0 0 1             |
 ├────────────────────┼─────────────┼──────────────────────────────────────────────────────────────────────────────────────────────────┤
 | 0x0000000000000008 | 9           | 19 18 18 18 18 18 18 18 18 18 18 18 16 16 16 16 16 16 15 15 13 13 11 11 0 0 0 0 0 0 0 1          |
 ├────────────────────┼─────────────┼──────────────────────────────────────────────────────────────────────────────────────────────────┤
 | 0x0000000000000009 | 10          | 17 6 2 2 2 2 2 2 2 2 2 2 2 2 2 5 16 2 2 2 2 2 2 0 0 0 0 0 0 0 0 0                                |
 ├────────────────────┼─────────────┼──────────────────────────────────────────────────────────────────────────────────────────────────┤
 | 0x000000000000000a | 25          | 25 11 3 3 3 3 3 3 3 3 3 3 3 3 3 6 22 3 3 3 3 3 1 1 1 1 1 1 1 1 1 1                               |
 ├────────────────────┼─────────────┼──────────────────────────────────────────────────────────────────────────────────────────────────┤
 | 0x000000000000000b | 12          | 31 13 7 7 7 5 8 8 5 5 8 8 5 8 8 13 24 8 8 5 5 0 0 0 0 0 3 3 3 0 0 0                              |
 ├────────────────────┼─────────────┼──────────────────────────────────────────────────────────────────────────────────────────────────┤
 | 0x000000000000000c | 13          | 16 9 8 7 3 3 3 3 3 3 3 3 3 3 3 5 10 3 3 3 0 0 0 0 0 0 0 0 0 0 0 1                                |
 ├────────────────────┼─────────────┼──────────────────────────────────────────────────────────────────────────────────────────────────┤
 | 0x000000000000000d | 14          | 29 16 13 2 2 2 2 2 2 3 3 2 2 2 2 6 17 2 2 0 0 0 0 0 9 0 0 0 0 0 9 9                              |
 ├────────────────────┼─────────────┼──────────────────────────────────────────────────────────────────────────────────────────────────┤
 | 0x000000000000000e | 13          | 29 15 9 6 5 5 5 5 5 5 5 5 5 5 5 10 20 5 0 0 0 0 0 0 0 0 0 0 0 0 0 1                              |
 ├────────────────────┼─────────────┼──────────────────────────────────────────────────────────────────────────────────────────────────┤
 | 0x000000000000000f | 16          | 20 18 8 7 5 5 5 5 5 5 4 4 4 4 4 5 6 0 0 0 0 0 0 0 0 0 0 0 0 0 0 0                                |
 ├────────────────────┼─────────────┼──────────────────────────────────────────────────────────────────────────────────────────────────┤
 | 0x0000000000000010 | 17          | 19 18 18 18 18 18 18 18 18 16 4 4 4 4 4 4 0 0 0 0 0 0 0 0 0 0 0 0 0 0 0 0                        |
 ├────────────────────┼─────────────┼──────────────────────────────────────────────────────────────────────────────────────────────────┤
 | 0x0000000000000011 | 22          | 31 30 22 17 19 19 16 18 18 16 15 17 17 14 14 0 0 0 0 0 3 3 3 0 0 0 3 3 1 1 1 1                   |
 ├────────────────────┼─────────────┼──────────────────────────────────────────────────────────────────────────────────────────────────┤
 | 0x0000000000000012 | 19          | 31 29 6 6 6 6 6 6 6 6 6 6 6 6 0 0 0 0 0 0 0 0 0 0 0 1 0 0 0 0 1 0                                |
 ├────────────────────┼─────────────┼──────────────────────────────────────────────────────────────────────────────────────────────────┤
 | 0x0000000000000013 | 20          | 22 21 5 5 5 5 5 5 5 5 5 5 5 0 0 0 0 0 0 0 0 0 0 0 0 0 0 0 0 0 0 0                                |
 ├────────────────────┼─────────────┼──────────────────────────────────────────────────────────────────────────────────────────────────┤
 | 0x0000000000000014 | 21          | 31 30 6 5 5 5 5 5 5 5 5 5 0 0 0 0 0 0 0 0 0 0 0 0 0 0 0 0 0 0 0 0                                |
 ├────────────────────┼─────────────┼──────────────────────────────────────────────────────────────────────────────────────────────────┤
 | 0x0000000000000015 | 22          | 24 23 8 7 6 6 6 6 6 6 6 0 0 0 0 0 0 0 0 0 0 0 0 0 0 0 0 0 0 0 0 0                                |
 ├────────────────────┼─────────────┼──────────────────────────────────────────────────────────────────────────────────────────────────┤
 | 0x0000000000000016 | 23          | 18 17 4 3 4 4 3 3 3 3 0 0 0 0 0 0 0 0 0 0 0 0 0 1 1 1 0 0 0 0 0 0                                |
 ├────────────────────┼─────────────┼──────────────────────────────────────────────────────────────────────────────────────────────────┤
 | 0x0000000000000017 | 24          | 22 21 11 10 6 5 5 5 5 0 0 0 0 0 0 0 0 0 0 0 0 0 0 0 0 0 0 0 0 0 0 1                              |
 ├────────────────────┼─────────────┼──────────────────────────────────────────────────────────────────────────────────────────────────┤
 | 0x0000000000000018 | 25          | 21 20 8 6 6 6 6 5 0 0 0 0 0 0 0 0 0 0 0 0 0 0 0 0 0 0 0 0 0 0 0 1                                |
 ├────────────────────┼─────────────┼──────────────────────────────────────────────────────────────────────────────────────────────────┤
 | 0x0000000000000019 | 26          | 28 27 9 5 5 5 5 0 0 0 0 0 0 0 0 0 0 0 0 0 0 0 0 0 0 0 0 0 0 0 0 1                                |
 ├────────────────────┼─────────────┼──────────────────────────────────────────────────────────────────────────────────────────────────┤
 | 0x000000000000001a | 27          | 29 28 12 9 9 9 0 0 0 0 0 0 0 0 0 0 0 0 0 0 0 0 0 0 0 0 0 0 0 0 0 1                               |
 ├────────────────────┼─────────────┼──────────────────────────────────────────────────────────────────────────────────────────────────┤
 | 0x000000000000001b | 28          | 23 21 6 5 5 0 0 0 0 0 0 0 0 0 0 0 0 0 1 1 1 0 0 0 0 0 0 0 0 0 0 2                                |
 ├────────────────────┼─────────────┼──────────────────────────────────────────────────────────────────────────────────────────────────┤
 | 0x000000000000001c | 29          | 30 29 6 5 0 1 0 0 0 1 1 1 0 0 0 1 1 1 1 1 0 1 1 0 0 1 1 0 1 1 0 1                                |
 ├────────────────────┼─────────────┼──────────────────────────────────────────────────────────────────────────────────────────────────┤
 | 0x000000000000001d | 30          | 17 16 3 0 0 0 0 0 0 0 0 0 0 0 0 0 0 0 0 0 0 0 0 0 0 0 0 0 0 0 0 0                                |
 ├────────────────────┼─────────────┼──────────────────────────────────────────────────────────────────────────────────────────────────┤
 | 0x000000000000001e | 31          | 30 29 0 0 0 0 0 0 0 0 0 0 0 0 0 0 0 0 0 0 0 0 0 0 0 0 0 0 0 0 0 0                                |
 ├────────────────────┼─────────────┼──────────────────────────────────────────────────────────────────────────────────────────────────┤
 | 0x000000000000001f | 17          | 27 1 1 1 1 1 1 1 1 1 1 1 1 1 1 2 0 0 1 4 4 5 7 10 10 11 12 14 17 19 21 25                        |
 └────────────────────┴─────────────┴──────────────────────────────────────────────────────────────────────────────────────────────────┘
Offset pattern table end
PC pattern table begin
 ┌────────────────────┬─────────────┬──────────────────────────────────────────────────┐
 | Key                | Second      | Pattern                                          |
 ├────────────────────┼─────────────┼──────────────────────────────────────────────────┤
 | 0x0000000000000000 | 24          | 17 16 15 15 15 15 15 15 15 15 15 15 15 15 15 15  |
 ├────────────────────┼─────────────┼──────────────────────────────────────────────────┤
 | 0x0000000000000001 | 31          | 31 3 0 0 0 0 0 4 29 0 0 0 0 0 0 2                |
 ├────────────────────┼─────────────┼──────────────────────────────────────────────────┤
 | 0x0000000000000002 | 17          | 31 30 30 30 30 30 30 30 30 30 30 30 30 30 30 29  |
 ├────────────────────┼─────────────┼──────────────────────────────────────────────────┤
 | 0x0000000000000003 | 0           | 21 20 12 13 12 12 12 12 11 12 11 11 11 12 12 5   |
 ├────────────────────┼─────────────┼──────────────────────────────────────────────────┤
 | 0x0000000000000004 | 28          | 30 16 6 6 6 3 3 6 6 1 1 1 0 0 0 1                |
 ├────────────────────┼─────────────┼──────────────────────────────────────────────────┤
 | 0x0000000000000005 | 21          | 23 22 22 22 22 22 22 22 22 22 21 21 21 21 21 21  |
 ├────────────────────┼─────────────┼──────────────────────────────────────────────────┤
 | 0x0000000000000006 | 20          | 16 15 14 13 12 7 6 5 3 2 1 0 0 0 0 1             |
 ├────────────────────┼─────────────┼──────────────────────────────────────────────────┤
 | 0x0000000000000007 | 16          | 18 17 17 17 17 17 17 17 17 17 17 17 16 16 16 16  |
 ├────────────────────┼─────────────┼──────────────────────────────────────────────────┤
 | 0x0000000000000008 | 16          | 29 28 28 28 28 28 28 28 28 28 28 28 28 28 28 28  |
 ├────────────────────┼─────────────┼──────────────────────────────────────────────────┤
 | 0x0000000000000009 | 25          | 20 2 1 1 1 1 1 4 18 0 0 0 1 1 0 3                |
 ├────────────────────┼─────────────┼──────────────────────────────────────────────────┤
 | 0x000000000000000a | 17          | 28 27 27 27 27 17 17 17 17 17 17 17 8 8 8 8      |
 ├────────────────────┼─────────────┼──────────────────────────────────────────────────┤
 | 0x000000000000000b | 15          | 24 3 0 1 1 1 1 4 22 1 0 1 0 1 1 0                |
 ├────────────────────┼─────────────┼──────────────────────────────────────────────────┤
 | 0x000000000000000c | 17          | 24 18 18 15 8 9 7 6 3 3 0 3 0 0 0 3              |
 ├────────────────────┼─────────────┼──────────────────────────────────────────────────┤
 | 0x000000000000000d | 25          | 31 20 24 16 12 9 14 15 5 8 9 3 8 9 10 8          |
 ├────────────────────┼─────────────┼──────────────────────────────────────────────────┤
 | 0x000000000000000e | 17          | 17 15 16 10 10 10 10 10 10 10 10 11 11 10 5 5    |
 ├────────────────────┼─────────────┼──────────────────────────────────────────────────┤
 | 0x000000000000000f | 17          | 24 23 23 23 23 23 23 23 23 23 23 23 23 23 23 23  |
 ├────────────────────┼─────────────┼──────────────────────────────────────────────────┤
 | 0x0000000000000010 | 22          | 24 4 1 1 1 1 0 1 19 0 0 0 0 0 0 2                |
 ├────────────────────┼─────────────┼──────────────────────────────────────────────────┤
 | 0x0000000000000011 | 17          | 31 30 29 29 29 29 29 29 29 29 29 29 29 29 29 29  |
 ├────────────────────┼─────────────┼──────────────────────────────────────────────────┤
 | 0x0000000000000012 | 24          | 24 12 3 3 3 3 3 3 3 3 3 3 3 2 0 0                |
 ├────────────────────┼─────────────┼──────────────────────────────────────────────────┤
 | 0x0000000000000013 | 16          | 16 10 6 6 6 3 3 3 4 3 3 1 2 1 1 0                |
 ├────────────────────┼─────────────┼──────────────────────────────────────────────────┤
 | 0x0000000000000014 | 31          | 27 26 26 26 26 25 25 25 25 25 25 25 25 25 25 25  |
 ├────────────────────┼─────────────┼──────────────────────────────────────────────────┤
 | 0x0000000000000015 | 17          | 26 16 19 19 17 16 17 13 11 0 1 2 6 5 2 6         |
 ├────────────────────┼─────────────┼──────────────────────────────────────────────────┤
 | 0x0000000000000016 | 16          | 26 8 12 8 7 8 8 0 8 0 0 0 16 8 9 16              |
 ├────────────────────┼─────────────┼──────────────────────────────────────────────────┤
 | 0x0000000000000017 | 24          | 19 1 1 0 0 0 1 4 17 1 1 0 1 1 1 2                |
 ├────────────────────┼─────────────┼──────────────────────────────────────────────────┤
 | 0x0000000000000018 | 27          | 16 15 15 15 15 15 15 15 15 15 15 15 15 15 15 15  |
 ├────────────────────┼─────────────┼──────────────────────────────────────────────────┤
 | 0x0000000000000019 | 17          | 28 26 20 20 19 19 19 19 19 19 19 19 20 19 19 17  |
 ├────────────────────┼─────────────┼──────────────────────────────────────────────────┤
 | 0x000000000000001a | 22          | 31 30 30 30 30 30 30 30 30 30 30 30 30 30 30 30  |
 ├────────────────────┼─────────────┼──────────────────────────────────────────────────┤
 | 0x000000000000001b | 16          | 18 8 9 8 9 8 8 9 4 0 0 1 1 0 8 0                 |
 ├────────────────────┼─────────────┼──────────────────────────────────────────────────┤
 | 0x000000000000001c | 25          | 17 1 0 0 0 0 0 2 16 0 0 0 0 0 0 1                |
 ├────────────────────┼─────────────┼──────────────────────────────────────────────────┤
 | 0x000000000000001d | 0           | 18 17 17 17 17 13 13 12 12 12 12 12 9 9 9 9      |
 ├────────────────────┼─────────────┼──────────────────────────────────────────────────┤
 | 0x000000000000001e | 17          | 29 15 6 6 6 4 4 4 4 2 2 2 2 0 0 0                |
 ├────────────────────┼─────────────┼──────────────────────────────────────────────────┤
 | 0x000000000000001f | 22          | 18 9 9 6 12 10 2 8 8 1 7 7 7 7 8 0               |
 └────────────────────┴─────────────┴──────────────────────────────────────────────────┘
PC pattern table end
Prefetch buffer begin
 ┌────────────────────┬──────────────────────────────────────────────────────────────────┐
 | Region             | Pattern                                                          |
 ├────────────────────┼──────────────────────────────────────────────────────────────────┤
 | 0x0000000000001b99 | 0 0 0 0 0 0 0 0 0 0 0 0 0 0 0 0 0 0 0 0 0 0 0 0 0 0 0 1 1 1 1 1  |
 ├────────────────────┼──────────────────────────────────────────────────────────────────┤
 | 0x0000000000001b93 | 0 0 0 0 0 0 0 0 0 0 0 0 0 0 0 0 0 0 0 0 0 0 0 0 0 0 0 1 1 1 1 1  |
 ├────────────────────┼──────────────────────────────────────────────────────────────────┤
 | 0x0000000000001bb1 | 0 0 0 0 0 0 0 0 0 0 0 0 0 0 0 0 0 0 0 0 0 0 0 0 0 0 0 0 1 1 1 1  |
 ├────────────────────┼──────────────────────────────────────────────────────────────────┤
 | 0x0000000000006acf | 0 0 0 0 0 0 0 0 0 0 0 0 0 0 0 0 0 0 0 0 0 0 0 0 0 0 0 1 1 1 1 1  |
 ├────────────────────┼──────────────────────────────────────────────────────────────────┤
 | 0x0000000000001ba5 | 0 0 0 0 0 0 0 0 0 0 0 0 0 0 0 0 0 0 0 0 0 0 1 1 1 1 1 1 1 1 1 1  |
 ├────────────────────┼──────────────────────────────────────────────────────────────────┤
 | 0x0000000000001c25 | 0 0 0 0 0 0 0 0 0 0 0 0 0 0 0 0 0 1 1 1 1 1 1 1 1 1 1 1 1 1 1 1  |
 ├────────────────────┼──────────────────────────────────────────────────────────────────┤
 | 0x0000000000001cb7 | 0 0 0 0 0 0 0 0 0 0 0 0 0 0 0 0 0 0 0 0 0 1 1 1 1 1 1 1 1 1 1 1  |
 ├────────────────────┼──────────────────────────────────────────────────────────────────┤
 | 0x0000000000001c9f | 0 0 0 0 0 0 0 0 0 0 0 0 0 0 0 0 0 0 0 0 1 1 1 1 1 1 1 1 1 1 1 1  |
 ├────────────────────┼──────────────────────────────────────────────────────────────────┤
 | 0x0000000000001c35 | 0 0 0 0 0 0 0 0 0 0 0 0 0 0 0 0 0 0 0 0 0 0 0 0 1 1 1 1 1 1 1 1  |
 ├────────────────────┼──────────────────────────────────────────────────────────────────┤
 | 0x0000000000001c6f | 0 0 0 0 0 0 0 0 0 0 0 0 0 0 0 0 0 1 1 1 1 1 1 1 1 1 1 1 1 1 1 1  |
 ├────────────────────┼──────────────────────────────────────────────────────────────────┤
 | 0x0000000000001c7b | 0 0 0 0 0 0 0 0 0 0 0 0 0 0 0 0 0 0 0 0 0 0 1 1 1 1 1 1 1 1 1 1  |
 ├────────────────────┼──────────────────────────────────────────────────────────────────┤
 | 0x0000000000006a91 | 0 0 0 0 0 0 0 0 0 0 0 0 0 0 0 0 0 0 0 0 0 0 1 1 1 1 1 1 1 1 1 1  |
 ├────────────────────┼──────────────────────────────────────────────────────────────────┤
 | 0x0000000000001be3 | 0 0 0 0 0 0 0 0 0 0 0 0 0 0 0 0 0 1 1 1 1 1 1 1 1 1 1 1 1 1 1 1  |
 ├────────────────────┼──────────────────────────────────────────────────────────────────┤
 | 0x0000000000001c93 | 0 0 0 0 0 0 0 0 0 0 0 0 0 0 0 0 0 0 0 0 1 1 1 1 1 1 1 1 1 1 1 1  |
 ├────────────────────┼──────────────────────────────────────────────────────────────────┤
 | 0x0000000000006817 | 0 0 0 0 0 0 0 0 0 0 0 0 0 1 1 1 1 1 1 1 1 1 1 1 1 1 1 1 1 1 1 1  |
 ├────────────────────┼──────────────────────────────────────────────────────────────────┤
 | 0x0000000000001c87 | 0 0 0 0 0 0 0 0 0 0 0 0 0 0 0 0 0 1 1 1 1 1 1 1 1 1 1 1 1 1 1 1  |
 ├────────────────────┼──────────────────────────────────────────────────────────────────┤
 | 0x000000000000714f | 0 0 0 0 0 0 0 0 0 0 0 0 0 0 0 0 0 0 0 0 2 2 2 2 2 2 1 1 1 1 0 0  |
 ├────────────────────┼──────────────────────────────────────────────────────────────────┤
 | 0x0000000000007129 | 0 0 0 0 0 0 0 0 0 0 0 0 0 0 0 0 0 0 0 0 2 2 2 0 0 0 0 0 0 0 0 0  |
 ├────────────────────┼──────────────────────────────────────────────────────────────────┤
 | 0x0000000000001b9f | 0 0 0 0 0 0 0 0 0 0 0 0 0 0 0 0 0 0 0 0 0 0 0 0 0 1 1 1 1 1 1 1  |
 ├────────────────────┼──────────────────────────────────────────────────────────────────┤
 | 0x000000000000552b | 0 0 0 0 0 0 0 0 0 1 1 1 1 1 1 1 1 1 1 1 1 1 1 1 1 1 1 1 1 1 1 1  |
 ├────────────────────┼──────────────────────────────────────────────────────────────────┤
 | 0x0000000000001cab | 0 0 0 0 0 0 0 0 0 0 0 0 0 0 0 0 0 0 0 0 0 0 0 1 1 1 1 1 1 1 1 1  |
 ├────────────────────┼──────────────────────────────────────────────────────────────────┤
 | 0x0000000000001c15 | 0 0 0 0 0 0 0 0 0 0 0 0 0 0 0 0 0 1 1 1 1 1 1 1 1 1 1 1 1 1 1 1  |
 ├────────────────────┼──────────────────────────────────────────────────────────────────┤
 | 0x0000000000001c37 | 0 0 0 0 0 0 0 0 0 0 0 0 0 0 0 0 0 0 0 0 0 0 0 0 0 0 0 0 0 1 1 1  |
 ├────────────────────┼──────────────────────────────────────────────────────────────────┤
 | 0x0000000000001c45 | 0 0 0 0 0 0 0 0 0 0 0 0 0 0 0 0 0 1 1 1 1 1 1 1 1 1 1 1 1 1 1 1  |
 └────────────────────┴──────────────────────────────────────────────────────────────────┘
Prefetch buffer end
Filter by PPT: 0
cpu0_L2C
Num Con Filled: 0
Num Con Useful: 0 Useless:0 Accuracy: nan
LLC
