41 41 41
Available num physical pages: 35184372088576
WARNING: physical memory size is smaller than virtual memory size

*** ChampSim Multicore Out-of-Order Simulator ***

Warmup Instructions: 5000000
Simulation Instructions: 200000000
Number of CPUs: 1
Page size: 4096

Basic BTB sets: 1024 ways: 8 indirect buffer size: 4096 RAS size: 64
cpu0_L1D PMP prefetcher
Off-chip DRAM Size: 4 GiB Channels: 1 Width: 64-bit Data Rate: 3200 MT/s
Max paddr 16M
Warmup finished CPU 0 instructions: 5000000 cycles: 1278624 cumulative IPC: 3.91046 (Simulation time: 0 hr 2 min 32 sec) 

Warmup complete CPU 0 instructions: 5000000 cycles: 1278624 (Simulation time: 0 hr 2 min 32 sec) 

Heartbeat CPU 0 instructions: 10000000 cycles: 9680409 heartbeat IPC: 1.03302 cumulative IPC: 0.595112 (Simulation time: 0 hr 9 min 40 sec) 
Heartbeat CPU 0 instructions: 20000000 cycles: 31912387 heartbeat IPC: 0.449803 cumulative IPC: 0.489656 (Simulation time: 0 hr 28 min 29 sec) 
Heartbeat CPU 0 instructions: 30000001 cycles: 53417703 heartbeat IPC: 0.465002 cumulative IPC: 0.479487 (Simulation time: 0 hr 46 min 25 sec) 
Heartbeat CPU 0 instructions: 40000001 cycles: 73407581 heartbeat IPC: 0.500254 cumulative IPC: 0.485243 (Simulation time: 1 hr 2 min 55 sec) 
Heartbeat CPU 0 instructions: 50000000 cycles: 94550409 heartbeat IPC: 0.472974 cumulative IPC: 0.482462 (Simulation time: 1 hr 20 min 35 sec) 
Heartbeat CPU 0 instructions: 60000000 cycles: 114233195 heartbeat IPC: 0.508059 cumulative IPC: 0.486922 (Simulation time: 1 hr 37 min 27 sec) 
Heartbeat CPU 0 instructions: 70000001 cycles: 142693429 heartbeat IPC: 0.351368 cumulative IPC: 0.459641 (Simulation time: 1 hr 57 min 44 sec) 
Heartbeat CPU 0 instructions: 80000000 cycles: 155088383 heartbeat IPC: 0.80678 cumulative IPC: 0.487616 (Simulation time: 2 hr 9 min 16 sec) 
Heartbeat CPU 0 instructions: 90000001 cycles: 176227017 heartbeat IPC: 0.473068 cumulative IPC: 0.485858 (Simulation time: 2 hr 20 min 15 sec) 
Heartbeat CPU 0 instructions: 100000002 cycles: 199810427 heartbeat IPC: 0.424027 cumulative IPC: 0.478513 (Simulation time: 2 hr 29 min 37 sec) 
Heartbeat CPU 0 instructions: 110000000 cycles: 219835986 heartbeat IPC: 0.499362 cumulative IPC: 0.480424 (Simulation time: 2 hr 36 min 24 sec) 
Heartbeat CPU 0 instructions: 120000004 cycles: 240056594 heartbeat IPC: 0.494546 cumulative IPC: 0.481619 (Simulation time: 2 hr 42 min 39 sec) 
Heartbeat CPU 0 instructions: 130000003 cycles: 260781965 heartbeat IPC: 0.482501 cumulative IPC: 0.48169 (Simulation time: 2 hr 48 min 25 sec) 
Heartbeat CPU 0 instructions: 140000001 cycles: 280575647 heartbeat IPC: 0.505212 cumulative IPC: 0.483357 (Simulation time: 2 hr 53 min 35 sec) 
Heartbeat CPU 0 instructions: 150000000 cycles: 300152794 heartbeat IPC: 0.5108 cumulative IPC: 0.485155 (Simulation time: 2 hr 58 min 27 sec) 
Heartbeat CPU 0 instructions: 160000001 cycles: 319874125 heartbeat IPC: 0.507066 cumulative IPC: 0.486511 (Simulation time: 3 hr 3 min 6 sec) 
Heartbeat CPU 0 instructions: 170000000 cycles: 344185823 heartbeat IPC: 0.411325 cumulative IPC: 0.48118 (Simulation time: 3 hr 7 min 0 sec) 
Heartbeat CPU 0 instructions: 180000001 cycles: 366211384 heartbeat IPC: 0.454018 cumulative IPC: 0.479541 (Simulation time: 3 hr 10 min 17 sec) 
Heartbeat CPU 0 instructions: 190000001 cycles: 385933190 heartbeat IPC: 0.507053 cumulative IPC: 0.480952 (Simulation time: 3 hr 13 min 9 sec) 
Heartbeat CPU 0 instructions: 200000003 cycles: 407162042 heartbeat IPC: 0.471058 cumulative IPC: 0.480434 (Simulation time: 3 hr 15 min 43 sec) 
Max paddr 52M
Simulation finished CPU 0 instructions: 200000001 cycles: 415040974 cumulative IPC: 0.481881 (Simulation time: 3 hr 16 min 55 sec) 

Simulation complete CPU 0 instructions: 200000001 cycles: 415040974 (Simulation time: 3 hr 16 min 55 sec) 


ChampSim completed all CPUs

[
  {
    "name": "Simulation",
    "traces": [
      "../traces/450.soplex-92B.champsimtrace.xz"
    ],
    "roi": {
      "cores": [
        {
          "instructions": 200000001,
          "cycles": 415040974,
          "Avg ROB occupancy at mispredict": 12.4969, 
          "mispredict": {
            "BRANCH_DIRECT_JUMP": 142,
            "BRANCH_INDIRECT": 8,
            "BRANCH_CONDITIONAL": 7446323,
            "BRANCH_DIRECT_CALL": 113,
            "BRANCH_INDIRECT_CALL": 34,
            "BRANCH_RETURN": 268
          }
        }
      ],
      "cpu0_L1I": {
        "LOAD": {
          "hit":26988,
          "miss":2291
        },
        "RFO": {
          "hit":0,
          "miss":0
        },
        "PREFETCH": {
          "hit":0,
          "miss":0
        },
        "WRITE": {
          "hit":0,
          "miss":0
        },
        "TRANSLATION": {
          "hit":0,
          "miss":0
        },
        "mshr full": 357,
        "prefetch requested": 0,
        "prefetch issued": 0,
        "prefetch filled": 0,
        "prefetch useful": 0,
        "prefetch useless": 0,
        "prefetch late": 0,
        "pf_useful_at_l2_from_l1":          0,
        "pf_late_at_l2_from_l1":          0,
        "pf_useless_at_l2_from_l1":          0,
        "pf_at_l2_to_l1":          0,
        "pf_fill_this_level":          0,
        "miss latency": 15.3794,
        "cache queues": {
          "PQ_ACCESS": 0,
          "PQ_FULL": 0,
          "PQ_TO_CACHE": 0,
          "PQ_MERGED": 0,
          "RQ_ACCESS": 29387,
          "RQ_MERGED": 108,
          "RQ_FULL": 0,
          "WQ_ACCESS": 0,
          "WQ_MERGED": 0,
          "WQ_FULL": 0
        }
      },
      "cpu0_ITLB": {
        "LOAD": {
          "hit":24263,
          "miss":46
        },
        "RFO": {
          "hit":0,
          "miss":0
        },
        "PREFETCH": {
          "hit":0,
          "miss":0
        },
        "WRITE": {
          "hit":0,
          "miss":0
        },
        "TRANSLATION": {
          "hit":0,
          "miss":0
        },
        "mshr full": 0,
        "prefetch requested": 0,
        "prefetch issued": 0,
        "prefetch filled": 0,
        "prefetch useful": 0,
        "prefetch useless": 0,
        "prefetch late": 0,
        "pf_useful_at_l2_from_l1":          0,
        "pf_late_at_l2_from_l1":          0,
        "pf_useless_at_l2_from_l1":          0,
        "pf_at_l2_to_l1":          0,
        "pf_fill_this_level":          0,
        "miss latency": 14.1223,
        "cache queues": {
          "PQ_ACCESS": 0,
          "PQ_FULL": 0,
          "PQ_TO_CACHE": 0,
          "PQ_MERGED": 0,
          "RQ_ACCESS": 24309,
          "RQ_MERGED": 0,
          "RQ_FULL": 0,
          "WQ_ACCESS": 0,
          "WQ_MERGED": 0,
          "WQ_FULL": 0
        }
      },
      "cpu0_DTLB": {
        "LOAD": {
          "hit":67045961,
          "miss":2730871
        },
        "RFO": {
          "hit":0,
          "miss":0
        },
        "PREFETCH": {
          "hit":0,
          "miss":0
        },
        "WRITE": {
          "hit":0,
          "miss":0
        },
        "TRANSLATION": {
          "hit":0,
          "miss":0
        },
        "mshr full": 14470,
        "prefetch requested": 0,
        "prefetch issued": 0,
        "prefetch filled": 0,
        "prefetch useful": 0,
        "prefetch useless": 0,
        "prefetch late": 0,
        "pf_useful_at_l2_from_l1":          0,
        "pf_late_at_l2_from_l1":          0,
        "pf_useless_at_l2_from_l1":          0,
        "pf_at_l2_to_l1":          0,
        "pf_fill_this_level":          0,
        "miss latency": 1.04053,
        "cache queues": {
          "PQ_ACCESS": 0,
          "PQ_FULL": 0,
          "PQ_TO_CACHE": 0,
          "PQ_MERGED": 0,
          "RQ_ACCESS": 70678767,
          "RQ_MERGED": 0,
          "RQ_FULL": 901935,
          "WQ_ACCESS": 0,
          "WQ_MERGED": 0,
          "WQ_FULL": 0
        }
      },
      "cpu0_STLB": {
        "LOAD": {
          "hit":941230,
          "miss":171821
        },
        "RFO": {
          "hit":0,
          "miss":0
        },
        "PREFETCH": {
          "hit":0,
          "miss":0
        },
        "WRITE": {
          "hit":0,
          "miss":0
        },
        "TRANSLATION": {
          "hit":0,
          "miss":0
        },
        "mshr full": 0,
        "prefetch requested": 0,
        "prefetch issued": 0,
        "prefetch filled": 0,
        "prefetch useful": 0,
        "prefetch useless": 0,
        "prefetch late": 0,
        "pf_useful_at_l2_from_l1":          0,
        "pf_late_at_l2_from_l1":          0,
        "pf_useless_at_l2_from_l1":          0,
        "pf_at_l2_to_l1":          0,
        "pf_fill_this_level":          0,
        "miss latency": 13.2046,
        "cache queues": {
          "PQ_ACCESS": 0,
          "PQ_FULL": 0,
          "PQ_TO_CACHE": 0,
          "PQ_MERGED": 0,
          "RQ_ACCESS": 1113051,
          "RQ_MERGED": 0,
          "RQ_FULL": 0,
          "WQ_ACCESS": 0,
          "WQ_MERGED": 0,
          "WQ_FULL": 0
        }
      },
      "cpu0_L1D": {
        "LOAD": {
          "hit":45436706,
          "miss":9459709
        },
        "RFO": {
          "hit":0,
          "miss":0
        },
        "PREFETCH": {
          "hit":690951,
          "miss":7486731
        },
        "WRITE": {
          "hit":9865733,
          "miss":5370710
        },
        "TRANSLATION": {
          "hit":50692,
          "miss":120625
        },
        "mshr full": 98798573,
        "prefetch requested": 8178273,
        "prefetch issued": 8178273,
        "prefetch filled": 1737743,
        "prefetch useful": 1376881,
        "prefetch useless": 484042,
        "prefetch late": 123017,
        "pf_useful_at_l2_from_l1":          0,
        "pf_late_at_l2_from_l1":          0,
        "pf_useless_at_l2_from_l1":          0,
        "pf_at_l2_to_l1":         30,
        "pf_fill_this_level":    1737662,
        "miss latency": 12.3704,
        "cache queues": {
          "PQ_ACCESS": 8178273,
          "PQ_FULL": 0,
          "PQ_TO_CACHE": 8178273,
          "PQ_MERGED": 593,
          "RQ_ACCESS": 511649784,
          "RQ_MERGED": 38566,
          "RQ_FULL": 456714799,
          "WQ_ACCESS": 27483708,
          "WQ_MERGED": 367,
          "WQ_FULL": 12246896
        }
      },
      "cpu0_L2C": {
        "LOAD": {
          "hit":2151067,
          "miss":2702353
        },
        "RFO": {
          "hit":135750,
          "miss":1146496
        },
        "PREFETCH": {
          "hit":2261417,
          "miss":5011035
        },
        "WRITE": {
          "hit":3006821,
          "miss":0
        },
        "TRANSLATION": {
          "hit":45156,
          "miss":75469
        },
        "mshr full": 4830442,
        "prefetch requested": 0,
        "prefetch issued": 0,
        "prefetch filled": 4860452,
        "prefetch useful": 0,
        "prefetch useless": 0,
        "prefetch late": 0,
        "pf_useful_at_l2_from_l1":    1145676,
        "pf_late_at_l2_from_l1":     129623,
        "pf_useless_at_l2_from_l1":    2144769,
        "pf_at_l2_to_l1":      51224,
        "pf_fill_this_level":    3212176,
        "miss latency": 49.2979,
        "cache queues": {
          "PQ_ACCESS": 7406295,
          "PQ_FULL": 133478,
          "PQ_TO_CACHE": 7272817,
          "PQ_MERGED": 219,
          "RQ_ACCESS": 6256761,
          "RQ_MERGED": 0,
          "RQ_FULL": 0,
          "WQ_ACCESS": 3009314,
          "WQ_MERGED": 0,
          "WQ_FULL": 0
        }
      },
      "LLC": {
        "LOAD": {
          "hit": [746311],
          "miss": [1826435]
        },
        "RFO": {
          "hit": [222610],
          "miss": [923834]
        },
        "PREFETCH": {
          "hit": [1263290],
          "miss": [3726780]
        },
        "WRITE": {
          "hit": [2213040],
          "miss": [0]
        },
        "TRANSLATION": {
          "hit": [30172],
          "miss": [45297]
        },
        "mshr full": 0,
        "prefetch requested": 0,
        "prefetch issued": 0,
        "prefetch filled": 3726770,
        "prefetch useful": 0,
        "prefetch useless": 0,
        "prefetch late": 0,
        "pf_useful_at_l2_from_l1":          0,
        "pf_late_at_l2_from_l1":          0,
        "pf_useless_at_l2_from_l1":          0,
        "pf_at_l2_to_l1":     106962,
        "pf_fill_this_level":          0,
        "miss latency": 66.4232,
        "cache queues": {
          "PQ_ACCESS": 4990084,
          "PQ_FULL": 0,
          "PQ_TO_CACHE": 4990084,
          "PQ_MERGED": 0,
          "RQ_ACCESS": 3794695,
          "RQ_MERGED": 0,
          "RQ_FULL": 0,
          "WQ_ACCESS": 2213733,
          "WQ_MERGED": 0,
          "WQ_FULL": 0
        }
      },
      "DRAM": [
        {
          "RQ ROW_BUFFER_HIT": 2825319,
          "RQ ROW_BUFFER_MISS": 3693132,
          "PQ FULL": 0,
          "WQ ROW_BUFFER_HIT": 93190,
          "WQ ROW_BUFFER_MISS": 1270209,
          "WQ FULL": 0,
          "AVG DBUS CONGESTED CYCLE": 3.96278
        }
      ]

    },
    "sim": {
      "cores": [
        {
          "instructions": 200000001,
          "cycles": 415040974,
          "Avg ROB occupancy at mispredict": 12.4969, 
          "mispredict": {
            "BRANCH_DIRECT_JUMP": 142,
            "BRANCH_INDIRECT": 8,
            "BRANCH_CONDITIONAL": 7446323,
            "BRANCH_DIRECT_CALL": 113,
            "BRANCH_INDIRECT_CALL": 34,
            "BRANCH_RETURN": 268
          }
        }
      ],
      "cpu0_L1I": {
        "LOAD": {
          "hit":26988,
          "miss":2291
        },
        "RFO": {
          "hit":0,
          "miss":0
        },
        "PREFETCH": {
          "hit":0,
          "miss":0
        },
        "WRITE": {
          "hit":0,
          "miss":0
        },
        "TRANSLATION": {
          "hit":0,
          "miss":0
        },
        "mshr full": 357,
        "prefetch requested": 0,
        "prefetch issued": 0,
        "prefetch filled": 0,
        "prefetch useful": 0,
        "prefetch useless": 0,
        "prefetch late": 0,
        "pf_useful_at_l2_from_l1":          0,
        "pf_late_at_l2_from_l1":          0,
        "pf_useless_at_l2_from_l1":          0,
        "pf_at_l2_to_l1":          0,
        "pf_fill_this_level":          0,
        "miss latency": 15.3794,
        "cache queues": {
          "PQ_ACCESS": 0,
          "PQ_FULL": 0,
          "PQ_TO_CACHE": 0,
          "PQ_MERGED": 0,
          "RQ_ACCESS": 29387,
          "RQ_MERGED": 108,
          "RQ_FULL": 0,
          "WQ_ACCESS": 0,
          "WQ_MERGED": 0,
          "WQ_FULL": 0
        }
      },
      "cpu0_ITLB": {
        "LOAD": {
          "hit":24263,
          "miss":46
        },
        "RFO": {
          "hit":0,
          "miss":0
        },
        "PREFETCH": {
          "hit":0,
          "miss":0
        },
        "WRITE": {
          "hit":0,
          "miss":0
        },
        "TRANSLATION": {
          "hit":0,
          "miss":0
        },
        "mshr full": 0,
        "prefetch requested": 0,
        "prefetch issued": 0,
        "prefetch filled": 0,
        "prefetch useful": 0,
        "prefetch useless": 0,
        "prefetch late": 0,
        "pf_useful_at_l2_from_l1":          0,
        "pf_late_at_l2_from_l1":          0,
        "pf_useless_at_l2_from_l1":          0,
        "pf_at_l2_to_l1":          0,
        "pf_fill_this_level":          0,
        "miss latency": 14.1223,
        "cache queues": {
          "PQ_ACCESS": 0,
          "PQ_FULL": 0,
          "PQ_TO_CACHE": 0,
          "PQ_MERGED": 0,
          "RQ_ACCESS": 24309,
          "RQ_MERGED": 0,
          "RQ_FULL": 0,
          "WQ_ACCESS": 0,
          "WQ_MERGED": 0,
          "WQ_FULL": 0
        }
      },
      "cpu0_DTLB": {
        "LOAD": {
          "hit":67045961,
          "miss":2730871
        },
        "RFO": {
          "hit":0,
          "miss":0
        },
        "PREFETCH": {
          "hit":0,
          "miss":0
        },
        "WRITE": {
          "hit":0,
          "miss":0
        },
        "TRANSLATION": {
          "hit":0,
          "miss":0
        },
        "mshr full": 14470,
        "prefetch requested": 0,
        "prefetch issued": 0,
        "prefetch filled": 0,
        "prefetch useful": 0,
        "prefetch useless": 0,
        "prefetch late": 0,
        "pf_useful_at_l2_from_l1":          0,
        "pf_late_at_l2_from_l1":          0,
        "pf_useless_at_l2_from_l1":          0,
        "pf_at_l2_to_l1":          0,
        "pf_fill_this_level":          0,
        "miss latency": 1.04053,
        "cache queues": {
          "PQ_ACCESS": 0,
          "PQ_FULL": 0,
          "PQ_TO_CACHE": 0,
          "PQ_MERGED": 0,
          "RQ_ACCESS": 70678767,
          "RQ_MERGED": 0,
          "RQ_FULL": 901935,
          "WQ_ACCESS": 0,
          "WQ_MERGED": 0,
          "WQ_FULL": 0
        }
      },
      "cpu0_STLB": {
        "LOAD": {
          "hit":941230,
          "miss":171821
        },
        "RFO": {
          "hit":0,
          "miss":0
        },
        "PREFETCH": {
          "hit":0,
          "miss":0
        },
        "WRITE": {
          "hit":0,
          "miss":0
        },
        "TRANSLATION": {
          "hit":0,
          "miss":0
        },
        "mshr full": 0,
        "prefetch requested": 0,
        "prefetch issued": 0,
        "prefetch filled": 0,
        "prefetch useful": 0,
        "prefetch useless": 0,
        "prefetch late": 0,
        "pf_useful_at_l2_from_l1":          0,
        "pf_late_at_l2_from_l1":          0,
        "pf_useless_at_l2_from_l1":          0,
        "pf_at_l2_to_l1":          0,
        "pf_fill_this_level":          0,
        "miss latency": 13.2046,
        "cache queues": {
          "PQ_ACCESS": 0,
          "PQ_FULL": 0,
          "PQ_TO_CACHE": 0,
          "PQ_MERGED": 0,
          "RQ_ACCESS": 1113051,
          "RQ_MERGED": 0,
          "RQ_FULL": 0,
          "WQ_ACCESS": 0,
          "WQ_MERGED": 0,
          "WQ_FULL": 0
        }
      },
      "cpu0_L1D": {
        "LOAD": {
          "hit":45436706,
          "miss":9459709
        },
        "RFO": {
          "hit":0,
          "miss":0
        },
        "PREFETCH": {
          "hit":690951,
          "miss":7486731
        },
        "WRITE": {
          "hit":9865733,
          "miss":5370710
        },
        "TRANSLATION": {
          "hit":50692,
          "miss":120625
        },
        "mshr full": 98798573,
        "prefetch requested": 8178273,
        "prefetch issued": 8178273,
        "prefetch filled": 1737743,
        "prefetch useful": 1376881,
        "prefetch useless": 484042,
        "prefetch late": 123017,
        "pf_useful_at_l2_from_l1":          0,
        "pf_late_at_l2_from_l1":          0,
        "pf_useless_at_l2_from_l1":          0,
        "pf_at_l2_to_l1":         30,
        "pf_fill_this_level":    1737662,
        "miss latency": 12.3704,
        "cache queues": {
          "PQ_ACCESS": 8178273,
          "PQ_FULL": 0,
          "PQ_TO_CACHE": 8178273,
          "PQ_MERGED": 593,
          "RQ_ACCESS": 511649784,
          "RQ_MERGED": 38566,
          "RQ_FULL": 456714799,
          "WQ_ACCESS": 27483708,
          "WQ_MERGED": 367,
          "WQ_FULL": 12246896
        }
      },
      "cpu0_L2C": {
        "LOAD": {
          "hit":2151067,
          "miss":2702353
        },
        "RFO": {
          "hit":135750,
          "miss":1146496
        },
        "PREFETCH": {
          "hit":2261417,
          "miss":5011035
        },
        "WRITE": {
          "hit":3006821,
          "miss":0
        },
        "TRANSLATION": {
          "hit":45156,
          "miss":75469
        },
        "mshr full": 4830442,
        "prefetch requested": 0,
        "prefetch issued": 0,
        "prefetch filled": 4860452,
        "prefetch useful": 0,
        "prefetch useless": 0,
        "prefetch late": 0,
        "pf_useful_at_l2_from_l1":    1145676,
        "pf_late_at_l2_from_l1":     129623,
        "pf_useless_at_l2_from_l1":    2144769,
        "pf_at_l2_to_l1":      51224,
        "pf_fill_this_level":    3212176,
        "miss latency": 49.2979,
        "cache queues": {
          "PQ_ACCESS": 7406295,
          "PQ_FULL": 133478,
          "PQ_TO_CACHE": 7272817,
          "PQ_MERGED": 219,
          "RQ_ACCESS": 6256761,
          "RQ_MERGED": 0,
          "RQ_FULL": 0,
          "WQ_ACCESS": 3009314,
          "WQ_MERGED": 0,
          "WQ_FULL": 0
        }
      },
      "LLC": {
        "LOAD": {
          "hit": [746311],
          "miss": [1826435]
        },
        "RFO": {
          "hit": [222610],
          "miss": [923834]
        },
        "PREFETCH": {
          "hit": [1263290],
          "miss": [3726780]
        },
        "WRITE": {
          "hit": [2213040],
          "miss": [0]
        },
        "TRANSLATION": {
          "hit": [30172],
          "miss": [45297]
        },
        "mshr full": 0,
        "prefetch requested": 0,
        "prefetch issued": 0,
        "prefetch filled": 3726770,
        "prefetch useful": 0,
        "prefetch useless": 0,
        "prefetch late": 0,
        "pf_useful_at_l2_from_l1":          0,
        "pf_late_at_l2_from_l1":          0,
        "pf_useless_at_l2_from_l1":          0,
        "pf_at_l2_to_l1":     106962,
        "pf_fill_this_level":          0,
        "miss latency": 66.4232,
        "cache queues": {
          "PQ_ACCESS": 4990084,
          "PQ_FULL": 0,
          "PQ_TO_CACHE": 4990084,
          "PQ_MERGED": 0,
          "RQ_ACCESS": 3794695,
          "RQ_MERGED": 0,
          "RQ_FULL": 0,
          "WQ_ACCESS": 2213733,
          "WQ_MERGED": 0,
          "WQ_FULL": 0
        }
      },
      "DRAM": [
        {
          "RQ ROW_BUFFER_HIT": 2825319,
          "RQ ROW_BUFFER_MISS": 3693132,
          "PQ FULL": 0,
          "WQ ROW_BUFFER_HIT": 93190,
          "WQ ROW_BUFFER_MISS": 1270209,
          "WQ FULL": 0,
          "AVG DBUS CONGESTED CYCLE": 3.96278
        }
      ]

    }
  }
]
cpu0_ITLB
cpu0_DTLB
cpu0_STLB
Prefetch Request to L1: 1993974, Prefetch Request to L2: 6184299
Invalid by Eviction: 356584
Invalid by Max: 535707
Filter table begin
 ┌────────────────────┬─────────────┐
 | Region             | Offset      |
 ├────────────────────┼─────────────┤
 | 0x00000000000015dd | 31          |
 ├────────────────────┼─────────────┤
 | 0x0000000000000219 | 10          |
 ├────────────────────┼─────────────┤
 | 0x0000000000001509 | 1           |
 ├────────────────────┼─────────────┤
 | 0x00000000000015d1 | 0           |
 ├────────────────────┼─────────────┤
 | 0x0000000000000dc6 | 21          |
 ├────────────────────┼─────────────┤
 | 0x0000000000000d60 | 31          |
 └────────────────────┴─────────────┘
Filter table end
Accumulation table begin
 ┌────────────────────┬─────────────┬─────────────┬──────────────────────────────────────────────────────────────────┐
 | Region             | Offset      | Second      | Pattern                                                          |
 ├────────────────────┼─────────────┼─────────────┼──────────────────────────────────────────────────────────────────┤
 | 0x0000000000000db0 | 18          | 2           | 0 0 1 0 1 0 1 0 0 0 1 0 0 0 1 1 0 0 1 0 0 0 0 0 0 0 1 0 0 0 0 0  |
 ├────────────────────┼─────────────┼─────────────┼──────────────────────────────────────────────────────────────────┤
 | 0x0000000000000da1 | 13          | 15          | 0 0 0 0 0 0 0 0 0 0 0 0 0 1 0 1 1 1 0 1 1 1 0 1 1 0 1 1 0 0 0 0  |
 ├────────────────────┼─────────────┼─────────────┼──────────────────────────────────────────────────────────────────┤
 | 0x00000000000015da | 0           | 1           | 1 1 1 1 1 1 1 1 1 1 1 1 1 1 1 1 1 1 1 1 1 1 0 0 0 0 0 0 0 0 0 0  |
 ├────────────────────┼─────────────┼─────────────┼──────────────────────────────────────────────────────────────────┤
 | 0x0000000000000da2 | 13          | 25          | 0 0 0 0 0 0 0 0 0 0 0 0 0 1 1 0 1 1 1 0 1 1 1 0 0 1 0 1 1 1 0 1  |
 ├────────────────────┼─────────────┼─────────────┼──────────────────────────────────────────────────────────────────┤
 | 0x00000000000015d9 | 22          | 23          | 0 0 0 0 0 0 0 0 0 0 0 0 0 0 0 0 0 0 0 0 0 0 1 1 1 1 0 0 0 0 0 0  |
 ├────────────────────┼─────────────┼─────────────┼──────────────────────────────────────────────────────────────────┤
 | 0x0000000000001513 | 19          | 20          | 0 0 0 0 0 0 0 0 0 0 0 0 0 0 0 0 0 0 0 1 1 1 0 0 0 0 0 0 0 0 0 0  |
 ├────────────────────┼─────────────┼─────────────┼──────────────────────────────────────────────────────────────────┤
 | 0x0000000000000225 | 0           | 1           | 1 1 1 1 1 0 0 0 0 0 0 0 0 0 0 0 0 0 0 0 0 0 0 0 0 0 0 0 0 0 0 0  |
 ├────────────────────┼─────────────┼─────────────┼──────────────────────────────────────────────────────────────────┤
 | 0x00000000000015e3 | 31          | 29          | 1 1 1 1 1 1 1 1 1 1 1 1 1 1 1 1 1 1 1 1 1 1 1 1 1 1 1 1 1 1 1 1  |
 ├────────────────────┼─────────────┼─────────────┼──────────────────────────────────────────────────────────────────┤
 | 0x0000000000000da4 | 0           | 1           | 1 1 1 0 1 1 0 1 1 1 0 1 1 1 0 1 0 0 0 0 0 0 0 0 0 0 0 0 0 0 0 0  |
 ├────────────────────┼─────────────┼─────────────┼──────────────────────────────────────────────────────────────────┤
 | 0x0000000000000dae | 22          | 24          | 0 0 0 0 0 0 0 0 0 0 0 0 0 0 1 1 0 1 1 0 0 0 1 0 1 1 1 0 1 1 0 1  |
 ├────────────────────┼─────────────┼─────────────┼──────────────────────────────────────────────────────────────────┤
 | 0x0000000000000d7f | 0           | 2           | 1 0 1 1 1 0 1 1 1 1 0 1 1 1 1 0 1 1 1 1 0 1 1 1 1 1 0 0 0 0 0 0  |
 ├────────────────────┼─────────────┼─────────────┼──────────────────────────────────────────────────────────────────┤
 | 0x0000000000000da7 | 21          | 23          | 0 0 0 0 0 0 0 0 0 0 0 0 0 0 0 0 0 0 0 0 0 1 0 1 1 1 0 1 1 1 0 1  |
 ├────────────────────┼─────────────┼─────────────┼──────────────────────────────────────────────────────────────────┤
 | 0x0000000000000da8 | 30          | 29          | 0 0 0 0 0 0 0 0 0 0 0 0 0 0 0 1 0 1 1 1 0 1 1 0 1 0 0 0 0 1 1 0  |
 ├────────────────────┼─────────────┼─────────────┼──────────────────────────────────────────────────────────────────┤
 | 0x0000000000000d73 | 0           | 1           | 1 1 1 1 1 1 1 1 1 1 1 1 1 1 1 1 1 1 1 1 1 1 1 1 1 1 1 1 1 1 1 1  |
 ├────────────────────┼─────────────┼─────────────┼──────────────────────────────────────────────────────────────────┤
 | 0x00000000000015d4 | 18          | 19          | 1 1 1 1 1 1 1 1 1 1 1 1 1 1 1 1 1 1 1 1 1 1 1 1 1 1 1 1 1 1 1 1  |
 ├────────────────────┼─────────────┼─────────────┼──────────────────────────────────────────────────────────────────┤
 | 0x0000000000000221 | 20          | 21          | 0 0 0 0 0 0 0 0 0 0 0 0 0 0 0 0 0 0 0 0 1 1 1 0 0 0 0 0 0 0 0 0  |
 ├────────────────────┼─────────────┼─────────────┼──────────────────────────────────────────────────────────────────┤
 | 0x0000000000000d7e | 23          | 25          | 1 1 1 1 1 1 1 1 1 1 1 1 1 1 1 0 0 0 0 0 0 0 0 1 0 1 1 1 0 1 1 1  |
 ├────────────────────┼─────────────┼─────────────┼──────────────────────────────────────────────────────────────────┤
 | 0x0000000000000da6 | 13          | 15          | 0 0 0 0 0 1 1 0 0 0 0 0 0 1 0 1 1 1 0 1 1 0 1 1 1 0 1 1 1 0 0 0  |
 ├────────────────────┼─────────────┼─────────────┼──────────────────────────────────────────────────────────────────┤
 | 0x0000000000000db1 | 7           | 10          | 1 1 0 0 0 0 0 1 1 0 1 1 1 0 0 1 1 0 0 1 0 1 1 0 1 1 1 0 1 1 1 0  |
 ├────────────────────┼─────────────┼─────────────┼──────────────────────────────────────────────────────────────────┤
 | 0x0000000000000dac | 0           | 2           | 1 0 1 1 0 1 0 1 1 0 1 1 0 1 0 1 1 0 1 0 1 0 1 1 0 1 1 0 1 1 0 0  |
 ├────────────────────┼─────────────┼─────────────┼──────────────────────────────────────────────────────────────────┤
 | 0x0000000000000d72 | 0           | 3           | 1 0 1 1 1 0 1 1 1 0 1 1 0 1 1 1 0 1 1 1 0 1 1 0 1 1 1 0 1 1 1 1  |
 ├────────────────────┼─────────────┼─────────────┼──────────────────────────────────────────────────────────────────┤
 | 0x00000000000015e1 | 6           | 7           | 0 0 0 0 0 0 1 1 1 0 0 0 0 0 0 0 0 0 0 0 0 0 0 0 0 0 0 0 0 0 0 0  |
 ├────────────────────┼─────────────┼─────────────┼──────────────────────────────────────────────────────────────────┤
 | 0x0000000000000da9 | 0           | 2           | 1 0 1 1 0 1 0 1 1 0 1 1 0 1 0 1 1 0 1 0 1 1 0 1 1 0 1 0 1 1 0 1  |
 ├────────────────────┼─────────────┼─────────────┼──────────────────────────────────────────────────────────────────┤
 | 0x0000000000000da5 | 9           | 10          | 0 0 0 0 0 0 0 0 0 1 1 0 1 1 1 0 1 1 0 1 1 1 0 1 0 0 0 0 0 0 0 0  |
 ├────────────────────┼─────────────┼─────────────┼──────────────────────────────────────────────────────────────────┤
 | 0x00000000000015bd | 1           | 2           | 0 1 1 1 1 1 1 1 1 1 1 1 1 0 0 0 0 0 0 0 0 0 0 0 0 0 0 0 0 0 0 0  |
 ├────────────────────┼─────────────┼─────────────┼──────────────────────────────────────────────────────────────────┤
 | 0x0000000000000da3 | 26          | 28          | 1 1 0 1 1 0 1 1 0 0 0 0 0 0 0 0 0 0 0 0 0 0 0 0 0 0 1 0 1 1 1 0  |
 ├────────────────────┼─────────────┼─────────────┼──────────────────────────────────────────────────────────────────┤
 | 0x0000000000000da0 | 18          | 19          | 1 1 0 1 0 0 0 0 0 0 0 0 0 0 0 0 0 0 1 1 1 0 1 1 0 1 1 1 0 1 0 0  |
 ├────────────────────┼─────────────┼─────────────┼──────────────────────────────────────────────────────────────────┤
 | 0x0000000000000daf | 0           | 1           | 1 1 0 1 1 1 0 1 1 0 1 1 1 0 0 0 0 0 0 0 0 0 0 0 0 0 0 0 0 0 0 0  |
 ├────────────────────┼─────────────┼─────────────┼──────────────────────────────────────────────────────────────────┤
 | 0x00000000000015de | 0           | 1           | 1 1 1 0 0 0 0 0 0 0 0 0 0 0 0 0 0 0 0 0 0 0 0 0 0 0 0 0 0 0 0 0  |
 ├────────────────────┼─────────────┼─────────────┼──────────────────────────────────────────────────────────────────┤
 | 0x00000000000015e2 | 29          | 30          | 0 0 0 0 0 0 0 0 0 0 0 0 0 0 1 0 1 1 1 1 1 1 1 1 1 1 1 1 1 1 1 1  |
 └────────────────────┴─────────────┴─────────────┴──────────────────────────────────────────────────────────────────┘
Accumulation table end
Offset pattern table begin
 ┌────────────────────┬─────────────┬───────────────────────────────────────────────────────────────────────────────────────────────┐
 | Key                | Second      | Pattern                                                                                       |
 ├────────────────────┼─────────────┼───────────────────────────────────────────────────────────────────────────────────────────────┤
 | 0x0000000000000000 | 1           | 21 17 13 13 13 11 11 10 12 10 8 12 10 7 7 8 7 8 6 6 7 5 7 6 7 5 7 6 7 4 6 5                   |
 ├────────────────────┼─────────────┼───────────────────────────────────────────────────────────────────────────────────────────────┤
 | 0x0000000000000001 | 0           | 28 18 12 14 13 15 11 13 15 10 13 12 11 11 13 15 8 14 13 12 10 11 14 12 9 12 12 13 10 13 10 4  |
 ├────────────────────┼─────────────┼───────────────────────────────────────────────────────────────────────────────────────────────┤
 | 0x0000000000000002 | 16          | 30 20 14 16 19 13 12 14 15 10 10 15 12 8 12 14 11 10 12 12 7 11 13 11 7 9 12 10 9 12 6 11     |
 ├────────────────────┼─────────────┼───────────────────────────────────────────────────────────────────────────────────────────────┤
 | 0x0000000000000003 | 10          | 31 18 15 16 20 18 12 10 12 10 8 9 8 7 6 7 7 6 7 6 10 8 10 6 10 9 10 7 9 10 7 7                |
 ├────────────────────┼─────────────┼───────────────────────────────────────────────────────────────────────────────────────────────┤
 | 0x0000000000000004 | 17          | 18 8 9 8 8 5 7 5 4 4 4 5 2 3 4 5 2 2 3 2 4 2 3 3 3 4 4 3 4 3 5 4                              |
 ├────────────────────┼─────────────┼───────────────────────────────────────────────────────────────────────────────────────────────┤
 | 0x0000000000000005 | 4           | 16 8 9 7 6 6 6 5 4 4 3 4 5 4 3 4 4 4 4 4 4 2 5 3 3 3 4 2 4 3 4 4                              |
 ├────────────────────┼─────────────┼───────────────────────────────────────────────────────────────────────────────────────────────┤
 | 0x0000000000000006 | 17          | 25 12 14 11 14 8 10 10 9 8 8 12 4 10 8 10 5 7 9 9 7 6 11 7 9 7 5 8 8 9 5 7                    |
 ├────────────────────┼─────────────┼───────────────────────────────────────────────────────────────────────────────────────────────┤
 | 0x0000000000000007 | 18          | 31 15 15 12 11 10 13 11 8 9 11 9 4 10 9 6 6 8 6 4 4 6 9 3 9 5 4 6 7 4 6 6                     |
 ├────────────────────┼─────────────┼───────────────────────────────────────────────────────────────────────────────────────────────┤
 | 0x0000000000000008 | 9           | 21 10 10 10 11 6 8 7 8 6 6 7 5 6 6 7 4 6 7 6 6 6 8 6 4 5 2 4 5 5 4 5                          |
 ├────────────────────┼─────────────┼───────────────────────────────────────────────────────────────────────────────────────────────┤
 | 0x0000000000000009 | 5           | 31 16 18 11 12 8 7 8 7 5 3 7 4 4 7 5 3 3 3 3 3 3 4 4 5 4 3 4 4 6 5 7                          |
 ├────────────────────┼─────────────┼───────────────────────────────────────────────────────────────────────────────────────────────┤
 | 0x000000000000000a | 22          | 23 12 12 13 9 9 5 6 7 5 5 8 5 5 6 6 5 5 6 6 5 4 3 2 2 5 4 3 4 5 4 4                           |
 ├────────────────────┼─────────────┼───────────────────────────────────────────────────────────────────────────────────────────────┤
 | 0x000000000000000b | 10          | 30 20 17 16 15 14 11 12 9 7 6 10 6 8 8 9 7 6 9 6 8 12 6 8 9 8 8 7 9 6 8 8                     |
 ├────────────────────┼─────────────┼───────────────────────────────────────────────────────────────────────────────────────────────┤
 | 0x000000000000000c | 6           | 22 8 7 10 7 9 5 8 6 4 8 7 5 5 6 6 6 6 7 6 3 5 2 5 5 3 2 3 4 3 3 4                             |
 ├────────────────────┼─────────────┼───────────────────────────────────────────────────────────────────────────────────────────────┤
 | 0x000000000000000d | 12          | 26 18 12 16 13 12 9 10 8 10 6 8 8 5 7 6 6 4 8 6 3 4 5 3 3 5 5 2 6 6 5 5                       |
 ├────────────────────┼─────────────┼───────────────────────────────────────────────────────────────────────────────────────────────┤
 | 0x000000000000000e | 13          | 28 12 13 10 12 10 9 10 9 6 6 11 6 6 6 8 4 6 5 4 5 6 4 6 4 5 4 4 7 6 5 6                       |
 ├────────────────────┼─────────────┼───────────────────────────────────────────────────────────────────────────────────────────────┤
 | 0x000000000000000f | 3           | 31 14 17 15 13 11 11 11 6 8 8 7 4 9 9 5 6 5 1 4 4 5 1 3 5 3 3 4 5 1 6 7                       |
 ├────────────────────┼─────────────┼───────────────────────────────────────────────────────────────────────────────────────────────┤
 | 0x0000000000000010 | 29          | 22 13 9 9 11 6 4 7 4 6 4 7 4 5 6 6 2 6 3 4 4 6 3 2 5 5 4 2 6 4 4 5                            |
 ├────────────────────┼─────────────┼───────────────────────────────────────────────────────────────────────────────────────────────┤
 | 0x0000000000000011 | 8           | 26 15 10 10 11 7 8 8 6 4 6 7 3 4 6 1 5 7 5 4 6 7 5 5 6 6 4 6 9 6 4 7                          |
 ├────────────────────┼─────────────┼───────────────────────────────────────────────────────────────────────────────────────────────┤
 | 0x0000000000000012 | 16          | 27 17 16 13 12 12 9 12 7 9 7 10 6 7 5 6 4 7 4 5 6 8 6 7 6 6 6 2 6 4 5 5                       |
 ├────────────────────┼─────────────┼───────────────────────────────────────────────────────────────────────────────────────────────┤
 | 0x0000000000000013 | 30          | 29 13 13 12 14 9 5 5 3 5 3 4 1 0 2 1 1 2 2 2 2 4 3 5 3 4 4 3 7 1 4 4                          |
 ├────────────────────┼─────────────┼───────────────────────────────────────────────────────────────────────────────────────────────┤
 | 0x0000000000000014 | 21          | 17 9 7 7 7 6 4 5 4 4 2 3 1 1 1 2 0 2 1 2 0 2 2 2 3 3 3 2 4 3 4 3                              |
 ├────────────────────┼─────────────┼───────────────────────────────────────────────────────────────────────────────────────────────┤
 | 0x0000000000000015 | 20          | 31 18 19 16 12 13 11 11 7 7 8 4 4 4 5 8 8 7 7 6 6 7 6 6 5 5 6 6 6 6 7 7                       |
 ├────────────────────┼─────────────┼───────────────────────────────────────────────────────────────────────────────────────────────┤
 | 0x0000000000000016 | 23          | 21 14 12 12 9 8 6 4 7 4 4 4 4 3 4 4 4 5 5 4 5 6 4 5 4 4 4 2 3 7 5 6                           |
 ├────────────────────┼─────────────┼───────────────────────────────────────────────────────────────────────────────────────────────┤
 | 0x0000000000000017 | 21          | 27 16 10 9 12 6 7 6 7 5 6 4 6 6 6 5 6 7 6 4 6 8 6 4 6 6 3 5 5 5 4 6                           |
 ├────────────────────┼─────────────┼───────────────────────────────────────────────────────────────────────────────────────────────┤
 | 0x0000000000000018 | 30          | 28 15 13 7 11 9 6 5 5 3 4 4 6 3 4 3 5 5 3 5 3 5 4 5 3 5 3 5 3 3 7 5                           |
 ├────────────────────┼─────────────┼───────────────────────────────────────────────────────────────────────────────────────────────┤
 | 0x0000000000000019 | 1           | 25 17 13 9 9 8 8 3 3 3 5 2 4 3 5 3 3 4 2 5 2 6 3 5 3 5 5 6 5 5 7 5                            |
 ├────────────────────┼─────────────┼───────────────────────────────────────────────────────────────────────────────────────────────┤
 | 0x000000000000001a | 22          | 16 11 8 9 9 5 5 3 3 3 4 3 2 3 4 2 2 5 3 3 3 4 3 2 4 4 2 2 4 3 3 4                             |
 ├────────────────────┼─────────────┼───────────────────────────────────────────────────────────────────────────────────────────────┤
 | 0x000000000000001b | 22          | 24 16 9 9 10 3 4 6 4 4 5 6 2 3 5 2 2 3 3 2 2 3 4 2 2 3 2 2 2 4 3 4                            |
 ├────────────────────┼─────────────┼───────────────────────────────────────────────────────────────────────────────────────────────┤
 | 0x000000000000001c | 27          | 31 20 14 10 8 6 9 8 8 4 10 9 7 5 9 7 5 9 8 7 4 8 8 9 5 8 6 6 9 10 9 4                         |
 ├────────────────────┼─────────────┼───────────────────────────────────────────────────────────────────────────────────────────────┤
 | 0x000000000000001d | 23          | 16 11 10 3 4 3 3 3 3 3 3 3 3 4 3 4 4 3 3 4 3 4 3 3 3 4 4 3 5 4 5 5                            |
 ├────────────────────┼─────────────┼───────────────────────────────────────────────────────────────────────────────────────────────┤
 | 0x000000000000001e | 27          | 18 12 6 5 5 6 6 5 6 6 5 3 5 5 3 5 5 5 5 6 6 6 4 7 7 5 6 6 6 5 6 8                             |
 ├────────────────────┼─────────────┼───────────────────────────────────────────────────────────────────────────────────────────────┤
 | 0x000000000000001f | 30          | 17 7 8 8 7 9 8 9 7 8 8 7 7 8 8 8 9 9 8 8 8 8 9 8 9 8 8 8 9 9 9 10                             |
 └────────────────────┴─────────────┴───────────────────────────────────────────────────────────────────────────────────────────────┘
Offset pattern table end
PC pattern table begin
 ┌────────────────────┬─────────────┬──────────────────────────────────────────────────┐
 | Key                | Second      | Pattern                                          |
 ├────────────────────┼─────────────┼──────────────────────────────────────────────────┤
 | 0x0000000000000000 | 12          | 17 12 13 13 14 13 14 13 13 14 12 12 12 12 12 11  |
 ├────────────────────┼─────────────┼──────────────────────────────────────────────────┤
 | 0x0000000000000001 | 28          | 28 7 11 12 10 10 11 8 11 12 10 11 10 13 12 13    |
 ├────────────────────┼─────────────┼──────────────────────────────────────────────────┤
 | 0x0000000000000002 | 3           | 29 20 13 9 7 8 5 3 3 3 1 1 2 3 7 14              |
 ├────────────────────┼─────────────┼──────────────────────────────────────────────────┤
 | 0x0000000000000003 | 7           | 17 8 8 5 5 5 6 6 6 5 6 5 6 5 6 8                 |
 ├────────────────────┼─────────────┼──────────────────────────────────────────────────┤
 | 0x0000000000000004 | 28          | 17 1 3 2 2 1 3 2 2 6 2 1 1 2 1 3                 |
 ├────────────────────┼─────────────┼──────────────────────────────────────────────────┤
 | 0x0000000000000005 | 16          | 29 24 14 11 10 8 8 7 8 6 3 4 4 4 4 4             |
 ├────────────────────┼─────────────┼──────────────────────────────────────────────────┤
 | 0x0000000000000006 | 5           | 31 10 5 6 12 8 8 9 8 8 11 9 5 7 7 6              |
 ├────────────────────┼─────────────┼──────────────────────────────────────────────────┤
 | 0x0000000000000007 | 28          | 27 21 21 20 20 20 17 19 17 16 14 15 14 12 12 8   |
 ├────────────────────┼─────────────┼──────────────────────────────────────────────────┤
 | 0x0000000000000008 | 4           | 23 3 5 0 2 2 2 4 2 5 3 1 4 2 3 4                 |
 ├────────────────────┼─────────────┼──────────────────────────────────────────────────┤
 | 0x0000000000000009 | 12          | 25 24 24 24 24 23 23 23 23 23 23 23 23 23 23 23  |
 ├────────────────────┼─────────────┼──────────────────────────────────────────────────┤
 | 0x000000000000000a | 10          | 27 23 9 4 2 0 0 0 0 0 0 0 0 0 0 0                |
 ├────────────────────┼─────────────┼──────────────────────────────────────────────────┤
 | 0x000000000000000b | 17          | 27 5 8 4 5 3 3 6 6 2 3 4 2 4 6 9                 |
 ├────────────────────┼─────────────┼──────────────────────────────────────────────────┤
 | 0x000000000000000c | 9           | 29 22 8 1 0 0 0 0 0 0 0 0 0 0 0 0                |
 ├────────────────────┼─────────────┼──────────────────────────────────────────────────┤
 | 0x000000000000000d | 0           | 23 5 5 2 5 4 6 6 4 5 4 4 3 6 3 2                 |
 ├────────────────────┼─────────────┼──────────────────────────────────────────────────┤
 | 0x000000000000000e | 21          | 27 24 18 16 11 7 5 5 5 8 8 8 7 6 5 8             |
 ├────────────────────┼─────────────┼──────────────────────────────────────────────────┤
 | 0x000000000000000f | 18          | 23 4 5 1 3 2 5 6 5 2 6 4 3 5 4 5                 |
 ├────────────────────┼─────────────┼──────────────────────────────────────────────────┤
 | 0x0000000000000010 | 16          | 23 16 16 15 12 13 12 12 10 11 10 10 10 9 8 9     |
 ├────────────────────┼─────────────┼──────────────────────────────────────────────────┤
 | 0x0000000000000011 | 10          | 26 15 14 15 15 16 15 17 16 17 18 17 16 19 15 16  |
 ├────────────────────┼─────────────┼──────────────────────────────────────────────────┤
 | 0x0000000000000012 | 29          | 31 9 8 8 9 7 10 10 4 8 6 5 8 6 3 2               |
 ├────────────────────┼─────────────┼──────────────────────────────────────────────────┤
 | 0x0000000000000013 | 8           | 19 4 0 1 2 0 0 2 0 1 0 0 1 1 1 0                 |
 ├────────────────────┼─────────────┼──────────────────────────────────────────────────┤
 | 0x0000000000000014 | 24          | 31 23 6 1 0 0 0 0 0 0 0 0 0 0 0 0                |
 ├────────────────────┼─────────────┼──────────────────────────────────────────────────┤
 | 0x0000000000000015 | 29          | 20 6 9 10 10 11 10 9 11 10 9 11 10 13 13 9       |
 ├────────────────────┼─────────────┼──────────────────────────────────────────────────┤
 | 0x0000000000000016 | 25          | 16 13 13 13 12 12 11 10 10 9 8 9 8 8 8 8         |
 ├────────────────────┼─────────────┼──────────────────────────────────────────────────┤
 | 0x0000000000000017 | 30          | 30 15 13 16 17 15 13 14 15 14 17 17 13 14 15 16  |
 ├────────────────────┼─────────────┼──────────────────────────────────────────────────┤
 | 0x0000000000000018 | 14          | 28 7 3 6 4 1 1 1 0 3 3 4 1 1 3 4                 |
 ├────────────────────┼─────────────┼──────────────────────────────────────────────────┤
 | 0x0000000000000019 | 27          | 18 7 3 2 1 0 1 0 1 1 0 0 0 3 3 4                 |
 ├────────────────────┼─────────────┼──────────────────────────────────────────────────┤
 | 0x000000000000001a | 8           | 20 4 8 10 6 8 7 8 12 11 11 7 9 8 11 10           |
 ├────────────────────┼─────────────┼──────────────────────────────────────────────────┤
 | 0x000000000000001b | 1           | 31 20 22 26 26 21 23 25 23 28 27 20 24 21 25 27  |
 ├────────────────────┼─────────────┼──────────────────────────────────────────────────┤
 | 0x000000000000001c | 31          | 23 20 20 20 20 20 20 20 20 20 21 21 21 21 21 22  |
 ├────────────────────┼─────────────┼──────────────────────────────────────────────────┤
 | 0x000000000000001d | 2           | 27 24 24 24 24 24 24 24 24 24 24 24 24 24 24 25  |
 ├────────────────────┼─────────────┼──────────────────────────────────────────────────┤
 | 0x000000000000001e | 30          | 28 26 25 25 25 25 25 26 26 26 26 26 26 26 26 27  |
 ├────────────────────┼─────────────┼──────────────────────────────────────────────────┤
 | 0x000000000000001f | 0           | 17 8 8 8 8 8 8 8 9 7 10 9 9 11 9 10              |
 └────────────────────┴─────────────┴──────────────────────────────────────────────────┘
PC pattern table end
Prefetch buffer begin
 ┌────────────────────┬──────────────────────────────────────────────────────────────────┐
 | Region             | Pattern                                                          |
 ├────────────────────┼──────────────────────────────────────────────────────────────────┤
 | 0x0000000000000da7 | 0 0 0 2 2 2 2 2 2 2 2 2 2 2 2 2 2 2 0 0 0 0 0 0 0 0 2 0 0 0 2 0  |
 ├────────────────────┼──────────────────────────────────────────────────────────────────┤
 | 0x0000000000000da2 | 2 0 2 2 0 0 2 2 0 0 0 0 0 0 0 0 0 0 0 2 0 0 0 2 0 0 0 0 0 0 0 0  |
 ├────────────────────┼──────────────────────────────────────────────────────────────────┤
 | 0x0000000000000d61 | 0 0 0 2 0 2 2 2 2 2 2 2 2 2 2 2 2 2 2 2 2 0 1 1 0 2 2 2 2 2 2 2  |
 ├────────────────────┼──────────────────────────────────────────────────────────────────┤
 | 0x0000000000000d80 | 2 0 0 0 2 0 0 2 0 0 0 2 0 0 0 0 2 0 0 0 0 0 0 0 0 0 0 0 0 0 0 2  |
 ├────────────────────┼──────────────────────────────────────────────────────────────────┤
 | 0x0000000000000d7f | 0 1 0 0 0 1 0 0 0 0 2 0 0 0 0 2 0 0 0 0 2 0 0 0 0 0 2 2 2 2 2 2  |
 ├────────────────────┼──────────────────────────────────────────────────────────────────┤
 | 0x00000000000015d9 | 2 2 2 0 2 2 2 2 2 2 2 2 2 2 2 2 2 0 0 0 0 0 0 0 0 0 0 0 2 2 2 2  |
 ├────────────────────┼──────────────────────────────────────────────────────────────────┤
 | 0x0000000000000da8 | 2 2 2 2 2 2 2 2 2 2 2 2 2 2 2 0 2 0 0 0 2 0 0 2 0 2 2 2 2 0 0 0  |
 ├────────────────────┼──────────────────────────────────────────────────────────────────┤
 | 0x0000000000000225 | 0 0 0 0 0 0 0 0 0 0 0 0 0 0 0 0 0 0 0 0 0 0 0 0 0 0 0 2 2 2 2 2  |
 ├────────────────────┼──────────────────────────────────────────────────────────────────┤
 | 0x0000000000000d81 | 0 0 0 0 0 0 0 0 0 0 0 0 0 0 0 0 0 0 0 0 0 0 0 0 0 0 2 2 2 2 2 2  |
 ├────────────────────┼──────────────────────────────────────────────────────────────────┤
 | 0x0000000000000da6 | 2 0 2 2 0 0 0 2 0 2 2 2 2 0 1 0 0 0 2 0 0 2 0 0 0 2 0 0 0 2 2 2  |
 ├────────────────────┼──────────────────────────────────────────────────────────────────┤
 | 0x00000000000015e1 | 2 2 0 0 0 0 0 0 0 0 0 2 2 2 2 2 2 2 2 2 2 2 2 2 2 2 2 2 2 2 2 2  |
 ├────────────────────┼──────────────────────────────────────────────────────────────────┤
 | 0x0000000000000da3 | 0 0 2 0 0 2 0 0 2 0 0 2 2 2 2 2 2 0 2 0 0 0 0 0 0 0 0 0 0 0 0 0  |
 ├────────────────────┼──────────────────────────────────────────────────────────────────┤
 | 0x0000000000000dac | 0 0 0 0 1 0 1 0 0 2 0 0 2 0 2 0 0 2 0 2 0 2 0 0 0 0 0 2 0 0 2 2  |
 ├────────────────────┼──────────────────────────────────────────────────────────────────┤
 | 0x0000000000000da9 | 0 1 0 0 1 0 1 0 0 2 0 0 2 0 0 0 0 0 0 0 0 0 0 0 0 0 0 0 0 0 0 0  |
 ├────────────────────┼──────────────────────────────────────────────────────────────────┤
 | 0x0000000000000d7e | 0 0 0 0 0 0 0 0 0 0 0 0 0 0 0 0 0 0 2 2 2 0 2 0 1 0 0 0 2 0 0 0  |
 ├────────────────────┼──────────────────────────────────────────────────────────────────┤
 | 0x0000000000000d60 | 2 2 2 2 1 2 1 2 2 2 2 2 2 2 2 1 1 2 2 2 2 1 2 1 2 2 2 1 1 1 1 0  |
 ├────────────────────┼──────────────────────────────────────────────────────────────────┤
 | 0x0000000000000daf | 0 0 1 0 0 0 1 0 0 2 0 0 0 2 2 2 2 2 2 2 2 2 2 2 2 2 2 2 2 2 2 2  |
 ├────────────────────┼──────────────────────────────────────────────────────────────────┤
 | 0x0000000000000da0 | 0 0 2 0 2 2 2 2 2 2 2 2 2 0 2 2 2 2 0 0 0 0 0 0 0 0 0 0 2 0 2 2  |
 ├────────────────────┼──────────────────────────────────────────────────────────────────┤
 | 0x00000000000015de | 0 0 0 1 1 1 1 2 1 2 2 1 2 2 2 2 2 2 2 2 2 2 2 2 2 2 2 2 2 2 2 2  |
 ├────────────────────┼──────────────────────────────────────────────────────────────────┤
 | 0x0000000000000da5 | 0 2 0 0 0 0 2 2 2 0 0 1 0 0 0 2 0 0 2 0 0 0 0 0 2 0 0 0 0 0 0 0  |
 ├────────────────────┼──────────────────────────────────────────────────────────────────┤
 | 0x0000000000000dc6 | 0 0 0 2 2 2 2 2 2 2 2 2 2 2 2 2 2 2 2 2 2 0 1 1 1 2 2 2 2 2 2 2  |
 ├────────────────────┼──────────────────────────────────────────────────────────────────┤
 | 0x0000000000000db1 | 0 0 2 2 0 2 0 0 0 0 0 0 0 2 2 0 0 0 0 0 0 0 0 0 0 0 0 0 0 0 0 2  |
 ├────────────────────┼──────────────────────────────────────────────────────────────────┤
 | 0x00000000000015d5 | 0 0 0 0 0 2 2 0 0 2 0 0 0 0 0 0 0 0 0 0 0 0 0 0 0 0 0 0 0 0 0 0  |
 ├────────────────────┼──────────────────────────────────────────────────────────────────┤
 | 0x0000000000001165 | 2 2 2 2 2 0 2 2 2 2 2 2 2 2 2 2 0 2 2 2 2 2 2 0 0 0 0 0 0 0 0 0  |
 ├────────────────────┼──────────────────────────────────────────────────────────────────┤
 | 0x0000000000000db0 | 2 2 0 2 0 2 0 2 2 2 0 2 2 0 0 0 2 2 0 1 1 2 2 2 2 2 0 2 2 2 2 2  |
 ├────────────────────┼──────────────────────────────────────────────────────────────────┤
 | 0x0000000000000da4 | 0 0 0 1 0 0 1 0 0 0 2 0 0 0 2 0 2 2 2 2 2 2 2 2 2 2 2 2 2 2 2 2  |
 ├────────────────────┼──────────────────────────────────────────────────────────────────┤
 | 0x0000000000000da1 | 2 0 2 2 0 0 2 2 0 2 2 2 2 0 1 0 0 0 2 0 0 0 2 0 0 2 0 0 2 2 2 2  |
 ├────────────────────┼──────────────────────────────────────────────────────────────────┤
 | 0x0000000000000dae | 2 2 2 0 2 2 2 2 2 2 2 2 2 2 0 0 2 0 0 2 2 2 0 1 0 0 0 2 0 0 2 0  |
 └────────────────────┴──────────────────────────────────────────────────────────────────┘
Prefetch buffer end
Filter by PPT: 0
cpu0_L2C
Num Con Filled: 0
Num Con Useful: 0 Useless:0 Accuracy: nan
LLC
