41 41 41
Available num physical pages: 35184372088576
WARNING: physical memory size is smaller than virtual memory size

*** ChampSim Multicore Out-of-Order Simulator ***

Warmup Instructions: 5000000
Simulation Instructions: 200000000
Number of CPUs: 1
Page size: 4096

Basic BTB sets: 1024 ways: 8 indirect buffer size: 4096 RAS size: 64
cpu0_L1D PMP prefetcher
Off-chip DRAM Size: 4 GiB Channels: 1 Width: 64-bit Data Rate: 3200 MT/s
Max paddr 8M
Warmup finished CPU 0 instructions: 5000003 cycles: 1253376 cumulative IPC: 3.98923 (Simulation time: 0 hr 2 min 17 sec) 

Warmup complete CPU 0 instructions: 5000003 cycles: 1253376 (Simulation time: 0 hr 2 min 17 sec) 

Heartbeat CPU 0 instructions: 10000004 cycles: 16283667 heartbeat IPC: 0.614113 cumulative IPC: 0.332662 (Simulation time: 0 hr 19 min 22 sec) 
Heartbeat CPU 0 instructions: 20000004 cycles: 46217274 heartbeat IPC: 0.334073 cumulative IPC: 0.333601 (Simulation time: 0 hr 55 min 15 sec) 
Heartbeat CPU 0 instructions: 30000003 cycles: 76496769 heartbeat IPC: 0.330257 cumulative IPC: 0.332256 (Simulation time: 1 hr 31 min 6 sec) 
Heartbeat CPU 0 instructions: 40000001 cycles: 106871068 heartbeat IPC: 0.329226 cumulative IPC: 0.331384 (Simulation time: 2 hr 5 min 12 sec) 
Heartbeat CPU 0 instructions: 50000003 cycles: 136893815 heartbeat IPC: 0.333081 cumulative IPC: 0.33176 (Simulation time: 2 hr 26 min 29 sec) 
Heartbeat CPU 0 instructions: 60000001 cycles: 167224014 heartbeat IPC: 0.329705 cumulative IPC: 0.331384 (Simulation time: 2 hr 41 min 9 sec) 
Heartbeat CPU 0 instructions: 70000003 cycles: 197466406 heartbeat IPC: 0.330662 cumulative IPC: 0.331273 (Simulation time: 2 hr 52 min 55 sec) 
Heartbeat CPU 0 instructions: 80000003 cycles: 227360247 heartbeat IPC: 0.334518 cumulative IPC: 0.331702 (Simulation time: 3 hr 2 min 56 sec) 
Heartbeat CPU 0 instructions: 90000004 cycles: 257694717 heartbeat IPC: 0.329659 cumulative IPC: 0.33146 (Simulation time: 3 hr 10 min 6 sec) 
Heartbeat CPU 0 instructions: 100000000 cycles: 287994421 heartbeat IPC: 0.330037 cumulative IPC: 0.33131 (Simulation time: 3 hr 15 min 37 sec) 
Heartbeat CPU 0 instructions: 110000000 cycles: 318011012 heartbeat IPC: 0.33315 cumulative IPC: 0.331484 (Simulation time: 3 hr 20 min 4 sec) 
Heartbeat CPU 0 instructions: 120000003 cycles: 348418069 heartbeat IPC: 0.328872 cumulative IPC: 0.331255 (Simulation time: 3 hr 23 min 43 sec) 
Heartbeat CPU 0 instructions: 130000001 cycles: 378684418 heartbeat IPC: 0.3304 cumulative IPC: 0.331187 (Simulation time: 3 hr 26 min 29 sec) 
Heartbeat CPU 0 instructions: 140000004 cycles: 408736274 heartbeat IPC: 0.332759 cumulative IPC: 0.331303 (Simulation time: 3 hr 28 min 36 sec) 
Heartbeat CPU 0 instructions: 150000004 cycles: 438839696 heartbeat IPC: 0.332189 cumulative IPC: 0.331364 (Simulation time: 3 hr 30 min 26 sec) 
Heartbeat CPU 0 instructions: 160000000 cycles: 469169947 heartbeat IPC: 0.329704 cumulative IPC: 0.331256 (Simulation time: 3 hr 32 min 11 sec) 
Heartbeat CPU 0 instructions: 170000000 cycles: 499257822 heartbeat IPC: 0.33236 cumulative IPC: 0.331323 (Simulation time: 3 hr 33 min 55 sec) 
Heartbeat CPU 0 instructions: 180000000 cycles: 529588870 heartbeat IPC: 0.329696 cumulative IPC: 0.331229 (Simulation time: 3 hr 35 min 42 sec) 
Heartbeat CPU 0 instructions: 190000003 cycles: 559806589 heartbeat IPC: 0.330932 cumulative IPC: 0.331213 (Simulation time: 3 hr 37 min 23 sec) 
Heartbeat CPU 0 instructions: 200000002 cycles: 590013229 heartbeat IPC: 0.331054 cumulative IPC: 0.331205 (Simulation time: 3 hr 39 min 1 sec) 
Max paddr 182M
Simulation finished CPU 0 instructions: 200000001 cycles: 603868576 cumulative IPC: 0.331198 (Simulation time: 3 hr 39 min 50 sec) 

Simulation complete CPU 0 instructions: 200000001 cycles: 603868576 (Simulation time: 3 hr 39 min 50 sec) 


ChampSim completed all CPUs

[
  {
    "name": "Simulation",
    "traces": [
      "../traces/470.lbm-1274B.champsimtrace.xz"
    ],
    "roi": {
      "cores": [
        {
          "instructions": 200000001,
          "cycles": 603868576,
          "Avg ROB occupancy at mispredict": 202.31, 
          "mispredict": {
            "BRANCH_DIRECT_JUMP": 0,
            "BRANCH_INDIRECT": 0,
            "BRANCH_CONDITIONAL": 11142,
            "BRANCH_DIRECT_CALL": 0,
            "BRANCH_INDIRECT_CALL": 0,
            "BRANCH_RETURN": 0
          }
        }
      ],
      "cpu0_L1I": {
        "LOAD": {
          "hit":0,
          "miss":0
        },
        "RFO": {
          "hit":0,
          "miss":0
        },
        "PREFETCH": {
          "hit":0,
          "miss":0
        },
        "WRITE": {
          "hit":0,
          "miss":0
        },
        "TRANSLATION": {
          "hit":0,
          "miss":0
        },
        "mshr full": 0,
        "prefetch requested": 0,
        "prefetch issued": 0,
        "prefetch filled": 0,
        "prefetch useful": 0,
        "prefetch useless": 0,
        "prefetch late": 0,
        "pf_useful_at_l2_from_l1":          0,
        "pf_late_at_l2_from_l1":          0,
        "pf_useless_at_l2_from_l1":          0,
        "pf_at_l2_to_l1":          0,
        "pf_fill_this_level":          0,
        "miss latency": null,
        "cache queues": {
          "PQ_ACCESS": 0,
          "PQ_FULL": 0,
          "PQ_TO_CACHE": 0,
          "PQ_MERGED": 0,
          "RQ_ACCESS": 0,
          "RQ_MERGED": 0,
          "RQ_FULL": 0,
          "WQ_ACCESS": 0,
          "WQ_MERGED": 0,
          "WQ_FULL": 0
        }
      },
      "cpu0_ITLB": {
        "LOAD": {
          "hit":0,
          "miss":0
        },
        "RFO": {
          "hit":0,
          "miss":0
        },
        "PREFETCH": {
          "hit":0,
          "miss":0
        },
        "WRITE": {
          "hit":0,
          "miss":0
        },
        "TRANSLATION": {
          "hit":0,
          "miss":0
        },
        "mshr full": 0,
        "prefetch requested": 0,
        "prefetch issued": 0,
        "prefetch filled": 0,
        "prefetch useful": 0,
        "prefetch useless": 0,
        "prefetch late": 0,
        "pf_useful_at_l2_from_l1":          0,
        "pf_late_at_l2_from_l1":          0,
        "pf_useless_at_l2_from_l1":          0,
        "pf_at_l2_to_l1":          0,
        "pf_fill_this_level":          0,
        "miss latency": null,
        "cache queues": {
          "PQ_ACCESS": 0,
          "PQ_FULL": 0,
          "PQ_TO_CACHE": 0,
          "PQ_MERGED": 0,
          "RQ_ACCESS": 0,
          "RQ_MERGED": 0,
          "RQ_FULL": 0,
          "WQ_ACCESS": 0,
          "WQ_MERGED": 0,
          "WQ_FULL": 0
        }
      },
      "cpu0_DTLB": {
        "LOAD": {
          "hit":45530952,
          "miss":675142
        },
        "RFO": {
          "hit":0,
          "miss":0
        },
        "PREFETCH": {
          "hit":0,
          "miss":0
        },
        "WRITE": {
          "hit":0,
          "miss":0
        },
        "TRANSLATION": {
          "hit":0,
          "miss":0
        },
        "mshr full": 0,
        "prefetch requested": 0,
        "prefetch issued": 0,
        "prefetch filled": 0,
        "prefetch useful": 0,
        "prefetch useless": 0,
        "prefetch late": 0,
        "pf_useful_at_l2_from_l1":          0,
        "pf_late_at_l2_from_l1":          0,
        "pf_useless_at_l2_from_l1":          0,
        "pf_at_l2_to_l1":          0,
        "pf_fill_this_level":          0,
        "miss latency": 13.8225,
        "cache queues": {
          "PQ_ACCESS": 0,
          "PQ_FULL": 0,
          "PQ_TO_CACHE": 0,
          "PQ_MERGED": 0,
          "RQ_ACCESS": 46206360,
          "RQ_MERGED": 0,
          "RQ_FULL": 266,
          "WQ_ACCESS": 0,
          "WQ_MERGED": 0,
          "WQ_FULL": 0
        }
      },
      "cpu0_STLB": {
        "LOAD": {
          "hit":0,
          "miss":88947
        },
        "RFO": {
          "hit":0,
          "miss":0
        },
        "PREFETCH": {
          "hit":0,
          "miss":0
        },
        "WRITE": {
          "hit":0,
          "miss":0
        },
        "TRANSLATION": {
          "hit":0,
          "miss":0
        },
        "mshr full": 0,
        "prefetch requested": 0,
        "prefetch issued": 0,
        "prefetch filled": 0,
        "prefetch useful": 0,
        "prefetch useless": 0,
        "prefetch late": 0,
        "pf_useful_at_l2_from_l1":          0,
        "pf_late_at_l2_from_l1":          0,
        "pf_useless_at_l2_from_l1":          0,
        "pf_at_l2_to_l1":          0,
        "pf_fill_this_level":          0,
        "miss latency": 104.356,
        "cache queues": {
          "PQ_ACCESS": 0,
          "PQ_FULL": 0,
          "PQ_TO_CACHE": 0,
          "PQ_MERGED": 0,
          "RQ_ACCESS": 88947,
          "RQ_MERGED": 0,
          "RQ_FULL": 0,
          "WQ_ACCESS": 0,
          "WQ_MERGED": 0,
          "WQ_FULL": 0
        }
      },
      "cpu0_L1D": {
        "LOAD": {
          "hit":19251156,
          "miss":6869031
        },
        "RFO": {
          "hit":0,
          "miss":0
        },
        "PREFETCH": {
          "hit":293154,
          "miss":1322915
        },
        "WRITE": {
          "hit":11733085,
          "miss":8352742
        },
        "TRANSLATION": {
          "hit":11650,
          "miss":77384
        },
        "mshr full": 818191778,
        "prefetch requested": 1616062,
        "prefetch issued": 1616062,
        "prefetch filled": 826157,
        "prefetch useful": 1103614,
        "prefetch useless": 144254,
        "prefetch late": 421694,
        "pf_useful_at_l2_from_l1":          0,
        "pf_late_at_l2_from_l1":          0,
        "pf_useless_at_l2_from_l1":          0,
        "pf_at_l2_to_l1":          0,
        "pf_fill_this_level":     826157,
        "miss latency": 63.0097,
        "cache queues": {
          "PQ_ACCESS": 1616062,
          "PQ_FULL": 0,
          "PQ_TO_CACHE": 1616062,
          "PQ_MERGED": 0,
          "RQ_ACCESS": 89096923,
          "RQ_MERGED": 36,
          "RQ_FULL": 62976701,
          "WQ_ACCESS": 163156406,
          "WQ_MERGED": 17,
          "WQ_FULL": 143070507
        }
      },
      "cpu0_L2C": {
        "LOAD": {
          "hit":0,
          "miss":318025
        },
        "RFO": {
          "hit":3731374,
          "miss":4264389
        },
        "PREFETCH": {
          "hit":143188,
          "miss":1104665
        },
        "WRITE": {
          "hit":7997849,
          "miss":0
        },
        "TRANSLATION": {
          "hit":76930,
          "miss":454
        },
        "mshr full": 0,
        "prefetch requested": 0,
        "prefetch issued": 0,
        "prefetch filled": 1104663,
        "prefetch useful": 0,
        "prefetch useless": 0,
        "prefetch late": 0,
        "pf_useful_at_l2_from_l1":          0,
        "pf_late_at_l2_from_l1":          0,
        "pf_useless_at_l2_from_l1":          0,
        "pf_at_l2_to_l1":          0,
        "pf_fill_this_level":          0,
        "miss latency": 195.34,
        "cache queues": {
          "PQ_ACCESS": 1247848,
          "PQ_FULL": 0,
          "PQ_TO_CACHE": 1247848,
          "PQ_MERGED": 0,
          "RQ_ACCESS": 8393277,
          "RQ_MERGED": 0,
          "RQ_FULL": 0,
          "WQ_ACCESS": 7997849,
          "WQ_MERGED": 0,
          "WQ_FULL": 0
        }
      },
      "LLC": {
        "LOAD": {
          "hit": [0],
          "miss": [318025]
        },
        "RFO": {
          "hit": [0],
          "miss": [4264390]
        },
        "PREFETCH": {
          "hit": [613],
          "miss": [1104052]
        },
        "WRITE": {
          "hit": [4264534],
          "miss": [0]
        },
        "TRANSLATION": {
          "hit": [0],
          "miss": [454]
        },
        "mshr full": 0,
        "prefetch requested": 0,
        "prefetch issued": 0,
        "prefetch filled": 1104050,
        "prefetch useful": 0,
        "prefetch useless": 0,
        "prefetch late": 0,
        "pf_useful_at_l2_from_l1":          0,
        "pf_late_at_l2_from_l1":          0,
        "pf_useless_at_l2_from_l1":          0,
        "pf_at_l2_to_l1":          0,
        "pf_fill_this_level":          0,
        "miss latency": 192.612,
        "cache queues": {
          "PQ_ACCESS": 1104665,
          "PQ_FULL": 0,
          "PQ_TO_CACHE": 1104665,
          "PQ_MERGED": 0,
          "RQ_ACCESS": 4582868,
          "RQ_MERGED": 0,
          "RQ_FULL": 0,
          "WQ_ACCESS": 4264534,
          "WQ_MERGED": 0,
          "WQ_FULL": 0
        }
      },
      "DRAM": [
        {
          "RQ ROW_BUFFER_HIT": 511576,
          "RQ ROW_BUFFER_MISS": 5175329,
          "PQ FULL": 0,
          "WQ ROW_BUFFER_HIT": 320710,
          "WQ ROW_BUFFER_MISS": 3941171,
          "WQ FULL": 0,
          "AVG DBUS CONGESTED CYCLE": 3.9948
        }
      ]

    },
    "sim": {
      "cores": [
        {
          "instructions": 200000001,
          "cycles": 603868576,
          "Avg ROB occupancy at mispredict": 202.31, 
          "mispredict": {
            "BRANCH_DIRECT_JUMP": 0,
            "BRANCH_INDIRECT": 0,
            "BRANCH_CONDITIONAL": 11142,
            "BRANCH_DIRECT_CALL": 0,
            "BRANCH_INDIRECT_CALL": 0,
            "BRANCH_RETURN": 0
          }
        }
      ],
      "cpu0_L1I": {
        "LOAD": {
          "hit":0,
          "miss":0
        },
        "RFO": {
          "hit":0,
          "miss":0
        },
        "PREFETCH": {
          "hit":0,
          "miss":0
        },
        "WRITE": {
          "hit":0,
          "miss":0
        },
        "TRANSLATION": {
          "hit":0,
          "miss":0
        },
        "mshr full": 0,
        "prefetch requested": 0,
        "prefetch issued": 0,
        "prefetch filled": 0,
        "prefetch useful": 0,
        "prefetch useless": 0,
        "prefetch late": 0,
        "pf_useful_at_l2_from_l1":          0,
        "pf_late_at_l2_from_l1":          0,
        "pf_useless_at_l2_from_l1":          0,
        "pf_at_l2_to_l1":          0,
        "pf_fill_this_level":          0,
        "miss latency": null,
        "cache queues": {
          "PQ_ACCESS": 0,
          "PQ_FULL": 0,
          "PQ_TO_CACHE": 0,
          "PQ_MERGED": 0,
          "RQ_ACCESS": 0,
          "RQ_MERGED": 0,
          "RQ_FULL": 0,
          "WQ_ACCESS": 0,
          "WQ_MERGED": 0,
          "WQ_FULL": 0
        }
      },
      "cpu0_ITLB": {
        "LOAD": {
          "hit":0,
          "miss":0
        },
        "RFO": {
          "hit":0,
          "miss":0
        },
        "PREFETCH": {
          "hit":0,
          "miss":0
        },
        "WRITE": {
          "hit":0,
          "miss":0
        },
        "TRANSLATION": {
          "hit":0,
          "miss":0
        },
        "mshr full": 0,
        "prefetch requested": 0,
        "prefetch issued": 0,
        "prefetch filled": 0,
        "prefetch useful": 0,
        "prefetch useless": 0,
        "prefetch late": 0,
        "pf_useful_at_l2_from_l1":          0,
        "pf_late_at_l2_from_l1":          0,
        "pf_useless_at_l2_from_l1":          0,
        "pf_at_l2_to_l1":          0,
        "pf_fill_this_level":          0,
        "miss latency": null,
        "cache queues": {
          "PQ_ACCESS": 0,
          "PQ_FULL": 0,
          "PQ_TO_CACHE": 0,
          "PQ_MERGED": 0,
          "RQ_ACCESS": 0,
          "RQ_MERGED": 0,
          "RQ_FULL": 0,
          "WQ_ACCESS": 0,
          "WQ_MERGED": 0,
          "WQ_FULL": 0
        }
      },
      "cpu0_DTLB": {
        "LOAD": {
          "hit":45530952,
          "miss":675142
        },
        "RFO": {
          "hit":0,
          "miss":0
        },
        "PREFETCH": {
          "hit":0,
          "miss":0
        },
        "WRITE": {
          "hit":0,
          "miss":0
        },
        "TRANSLATION": {
          "hit":0,
          "miss":0
        },
        "mshr full": 0,
        "prefetch requested": 0,
        "prefetch issued": 0,
        "prefetch filled": 0,
        "prefetch useful": 0,
        "prefetch useless": 0,
        "prefetch late": 0,
        "pf_useful_at_l2_from_l1":          0,
        "pf_late_at_l2_from_l1":          0,
        "pf_useless_at_l2_from_l1":          0,
        "pf_at_l2_to_l1":          0,
        "pf_fill_this_level":          0,
        "miss latency": 13.8225,
        "cache queues": {
          "PQ_ACCESS": 0,
          "PQ_FULL": 0,
          "PQ_TO_CACHE": 0,
          "PQ_MERGED": 0,
          "RQ_ACCESS": 46206360,
          "RQ_MERGED": 0,
          "RQ_FULL": 266,
          "WQ_ACCESS": 0,
          "WQ_MERGED": 0,
          "WQ_FULL": 0
        }
      },
      "cpu0_STLB": {
        "LOAD": {
          "hit":0,
          "miss":88947
        },
        "RFO": {
          "hit":0,
          "miss":0
        },
        "PREFETCH": {
          "hit":0,
          "miss":0
        },
        "WRITE": {
          "hit":0,
          "miss":0
        },
        "TRANSLATION": {
          "hit":0,
          "miss":0
        },
        "mshr full": 0,
        "prefetch requested": 0,
        "prefetch issued": 0,
        "prefetch filled": 0,
        "prefetch useful": 0,
        "prefetch useless": 0,
        "prefetch late": 0,
        "pf_useful_at_l2_from_l1":          0,
        "pf_late_at_l2_from_l1":          0,
        "pf_useless_at_l2_from_l1":          0,
        "pf_at_l2_to_l1":          0,
        "pf_fill_this_level":          0,
        "miss latency": 104.356,
        "cache queues": {
          "PQ_ACCESS": 0,
          "PQ_FULL": 0,
          "PQ_TO_CACHE": 0,
          "PQ_MERGED": 0,
          "RQ_ACCESS": 88947,
          "RQ_MERGED": 0,
          "RQ_FULL": 0,
          "WQ_ACCESS": 0,
          "WQ_MERGED": 0,
          "WQ_FULL": 0
        }
      },
      "cpu0_L1D": {
        "LOAD": {
          "hit":19251156,
          "miss":6869031
        },
        "RFO": {
          "hit":0,
          "miss":0
        },
        "PREFETCH": {
          "hit":293154,
          "miss":1322915
        },
        "WRITE": {
          "hit":11733085,
          "miss":8352742
        },
        "TRANSLATION": {
          "hit":11650,
          "miss":77384
        },
        "mshr full": 818191778,
        "prefetch requested": 1616062,
        "prefetch issued": 1616062,
        "prefetch filled": 826157,
        "prefetch useful": 1103614,
        "prefetch useless": 144254,
        "prefetch late": 421694,
        "pf_useful_at_l2_from_l1":          0,
        "pf_late_at_l2_from_l1":          0,
        "pf_useless_at_l2_from_l1":          0,
        "pf_at_l2_to_l1":          0,
        "pf_fill_this_level":     826157,
        "miss latency": 63.0097,
        "cache queues": {
          "PQ_ACCESS": 1616062,
          "PQ_FULL": 0,
          "PQ_TO_CACHE": 1616062,
          "PQ_MERGED": 0,
          "RQ_ACCESS": 89096923,
          "RQ_MERGED": 36,
          "RQ_FULL": 62976701,
          "WQ_ACCESS": 163156406,
          "WQ_MERGED": 17,
          "WQ_FULL": 143070507
        }
      },
      "cpu0_L2C": {
        "LOAD": {
          "hit":0,
          "miss":318025
        },
        "RFO": {
          "hit":3731374,
          "miss":4264389
        },
        "PREFETCH": {
          "hit":143188,
          "miss":1104665
        },
        "WRITE": {
          "hit":7997849,
          "miss":0
        },
        "TRANSLATION": {
          "hit":76930,
          "miss":454
        },
        "mshr full": 0,
        "prefetch requested": 0,
        "prefetch issued": 0,
        "prefetch filled": 1104663,
        "prefetch useful": 0,
        "prefetch useless": 0,
        "prefetch late": 0,
        "pf_useful_at_l2_from_l1":          0,
        "pf_late_at_l2_from_l1":          0,
        "pf_useless_at_l2_from_l1":          0,
        "pf_at_l2_to_l1":          0,
        "pf_fill_this_level":          0,
        "miss latency": 195.34,
        "cache queues": {
          "PQ_ACCESS": 1247848,
          "PQ_FULL": 0,
          "PQ_TO_CACHE": 1247848,
          "PQ_MERGED": 0,
          "RQ_ACCESS": 8393277,
          "RQ_MERGED": 0,
          "RQ_FULL": 0,
          "WQ_ACCESS": 7997849,
          "WQ_MERGED": 0,
          "WQ_FULL": 0
        }
      },
      "LLC": {
        "LOAD": {
          "hit": [0],
          "miss": [318025]
        },
        "RFO": {
          "hit": [0],
          "miss": [4264390]
        },
        "PREFETCH": {
          "hit": [613],
          "miss": [1104052]
        },
        "WRITE": {
          "hit": [4264534],
          "miss": [0]
        },
        "TRANSLATION": {
          "hit": [0],
          "miss": [454]
        },
        "mshr full": 0,
        "prefetch requested": 0,
        "prefetch issued": 0,
        "prefetch filled": 1104050,
        "prefetch useful": 0,
        "prefetch useless": 0,
        "prefetch late": 0,
        "pf_useful_at_l2_from_l1":          0,
        "pf_late_at_l2_from_l1":          0,
        "pf_useless_at_l2_from_l1":          0,
        "pf_at_l2_to_l1":          0,
        "pf_fill_this_level":          0,
        "miss latency": 192.612,
        "cache queues": {
          "PQ_ACCESS": 1104665,
          "PQ_FULL": 0,
          "PQ_TO_CACHE": 1104665,
          "PQ_MERGED": 0,
          "RQ_ACCESS": 4582868,
          "RQ_MERGED": 0,
          "RQ_FULL": 0,
          "WQ_ACCESS": 4264534,
          "WQ_MERGED": 0,
          "WQ_FULL": 0
        }
      },
      "DRAM": [
        {
          "RQ ROW_BUFFER_HIT": 511576,
          "RQ ROW_BUFFER_MISS": 5175329,
          "PQ FULL": 0,
          "WQ ROW_BUFFER_HIT": 320710,
          "WQ ROW_BUFFER_MISS": 3941171,
          "WQ FULL": 0,
          "AVG DBUS CONGESTED CYCLE": 3.9948
        }
      ]

    }
  }
]
cpu0_ITLB
cpu0_DTLB
cpu0_STLB
Prefetch Request to L1: 1616062, Prefetch Request to L2: 0
Invalid by Eviction: 46052
Invalid by Max: 0
Filter table begin
 ┌────────────────────┬─────────────┐
 | Region             | Offset      |
 ├────────────────────┼─────────────┤
 | 0x0000000000000210 | 0           |
 └────────────────────┴─────────────┘
Filter table end
Accumulation table begin
 ┌────────────────────┬─────────────┬─────────────┬──────────────────────────────────────────────────────────────────┐
 | Region             | Offset      | Second      | Pattern                                                          |
 ├────────────────────┼─────────────┼─────────────┼──────────────────────────────────────────────────────────────────┤
 | 0x000000000000020f | 30          | 31          | 0 0 0 0 0 0 0 0 0 0 0 0 0 0 0 0 0 0 0 0 0 0 0 0 0 0 0 0 0 0 1 1  |
 ├────────────────────┼─────────────┼─────────────┼──────────────────────────────────────────────────────────────────┤
 | 0x0000000000016ca9 | 1           | 0           | 1 1 1 1 1 1 1 1 1 1 1 1 1 1 1 1 1 1 1 1 1 1 1 1 1 1 1 1 1 1 1 1  |
 ├────────────────────┼─────────────┼─────────────┼──────────────────────────────────────────────────────────────────┤
 | 0x0000000000016cac | 1           | 0           | 1 1 1 1 1 1 1 1 1 1 1 1 1 1 1 1 1 1 1 1 1 1 1 1 1 1 1 1 1 1 0 0  |
 └────────────────────┴─────────────┴─────────────┴──────────────────────────────────────────────────────────────────┘
Accumulation table end
Offset pattern table begin
 ┌────────────────────┬─────────────┬──────────────────────────────────────────────────────────────────────────────────────────────────┐
 | Key                | Second      | Pattern                                                                                          |
 ├────────────────────┼─────────────┼──────────────────────────────────────────────────────────────────────────────────────────────────┤
 | 0x0000000000000000 | 3           | 24 24 24 24 24 24 24 24 24 24 24 24 24 24 24 24 24 24 24 24 24 24 24 24 24 24 24 24 24 24 24 24  |
 ├────────────────────┼─────────────┼──────────────────────────────────────────────────────────────────────────────────────────────────┤
 | 0x0000000000000001 | 2           | 26 26 26 26 26 26 26 26 26 26 26 26 26 26 26 26 26 26 26 26 26 26 26 26 26 26 26 26 26 26 26 26  |
 ├────────────────────┼─────────────┼──────────────────────────────────────────────────────────────────────────────────────────────────┤
 | 0x0000000000000002 | 3           | 26 26 26 26 26 26 26 26 26 26 26 26 26 26 26 26 26 26 26 26 26 26 26 26 26 26 26 26 26 26 26 26  |
 ├────────────────────┼─────────────┼──────────────────────────────────────────────────────────────────────────────────────────────────┤
 | 0x0000000000000003 | 1           | 2 2 2 2 2 2 2 2 2 2 2 2 2 2 2 2 2 2 2 2 2 2 2 2 2 2 2 2 2 2 2 2                                  |
 ├────────────────────┼─────────────┼──────────────────────────────────────────────────────────────────────────────────────────────────┤
 | 0x0000000000000004 | 5           | 2 2 2 2 2 2 2 2 2 2 2 2 2 2 2 2 2 2 2 2 2 2 2 2 2 2 2 2 2 2 2 2                                  |
 ├────────────────────┼─────────────┼──────────────────────────────────────────────────────────────────────────────────────────────────┤
 | 0x0000000000000006 | 7           | 2 2 2 2 2 2 2 2 2 2 2 2 2 2 2 2 2 2 2 2 2 2 2 2 2 2 2 2 2 2 2 2                                  |
 ├────────────────────┼─────────────┼──────────────────────────────────────────────────────────────────────────────────────────────────┤
 | 0x0000000000000007 | 1           | 1 1 1 1 1 1 1 1 1 1 1 1 1 1 1 1 1 1 1 1 1 1 1 1 1 1 1 1 1 1 1 1                                  |
 ├────────────────────┼─────────────┼──────────────────────────────────────────────────────────────────────────────────────────────────┤
 | 0x0000000000000009 | 6           | 1 1 1 1 1 1 1 1 1 1 1 1 1 1 1 1 1 1 1 1 1 1 1 1 1 1 1 1 1 1 1 1                                  |
 ├────────────────────┼─────────────┼──────────────────────────────────────────────────────────────────────────────────────────────────┤
 | 0x000000000000001d | 30          | 21 18 20 0 0 0 0 0 0 0 0 0 0 0 0 0 0 0 0 0 0 0 0 0 0 0 0 0 0 0 0 0                               |
 ├────────────────────┼─────────────┼──────────────────────────────────────────────────────────────────────────────────────────────────┤
 | 0x000000000000001e | 31          | 25 25 0 0 0 0 0 0 0 0 0 0 0 0 0 0 0 0 0 0 0 0 0 0 0 0 0 0 0 0 0 0                                |
 ├────────────────────┼─────────────┼──────────────────────────────────────────────────────────────────────────────────────────────────┤
 | 0x000000000000001f | 30          | 2 0 0 0 0 0 0 0 0 0 0 0 0 0 0 0 0 0 0 0 0 0 0 0 0 0 0 0 0 0 0 2                                  |
 └────────────────────┴─────────────┴──────────────────────────────────────────────────────────────────────────────────────────────────┘
Offset pattern table end
PC pattern table begin
 ┌────────────────────┬─────────────┬──────────────────────────────────────────────────┐
 | Key                | Second      | Pattern                                          |
 ├────────────────────┼─────────────┼──────────────────────────────────────────────────┤
 | 0x0000000000000001 | 1           | 11 11 11 11 11 11 11 11 11 11 11 11 11 11 11 11  |
 ├────────────────────┼─────────────┼──────────────────────────────────────────────────┤
 | 0x0000000000000003 | 2           | 1 1 1 1 1 1 1 1 1 1 1 1 1 1 1 1                  |
 ├────────────────────┼─────────────┼──────────────────────────────────────────────────┤
 | 0x0000000000000004 | 1           | 1 1 1 1 1 1 1 1 1 1 1 1 1 1 1 1                  |
 ├────────────────────┼─────────────┼──────────────────────────────────────────────────┤
 | 0x0000000000000005 | 5           | 2 2 2 2 2 2 2 2 2 2 2 2 2 2 2 2                  |
 ├────────────────────┼─────────────┼──────────────────────────────────────────────────┤
 | 0x0000000000000007 | 1           | 19 19 19 19 19 19 19 19 19 19 19 19 19 19 19 19  |
 ├────────────────────┼─────────────┼──────────────────────────────────────────────────┤
 | 0x0000000000000008 | 31          | 25 0 0 0 0 0 0 0 0 0 0 0 0 0 0 0                 |
 ├────────────────────┼─────────────┼──────────────────────────────────────────────────┤
 | 0x0000000000000009 | 1           | 1 1 1 1 1 1 1 1 1 1 1 1 1 1 1 1                  |
 ├────────────────────┼─────────────┼──────────────────────────────────────────────────┤
 | 0x000000000000000a | 3           | 2 2 2 2 2 2 2 2 2 2 2 2 2 2 2 2                  |
 ├────────────────────┼─────────────┼──────────────────────────────────────────────────┤
 | 0x000000000000000b | 2           | 8 8 8 8 8 8 8 8 8 8 8 8 8 8 8 8                  |
 ├────────────────────┼─────────────┼──────────────────────────────────────────────────┤
 | 0x000000000000000c | 1           | 2 2 2 2 2 2 2 2 2 2 2 2 2 2 2 2                  |
 ├────────────────────┼─────────────┼──────────────────────────────────────────────────┤
 | 0x000000000000000d | 3           | 13 13 13 13 13 13 13 13 13 13 13 13 13 13 13 13  |
 ├────────────────────┼─────────────┼──────────────────────────────────────────────────┤
 | 0x000000000000000e | 2           | 28 28 28 28 28 28 28 28 28 28 28 28 28 28 28 28  |
 ├────────────────────┼─────────────┼──────────────────────────────────────────────────┤
 | 0x0000000000000010 | 3           | 22 22 22 22 22 22 22 22 22 22 22 22 22 22 22 22  |
 ├────────────────────┼─────────────┼──────────────────────────────────────────────────┤
 | 0x0000000000000011 | 1           | 5 5 5 5 5 5 5 5 5 5 5 5 5 5 5 5                  |
 ├────────────────────┼─────────────┼──────────────────────────────────────────────────┤
 | 0x0000000000000012 | 30          | 8 7 7 7 7 7 7 7 7 7 7 7 7 7 7 7                  |
 ├────────────────────┼─────────────┼──────────────────────────────────────────────────┤
 | 0x0000000000000013 | 2           | 8 8 8 8 8 8 8 8 8 8 8 8 8 8 8 8                  |
 ├────────────────────┼─────────────┼──────────────────────────────────────────────────┤
 | 0x0000000000000014 | 1           | 2 2 2 2 2 2 2 2 2 2 2 2 2 2 2 2                  |
 ├────────────────────┼─────────────┼──────────────────────────────────────────────────┤
 | 0x0000000000000016 | 1           | 11 11 11 11 11 11 11 11 11 11 11 11 11 11 11 11  |
 ├────────────────────┼─────────────┼──────────────────────────────────────────────────┤
 | 0x0000000000000017 | 2           | 19 19 19 19 19 19 19 19 19 19 19 19 19 19 19 19  |
 ├────────────────────┼─────────────┼──────────────────────────────────────────────────┤
 | 0x0000000000000018 | 2           | 23 23 23 23 23 23 23 23 23 23 23 23 23 23 23 23  |
 ├────────────────────┼─────────────┼──────────────────────────────────────────────────┤
 | 0x0000000000000019 | 30          | 27 27 0 0 0 0 0 0 0 0 0 0 0 0 0 0                |
 ├────────────────────┼─────────────┼──────────────────────────────────────────────────┤
 | 0x000000000000001b | 2           | 3 3 3 3 3 3 3 3 3 3 3 3 3 3 3 3                  |
 ├────────────────────┼─────────────┼──────────────────────────────────────────────────┤
 | 0x000000000000001d | 2           | 3 2 2 2 2 2 2 2 2 2 2 2 2 2 2 2                  |
 └────────────────────┴─────────────┴──────────────────────────────────────────────────┘
PC pattern table end
Prefetch buffer begin
 ┌────────────────────┬──────────────────────────────────────────────────────────────────┐
 | Region             | Pattern                                                          |
 ├────────────────────┼──────────────────────────────────────────────────────────────────┤
 | 0x0000000000000210 | 0 1 1 1 1 1 1 1 1 1 1 1 1 1 1 1 1 1 1 1 1 1 1 1 1 1 1 1 1 1 1 1  |
 └────────────────────┴──────────────────────────────────────────────────────────────────┘
Prefetch buffer end
Filter by PPT: 0
cpu0_L2C
Num Con Filled: 0
Num Con Useful: 0 Useless:0 Accuracy: nan
LLC
