41 41 41
Available num physical pages: 35184372088576
WARNING: physical memory size is smaller than virtual memory size

*** ChampSim Multicore Out-of-Order Simulator ***

Warmup Instructions: 5000000
Simulation Instructions: 5000000
Number of CPUs: 1
Page size: 4096

Basic BTB sets: 1024 ways: 8 indirect buffer size: 4096 RAS size: 64
cpu0_L1D PMP prefetcher
Off-chip DRAM Size: 4 GiB Channels: 1 Width: 64-bit Data Rate: 3200 MT/s
Max paddr 8M
Warmup finished CPU 0 instructions: 5000001 cycles: 1266652 cumulative IPC: 3.94742 (Simulation time: 0 hr 2 min 38 sec) 

Warmup complete CPU 0 instructions: 5000001 cycles: 1266652 (Simulation time: 0 hr 2 min 38 sec) 

Heartbeat CPU 0 instructions: 10000003 cycles: 3202655 heartbeat IPC: 3.12242 cumulative IPC: 2.58265 (Simulation time: 0 hr 5 min 48 sec) 
Max paddr 9M
Simulation finished CPU 0 instructions: 5000002 cycles: 1936004 cumulative IPC: 2.58265 (Simulation time: 0 hr 5 min 48 sec) 

Simulation complete CPU 0 instructions: 5000002 cycles: 1936004 (Simulation time: 0 hr 5 min 48 sec) 


ChampSim completed all CPUs

[
  {
    "name": "Simulation",
    "traces": [
      "../traces/429.mcf-217B.champsimtrace.xz"
    ],
    "roi": {
      "cores": [
        {
          "instructions": 5000002,
          "cycles": 1936004,
          "Avg ROB occupancy at mispredict": 84.6686, 
          "mispredict": {
            "BRANCH_DIRECT_JUMP": 0,
            "BRANCH_INDIRECT": 0,
            "BRANCH_CONDITIONAL": 12091,
            "BRANCH_DIRECT_CALL": 0,
            "BRANCH_INDIRECT_CALL": 0,
            "BRANCH_RETURN": 0
          }
        }
      ],
      "cpu0_L1I": {
        "LOAD": {
          "hit":0,
          "miss":0
        },
        "RFO": {
          "hit":0,
          "miss":0
        },
        "PREFETCH": {
          "hit":0,
          "miss":0
        },
        "WRITE": {
          "hit":0,
          "miss":0
        },
        "TRANSLATION": {
          "hit":0,
          "miss":0
        },
        "mshr full": 0,
        "prefetch requested": 0,
        "prefetch issued": 0,
        "prefetch filled": 0,
        "prefetch useful": 0,
        "prefetch useless": 0,
        "prefetch late": 0,
        "pf_useful_at_l2_from_l1":          0,
        "pf_late_at_l2_from_l1":          0,
        "pf_useless_at_l2_from_l1":          0,
        "pf_at_l2_to_l1":          0,
        "pf_fill_this_level":          0,
        "miss latency": null,
        "cache queues": {
          "PQ_ACCESS": 0,
          "PQ_FULL": 0,
          "PQ_TO_CACHE": 0,
          "PQ_MERGED": 0,
          "RQ_ACCESS": 0,
          "RQ_MERGED": 0,
          "RQ_FULL": 0,
          "WQ_ACCESS": 0,
          "WQ_MERGED": 0,
          "WQ_FULL": 0
        }
      },
      "cpu0_ITLB": {
        "LOAD": {
          "hit":0,
          "miss":0
        },
        "RFO": {
          "hit":0,
          "miss":0
        },
        "PREFETCH": {
          "hit":0,
          "miss":0
        },
        "WRITE": {
          "hit":0,
          "miss":0
        },
        "TRANSLATION": {
          "hit":0,
          "miss":0
        },
        "mshr full": 0,
        "prefetch requested": 0,
        "prefetch issued": 0,
        "prefetch filled": 0,
        "prefetch useful": 0,
        "prefetch useless": 0,
        "prefetch late": 0,
        "pf_useful_at_l2_from_l1":          0,
        "pf_late_at_l2_from_l1":          0,
        "pf_useless_at_l2_from_l1":          0,
        "pf_at_l2_to_l1":          0,
        "pf_fill_this_level":          0,
        "miss latency": null,
        "cache queues": {
          "PQ_ACCESS": 0,
          "PQ_FULL": 0,
          "PQ_TO_CACHE": 0,
          "PQ_MERGED": 0,
          "RQ_ACCESS": 0,
          "RQ_MERGED": 0,
          "RQ_FULL": 0,
          "WQ_ACCESS": 0,
          "WQ_MERGED": 0,
          "WQ_FULL": 0
        }
      },
      "cpu0_DTLB": {
        "LOAD": {
          "hit":2428328,
          "miss":36809
        },
        "RFO": {
          "hit":0,
          "miss":0
        },
        "PREFETCH": {
          "hit":0,
          "miss":0
        },
        "WRITE": {
          "hit":0,
          "miss":0
        },
        "TRANSLATION": {
          "hit":0,
          "miss":0
        },
        "mshr full": 0,
        "prefetch requested": 0,
        "prefetch issued": 0,
        "prefetch filled": 0,
        "prefetch useful": 0,
        "prefetch useless": 0,
        "prefetch late": 0,
        "pf_useful_at_l2_from_l1":          0,
        "pf_late_at_l2_from_l1":          0,
        "pf_useless_at_l2_from_l1":          0,
        "pf_at_l2_to_l1":          0,
        "pf_fill_this_level":          0,
        "miss latency": 0.152849,
        "cache queues": {
          "PQ_ACCESS": 0,
          "PQ_FULL": 0,
          "PQ_TO_CACHE": 0,
          "PQ_MERGED": 0,
          "RQ_ACCESS": 2469300,
          "RQ_MERGED": 0,
          "RQ_FULL": 4161,
          "WQ_ACCESS": 0,
          "WQ_MERGED": 0,
          "WQ_FULL": 0
        }
      },
      "cpu0_STLB": {
        "LOAD": {
          "hit":5144,
          "miss":665
        },
        "RFO": {
          "hit":0,
          "miss":0
        },
        "PREFETCH": {
          "hit":0,
          "miss":0
        },
        "WRITE": {
          "hit":0,
          "miss":0
        },
        "TRANSLATION": {
          "hit":0,
          "miss":0
        },
        "mshr full": 0,
        "prefetch requested": 0,
        "prefetch issued": 0,
        "prefetch filled": 0,
        "prefetch useful": 0,
        "prefetch useless": 0,
        "prefetch late": 0,
        "pf_useful_at_l2_from_l1":          0,
        "pf_late_at_l2_from_l1":          0,
        "pf_useless_at_l2_from_l1":          0,
        "pf_at_l2_to_l1":          0,
        "pf_fill_this_level":          0,
        "miss latency": 4.02454,
        "cache queues": {
          "PQ_ACCESS": 0,
          "PQ_FULL": 0,
          "PQ_TO_CACHE": 0,
          "PQ_MERGED": 0,
          "RQ_ACCESS": 5809,
          "RQ_MERGED": 0,
          "RQ_FULL": 0,
          "WQ_ACCESS": 0,
          "WQ_MERGED": 0,
          "WQ_FULL": 0
        }
      },
      "cpu0_L1D": {
        "LOAD": {
          "hit":1186285,
          "miss":22266
        },
        "RFO": {
          "hit":0,
          "miss":0
        },
        "PREFETCH": {
          "hit":12862,
          "miss":45293
        },
        "WRITE": {
          "hit":1256365,
          "miss":192
        },
        "TRANSLATION": {
          "hit":488,
          "miss":177
        },
        "mshr full": 12090,
        "prefetch requested": 58147,
        "prefetch issued": 58147,
        "prefetch filled": 23252,
        "prefetch useful": 20044,
        "prefetch useless": 4245,
        "prefetch late": 942,
        "pf_useful_at_l2_from_l1":          0,
        "pf_late_at_l2_from_l1":          0,
        "pf_useless_at_l2_from_l1":          0,
        "pf_at_l2_to_l1":          0,
        "pf_fill_this_level":      23252,
        "miss latency": 9.58344,
        "cache queues": {
          "PQ_ACCESS": 58147,
          "PQ_FULL": 0,
          "PQ_TO_CACHE": 58147,
          "PQ_MERGED": 0,
          "RQ_ACCESS": 1208612,
          "RQ_MERGED": 43,
          "RQ_FULL": 14,
          "WQ_ACCESS": 1256806,
          "WQ_MERGED": 246,
          "WQ_FULL": 0
        }
      },
      "cpu0_L2C": {
        "LOAD": {
          "hit":9692,
          "miss":5694
        },
        "RFO": {
          "hit":50,
          "miss":0
        },
        "PREFETCH": {
          "hit":7859,
          "miss":35837
        },
        "WRITE": {
          "hit":2199,
          "miss":0
        },
        "TRANSLATION": {
          "hit":145,
          "miss":32
        },
        "mshr full": 159,
        "prefetch requested": 0,
        "prefetch issued": 0,
        "prefetch filled": 35654,
        "prefetch useful": 0,
        "prefetch useless": 0,
        "prefetch late": 0,
        "pf_useful_at_l2_from_l1":       8636,
        "pf_late_at_l2_from_l1":        172,
        "pf_useless_at_l2_from_l1":       3938,
        "pf_at_l2_to_l1":        164,
        "pf_fill_this_level":      13099,
        "miss latency": 30.3484,
        "cache queues": {
          "PQ_ACCESS": 43696,
          "PQ_FULL": 0,
          "PQ_TO_CACHE": 43696,
          "PQ_MERGED": 0,
          "RQ_ACCESS": 15613,
          "RQ_MERGED": 0,
          "RQ_FULL": 0,
          "WQ_ACCESS": 2210,
          "WQ_MERGED": 0,
          "WQ_FULL": 0
        }
      },
      "LLC": {
        "LOAD": {
          "hit": [44],
          "miss": [5478]
        },
        "RFO": {
          "hit": [0],
          "miss": [0]
        },
        "PREFETCH": {
          "hit": [218],
          "miss": [35616]
        },
        "WRITE": {
          "hit": [1505],
          "miss": [0]
        },
        "TRANSLATION": {
          "hit": [12],
          "miss": [20]
        },
        "mshr full": 0,
        "prefetch requested": 0,
        "prefetch issued": 0,
        "prefetch filled": 35608,
        "prefetch useful": 0,
        "prefetch useless": 0,
        "prefetch late": 0,
        "pf_useful_at_l2_from_l1":          0,
        "pf_late_at_l2_from_l1":          0,
        "pf_useless_at_l2_from_l1":          0,
        "pf_at_l2_to_l1":         33,
        "pf_fill_this_level":          0,
        "miss latency": 27.2643,
        "cache queues": {
          "PQ_ACCESS": 35834,
          "PQ_FULL": 0,
          "PQ_TO_CACHE": 35834,
          "PQ_MERGED": 0,
          "RQ_ACCESS": 5554,
          "RQ_MERGED": 0,
          "RQ_FULL": 0,
          "WQ_ACCESS": 1505,
          "WQ_MERGED": 0,
          "WQ_FULL": 0
        }
      },
      "DRAM": [
        {
          "RQ ROW_BUFFER_HIT": 29892,
          "RQ ROW_BUFFER_MISS": 11214,
          "PQ FULL": 0,
          "WQ ROW_BUFFER_HIT": 72,
          "WQ ROW_BUFFER_MISS": 401,
          "WQ FULL": 0,
          "AVG DBUS CONGESTED CYCLE": 3.96139
        }
      ]

    },
    "sim": {
      "cores": [
        {
          "instructions": 5000002,
          "cycles": 1936004,
          "Avg ROB occupancy at mispredict": 84.6686, 
          "mispredict": {
            "BRANCH_DIRECT_JUMP": 0,
            "BRANCH_INDIRECT": 0,
            "BRANCH_CONDITIONAL": 12091,
            "BRANCH_DIRECT_CALL": 0,
            "BRANCH_INDIRECT_CALL": 0,
            "BRANCH_RETURN": 0
          }
        }
      ],
      "cpu0_L1I": {
        "LOAD": {
          "hit":0,
          "miss":0
        },
        "RFO": {
          "hit":0,
          "miss":0
        },
        "PREFETCH": {
          "hit":0,
          "miss":0
        },
        "WRITE": {
          "hit":0,
          "miss":0
        },
        "TRANSLATION": {
          "hit":0,
          "miss":0
        },
        "mshr full": 0,
        "prefetch requested": 0,
        "prefetch issued": 0,
        "prefetch filled": 0,
        "prefetch useful": 0,
        "prefetch useless": 0,
        "prefetch late": 0,
        "pf_useful_at_l2_from_l1":          0,
        "pf_late_at_l2_from_l1":          0,
        "pf_useless_at_l2_from_l1":          0,
        "pf_at_l2_to_l1":          0,
        "pf_fill_this_level":          0,
        "miss latency": null,
        "cache queues": {
          "PQ_ACCESS": 0,
          "PQ_FULL": 0,
          "PQ_TO_CACHE": 0,
          "PQ_MERGED": 0,
          "RQ_ACCESS": 0,
          "RQ_MERGED": 0,
          "RQ_FULL": 0,
          "WQ_ACCESS": 0,
          "WQ_MERGED": 0,
          "WQ_FULL": 0
        }
      },
      "cpu0_ITLB": {
        "LOAD": {
          "hit":0,
          "miss":0
        },
        "RFO": {
          "hit":0,
          "miss":0
        },
        "PREFETCH": {
          "hit":0,
          "miss":0
        },
        "WRITE": {
          "hit":0,
          "miss":0
        },
        "TRANSLATION": {
          "hit":0,
          "miss":0
        },
        "mshr full": 0,
        "prefetch requested": 0,
        "prefetch issued": 0,
        "prefetch filled": 0,
        "prefetch useful": 0,
        "prefetch useless": 0,
        "prefetch late": 0,
        "pf_useful_at_l2_from_l1":          0,
        "pf_late_at_l2_from_l1":          0,
        "pf_useless_at_l2_from_l1":          0,
        "pf_at_l2_to_l1":          0,
        "pf_fill_this_level":          0,
        "miss latency": null,
        "cache queues": {
          "PQ_ACCESS": 0,
          "PQ_FULL": 0,
          "PQ_TO_CACHE": 0,
          "PQ_MERGED": 0,
          "RQ_ACCESS": 0,
          "RQ_MERGED": 0,
          "RQ_FULL": 0,
          "WQ_ACCESS": 0,
          "WQ_MERGED": 0,
          "WQ_FULL": 0
        }
      },
      "cpu0_DTLB": {
        "LOAD": {
          "hit":2428328,
          "miss":36809
        },
        "RFO": {
          "hit":0,
          "miss":0
        },
        "PREFETCH": {
          "hit":0,
          "miss":0
        },
        "WRITE": {
          "hit":0,
          "miss":0
        },
        "TRANSLATION": {
          "hit":0,
          "miss":0
        },
        "mshr full": 0,
        "prefetch requested": 0,
        "prefetch issued": 0,
        "prefetch filled": 0,
        "prefetch useful": 0,
        "prefetch useless": 0,
        "prefetch late": 0,
        "pf_useful_at_l2_from_l1":          0,
        "pf_late_at_l2_from_l1":          0,
        "pf_useless_at_l2_from_l1":          0,
        "pf_at_l2_to_l1":          0,
        "pf_fill_this_level":          0,
        "miss latency": 0.152849,
        "cache queues": {
          "PQ_ACCESS": 0,
          "PQ_FULL": 0,
          "PQ_TO_CACHE": 0,
          "PQ_MERGED": 0,
          "RQ_ACCESS": 2469300,
          "RQ_MERGED": 0,
          "RQ_FULL": 4161,
          "WQ_ACCESS": 0,
          "WQ_MERGED": 0,
          "WQ_FULL": 0
        }
      },
      "cpu0_STLB": {
        "LOAD": {
          "hit":5144,
          "miss":665
        },
        "RFO": {
          "hit":0,
          "miss":0
        },
        "PREFETCH": {
          "hit":0,
          "miss":0
        },
        "WRITE": {
          "hit":0,
          "miss":0
        },
        "TRANSLATION": {
          "hit":0,
          "miss":0
        },
        "mshr full": 0,
        "prefetch requested": 0,
        "prefetch issued": 0,
        "prefetch filled": 0,
        "prefetch useful": 0,
        "prefetch useless": 0,
        "prefetch late": 0,
        "pf_useful_at_l2_from_l1":          0,
        "pf_late_at_l2_from_l1":          0,
        "pf_useless_at_l2_from_l1":          0,
        "pf_at_l2_to_l1":          0,
        "pf_fill_this_level":          0,
        "miss latency": 4.02454,
        "cache queues": {
          "PQ_ACCESS": 0,
          "PQ_FULL": 0,
          "PQ_TO_CACHE": 0,
          "PQ_MERGED": 0,
          "RQ_ACCESS": 5809,
          "RQ_MERGED": 0,
          "RQ_FULL": 0,
          "WQ_ACCESS": 0,
          "WQ_MERGED": 0,
          "WQ_FULL": 0
        }
      },
      "cpu0_L1D": {
        "LOAD": {
          "hit":1186285,
          "miss":22266
        },
        "RFO": {
          "hit":0,
          "miss":0
        },
        "PREFETCH": {
          "hit":12862,
          "miss":45293
        },
        "WRITE": {
          "hit":1256365,
          "miss":192
        },
        "TRANSLATION": {
          "hit":488,
          "miss":177
        },
        "mshr full": 12090,
        "prefetch requested": 58147,
        "prefetch issued": 58147,
        "prefetch filled": 23252,
        "prefetch useful": 20044,
        "prefetch useless": 4245,
        "prefetch late": 942,
        "pf_useful_at_l2_from_l1":          0,
        "pf_late_at_l2_from_l1":          0,
        "pf_useless_at_l2_from_l1":          0,
        "pf_at_l2_to_l1":          0,
        "pf_fill_this_level":      23252,
        "miss latency": 9.58344,
        "cache queues": {
          "PQ_ACCESS": 58147,
          "PQ_FULL": 0,
          "PQ_TO_CACHE": 58147,
          "PQ_MERGED": 0,
          "RQ_ACCESS": 1208612,
          "RQ_MERGED": 43,
          "RQ_FULL": 14,
          "WQ_ACCESS": 1256806,
          "WQ_MERGED": 246,
          "WQ_FULL": 0
        }
      },
      "cpu0_L2C": {
        "LOAD": {
          "hit":9692,
          "miss":5694
        },
        "RFO": {
          "hit":50,
          "miss":0
        },
        "PREFETCH": {
          "hit":7859,
          "miss":35837
        },
        "WRITE": {
          "hit":2199,
          "miss":0
        },
        "TRANSLATION": {
          "hit":145,
          "miss":32
        },
        "mshr full": 159,
        "prefetch requested": 0,
        "prefetch issued": 0,
        "prefetch filled": 35654,
        "prefetch useful": 0,
        "prefetch useless": 0,
        "prefetch late": 0,
        "pf_useful_at_l2_from_l1":       8636,
        "pf_late_at_l2_from_l1":        172,
        "pf_useless_at_l2_from_l1":       3938,
        "pf_at_l2_to_l1":        164,
        "pf_fill_this_level":      13099,
        "miss latency": 30.3484,
        "cache queues": {
          "PQ_ACCESS": 43696,
          "PQ_FULL": 0,
          "PQ_TO_CACHE": 43696,
          "PQ_MERGED": 0,
          "RQ_ACCESS": 15613,
          "RQ_MERGED": 0,
          "RQ_FULL": 0,
          "WQ_ACCESS": 2210,
          "WQ_MERGED": 0,
          "WQ_FULL": 0
        }
      },
      "LLC": {
        "LOAD": {
          "hit": [44],
          "miss": [5478]
        },
        "RFO": {
          "hit": [0],
          "miss": [0]
        },
        "PREFETCH": {
          "hit": [218],
          "miss": [35616]
        },
        "WRITE": {
          "hit": [1505],
          "miss": [0]
        },
        "TRANSLATION": {
          "hit": [12],
          "miss": [20]
        },
        "mshr full": 0,
        "prefetch requested": 0,
        "prefetch issued": 0,
        "prefetch filled": 35608,
        "prefetch useful": 0,
        "prefetch useless": 0,
        "prefetch late": 0,
        "pf_useful_at_l2_from_l1":          0,
        "pf_late_at_l2_from_l1":          0,
        "pf_useless_at_l2_from_l1":          0,
        "pf_at_l2_to_l1":         33,
        "pf_fill_this_level":          0,
        "miss latency": 27.2643,
        "cache queues": {
          "PQ_ACCESS": 35834,
          "PQ_FULL": 0,
          "PQ_TO_CACHE": 35834,
          "PQ_MERGED": 0,
          "RQ_ACCESS": 5554,
          "RQ_MERGED": 0,
          "RQ_FULL": 0,
          "WQ_ACCESS": 1505,
          "WQ_MERGED": 0,
          "WQ_FULL": 0
        }
      },
      "DRAM": [
        {
          "RQ ROW_BUFFER_HIT": 29892,
          "RQ ROW_BUFFER_MISS": 11214,
          "PQ FULL": 0,
          "WQ ROW_BUFFER_HIT": 72,
          "WQ ROW_BUFFER_MISS": 401,
          "WQ FULL": 0,
          "AVG DBUS CONGESTED CYCLE": 3.96139
        }
      ]

    }
  }
]
cpu0_ITLB
cpu0_DTLB
cpu0_STLB
Prefetch Request to L1: 32732, Prefetch Request to L2: 25415
Invalid by Eviction: 4054
Invalid by Max: 6883
Filter table begin
 ┌────────────────────┬─────────────┐
 | Region             | Offset      |
 ├────────────────────┼─────────────┤
 | 0x00000000000012ca | 31          |
 ├────────────────────┼─────────────┤
 | 0x000000000000026c | 0           |
 ├────────────────────┼─────────────┤
 | 0x0000000000000219 | 1           |
 ├────────────────────┼─────────────┤
 | 0x00000000000005c6 | 0           |
 ├────────────────────┼─────────────┤
 | 0x000000000000024d | 0           |
 ├────────────────────┼─────────────┤
 | 0x0000000000000244 | 2           |
 └────────────────────┴─────────────┘
Filter table end
Accumulation table begin
 ┌────────────────────┬─────────────┬─────────────┬──────────────────────────────────────────────────────────────────┐
 | Region             | Offset      | Second      | Pattern                                                          |
 ├────────────────────┼─────────────┼─────────────┼──────────────────────────────────────────────────────────────────┤
 | 0x0000000000001284 | 2           | 1           | 1 1 1 0 0 0 0 0 0 0 0 0 0 0 0 0 0 0 0 0 0 0 0 0 0 0 0 0 0 0 0 0  |
 ├────────────────────┼─────────────┼─────────────┼──────────────────────────────────────────────────────────────────┤
 | 0x0000000000000257 | 22          | 21          | 0 0 0 0 0 0 0 0 0 0 0 0 0 0 0 0 0 0 0 0 0 1 1 0 0 0 0 0 0 0 0 0  |
 ├────────────────────┼─────────────┼─────────────┼──────────────────────────────────────────────────────────────────┤
 | 0x00000000000012d1 | 18          | 17          | 0 0 0 0 0 0 0 0 0 0 0 0 0 0 0 0 0 1 1 0 0 0 0 0 0 0 0 0 0 0 0 0  |
 ├────────────────────┼─────────────┼─────────────┼──────────────────────────────────────────────────────────────────┤
 | 0x000000000000023e | 15          | 16          | 0 0 0 0 0 0 0 0 0 0 0 0 0 0 0 1 1 0 0 0 0 0 0 0 0 0 0 0 0 0 0 0  |
 ├────────────────────┼─────────────┼─────────────┼──────────────────────────────────────────────────────────────────┤
 | 0x0000000000000681 | 12          | 11          | 0 0 0 0 0 0 0 0 0 0 0 1 1 0 0 0 0 0 0 0 0 0 0 0 0 0 0 0 0 0 0 0  |
 ├────────────────────┼─────────────┼─────────────┼──────────────────────────────────────────────────────────────────┤
 | 0x0000000000000252 | 20          | 19          | 0 0 0 0 0 0 0 0 0 0 0 0 0 0 0 0 0 0 1 1 1 0 0 0 0 0 0 0 0 0 0 0  |
 ├────────────────────┼─────────────┼─────────────┼──────────────────────────────────────────────────────────────────┤
 | 0x000000000000023d | 20          | 22          | 0 0 0 0 0 0 0 0 0 0 0 0 0 0 0 0 0 0 0 0 1 1 1 0 0 1 1 0 0 0 0 0  |
 ├────────────────────┼─────────────┼─────────────┼──────────────────────────────────────────────────────────────────┤
 | 0x00000000000011be | 16          | 15          | 0 0 0 0 0 0 0 0 0 0 0 0 0 0 1 1 1 0 0 0 0 0 0 0 0 0 0 0 0 0 0 0  |
 ├────────────────────┼─────────────┼─────────────┼──────────────────────────────────────────────────────────────────┤
 | 0x000000000000024c | 31          | 30          | 0 0 0 0 0 0 0 0 0 0 0 0 0 0 0 0 0 0 0 0 0 0 0 0 0 0 0 0 0 0 1 1  |
 ├────────────────────┼─────────────┼─────────────┼──────────────────────────────────────────────────────────────────┤
 | 0x00000000000012a0 | 24          | 23          | 0 0 0 0 0 0 0 0 0 0 0 0 0 0 0 0 0 0 0 0 0 0 0 1 1 0 0 0 0 0 0 0  |
 ├────────────────────┼─────────────┼─────────────┼──────────────────────────────────────────────────────────────────┤
 | 0x00000000000012d2 | 18          | 17          | 0 0 0 0 0 0 0 0 0 0 0 0 0 0 0 0 0 1 1 0 0 0 0 0 0 0 0 0 0 0 0 0  |
 ├────────────────────┼─────────────┼─────────────┼──────────────────────────────────────────────────────────────────┤
 | 0x0000000000000246 | 2           | 1           | 1 1 1 0 0 0 0 0 0 0 0 0 0 0 0 1 1 0 0 0 0 0 0 0 0 0 0 0 0 0 0 0  |
 ├────────────────────┼─────────────┼─────────────┼──────────────────────────────────────────────────────────────────┤
 | 0x00000000000008fb | 31          | 30          | 0 0 0 0 0 0 0 0 0 0 0 0 0 0 0 0 0 0 0 0 0 0 0 0 0 1 0 1 1 1 1 1  |
 ├────────────────────┼─────────────┼─────────────┼──────────────────────────────────────────────────────────────────┤
 | 0x0000000000001295 | 30          | 29          | 0 0 0 0 0 0 0 0 0 0 0 0 0 0 0 0 0 0 0 0 0 0 0 0 0 0 0 0 0 1 1 0  |
 ├────────────────────┼─────────────┼─────────────┼──────────────────────────────────────────────────────────────────┤
 | 0x00000000000008f8 | 31          | 28          | 0 1 1 0 1 1 0 1 1 0 1 1 0 1 1 0 1 1 0 1 1 0 1 1 0 1 1 0 1 1 0 1  |
 ├────────────────────┼─────────────┼─────────────┼──────────────────────────────────────────────────────────────────┤
 | 0x0000000000000251 | 4           | 3           | 0 0 1 1 1 0 0 0 0 0 0 0 0 0 0 0 0 0 0 0 0 0 0 0 0 0 0 0 0 0 0 0  |
 ├────────────────────┼─────────────┼─────────────┼──────────────────────────────────────────────────────────────────┤
 | 0x0000000000000255 | 19          | 20          | 0 0 0 0 0 0 0 0 0 0 0 0 0 0 0 0 0 0 1 1 1 0 0 0 0 0 0 0 0 0 0 0  |
 ├────────────────────┼─────────────┼─────────────┼──────────────────────────────────────────────────────────────────┤
 | 0x00000000000008ee | 31          | 22          | 0 1 1 0 1 1 0 1 1 0 1 1 0 1 1 0 1 1 0 1 1 0 1 1 0 1 1 0 1 1 0 1  |
 ├────────────────────┼─────────────┼─────────────┼──────────────────────────────────────────────────────────────────┤
 | 0x00000000000008f5 | 29          | 31          | 1 1 1 1 1 1 1 1 1 1 1 1 0 1 1 1 1 1 1 1 1 1 1 1 1 0 1 1 1 1 1 1  |
 ├────────────────────┼─────────────┼─────────────┼──────────────────────────────────────────────────────────────────┤
 | 0x00000000000008f0 | 31          | 30          | 1 1 1 1 1 1 0 1 1 1 1 1 1 1 1 1 1 1 1 0 1 1 1 1 1 1 1 1 1 1 1 1  |
 ├────────────────────┼─────────────┼─────────────┼──────────────────────────────────────────────────────────────────┤
 | 0x0000000000001237 | 6           | 5           | 0 0 0 0 1 1 1 0 0 0 0 0 0 0 0 0 0 0 0 0 0 0 0 0 0 0 0 0 0 0 0 0  |
 ├────────────────────┼─────────────┼─────────────┼──────────────────────────────────────────────────────────────────┤
 | 0x00000000000008eb | 30          | 31          | 1 0 1 1 1 1 1 1 1 1 1 1 1 1 0 1 1 1 1 1 1 1 1 1 1 1 1 0 1 1 1 1  |
 ├────────────────────┼─────────────┼─────────────┼──────────────────────────────────────────────────────────────────┤
 | 0x00000000000008f9 | 29          | 30          | 1 0 1 1 0 1 1 0 1 1 0 1 1 0 1 1 0 1 1 0 1 1 0 1 1 0 1 1 0 1 1 0  |
 ├────────────────────┼─────────────┼─────────────┼──────────────────────────────────────────────────────────────────┤
 | 0x0000000000000259 | 26          | 25          | 0 0 0 0 0 0 0 0 0 0 0 0 0 0 0 0 0 0 0 0 0 0 0 0 0 1 1 0 0 0 0 0  |
 ├────────────────────┼─────────────┼─────────────┼──────────────────────────────────────────────────────────────────┤
 | 0x00000000000012cb | 0           | 2           | 1 1 1 0 0 0 0 0 0 0 0 0 0 0 0 0 0 0 0 0 0 0 0 0 0 0 0 0 0 0 0 0  |
 ├────────────────────┼─────────────┼─────────────┼──────────────────────────────────────────────────────────────────┤
 | 0x0000000000000247 | 14          | 13          | 0 0 0 0 0 0 0 0 0 0 0 0 0 1 1 0 0 0 0 0 0 0 0 0 0 0 0 0 0 0 0 0  |
 ├────────────────────┼─────────────┼─────────────┼──────────────────────────────────────────────────────────────────┤
 | 0x00000000000008ed | 31          | 28          | 0 1 1 0 1 1 0 1 1 0 1 1 0 1 1 0 1 1 0 1 1 0 1 1 0 1 1 0 1 1 0 1  |
 ├────────────────────┼─────────────┼─────────────┼──────────────────────────────────────────────────────────────────┤
 | 0x000000000000024b | 10          | 9           | 0 0 0 0 0 0 0 0 1 1 1 0 0 0 0 0 0 0 0 0 0 0 0 0 0 0 0 0 0 0 0 0  |
 ├────────────────────┼─────────────┼─────────────┼──────────────────────────────────────────────────────────────────┤
 | 0x00000000000008f3 | 30          | 31          | 1 1 0 1 1 0 1 1 0 1 1 0 1 1 0 1 1 0 1 1 0 1 1 0 1 1 0 1 1 0 1 1  |
 ├────────────────────┼─────────────┼─────────────┼──────────────────────────────────────────────────────────────────┤
 | 0x00000000000008f6 | 30          | 31          | 1 1 0 1 1 0 1 1 0 1 1 0 1 1 0 1 1 0 1 1 0 1 1 0 1 1 0 1 1 0 1 1  |
 ├────────────────────┼─────────────┼─────────────┼──────────────────────────────────────────────────────────────────┤
 | 0x00000000000012ce | 10          | 9           | 0 0 0 0 0 0 0 0 1 1 1 0 0 0 0 0 0 0 0 0 0 0 0 0 0 0 0 0 0 0 0 0  |
 ├────────────────────┼─────────────┼─────────────┼──────────────────────────────────────────────────────────────────┤
 | 0x000000000000024e | 11          | 10          | 0 0 0 0 0 0 0 0 0 0 1 1 1 0 0 0 0 0 0 0 0 0 0 0 0 0 0 0 0 0 0 0  |
 └────────────────────┴─────────────┴─────────────┴──────────────────────────────────────────────────────────────────┘
Accumulation table end
Offset pattern table begin
 ┌────────────────────┬─────────────┬─────────────────────────────────────────────────────────────────────────────────────────┐
 | Key                | Second      | Pattern                                                                                 |
 ├────────────────────┼─────────────┼─────────────────────────────────────────────────────────────────────────────────────────┤
 | 0x0000000000000000 | 6           | 18 16 17 7 10 12 12 10 10 9 9 7 8 8 8 8 8 7 7 3 4 4 4 4 5 5 5 3 3 5 5 4                 |
 ├────────────────────┼─────────────┼─────────────────────────────────────────────────────────────────────────────────────────┤
 | 0x0000000000000001 | 2           | 19 16 2 3 3 2 2 2 2 3 3 2 3 3 3 4 4 3 1 1 0 1 1 0 1 1 0 1 2 1 2 8                       |
 ├────────────────────┼─────────────┼─────────────────────────────────────────────────────────────────────────────────────────┤
 | 0x0000000000000002 | 1           | 22 0 0 0 0 0 0 0 0 0 0 0 0 10 10 0 0 0 0 0 0 0 0 0 0 0 0 0 0 0 21 21                    |
 ├────────────────────┼─────────────┼─────────────────────────────────────────────────────────────────────────────────────────┤
 | 0x0000000000000003 | 2           | 28 24 4 5 1 2 3 1 2 3 1 2 3 1 2 3 1 2 3 1 2 3 1 2 3 1 2 3 1 7 6 24                      |
 ├────────────────────┼─────────────┼─────────────────────────────────────────────────────────────────────────────────────────┤
 | 0x0000000000000004 | 3           | 24 1 1 0 0 0 0 0 0 0 0 0 0 0 0 0 0 0 0 0 0 0 0 0 0 0 0 0 0 0 20 23                      |
 ├────────────────────┼─────────────┼─────────────────────────────────────────────────────────────────────────────────────────┤
 | 0x0000000000000005 | 4           | 23 17 0 0 0 0 0 0 0 0 0 0 0 0 0 0 0 0 0 0 0 0 0 0 0 0 0 2 3 5 3 18                      |
 ├────────────────────┼─────────────┼─────────────────────────────────────────────────────────────────────────────────────────┤
 | 0x0000000000000006 | 5           | 25 7 7 2 2 2 2 1 1 1 1 0 0 0 0 0 0 0 0 0 0 0 0 0 0 0 0 0 2 6 15 24                      |
 ├────────────────────┼─────────────┼─────────────────────────────────────────────────────────────────────────────────────────┤
 | 0x0000000000000007 | 6           | 20 17 3 6 5 2 5 5 2 5 5 2 4 4 1 4 3 0 3 3 0 3 3 0 3 0 4 5 1 7 5 10                      |
 ├────────────────────┼─────────────┼─────────────────────────────────────────────────────────────────────────────────────────┤
 | 0x0000000000000008 | 7           | 21 10 9 3 3 3 3 2 2 1 1 0 0 0 0 0 0 0 0 0 0 0 0 0 0 0 2 2 1 1 8 19                      |
 ├────────────────────┼─────────────┼─────────────────────────────────────────────────────────────────────────────────────────┤
 | 0x0000000000000009 | 8           | 16 13 2 5 4 1 4 4 0 3 3 0 3 3 0 3 3 0 3 3 0 3 3 6 5 2 7 6 2 9 9 7                       |
 ├────────────────────┼─────────────┼─────────────────────────────────────────────────────────────────────────────────────────┤
 | 0x000000000000000a | 9           | 26 7 7 3 3 2 2 1 1 0 0 0 0 0 0 0 0 0 0 0 0 0 0 0 1 3 3 0 3 5 10 24                      |
 ├────────────────────┼─────────────┼─────────────────────────────────────────────────────────────────────────────────────────┤
 | 0x000000000000000b | 10          | 21 18 2 4 3 1 3 3 0 2 2 0 2 2 0 2 2 0 2 2 0 5 2 5 5 4 6 5 2 6 5 16                      |
 ├────────────────────┼─────────────┼─────────────────────────────────────────────────────────────────────────────────────────┤
 | 0x000000000000000c | 11          | 25 2 1 0 0 0 0 0 0 0 0 0 0 0 0 0 0 0 0 0 0 0 0 0 0 0 0 0 0 0 8 24                       |
 ├────────────────────┼─────────────┼─────────────────────────────────────────────────────────────────────────────────────────┤
 | 0x000000000000000d | 12          | 18 13 3 8 5 2 7 5 2 7 5 2 7 5 2 7 5 2 7 3 9 6 3 9 6 3 9 6 4 11 7 7                      |
 ├────────────────────┼─────────────┼─────────────────────────────────────────────────────────────────────────────────────────┤
 | 0x000000000000000e | 13          | 20 6 5 2 2 0 0 0 0 0 0 0 0 0 0 0 0 0 0 0 1 1 0 1 1 0 1 1 2 5 9 18                       |
 ├────────────────────┼─────────────┼─────────────────────────────────────────────────────────────────────────────────────────┤
 | 0x000000000000000f | 16          | 18 18 5 7 5 3 4 4 3 5 5 3 5 5 3 5 4 4 4 3 5 5 2 4 4 1 3 4 4 6 4 7                       |
 ├────────────────────┼─────────────┼─────────────────────────────────────────────────────────────────────────────────────────┤
 | 0x0000000000000010 | 15          | 21 0 0 0 0 0 0 0 0 0 0 0 0 0 0 0 0 0 0 0 0 0 0 0 0 0 0 0 0 0 18 20                      |
 ├────────────────────┼─────────────┼─────────────────────────────────────────────────────────────────────────────────────────┤
 | 0x0000000000000011 | 18          | 13 11 1 3 2 1 3 3 1 3 3 1 3 3 1 4 2 4 4 2 4 4 1 3 4 2 4 4 2 6 6 6                       |
 ├────────────────────┼─────────────┼─────────────────────────────────────────────────────────────────────────────────────────┤
 | 0x0000000000000012 | 17          | 31 5 2 1 1 0 0 0 0 0 0 0 0 0 1 1 2 4 4 0 2 2 0 2 4 3 6 4 3 10 17 27                     |
 ├────────────────────┼─────────────┼─────────────────────────────────────────────────────────────────────────────────────────┤
 | 0x0000000000000013 | 18          | 16 14 1 3 3 1 3 3 1 3 3 1 3 1 3 3 1 3 3 1 3 3 1 3 3 1 3 3 1 4 4 12                      |
 ├────────────────────┼─────────────┼─────────────────────────────────────────────────────────────────────────────────────────┤
 | 0x0000000000000014 | 22          | 26 7 6 0 0 6 6 0 0 0 0 0 0 0 0 0 0 0 0 0 0 0 0 0 0 0 0 0 0 0 16 19                      |
 ├────────────────────┼─────────────┼─────────────────────────────────────────────────────────────────────────────────────────┤
 | 0x0000000000000015 | 26          | 20 17 3 6 7 7 5 3 2 5 3 5 3 2 5 3 2 5 3 2 5 3 2 5 3 2 5 4 2 6 6 13                      |
 ├────────────────────┼─────────────┼─────────────────────────────────────────────────────────────────────────────────────────┤
 | 0x0000000000000016 | 21          | 21 1 1 0 0 0 0 0 0 0 0 0 0 0 0 0 0 0 0 0 0 0 0 0 0 0 0 0 0 1 4 20                       |
 ├────────────────────┼─────────────┼─────────────────────────────────────────────────────────────────────────────────────────┤
 | 0x0000000000000017 | 24          | 22 18 4 7 6 3 6 5 3 5 3 6 5 3 6 5 3 6 4 3 5 5 4 6 5 3 7 6 4 9 9 13                      |
 ├────────────────────┼─────────────┼─────────────────────────────────────────────────────────────────────────────────────────┤
 | 0x0000000000000018 | 23          | 24 3 2 2 2 1 2 2 2 2 0 2 2 0 2 2 0 2 2 0 2 2 0 1 2 0 2 2 0 3 13 22                      |
 ├────────────────────┼─────────────┼─────────────────────────────────────────────────────────────────────────────────────────┤
 | 0x0000000000000019 | 24          | 31 25 8 17 12 6 14 5 13 11 5 13 11 4 14 10 7 14 11 7 15 13 7 15 13 6 16 15 7 19 16 13   |
 ├────────────────────┼─────────────┼─────────────────────────────────────────────────────────────────────────────────────────┤
 | 0x000000000000001a | 25          | 21 4 3 4 3 1 2 1 3 2 1 3 2 1 3 2 1 3 2 1 3 2 1 3 3 2 5 2 1 5 12 18                      |
 ├────────────────────┼─────────────┼─────────────────────────────────────────────────────────────────────────────────────────┤
 | 0x000000000000001b | 26          | 17 14 3 12 10 12 10 4 13 11 3 12 11 4 13 11 4 13 10 4 13 11 4 13 10 4 13 11 4 14 11 5   |
 ├────────────────────┼─────────────┼─────────────────────────────────────────────────────────────────────────────────────────┤
 | 0x000000000000001c | 27          | 24 8 5 6 0 4 4 0 4 4 0 4 4 0 4 3 0 4 4 0 4 4 0 4 4 0 4 4 0 4 17 20                      |
 ├────────────────────┼─────────────┼─────────────────────────────────────────────────────────────────────────────────────────┤
 | 0x000000000000001d | 30          | 31 30 0 29 1 29 29 1 28 29 1 29 29 1 29 29 1 29 29 1 29 28 1 29 29 1 29 29 1 30 30 2    |
 ├────────────────────┼─────────────┼─────────────────────────────────────────────────────────────────────────────────────────┤
 | 0x000000000000001e | 31          | 26 18 15 18 8 16 18 6 18 18 6 18 18 8 18 15 8 18 17 8 16 18 8 18 19 8 19 19 5 20 21 12  |
 ├────────────────────┼─────────────┼─────────────────────────────────────────────────────────────────────────────────────────┤
 | 0x000000000000001f | 28          | 25 7 12 12 7 12 13 6 12 12 5 13 13 7 14 13 7 14 13 8 13 12 8 12 13 7 13 14 7 13 14 18   |
 └────────────────────┴─────────────┴─────────────────────────────────────────────────────────────────────────────────────────┘
Offset pattern table end
PC pattern table begin
 ┌────────────────────┬─────────────┬──────────────────────────────────────────────────┐
 | Key                | Second      | Pattern                                          |
 ├────────────────────┼─────────────┼──────────────────────────────────────────────────┤
 | 0x0000000000000000 | 15          | 3 0 0 0 0 0 0 0 0 0 0 0 0 0 0 3                  |
 ├────────────────────┼─────────────┼──────────────────────────────────────────────────┤
 | 0x0000000000000003 | 30          | 30 24 24 23 23 23 23 23 23 23 23 23 24 24 25 26  |
 ├────────────────────┼─────────────┼──────────────────────────────────────────────────┤
 | 0x0000000000000008 | 3           | 1 1 1 0 0 0 0 0 0 0 0 0 0 0 0 0                  |
 ├────────────────────┼─────────────┼──────────────────────────────────────────────────┤
 | 0x000000000000000b | 31          | 1 0 0 0 0 0 0 0 0 0 0 0 0 0 0 0                  |
 ├────────────────────┼─────────────┼──────────────────────────────────────────────────┤
 | 0x000000000000000f | 1           | 24 23 18 18 0 0 0 0 0 0 0 0 0 0 0 1              |
 ├────────────────────┼─────────────┼──────────────────────────────────────────────────┤
 | 0x0000000000000010 | 16          | 6 6 0 0 0 0 0 0 0 0 0 0 0 0 0 0                  |
 ├────────────────────┼─────────────┼──────────────────────────────────────────────────┤
 | 0x0000000000000011 | 7           | 25 3 2 1 0 0 1 1 0 0 0 0 0 0 0 24                |
 ├────────────────────┼─────────────┼──────────────────────────────────────────────────┤
 | 0x0000000000000012 | 11          | 22 12 12 4 4 4 4 4 4 5 5 6 7 8 10 21             |
 ├────────────────────┼─────────────┼──────────────────────────────────────────────────┤
 | 0x0000000000000014 | 15          | 1 0 0 0 0 0 0 0 0 0 0 0 0 0 0 1                  |
 ├────────────────────┼─────────────┼──────────────────────────────────────────────────┤
 | 0x0000000000000017 | 30          | 27 25 25 25 25 25 26 26 26 26 26 26 26 26 26 26  |
 ├────────────────────┼─────────────┼──────────────────────────────────────────────────┤
 | 0x0000000000000019 | 29          | 2 1 1 1 1 1 1 1 1 1 1 1 1 1 2 2                  |
 ├────────────────────┼─────────────┼──────────────────────────────────────────────────┤
 | 0x000000000000001b | 2           | 23 21 21 21 21 21 21 22 22 22 22 22 22 22 22 22  |
 ├────────────────────┼─────────────┼──────────────────────────────────────────────────┤
 | 0x000000000000001c | 28          | 28 0 0 0 0 0 0 0 0 0 0 1 0 0 1 1                 |
 ├────────────────────┼─────────────┼──────────────────────────────────────────────────┤
 | 0x000000000000001e | 9           | 1 0 0 0 0 0 0 0 0 0 0 1 1 1 1 1                  |
 ├────────────────────┼─────────────┼──────────────────────────────────────────────────┤
 | 0x000000000000001f | 30          | 30 28 28 28 28 28 29 29 29 29 29 29 29 29 29 29  |
 └────────────────────┴─────────────┴──────────────────────────────────────────────────┘
PC pattern table end
Prefetch buffer begin
 ┌────────────────────┬──────────────────────────────────────────────────────────────────┐
 | Region             | Pattern                                                          |
 ├────────────────────┼──────────────────────────────────────────────────────────────────┤
 | 0x000000000000024c | 2 2 2 2 2 1 2 2 2 2 1 1 2 1 1 2 1 1 2 1 2 2 2 0 0 0 0 0 0 0 0 0  |
 ├────────────────────┼──────────────────────────────────────────────────────────────────┤
 | 0x00000000000008e9 | 0 0 2 0 0 0 0 0 0 0 0 0 0 0 0 0 0 0 0 0 0 0 0 0 0 0 0 0 0 0 0 0  |
 ├────────────────────┼──────────────────────────────────────────────────────────────────┤
 | 0x0000000000000252 | 0 0 0 0 0 0 0 0 0 0 0 0 0 0 0 0 0 0 0 0 0 0 2 0 0 2 2 0 0 0 0 0  |
 ├────────────────────┼──────────────────────────────────────────────────────────────────┤
 | 0x0000000000000681 | 0 0 0 0 0 0 0 0 0 0 2 0 0 0 0 0 0 0 0 0 0 0 0 0 0 0 0 0 0 0 0 0  |
 ├────────────────────┼──────────────────────────────────────────────────────────────────┤
 | 0x0000000000001295 | 1 1 2 1 1 2 1 1 2 1 1 2 1 1 2 1 1 2 1 1 2 1 1 2 1 1 2 1 1 0 0 0  |
 ├────────────────────┼──────────────────────────────────────────────────────────────────┤
 | 0x00000000000012ca | 2 2 2 2 2 1 2 2 2 2 1 1 2 1 1 2 1 1 2 1 2 2 2 1 2 1 1 2 1 1 1 0  |
 ├────────────────────┼──────────────────────────────────────────────────────────────────┤
 | 0x00000000000012d1 | 0 0 0 0 0 0 0 0 0 0 0 0 2 0 0 2 1 0 0 0 0 0 0 0 0 0 0 0 0 0 0 0  |
 ├────────────────────┼──────────────────────────────────────────────────────────────────┤
 | 0x00000000000008a9 | 2 0 0 2 0 0 0 0 0 0 0 0 0 0 0 0 0 0 0 0 0 0 0 0 0 0 0 0 0 0 0 0  |
 ├────────────────────┼──────────────────────────────────────────────────────────────────┤
 | 0x000000000000086f | 2 0 0 2 0 0 2 0 0 2 0 0 0 0 0 0 0 0 0 0 0 0 0 0 0 0 0 2 0 0 1 0  |
 ├────────────────────┼──────────────────────────────────────────────────────────────────┤
 | 0x00000000000012d0 | 2 1 1 2 1 1 2 1 1 2 1 1 2 1 1 2 1 1 2 1 1 2 0 0 0 0 0 0 0 0 0 0  |
 ├────────────────────┼──────────────────────────────────────────────────────────────────┤
 | 0x00000000000008f3 | 0 0 2 0 0 2 0 0 2 0 0 0 0 0 0 0 0 2 0 0 2 0 0 2 0 0 0 0 0 0 0 0  |
 ├────────────────────┼──────────────────────────────────────────────────────────────────┤
 | 0x000000000000089f | 2 0 0 2 0 0 2 0 0 0 0 0 0 0 0 0 0 0 0 0 0 0 0 0 0 0 0 0 0 0 0 0  |
 ├────────────────────┼──────────────────────────────────────────────────────────────────┤
 | 0x0000000000000842 | 2 0 0 2 0 0 2 0 0 2 0 0 0 0 0 0 0 0 0 0 0 0 0 0 0 0 0 0 0 0 0 0  |
 ├────────────────────┼──────────────────────────────────────────────────────────────────┤
 | 0x000000000000087d | 0 0 0 0 0 2 0 0 2 0 0 2 0 0 2 0 0 2 0 0 2 0 0 0 0 0 0 0 0 0 0 0  |
 ├────────────────────┼──────────────────────────────────────────────────────────────────┤
 | 0x00000000000012cd | 2 1 1 2 1 1 2 1 1 2 1 1 2 1 1 2 1 1 2 1 1 2 1 1 2 1 1 2 1 1 1 0  |
 ├────────────────────┼──────────────────────────────────────────────────────────────────┤
 | 0x00000000000008b4 | 2 0 0 2 0 0 2 0 0 2 0 0 2 0 0 0 0 0 0 0 0 0 0 0 0 0 0 0 0 0 0 0  |
 ├────────────────────┼──────────────────────────────────────────────────────────────────┤
 | 0x00000000000008d2 | 2 0 0 2 0 0 2 0 0 2 0 0 2 0 0 0 0 0 0 0 0 0 0 0 0 0 0 0 0 0 0 0  |
 ├────────────────────┼──────────────────────────────────────────────────────────────────┤
 | 0x00000000000008b1 | 0 0 0 0 0 0 0 0 0 0 0 0 0 0 0 0 0 0 0 0 0 2 0 0 2 0 0 2 0 0 1 0  |
 ├────────────────────┼──────────────────────────────────────────────────────────────────┤
 | 0x00000000000008ee | 2 0 0 2 0 0 0 0 0 0 0 0 0 0 0 0 0 0 0 0 0 0 0 0 0 0 0 0 0 0 0 0  |
 ├────────────────────┼──────────────────────────────────────────────────────────────────┤
 | 0x00000000000008c3 | 0 0 2 0 0 2 0 0 0 0 0 0 0 0 0 0 0 0 0 0 0 0 0 0 0 0 0 0 0 0 0 0  |
 ├────────────────────┼──────────────────────────────────────────────────────────────────┤
 | 0x00000000000008fb | 2 1 1 2 1 1 2 0 0 0 0 0 0 0 0 0 0 0 0 0 0 0 0 0 0 0 0 0 0 0 0 0  |
 ├────────────────────┼──────────────────────────────────────────────────────────────────┤
 | 0x000000000000088c | 2 0 0 2 0 0 2 0 0 2 0 0 2 0 0 2 0 0 2 0 0 0 0 0 0 0 0 0 0 0 0 0  |
 ├────────────────────┼──────────────────────────────────────────────────────────────────┤
 | 0x0000000000000879 | 2 0 0 0 0 0 0 0 0 0 0 0 0 0 0 0 0 0 0 0 0 0 0 0 0 0 0 0 0 0 0 0  |
 ├────────────────────┼──────────────────────────────────────────────────────────────────┤
 | 0x00000000000008b0 | 0 0 2 0 0 2 0 0 2 0 0 2 0 0 0 0 0 0 0 0 0 0 0 0 0 0 2 0 0 2 0 0  |
 ├────────────────────┼──────────────────────────────────────────────────────────────────┤
 | 0x00000000000012d2 | 0 0 0 0 0 0 0 0 0 0 0 0 2 0 0 2 0 0 0 0 0 0 0 0 0 0 0 0 0 0 0 0  |
 ├────────────────────┼──────────────────────────────────────────────────────────────────┤
 | 0x00000000000012c6 | 0 2 2 0 2 2 0 0 0 2 2 2 0 2 2 0 2 2 0 2 2 0 2 2 0 2 2 0 2 2 0 2  |
 ├────────────────────┼──────────────────────────────────────────────────────────────────┤
 | 0x0000000000000873 | 0 0 0 0 0 0 0 0 0 1 1 2 1 1 1 1 1 1 1 2 2 2 2 2 2 2 2 2 2 2 2 2  |
 └────────────────────┴──────────────────────────────────────────────────────────────────┘
Prefetch buffer end
Filter by PPT: 0
cpu0_L2C
Num Con Filled: 0
Num Con Useful: 0 Useless:0 Accuracy: nan
LLC
