41 41 41
Available num physical pages: 35184372088576
WARNING: physical memory size is smaller than virtual memory size

*** ChampSim Multicore Out-of-Order Simulator ***

Warmup Instructions: 5000000
Simulation Instructions: 200000000
Number of CPUs: 1
Page size: 4096

Basic BTB sets: 1024 ways: 8 indirect buffer size: 4096 RAS size: 64
cpu0_L1D PMP prefetcher
Off-chip DRAM Size: 4 GiB Channels: 1 Width: 64-bit Data Rate: 3200 MT/s
Max paddr 11M
Warmup finished CPU 0 instructions: 5000001 cycles: 1250046 cumulative IPC: 3.99986 (Simulation time: 0 hr 2 min 35 sec) 

Warmup complete CPU 0 instructions: 5000001 cycles: 1250046 (Simulation time: 0 hr 2 min 35 sec) 

Heartbeat CPU 0 instructions: 10000002 cycles: 4883886 heartbeat IPC: 2.04756 cumulative IPC: 1.37596 (Simulation time: 0 hr 6 min 17 sec) 
Heartbeat CPU 0 instructions: 20000003 cycles: 12187206 heartbeat IPC: 1.36925 cumulative IPC: 1.37148 (Simulation time: 0 hr 13 min 27 sec) 
Heartbeat CPU 0 instructions: 30000000 cycles: 19551221 heartbeat IPC: 1.35796 cumulative IPC: 1.36604 (Simulation time: 0 hr 20 min 40 sec) 
Heartbeat CPU 0 instructions: 40000000 cycles: 26607091 heartbeat IPC: 1.41726 cumulative IPC: 1.38029 (Simulation time: 0 hr 28 min 13 sec) 
Heartbeat CPU 0 instructions: 50000003 cycles: 33654902 heartbeat IPC: 1.41889 cumulative IPC: 1.38869 (Simulation time: 0 hr 35 min 29 sec) 
Heartbeat CPU 0 instructions: 60000003 cycles: 41063441 heartbeat IPC: 1.3498 cumulative IPC: 1.38145 (Simulation time: 0 hr 42 min 54 sec) 
Heartbeat CPU 0 instructions: 70000003 cycles: 48227402 heartbeat IPC: 1.39588 cumulative IPC: 1.38365 (Simulation time: 0 hr 50 min 21 sec) 
Heartbeat CPU 0 instructions: 80000001 cycles: 55231911 heartbeat IPC: 1.42766 cumulative IPC: 1.38936 (Simulation time: 0 hr 57 min 44 sec) 
Heartbeat CPU 0 instructions: 90000003 cycles: 62486450 heartbeat IPC: 1.37845 cumulative IPC: 1.38807 (Simulation time: 1 hr 5 min 6 sec) 
Heartbeat CPU 0 instructions: 100000002 cycles: 69387137 heartbeat IPC: 1.44914 cumulative IPC: 1.39425 (Simulation time: 1 hr 12 min 34 sec) 
Heartbeat CPU 0 instructions: 110000000 cycles: 76703353 heartbeat IPC: 1.36683 cumulative IPC: 1.39159 (Simulation time: 1 hr 19 min 56 sec) 
Heartbeat CPU 0 instructions: 120000000 cycles: 83714082 heartbeat IPC: 1.42639 cumulative IPC: 1.39455 (Simulation time: 1 hr 27 min 15 sec) 
Heartbeat CPU 0 instructions: 130000000 cycles: 90989225 heartbeat IPC: 1.37455 cumulative IPC: 1.39293 (Simulation time: 1 hr 34 min 44 sec) 
Heartbeat CPU 0 instructions: 140000001 cycles: 98169169 heartbeat IPC: 1.39277 cumulative IPC: 1.39292 (Simulation time: 1 hr 41 min 59 sec) 
Heartbeat CPU 0 instructions: 150000001 cycles: 105229529 heartbeat IPC: 1.41636 cumulative IPC: 1.39451 (Simulation time: 1 hr 49 min 21 sec) 
Heartbeat CPU 0 instructions: 160000002 cycles: 112268322 heartbeat IPC: 1.4207 cumulative IPC: 1.39617 (Simulation time: 1 hr 56 min 18 sec) 
Heartbeat CPU 0 instructions: 170000001 cycles: 119517731 heartbeat IPC: 1.37943 cumulative IPC: 1.39515 (Simulation time: 2 hr 2 min 46 sec) 
Heartbeat CPU 0 instructions: 180000001 cycles: 126909868 heartbeat IPC: 1.35279 cumulative IPC: 1.39265 (Simulation time: 2 hr 8 min 42 sec) 
Heartbeat CPU 0 instructions: 190000000 cycles: 134172861 heartbeat IPC: 1.37685 cumulative IPC: 1.39179 (Simulation time: 2 hr 13 min 57 sec) 
Heartbeat CPU 0 instructions: 200000001 cycles: 141417628 heartbeat IPC: 1.38031 cumulative IPC: 1.3912 (Simulation time: 2 hr 18 min 26 sec) 
Max paddr 169M
Simulation finished CPU 0 instructions: 200000003 cycles: 143600848 cumulative IPC: 1.39275 (Simulation time: 2 hr 20 min 22 sec) 

Simulation complete CPU 0 instructions: 200000003 cycles: 143600848 (Simulation time: 2 hr 20 min 22 sec) 


ChampSim completed all CPUs

[
  {
    "name": "Simulation",
    "traces": [
      "../traces/458.sjeng-31B.champsimtrace.xz"
    ],
    "roi": {
      "cores": [
        {
          "instructions": 200000003,
          "cycles": 143600848,
          "Avg ROB occupancy at mispredict": 17.0017, 
          "mispredict": {
            "BRANCH_DIRECT_JUMP": 20305,
            "BRANCH_INDIRECT": 170607,
            "BRANCH_CONDITIONAL": 4276061,
            "BRANCH_DIRECT_CALL": 19,
            "BRANCH_INDIRECT_CALL": 52413,
            "BRANCH_RETURN": 32290
          }
        }
      ],
      "cpu0_L1I": {
        "LOAD": {
          "hit":8603404,
          "miss":13932
        },
        "RFO": {
          "hit":0,
          "miss":0
        },
        "PREFETCH": {
          "hit":0,
          "miss":0
        },
        "WRITE": {
          "hit":0,
          "miss":0
        },
        "TRANSLATION": {
          "hit":0,
          "miss":0
        },
        "mshr full": 0,
        "prefetch requested": 0,
        "prefetch issued": 0,
        "prefetch filled": 0,
        "prefetch useful": 0,
        "prefetch useless": 0,
        "prefetch late": 0,
        "pf_useful_at_l2_from_l1":          0,
        "pf_late_at_l2_from_l1":          0,
        "pf_useless_at_l2_from_l1":          0,
        "pf_at_l2_to_l1":          0,
        "pf_fill_this_level":          0,
        "miss latency": 0.808311,
        "cache queues": {
          "PQ_ACCESS": 0,
          "PQ_FULL": 0,
          "PQ_TO_CACHE": 0,
          "PQ_MERGED": 0,
          "RQ_ACCESS": 8793713,
          "RQ_MERGED": 176374,
          "RQ_FULL": 0,
          "WQ_ACCESS": 0,
          "WQ_MERGED": 0,
          "WQ_FULL": 0
        }
      },
      "cpu0_ITLB": {
        "LOAD": {
          "hit":6796809,
          "miss":2
        },
        "RFO": {
          "hit":0,
          "miss":0
        },
        "PREFETCH": {
          "hit":0,
          "miss":0
        },
        "WRITE": {
          "hit":0,
          "miss":0
        },
        "TRANSLATION": {
          "hit":0,
          "miss":0
        },
        "mshr full": 0,
        "prefetch requested": 0,
        "prefetch issued": 0,
        "prefetch filled": 0,
        "prefetch useful": 0,
        "prefetch useless": 0,
        "prefetch late": 0,
        "pf_useful_at_l2_from_l1":          0,
        "pf_late_at_l2_from_l1":          0,
        "pf_useless_at_l2_from_l1":          0,
        "pf_at_l2_to_l1":          0,
        "pf_fill_this_level":          0,
        "miss latency": 38.2188,
        "cache queues": {
          "PQ_ACCESS": 0,
          "PQ_FULL": 0,
          "PQ_TO_CACHE": 0,
          "PQ_MERGED": 0,
          "RQ_ACCESS": 6796812,
          "RQ_MERGED": 0,
          "RQ_FULL": 0,
          "WQ_ACCESS": 0,
          "WQ_MERGED": 0,
          "WQ_FULL": 0
        }
      },
      "cpu0_DTLB": {
        "LOAD": {
          "hit":63467891,
          "miss":495666
        },
        "RFO": {
          "hit":0,
          "miss":0
        },
        "PREFETCH": {
          "hit":0,
          "miss":0
        },
        "WRITE": {
          "hit":0,
          "miss":0
        },
        "TRANSLATION": {
          "hit":0,
          "miss":0
        },
        "mshr full": 0,
        "prefetch requested": 0,
        "prefetch issued": 0,
        "prefetch filled": 0,
        "prefetch useful": 0,
        "prefetch useless": 0,
        "prefetch late": 0,
        "pf_useful_at_l2_from_l1":          0,
        "pf_late_at_l2_from_l1":          0,
        "pf_useless_at_l2_from_l1":          0,
        "pf_at_l2_to_l1":          0,
        "pf_fill_this_level":          0,
        "miss latency": 2.77042,
        "cache queues": {
          "PQ_ACCESS": 0,
          "PQ_FULL": 0,
          "PQ_TO_CACHE": 0,
          "PQ_MERGED": 0,
          "RQ_ACCESS": 64038359,
          "RQ_MERGED": 0,
          "RQ_FULL": 74800,
          "WQ_ACCESS": 0,
          "WQ_MERGED": 0,
          "WQ_FULL": 0
        }
      },
      "cpu0_STLB": {
        "LOAD": {
          "hit":241486,
          "miss":58473
        },
        "RFO": {
          "hit":0,
          "miss":0
        },
        "PREFETCH": {
          "hit":0,
          "miss":0
        },
        "WRITE": {
          "hit":0,
          "miss":0
        },
        "TRANSLATION": {
          "hit":0,
          "miss":0
        },
        "mshr full": 0,
        "prefetch requested": 0,
        "prefetch issued": 0,
        "prefetch filled": 0,
        "prefetch useful": 0,
        "prefetch useless": 0,
        "prefetch late": 0,
        "pf_useful_at_l2_from_l1":          0,
        "pf_late_at_l2_from_l1":          0,
        "pf_useless_at_l2_from_l1":          0,
        "pf_at_l2_to_l1":          0,
        "pf_fill_this_level":          0,
        "miss latency": 20.8578,
        "cache queues": {
          "PQ_ACCESS": 0,
          "PQ_FULL": 0,
          "PQ_TO_CACHE": 0,
          "PQ_MERGED": 0,
          "RQ_ACCESS": 299959,
          "RQ_MERGED": 0,
          "RQ_FULL": 0,
          "WQ_ACCESS": 0,
          "WQ_MERGED": 0,
          "WQ_FULL": 0
        }
      },
      "cpu0_L1D": {
        "LOAD": {
          "hit":45613990,
          "miss":173518
        },
        "RFO": {
          "hit":0,
          "miss":0
        },
        "PREFETCH": {
          "hit":627896,
          "miss":994674
        },
        "WRITE": {
          "hit":17892747,
          "miss":289075
        },
        "TRANSLATION": {
          "hit":8822,
          "miss":71787
        },
        "mshr full": 893,
        "prefetch requested": 1622585,
        "prefetch issued": 1622585,
        "prefetch filled": 137665,
        "prefetch useful": 14070,
        "prefetch useless": 123846,
        "prefetch late": 317,
        "pf_useful_at_l2_from_l1":          0,
        "pf_late_at_l2_from_l1":          0,
        "pf_useless_at_l2_from_l1":          0,
        "pf_at_l2_to_l1":          0,
        "pf_fill_this_level":     137655,
        "miss latency": 6.18986,
        "cache queues": {
          "PQ_ACCESS": 1622585,
          "PQ_FULL": 0,
          "PQ_TO_CACHE": 1622585,
          "PQ_MERGED": 11,
          "RQ_ACCESS": 45788932,
          "RQ_MERGED": 1417,
          "RQ_FULL": 0,
          "WQ_ACCESS": 18181866,
          "WQ_MERGED": 42,
          "WQ_FULL": 0
        }
      },
      "cpu0_L2C": {
        "LOAD": {
          "hit":66921,
          "miss":70187
        },
        "RFO": {
          "hit":63462,
          "miss":5512
        },
        "PREFETCH": {
          "hit":647635,
          "miss":344534
        },
        "WRITE": {
          "hit":80209,
          "miss":0
        },
        "TRANSLATION": {
          "hit":17042,
          "miss":54745
        },
        "mshr full": 271,
        "prefetch requested": 0,
        "prefetch issued": 0,
        "prefetch filled": 344333,
        "prefetch useful": 0,
        "prefetch useless": 0,
        "prefetch late": 0,
        "pf_useful_at_l2_from_l1":       6871,
        "pf_late_at_l2_from_l1":        200,
        "pf_useless_at_l2_from_l1":     258211,
        "pf_at_l2_to_l1":       5205,
        "pf_fill_this_level":     269659,
        "miss latency": 40.6814,
        "cache queues": {
          "PQ_ACCESS": 992234,
          "PQ_FULL": 0,
          "PQ_TO_CACHE": 992234,
          "PQ_MERGED": 0,
          "RQ_ACCESS": 277915,
          "RQ_MERGED": 0,
          "RQ_FULL": 0,
          "WQ_ACCESS": 80757,
          "WQ_MERGED": 0,
          "WQ_FULL": 0
        }
      },
      "LLC": {
        "LOAD": {
          "hit": [6791],
          "miss": [63311]
        },
        "RFO": {
          "hit": [2967],
          "miss": [2430]
        },
        "PREFETCH": {
          "hit": [39749],
          "miss": [304784]
        },
        "WRITE": {
          "hit": [55668],
          "miss": [0]
        },
        "TRANSLATION": {
          "hit": [1541],
          "miss": [53204]
        },
        "mshr full": 0,
        "prefetch requested": 0,
        "prefetch issued": 0,
        "prefetch filled": 304784,
        "prefetch useful": 0,
        "prefetch useless": 0,
        "prefetch late": 0,
        "pf_useful_at_l2_from_l1":          0,
        "pf_late_at_l2_from_l1":          0,
        "pf_useless_at_l2_from_l1":          0,
        "pf_at_l2_to_l1":       2365,
        "pf_fill_this_level":          0,
        "miss latency": 41.5933,
        "cache queues": {
          "PQ_ACCESS": 344533,
          "PQ_FULL": 0,
          "PQ_TO_CACHE": 344533,
          "PQ_MERGED": 0,
          "RQ_ACCESS": 130244,
          "RQ_MERGED": 0,
          "RQ_FULL": 0,
          "WQ_ACCESS": 55846,
          "WQ_MERGED": 0,
          "WQ_FULL": 0
        }
      },
      "DRAM": [
        {
          "RQ ROW_BUFFER_HIT": 119433,
          "RQ ROW_BUFFER_MISS": 304296,
          "PQ FULL": 0,
          "WQ ROW_BUFFER_HIT": 2480,
          "WQ ROW_BUFFER_MISS": 48433,
          "WQ FULL": 0,
          "AVG DBUS CONGESTED CYCLE": 3.89473
        }
      ]

    },
    "sim": {
      "cores": [
        {
          "instructions": 200000003,
          "cycles": 143600848,
          "Avg ROB occupancy at mispredict": 17.0017, 
          "mispredict": {
            "BRANCH_DIRECT_JUMP": 20305,
            "BRANCH_INDIRECT": 170607,
            "BRANCH_CONDITIONAL": 4276061,
            "BRANCH_DIRECT_CALL": 19,
            "BRANCH_INDIRECT_CALL": 52413,
            "BRANCH_RETURN": 32290
          }
        }
      ],
      "cpu0_L1I": {
        "LOAD": {
          "hit":8603404,
          "miss":13932
        },
        "RFO": {
          "hit":0,
          "miss":0
        },
        "PREFETCH": {
          "hit":0,
          "miss":0
        },
        "WRITE": {
          "hit":0,
          "miss":0
        },
        "TRANSLATION": {
          "hit":0,
          "miss":0
        },
        "mshr full": 0,
        "prefetch requested": 0,
        "prefetch issued": 0,
        "prefetch filled": 0,
        "prefetch useful": 0,
        "prefetch useless": 0,
        "prefetch late": 0,
        "pf_useful_at_l2_from_l1":          0,
        "pf_late_at_l2_from_l1":          0,
        "pf_useless_at_l2_from_l1":          0,
        "pf_at_l2_to_l1":          0,
        "pf_fill_this_level":          0,
        "miss latency": 0.808311,
        "cache queues": {
          "PQ_ACCESS": 0,
          "PQ_FULL": 0,
          "PQ_TO_CACHE": 0,
          "PQ_MERGED": 0,
          "RQ_ACCESS": 8793713,
          "RQ_MERGED": 176374,
          "RQ_FULL": 0,
          "WQ_ACCESS": 0,
          "WQ_MERGED": 0,
          "WQ_FULL": 0
        }
      },
      "cpu0_ITLB": {
        "LOAD": {
          "hit":6796809,
          "miss":2
        },
        "RFO": {
          "hit":0,
          "miss":0
        },
        "PREFETCH": {
          "hit":0,
          "miss":0
        },
        "WRITE": {
          "hit":0,
          "miss":0
        },
        "TRANSLATION": {
          "hit":0,
          "miss":0
        },
        "mshr full": 0,
        "prefetch requested": 0,
        "prefetch issued": 0,
        "prefetch filled": 0,
        "prefetch useful": 0,
        "prefetch useless": 0,
        "prefetch late": 0,
        "pf_useful_at_l2_from_l1":          0,
        "pf_late_at_l2_from_l1":          0,
        "pf_useless_at_l2_from_l1":          0,
        "pf_at_l2_to_l1":          0,
        "pf_fill_this_level":          0,
        "miss latency": 38.2188,
        "cache queues": {
          "PQ_ACCESS": 0,
          "PQ_FULL": 0,
          "PQ_TO_CACHE": 0,
          "PQ_MERGED": 0,
          "RQ_ACCESS": 6796812,
          "RQ_MERGED": 0,
          "RQ_FULL": 0,
          "WQ_ACCESS": 0,
          "WQ_MERGED": 0,
          "WQ_FULL": 0
        }
      },
      "cpu0_DTLB": {
        "LOAD": {
          "hit":63467891,
          "miss":495666
        },
        "RFO": {
          "hit":0,
          "miss":0
        },
        "PREFETCH": {
          "hit":0,
          "miss":0
        },
        "WRITE": {
          "hit":0,
          "miss":0
        },
        "TRANSLATION": {
          "hit":0,
          "miss":0
        },
        "mshr full": 0,
        "prefetch requested": 0,
        "prefetch issued": 0,
        "prefetch filled": 0,
        "prefetch useful": 0,
        "prefetch useless": 0,
        "prefetch late": 0,
        "pf_useful_at_l2_from_l1":          0,
        "pf_late_at_l2_from_l1":          0,
        "pf_useless_at_l2_from_l1":          0,
        "pf_at_l2_to_l1":          0,
        "pf_fill_this_level":          0,
        "miss latency": 2.77042,
        "cache queues": {
          "PQ_ACCESS": 0,
          "PQ_FULL": 0,
          "PQ_TO_CACHE": 0,
          "PQ_MERGED": 0,
          "RQ_ACCESS": 64038359,
          "RQ_MERGED": 0,
          "RQ_FULL": 74800,
          "WQ_ACCESS": 0,
          "WQ_MERGED": 0,
          "WQ_FULL": 0
        }
      },
      "cpu0_STLB": {
        "LOAD": {
          "hit":241486,
          "miss":58473
        },
        "RFO": {
          "hit":0,
          "miss":0
        },
        "PREFETCH": {
          "hit":0,
          "miss":0
        },
        "WRITE": {
          "hit":0,
          "miss":0
        },
        "TRANSLATION": {
          "hit":0,
          "miss":0
        },
        "mshr full": 0,
        "prefetch requested": 0,
        "prefetch issued": 0,
        "prefetch filled": 0,
        "prefetch useful": 0,
        "prefetch useless": 0,
        "prefetch late": 0,
        "pf_useful_at_l2_from_l1":          0,
        "pf_late_at_l2_from_l1":          0,
        "pf_useless_at_l2_from_l1":          0,
        "pf_at_l2_to_l1":          0,
        "pf_fill_this_level":          0,
        "miss latency": 20.8578,
        "cache queues": {
          "PQ_ACCESS": 0,
          "PQ_FULL": 0,
          "PQ_TO_CACHE": 0,
          "PQ_MERGED": 0,
          "RQ_ACCESS": 299959,
          "RQ_MERGED": 0,
          "RQ_FULL": 0,
          "WQ_ACCESS": 0,
          "WQ_MERGED": 0,
          "WQ_FULL": 0
        }
      },
      "cpu0_L1D": {
        "LOAD": {
          "hit":45613990,
          "miss":173518
        },
        "RFO": {
          "hit":0,
          "miss":0
        },
        "PREFETCH": {
          "hit":627896,
          "miss":994674
        },
        "WRITE": {
          "hit":17892747,
          "miss":289075
        },
        "TRANSLATION": {
          "hit":8822,
          "miss":71787
        },
        "mshr full": 893,
        "prefetch requested": 1622585,
        "prefetch issued": 1622585,
        "prefetch filled": 137665,
        "prefetch useful": 14070,
        "prefetch useless": 123846,
        "prefetch late": 317,
        "pf_useful_at_l2_from_l1":          0,
        "pf_late_at_l2_from_l1":          0,
        "pf_useless_at_l2_from_l1":          0,
        "pf_at_l2_to_l1":          0,
        "pf_fill_this_level":     137655,
        "miss latency": 6.18986,
        "cache queues": {
          "PQ_ACCESS": 1622585,
          "PQ_FULL": 0,
          "PQ_TO_CACHE": 1622585,
          "PQ_MERGED": 11,
          "RQ_ACCESS": 45788932,
          "RQ_MERGED": 1417,
          "RQ_FULL": 0,
          "WQ_ACCESS": 18181866,
          "WQ_MERGED": 42,
          "WQ_FULL": 0
        }
      },
      "cpu0_L2C": {
        "LOAD": {
          "hit":66921,
          "miss":70187
        },
        "RFO": {
          "hit":63462,
          "miss":5512
        },
        "PREFETCH": {
          "hit":647635,
          "miss":344534
        },
        "WRITE": {
          "hit":80209,
          "miss":0
        },
        "TRANSLATION": {
          "hit":17042,
          "miss":54745
        },
        "mshr full": 271,
        "prefetch requested": 0,
        "prefetch issued": 0,
        "prefetch filled": 344333,
        "prefetch useful": 0,
        "prefetch useless": 0,
        "prefetch late": 0,
        "pf_useful_at_l2_from_l1":       6871,
        "pf_late_at_l2_from_l1":        200,
        "pf_useless_at_l2_from_l1":     258211,
        "pf_at_l2_to_l1":       5205,
        "pf_fill_this_level":     269659,
        "miss latency": 40.6814,
        "cache queues": {
          "PQ_ACCESS": 992234,
          "PQ_FULL": 0,
          "PQ_TO_CACHE": 992234,
          "PQ_MERGED": 0,
          "RQ_ACCESS": 277915,
          "RQ_MERGED": 0,
          "RQ_FULL": 0,
          "WQ_ACCESS": 80757,
          "WQ_MERGED": 0,
          "WQ_FULL": 0
        }
      },
      "LLC": {
        "LOAD": {
          "hit": [6791],
          "miss": [63311]
        },
        "RFO": {
          "hit": [2967],
          "miss": [2430]
        },
        "PREFETCH": {
          "hit": [39749],
          "miss": [304784]
        },
        "WRITE": {
          "hit": [55668],
          "miss": [0]
        },
        "TRANSLATION": {
          "hit": [1541],
          "miss": [53204]
        },
        "mshr full": 0,
        "prefetch requested": 0,
        "prefetch issued": 0,
        "prefetch filled": 304784,
        "prefetch useful": 0,
        "prefetch useless": 0,
        "prefetch late": 0,
        "pf_useful_at_l2_from_l1":          0,
        "pf_late_at_l2_from_l1":          0,
        "pf_useless_at_l2_from_l1":          0,
        "pf_at_l2_to_l1":       2365,
        "pf_fill_this_level":          0,
        "miss latency": 41.5933,
        "cache queues": {
          "PQ_ACCESS": 344533,
          "PQ_FULL": 0,
          "PQ_TO_CACHE": 344533,
          "PQ_MERGED": 0,
          "RQ_ACCESS": 130244,
          "RQ_MERGED": 0,
          "RQ_FULL": 0,
          "WQ_ACCESS": 55846,
          "WQ_MERGED": 0,
          "WQ_FULL": 0
        }
      },
      "DRAM": [
        {
          "RQ ROW_BUFFER_HIT": 119433,
          "RQ ROW_BUFFER_MISS": 304296,
          "PQ FULL": 0,
          "WQ ROW_BUFFER_HIT": 2480,
          "WQ ROW_BUFFER_MISS": 48433,
          "WQ FULL": 0,
          "AVG DBUS CONGESTED CYCLE": 3.89473
        }
      ]

    }
  }
]
cpu0_ITLB
cpu0_DTLB
cpu0_STLB
Prefetch Request to L1: 337254, Prefetch Request to L2: 1285331
Invalid by Eviction: 29644
Invalid by Max: 155669
Filter table begin
 ┌────────────────────┬─────────────┐
 | Region             | Offset      |
 ├────────────────────┼─────────────┤
 | 0x00000000000002cb | 14          |
 ├────────────────────┼─────────────┤
 | 0x00000000000002ae | 6           |
 ├────────────────────┼─────────────┤
 | 0x0000000000000276 | 21          |
 ├────────────────────┼─────────────┤
 | 0x0000000000006996 | 12          |
 ├────────────────────┼─────────────┤
 | 0x0000000000015351 | 16          |
 ├────────────────────┼─────────────┤
 | 0x0000000000008d6f | 3           |
 ├────────────────────┼─────────────┤
 | 0x0000000000000240 | 4           |
 ├────────────────────┼─────────────┤
 | 0x000000000000cbb0 | 6           |
 ├────────────────────┼─────────────┤
 | 0x00000000000039b6 | 14          |
 ├────────────────────┼─────────────┤
 | 0x0000000000000236 | 4           |
 ├────────────────────┼─────────────┤
 | 0x000000000000022d | 14          |
 ├────────────────────┼─────────────┤
 | 0x00000000000002bd | 26          |
 ├────────────────────┼─────────────┤
 | 0x0000000000004655 | 26          |
 ├────────────────────┼─────────────┤
 | 0x0000000000000241 | 21          |
 ├────────────────────┼─────────────┤
 | 0x0000000000015327 | 1           |
 ├────────────────────┼─────────────┤
 | 0x0000000000003eb1 | 27          |
 ├────────────────────┼─────────────┤
 | 0x000000000000022e | 4           |
 ├────────────────────┼─────────────┤
 | 0x0000000000000293 | 0           |
 ├────────────────────┼─────────────┤
 | 0x0000000000007497 | 1           |
 ├────────────────────┼─────────────┤
 | 0x0000000000000266 | 13          |
 ├────────────────────┼─────────────┤
 | 0x00000000000038cf | 16          |
 ├────────────────────┼─────────────┤
 | 0x0000000000015341 | 0           |
 ├────────────────────┼─────────────┤
 | 0x00000000000002ac | 11          |
 ├────────────────────┼─────────────┤
 | 0x00000000000039b4 | 15          |
 ├────────────────────┼─────────────┤
 | 0x0000000000001cea | 8           |
 ├────────────────────┼─────────────┤
 | 0x000000000000eabc | 20          |
 ├────────────────────┼─────────────┤
 | 0x0000000000000234 | 7           |
 ├────────────────────┼─────────────┤
 | 0x0000000000003578 | 19          |
 ├────────────────────┼─────────────┤
 | 0x0000000000000243 | 20          |
 ├────────────────────┼─────────────┤
 | 0x000000000000f574 | 29          |
 ├────────────────────┼─────────────┤
 | 0x000000000000027b | 18          |
 ├────────────────────┼─────────────┤
 | 0x0000000000000233 | 1           |
 ├────────────────────┼─────────────┤
 | 0x00000000000058a3 | 27          |
 ├────────────────────┼─────────────┤
 | 0x0000000000008559 | 10          |
 ├────────────────────┼─────────────┤
 | 0x000000000000247a | 17          |
 ├────────────────────┼─────────────┤
 | 0x00000000000002b8 | 0           |
 ├────────────────────┼─────────────┤
 | 0x000000000000021e | 14          |
 ├────────────────────┼─────────────┤
 | 0x0000000000000232 | 28          |
 ├────────────────────┼─────────────┤
 | 0x0000000000007499 | 8           |
 ├────────────────────┼─────────────┤
 | 0x000000000000027a | 31          |
 ├────────────────────┼─────────────┤
 | 0x00000000000002b9 | 14          |
 ├────────────────────┼─────────────┤
 | 0x00000000000004a8 | 28          |
 ├────────────────────┼─────────────┤
 | 0x0000000000000257 | 23          |
 ├────────────────────┼─────────────┤
 | 0x0000000000007976 | 15          |
 ├────────────────────┼─────────────┤
 | 0x000000000000fee0 | 3           |
 ├────────────────────┼─────────────┤
 | 0x00000000000002a8 | 7           |
 ├────────────────────┼─────────────┤
 | 0x0000000000000238 | 31          |
 ├────────────────────┼─────────────┤
 | 0x0000000000011c42 | 31          |
 ├────────────────────┼─────────────┤
 | 0x00000000000069e7 | 26          |
 ├────────────────────┼─────────────┤
 | 0x000000000000049d | 10          |
 ├────────────────────┼─────────────┤
 | 0x000000000000947b | 22          |
 ├────────────────────┼─────────────┤
 | 0x000000000000025c | 5           |
 ├────────────────────┼─────────────┤
 | 0x0000000000000230 | 29          |
 ├────────────────────┼─────────────┤
 | 0x0000000000000540 | 18          |
 ├────────────────────┼─────────────┤
 | 0x0000000000008930 | 0           |
 ├────────────────────┼─────────────┤
 | 0x000000000001534d | 13          |
 ├────────────────────┼─────────────┤
 | 0x0000000000000263 | 22          |
 └────────────────────┴─────────────┘
Filter table end
Accumulation table begin
 ┌────────────────────┬─────────────┬─────────────┬──────────────────────────────────────────────────────────────────┐
 | Region             | Offset      | Second      | Pattern                                                          |
 ├────────────────────┼─────────────┼─────────────┼──────────────────────────────────────────────────────────────────┤
 | 0x0000000000000216 | 3           | 12          | 0 0 0 1 1 1 1 1 1 0 0 0 1 1 1 1 1 1 0 0 0 0 1 1 1 1 1 0 0 0 0 1  |
 ├────────────────────┼─────────────┼─────────────┼──────────────────────────────────────────────────────────────────┤
 | 0x0000000000000219 | 20          | 15          | 1 1 1 1 1 0 1 0 0 0 1 0 0 0 0 1 1 0 0 1 1 0 0 0 0 0 0 0 0 0 0 0  |
 ├────────────────────┼─────────────┼─────────────┼──────────────────────────────────────────────────────────────────┤
 | 0x000000000000024f | 14          | 7           | 0 0 0 0 0 0 0 1 0 0 0 0 0 0 1 1 0 0 0 0 0 0 0 0 0 0 0 0 0 0 0 0  |
 ├────────────────────┼─────────────┼─────────────┼──────────────────────────────────────────────────────────────────┤
 | 0x0000000000000261 | 19          | 20          | 0 0 0 0 0 0 0 0 0 0 0 0 0 0 0 0 0 0 0 1 1 1 1 1 1 0 0 0 0 0 0 1  |
 ├────────────────────┼─────────────┼─────────────┼──────────────────────────────────────────────────────────────────┤
 | 0x0000000000000237 | 26          | 21          | 0 0 0 0 0 0 0 0 0 0 0 0 0 0 0 0 0 0 0 0 0 1 0 0 0 0 1 0 0 0 0 0  |
 ├────────────────────┼─────────────┼─────────────┼──────────────────────────────────────────────────────────────────┤
 | 0x0000000000000285 | 13          | 11          | 0 0 0 0 0 0 0 0 0 0 1 1 0 1 0 0 0 0 0 0 0 0 0 0 0 0 0 0 0 0 0 0  |
 ├────────────────────┼─────────────┼─────────────┼──────────────────────────────────────────────────────────────────┤
 | 0x0000000000000279 | 28          | 31          | 0 0 0 0 0 0 0 0 0 0 0 0 0 0 0 0 0 0 0 0 0 0 0 0 0 0 0 0 1 0 1 1  |
 ├────────────────────┼─────────────┼─────────────┼──────────────────────────────────────────────────────────────────┤
 | 0x0000000000000229 | 19          | 18          | 0 0 0 0 0 0 0 0 0 0 0 0 0 0 0 1 0 0 1 1 0 0 0 0 0 0 0 0 0 0 0 0  |
 ├────────────────────┼─────────────┼─────────────┼──────────────────────────────────────────────────────────────────┤
 | 0x0000000000000268 | 7           | 10          | 0 0 0 0 0 0 0 1 0 0 1 0 0 0 0 0 0 0 0 0 0 0 0 0 0 0 0 0 0 0 0 0  |
 ├────────────────────┼─────────────┼─────────────┼──────────────────────────────────────────────────────────────────┤
 | 0x00000000000002c7 | 7           | 11          | 0 0 0 0 0 0 0 1 1 1 1 1 1 1 1 0 0 0 0 0 0 0 0 0 0 0 0 0 0 0 0 0  |
 ├────────────────────┼─────────────┼─────────────┼──────────────────────────────────────────────────────────────────┤
 | 0x0000000000000220 | 11          | 12          | 0 0 0 0 0 0 0 0 0 0 0 1 1 0 0 0 0 0 0 0 0 0 0 0 0 0 0 0 0 0 0 0  |
 ├────────────────────┼─────────────┼─────────────┼──────────────────────────────────────────────────────────────────┤
 | 0x00000000000002b3 | 2           | 1           | 0 1 1 0 0 0 0 0 0 0 0 0 0 0 0 0 0 0 0 0 0 0 0 0 0 0 0 0 0 0 0 0  |
 ├────────────────────┼─────────────┼─────────────┼──────────────────────────────────────────────────────────────────┤
 | 0x000000000000021f | 16          | 14          | 0 0 0 0 0 0 0 0 0 1 1 1 1 1 1 1 1 0 0 0 0 0 0 0 0 0 0 0 0 0 0 0  |
 ├────────────────────┼─────────────┼─────────────┼──────────────────────────────────────────────────────────────────┤
 | 0x00000000000003e1 | 5           | 0           | 1 0 0 0 0 1 0 0 0 0 0 0 0 0 0 0 0 0 0 0 0 0 0 0 0 0 0 0 0 0 0 0  |
 ├────────────────────┼─────────────┼─────────────┼──────────────────────────────────────────────────────────────────┤
 | 0x0000000000000254 | 10          | 7           | 0 0 0 0 0 0 0 1 0 0 1 1 0 0 0 0 0 0 0 0 0 0 0 0 0 0 0 0 0 0 0 0  |
 ├────────────────────┼─────────────┼─────────────┼──────────────────────────────────────────────────────────────────┤
 | 0x0000000000000231 | 2           | 6           | 0 0 1 0 0 0 1 0 0 0 0 1 0 0 0 0 0 0 0 0 0 0 0 0 0 0 0 0 0 0 0 0  |
 ├────────────────────┼─────────────┼─────────────┼──────────────────────────────────────────────────────────────────┤
 | 0x000000000000025a | 6           | 3           | 1 1 1 1 0 1 1 0 0 0 0 0 0 0 0 0 0 0 0 0 1 0 0 0 0 0 0 0 1 1 1 1  |
 ├────────────────────┼─────────────┼─────────────┼──────────────────────────────────────────────────────────────────┤
 | 0x0000000000000218 | 30          | 31          | 0 0 0 0 0 0 0 0 0 0 0 0 0 0 0 0 0 0 0 0 0 0 0 0 0 0 0 0 0 0 1 1  |
 ├────────────────────┼─────────────┼─────────────┼──────────────────────────────────────────────────────────────────┤
 | 0x0000000000000239 | 22          | 26          | 0 0 0 0 0 0 0 0 1 0 0 0 0 0 0 0 0 0 0 0 0 0 1 0 0 0 1 0 0 0 0 1  |
 ├────────────────────┼─────────────┼─────────────┼──────────────────────────────────────────────────────────────────┤
 | 0x00000000000003e0 | 10          | 5           | 0 0 0 0 0 1 0 0 0 0 1 0 0 0 0 0 0 0 0 0 0 0 0 0 0 0 0 0 0 0 0 0  |
 ├────────────────────┼─────────────┼─────────────┼──────────────────────────────────────────────────────────────────┤
 | 0x0000000000000228 | 7           | 0           | 1 1 0 0 0 0 0 1 0 0 0 0 0 0 0 0 0 0 0 0 0 0 0 0 0 0 0 0 0 1 0 1  |
 ├────────────────────┼─────────────┼─────────────┼──────────────────────────────────────────────────────────────────┤
 | 0x000000000000021d | 12          | 11          | 0 0 0 0 0 1 1 1 1 1 1 1 1 1 1 0 0 0 0 0 0 0 0 0 0 0 0 0 0 0 0 0  |
 ├────────────────────┼─────────────┼─────────────┼──────────────────────────────────────────────────────────────────┤
 | 0x0000000000001d4a | 0           | 1           | 1 1 1 1 1 1 1 0 0 0 0 0 0 0 0 0 0 0 0 0 0 0 0 0 0 0 0 0 0 0 0 0  |
 ├────────────────────┼─────────────┼─────────────┼──────────────────────────────────────────────────────────────────┤
 | 0x0000000000000227 | 17          | 12          | 0 1 1 1 1 1 1 1 0 0 0 0 1 1 1 1 1 1 1 0 1 1 0 0 1 0 0 0 0 0 0 1  |
 ├────────────────────┼─────────────┼─────────────┼──────────────────────────────────────────────────────────────────┤
 | 0x00000000000002aa | 16          | 17          | 0 0 0 0 0 0 0 0 0 0 0 0 0 0 0 0 1 1 0 0 0 0 0 0 0 0 0 0 0 0 0 0  |
 ├────────────────────┼─────────────┼─────────────┼──────────────────────────────────────────────────────────────────┤
 | 0x0000000000000260 | 19          | 20          | 0 0 0 0 0 0 0 0 0 0 0 0 0 0 0 0 0 0 0 1 1 1 1 0 0 0 0 0 0 0 0 0  |
 ├────────────────────┼─────────────┼─────────────┼──────────────────────────────────────────────────────────────────┤
 | 0x0000000000000265 | 20          | 22          | 0 0 0 0 0 0 0 0 0 0 0 0 0 0 0 0 0 0 1 1 1 0 1 0 0 0 0 0 0 0 0 0  |
 ├────────────────────┼─────────────┼─────────────┼──────────────────────────────────────────────────────────────────┤
 | 0x0000000000000255 | 23          | 0           | 1 0 0 0 0 0 0 0 0 0 0 0 0 0 0 0 0 0 0 0 0 0 0 1 0 0 0 0 0 0 0 0  |
 ├────────────────────┼─────────────┼─────────────┼──────────────────────────────────────────────────────────────────┤
 | 0x000000000000022b | 26          | 5           | 0 0 0 0 0 1 0 0 0 0 0 0 0 0 0 0 0 0 0 0 0 0 0 0 0 0 1 0 0 0 0 0  |
 ├────────────────────┼─────────────┼─────────────┼──────────────────────────────────────────────────────────────────┤
 | 0x0000000000000269 | 24          | 26          | 0 0 0 0 0 0 0 0 0 0 0 0 0 0 0 1 1 0 0 0 0 0 0 1 1 0 1 0 0 0 0 0  |
 ├────────────────────┼─────────────┼─────────────┼──────────────────────────────────────────────────────────────────┤
 | 0x0000000000000319 | 11          | 6           | 0 0 0 0 0 0 1 0 0 0 0 1 0 0 0 0 0 0 0 0 0 0 0 0 0 0 0 0 0 0 0 0  |
 ├────────────────────┼─────────────┼─────────────┼──────────────────────────────────────────────────────────────────┤
 | 0x000000000000025f | 17          | 18          | 0 0 0 0 0 0 0 0 0 0 0 0 0 0 1 1 1 1 1 1 1 1 1 1 1 1 1 1 1 1 1 1  |
 └────────────────────┴─────────────┴─────────────┴──────────────────────────────────────────────────────────────────┘
Accumulation table end
Offset pattern table begin
 ┌────────────────────┬─────────────┬───────────────────────────────────────────────────────────────────────┐
 | Key                | Second      | Pattern                                                               |
 ├────────────────────┼─────────────┼───────────────────────────────────────────────────────────────────────┤
 | 0x0000000000000000 | 1           | 17 15 9 7 6 7 6 4 3 3 1 1 0 0 0 0 0 0 0 0 0 0 0 0 0 0 0 0 0 0 0 0     |
 ├────────────────────┼─────────────┼───────────────────────────────────────────────────────────────────────┤
 | 0x0000000000000001 | 3           | 30 5 7 4 6 11 2 1 2 18 1 0 0 0 0 0 0 0 0 0 0 0 0 0 0 0 0 0 0 0 2 5    |
 ├────────────────────┼─────────────┼───────────────────────────────────────────────────────────────────────┤
 | 0x0000000000000002 | 5           | 23 2 1 1 8 1 0 0 0 11 0 0 0 0 0 0 0 0 0 0 0 0 0 0 0 0 0 1 0 0 1 9     |
 ├────────────────────┼─────────────┼───────────────────────────────────────────────────────────────────────┤
 | 0x0000000000000003 | 0           | 17 9 1 2 1 1 1 0 0 1 1 1 1 1 1 0 0 0 0 0 0 1 0 0 0 0 0 0 0 5 12 12    |
 ├────────────────────┼─────────────┼───────────────────────────────────────────────────────────────────────┤
 | 0x0000000000000004 | 3           | 19 7 6 1 3 1 0 0 1 0 0 0 0 0 0 0 2 3 4 0 0 0 0 0 0 0 0 0 2 1 2 14     |
 ├────────────────────┼─────────────┼───────────────────────────────────────────────────────────────────────┤
 | 0x0000000000000005 | 14          | 28 9 9 8 0 0 0 0 0 0 0 0 0 0 0 0 0 0 0 0 0 0 0 0 0 0 0 12 3 0 0 2     |
 ├────────────────────┼─────────────┼───────────────────────────────────────────────────────────────────────┤
 | 0x0000000000000006 | 0           | 29 8 6 2 1 0 0 0 0 0 1 0 2 1 4 0 0 0 0 0 0 1 3 4 3 4 7 11 5 4 3 11    |
 ├────────────────────┼─────────────┼───────────────────────────────────────────────────────────────────────┤
 | 0x0000000000000007 | 8           | 18 6 4 4 4 4 4 5 3 0 0 0 0 1 0 0 0 0 0 0 0 1 4 0 3 5 4 0 0 0 0 4      |
 ├────────────────────┼─────────────┼───────────────────────────────────────────────────────────────────────┤
 | 0x0000000000000008 | 2           | 19 8 5 5 8 7 7 6 4 5 3 1 3 4 3 3 4 2 3 1 0 1 1 3 2 3 3 4 5 10 10 12   |
 ├────────────────────┼─────────────┼───────────────────────────────────────────────────────────────────────┤
 | 0x0000000000000009 | 8           | 18 12 9 9 8 9 9 9 3 0 1 0 1 0 0 0 0 0 0 0 0 0 0 0 1 1 1 1 0 1 2 4     |
 ├────────────────────┼─────────────┼───────────────────────────────────────────────────────────────────────┤
 | 0x000000000000000a | 9           | 22 13 3 4 2 2 2 2 1 1 1 0 0 0 0 0 0 0 0 0 0 0 0 1 0 0 0 3 1 3 0 5     |
 ├────────────────────┼─────────────┼───────────────────────────────────────────────────────────────────────┤
 | 0x000000000000000b | 9           | 24 3 8 0 0 0 0 0 0 1 0 0 0 0 0 0 0 0 1 1 0 0 0 0 0 0 0 5 2 1 1 13     |
 ├────────────────────┼─────────────┼───────────────────────────────────────────────────────────────────────┤
 | 0x000000000000000c | 13          | 28 20 12 9 9 8 8 4 9 8 3 2 5 1 1 2 1 1 2 3 0 3 3 7 6 4 5 5 4 6 2 5    |
 ├────────────────────┼─────────────┼───────────────────────────────────────────────────────────────────────┤
 | 0x000000000000000d | 12          | 25 6 2 2 2 1 1 1 1 1 2 1 1 1 1 1 1 1 1 0 0 0 0 0 0 0 0 0 2 13 13 12   |
 ├────────────────────┼─────────────┼───────────────────────────────────────────────────────────────────────┤
 | 0x000000000000000e | 15          | 16 7 4 3 1 1 1 1 1 6 4 1 0 0 0 0 0 1 0 0 0 0 0 0 0 2 0 1 0 0 2 3      |
 ├────────────────────┼─────────────┼───────────────────────────────────────────────────────────────────────┤
 | 0x000000000000000f | 0           | 28 17 6 1 1 1 0 4 9 11 11 7 0 0 0 0 0 0 0 0 0 0 0 0 0 0 0 0 0 0 0 8   |
 ├────────────────────┼─────────────┼───────────────────────────────────────────────────────────────────────┤
 | 0x0000000000000010 | 22          | 20 14 12 10 0 0 0 0 1 1 0 0 0 0 0 0 0 0 0 0 0 0 0 0 0 2 2 2 2 2 3 13  |
 ├────────────────────┼─────────────┼───────────────────────────────────────────────────────────────────────┤
 | 0x0000000000000011 | 18          | 27 18 3 8 7 4 7 8 3 3 2 2 2 3 6 0 2 2 3 2 1 3 3 2 1 1 0 4 4 7 7 14    |
 ├────────────────────┼─────────────┼───────────────────────────────────────────────────────────────────────┤
 | 0x0000000000000012 | 0           | 30 16 5 2 4 5 1 2 2 2 2 2 1 1 8 0 0 0 0 0 0 0 0 0 0 0 1 1 3 3 3 15    |
 ├────────────────────┼─────────────┼───────────────────────────────────────────────────────────────────────┤
 | 0x0000000000000013 | 1           | 24 9 9 6 2 3 3 3 2 3 3 2 2 0 0 0 0 0 0 0 0 0 0 0 1 5 6 8 12 8 2 15    |
 ├────────────────────┼─────────────┼───────────────────────────────────────────────────────────────────────┤
 | 0x0000000000000014 | 21          | 19 13 4 2 1 1 0 1 2 1 0 0 0 0 2 0 1 0 0 0 0 0 0 1 0 0 0 1 1 0 1 6     |
 ├────────────────────┼─────────────┼───────────────────────────────────────────────────────────────────────┤
 | 0x0000000000000015 | 22          | 21 15 12 3 1 2 2 2 2 4 1 0 0 0 1 2 0 0 0 0 0 0 0 0 0 0 0 2 2 2 5 6    |
 ├────────────────────┼─────────────┼───────────────────────────────────────────────────────────────────────┤
 | 0x0000000000000016 | 17          | 17 6 2 2 3 2 1 1 1 4 0 0 0 1 2 0 0 0 1 1 0 0 0 0 0 0 0 0 3 5 6 9      |
 ├────────────────────┼─────────────┼───────────────────────────────────────────────────────────────────────┤
 | 0x0000000000000017 | 8           | 22 4 1 1 1 1 1 1 1 10 0 0 0 0 0 0 0 0 0 0 0 1 1 1 0 1 0 0 1 1 2 6     |
 ├────────────────────┼─────────────┼───────────────────────────────────────────────────────────────────────┤
 | 0x0000000000000018 | 21          | 24 20 17 8 3 3 3 3 1 0 0 0 0 0 0 0 0 0 0 0 0 0 1 3 1 1 0 0 0 3 8 9    |
 ├────────────────────┼─────────────┼───────────────────────────────────────────────────────────────────────┤
 | 0x0000000000000019 | 24          | 27 10 0 1 0 0 1 0 0 0 0 0 0 1 1 0 0 0 0 0 0 0 1 1 0 0 0 3 2 2 3 20    |
 ├────────────────────┼─────────────┼───────────────────────────────────────────────────────────────────────┤
 | 0x000000000000001a | 27          | 30 10 9 1 3 4 0 0 0 0 0 1 0 0 4 0 0 0 0 0 0 0 0 3 0 0 0 11 2 0 0 2    |
 ├────────────────────┼─────────────┼───────────────────────────────────────────────────────────────────────┤
 | 0x000000000000001b | 24          | 30 24 20 4 7 0 0 0 0 1 0 0 1 1 5 1 1 1 1 0 0 0 2 2 2 1 1 3 0 2 17 21  |
 ├────────────────────┼─────────────┼───────────────────────────────────────────────────────────────────────┤
 | 0x000000000000001c | 30          | 22 5 5 7 0 3 0 0 0 0 4 0 0 0 0 0 0 0 0 0 0 0 0 4 0 0 0 0 0 0 0 0      |
 ├────────────────────┼─────────────┼───────────────────────────────────────────────────────────────────────┤
 | 0x000000000000001d | 26          | 25 18 4 1 1 4 1 0 1 4 0 0 0 0 0 0 0 0 0 0 0 0 0 2 1 0 0 1 1 1 0 3     |
 ├────────────────────┼─────────────┼───────────────────────────────────────────────────────────────────────┤
 | 0x000000000000001e | 31          | 19 8 0 0 0 0 0 0 0 0 0 0 0 0 0 0 0 0 0 0 0 0 0 0 0 0 0 4 3 0 0 3      |
 ├────────────────────┼─────────────┼───────────────────────────────────────────────────────────────────────┤
 | 0x000000000000001f | 30          | 19 0 0 0 0 1 0 0 0 0 0 0 0 0 2 6 4 0 0 0 0 0 0 0 4 2 0 0 0 0 1 7      |
 └────────────────────┴─────────────┴───────────────────────────────────────────────────────────────────────┘
Offset pattern table end
PC pattern table begin
 ┌────────────────────┬─────────────┬───────────────────────────────────────┐
 | Key                | Second      | Pattern                               |
 ├────────────────────┼─────────────┼───────────────────────────────────────┤
 | 0x0000000000000000 | 15          | 20 14 9 7 4 3 2 0 0 0 0 0 0 0 3 5     |
 ├────────────────────┼─────────────┼───────────────────────────────────────┤
 | 0x0000000000000001 | 8           | 20 8 2 2 0 2 2 2 0 0 2 2 2 0 3 5      |
 ├────────────────────┼─────────────┼───────────────────────────────────────┤
 | 0x0000000000000002 | 13          | 16 9 0 0 0 0 0 0 0 0 0 0 0 0 0 6      |
 ├────────────────────┼─────────────┼───────────────────────────────────────┤
 | 0x0000000000000003 | 3           | 16 6 3 3 4 2 1 1 1 1 0 0 0 0 3 8      |
 ├────────────────────┼─────────────┼───────────────────────────────────────┤
 | 0x0000000000000004 | 8           | 24 1 2 0 0 4 0 2 0 0 0 1 2 1 2 12     |
 ├────────────────────┼─────────────┼───────────────────────────────────────┤
 | 0x0000000000000005 | 18          | 22 3 1 0 0 0 0 0 0 1 1 0 0 1 11 14    |
 ├────────────────────┼─────────────┼───────────────────────────────────────┤
 | 0x0000000000000006 | 2           | 22 9 7 7 4 3 4 2 1 3 4 5 3 3 7 9      |
 ├────────────────────┼─────────────┼───────────────────────────────────────┤
 | 0x0000000000000007 | 10          | 26 1 1 1 1 1 0 2 0 0 1 21 11 18 0 0   |
 ├────────────────────┼─────────────┼───────────────────────────────────────┤
 | 0x0000000000000008 | 9           | 19 6 3 3 2 1 0 0 0 0 0 0 0 1 1 10     |
 ├────────────────────┼─────────────┼───────────────────────────────────────┤
 | 0x0000000000000009 | 2           | 29 18 3 3 2 0 0 0 0 0 0 0 0 1 6 14    |
 ├────────────────────┼─────────────┼───────────────────────────────────────┤
 | 0x000000000000000a | 20          | 22 15 1 1 1 1 1 0 1 0 0 0 2 2 0 8     |
 ├────────────────────┼─────────────┼───────────────────────────────────────┤
 | 0x000000000000000b | 21          | 22 8 10 7 12 1 0 2 0 2 0 0 0 2 1 4    |
 ├────────────────────┼─────────────┼───────────────────────────────────────┤
 | 0x000000000000000c | 2           | 16 7 1 2 1 1 1 1 1 1 1 1 1 0 2 5      |
 ├────────────────────┼─────────────┼───────────────────────────────────────┤
 | 0x000000000000000d | 0           | 26 1 1 1 0 0 0 5 0 0 0 0 0 0 3 16     |
 ├────────────────────┼─────────────┼───────────────────────────────────────┤
 | 0x000000000000000e | 7           | 24 2 1 0 0 10 0 0 0 0 1 0 0 0 10 2    |
 ├────────────────────┼─────────────┼───────────────────────────────────────┤
 | 0x000000000000000f | 27          | 28 8 4 3 15 18 11 6 5 1 4 6 3 3 7 6   |
 ├────────────────────┼─────────────┼───────────────────────────────────────┤
 | 0x0000000000000010 | 25          | 18 15 15 11 8 3 1 1 1 1 0 1 0 1 1 2   |
 ├────────────────────┼─────────────┼───────────────────────────────────────┤
 | 0x0000000000000011 | 30          | 29 24 2 0 1 1 1 1 0 3 2 1 0 1 1 2     |
 ├────────────────────┼─────────────┼───────────────────────────────────────┤
 | 0x0000000000000012 | 21          | 19 3 1 2 3 9 1 3 2 2 2 0 2 1 3 9      |
 ├────────────────────┼─────────────┼───────────────────────────────────────┤
 | 0x0000000000000013 | 22          | 26 17 4 0 0 0 2 2 0 0 0 0 0 0 1 6     |
 ├────────────────────┼─────────────┼───────────────────────────────────────┤
 | 0x0000000000000014 | 0           | 18 0 1 0 0 0 0 0 0 0 0 1 0 7 10 2     |
 ├────────────────────┼─────────────┼───────────────────────────────────────┤
 | 0x0000000000000015 | 4           | 19 12 0 0 1 2 1 1 2 0 0 4 4 2 3 13    |
 ├────────────────────┼─────────────┼───────────────────────────────────────┤
 | 0x0000000000000016 | 3           | 26 14 13 9 4 4 3 2 2 3 3 7 5 4 10 15  |
 ├────────────────────┼─────────────┼───────────────────────────────────────┤
 | 0x0000000000000017 | 5           | 30 3 16 4 13 5 0 0 0 1 0 0 0 0 2 7    |
 ├────────────────────┼─────────────┼───────────────────────────────────────┤
 | 0x0000000000000018 | 3           | 26 9 4 4 5 3 5 4 11 11 0 1 0 0 0 14   |
 ├────────────────────┼─────────────┼───────────────────────────────────────┤
 | 0x0000000000000019 | 13          | 29 19 20 17 4 2 1 1 1 1 1 0 1 1 8 24  |
 ├────────────────────┼─────────────┼───────────────────────────────────────┤
 | 0x000000000000001a | 12          | 17 4 0 0 0 0 0 0 0 0 0 0 0 0 0 2      |
 ├────────────────────┼─────────────┼───────────────────────────────────────┤
 | 0x000000000000001b | 0           | 23 1 0 0 2 20 0 0 0 0 0 0 0 0 0 0     |
 ├────────────────────┼─────────────┼───────────────────────────────────────┤
 | 0x000000000000001c | 30          | 21 11 10 8 9 0 0 8 7 8 7 9 7 5 13 11  |
 ├────────────────────┼─────────────┼───────────────────────────────────────┤
 | 0x000000000000001d | 30          | 18 8 7 10 10 6 6 7 3 6 0 1 6 5 7 9    |
 ├────────────────────┼─────────────┼───────────────────────────────────────┤
 | 0x000000000000001e | 31          | 18 1 1 1 1 1 0 0 0 0 0 0 9 0 0 0      |
 ├────────────────────┼─────────────┼───────────────────────────────────────┤
 | 0x000000000000001f | 3           | 16 7 3 1 4 0 0 0 0 0 0 0 1 0 0 1      |
 └────────────────────┴─────────────┴───────────────────────────────────────┘
PC pattern table end
Prefetch buffer begin
 ┌────────────────────┬──────────────────────────────────────────────────────────────────┐
 | Region             | Pattern                                                          |
 ├────────────────────┼──────────────────────────────────────────────────────────────────┤
 | 0x0000000000000234 | 2 0 0 0 0 0 0 0 0 0 0 0 0 0 2 2 0 0 0 0 0 0 0 0 0 0 0 0 0 2 0 2  |
 ├────────────────────┼──────────────────────────────────────────────────────────────────┤
 | 0x000000000000559c | 2 0 0 0 0 0 0 0 0 0 0 0 0 0 0 0 0 0 0 0 0 0 0 0 0 0 0 0 0 0 0 0  |
 ├────────────────────┼──────────────────────────────────────────────────────────────────┤
 | 0x000000000000023e | 0 0 0 0 0 0 0 0 0 0 0 0 0 0 0 0 0 2 0 0 0 0 0 0 0 0 0 0 0 0 0 0  |
 ├────────────────────┼──────────────────────────────────────────────────────────────────┤
 | 0x00000000000002e9 | 0 0 0 0 0 0 0 0 0 0 0 0 0 0 0 0 0 0 2 2 0 0 0 0 0 2 2 2 0 0 0 2  |
 ├────────────────────┼──────────────────────────────────────────────────────────────────┤
 | 0x0000000000006996 | 0 0 0 2 2 0 0 0 0 0 0 0 0 0 0 0 0 0 0 0 2 2 0 0 0 0 0 0 0 0 0 0  |
 ├────────────────────┼──────────────────────────────────────────────────────────────────┤
 | 0x0000000000015349 | 0 0 0 0 0 0 0 0 0 0 0 0 0 0 2 2 1 0 1 0 2 2 0 2 2 0 0 0 0 0 0 2  |
 ├────────────────────┼──────────────────────────────────────────────────────────────────┤
 | 0x0000000000000381 | 0 0 0 0 0 0 0 0 0 0 0 0 0 0 0 0 0 0 0 0 0 0 0 0 2 0 0 0 0 0 0 2  |
 ├────────────────────┼──────────────────────────────────────────────────────────────────┤
 | 0x000000000000ac46 | 0 0 0 0 0 0 0 0 0 0 0 0 2 0 0 0 0 0 0 0 0 0 0 0 0 0 0 0 0 0 0 0  |
 ├────────────────────┼──────────────────────────────────────────────────────────────────┤
 | 0x000000000000a1c6 | 0 0 0 0 0 0 0 0 0 2 0 0 0 0 0 0 0 0 0 0 0 0 0 0 0 0 0 0 0 0 0 0  |
 ├────────────────────┼──────────────────────────────────────────────────────────────────┤
 | 0x00000000000074da | 0 0 0 0 0 0 0 0 0 0 0 0 0 0 0 0 0 0 0 0 0 0 0 0 0 0 0 0 0 0 0 2  |
 ├────────────────────┼──────────────────────────────────────────────────────────────────┤
 | 0x000000000000247a | 0 0 0 0 0 0 0 0 0 0 0 0 0 0 2 0 0 0 0 0 0 2 0 2 2 0 0 0 0 0 0 2  |
 ├────────────────────┼──────────────────────────────────────────────────────────────────┤
 | 0x000000000000947b | 0 0 0 0 0 0 0 0 0 0 0 0 0 0 0 0 0 0 0 0 0 0 0 0 0 0 0 0 0 0 0 2  |
 ├────────────────────┼──────────────────────────────────────────────────────────────────┤
 | 0x0000000000005abf | 0 2 2 2 0 0 0 0 0 0 0 0 0 2 2 2 2 2 2 0 2 2 2 2 2 0 2 0 0 0 0 2  |
 ├────────────────────┼──────────────────────────────────────────────────────────────────┤
 | 0x00000000000042f8 | 0 0 0 0 0 0 0 0 0 0 0 0 0 0 0 0 0 0 0 0 0 0 0 0 0 0 0 0 0 0 0 2  |
 ├────────────────────┼──────────────────────────────────────────────────────────────────┤
 | 0x0000000000005769 | 0 2 2 2 0 0 0 0 0 0 0 0 0 2 2 2 2 2 2 0 2 2 2 2 2 0 2 0 0 0 0 2  |
 ├────────────────────┼──────────────────────────────────────────────────────────────────┤
 | 0x0000000000008930 | 0 0 0 0 0 0 0 0 0 2 0 0 0 0 0 0 0 0 0 0 0 0 0 0 0 0 0 0 0 0 0 0  |
 ├────────────────────┼──────────────────────────────────────────────────────────────────┤
 | 0x00000000000028b9 | 0 2 2 2 2 1 1 0 0 0 2 2 2 2 2 2 2 2 2 0 2 2 2 2 2 0 2 0 0 0 0 2  |
 ├────────────────────┼──────────────────────────────────────────────────────────────────┤
 | 0x0000000000003eb1 | 0 0 0 0 0 0 0 0 0 2 0 0 0 0 0 0 0 0 0 0 0 0 0 0 0 0 0 0 0 0 0 2  |
 ├────────────────────┼──────────────────────────────────────────────────────────────────┤
 | 0x00000000000022f8 | 0 1 2 2 2 2 2 2 2 2 0 0 0 0 0 0 0 0 0 0 0 0 0 0 0 0 0 0 0 0 0 0  |
 ├────────────────────┼──────────────────────────────────────────────────────────────────┤
 | 0x000000000001533c | 2 0 0 0 0 0 0 0 0 0 0 0 0 0 2 2 0 0 0 0 0 0 0 0 0 0 0 0 0 2 0 2  |
 ├────────────────────┼──────────────────────────────────────────────────────────────────┤
 | 0x0000000000015341 | 0 0 0 0 0 0 0 0 0 2 0 0 0 0 0 0 0 0 0 0 0 0 0 0 0 0 0 0 0 0 0 0  |
 ├────────────────────┼──────────────────────────────────────────────────────────────────┤
 | 0x0000000000003578 | 0 0 0 0 0 0 0 0 0 0 0 0 2 0 0 0 0 0 0 0 0 0 0 0 0 0 0 0 0 0 0 0  |
 ├────────────────────┼──────────────────────────────────────────────────────────────────┤
 | 0x0000000000001cea | 0 2 2 2 0 0 0 0 0 0 0 0 0 2 2 2 2 2 2 0 2 2 2 2 2 0 2 0 0 0 0 2  |
 ├────────────────────┼──────────────────────────────────────────────────────────────────┤
 | 0x0000000000010ac1 | 0 0 0 0 0 0 0 0 0 0 0 0 0 0 0 0 0 2 0 0 0 0 0 0 0 0 0 0 0 0 0 0  |
 ├────────────────────┼──────────────────────────────────────────────────────────────────┤
 | 0x0000000000007499 | 0 2 2 2 0 0 0 0 0 0 0 0 0 2 2 2 2 2 2 0 2 2 2 2 2 0 2 0 0 0 0 2  |
 ├────────────────────┼──────────────────────────────────────────────────────────────────┤
 | 0x0000000000001ce5 | 0 1 1 2 2 2 2 2 2 2 0 0 0 0 0 0 0 0 0 0 0 0 0 0 0 0 0 0 0 0 0 0  |
 ├────────────────────┼──────────────────────────────────────────────────────────────────┤
 | 0x0000000000000268 | 2 0 0 0 0 0 0 0 0 0 0 0 0 0 2 2 0 0 0 0 0 0 0 0 0 0 0 0 0 2 0 2  |
 ├────────────────────┼──────────────────────────────────────────────────────────────────┤
 | 0x000000000001484f | 0 0 0 0 0 0 0 0 0 2 0 0 0 0 0 0 0 0 0 0 0 0 0 0 0 0 0 0 0 0 0 0  |
 └────────────────────┴──────────────────────────────────────────────────────────────────┘
Prefetch buffer end
Filter by PPT: 0
cpu0_L2C
Num Con Filled: 0
Num Con Useful: 0 Useless:0 Accuracy: nan
LLC
