41 41 41
Available num physical pages: 35184372088576
WARNING: physical memory size is smaller than virtual memory size

*** ChampSim Multicore Out-of-Order Simulator ***

Warmup Instructions: 5000000
Simulation Instructions: 200000000
Number of CPUs: 1
Page size: 4096

Basic BTB sets: 1024 ways: 8 indirect buffer size: 4096 RAS size: 64
cpu0_L1D PMP prefetcher
Off-chip DRAM Size: 4 GiB Channels: 1 Width: 64-bit Data Rate: 3200 MT/s
Max paddr 1M
Warmup finished CPU 0 instructions: 5000003 cycles: 1250050 cumulative IPC: 3.99985 (Simulation time: 0 hr 2 min 48 sec) 

Warmup complete CPU 0 instructions: 5000003 cycles: 1250050 (Simulation time: 0 hr 2 min 48 sec) 

Heartbeat CPU 0 instructions: 10000000 cycles: 3015329 heartbeat IPC: 3.31639 cumulative IPC: 2.83242 (Simulation time: 0 hr 6 min 6 sec) 
Heartbeat CPU 0 instructions: 20000000 cycles: 6570156 heartbeat IPC: 2.81308 cumulative IPC: 2.8195 (Simulation time: 0 hr 12 min 22 sec) 
Heartbeat CPU 0 instructions: 30000004 cycles: 10107853 heartbeat IPC: 2.8267 cumulative IPC: 2.82238 (Simulation time: 0 hr 18 min 49 sec) 
Heartbeat CPU 0 instructions: 40000003 cycles: 13526755 heartbeat IPC: 2.92492 cumulative IPC: 2.85093 (Simulation time: 0 hr 25 min 20 sec) 
Heartbeat CPU 0 instructions: 50000003 cycles: 16874562 heartbeat IPC: 2.98704 cumulative IPC: 2.88009 (Simulation time: 0 hr 31 min 50 sec) 
Heartbeat CPU 0 instructions: 60000001 cycles: 20182120 heartbeat IPC: 3.02338 cumulative IPC: 2.90513 (Simulation time: 0 hr 38 min 25 sec) 
Heartbeat CPU 0 instructions: 70000003 cycles: 23658257 heartbeat IPC: 2.87676 cumulative IPC: 2.90073 (Simulation time: 0 hr 45 min 7 sec) 
Heartbeat CPU 0 instructions: 80000000 cycles: 27123796 heartbeat IPC: 2.88556 cumulative IPC: 2.8987 (Simulation time: 0 hr 52 min 3 sec) 
Heartbeat CPU 0 instructions: 90000004 cycles: 30577324 heartbeat IPC: 2.8956 cumulative IPC: 2.89833 (Simulation time: 0 hr 58 min 43 sec) 
Heartbeat CPU 0 instructions: 100000001 cycles: 33995282 heartbeat IPC: 2.92573 cumulative IPC: 2.90119 (Simulation time: 1 hr 5 min 16 sec) 
Heartbeat CPU 0 instructions: 110000003 cycles: 37530828 heartbeat IPC: 2.82842 cumulative IPC: 2.8941 (Simulation time: 1 hr 11 min 56 sec) 
Heartbeat CPU 0 instructions: 120000002 cycles: 41049788 heartbeat IPC: 2.84175 cumulative IPC: 2.88947 (Simulation time: 1 hr 18 min 28 sec) 
Heartbeat CPU 0 instructions: 130000001 cycles: 44555943 heartbeat IPC: 2.85213 cumulative IPC: 2.88645 (Simulation time: 1 hr 25 min 5 sec) 
Heartbeat CPU 0 instructions: 140000002 cycles: 47952895 heartbeat IPC: 2.94382 cumulative IPC: 2.89062 (Simulation time: 1 hr 31 min 36 sec) 
Heartbeat CPU 0 instructions: 150000003 cycles: 51259739 heartbeat IPC: 3.02404 cumulative IPC: 2.89944 (Simulation time: 1 hr 37 min 58 sec) 
Heartbeat CPU 0 instructions: 160000003 cycles: 54581114 heartbeat IPC: 3.01081 cumulative IPC: 2.90638 (Simulation time: 1 hr 44 min 32 sec) 
Heartbeat CPU 0 instructions: 170000002 cycles: 57984725 heartbeat IPC: 2.93806 cumulative IPC: 2.90828 (Simulation time: 1 hr 50 min 56 sec) 
Heartbeat CPU 0 instructions: 180000004 cycles: 61523689 heartbeat IPC: 2.82569 cumulative IPC: 2.90343 (Simulation time: 1 hr 57 min 15 sec) 
Heartbeat CPU 0 instructions: 190000000 cycles: 64996742 heartbeat IPC: 2.87931 cumulative IPC: 2.90212 (Simulation time: 2 hr 3 min 12 sec) 
Heartbeat CPU 0 instructions: 200000003 cycles: 68446329 heartbeat IPC: 2.8989 cumulative IPC: 2.90195 (Simulation time: 2 hr 8 min 38 sec) 
Max paddr 1M
Simulation finished CPU 0 instructions: 200000001 cycles: 68936361 cumulative IPC: 2.90123 (Simulation time: 2 hr 11 min 5 sec) 

Simulation complete CPU 0 instructions: 200000001 cycles: 68936361 (Simulation time: 2 hr 11 min 5 sec) 


ChampSim completed all CPUs

[
  {
    "name": "Simulation",
    "traces": [
      "../traces/416.gamess-875B.champsimtrace.xz"
    ],
    "roi": {
      "cores": [
        {
          "instructions": 200000001,
          "cycles": 68936361,
          "Avg ROB occupancy at mispredict": 72.1189, 
          "mispredict": {
            "BRANCH_DIRECT_JUMP": 4552,
            "BRANCH_INDIRECT": 46636,
            "BRANCH_CONDITIONAL": 1182163,
            "BRANCH_DIRECT_CALL": 35,
            "BRANCH_INDIRECT_CALL": 0,
            "BRANCH_RETURN": 42
          }
        }
      ],
      "cpu0_L1I": {
        "LOAD": {
          "hit":8248900,
          "miss":119213
        },
        "RFO": {
          "hit":0,
          "miss":0
        },
        "PREFETCH": {
          "hit":0,
          "miss":0
        },
        "WRITE": {
          "hit":0,
          "miss":0
        },
        "TRANSLATION": {
          "hit":0,
          "miss":0
        },
        "mshr full": 72,
        "prefetch requested": 0,
        "prefetch issued": 0,
        "prefetch filled": 0,
        "prefetch useful": 0,
        "prefetch useless": 0,
        "prefetch late": 0,
        "pf_useful_at_l2_from_l1":          0,
        "pf_late_at_l2_from_l1":          0,
        "pf_useless_at_l2_from_l1":          0,
        "pf_at_l2_to_l1":          0,
        "pf_fill_this_level":          0,
        "miss latency": 0.413865,
        "cache queues": {
          "PQ_ACCESS": 0,
          "PQ_FULL": 0,
          "PQ_TO_CACHE": 0,
          "PQ_MERGED": 0,
          "RQ_ACCESS": 8393697,
          "RQ_MERGED": 25584,
          "RQ_FULL": 0,
          "WQ_ACCESS": 0,
          "WQ_MERGED": 0,
          "WQ_FULL": 0
        }
      },
      "cpu0_ITLB": {
        "LOAD": {
          "hit":6695219,
          "miss":20
        },
        "RFO": {
          "hit":0,
          "miss":0
        },
        "PREFETCH": {
          "hit":0,
          "miss":0
        },
        "WRITE": {
          "hit":0,
          "miss":0
        },
        "TRANSLATION": {
          "hit":0,
          "miss":0
        },
        "mshr full": 0,
        "prefetch requested": 0,
        "prefetch issued": 0,
        "prefetch filled": 0,
        "prefetch useful": 0,
        "prefetch useless": 0,
        "prefetch late": 0,
        "pf_useful_at_l2_from_l1":          0,
        "pf_late_at_l2_from_l1":          0,
        "pf_useless_at_l2_from_l1":          0,
        "pf_at_l2_to_l1":          0,
        "pf_fill_this_level":          0,
        "miss latency": 11.0469,
        "cache queues": {
          "PQ_ACCESS": 0,
          "PQ_FULL": 0,
          "PQ_TO_CACHE": 0,
          "PQ_MERGED": 0,
          "RQ_ACCESS": 6695239,
          "RQ_MERGED": 0,
          "RQ_FULL": 0,
          "WQ_ACCESS": 0,
          "WQ_MERGED": 0,
          "WQ_FULL": 0
        }
      },
      "cpu0_DTLB": {
        "LOAD": {
          "hit":74410862,
          "miss":3044887
        },
        "RFO": {
          "hit":0,
          "miss":0
        },
        "PREFETCH": {
          "hit":0,
          "miss":0
        },
        "WRITE": {
          "hit":0,
          "miss":0
        },
        "TRANSLATION": {
          "hit":0,
          "miss":0
        },
        "mshr full": 102,
        "prefetch requested": 0,
        "prefetch issued": 0,
        "prefetch filled": 0,
        "prefetch useful": 0,
        "prefetch useless": 0,
        "prefetch late": 0,
        "pf_useful_at_l2_from_l1":          0,
        "pf_late_at_l2_from_l1":          0,
        "pf_useless_at_l2_from_l1":          0,
        "pf_at_l2_to_l1":          0,
        "pf_fill_this_level":          0,
        "miss latency": 0.220105,
        "cache queues": {
          "PQ_ACCESS": 0,
          "PQ_FULL": 0,
          "PQ_TO_CACHE": 0,
          "PQ_MERGED": 0,
          "RQ_ACCESS": 79419955,
          "RQ_MERGED": 0,
          "RQ_FULL": 1964206,
          "WQ_ACCESS": 0,
          "WQ_MERGED": 0,
          "WQ_FULL": 0
        }
      },
      "cpu0_STLB": {
        "LOAD": {
          "hit":1332323,
          "miss":34
        },
        "RFO": {
          "hit":0,
          "miss":0
        },
        "PREFETCH": {
          "hit":0,
          "miss":0
        },
        "WRITE": {
          "hit":0,
          "miss":0
        },
        "TRANSLATION": {
          "hit":0,
          "miss":0
        },
        "mshr full": 0,
        "prefetch requested": 0,
        "prefetch issued": 0,
        "prefetch filled": 0,
        "prefetch useful": 0,
        "prefetch useless": 0,
        "prefetch late": 0,
        "pf_useful_at_l2_from_l1":          0,
        "pf_late_at_l2_from_l1":          0,
        "pf_useless_at_l2_from_l1":          0,
        "pf_at_l2_to_l1":          0,
        "pf_fill_this_level":          0,
        "miss latency": 20.0074,
        "cache queues": {
          "PQ_ACCESS": 0,
          "PQ_FULL": 0,
          "PQ_TO_CACHE": 0,
          "PQ_MERGED": 0,
          "RQ_ACCESS": 1332357,
          "RQ_MERGED": 0,
          "RQ_FULL": 0,
          "WQ_ACCESS": 0,
          "WQ_MERGED": 0,
          "WQ_FULL": 0
        }
      },
      "cpu0_L1D": {
        "LOAD": {
          "hit":52954861,
          "miss":446055
        },
        "RFO": {
          "hit":0,
          "miss":0
        },
        "PREFETCH": {
          "hit":1937525,
          "miss":1704568
        },
        "WRITE": {
          "hit":24103407,
          "miss":126560
        },
        "TRANSLATION": {
          "hit":0,
          "miss":34
        },
        "mshr full": 83,
        "prefetch requested": 3643049,
        "prefetch issued": 3643049,
        "prefetch filled": 75656,
        "prefetch useful": 15686,
        "prefetch useless": 60509,
        "prefetch late": 522,
        "pf_useful_at_l2_from_l1":          0,
        "pf_late_at_l2_from_l1":          0,
        "pf_useless_at_l2_from_l1":          0,
        "pf_at_l2_to_l1":          0,
        "pf_fill_this_level":      75651,
        "miss latency": 0.251362,
        "cache queues": {
          "PQ_ACCESS": 3643049,
          "PQ_FULL": 0,
          "PQ_TO_CACHE": 3643049,
          "PQ_MERGED": 154,
          "RQ_ACCESS": 53537409,
          "RQ_MERGED": 132734,
          "RQ_FULL": 549,
          "WQ_ACCESS": 24230004,
          "WQ_MERGED": 35,
          "WQ_FULL": 0
        }
      },
      "cpu0_L2C": {
        "LOAD": {
          "hit":275509,
          "miss":916
        },
        "RFO": {
          "hit":60529,
          "miss":118
        },
        "PREFETCH": {
          "hit":1680363,
          "miss":3245
        },
        "WRITE": {
          "hit":20803,
          "miss":0
        },
        "TRANSLATION": {
          "hit":15,
          "miss":19
        },
        "mshr full": 0,
        "prefetch requested": 0,
        "prefetch issued": 0,
        "prefetch filled": 3240,
        "prefetch useful": 0,
        "prefetch useless": 0,
        "prefetch late": 0,
        "pf_useful_at_l2_from_l1":        767,
        "pf_late_at_l2_from_l1":          4,
        "pf_useless_at_l2_from_l1":        646,
        "pf_at_l2_to_l1":       1391,
        "pf_fill_this_level":       3045,
        "miss latency": 20.4389,
        "cache queues": {
          "PQ_ACCESS": 1683629,
          "PQ_FULL": 0,
          "PQ_TO_CACHE": 1683629,
          "PQ_MERGED": 1,
          "RQ_ACCESS": 337385,
          "RQ_MERGED": 0,
          "RQ_FULL": 0,
          "WQ_ACCESS": 20805,
          "WQ_MERGED": 0,
          "WQ_FULL": 0
        }
      },
      "LLC": {
        "LOAD": {
          "hit": [288],
          "miss": [624]
        },
        "RFO": {
          "hit": [50],
          "miss": [68]
        },
        "PREFETCH": {
          "hit": [781],
          "miss": [2463]
        },
        "WRITE": {
          "hit": [42],
          "miss": [0]
        },
        "TRANSLATION": {
          "hit": [3],
          "miss": [16]
        },
        "mshr full": 0,
        "prefetch requested": 0,
        "prefetch issued": 0,
        "prefetch filled": 2463,
        "prefetch useful": 0,
        "prefetch useless": 0,
        "prefetch late": 0,
        "pf_useful_at_l2_from_l1":          0,
        "pf_late_at_l2_from_l1":          0,
        "pf_useless_at_l2_from_l1":          0,
        "pf_at_l2_to_l1":         28,
        "pf_fill_this_level":          0,
        "miss latency": 24.32,
        "cache queues": {
          "PQ_ACCESS": 3244,
          "PQ_FULL": 0,
          "PQ_TO_CACHE": 3244,
          "PQ_MERGED": 0,
          "RQ_ACCESS": 1049,
          "RQ_MERGED": 0,
          "RQ_FULL": 0,
          "WQ_ACCESS": 42,
          "WQ_MERGED": 0,
          "WQ_FULL": 0
        }
      },
      "DRAM": [
        {
          "RQ ROW_BUFFER_HIT": 1143,
          "RQ ROW_BUFFER_MISS": 2028,
          "PQ FULL": 0,
          "WQ ROW_BUFFER_HIT": 0,
          "WQ ROW_BUFFER_MISS": 0,
          "WQ FULL": 0,
          "AVG DBUS CONGESTED CYCLE": 3.85925
        }
      ]

    },
    "sim": {
      "cores": [
        {
          "instructions": 200000001,
          "cycles": 68936361,
          "Avg ROB occupancy at mispredict": 72.1189, 
          "mispredict": {
            "BRANCH_DIRECT_JUMP": 4552,
            "BRANCH_INDIRECT": 46636,
            "BRANCH_CONDITIONAL": 1182163,
            "BRANCH_DIRECT_CALL": 35,
            "BRANCH_INDIRECT_CALL": 0,
            "BRANCH_RETURN": 42
          }
        }
      ],
      "cpu0_L1I": {
        "LOAD": {
          "hit":8248900,
          "miss":119213
        },
        "RFO": {
          "hit":0,
          "miss":0
        },
        "PREFETCH": {
          "hit":0,
          "miss":0
        },
        "WRITE": {
          "hit":0,
          "miss":0
        },
        "TRANSLATION": {
          "hit":0,
          "miss":0
        },
        "mshr full": 72,
        "prefetch requested": 0,
        "prefetch issued": 0,
        "prefetch filled": 0,
        "prefetch useful": 0,
        "prefetch useless": 0,
        "prefetch late": 0,
        "pf_useful_at_l2_from_l1":          0,
        "pf_late_at_l2_from_l1":          0,
        "pf_useless_at_l2_from_l1":          0,
        "pf_at_l2_to_l1":          0,
        "pf_fill_this_level":          0,
        "miss latency": 0.413865,
        "cache queues": {
          "PQ_ACCESS": 0,
          "PQ_FULL": 0,
          "PQ_TO_CACHE": 0,
          "PQ_MERGED": 0,
          "RQ_ACCESS": 8393697,
          "RQ_MERGED": 25584,
          "RQ_FULL": 0,
          "WQ_ACCESS": 0,
          "WQ_MERGED": 0,
          "WQ_FULL": 0
        }
      },
      "cpu0_ITLB": {
        "LOAD": {
          "hit":6695219,
          "miss":20
        },
        "RFO": {
          "hit":0,
          "miss":0
        },
        "PREFETCH": {
          "hit":0,
          "miss":0
        },
        "WRITE": {
          "hit":0,
          "miss":0
        },
        "TRANSLATION": {
          "hit":0,
          "miss":0
        },
        "mshr full": 0,
        "prefetch requested": 0,
        "prefetch issued": 0,
        "prefetch filled": 0,
        "prefetch useful": 0,
        "prefetch useless": 0,
        "prefetch late": 0,
        "pf_useful_at_l2_from_l1":          0,
        "pf_late_at_l2_from_l1":          0,
        "pf_useless_at_l2_from_l1":          0,
        "pf_at_l2_to_l1":          0,
        "pf_fill_this_level":          0,
        "miss latency": 11.0469,
        "cache queues": {
          "PQ_ACCESS": 0,
          "PQ_FULL": 0,
          "PQ_TO_CACHE": 0,
          "PQ_MERGED": 0,
          "RQ_ACCESS": 6695239,
          "RQ_MERGED": 0,
          "RQ_FULL": 0,
          "WQ_ACCESS": 0,
          "WQ_MERGED": 0,
          "WQ_FULL": 0
        }
      },
      "cpu0_DTLB": {
        "LOAD": {
          "hit":74410862,
          "miss":3044887
        },
        "RFO": {
          "hit":0,
          "miss":0
        },
        "PREFETCH": {
          "hit":0,
          "miss":0
        },
        "WRITE": {
          "hit":0,
          "miss":0
        },
        "TRANSLATION": {
          "hit":0,
          "miss":0
        },
        "mshr full": 102,
        "prefetch requested": 0,
        "prefetch issued": 0,
        "prefetch filled": 0,
        "prefetch useful": 0,
        "prefetch useless": 0,
        "prefetch late": 0,
        "pf_useful_at_l2_from_l1":          0,
        "pf_late_at_l2_from_l1":          0,
        "pf_useless_at_l2_from_l1":          0,
        "pf_at_l2_to_l1":          0,
        "pf_fill_this_level":          0,
        "miss latency": 0.220105,
        "cache queues": {
          "PQ_ACCESS": 0,
          "PQ_FULL": 0,
          "PQ_TO_CACHE": 0,
          "PQ_MERGED": 0,
          "RQ_ACCESS": 79419955,
          "RQ_MERGED": 0,
          "RQ_FULL": 1964206,
          "WQ_ACCESS": 0,
          "WQ_MERGED": 0,
          "WQ_FULL": 0
        }
      },
      "cpu0_STLB": {
        "LOAD": {
          "hit":1332323,
          "miss":34
        },
        "RFO": {
          "hit":0,
          "miss":0
        },
        "PREFETCH": {
          "hit":0,
          "miss":0
        },
        "WRITE": {
          "hit":0,
          "miss":0
        },
        "TRANSLATION": {
          "hit":0,
          "miss":0
        },
        "mshr full": 0,
        "prefetch requested": 0,
        "prefetch issued": 0,
        "prefetch filled": 0,
        "prefetch useful": 0,
        "prefetch useless": 0,
        "prefetch late": 0,
        "pf_useful_at_l2_from_l1":          0,
        "pf_late_at_l2_from_l1":          0,
        "pf_useless_at_l2_from_l1":          0,
        "pf_at_l2_to_l1":          0,
        "pf_fill_this_level":          0,
        "miss latency": 20.0074,
        "cache queues": {
          "PQ_ACCESS": 0,
          "PQ_FULL": 0,
          "PQ_TO_CACHE": 0,
          "PQ_MERGED": 0,
          "RQ_ACCESS": 1332357,
          "RQ_MERGED": 0,
          "RQ_FULL": 0,
          "WQ_ACCESS": 0,
          "WQ_MERGED": 0,
          "WQ_FULL": 0
        }
      },
      "cpu0_L1D": {
        "LOAD": {
          "hit":52954861,
          "miss":446055
        },
        "RFO": {
          "hit":0,
          "miss":0
        },
        "PREFETCH": {
          "hit":1937525,
          "miss":1704568
        },
        "WRITE": {
          "hit":24103407,
          "miss":126560
        },
        "TRANSLATION": {
          "hit":0,
          "miss":34
        },
        "mshr full": 83,
        "prefetch requested": 3643049,
        "prefetch issued": 3643049,
        "prefetch filled": 75656,
        "prefetch useful": 15686,
        "prefetch useless": 60509,
        "prefetch late": 522,
        "pf_useful_at_l2_from_l1":          0,
        "pf_late_at_l2_from_l1":          0,
        "pf_useless_at_l2_from_l1":          0,
        "pf_at_l2_to_l1":          0,
        "pf_fill_this_level":      75651,
        "miss latency": 0.251362,
        "cache queues": {
          "PQ_ACCESS": 3643049,
          "PQ_FULL": 0,
          "PQ_TO_CACHE": 3643049,
          "PQ_MERGED": 154,
          "RQ_ACCESS": 53537409,
          "RQ_MERGED": 132734,
          "RQ_FULL": 549,
          "WQ_ACCESS": 24230004,
          "WQ_MERGED": 35,
          "WQ_FULL": 0
        }
      },
      "cpu0_L2C": {
        "LOAD": {
          "hit":275509,
          "miss":916
        },
        "RFO": {
          "hit":60529,
          "miss":118
        },
        "PREFETCH": {
          "hit":1680363,
          "miss":3245
        },
        "WRITE": {
          "hit":20803,
          "miss":0
        },
        "TRANSLATION": {
          "hit":15,
          "miss":19
        },
        "mshr full": 0,
        "prefetch requested": 0,
        "prefetch issued": 0,
        "prefetch filled": 3240,
        "prefetch useful": 0,
        "prefetch useless": 0,
        "prefetch late": 0,
        "pf_useful_at_l2_from_l1":        767,
        "pf_late_at_l2_from_l1":          4,
        "pf_useless_at_l2_from_l1":        646,
        "pf_at_l2_to_l1":       1391,
        "pf_fill_this_level":       3045,
        "miss latency": 20.4389,
        "cache queues": {
          "PQ_ACCESS": 1683629,
          "PQ_FULL": 0,
          "PQ_TO_CACHE": 1683629,
          "PQ_MERGED": 1,
          "RQ_ACCESS": 337385,
          "RQ_MERGED": 0,
          "RQ_FULL": 0,
          "WQ_ACCESS": 20805,
          "WQ_MERGED": 0,
          "WQ_FULL": 0
        }
      },
      "LLC": {
        "LOAD": {
          "hit": [288],
          "miss": [624]
        },
        "RFO": {
          "hit": [50],
          "miss": [68]
        },
        "PREFETCH": {
          "hit": [781],
          "miss": [2463]
        },
        "WRITE": {
          "hit": [42],
          "miss": [0]
        },
        "TRANSLATION": {
          "hit": [3],
          "miss": [16]
        },
        "mshr full": 0,
        "prefetch requested": 0,
        "prefetch issued": 0,
        "prefetch filled": 2463,
        "prefetch useful": 0,
        "prefetch useless": 0,
        "prefetch late": 0,
        "pf_useful_at_l2_from_l1":          0,
        "pf_late_at_l2_from_l1":          0,
        "pf_useless_at_l2_from_l1":          0,
        "pf_at_l2_to_l1":         28,
        "pf_fill_this_level":          0,
        "miss latency": 24.32,
        "cache queues": {
          "PQ_ACCESS": 3244,
          "PQ_FULL": 0,
          "PQ_TO_CACHE": 3244,
          "PQ_MERGED": 0,
          "RQ_ACCESS": 1049,
          "RQ_MERGED": 0,
          "RQ_FULL": 0,
          "WQ_ACCESS": 42,
          "WQ_MERGED": 0,
          "WQ_FULL": 0
        }
      },
      "DRAM": [
        {
          "RQ ROW_BUFFER_HIT": 1143,
          "RQ ROW_BUFFER_MISS": 2028,
          "PQ FULL": 0,
          "WQ ROW_BUFFER_HIT": 0,
          "WQ ROW_BUFFER_MISS": 0,
          "WQ FULL": 0,
          "AVG DBUS CONGESTED CYCLE": 3.85925
        }
      ]

    }
  }
]
cpu0_ITLB
cpu0_DTLB
cpu0_STLB
Prefetch Request to L1: 502681, Prefetch Request to L2: 3140368
Invalid by Eviction: 37770
Invalid by Max: 803709
Filter table begin
 ┌────────────────────┬─────────────┐
 | Region             | Offset      |
 ├────────────────────┼─────────────┤
 | 0x0000000000000387 | 0           |
 ├────────────────────┼─────────────┤
 | 0x00000000000002c2 | 10          |
 ├────────────────────┼─────────────┤
 | 0x000000000000030c | 13          |
 ├────────────────────┼─────────────┤
 | 0x000000000000033b | 15          |
 ├────────────────────┼─────────────┤
 | 0x0000000000000386 | 31          |
 ├────────────────────┼─────────────┤
 | 0x0000000000000265 | 13          |
 ├────────────────────┼─────────────┤
 | 0x0000000000000290 | 3           |
 ├────────────────────┼─────────────┤
 | 0x00000000000002bd | 0           |
 ├────────────────────┼─────────────┤
 | 0x000000000000027e | 8           |
 ├────────────────────┼─────────────┤
 | 0x0000000000000266 | 30          |
 ├────────────────────┼─────────────┤
 | 0x000000000000031c | 22          |
 ├────────────────────┼─────────────┤
 | 0x0000000000000242 | 22          |
 ├────────────────────┼─────────────┤
 | 0x000000000000026e | 9           |
 ├────────────────────┼─────────────┤
 | 0x00000000000002c8 | 0           |
 ├────────────────────┼─────────────┤
 | 0x000000000000024d | 2           |
 ├────────────────────┼─────────────┤
 | 0x000000000000023a | 29          |
 ├────────────────────┼─────────────┤
 | 0x00000000000002c6 | 4           |
 ├────────────────────┼─────────────┤
 | 0x00000000000002a3 | 27          |
 ├────────────────────┼─────────────┤
 | 0x00000000000002f1 | 31          |
 ├────────────────────┼─────────────┤
 | 0x00000000000002a1 | 29          |
 ├────────────────────┼─────────────┤
 | 0x0000000000000254 | 15          |
 ├────────────────────┼─────────────┤
 | 0x000000000000025d | 13          |
 ├────────────────────┼─────────────┤
 | 0x000000000000030b | 30          |
 ├────────────────────┼─────────────┤
 | 0x0000000000000326 | 27          |
 ├────────────────────┼─────────────┤
 | 0x0000000000000351 | 29          |
 ├────────────────────┼─────────────┤
 | 0x00000000000002c5 | 31          |
 └────────────────────┴─────────────┘
Filter table end
Accumulation table begin
 ┌────────────────────┬─────────────┬─────────────┬──────────────────────────────────────────────────────────────────┐
 | Region             | Offset      | Second      | Pattern                                                          |
 ├────────────────────┼─────────────┼─────────────┼──────────────────────────────────────────────────────────────────┤
 | 0x0000000000000314 | 18          | 19          | 0 0 0 0 0 0 0 0 0 0 0 0 0 0 0 0 0 0 1 1 0 0 0 0 0 0 0 0 0 0 0 0  |
 ├────────────────────┼─────────────┼─────────────┼──────────────────────────────────────────────────────────────────┤
 | 0x00000000000002bf | 4           | 18          | 0 0 0 0 1 0 0 0 0 0 0 0 0 0 0 0 0 1 1 0 0 0 0 0 0 0 0 0 0 0 0 0  |
 ├────────────────────┼─────────────┼─────────────┼──────────────────────────────────────────────────────────────────┤
 | 0x0000000000000300 | 0           | 2           | 1 1 1 1 1 1 1 1 1 0 0 0 0 0 0 0 0 0 0 0 0 0 0 0 0 0 0 0 0 0 0 0  |
 ├────────────────────┼─────────────┼─────────────┼──────────────────────────────────────────────────────────────────┤
 | 0x000000000000023e | 17          | 19          | 1 0 0 0 0 1 1 0 0 0 0 0 0 1 1 1 1 1 1 1 1 1 1 1 1 0 0 1 1 1 0 0  |
 ├────────────────────┼─────────────┼─────────────┼──────────────────────────────────────────────────────────────────┤
 | 0x000000000000024f | 9           | 12          | 0 0 0 0 0 0 0 0 0 1 1 0 1 0 1 0 0 0 0 0 0 0 0 0 0 0 0 0 0 0 0 0  |
 ├────────────────────┼─────────────┼─────────────┼──────────────────────────────────────────────────────────────────┤
 | 0x0000000000000252 | 5           | 23          | 0 0 0 0 0 1 0 1 0 0 0 0 0 1 1 0 0 0 0 0 0 0 0 1 0 0 0 0 0 0 0 0  |
 ├────────────────────┼─────────────┼─────────────┼──────────────────────────────────────────────────────────────────┤
 | 0x00000000000002ba | 2           | 3           | 0 0 1 1 0 0 0 0 0 0 0 0 1 0 0 0 0 0 0 0 0 0 0 1 0 0 0 0 0 0 0 0  |
 ├────────────────────┼─────────────┼─────────────┼──────────────────────────────────────────────────────────────────┤
 | 0x00000000000002fb | 17          | 8           | 0 1 1 0 0 0 0 0 1 0 0 0 0 0 0 0 0 1 0 0 0 0 0 0 0 0 0 0 0 0 0 0  |
 ├────────────────────┼─────────────┼─────────────┼──────────────────────────────────────────────────────────────────┤
 | 0x0000000000000251 | 5           | 7           | 0 0 0 0 0 1 0 1 0 0 1 0 0 0 0 0 0 0 0 0 0 0 0 0 0 0 0 0 0 0 0 0  |
 ├────────────────────┼─────────────┼─────────────┼──────────────────────────────────────────────────────────────────┤
 | 0x0000000000000291 | 12          | 11          | 0 0 0 0 0 0 0 0 0 0 0 1 1 1 0 0 0 0 0 0 0 0 0 0 0 0 0 0 0 0 0 0  |
 ├────────────────────┼─────────────┼─────────────┼──────────────────────────────────────────────────────────────────┤
 | 0x00000000000002fe | 19          | 14          | 0 0 0 0 0 0 0 0 0 0 1 1 0 0 1 0 0 0 0 1 0 0 0 0 0 0 0 0 0 0 0 0  |
 ├────────────────────┼─────────────┼─────────────┼──────────────────────────────────────────────────────────────────┤
 | 0x0000000000000306 | 13          | 8           | 0 0 0 0 1 1 0 0 1 0 0 0 0 1 0 0 0 0 0 0 0 0 0 0 0 0 0 0 0 0 0 0  |
 ├────────────────────┼─────────────┼─────────────┼──────────────────────────────────────────────────────────────────┤
 | 0x000000000000028f | 30          | 31          | 0 0 0 0 0 0 0 0 0 0 0 0 0 0 0 0 0 0 0 0 0 0 1 0 1 0 0 0 0 0 1 1  |
 ├────────────────────┼─────────────┼─────────────┼──────────────────────────────────────────────────────────────────┤
 | 0x000000000000022c | 9           | 11          | 0 0 0 0 0 0 0 0 0 1 0 1 1 1 0 0 0 0 0 0 0 0 0 0 0 0 0 0 0 0 0 0  |
 ├────────────────────┼─────────────┼─────────────┼──────────────────────────────────────────────────────────────────┤
 | 0x000000000000026d | 3           | 11          | 0 0 0 1 0 0 0 0 0 0 0 1 0 0 0 0 0 0 0 0 0 0 0 0 0 0 0 0 0 0 0 0  |
 ├────────────────────┼─────────────┼─────────────┼──────────────────────────────────────────────────────────────────┤
 | 0x0000000000000311 | 1           | 2           | 0 1 1 0 0 0 0 0 0 0 0 0 0 0 0 0 0 0 0 0 0 0 0 0 0 0 0 0 0 0 0 0  |
 ├────────────────────┼─────────────┼─────────────┼──────────────────────────────────────────────────────────────────┤
 | 0x0000000000000304 | 3           | 15          | 1 0 0 1 0 0 0 1 0 0 0 1 0 0 0 1 1 1 0 0 0 0 0 0 0 0 0 0 0 0 0 0  |
 ├────────────────────┼─────────────┼─────────────┼──────────────────────────────────────────────────────────────────┤
 | 0x000000000000025c | 13          | 14          | 0 0 0 0 0 0 0 0 0 0 0 0 0 1 1 1 1 1 1 1 1 0 0 0 0 0 0 0 0 0 0 0  |
 ├────────────────────┼─────────────┼─────────────┼──────────────────────────────────────────────────────────────────┤
 | 0x0000000000000302 | 16          | 11          | 0 0 0 0 0 0 0 1 1 0 0 1 0 0 0 0 1 0 0 0 0 0 0 0 0 0 0 0 0 0 0 0  |
 ├────────────────────┼─────────────┼─────────────┼──────────────────────────────────────────────────────────────────┤
 | 0x00000000000002ee | 0           | 16          | 1 0 0 0 1 0 0 0 0 0 0 1 0 0 0 0 1 0 0 0 0 0 0 0 0 0 0 0 0 0 0 0  |
 ├────────────────────┼─────────────┼─────────────┼──────────────────────────────────────────────────────────────────┤
 | 0x0000000000000313 | 17          | 18          | 0 0 0 0 0 0 0 0 0 0 0 0 0 0 0 0 0 1 1 0 0 0 0 0 0 0 0 0 0 0 0 0  |
 ├────────────────────┼─────────────┼─────────────┼──────────────────────────────────────────────────────────────────┤
 | 0x00000000000002e7 | 6           | 11          | 0 0 0 0 0 0 1 0 0 0 0 1 0 0 0 0 0 0 0 0 0 0 0 0 0 0 0 0 0 0 0 0  |
 ├────────────────────┼─────────────┼─────────────┼──────────────────────────────────────────────────────────────────┤
 | 0x000000000000031f | 15          | 16          | 0 0 0 0 0 0 0 0 0 0 0 0 0 0 0 1 1 0 0 0 0 0 1 1 1 0 0 0 0 0 0 0  |
 ├────────────────────┼─────────────┼─────────────┼──────────────────────────────────────────────────────────────────┤
 | 0x00000000000002be | 9           | 26          | 0 0 0 0 0 0 0 0 0 1 0 0 0 0 0 0 0 1 0 0 0 0 0 0 0 1 1 0 0 0 0 0  |
 ├────────────────────┼─────────────┼─────────────┼──────────────────────────────────────────────────────────────────┤
 | 0x000000000000022e | 4           | 6           | 0 0 0 0 1 1 1 0 0 0 0 0 0 0 0 0 0 0 0 0 0 0 0 0 0 0 0 0 0 0 0 0  |
 ├────────────────────┼─────────────┼─────────────┼──────────────────────────────────────────────────────────────────┤
 | 0x00000000000002fa | 31          | 19          | 0 0 0 0 0 0 0 0 0 0 0 0 0 0 0 0 0 0 0 1 1 1 0 1 1 0 1 1 0 0 0 1  |
 ├────────────────────┼─────────────┼─────────────┼──────────────────────────────────────────────────────────────────┤
 | 0x0000000000000301 | 0           | 1           | 1 1 0 0 0 1 0 0 0 0 0 0 1 1 0 0 1 1 0 0 1 0 0 0 1 0 0 0 1 0 0 1  |
 ├────────────────────┼─────────────┼─────────────┼──────────────────────────────────────────────────────────────────┤
 | 0x0000000000000334 | 2           | 3           | 0 0 1 1 0 0 0 0 0 0 0 0 0 0 0 0 0 0 0 0 0 0 0 0 0 0 0 0 0 0 0 0  |
 ├────────────────────┼─────────────┼─────────────┼──────────────────────────────────────────────────────────────────┤
 | 0x000000000000030e | 0           | 1           | 1 1 0 0 0 0 0 0 0 0 0 0 0 0 0 0 0 0 0 0 0 0 0 0 0 0 0 0 0 0 0 0  |
 ├────────────────────┼─────────────┼─────────────┼──────────────────────────────────────────────────────────────────┤
 | 0x00000000000002bb | 5           | 13          | 0 0 0 0 0 1 0 0 0 0 0 0 0 1 0 0 0 0 0 0 0 1 0 0 0 0 0 0 0 0 0 1  |
 ├────────────────────┼─────────────┼─────────────┼──────────────────────────────────────────────────────────────────┤
 | 0x0000000000000308 | 15          | 19          | 0 0 0 0 0 0 0 0 0 0 0 0 0 0 0 1 0 0 1 1 0 0 1 0 0 0 1 0 0 0 1 0  |
 ├────────────────────┼─────────────┼─────────────┼──────────────────────────────────────────────────────────────────┤
 | 0x00000000000002e4 | 24          | 18          | 0 0 0 0 0 0 0 0 0 0 0 0 0 0 0 0 0 0 1 0 0 0 0 0 1 0 0 0 1 0 1 0  |
 └────────────────────┴─────────────┴─────────────┴──────────────────────────────────────────────────────────────────┘
Accumulation table end
Offset pattern table begin
 ┌────────────────────┬─────────────┬─────────────────────────────────────────────────────────────────────────┐
 | Key                | Second      | Pattern                                                                 |
 ├────────────────────┼─────────────┼─────────────────────────────────────────────────────────────────────────┤
 | 0x0000000000000000 | 1           | 29 7 6 2 11 1 4 3 8 2 1 9 0 0 0 1 5 0 0 0 0 0 0 1 0 0 2 0 0 0 0 0       |
 ├────────────────────┼─────────────┼─────────────────────────────────────────────────────────────────────────┤
 | 0x0000000000000001 | 2           | 26 17 13 0 3 0 0 1 2 0 0 0 0 0 0 0 1 0 0 0 0 0 0 0 0 0 0 0 0 0 0 3      |
 ├────────────────────┼─────────────┼─────────────────────────────────────────────────────────────────────────┤
 | 0x0000000000000002 | 3           | 29 14 6 1 8 7 0 0 0 0 0 1 0 0 1 0 1 0 1 0 0 6 0 0 0 1 0 0 0 0 0 5       |
 ├────────────────────┼─────────────┼─────────────────────────────────────────────────────────────────────────┤
 | 0x0000000000000003 | 2           | 31 12 10 6 12 1 1 5 10 0 0 0 10 9 7 0 0 0 0 0 0 0 1 0 0 0 0 0 0 13 8 1  |
 ├────────────────────┼─────────────┼─────────────────────────────────────────────────────────────────────────┤
 | 0x0000000000000004 | 5           | 23 5 5 8 0 0 0 0 0 5 6 1 0 1 8 0 0 0 1 4 0 1 1 0 1 0 0 0 0 0 4 2        |
 ├────────────────────┼─────────────┼─────────────────────────────────────────────────────────────────────────┤
 | 0x0000000000000005 | 6           | 16 1 7 2 1 6 0 0 7 1 0 0 1 0 1 1 4 0 0 0 0 0 0 1 0 0 4 0 0 0 0 1        |
 ├────────────────────┼─────────────┼─────────────────────────────────────────────────────────────────────────┤
 | 0x0000000000000006 | 8           | 16 0 1 1 0 0 0 1 3 1 2 8 0 0 0 0 0 0 0 4 1 1 7 0 0 0 1 1 3 2 2 2        |
 ├────────────────────┼─────────────┼─────────────────────────────────────────────────────────────────────────┤
 | 0x0000000000000007 | 2           | 23 3 5 2 6 0 2 1 3 10 0 0 0 1 0 0 1 0 3 1 0 0 0 1 1 0 0 3 1 3 1 5       |
 ├────────────────────┼─────────────┼─────────────────────────────────────────────────────────────────────────┤
 | 0x0000000000000008 | 3           | 16 1 1 3 1 0 0 0 3 0 0 0 0 0 0 0 0 0 0 0 0 0 0 0 0 0 0 5 8 0 9 2        |
 ├────────────────────┼─────────────┼─────────────────────────────────────────────────────────────────────────┤
 | 0x0000000000000009 | 4           | 19 4 3 6 3 3 0 0 0 0 0 0 0 0 0 0 4 4 0 0 0 0 0 1 5 0 0 0 0 0 0 1        |
 ├────────────────────┼─────────────┼─────────────────────────────────────────────────────────────────────────┤
 | 0x000000000000000a | 8           | 21 2 6 10 8 1 0 0 0 2 0 0 0 0 0 0 0 0 0 0 0 0 0 0 0 0 0 1 0 1 5 5       |
 ├────────────────────┼─────────────┼─────────────────────────────────────────────────────────────────────────┤
 | 0x000000000000000b | 6           | 18 1 0 3 0 0 0 0 3 0 0 0 0 0 0 0 0 0 0 0 0 0 0 0 0 0 0 7 11 0 12 1      |
 ├────────────────────┼─────────────┼─────────────────────────────────────────────────────────────────────────┤
 | 0x000000000000000c | 11          | 21 14 4 3 4 3 0 1 2 1 0 0 2 1 0 0 2 0 0 2 2 2 1 1 0 2 0 0 3 0 0 9       |
 ├────────────────────┼─────────────┼─────────────────────────────────────────────────────────────────────────┤
 | 0x000000000000000d | 17          | 17 4 4 1 4 1 4 1 0 0 0 0 0 0 1 0 0 0 0 0 0 0 2 1 4 0 0 10 0 0 5 5       |
 ├────────────────────┼─────────────┼─────────────────────────────────────────────────────────────────────────┤
 | 0x000000000000000e | 9           | 18 4 4 1 0 0 0 0 0 1 3 0 0 0 0 3 3 1 0 0 0 0 0 0 0 0 0 4 1 0 1 2        |
 ├────────────────────┼─────────────┼─────────────────────────────────────────────────────────────────────────┤
 | 0x000000000000000f | 20          | 26 4 0 11 6 10 0 11 1 1 0 10 1 0 1 12 2 1 0 0 1 1 0 0 1 0 0 0 1 0 0 0   |
 ├────────────────────┼─────────────┼─────────────────────────────────────────────────────────────────────────┤
 | 0x0000000000000010 | 8           | 23 1 0 0 1 0 4 0 2 0 0 0 0 0 0 0 0 0 0 0 0 0 11 12 15 0 0 14 0 0 0 1    |
 ├────────────────────┼─────────────┼─────────────────────────────────────────────────────────────────────────┤
 | 0x0000000000000011 | 18          | 22 11 1 0 2 0 0 2 1 0 1 2 0 0 0 0 7 4 0 0 0 0 0 7 1 0 0 0 1 0 0 0       |
 ├────────────────────┼─────────────┼─────────────────────────────────────────────────────────────────────────┤
 | 0x0000000000000012 | 16          | 26 6 1 4 3 0 0 4 1 0 0 0 1 0 0 0 0 0 0 0 0 0 0 0 0 0 0 0 0 2 12 9       |
 ├────────────────────┼─────────────┼─────────────────────────────────────────────────────────────────────────┤
 | 0x0000000000000013 | 20          | 21 10 12 0 0 0 0 1 0 0 1 2 0 0 0 0 0 4 0 0 4 0 2 8 7 0 4 7 0 4 4 4      |
 ├────────────────────┼─────────────┼─────────────────────────────────────────────────────────────────────────┤
 | 0x0000000000000014 | 21          | 31 22 1 1 0 0 0 0 0 0 0 3 1 0 0 0 1 2 2 5 4 0 2 0 0 4 3 6 1 1 1 1       |
 ├────────────────────┼─────────────┼─────────────────────────────────────────────────────────────────────────┤
 | 0x0000000000000015 | 24          | 24 1 2 1 0 0 0 0 9 3 4 0 0 0 0 4 0 0 3 0 0 3 0 0 3 0 0 6 6 11 11 9      |
 ├────────────────────┼─────────────┼─────────────────────────────────────────────────────────────────────────┤
 | 0x0000000000000016 | 24          | 20 7 6 1 1 0 1 2 7 6 1 0 1 1 2 0 0 0 0 1 1 0 2 1 3 1 2 0 1 1 0 7        |
 ├────────────────────┼─────────────┼─────────────────────────────────────────────────────────────────────────┤
 | 0x0000000000000017 | 26          | 22 4 6 2 0 0 0 3 3 0 0 0 1 3 2 1 5 0 6 1 0 1 5 6 1 1 1 1 1 0 2 2        |
 ├────────────────────┼─────────────┼─────────────────────────────────────────────────────────────────────────┤
 | 0x0000000000000018 | 19          | 17 4 1 1 4 0 2 2 1 0 0 0 0 0 0 0 0 0 0 0 0 4 0 0 5 1 4 0 0 0 0 1        |
 ├────────────────────┼─────────────┼─────────────────────────────────────────────────────────────────────────┤
 | 0x0000000000000019 | 6           | 21 1 0 0 0 0 0 0 0 0 0 0 0 7 5 3 12 0 0 0 0 0 13 13 0 0 0 0 0 0 0 2     |
 ├────────────────────┼─────────────┼─────────────────────────────────────────────────────────────────────────┤
 | 0x000000000000001a | 18          | 18 4 3 6 0 3 1 0 0 1 3 0 3 0 1 4 0 3 1 3 4 0 3 1 0 4 0 3 0 0 4 1        |
 ├────────────────────┼─────────────┼─────────────────────────────────────────────────────────────────────────┤
 | 0x000000000000001b | 8           | 23 12 3 3 0 1 0 1 0 1 2 0 0 0 3 1 2 0 0 1 1 0 3 2 0 0 0 0 0 0 1 0       |
 ├────────────────────┼─────────────┼─────────────────────────────────────────────────────────────────────────┤
 | 0x000000000000001c | 29          | 19 11 1 2 0 0 0 0 0 0 0 3 0 0 0 0 0 0 0 0 0 0 0 0 0 0 1 0 0 0 1 1       |
 ├────────────────────┼─────────────┼─────────────────────────────────────────────────────────────────────────┤
 | 0x000000000000001d | 30          | 23 11 4 1 0 1 1 2 1 0 0 0 1 0 0 0 0 0 1 1 1 2 1 0 0 0 1 0 1 1 0 5       |
 ├────────────────────┼─────────────┼─────────────────────────────────────────────────────────────────────────┤
 | 0x000000000000001e | 29          | 30 16 0 3 0 0 0 0 0 0 0 0 0 0 0 0 0 3 0 0 0 1 2 9 4 2 8 0 0 0 0 7       |
 ├────────────────────┼─────────────┼─────────────────────────────────────────────────────────────────────────┤
 | 0x000000000000001f | 29          | 22 0 0 0 0 1 0 1 0 0 1 0 1 0 0 1 0 2 0 0 7 6 7 1 6 3 0 6 5 5 2 6        |
 └────────────────────┴─────────────┴─────────────────────────────────────────────────────────────────────────┘
Offset pattern table end
PC pattern table begin
 ┌────────────────────┬─────────────┬─────────────────────────────────────────┐
 | Key                | Second      | Pattern                                 |
 ├────────────────────┼─────────────┼─────────────────────────────────────────┤
 | 0x0000000000000000 | 8           | 29 11 4 0 0 2 0 1 1 0 0 1 3 1 2 5       |
 ├────────────────────┼─────────────┼─────────────────────────────────────────┤
 | 0x0000000000000001 | 8           | 24 0 0 0 0 0 0 3 1 0 0 19 19 19 0 0     |
 ├────────────────────┼─────────────┼─────────────────────────────────────────┤
 | 0x0000000000000002 | 4           | 30 13 6 4 6 9 0 0 0 5 7 12 3 0 8 16     |
 ├────────────────────┼─────────────┼─────────────────────────────────────────┤
 | 0x0000000000000003 | 3           | 23 6 8 5 3 1 0 6 4 0 1 1 0 6 1 1        |
 ├────────────────────┼─────────────┼─────────────────────────────────────────┤
 | 0x0000000000000004 | 26          | 31 17 17 1 12 0 14 13 5 1 1 7 6 0 1 11  |
 ├────────────────────┼─────────────┼─────────────────────────────────────────┤
 | 0x0000000000000005 | 6           | 18 16 6 1 0 0 0 0 0 0 0 0 1 1 1 3       |
 ├────────────────────┼─────────────┼─────────────────────────────────────────┤
 | 0x0000000000000006 | 27          | 25 3 19 1 17 3 20 0 17 0 2 5 1 0 0 0    |
 ├────────────────────┼─────────────┼─────────────────────────────────────────┤
 | 0x0000000000000007 | 1           | 29 4 2 4 14 14 0 1 0 0 0 0 0 0 1 7      |
 ├────────────────────┼─────────────┼─────────────────────────────────────────┤
 | 0x0000000000000008 | 17          | 18 1 1 2 0 1 1 1 3 0 1 3 3 8 11 12      |
 ├────────────────────┼─────────────┼─────────────────────────────────────────┤
 | 0x0000000000000009 | 24          | 26 16 0 2 0 0 0 0 0 0 0 0 9 17 9 11     |
 ├────────────────────┼─────────────┼─────────────────────────────────────────┤
 | 0x000000000000000a | 3           | 28 10 5 4 2 0 0 2 0 0 0 0 0 0 5 6       |
 ├────────────────────┼─────────────┼─────────────────────────────────────────┤
 | 0x000000000000000b | 21          | 20 2 1 2 4 0 0 0 10 4 0 0 6 0 0 0       |
 ├────────────────────┼─────────────┼─────────────────────────────────────────┤
 | 0x000000000000000c | 26          | 18 16 2 16 3 0 0 14 14 0 0 0 0 0 2 3    |
 ├────────────────────┼─────────────┼─────────────────────────────────────────┤
 | 0x000000000000000d | 16          | 22 1 1 9 1 0 0 0 0 0 0 0 0 0 0 12       |
 ├────────────────────┼─────────────┼─────────────────────────────────────────┤
 | 0x000000000000000e | 11          | 29 1 2 0 4 0 0 0 0 0 4 10 23 5 12 1     |
 ├────────────────────┼─────────────┼─────────────────────────────────────────┤
 | 0x000000000000000f | 6           | 17 2 0 0 7 3 0 1 1 2 0 6 11 0 0 5       |
 ├────────────────────┼─────────────┼─────────────────────────────────────────┤
 | 0x0000000000000010 | 29          | 22 11 3 3 2 1 4 0 4 3 3 1 2 1 1 2       |
 ├────────────────────┼─────────────┼─────────────────────────────────────────┤
 | 0x0000000000000011 | 16          | 28 1 3 6 11 5 3 0 0 0 0 2 0 0 2 8       |
 ├────────────────────┼─────────────┼─────────────────────────────────────────┤
 | 0x0000000000000012 | 8           | 29 10 6 2 1 5 0 1 2 2 6 1 3 1 0 0       |
 ├────────────────────┼─────────────┼─────────────────────────────────────────┤
 | 0x0000000000000013 | 9           | 21 6 14 1 0 0 0 0 1 0 0 0 0 0 1 9       |
 ├────────────────────┼─────────────┼─────────────────────────────────────────┤
 | 0x0000000000000014 | 8           | 22 1 0 0 0 0 0 0 0 0 0 0 0 0 19 19      |
 ├────────────────────┼─────────────┼─────────────────────────────────────────┤
 | 0x0000000000000015 | 2           | 19 2 6 4 5 4 3 5 4 7 3 5 3 4 0 7        |
 ├────────────────────┼─────────────┼─────────────────────────────────────────┤
 | 0x0000000000000016 | 9           | 29 25 6 0 0 0 0 0 0 0 1 1 1 1 1 17      |
 ├────────────────────┼─────────────┼─────────────────────────────────────────┤
 | 0x0000000000000017 | 3           | 18 7 4 2 2 2 1 2 5 3 0 3 3 0 7 8        |
 ├────────────────────┼─────────────┼─────────────────────────────────────────┤
 | 0x0000000000000018 | 18          | 16 12 6 5 5 5 0 0 1 4 0 0 0 0 0 1       |
 ├────────────────────┼─────────────┼─────────────────────────────────────────┤
 | 0x0000000000000019 | 29          | 20 15 9 0 0 0 0 1 0 0 0 0 0 0 0 9       |
 ├────────────────────┼─────────────┼─────────────────────────────────────────┤
 | 0x000000000000001a | 2           | 19 5 0 3 2 2 2 2 4 1 9 1 1 1 1 4        |
 ├────────────────────┼─────────────┼─────────────────────────────────────────┤
 | 0x000000000000001b | 18          | 23 8 2 2 0 0 0 1 0 3 3 0 3 0 0 2        |
 ├────────────────────┼─────────────┼─────────────────────────────────────────┤
 | 0x000000000000001c | 17          | 16 10 1 0 1 0 1 0 1 0 0 0 1 0 2 1       |
 ├────────────────────┼─────────────┼─────────────────────────────────────────┤
 | 0x000000000000001d | 11          | 27 1 1 1 6 3 0 6 14 5 2 10 11 8 0 1     |
 ├────────────────────┼─────────────┼─────────────────────────────────────────┤
 | 0x000000000000001e | 20          | 26 16 3 3 3 2 0 0 0 9 12 5 12 8 3 14    |
 ├────────────────────┼─────────────┼─────────────────────────────────────────┤
 | 0x000000000000001f | 29          | 22 11 10 0 7 1 2 0 0 0 0 1 0 1 1 2      |
 └────────────────────┴─────────────┴─────────────────────────────────────────┘
PC pattern table end
Prefetch buffer begin
 ┌────────────────────┬──────────────────────────────────────────────────────────────────┐
 | Region             | Pattern                                                          |
 ├────────────────────┼──────────────────────────────────────────────────────────────────┤
 | 0x0000000000000306 | 0 0 0 0 0 0 0 0 0 0 0 2 2 0 2 2 0 2 0 2 0 0 0 0 0 0 0 0 0 0 0 0  |
 ├────────────────────┼──────────────────────────────────────────────────────────────────┤
 | 0x0000000000000330 | 0 0 0 0 2 0 0 2 0 0 2 0 0 0 0 0 0 0 0 0 0 0 0 0 0 0 0 0 0 0 0 0  |
 ├────────────────────┼──────────────────────────────────────────────────────────────────┤
 | 0x0000000000000284 | 0 0 0 0 0 0 0 0 0 0 0 0 0 1 2 2 0 0 0 0 0 0 0 0 0 0 0 0 0 0 0 0  |
 ├────────────────────┼──────────────────────────────────────────────────────────────────┤
 | 0x000000000000024d | 0 0 0 0 0 0 2 2 0 0 0 0 0 0 0 0 0 0 0 0 0 0 0 2 0 0 0 0 0 0 0 0  |
 ├────────────────────┼──────────────────────────────────────────────────────────────────┤
 | 0x0000000000000302 | 0 0 0 0 0 0 2 0 0 0 0 0 0 0 0 0 0 0 0 0 0 0 2 0 0 0 0 0 0 0 0 0  |
 ├────────────────────┼──────────────────────────────────────────────────────────────────┤
 | 0x0000000000000290 | 0 0 0 0 0 0 0 0 0 0 0 0 0 0 0 0 2 2 0 0 0 0 0 0 0 0 0 0 0 0 0 0  |
 ├────────────────────┼──────────────────────────────────────────────────────────────────┤
 | 0x0000000000000343 | 0 0 0 0 0 0 0 0 0 0 0 0 0 0 0 0 0 0 0 2 0 2 0 0 0 0 2 2 2 0 2 0  |
 ├────────────────────┼──────────────────────────────────────────────────────────────────┤
 | 0x0000000000000281 | 0 0 0 0 0 0 0 0 0 0 0 2 0 0 0 0 2 0 0 0 0 0 0 0 0 0 0 0 0 0 0 0  |
 ├────────────────────┼──────────────────────────────────────────────────────────────────┤
 | 0x0000000000000386 | 0 0 0 0 0 0 0 0 0 0 0 0 0 0 0 0 0 0 0 2 2 2 0 2 0 0 2 0 0 0 0 0  |
 ├────────────────────┼──────────────────────────────────────────────────────────────────┤
 | 0x000000000000028d | 0 0 0 0 0 0 0 0 0 0 0 0 0 0 0 0 0 0 0 0 0 0 0 0 0 0 0 0 0 1 0 0  |
 ├────────────────────┼──────────────────────────────────────────────────────────────────┤
 | 0x0000000000000279 | 0 0 0 0 2 0 0 2 0 0 0 2 0 0 0 2 2 2 0 0 0 0 0 0 0 0 0 0 0 0 0 0  |
 ├────────────────────┼──────────────────────────────────────────────────────────────────┤
 | 0x00000000000002fe | 0 0 0 0 2 0 0 2 0 0 0 0 0 0 0 0 0 0 0 0 0 0 0 0 0 0 0 0 0 0 0 0  |
 └────────────────────┴──────────────────────────────────────────────────────────────────┘
Prefetch buffer end
Filter by PPT: 0
cpu0_L2C
Num Con Filled: 0
Num Con Useful: 0 Useless:0 Accuracy: nan
LLC
