41 41 41
Available num physical pages: 35184372088576
WARNING: physical memory size is smaller than virtual memory size

*** ChampSim Multicore Out-of-Order Simulator ***

Warmup Instructions: 5000000
Simulation Instructions: 200000000
Number of CPUs: 1
Page size: 4096

Basic BTB sets: 1024 ways: 8 indirect buffer size: 4096 RAS size: 64
cpu0_L1D PMP prefetcher
Off-chip DRAM Size: 4 GiB Channels: 1 Width: 64-bit Data Rate: 3200 MT/s
Max paddr 3M
Warmup finished CPU 0 instructions: 5000002 cycles: 1288067 cumulative IPC: 3.88179 (Simulation time: 0 hr 2 min 36 sec) 

Warmup complete CPU 0 instructions: 5000002 cycles: 1288067 (Simulation time: 0 hr 2 min 36 sec) 

Heartbeat CPU 0 instructions: 10000003 cycles: 4322151 heartbeat IPC: 2.31367 cumulative IPC: 1.64795 (Simulation time: 0 hr 6 min 2 sec) 
Heartbeat CPU 0 instructions: 20000002 cycles: 10467024 heartbeat IPC: 1.62738 cumulative IPC: 1.63418 (Simulation time: 0 hr 12 min 47 sec) 
Heartbeat CPU 0 instructions: 30000000 cycles: 16501646 heartbeat IPC: 1.65711 cumulative IPC: 1.64327 (Simulation time: 0 hr 19 min 24 sec) 
Heartbeat CPU 0 instructions: 40000002 cycles: 22296017 heartbeat IPC: 1.72582 cumulative IPC: 1.66604 (Simulation time: 0 hr 26 min 17 sec) 
Heartbeat CPU 0 instructions: 50000004 cycles: 28407174 heartbeat IPC: 1.63636 cumulative IPC: 1.65935 (Simulation time: 0 hr 33 min 19 sec) 
Heartbeat CPU 0 instructions: 60000001 cycles: 34291384 heartbeat IPC: 1.69947 cumulative IPC: 1.6665 (Simulation time: 0 hr 40 min 19 sec) 
Heartbeat CPU 0 instructions: 70000001 cycles: 40773506 heartbeat IPC: 1.54271 cumulative IPC: 1.64618 (Simulation time: 0 hr 47 min 47 sec) 
Heartbeat CPU 0 instructions: 80000001 cycles: 47204643 heartbeat IPC: 1.55494 cumulative IPC: 1.6334 (Simulation time: 0 hr 54 min 59 sec) 
Heartbeat CPU 0 instructions: 90000001 cycles: 53418115 heartbeat IPC: 1.60941 cumulative IPC: 1.63054 (Simulation time: 1 hr 2 min 19 sec) 
Heartbeat CPU 0 instructions: 100000000 cycles: 59494847 heartbeat IPC: 1.64563 cumulative IPC: 1.63212 (Simulation time: 1 hr 9 min 24 sec) 
Heartbeat CPU 0 instructions: 110000001 cycles: 65551150 heartbeat IPC: 1.65118 cumulative IPC: 1.63391 (Simulation time: 1 hr 16 min 25 sec) 
Heartbeat CPU 0 instructions: 120000003 cycles: 71918223 heartbeat IPC: 1.57059 cumulative IPC: 1.6282 (Simulation time: 1 hr 23 min 43 sec) 
Heartbeat CPU 0 instructions: 130000003 cycles: 78281184 heartbeat IPC: 1.5716 cumulative IPC: 1.62353 (Simulation time: 1 hr 30 min 55 sec) 
Heartbeat CPU 0 instructions: 140000001 cycles: 84950166 heartbeat IPC: 1.49948 cumulative IPC: 1.61364 (Simulation time: 1 hr 38 min 33 sec) 
Heartbeat CPU 0 instructions: 150000002 cycles: 91205699 heartbeat IPC: 1.59859 cumulative IPC: 1.61259 (Simulation time: 1 hr 45 min 43 sec) 
Heartbeat CPU 0 instructions: 160000002 cycles: 97145100 heartbeat IPC: 1.68368 cumulative IPC: 1.617 (Simulation time: 1 hr 52 min 28 sec) 
Heartbeat CPU 0 instructions: 170000002 cycles: 103211047 heartbeat IPC: 1.64855 cumulative IPC: 1.61887 (Simulation time: 1 hr 58 min 48 sec) 
Heartbeat CPU 0 instructions: 180000004 cycles: 109483346 heartbeat IPC: 1.59432 cumulative IPC: 1.61745 (Simulation time: 2 hr 4 min 56 sec) 
Heartbeat CPU 0 instructions: 190000000 cycles: 115715209 heartbeat IPC: 1.60466 cumulative IPC: 1.61675 (Simulation time: 2 hr 10 min 17 sec) 
Heartbeat CPU 0 instructions: 200000003 cycles: 121637954 heartbeat IPC: 1.68841 cumulative IPC: 1.62028 (Simulation time: 2 hr 15 min 0 sec) 
Max paddr 11M
Simulation finished CPU 0 instructions: 200000002 cycles: 123131600 cumulative IPC: 1.62428 (Simulation time: 2 hr 17 min 0 sec) 

Simulation complete CPU 0 instructions: 200000002 cycles: 123131600 (Simulation time: 2 hr 17 min 0 sec) 


ChampSim completed all CPUs

[
  {
    "name": "Simulation",
    "traces": [
      "../traces/445.gobmk-2B.champsimtrace.xz"
    ],
    "roi": {
      "cores": [
        {
          "instructions": 200000002,
          "cycles": 123131600,
          "Avg ROB occupancy at mispredict": 19.4617, 
          "mispredict": {
            "BRANCH_DIRECT_JUMP": 10246,
            "BRANCH_INDIRECT": 45,
            "BRANCH_CONDITIONAL": 3634727,
            "BRANCH_DIRECT_CALL": 899,
            "BRANCH_INDIRECT_CALL": 9796,
            "BRANCH_RETURN": 1273
          }
        }
      ],
      "cpu0_L1I": {
        "LOAD": {
          "hit":9422311,
          "miss":952677
        },
        "RFO": {
          "hit":0,
          "miss":0
        },
        "PREFETCH": {
          "hit":0,
          "miss":0
        },
        "WRITE": {
          "hit":0,
          "miss":0
        },
        "TRANSLATION": {
          "hit":0,
          "miss":0
        },
        "mshr full": 6786,
        "prefetch requested": 0,
        "prefetch issued": 0,
        "prefetch filled": 0,
        "prefetch useful": 0,
        "prefetch useless": 0,
        "prefetch late": 0,
        "pf_useful_at_l2_from_l1":          0,
        "pf_late_at_l2_from_l1":          0,
        "pf_useless_at_l2_from_l1":          0,
        "pf_at_l2_to_l1":          0,
        "pf_fill_this_level":          0,
        "miss latency": 0.623298,
        "cache queues": {
          "PQ_ACCESS": 0,
          "PQ_FULL": 0,
          "PQ_TO_CACHE": 0,
          "PQ_MERGED": 0,
          "RQ_ACCESS": 10502379,
          "RQ_MERGED": 127391,
          "RQ_FULL": 0,
          "WQ_ACCESS": 0,
          "WQ_MERGED": 0,
          "WQ_FULL": 0
        }
      },
      "cpu0_ITLB": {
        "LOAD": {
          "hit":8027984,
          "miss":4960
        },
        "RFO": {
          "hit":0,
          "miss":0
        },
        "PREFETCH": {
          "hit":0,
          "miss":0
        },
        "WRITE": {
          "hit":0,
          "miss":0
        },
        "TRANSLATION": {
          "hit":0,
          "miss":0
        },
        "mshr full": 0,
        "prefetch requested": 0,
        "prefetch issued": 0,
        "prefetch filled": 0,
        "prefetch useful": 0,
        "prefetch useless": 0,
        "prefetch late": 0,
        "pf_useful_at_l2_from_l1":          0,
        "pf_late_at_l2_from_l1":          0,
        "pf_useless_at_l2_from_l1":          0,
        "pf_at_l2_to_l1":          0,
        "pf_fill_this_level":          0,
        "miss latency": 0.325971,
        "cache queues": {
          "PQ_ACCESS": 0,
          "PQ_FULL": 0,
          "PQ_TO_CACHE": 0,
          "PQ_MERGED": 0,
          "RQ_ACCESS": 8032944,
          "RQ_MERGED": 0,
          "RQ_FULL": 0,
          "WQ_ACCESS": 0,
          "WQ_MERGED": 0,
          "WQ_FULL": 0
        }
      },
      "cpu0_DTLB": {
        "LOAD": {
          "hit":68188218,
          "miss":543481
        },
        "RFO": {
          "hit":0,
          "miss":0
        },
        "PREFETCH": {
          "hit":0,
          "miss":0
        },
        "WRITE": {
          "hit":0,
          "miss":0
        },
        "TRANSLATION": {
          "hit":0,
          "miss":0
        },
        "mshr full": 5,
        "prefetch requested": 0,
        "prefetch issued": 0,
        "prefetch filled": 0,
        "prefetch useful": 0,
        "prefetch useless": 0,
        "prefetch late": 0,
        "pf_useful_at_l2_from_l1":          0,
        "pf_late_at_l2_from_l1":          0,
        "pf_useless_at_l2_from_l1":          0,
        "pf_at_l2_to_l1":          0,
        "pf_fill_this_level":          0,
        "miss latency": 0.336028,
        "cache queues": {
          "PQ_ACCESS": 0,
          "PQ_FULL": 0,
          "PQ_TO_CACHE": 0,
          "PQ_MERGED": 0,
          "RQ_ACCESS": 68860381,
          "RQ_MERGED": 0,
          "RQ_FULL": 128682,
          "WQ_ACCESS": 0,
          "WQ_MERGED": 0,
          "WQ_FULL": 0
        }
      },
      "cpu0_STLB": {
        "LOAD": {
          "hit":212267,
          "miss":9485
        },
        "RFO": {
          "hit":0,
          "miss":0
        },
        "PREFETCH": {
          "hit":0,
          "miss":0
        },
        "WRITE": {
          "hit":0,
          "miss":0
        },
        "TRANSLATION": {
          "hit":0,
          "miss":0
        },
        "mshr full": 0,
        "prefetch requested": 0,
        "prefetch issued": 0,
        "prefetch filled": 0,
        "prefetch useful": 0,
        "prefetch useless": 0,
        "prefetch late": 0,
        "pf_useful_at_l2_from_l1":          0,
        "pf_late_at_l2_from_l1":          0,
        "pf_useless_at_l2_from_l1":          0,
        "pf_at_l2_to_l1":          0,
        "pf_fill_this_level":          0,
        "miss latency": 7.64317,
        "cache queues": {
          "PQ_ACCESS": 0,
          "PQ_FULL": 0,
          "PQ_TO_CACHE": 0,
          "PQ_MERGED": 0,
          "RQ_ACCESS": 221752,
          "RQ_MERGED": 0,
          "RQ_FULL": 0,
          "WQ_ACCESS": 0,
          "WQ_MERGED": 0,
          "WQ_FULL": 0
        }
      },
      "cpu0_L1D": {
        "LOAD": {
          "hit":45113963,
          "miss":1540941
        },
        "RFO": {
          "hit":0,
          "miss":0
        },
        "PREFETCH": {
          "hit":1243035,
          "miss":2242821
        },
        "WRITE": {
          "hit":20120206,
          "miss":2001287
        },
        "TRANSLATION": {
          "hit":718,
          "miss":8761
        },
        "mshr full": 264255,
        "prefetch requested": 3486165,
        "prefetch issued": 3486165,
        "prefetch filled": 169239,
        "prefetch useful": 33381,
        "prefetch useless": 137745,
        "prefetch late": 1923,
        "pf_useful_at_l2_from_l1":          0,
        "pf_late_at_l2_from_l1":          0,
        "pf_useless_at_l2_from_l1":          0,
        "pf_at_l2_to_l1":          1,
        "pf_fill_this_level":     169233,
        "miss latency": 1.06583,
        "cache queues": {
          "PQ_ACCESS": 3486165,
          "PQ_FULL": 0,
          "PQ_TO_CACHE": 3486165,
          "PQ_MERGED": 148,
          "RQ_ACCESS": 46817687,
          "RQ_MERGED": 1157,
          "RQ_FULL": 161622,
          "WQ_ACCESS": 22124753,
          "WQ_MERGED": 72,
          "WQ_FULL": 3188
        }
      },
      "cpu0_L2C": {
        "LOAD": {
          "hit":993061,
          "miss":380283
        },
        "RFO": {
          "hit":261383,
          "miss":90947
        },
        "PREFETCH": {
          "hit":1560318,
          "miss":649624
        },
        "WRITE": {
          "hit":285506,
          "miss":0
        },
        "TRANSLATION": {
          "hit":1266,
          "miss":7495
        },
        "mshr full": 22853,
        "prefetch requested": 0,
        "prefetch issued": 0,
        "prefetch filled": 644451,
        "prefetch useful": 0,
        "prefetch useless": 0,
        "prefetch late": 0,
        "pf_useful_at_l2_from_l1":      98966,
        "pf_late_at_l2_from_l1":       5067,
        "pf_useless_at_l2_from_l1":     472962,
        "pf_at_l2_to_l1":      17823,
        "pf_fill_this_level":     585130,
        "miss latency": 8.37397,
        "cache queues": {
          "PQ_ACCESS": 2213957,
          "PQ_FULL": 3943,
          "PQ_TO_CACHE": 2210014,
          "PQ_MERGED": 48,
          "RQ_ACCESS": 1734460,
          "RQ_MERGED": 0,
          "RQ_FULL": 0,
          "WQ_ACCESS": 285838,
          "WQ_MERGED": 0,
          "WQ_FULL": 0
        }
      },
      "LLC": {
        "LOAD": {
          "hit": [324831],
          "miss": [50577]
        },
        "RFO": {
          "hit": [71950],
          "miss": [18804]
        },
        "PREFETCH": {
          "hit": [460095],
          "miss": [189423]
        },
        "WRITE": {
          "hit": [59521],
          "miss": [0]
        },
        "TRANSLATION": {
          "hit": [5496],
          "miss": [1999]
        },
        "mshr full": 0,
        "prefetch requested": 0,
        "prefetch issued": 0,
        "prefetch filled": 189423,
        "prefetch useful": 0,
        "prefetch useless": 0,
        "prefetch late": 0,
        "pf_useful_at_l2_from_l1":          0,
        "pf_late_at_l2_from_l1":          0,
        "pf_useless_at_l2_from_l1":          0,
        "pf_at_l2_to_l1":       5247,
        "pf_fill_this_level":          0,
        "miss latency": 32.8592,
        "cache queues": {
          "PQ_ACCESS": 649518,
          "PQ_FULL": 0,
          "PQ_TO_CACHE": 649518,
          "PQ_MERGED": 0,
          "RQ_ACCESS": 473658,
          "RQ_MERGED": 0,
          "RQ_FULL": 0,
          "WQ_ACCESS": 59852,
          "WQ_MERGED": 0,
          "WQ_FULL": 0
        }
      },
      "DRAM": [
        {
          "RQ ROW_BUFFER_HIT": 92595,
          "RQ ROW_BUFFER_MISS": 168207,
          "PQ FULL": 0,
          "WQ ROW_BUFFER_HIT": 1132,
          "WQ ROW_BUFFER_MISS": 14780,
          "WQ FULL": 0,
          "AVG DBUS CONGESTED CYCLE": 3.89788
        }
      ]

    },
    "sim": {
      "cores": [
        {
          "instructions": 200000002,
          "cycles": 123131600,
          "Avg ROB occupancy at mispredict": 19.4617, 
          "mispredict": {
            "BRANCH_DIRECT_JUMP": 10246,
            "BRANCH_INDIRECT": 45,
            "BRANCH_CONDITIONAL": 3634727,
            "BRANCH_DIRECT_CALL": 899,
            "BRANCH_INDIRECT_CALL": 9796,
            "BRANCH_RETURN": 1273
          }
        }
      ],
      "cpu0_L1I": {
        "LOAD": {
          "hit":9422311,
          "miss":952677
        },
        "RFO": {
          "hit":0,
          "miss":0
        },
        "PREFETCH": {
          "hit":0,
          "miss":0
        },
        "WRITE": {
          "hit":0,
          "miss":0
        },
        "TRANSLATION": {
          "hit":0,
          "miss":0
        },
        "mshr full": 6786,
        "prefetch requested": 0,
        "prefetch issued": 0,
        "prefetch filled": 0,
        "prefetch useful": 0,
        "prefetch useless": 0,
        "prefetch late": 0,
        "pf_useful_at_l2_from_l1":          0,
        "pf_late_at_l2_from_l1":          0,
        "pf_useless_at_l2_from_l1":          0,
        "pf_at_l2_to_l1":          0,
        "pf_fill_this_level":          0,
        "miss latency": 0.623298,
        "cache queues": {
          "PQ_ACCESS": 0,
          "PQ_FULL": 0,
          "PQ_TO_CACHE": 0,
          "PQ_MERGED": 0,
          "RQ_ACCESS": 10502379,
          "RQ_MERGED": 127391,
          "RQ_FULL": 0,
          "WQ_ACCESS": 0,
          "WQ_MERGED": 0,
          "WQ_FULL": 0
        }
      },
      "cpu0_ITLB": {
        "LOAD": {
          "hit":8027984,
          "miss":4960
        },
        "RFO": {
          "hit":0,
          "miss":0
        },
        "PREFETCH": {
          "hit":0,
          "miss":0
        },
        "WRITE": {
          "hit":0,
          "miss":0
        },
        "TRANSLATION": {
          "hit":0,
          "miss":0
        },
        "mshr full": 0,
        "prefetch requested": 0,
        "prefetch issued": 0,
        "prefetch filled": 0,
        "prefetch useful": 0,
        "prefetch useless": 0,
        "prefetch late": 0,
        "pf_useful_at_l2_from_l1":          0,
        "pf_late_at_l2_from_l1":          0,
        "pf_useless_at_l2_from_l1":          0,
        "pf_at_l2_to_l1":          0,
        "pf_fill_this_level":          0,
        "miss latency": 0.325971,
        "cache queues": {
          "PQ_ACCESS": 0,
          "PQ_FULL": 0,
          "PQ_TO_CACHE": 0,
          "PQ_MERGED": 0,
          "RQ_ACCESS": 8032944,
          "RQ_MERGED": 0,
          "RQ_FULL": 0,
          "WQ_ACCESS": 0,
          "WQ_MERGED": 0,
          "WQ_FULL": 0
        }
      },
      "cpu0_DTLB": {
        "LOAD": {
          "hit":68188218,
          "miss":543481
        },
        "RFO": {
          "hit":0,
          "miss":0
        },
        "PREFETCH": {
          "hit":0,
          "miss":0
        },
        "WRITE": {
          "hit":0,
          "miss":0
        },
        "TRANSLATION": {
          "hit":0,
          "miss":0
        },
        "mshr full": 5,
        "prefetch requested": 0,
        "prefetch issued": 0,
        "prefetch filled": 0,
        "prefetch useful": 0,
        "prefetch useless": 0,
        "prefetch late": 0,
        "pf_useful_at_l2_from_l1":          0,
        "pf_late_at_l2_from_l1":          0,
        "pf_useless_at_l2_from_l1":          0,
        "pf_at_l2_to_l1":          0,
        "pf_fill_this_level":          0,
        "miss latency": 0.336028,
        "cache queues": {
          "PQ_ACCESS": 0,
          "PQ_FULL": 0,
          "PQ_TO_CACHE": 0,
          "PQ_MERGED": 0,
          "RQ_ACCESS": 68860381,
          "RQ_MERGED": 0,
          "RQ_FULL": 128682,
          "WQ_ACCESS": 0,
          "WQ_MERGED": 0,
          "WQ_FULL": 0
        }
      },
      "cpu0_STLB": {
        "LOAD": {
          "hit":212267,
          "miss":9485
        },
        "RFO": {
          "hit":0,
          "miss":0
        },
        "PREFETCH": {
          "hit":0,
          "miss":0
        },
        "WRITE": {
          "hit":0,
          "miss":0
        },
        "TRANSLATION": {
          "hit":0,
          "miss":0
        },
        "mshr full": 0,
        "prefetch requested": 0,
        "prefetch issued": 0,
        "prefetch filled": 0,
        "prefetch useful": 0,
        "prefetch useless": 0,
        "prefetch late": 0,
        "pf_useful_at_l2_from_l1":          0,
        "pf_late_at_l2_from_l1":          0,
        "pf_useless_at_l2_from_l1":          0,
        "pf_at_l2_to_l1":          0,
        "pf_fill_this_level":          0,
        "miss latency": 7.64317,
        "cache queues": {
          "PQ_ACCESS": 0,
          "PQ_FULL": 0,
          "PQ_TO_CACHE": 0,
          "PQ_MERGED": 0,
          "RQ_ACCESS": 221752,
          "RQ_MERGED": 0,
          "RQ_FULL": 0,
          "WQ_ACCESS": 0,
          "WQ_MERGED": 0,
          "WQ_FULL": 0
        }
      },
      "cpu0_L1D": {
        "LOAD": {
          "hit":45113963,
          "miss":1540941
        },
        "RFO": {
          "hit":0,
          "miss":0
        },
        "PREFETCH": {
          "hit":1243035,
          "miss":2242821
        },
        "WRITE": {
          "hit":20120206,
          "miss":2001287
        },
        "TRANSLATION": {
          "hit":718,
          "miss":8761
        },
        "mshr full": 264255,
        "prefetch requested": 3486165,
        "prefetch issued": 3486165,
        "prefetch filled": 169239,
        "prefetch useful": 33381,
        "prefetch useless": 137745,
        "prefetch late": 1923,
        "pf_useful_at_l2_from_l1":          0,
        "pf_late_at_l2_from_l1":          0,
        "pf_useless_at_l2_from_l1":          0,
        "pf_at_l2_to_l1":          1,
        "pf_fill_this_level":     169233,
        "miss latency": 1.06583,
        "cache queues": {
          "PQ_ACCESS": 3486165,
          "PQ_FULL": 0,
          "PQ_TO_CACHE": 3486165,
          "PQ_MERGED": 148,
          "RQ_ACCESS": 46817687,
          "RQ_MERGED": 1157,
          "RQ_FULL": 161622,
          "WQ_ACCESS": 22124753,
          "WQ_MERGED": 72,
          "WQ_FULL": 3188
        }
      },
      "cpu0_L2C": {
        "LOAD": {
          "hit":993061,
          "miss":380283
        },
        "RFO": {
          "hit":261383,
          "miss":90947
        },
        "PREFETCH": {
          "hit":1560318,
          "miss":649624
        },
        "WRITE": {
          "hit":285506,
          "miss":0
        },
        "TRANSLATION": {
          "hit":1266,
          "miss":7495
        },
        "mshr full": 22853,
        "prefetch requested": 0,
        "prefetch issued": 0,
        "prefetch filled": 644451,
        "prefetch useful": 0,
        "prefetch useless": 0,
        "prefetch late": 0,
        "pf_useful_at_l2_from_l1":      98966,
        "pf_late_at_l2_from_l1":       5067,
        "pf_useless_at_l2_from_l1":     472962,
        "pf_at_l2_to_l1":      17823,
        "pf_fill_this_level":     585130,
        "miss latency": 8.37397,
        "cache queues": {
          "PQ_ACCESS": 2213957,
          "PQ_FULL": 3943,
          "PQ_TO_CACHE": 2210014,
          "PQ_MERGED": 48,
          "RQ_ACCESS": 1734460,
          "RQ_MERGED": 0,
          "RQ_FULL": 0,
          "WQ_ACCESS": 285838,
          "WQ_MERGED": 0,
          "WQ_FULL": 0
        }
      },
      "LLC": {
        "LOAD": {
          "hit": [324831],
          "miss": [50577]
        },
        "RFO": {
          "hit": [71950],
          "miss": [18804]
        },
        "PREFETCH": {
          "hit": [460095],
          "miss": [189423]
        },
        "WRITE": {
          "hit": [59521],
          "miss": [0]
        },
        "TRANSLATION": {
          "hit": [5496],
          "miss": [1999]
        },
        "mshr full": 0,
        "prefetch requested": 0,
        "prefetch issued": 0,
        "prefetch filled": 189423,
        "prefetch useful": 0,
        "prefetch useless": 0,
        "prefetch late": 0,
        "pf_useful_at_l2_from_l1":          0,
        "pf_late_at_l2_from_l1":          0,
        "pf_useless_at_l2_from_l1":          0,
        "pf_at_l2_to_l1":       5247,
        "pf_fill_this_level":          0,
        "miss latency": 32.8592,
        "cache queues": {
          "PQ_ACCESS": 649518,
          "PQ_FULL": 0,
          "PQ_TO_CACHE": 649518,
          "PQ_MERGED": 0,
          "RQ_ACCESS": 473658,
          "RQ_MERGED": 0,
          "RQ_FULL": 0,
          "WQ_ACCESS": 59852,
          "WQ_MERGED": 0,
          "WQ_FULL": 0
        }
      },
      "DRAM": [
        {
          "RQ ROW_BUFFER_HIT": 92595,
          "RQ ROW_BUFFER_MISS": 168207,
          "PQ FULL": 0,
          "WQ ROW_BUFFER_HIT": 1132,
          "WQ ROW_BUFFER_MISS": 14780,
          "WQ FULL": 0,
          "AVG DBUS CONGESTED CYCLE": 3.89788
        }
      ]

    }
  }
]
cpu0_ITLB
cpu0_DTLB
cpu0_STLB
Prefetch Request to L1: 491865, Prefetch Request to L2: 2994300
Invalid by Eviction: 68828
Invalid by Max: 376106
Filter table begin
 ┌────────────────────┬─────────────┐
 | Region             | Offset      |
 ├────────────────────┼─────────────┤
 | 0x000000000000022c | 31          |
 ├────────────────────┼─────────────┤
 | 0x000000000000027f | 30          |
 ├────────────────────┼─────────────┤
 | 0x00000000000002ae | 12          |
 ├────────────────────┼─────────────┤
 | 0x0000000000000213 | 23          |
 ├────────────────────┼─────────────┤
 | 0x0000000000000283 | 19          |
 ├────────────────────┼─────────────┤
 | 0x000000000000026d | 1           |
 ├────────────────────┼─────────────┤
 | 0x0000000000000265 | 29          |
 ├────────────────────┼─────────────┤
 | 0x0000000000000248 | 28          |
 ├────────────────────┼─────────────┤
 | 0x000000000000025a | 24          |
 ├────────────────────┼─────────────┤
 | 0x0000000000000212 | 26          |
 ├────────────────────┼─────────────┤
 | 0x0000000000000277 | 14          |
 ├────────────────────┼─────────────┤
 | 0x000000000000023f | 31          |
 ├────────────────────┼─────────────┤
 | 0x0000000000000290 | 2           |
 ├────────────────────┼─────────────┤
 | 0x00000000000002c9 | 7           |
 ├────────────────────┼─────────────┤
 | 0x0000000000000211 | 1           |
 ├────────────────────┼─────────────┤
 | 0x0000000000000274 | 20          |
 ├────────────────────┼─────────────┤
 | 0x0000000000000250 | 12          |
 ├────────────────────┼─────────────┤
 | 0x0000000000000235 | 26          |
 ├────────────────────┼─────────────┤
 | 0x0000000000000219 | 8           |
 ├────────────────────┼─────────────┤
 | 0x0000000000000275 | 24          |
 ├────────────────────┼─────────────┤
 | 0x0000000000000243 | 31          |
 ├────────────────────┼─────────────┤
 | 0x0000000000000260 | 19          |
 ├────────────────────┼─────────────┤
 | 0x000000000000025f | 2           |
 ├────────────────────┼─────────────┤
 | 0x00000000000002b8 | 15          |
 ├────────────────────┼─────────────┤
 | 0x00000000000007ff | 30          |
 ├────────────────────┼─────────────┤
 | 0x000000000000023a | 24          |
 ├────────────────────┼─────────────┤
 | 0x0000000000000269 | 11          |
 ├────────────────────┼─────────────┤
 | 0x0000000000000268 | 12          |
 ├────────────────────┼─────────────┤
 | 0x0000000000000273 | 16          |
 ├────────────────────┼─────────────┤
 | 0x0000000000000294 | 17          |
 ├────────────────────┼─────────────┤
 | 0x00000000000002a2 | 9           |
 ├────────────────────┼─────────────┤
 | 0x0000000000000245 | 2           |
 ├────────────────────┼─────────────┤
 | 0x0000000000000261 | 2           |
 ├────────────────────┼─────────────┤
 | 0x00000000000002b0 | 8           |
 ├────────────────────┼─────────────┤
 | 0x0000000000000220 | 7           |
 ├────────────────────┼─────────────┤
 | 0x0000000000000279 | 12          |
 ├────────────────────┼─────────────┤
 | 0x00000000000002ba | 1           |
 ├────────────────────┼─────────────┤
 | 0x000000000000022a | 31          |
 ├────────────────────┼─────────────┤
 | 0x0000000000000238 | 10          |
 ├────────────────────┼─────────────┤
 | 0x000000000000026b | 0           |
 ├────────────────────┼─────────────┤
 | 0x0000000000000231 | 6           |
 ├────────────────────┼─────────────┤
 | 0x00000000000002b2 | 7           |
 ├────────────────────┼─────────────┤
 | 0x000000000000025c | 23          |
 ├────────────────────┼─────────────┤
 | 0x0000000000000247 | 11          |
 ├────────────────────┼─────────────┤
 | 0x0000000000000222 | 3           |
 ├────────────────────┼─────────────┤
 | 0x0000000000000263 | 1           |
 └────────────────────┴─────────────┘
Filter table end
Accumulation table begin
 ┌────────────────────┬─────────────┬─────────────┬──────────────────────────────────────────────────────────────────┐
 | Region             | Offset      | Second      | Pattern                                                          |
 ├────────────────────┼─────────────┼─────────────┼──────────────────────────────────────────────────────────────────┤
 | 0x0000000000000270 | 1           | 18          | 0 1 0 0 0 0 0 0 0 0 0 0 0 0 0 0 0 0 1 0 0 0 0 0 0 0 0 0 0 0 0 0  |
 ├────────────────────┼─────────────┼─────────────┼──────────────────────────────────────────────────────────────────┤
 | 0x00000000000002a1 | 25          | 13          | 0 0 0 0 0 0 0 0 0 0 0 0 0 1 0 1 0 0 0 0 0 0 0 0 0 1 0 0 0 0 0 0  |
 ├────────────────────┼─────────────┼─────────────┼──────────────────────────────────────────────────────────────────┤
 | 0x0000000000000257 | 0           | 26          | 1 0 0 0 0 0 0 0 0 0 0 0 1 0 0 0 0 0 0 0 0 0 0 0 0 0 1 0 0 0 0 0  |
 ├────────────────────┼─────────────┼─────────────┼──────────────────────────────────────────────────────────────────┤
 | 0x00000000000002b5 | 29          | 31          | 0 0 0 0 0 0 0 0 0 0 0 0 0 0 0 0 0 0 0 0 0 0 0 0 0 0 0 0 0 1 0 1  |
 ├────────────────────┼─────────────┼─────────────┼──────────────────────────────────────────────────────────────────┤
 | 0x000000000000025e | 18          | 28          | 0 0 0 0 0 0 0 0 0 0 0 0 0 0 0 0 0 0 1 0 0 0 0 0 0 0 0 0 1 0 0 0  |
 ├────────────────────┼─────────────┼─────────────┼──────────────────────────────────────────────────────────────────┤
 | 0x0000000000000258 | 12          | 27          | 0 0 0 0 0 0 0 0 0 0 0 0 1 1 0 0 0 0 0 0 0 0 1 0 0 0 0 1 0 0 0 0  |
 ├────────────────────┼─────────────┼─────────────┼──────────────────────────────────────────────────────────────────┤
 | 0x000000000000021a | 10          | 11          | 0 0 0 0 0 0 0 0 0 0 1 1 1 1 1 1 1 1 1 1 1 1 1 1 1 1 1 1 1 1 1 1  |
 ├────────────────────┼─────────────┼─────────────┼──────────────────────────────────────────────────────────────────┤
 | 0x00000000000002a7 | 28          | 30          | 0 0 0 0 0 0 0 0 0 0 0 0 0 0 0 0 0 0 0 0 1 1 0 0 0 0 0 0 1 0 1 0  |
 ├────────────────────┼─────────────┼─────────────┼──────────────────────────────────────────────────────────────────┤
 | 0x0000000000000262 | 18          | 28          | 0 0 0 0 0 0 0 0 0 0 0 0 0 0 0 0 0 0 1 0 0 0 0 0 0 0 0 0 1 0 0 0  |
 ├────────────────────┼─────────────┼─────────────┼──────────────────────────────────────────────────────────────────┤
 | 0x00000000000002a4 | 4           | 16          | 0 0 0 0 1 0 0 0 0 0 0 0 0 0 0 0 1 0 0 0 0 0 0 0 0 0 0 0 0 0 0 0  |
 ├────────────────────┼─────────────┼─────────────┼──────────────────────────────────────────────────────────────────┤
 | 0x000000000000028c | 18          | 17          | 0 0 0 0 0 0 0 0 0 0 0 0 0 0 0 0 0 1 1 0 0 0 0 0 0 0 0 0 0 0 0 0  |
 ├────────────────────┼─────────────┼─────────────┼──────────────────────────────────────────────────────────────────┤
 | 0x0000000000000298 | 2           | 1           | 0 1 1 1 0 0 0 0 0 0 0 0 0 0 0 0 0 0 0 0 0 0 0 0 0 0 0 0 0 0 0 0  |
 ├────────────────────┼─────────────┼─────────────┼──────────────────────────────────────────────────────────────────┤
 | 0x000000000000028f | 24          | 25          | 1 0 0 1 0 0 0 0 0 0 0 0 0 0 0 0 0 0 0 0 0 1 1 0 1 1 0 0 0 0 0 0  |
 ├────────────────────┼─────────────┼─────────────┼──────────────────────────────────────────────────────────────────┤
 | 0x0000000000000285 | 16          | 18          | 0 0 0 0 0 0 0 0 0 0 0 0 0 0 0 0 1 0 1 0 0 0 0 0 0 0 0 0 0 0 0 0  |
 ├────────────────────┼─────────────┼─────────────┼──────────────────────────────────────────────────────────────────┤
 | 0x0000000000000280 | 1           | 3           | 0 1 0 1 0 0 0 0 0 0 0 0 0 0 0 0 0 0 0 0 0 0 0 0 0 0 0 0 0 0 0 0  |
 ├────────────────────┼─────────────┼─────────────┼──────────────────────────────────────────────────────────────────┤
 | 0x000000000000027d | 17          | 26          | 0 0 0 0 0 0 0 0 0 0 0 0 0 0 0 0 0 1 0 0 0 0 0 0 0 0 1 0 0 0 0 0  |
 ├────────────────────┼─────────────┼─────────────┼──────────────────────────────────────────────────────────────────┤
 | 0x000000000000026c | 0           | 13          | 1 0 0 0 0 0 0 0 0 0 0 0 0 1 0 0 0 0 0 0 0 0 0 0 0 0 0 0 0 0 0 0  |
 ├────────────────────┼─────────────┼─────────────┼──────────────────────────────────────────────────────────────────┤
 | 0x000000000000029c | 26          | 24          | 0 0 0 0 0 0 0 0 0 0 0 0 0 0 0 0 0 0 0 0 0 0 0 0 1 0 1 0 0 0 0 0  |
 ├────────────────────┼─────────────┼─────────────┼──────────────────────────────────────────────────────────────────┤
 | 0x000000000000029f | 19          | 21          | 0 0 0 0 0 0 0 0 0 0 0 0 0 0 0 0 0 0 0 1 0 1 0 0 0 0 0 0 0 0 0 0  |
 ├────────────────────┼─────────────┼─────────────┼──────────────────────────────────────────────────────────────────┤
 | 0x0000000000000284 | 11          | 30          | 0 0 0 0 0 0 0 0 0 0 0 1 1 0 0 0 0 0 0 0 0 0 0 0 0 0 0 0 0 0 1 1  |
 ├────────────────────┼─────────────┼─────────────┼──────────────────────────────────────────────────────────────────┤
 | 0x00000000000002a3 | 16          | 15          | 0 0 0 0 0 0 0 1 0 0 0 0 0 0 0 1 1 0 0 0 0 0 0 0 0 0 0 0 0 0 0 0  |
 ├────────────────────┼─────────────┼─────────────┼──────────────────────────────────────────────────────────────────┤
 | 0x000000000000021e | 1           | 6           | 0 1 0 0 0 0 1 1 0 0 0 1 1 0 0 0 0 1 0 0 0 0 1 0 0 0 0 0 0 0 0 0  |
 ├────────────────────┼─────────────┼─────────────┼──────────────────────────────────────────────────────────────────┤
 | 0x000000000000024e | 14          | 1           | 0 1 0 0 0 0 0 1 0 0 0 0 0 0 1 0 0 0 0 0 0 0 0 0 0 0 0 0 0 0 0 1  |
 ├────────────────────┼─────────────┼─────────────┼──────────────────────────────────────────────────────────────────┤
 | 0x00000000000007ee | 10          | 9           | 0 0 0 0 0 0 0 0 0 1 1 0 0 0 0 0 0 0 0 0 0 0 0 0 0 0 0 0 0 0 0 0  |
 ├────────────────────┼─────────────┼─────────────┼──────────────────────────────────────────────────────────────────┤
 | 0x000000000000024b | 10          | 23          | 0 0 0 0 0 0 0 0 0 0 1 0 0 0 0 0 1 0 0 0 0 0 0 1 0 0 0 0 0 0 0 0  |
 ├────────────────────┼─────────────┼─────────────┼──────────────────────────────────────────────────────────────────┤
 | 0x0000000000000244 | 2           | 17          | 0 0 1 0 0 0 0 0 1 0 0 0 0 0 0 0 0 1 0 0 0 0 0 0 0 0 0 0 0 0 0 0  |
 ├────────────────────┼─────────────┼─────────────┼──────────────────────────────────────────────────────────────────┤
 | 0x0000000000000255 | 9           | 23          | 0 0 0 0 0 0 0 0 0 1 0 0 0 0 0 0 0 0 0 0 0 0 0 1 0 0 0 0 0 0 0 0  |
 ├────────────────────┼─────────────┼─────────────┼──────────────────────────────────────────────────────────────────┤
 | 0x00000000000003c8 | 14          | 15          | 0 0 0 0 0 0 0 0 0 0 0 0 0 1 1 1 1 1 1 0 0 0 0 0 0 0 0 0 0 0 0 0  |
 ├────────────────────┼─────────────┼─────────────┼──────────────────────────────────────────────────────────────────┤
 | 0x000000000000021d | 22          | 27          | 0 1 1 0 0 0 1 1 0 0 0 0 1 0 0 0 0 1 1 0 0 0 1 1 0 0 0 1 1 0 0 0  |
 ├────────────────────┼─────────────┼─────────────┼──────────────────────────────────────────────────────────────────┤
 | 0x000000000000026a | 2           | 31          | 0 0 1 0 0 0 0 0 0 0 0 0 0 0 1 0 0 0 0 0 0 0 0 0 0 0 0 0 0 0 0 1  |
 ├────────────────────┼─────────────┼─────────────┼──────────────────────────────────────────────────────────────────┤
 | 0x000000000000028e | 8           | 7           | 0 0 0 0 0 0 0 1 1 0 0 0 1 0 0 0 0 0 0 0 0 0 0 0 0 0 0 0 0 0 0 0  |
 └────────────────────┴─────────────┴─────────────┴──────────────────────────────────────────────────────────────────┘
Accumulation table end
Offset pattern table begin
 ┌────────────────────┬─────────────┬────────────────────────────────────────────────────────────────────────┐
 | Key                | Second      | Pattern                                                                |
 ├────────────────────┼─────────────┼────────────────────────────────────────────────────────────────────────┤
 | 0x0000000000000000 | 12          | 20 6 2 1 1 1 2 4 3 0 0 0 3 1 1 4 0 0 1 0 0 0 3 3 0 0 1 0 0 3 2 1       |
 ├────────────────────┼─────────────┼────────────────────────────────────────────────────────────────────────┤
 | 0x0000000000000001 | 14          | 22 4 3 0 0 1 2 6 4 0 0 0 1 0 2 4 4 1 0 0 0 0 4 2 1 0 0 0 0 1 4 1       |
 ├────────────────────┼─────────────┼────────────────────────────────────────────────────────────────────────┤
 | 0x0000000000000002 | 17          | 20 4 0 0 0 0 0 7 3 0 0 0 0 0 0 8 1 0 0 0 0 0 5 3 0 0 0 0 0 3 0 5       |
 ├────────────────────┼─────────────┼────────────────────────────────────────────────────────────────────────┤
 | 0x0000000000000003 | 23          | 31 3 0 4 1 0 0 5 13 0 0 0 0 0 4 14 0 0 0 0 0 0 9 8 0 0 0 0 0 4 2 1     |
 ├────────────────────┼─────────────┼────────────────────────────────────────────────────────────────────────┤
 | 0x0000000000000004 | 7           | 18 2 2 1 0 0 0 5 5 0 0 0 4 2 1 11 0 0 0 0 0 0 12 3 2 2 0 0 1 0 0 1     |
 ├────────────────────┼─────────────┼────────────────────────────────────────────────────────────────────────┤
 | 0x0000000000000005 | 29          | 31 2 0 0 1 0 0 15 5 0 0 1 0 0 1 19 0 1 0 0 0 0 14 5 1 0 0 3 1 1 1 6    |
 ├────────────────────┼─────────────┼────────────────────────────────────────────────────────────────────────┤
 | 0x0000000000000006 | 22          | 18 2 0 0 1 0 1 3 3 1 0 0 0 0 2 5 2 0 0 0 0 0 3 4 0 0 1 3 2 1 2 2       |
 ├────────────────────┼─────────────┼────────────────────────────────────────────────────────────────────────┤
 | 0x0000000000000007 | 3           | 22 4 9 1 1 1 0 4 0 0 0 1 4 2 0 2 1 0 0 0 0 1 3 1 2 2 2 2 0 1 0 4       |
 ├────────────────────┼─────────────┼────────────────────────────────────────────────────────────────────────┤
 | 0x0000000000000008 | 7           | 31 10 7 6 6 4 4 2 3 4 6 3 4 4 4 3 4 6 4 5 5 4 6 6 4 2 4 5 3 4 4 9      |
 ├────────────────────┼─────────────┼────────────────────────────────────────────────────────────────────────┤
 | 0x0000000000000009 | 10          | 28 11 8 4 5 2 2 4 2 2 3 1 1 1 4 1 3 2 3 1 3 1 1 2 2 2 1 1 1 2 4 4      |
 ├────────────────────┼─────────────┼────────────────────────────────────────────────────────────────────────┤
 | 0x000000000000000a | 23          | 28 9 4 2 2 2 4 3 2 2 2 2 3 6 2 2 2 1 1 2 3 2 2 0 2 0 0 1 0 1 0 5       |
 ├────────────────────┼─────────────┼────────────────────────────────────────────────────────────────────────┤
 | 0x000000000000000b | 10          | 22 7 3 2 0 2 2 0 0 0 0 0 3 0 0 0 0 0 3 5 2 0 0 1 0 0 0 0 0 0 3 5       |
 ├────────────────────┼─────────────┼────────────────────────────────────────────────────────────────────────┤
 | 0x000000000000000c | 0           | 17 3 0 1 0 0 3 2 0 0 0 1 0 0 0 2 2 1 1 0 1 1 2 1 1 0 0 1 1 0 1 3       |
 ├────────────────────┼─────────────┼────────────────────────────────────────────────────────────────────────┤
 | 0x000000000000000d | 22          | 31 9 5 1 0 0 0 0 1 6 0 2 4 4 1 0 0 0 0 3 2 0 0 0 1 2 1 0 2 4 2 8       |
 ├────────────────────┼─────────────┼────────────────────────────────────────────────────────────────────────┤
 | 0x000000000000000e | 31          | 25 8 8 6 1 1 1 0 1 0 1 0 1 1 0 0 2 0 3 4 2 2 2 1 1 1 1 2 4 2 3 8       |
 ├────────────────────┼─────────────┼────────────────────────────────────────────────────────────────────────┤
 | 0x000000000000000f | 16          | 28 10 6 13 3 3 1 1 1 1 1 0 0 0 0 0 0 1 1 0 1 1 1 9 3 1 9 5 2 13 6 6    |
 ├────────────────────┼─────────────┼────────────────────────────────────────────────────────────────────────┤
 | 0x0000000000000010 | 9           | 25 8 7 1 0 0 0 0 3 1 3 2 2 0 0 1 0 0 2 0 8 4 5 1 0 1 0 1 0 0 0 4       |
 ├────────────────────┼─────────────┼────────────────────────────────────────────────────────────────────────┤
 | 0x0000000000000011 | 18          | 26 9 3 1 1 2 1 1 5 5 1 1 1 1 2 2 0 3 0 0 0 0 1 0 0 3 1 0 0 0 1 9       |
 ├────────────────────┼─────────────┼────────────────────────────────────────────────────────────────────────┤
 | 0x0000000000000012 | 11          | 25 6 4 1 2 0 0 0 0 1 4 0 0 0 4 0 0 0 0 0 5 1 0 0 0 0 1 0 0 2 2 3       |
 ├────────────────────┼─────────────┼────────────────────────────────────────────────────────────────────────┤
 | 0x0000000000000013 | 29          | 21 5 6 2 1 1 0 0 0 0 3 2 0 0 0 0 1 1 0 0 1 0 1 0 1 2 1 0 0 0 2 1       |
 ├────────────────────┼─────────────┼────────────────────────────────────────────────────────────────────────┤
 | 0x0000000000000014 | 2           | 27 9 2 3 2 0 0 0 7 0 2 2 1 1 0 1 0 4 2 0 1 0 0 0 0 5 1 0 2 2 3 9       |
 ├────────────────────┼─────────────┼────────────────────────────────────────────────────────────────────────┤
 | 0x0000000000000015 | 20          | 26 12 10 3 1 1 9 0 0 0 1 1 0 0 0 0 0 0 0 0 0 0 0 0 0 0 0 1 2 1 7 7     |
 ├────────────────────┼─────────────┼────────────────────────────────────────────────────────────────────────┤
 | 0x0000000000000016 | 21          | 22 3 3 2 0 1 1 6 1 0 7 0 0 0 0 0 0 6 0 1 4 1 2 0 6 0 0 0 0 2 2 4       |
 ├────────────────────┼─────────────┼────────────────────────────────────────────────────────────────────────┤
 | 0x0000000000000017 | 27          | 21 3 2 7 1 0 0 0 0 0 0 0 2 0 0 0 0 0 7 2 0 2 0 0 0 1 2 0 0 0 1 1       |
 ├────────────────────┼─────────────┼────────────────────────────────────────────────────────────────────────┤
 | 0x0000000000000018 | 25          | 19 8 7 3 0 0 0 3 1 0 0 1 0 0 0 0 0 1 0 0 0 1 0 0 0 0 1 1 2 1 1 2       |
 ├────────────────────┼─────────────┼────────────────────────────────────────────────────────────────────────┤
 | 0x0000000000000019 | 27          | 31 9 8 3 2 2 0 1 1 2 1 0 1 1 0 0 2 1 0 1 8 1 7 2 2 2 3 2 3 3 3 8       |
 ├────────────────────┼─────────────┼────────────────────────────────────────────────────────────────────────┤
 | 0x000000000000001a | 24          | 26 2 0 0 0 1 1 1 1 1 1 0 1 0 0 3 0 1 2 1 0 0 0 1 1 1 1 2 2 3 10 3      |
 ├────────────────────┼─────────────┼────────────────────────────────────────────────────────────────────────┤
 | 0x000000000000001b | 24          | 28 8 5 3 3 1 1 1 2 2 1 2 1 2 1 1 2 2 2 2 1 3 3 10 4 3 3 4 3 4 4 8      |
 ├────────────────────┼─────────────┼────────────────────────────────────────────────────────────────────────┤
 | 0x000000000000001c | 29          | 30 9 7 5 0 0 1 8 1 0 0 1 0 0 0 0 1 0 1 2 5 5 2 3 4 2 1 1 1 0 1 6       |
 ├────────────────────┼─────────────┼────────────────────────────────────────────────────────────────────────┤
 | 0x000000000000001d | 31          | 19 5 6 0 0 1 0 0 0 0 1 0 0 0 0 0 0 0 0 0 0 0 0 0 0 0 0 0 0 6 1 3       |
 ├────────────────────┼─────────────┼────────────────────────────────────────────────────────────────────────┤
 | 0x000000000000001e | 31          | 26 9 0 0 2 0 1 0 2 2 1 0 1 3 3 0 0 1 1 1 2 2 1 3 2 1 2 4 4 7 8 9       |
 ├────────────────────┼─────────────┼────────────────────────────────────────────────────────────────────────┤
 | 0x000000000000001f | 12          | 26 1 2 4 2 2 2 3 3 2 1 2 3 1 3 7 3 4 2 1 7 6 7 7 6 7 9 11 11 12 10 17  |
 └────────────────────┴─────────────┴────────────────────────────────────────────────────────────────────────┘
Offset pattern table end
PC pattern table begin
 ┌────────────────────┬─────────────┬────────────────────────────────────────────┐
 | Key                | Second      | Pattern                                    |
 ├────────────────────┼─────────────┼────────────────────────────────────────────┤
 | 0x0000000000000000 | 22          | 27 7 3 2 3 9 2 1 2 2 5 6 6 10 8 10         |
 ├────────────────────┼─────────────┼────────────────────────────────────────────┤
 | 0x0000000000000001 | 27          | 23 12 9 8 10 8 7 8 6 7 6 5 4 3 4 6         |
 ├────────────────────┼─────────────┼────────────────────────────────────────────┤
 | 0x0000000000000002 | 21          | 24 2 3 1 0 0 1 1 1 0 0 0 1 2 3 6           |
 ├────────────────────┼─────────────┼────────────────────────────────────────────┤
 | 0x0000000000000003 | 20          | 31 21 4 4 4 3 11 6 7 6 9 11 6 7 10 14      |
 ├────────────────────┼─────────────┼────────────────────────────────────────────┤
 | 0x0000000000000004 | 25          | 22 14 1 4 2 1 3 1 0 1 1 0 2 3 2 9          |
 ├────────────────────┼─────────────┼────────────────────────────────────────────┤
 | 0x0000000000000005 | 27          | 16 3 2 2 2 4 2 2 2 3 8 9 9 9 8 11          |
 ├────────────────────┼─────────────┼────────────────────────────────────────────┤
 | 0x0000000000000006 | 27          | 27 0 1 3 3 1 3 0 3 0 7 0 3 3 2 3           |
 ├────────────────────┼─────────────┼────────────────────────────────────────────┤
 | 0x0000000000000007 | 29          | 18 2 1 5 5 0 1 5 5 4 1 5 5 2 5 1           |
 ├────────────────────┼─────────────┼────────────────────────────────────────────┤
 | 0x0000000000000008 | 1           | 30 16 11 12 8 8 6 5 3 3 2 3 2 3 5 5        |
 ├────────────────────┼─────────────┼────────────────────────────────────────────┤
 | 0x0000000000000009 | 25          | 19 9 3 5 2 2 3 3 4 3 4 4 1 2 3 5           |
 ├────────────────────┼─────────────┼────────────────────────────────────────────┤
 | 0x000000000000000a | 27          | 22 9 2 2 2 1 3 5 0 1 2 2 6 4 6 12          |
 ├────────────────────┼─────────────┼────────────────────────────────────────────┤
 | 0x000000000000000b | 31          | 26 12 7 5 2 2 2 0 2 6 6 2 1 0 1 1          |
 ├────────────────────┼─────────────┼────────────────────────────────────────────┤
 | 0x000000000000000c | 24          | 19 5 4 1 1 0 1 1 0 2 1 1 4 2 0 10          |
 ├────────────────────┼─────────────┼────────────────────────────────────────────┤
 | 0x000000000000000d | 3           | 20 8 3 11 2 2 3 3 3 4 7 6 4 2 2 3          |
 ├────────────────────┼─────────────┼────────────────────────────────────────────┤
 | 0x000000000000000e | 7           | 26 0 0 4 14 0 1 12 7 1 0 16 4 0 1 7        |
 ├────────────────────┼─────────────┼────────────────────────────────────────────┤
 | 0x000000000000000f | 23          | 27 14 4 4 6 7 8 4 6 5 11 10 6 8 9 9        |
 ├────────────────────┼─────────────┼────────────────────────────────────────────┤
 | 0x0000000000000010 | 16          | 30 13 3 1 6 4 7 6 2 2 1 2 3 3 4 8          |
 ├────────────────────┼─────────────┼────────────────────────────────────────────┤
 | 0x0000000000000011 | 7           | 28 6 6 19 5 2 2 1 2 3 2 1 2 4 5 8          |
 ├────────────────────┼─────────────┼────────────────────────────────────────────┤
 | 0x0000000000000012 | 27          | 31 19 1 0 1 1 1 0 0 0 4 3 2 3 4 8          |
 ├────────────────────┼─────────────┼────────────────────────────────────────────┤
 | 0x0000000000000013 | 17          | 30 16 1 1 0 1 0 0 0 5 6 1 3 4 7 13         |
 ├────────────────────┼─────────────┼────────────────────────────────────────────┤
 | 0x0000000000000014 | 24          | 28 6 2 2 2 8 8 5 0 1 2 7 9 4 0 8           |
 ├────────────────────┼─────────────┼────────────────────────────────────────────┤
 | 0x0000000000000015 | 23          | 23 14 3 1 0 0 0 0 0 1 1 0 0 0 2 5          |
 ├────────────────────┼─────────────┼────────────────────────────────────────────┤
 | 0x0000000000000016 | 12          | 28 4 3 0 0 0 0 0 0 3 4 0 5 0 0 10          |
 ├────────────────────┼─────────────┼────────────────────────────────────────────┤
 | 0x0000000000000017 | 16          | 18 13 8 7 7 8 9 7 7 8 8 8 7 6 7 8          |
 ├────────────────────┼─────────────┼────────────────────────────────────────────┤
 | 0x0000000000000018 | 18          | 30 18 11 8 8 12 16 10 9 8 8 11 10 9 12 17  |
 ├────────────────────┼─────────────┼────────────────────────────────────────────┤
 | 0x0000000000000019 | 30          | 28 10 2 1 0 0 3 3 2 1 1 1 1 5 6 17         |
 ├────────────────────┼─────────────┼────────────────────────────────────────────┤
 | 0x000000000000001a | 17          | 16 11 1 0 1 1 5 3 0 0 2 2 1 0 0 0          |
 ├────────────────────┼─────────────┼────────────────────────────────────────────┤
 | 0x000000000000001b | 24          | 28 19 9 8 9 11 13 10 4 5 7 9 10 8 10 14    |
 ├────────────────────┼─────────────┼────────────────────────────────────────────┤
 | 0x000000000000001c | 18          | 19 12 3 2 3 2 2 2 2 3 3 3 3 2 4 8          |
 ├────────────────────┼─────────────┼────────────────────────────────────────────┤
 | 0x000000000000001d | 7           | 16 2 1 3 0 2 2 0 2 0 1 4 0 2 1 1           |
 ├────────────────────┼─────────────┼────────────────────────────────────────────┤
 | 0x000000000000001e | 20          | 30 14 7 1 4 6 7 3 1 4 5 5 7 0 4 10         |
 ├────────────────────┼─────────────┼────────────────────────────────────────────┤
 | 0x000000000000001f | 10          | 30 5 1 8 2 5 2 2 3 0 0 2 3 2 4 6           |
 └────────────────────┴─────────────┴────────────────────────────────────────────┘
PC pattern table end
Prefetch buffer begin
 ┌────────────────────┬──────────────────────────────────────────────────────────────────┐
 | Region             | Pattern                                                          |
 ├────────────────────┼──────────────────────────────────────────────────────────────────┤
 | 0x00000000000002f8 | 0 0 2 0 0 0 0 0 0 0 0 0 0 0 0 0 0 0 0 0 0 0 0 0 0 2 0 0 0 0 0 0  |
 ├────────────────────┼──────────────────────────────────────────────────────────────────┤
 | 0x000000000000023f | 0 0 2 0 0 0 0 0 0 0 0 0 0 0 2 0 2 0 0 2 2 2 2 2 2 0 0 0 0 0 0 0  |
 ├────────────────────┼──────────────────────────────────────────────────────────────────┤
 | 0x00000000000002b8 | 0 0 0 0 0 0 2 0 0 0 0 0 0 0 0 0 0 0 0 0 0 0 0 0 0 0 0 0 0 0 0 0  |
 ├────────────────────┼──────────────────────────────────────────────────────────────────┤
 | 0x00000000000002ef | 2 0 0 0 0 0 0 0 0 0 0 0 0 2 2 2 2 2 2 2 2 2 2 2 2 2 0 0 0 2 2 2  |
 ├────────────────────┼──────────────────────────────────────────────────────────────────┤
 | 0x00000000000002b0 | 0 0 0 0 0 0 0 0 0 0 0 0 0 0 0 0 0 0 0 0 0 0 0 0 0 0 0 0 0 0 2 2  |
 └────────────────────┴──────────────────────────────────────────────────────────────────┘
Prefetch buffer end
Filter by PPT: 0
cpu0_L2C
Num Con Filled: 0
Num Con Useful: 0 Useless:0 Accuracy: nan
LLC
