41 41 41
Available num physical pages: 35184372088576
WARNING: physical memory size is smaller than virtual memory size

*** ChampSim Multicore Out-of-Order Simulator ***

Warmup Instructions: 5000000
Simulation Instructions: 5000000
Number of CPUs: 1
Page size: 4096

Basic BTB sets: 1024 ways: 8 indirect buffer size: 4096 RAS size: 64
cpu0_L1D PMP prefetcher
Off-chip DRAM Size: 4 GiB Channels: 1 Width: 64-bit Data Rate: 3200 MT/s
Max paddr 3M
Warmup finished CPU 0 instructions: 5000001 cycles: 1250048 cumulative IPC: 3.99985 (Simulation time: 0 hr 2 min 30 sec) 

Warmup complete CPU 0 instructions: 5000001 cycles: 1250048 (Simulation time: 0 hr 2 min 30 sec) 

Heartbeat CPU 0 instructions: 10000003 cycles: 2709004 heartbeat IPC: 3.6914 cumulative IPC: 3.42711 (Simulation time: 0 hr 5 min 59 sec) 
Max paddr 4M
Simulation finished CPU 0 instructions: 5000002 cycles: 1458957 cumulative IPC: 3.42711 (Simulation time: 0 hr 5 min 59 sec) 

Simulation complete CPU 0 instructions: 5000002 cycles: 1458957 (Simulation time: 0 hr 5 min 59 sec) 


ChampSim completed all CPUs

[
  {
    "name": "Simulation",
    "traces": [
      "../traces/437.leslie3d-149B.champsimtrace.xz"
    ],
    "roi": {
      "cores": [
        {
          "instructions": 5000002,
          "cycles": 1458957,
          "Avg ROB occupancy at mispredict": 326.417, 
          "mispredict": {
            "BRANCH_DIRECT_JUMP": 0,
            "BRANCH_INDIRECT": 0,
            "BRANCH_CONDITIONAL": 1187,
            "BRANCH_DIRECT_CALL": 0,
            "BRANCH_INDIRECT_CALL": 0,
            "BRANCH_RETURN": 0
          }
        }
      ],
      "cpu0_L1I": {
        "LOAD": {
          "hit":0,
          "miss":0
        },
        "RFO": {
          "hit":0,
          "miss":0
        },
        "PREFETCH": {
          "hit":0,
          "miss":0
        },
        "WRITE": {
          "hit":0,
          "miss":0
        },
        "TRANSLATION": {
          "hit":0,
          "miss":0
        },
        "mshr full": 0,
        "prefetch requested": 0,
        "prefetch issued": 0,
        "prefetch filled": 0,
        "prefetch useful": 0,
        "prefetch useless": 0,
        "prefetch late": 0,
        "pf_useful_at_l2_from_l1":          0,
        "pf_late_at_l2_from_l1":          0,
        "pf_useless_at_l2_from_l1":          0,
        "pf_at_l2_to_l1":          0,
        "pf_fill_this_level":          0,
        "miss latency": null,
        "cache queues": {
          "PQ_ACCESS": 0,
          "PQ_FULL": 0,
          "PQ_TO_CACHE": 0,
          "PQ_MERGED": 0,
          "RQ_ACCESS": 0,
          "RQ_MERGED": 0,
          "RQ_FULL": 0,
          "WQ_ACCESS": 0,
          "WQ_MERGED": 0,
          "WQ_FULL": 0
        }
      },
      "cpu0_ITLB": {
        "LOAD": {
          "hit":0,
          "miss":0
        },
        "RFO": {
          "hit":0,
          "miss":0
        },
        "PREFETCH": {
          "hit":0,
          "miss":0
        },
        "WRITE": {
          "hit":0,
          "miss":0
        },
        "TRANSLATION": {
          "hit":0,
          "miss":0
        },
        "mshr full": 0,
        "prefetch requested": 0,
        "prefetch issued": 0,
        "prefetch filled": 0,
        "prefetch useful": 0,
        "prefetch useless": 0,
        "prefetch late": 0,
        "pf_useful_at_l2_from_l1":          0,
        "pf_late_at_l2_from_l1":          0,
        "pf_useless_at_l2_from_l1":          0,
        "pf_at_l2_to_l1":          0,
        "pf_fill_this_level":          0,
        "miss latency": null,
        "cache queues": {
          "PQ_ACCESS": 0,
          "PQ_FULL": 0,
          "PQ_TO_CACHE": 0,
          "PQ_MERGED": 0,
          "RQ_ACCESS": 0,
          "RQ_MERGED": 0,
          "RQ_FULL": 0,
          "WQ_ACCESS": 0,
          "WQ_MERGED": 0,
          "WQ_FULL": 0
        }
      },
      "cpu0_DTLB": {
        "LOAD": {
          "hit":2071231,
          "miss":6087
        },
        "RFO": {
          "hit":0,
          "miss":0
        },
        "PREFETCH": {
          "hit":0,
          "miss":0
        },
        "WRITE": {
          "hit":0,
          "miss":0
        },
        "TRANSLATION": {
          "hit":0,
          "miss":0
        },
        "mshr full": 0,
        "prefetch requested": 0,
        "prefetch issued": 0,
        "prefetch filled": 0,
        "prefetch useful": 0,
        "prefetch useless": 0,
        "prefetch late": 0,
        "pf_useful_at_l2_from_l1":          0,
        "pf_late_at_l2_from_l1":          0,
        "pf_useless_at_l2_from_l1":          0,
        "pf_at_l2_to_l1":          0,
        "pf_fill_this_level":          0,
        "miss latency": 0.783556,
        "cache queues": {
          "PQ_ACCESS": 0,
          "PQ_FULL": 0,
          "PQ_TO_CACHE": 0,
          "PQ_MERGED": 0,
          "RQ_ACCESS": 2136579,
          "RQ_MERGED": 0,
          "RQ_FULL": 59261,
          "WQ_ACCESS": 0,
          "WQ_MERGED": 0,
          "WQ_FULL": 0
        }
      },
      "cpu0_STLB": {
        "LOAD": {
          "hit":1563,
          "miss":282
        },
        "RFO": {
          "hit":0,
          "miss":0
        },
        "PREFETCH": {
          "hit":0,
          "miss":0
        },
        "WRITE": {
          "hit":0,
          "miss":0
        },
        "TRANSLATION": {
          "hit":0,
          "miss":0
        },
        "mshr full": 0,
        "prefetch requested": 0,
        "prefetch issued": 0,
        "prefetch filled": 0,
        "prefetch useful": 0,
        "prefetch useless": 0,
        "prefetch late": 0,
        "pf_useful_at_l2_from_l1":          0,
        "pf_late_at_l2_from_l1":          0,
        "pf_useless_at_l2_from_l1":          0,
        "pf_at_l2_to_l1":          0,
        "pf_fill_this_level":          0,
        "miss latency": 13.5725,
        "cache queues": {
          "PQ_ACCESS": 0,
          "PQ_FULL": 0,
          "PQ_TO_CACHE": 0,
          "PQ_MERGED": 0,
          "RQ_ACCESS": 1845,
          "RQ_MERGED": 0,
          "RQ_FULL": 0,
          "WQ_ACCESS": 0,
          "WQ_MERGED": 0,
          "WQ_FULL": 0
        }
      },
      "cpu0_L1D": {
        "LOAD": {
          "hit":1818066,
          "miss":95455
        },
        "RFO": {
          "hit":0,
          "miss":0
        },
        "PREFETCH": {
          "hit":22150,
          "miss":55745
        },
        "WRITE": {
          "hit":176548,
          "miss":25230
        },
        "TRANSLATION": {
          "hit":84,
          "miss":198
        },
        "mshr full": 6256,
        "prefetch requested": 77935,
        "prefetch issued": 77935,
        "prefetch filled": 19291,
        "prefetch useful": 15680,
        "prefetch useless": 4839,
        "prefetch late": 1208,
        "pf_useful_at_l2_from_l1":          0,
        "pf_late_at_l2_from_l1":          0,
        "pf_useless_at_l2_from_l1":          0,
        "pf_at_l2_to_l1":          6,
        "pf_fill_this_level":      19274,
        "miss latency": 1.53116,
        "cache queues": {
          "PQ_ACCESS": 77935,
          "PQ_FULL": 0,
          "PQ_TO_CACHE": 77935,
          "PQ_MERGED": 48,
          "RQ_ACCESS": 1969962,
          "RQ_MERGED": 44,
          "RQ_FULL": 56396,
          "WQ_ACCESS": 201779,
          "WQ_MERGED": 0,
          "WQ_FULL": 0
        }
      },
      "cpu0_L2C": {
        "LOAD": {
          "hit":19904,
          "miss":14283
        },
        "RFO": {
          "hit":8371,
          "miss":917
        },
        "PREFETCH": {
          "hit":28281,
          "miss":25522
        },
        "WRITE": {
          "hit":13730,
          "miss":0
        },
        "TRANSLATION": {
          "hit":166,
          "miss":32
        },
        "mshr full": 14323,
        "prefetch requested": 0,
        "prefetch issued": 0,
        "prefetch filled": 25002,
        "prefetch useful": 0,
        "prefetch useless": 0,
        "prefetch late": 0,
        "pf_useful_at_l2_from_l1":       7465,
        "pf_late_at_l2_from_l1":        454,
        "pf_useless_at_l2_from_l1":       7431,
        "pf_at_l2_to_l1":       1026,
        "pf_fill_this_level":      15220,
        "miss latency": 12.2837,
        "cache queues": {
          "PQ_ACCESS": 55440,
          "PQ_FULL": 1628,
          "PQ_TO_CACHE": 53812,
          "PQ_MERGED": 7,
          "RQ_ACCESS": 43695,
          "RQ_MERGED": 0,
          "RQ_FULL": 0,
          "WQ_ACCESS": 13743,
          "WQ_MERGED": 0,
          "WQ_FULL": 0
        }
      },
      "LLC": {
        "LOAD": {
          "hit": [10493],
          "miss": [3336]
        },
        "RFO": {
          "hit": [888],
          "miss": [29]
        },
        "PREFETCH": {
          "hit": [11500],
          "miss": [13956]
        },
        "WRITE": {
          "hit": [5123],
          "miss": [0]
        },
        "TRANSLATION": {
          "hit": [32],
          "miss": [0]
        },
        "mshr full": 0,
        "prefetch requested": 0,
        "prefetch issued": 0,
        "prefetch filled": 13956,
        "prefetch useful": 0,
        "prefetch useless": 0,
        "prefetch late": 0,
        "pf_useful_at_l2_from_l1":          0,
        "pf_late_at_l2_from_l1":          0,
        "pf_useless_at_l2_from_l1":          0,
        "pf_at_l2_to_l1":       1573,
        "pf_fill_this_level":          0,
        "miss latency": 30.8489,
        "cache queues": {
          "PQ_ACCESS": 25456,
          "PQ_FULL": 0,
          "PQ_TO_CACHE": 25456,
          "PQ_MERGED": 0,
          "RQ_ACCESS": 14778,
          "RQ_MERGED": 0,
          "RQ_FULL": 0,
          "WQ_ACCESS": 5144,
          "WQ_MERGED": 0,
          "WQ_FULL": 0
        }
      },
      "DRAM": [
        {
          "RQ ROW_BUFFER_HIT": 11144,
          "RQ ROW_BUFFER_MISS": 6177,
          "PQ FULL": 0,
          "WQ ROW_BUFFER_HIT": 308,
          "WQ ROW_BUFFER_MISS": 1574,
          "WQ FULL": 0,
          "AVG DBUS CONGESTED CYCLE": 3.94332
        }
      ]

    },
    "sim": {
      "cores": [
        {
          "instructions": 5000002,
          "cycles": 1458957,
          "Avg ROB occupancy at mispredict": 326.417, 
          "mispredict": {
            "BRANCH_DIRECT_JUMP": 0,
            "BRANCH_INDIRECT": 0,
            "BRANCH_CONDITIONAL": 1187,
            "BRANCH_DIRECT_CALL": 0,
            "BRANCH_INDIRECT_CALL": 0,
            "BRANCH_RETURN": 0
          }
        }
      ],
      "cpu0_L1I": {
        "LOAD": {
          "hit":0,
          "miss":0
        },
        "RFO": {
          "hit":0,
          "miss":0
        },
        "PREFETCH": {
          "hit":0,
          "miss":0
        },
        "WRITE": {
          "hit":0,
          "miss":0
        },
        "TRANSLATION": {
          "hit":0,
          "miss":0
        },
        "mshr full": 0,
        "prefetch requested": 0,
        "prefetch issued": 0,
        "prefetch filled": 0,
        "prefetch useful": 0,
        "prefetch useless": 0,
        "prefetch late": 0,
        "pf_useful_at_l2_from_l1":          0,
        "pf_late_at_l2_from_l1":          0,
        "pf_useless_at_l2_from_l1":          0,
        "pf_at_l2_to_l1":          0,
        "pf_fill_this_level":          0,
        "miss latency": null,
        "cache queues": {
          "PQ_ACCESS": 0,
          "PQ_FULL": 0,
          "PQ_TO_CACHE": 0,
          "PQ_MERGED": 0,
          "RQ_ACCESS": 0,
          "RQ_MERGED": 0,
          "RQ_FULL": 0,
          "WQ_ACCESS": 0,
          "WQ_MERGED": 0,
          "WQ_FULL": 0
        }
      },
      "cpu0_ITLB": {
        "LOAD": {
          "hit":0,
          "miss":0
        },
        "RFO": {
          "hit":0,
          "miss":0
        },
        "PREFETCH": {
          "hit":0,
          "miss":0
        },
        "WRITE": {
          "hit":0,
          "miss":0
        },
        "TRANSLATION": {
          "hit":0,
          "miss":0
        },
        "mshr full": 0,
        "prefetch requested": 0,
        "prefetch issued": 0,
        "prefetch filled": 0,
        "prefetch useful": 0,
        "prefetch useless": 0,
        "prefetch late": 0,
        "pf_useful_at_l2_from_l1":          0,
        "pf_late_at_l2_from_l1":          0,
        "pf_useless_at_l2_from_l1":          0,
        "pf_at_l2_to_l1":          0,
        "pf_fill_this_level":          0,
        "miss latency": null,
        "cache queues": {
          "PQ_ACCESS": 0,
          "PQ_FULL": 0,
          "PQ_TO_CACHE": 0,
          "PQ_MERGED": 0,
          "RQ_ACCESS": 0,
          "RQ_MERGED": 0,
          "RQ_FULL": 0,
          "WQ_ACCESS": 0,
          "WQ_MERGED": 0,
          "WQ_FULL": 0
        }
      },
      "cpu0_DTLB": {
        "LOAD": {
          "hit":2071231,
          "miss":6087
        },
        "RFO": {
          "hit":0,
          "miss":0
        },
        "PREFETCH": {
          "hit":0,
          "miss":0
        },
        "WRITE": {
          "hit":0,
          "miss":0
        },
        "TRANSLATION": {
          "hit":0,
          "miss":0
        },
        "mshr full": 0,
        "prefetch requested": 0,
        "prefetch issued": 0,
        "prefetch filled": 0,
        "prefetch useful": 0,
        "prefetch useless": 0,
        "prefetch late": 0,
        "pf_useful_at_l2_from_l1":          0,
        "pf_late_at_l2_from_l1":          0,
        "pf_useless_at_l2_from_l1":          0,
        "pf_at_l2_to_l1":          0,
        "pf_fill_this_level":          0,
        "miss latency": 0.783556,
        "cache queues": {
          "PQ_ACCESS": 0,
          "PQ_FULL": 0,
          "PQ_TO_CACHE": 0,
          "PQ_MERGED": 0,
          "RQ_ACCESS": 2136579,
          "RQ_MERGED": 0,
          "RQ_FULL": 59261,
          "WQ_ACCESS": 0,
          "WQ_MERGED": 0,
          "WQ_FULL": 0
        }
      },
      "cpu0_STLB": {
        "LOAD": {
          "hit":1563,
          "miss":282
        },
        "RFO": {
          "hit":0,
          "miss":0
        },
        "PREFETCH": {
          "hit":0,
          "miss":0
        },
        "WRITE": {
          "hit":0,
          "miss":0
        },
        "TRANSLATION": {
          "hit":0,
          "miss":0
        },
        "mshr full": 0,
        "prefetch requested": 0,
        "prefetch issued": 0,
        "prefetch filled": 0,
        "prefetch useful": 0,
        "prefetch useless": 0,
        "prefetch late": 0,
        "pf_useful_at_l2_from_l1":          0,
        "pf_late_at_l2_from_l1":          0,
        "pf_useless_at_l2_from_l1":          0,
        "pf_at_l2_to_l1":          0,
        "pf_fill_this_level":          0,
        "miss latency": 13.5725,
        "cache queues": {
          "PQ_ACCESS": 0,
          "PQ_FULL": 0,
          "PQ_TO_CACHE": 0,
          "PQ_MERGED": 0,
          "RQ_ACCESS": 1845,
          "RQ_MERGED": 0,
          "RQ_FULL": 0,
          "WQ_ACCESS": 0,
          "WQ_MERGED": 0,
          "WQ_FULL": 0
        }
      },
      "cpu0_L1D": {
        "LOAD": {
          "hit":1818066,
          "miss":95455
        },
        "RFO": {
          "hit":0,
          "miss":0
        },
        "PREFETCH": {
          "hit":22150,
          "miss":55745
        },
        "WRITE": {
          "hit":176548,
          "miss":25230
        },
        "TRANSLATION": {
          "hit":84,
          "miss":198
        },
        "mshr full": 6256,
        "prefetch requested": 77935,
        "prefetch issued": 77935,
        "prefetch filled": 19291,
        "prefetch useful": 15680,
        "prefetch useless": 4839,
        "prefetch late": 1208,
        "pf_useful_at_l2_from_l1":          0,
        "pf_late_at_l2_from_l1":          0,
        "pf_useless_at_l2_from_l1":          0,
        "pf_at_l2_to_l1":          6,
        "pf_fill_this_level":      19274,
        "miss latency": 1.53116,
        "cache queues": {
          "PQ_ACCESS": 77935,
          "PQ_FULL": 0,
          "PQ_TO_CACHE": 77935,
          "PQ_MERGED": 48,
          "RQ_ACCESS": 1969962,
          "RQ_MERGED": 44,
          "RQ_FULL": 56396,
          "WQ_ACCESS": 201779,
          "WQ_MERGED": 0,
          "WQ_FULL": 0
        }
      },
      "cpu0_L2C": {
        "LOAD": {
          "hit":19904,
          "miss":14283
        },
        "RFO": {
          "hit":8371,
          "miss":917
        },
        "PREFETCH": {
          "hit":28281,
          "miss":25522
        },
        "WRITE": {
          "hit":13730,
          "miss":0
        },
        "TRANSLATION": {
          "hit":166,
          "miss":32
        },
        "mshr full": 14323,
        "prefetch requested": 0,
        "prefetch issued": 0,
        "prefetch filled": 25002,
        "prefetch useful": 0,
        "prefetch useless": 0,
        "prefetch late": 0,
        "pf_useful_at_l2_from_l1":       7465,
        "pf_late_at_l2_from_l1":        454,
        "pf_useless_at_l2_from_l1":       7431,
        "pf_at_l2_to_l1":       1026,
        "pf_fill_this_level":      15220,
        "miss latency": 12.2837,
        "cache queues": {
          "PQ_ACCESS": 55440,
          "PQ_FULL": 1628,
          "PQ_TO_CACHE": 53812,
          "PQ_MERGED": 7,
          "RQ_ACCESS": 43695,
          "RQ_MERGED": 0,
          "RQ_FULL": 0,
          "WQ_ACCESS": 13743,
          "WQ_MERGED": 0,
          "WQ_FULL": 0
        }
      },
      "LLC": {
        "LOAD": {
          "hit": [10493],
          "miss": [3336]
        },
        "RFO": {
          "hit": [888],
          "miss": [29]
        },
        "PREFETCH": {
          "hit": [11500],
          "miss": [13956]
        },
        "WRITE": {
          "hit": [5123],
          "miss": [0]
        },
        "TRANSLATION": {
          "hit": [32],
          "miss": [0]
        },
        "mshr full": 0,
        "prefetch requested": 0,
        "prefetch issued": 0,
        "prefetch filled": 13956,
        "prefetch useful": 0,
        "prefetch useless": 0,
        "prefetch late": 0,
        "pf_useful_at_l2_from_l1":          0,
        "pf_late_at_l2_from_l1":          0,
        "pf_useless_at_l2_from_l1":          0,
        "pf_at_l2_to_l1":       1573,
        "pf_fill_this_level":          0,
        "miss latency": 30.8489,
        "cache queues": {
          "PQ_ACCESS": 25456,
          "PQ_FULL": 0,
          "PQ_TO_CACHE": 25456,
          "PQ_MERGED": 0,
          "RQ_ACCESS": 14778,
          "RQ_MERGED": 0,
          "RQ_FULL": 0,
          "WQ_ACCESS": 5144,
          "WQ_MERGED": 0,
          "WQ_FULL": 0
        }
      },
      "DRAM": [
        {
          "RQ ROW_BUFFER_HIT": 11144,
          "RQ ROW_BUFFER_MISS": 6177,
          "PQ FULL": 0,
          "WQ ROW_BUFFER_HIT": 308,
          "WQ ROW_BUFFER_MISS": 1574,
          "WQ FULL": 0,
          "AVG DBUS CONGESTED CYCLE": 3.94332
        }
      ]

    }
  }
]
cpu0_ITLB
cpu0_DTLB
cpu0_STLB
Prefetch Request to L1: 33214, Prefetch Request to L2: 44721
Invalid by Eviction: 11967
Invalid by Max: 1626
Filter table begin
 ┌────────────────────┬─────────────┐
 | Region             | Offset      |
 ├────────────────────┼─────────────┤
 | 0x0000000000000722 | 31          |
 ├────────────────────┼─────────────┤
 | 0x0000000000000610 | 31          |
 ├────────────────────┼─────────────┤
 | 0x0000000000000835 | 22          |
 └────────────────────┴─────────────┘
Filter table end
Accumulation table begin
 ┌────────────────────┬─────────────┬─────────────┬──────────────────────────────────────────────────────────────────┐
 | Region             | Offset      | Second      | Pattern                                                          |
 ├────────────────────┼─────────────┼─────────────┼──────────────────────────────────────────────────────────────────┤
 | 0x0000000000000219 | 25          | 24          | 0 0 0 0 0 0 0 0 0 0 0 0 0 0 0 0 0 1 1 0 0 1 1 0 1 1 0 0 1 1 0 0  |
 ├────────────────────┼─────────────┼─────────────┼──────────────────────────────────────────────────────────────────┤
 | 0x00000000000009a0 | 0           | 1           | 1 1 1 1 1 1 1 1 1 1 1 1 1 1 1 1 0 0 0 0 0 0 0 0 0 0 0 0 0 0 0 0  |
 ├────────────────────┼─────────────┼─────────────┼──────────────────────────────────────────────────────────────────┤
 | 0x0000000000000837 | 12          | 13          | 0 0 0 0 0 0 0 0 0 0 0 0 1 1 1 1 1 1 1 1 1 1 1 0 0 0 0 0 0 0 0 0  |
 ├────────────────────┼─────────────┼─────────────┼──────────────────────────────────────────────────────────────────┤
 | 0x0000000000000234 | 17          | 16          | 0 0 0 0 0 0 0 0 0 0 0 0 0 0 0 0 1 1 0 0 0 0 0 0 0 0 0 0 0 0 0 0  |
 ├────────────────────┼─────────────┼─────────────┼──────────────────────────────────────────────────────────────────┤
 | 0x0000000000000823 | 11          | 12          | 0 0 0 0 0 0 0 0 0 0 0 1 1 1 1 1 1 1 1 1 1 1 0 0 0 0 0 0 0 0 0 0  |
 ├────────────────────┼─────────────┼─────────────┼──────────────────────────────────────────────────────────────────┤
 | 0x0000000000000226 | 5           | 4           | 0 0 0 1 1 1 1 1 0 1 1 0 0 0 0 0 0 0 0 0 0 0 0 0 0 0 0 0 0 0 0 0  |
 ├────────────────────┼─────────────┼─────────────┼──────────────────────────────────────────────────────────────────┤
 | 0x000000000000083b | 12          | 13          | 0 0 0 0 0 0 0 0 0 0 0 0 1 1 1 1 1 1 1 1 1 1 1 0 0 0 0 0 0 0 0 0  |
 ├────────────────────┼─────────────┼─────────────┼──────────────────────────────────────────────────────────────────┤
 | 0x0000000000000819 | 12          | 13          | 0 0 0 0 0 0 0 0 0 0 0 0 1 1 1 1 1 1 1 1 1 1 1 0 0 0 0 0 0 0 0 0  |
 ├────────────────────┼─────────────┼─────────────┼──────────────────────────────────────────────────────────────────┤
 | 0x000000000000081f | 12          | 13          | 0 0 0 0 0 0 0 0 0 0 0 0 1 1 1 1 1 1 1 1 1 1 1 0 0 0 0 0 0 0 0 0  |
 ├────────────────────┼─────────────┼─────────────┼──────────────────────────────────────────────────────────────────┤
 | 0x0000000000000825 | 14          | 15          | 0 0 0 0 0 0 0 0 0 0 0 0 0 0 1 1 1 1 1 1 1 1 0 0 0 0 0 0 0 0 0 0  |
 ├────────────────────┼─────────────┼─────────────┼──────────────────────────────────────────────────────────────────┤
 | 0x000000000000022c | 0           | 1           | 1 1 1 1 1 1 1 1 1 0 0 0 0 0 0 0 0 0 0 0 0 0 0 0 0 0 0 0 0 0 0 0  |
 ├────────────────────┼─────────────┼─────────────┼──────────────────────────────────────────────────────────────────┤
 | 0x00000000000006cc | 12          | 28          | 0 0 0 0 0 0 0 0 0 0 0 0 1 1 1 1 1 1 1 1 1 1 1 1 1 1 1 1 1 1 1 1  |
 ├────────────────────┼─────────────┼─────────────┼──────────────────────────────────────────────────────────────────┤
 | 0x00000000000008f8 | 11          | 12          | 1 1 1 1 1 1 1 1 1 1 1 1 1 1 1 1 1 1 1 1 1 1 1 1 1 1 1 0 0 0 0 0  |
 ├────────────────────┼─────────────┼─────────────┼──────────────────────────────────────────────────────────────────┤
 | 0x0000000000000218 | 14          | 15          | 0 0 0 0 0 0 0 0 0 0 0 0 0 0 1 1 0 0 0 0 0 0 0 0 0 0 0 0 0 0 0 0  |
 ├────────────────────┼─────────────┼─────────────┼──────────────────────────────────────────────────────────────────┤
 | 0x0000000000000212 | 27          | 28          | 0 0 0 0 0 0 0 0 0 0 0 0 0 0 0 0 0 0 0 0 0 0 0 0 0 0 0 1 1 1 1 1  |
 ├────────────────────┼─────────────┼─────────────┼──────────────────────────────────────────────────────────────────┤
 | 0x0000000000000765 | 22          | 23          | 0 0 0 0 0 0 0 0 0 0 0 0 0 0 0 0 0 0 0 0 0 0 1 1 1 1 1 1 1 1 1 1  |
 ├────────────────────┼─────────────┼─────────────┼──────────────────────────────────────────────────────────────────┤
 | 0x00000000000008f6 | 10          | 11          | 0 0 0 0 0 0 0 0 0 0 1 1 1 1 1 1 1 1 1 1 1 1 1 1 1 1 0 0 0 0 0 0  |
 ├────────────────────┼─────────────┼─────────────┼──────────────────────────────────────────────────────────────────┤
 | 0x00000000000006ce | 12          | 28          | 0 0 0 0 0 0 0 0 0 0 0 0 1 1 1 1 1 1 1 1 1 1 1 1 1 1 1 1 1 1 1 1  |
 ├────────────────────┼─────────────┼─────────────┼──────────────────────────────────────────────────────────────────┤
 | 0x000000000000089a | 20          | 21          | 0 0 0 0 0 0 0 0 0 0 0 0 0 0 0 0 0 0 0 0 1 1 1 1 1 1 1 1 1 1 1 1  |
 ├────────────────────┼─────────────┼─────────────┼──────────────────────────────────────────────────────────────────┤
 | 0x00000000000006d0 | 28          | 12          | 0 0 0 0 0 0 0 0 0 0 0 0 1 1 1 1 1 1 1 1 1 1 1 1 1 1 1 1 1 1 1 1  |
 ├────────────────────┼─────────────┼─────────────┼──────────────────────────────────────────────────────────────────┤
 | 0x000000000000099e | 0           | 1           | 1 1 1 1 1 1 0 0 0 0 0 0 0 0 0 0 0 0 0 0 0 0 0 0 0 0 0 0 0 0 0 0  |
 ├────────────────────┼─────────────┼─────────────┼──────────────────────────────────────────────────────────────────┤
 | 0x0000000000000827 | 11          | 12          | 0 0 0 0 0 0 0 0 0 0 0 1 1 1 1 1 1 1 1 1 1 1 0 0 0 0 0 0 0 0 0 0  |
 ├────────────────────┼─────────────┼─────────────┼──────────────────────────────────────────────────────────────────┤
 | 0x000000000000081b | 12          | 13          | 0 0 0 0 0 0 0 0 0 0 0 0 1 1 1 1 1 1 1 1 1 1 1 0 0 0 0 0 0 0 0 0  |
 ├────────────────────┼─────────────┼─────────────┼──────────────────────────────────────────────────────────────────┤
 | 0x00000000000008fa | 11          | 12          | 1 1 1 1 1 1 1 1 1 1 1 1 1 1 1 1 1 1 1 1 1 1 1 1 1 1 1 0 0 0 0 0  |
 ├────────────────────┼─────────────┼─────────────┼──────────────────────────────────────────────────────────────────┤
 | 0x0000000000000821 | 11          | 12          | 0 0 0 0 0 0 0 0 0 0 0 1 1 1 1 1 1 1 1 1 1 1 0 0 0 0 0 0 0 0 0 0  |
 ├────────────────────┼─────────────┼─────────────┼──────────────────────────────────────────────────────────────────┤
 | 0x00000000000008fc | 11          | 12          | 1 1 1 1 1 1 1 1 1 1 1 1 1 1 1 1 1 1 1 1 1 1 1 1 1 1 1 0 0 0 0 0  |
 ├────────────────────┼─────────────┼─────────────┼──────────────────────────────────────────────────────────────────┤
 | 0x000000000000081d | 12          | 13          | 0 0 0 0 0 0 0 0 0 0 0 0 1 1 1 1 1 1 1 1 1 1 1 0 0 0 0 0 0 0 0 0  |
 ├────────────────────┼─────────────┼─────────────┼──────────────────────────────────────────────────────────────────┤
 | 0x0000000000000839 | 12          | 13          | 0 0 0 0 0 0 0 0 0 0 0 0 1 1 1 1 1 1 1 1 1 1 1 0 0 0 0 0 0 0 0 0  |
 └────────────────────┴─────────────┴─────────────┴──────────────────────────────────────────────────────────────────┘
Accumulation table end
Offset pattern table begin
 ┌────────────────────┬─────────────┬────────────────────────────────────────────────────────────────────────────────────┐
 | Key                | Second      | Pattern                                                                            |
 ├────────────────────┼─────────────┼────────────────────────────────────────────────────────────────────────────────────┤
 | 0x0000000000000000 | 1           | 31 31 30 29 27 25 23 23 23 23 20 17 15 13 12 10 9 9 9 9 9 9 9 9 9 9 10 10 9 9 9 9  |
 ├────────────────────┼─────────────┼────────────────────────────────────────────────────────────────────────────────────┤
 | 0x0000000000000001 | 2           | 25 22 20 19 19 18 17 16 14 13 12 12 13 13 13 8 4 4 2 2 4 4 4 4 4 4 4 4 4 4 3 8     |
 ├────────────────────┼─────────────┼────────────────────────────────────────────────────────────────────────────────────┤
 | 0x0000000000000002 | 3           | 28 28 24 24 23 21 19 19 19 19 19 19 19 18 17 15 3 3 3 3 3 3 3 3 3 3 3 3 3 3 5 6    |
 ├────────────────────┼─────────────┼────────────────────────────────────────────────────────────────────────────────────┤
 | 0x0000000000000003 | 4           | 31 30 19 18 17 17 16 16 16 16 16 15 14 14 13 12 8 8 8 8 8 8 8 8 8 8 7 7 7 6 6 8    |
 ├────────────────────┼─────────────┼────────────────────────────────────────────────────────────────────────────────────┤
 | 0x0000000000000004 | 5           | 21 20 12 11 10 9 7 6 6 6 5 5 3 3 2 2 4 4 4 4 4 3 2 1 1 1 1 1 1 1 1 1               |
 ├────────────────────┼─────────────┼────────────────────────────────────────────────────────────────────────────────────┤
 | 0x0000000000000005 | 6           | 31 30 21 19 19 17 16 16 15 15 14 13 8 4 3 2 0 0 0 0 0 0 0 0 0 0 0 1 1 2 3 4        |
 ├────────────────────┼─────────────┼────────────────────────────────────────────────────────────────────────────────────┤
 | 0x0000000000000006 | 7           | 19 17 13 12 11 10 9 9 10 9 8 5 4 3 3 2 0 0 0 0 0 0 0 0 0 0 0 1 1 1 1 2             |
 ├────────────────────┼─────────────┼────────────────────────────────────────────────────────────────────────────────────┤
 | 0x0000000000000007 | 8           | 17 16 13 12 11 9 8 8 7 7 6 4 3 3 3 2 0 0 0 0 0 0 0 0 0 0 2 2 2 1 1 2               |
 ├────────────────────┼─────────────┼────────────────────────────────────────────────────────────────────────────────────┤
 | 0x0000000000000008 | 9           | 20 20 14 13 12 9 9 8 8 7 7 6 6 6 6 4 0 0 0 0 0 0 0 0 0 1 1 1 1 0 0 3               |
 ├────────────────────┼─────────────┼────────────────────────────────────────────────────────────────────────────────────┤
 | 0x0000000000000009 | 10          | 28 27 20 20 17 16 14 14 13 12 12 11 11 11 11 8 3 3 3 3 3 3 3 3 3 3 3 3 3 3 3 6     |
 ├────────────────────┼─────────────┼────────────────────────────────────────────────────────────────────────────────────┤
 | 0x000000000000000a | 25          | 29 28 24 22 20 19 18 17 15 14 13 13 13 13 13 11 8 8 7 7 6 6 1 1 1 1 1 0 0 0 0 3    |
 ├────────────────────┼─────────────┼────────────────────────────────────────────────────────────────────────────────────┤
 | 0x000000000000000b | 12          | 28 27 22 21 19 18 18 17 17 17 17 17 17 17 17 16 2 2 2 2 2 6 6 6 6 6 6 6 6 6 6 7    |
 ├────────────────────┼─────────────┼────────────────────────────────────────────────────────────────────────────────────┤
 | 0x000000000000000c | 13          | 17 16 12 11 10 10 10 8 8 8 8 8 8 8 7 6 2 2 2 2 1 1 1 1 1 1 1 1 1 1 1 1             |
 ├────────────────────┼─────────────┼────────────────────────────────────────────────────────────────────────────────────┤
 | 0x000000000000000d | 14          | 29 27 16 12 12 11 9 8 10 9 9 9 8 8 7 7 3 3 3 3 5 1 1 1 0 0 3 3 0 0 0 4             |
 ├────────────────────┼─────────────┼────────────────────────────────────────────────────────────────────────────────────┤
 | 0x000000000000000e | 13          | 27 26 8 9 7 4 4 5 11 11 5 5 6 5 4 5 2 2 1 4 0 0 0 0 6 3 3 0 0 0 1 4                |
 ├────────────────────┼─────────────┼────────────────────────────────────────────────────────────────────────────────────┤
 | 0x000000000000000f | 16          | 22 19 15 14 13 13 13 13 13 13 12 12 10 8 8 8 2 2 3 2 2 2 2 2 2 2 2 2 2 2 3 3       |
 ├────────────────────┼─────────────┼────────────────────────────────────────────────────────────────────────────────────┤
 | 0x0000000000000010 | 17          | 17 16 12 12 12 10 9 9 9 9 9 9 9 9 8 8 1 1 1 1 1 1 1 1 1 1 1 1 1 1 1 1              |
 ├────────────────────┼─────────────┼────────────────────────────────────────────────────────────────────────────────────┤
 | 0x0000000000000011 | 22          | 16 14 11 8 9 8 7 8 7 5 5 6 6 5 6 0 0 1 1 1 1 1 1 1 1 1 1 1 1 1 1 5                 |
 ├────────────────────┼─────────────┼────────────────────────────────────────────────────────────────────────────────────┤
 | 0x0000000000000012 | 19          | 25 21 16 17 17 15 16 16 14 14 16 16 15 15 1 1 2 4 3 3 3 2 2 2 2 2 2 3 3 3 2 5      |
 ├────────────────────┼─────────────┼────────────────────────────────────────────────────────────────────────────────────┤
 | 0x0000000000000013 | 20          | 29 28 20 19 19 19 19 19 19 19 18 18 18 0 0 0 1 2 1 1 1 1 1 1 1 1 1 1 1 1 1 4       |
 ├────────────────────┼─────────────┼────────────────────────────────────────────────────────────────────────────────────┤
 | 0x0000000000000014 | 21          | 19 18 10 10 10 9 8 8 7 7 7 6 0 0 0 0 0 1 0 0 0 0 0 0 0 0 0 0 0 0 0 1               |
 ├────────────────────┼─────────────┼────────────────────────────────────────────────────────────────────────────────────┤
 | 0x0000000000000015 | 22          | 31 30 18 25 25 17 16 22 22 16 15 4 4 3 3 2 3 0 1 1 0 0 0 0 2 2 2 0 4 4 0 1         |
 ├────────────────────┼─────────────┼────────────────────────────────────────────────────────────────────────────────────┤
 | 0x0000000000000016 | 23          | 28 24 20 20 16 15 17 17 13 15 3 3 3 1 1 1 2 2 2 2 2 1 1 1 2 2 2 5 5 0 0 4          |
 ├────────────────────┼─────────────┼────────────────────────────────────────────────────────────────────────────────────┤
 | 0x0000000000000017 | 24          | 21 20 17 16 15 14 13 12 10 6 6 6 5 5 5 3 3 0 0 0 0 0 0 0 0 0 1 1 0 0 1 3           |
 ├────────────────────┼─────────────┼────────────────────────────────────────────────────────────────────────────────────┤
 | 0x0000000000000018 | 25          | 21 21 13 12 13 12 9 9 6 6 6 5 5 5 5 5 6 1 0 0 0 1 1 1 0 1 1 0 0 2 2 0              |
 ├────────────────────┼─────────────┼────────────────────────────────────────────────────────────────────────────────────┤
 | 0x0000000000000019 | 26          | 31 25 19 21 20 16 16 3 3 3 3 3 2 2 2 2 3 6 5 5 6 6 6 5 9 9 4 3 7 7 3 7             |
 ├────────────────────┼─────────────┼────────────────────────────────────────────────────────────────────────────────────┤
 | 0x000000000000001a | 27          | 25 24 19 18 16 15 5 5 5 4 4 2 1 1 0 0 2 5 5 5 5 5 5 6 6 4 2 3 4 4 3 3              |
 ├────────────────────┼─────────────┼────────────────────────────────────────────────────────────────────────────────────┤
 | 0x000000000000001b | 28          | 18 17 16 15 14 1 1 1 1 1 1 0 0 0 0 0 1 1 1 1 0 0 0 0 0 0 0 0 0 0 0 1               |
 ├────────────────────┼─────────────┼────────────────────────────────────────────────────────────────────────────────────┤
 | 0x000000000000001c | 29          | 26 25 22 20 4 3 3 2 2 1 1 1 1 0 0 0 2 4 4 3 2 4 4 1 1 3 3 1 2 2 1 2                |
 ├────────────────────┼─────────────┼────────────────────────────────────────────────────────────────────────────────────┤
 | 0x000000000000001d | 30          | 27 20 16 3 3 3 2 2 2 2 2 1 0 0 0 0 1 2 2 1 8 7 0 0 7 10 4 7 7 4 4 9                |
 ├────────────────────┼─────────────┼────────────────────────────────────────────────────────────────────────────────────┤
 | 0x000000000000001e | 31          | 18 17 3 3 1 1 1 1 0 0 0 0 0 0 0 1 3 3 1 2 2 1 1 1 1 1 1 1 1 1 1 3                  |
 ├────────────────────┼─────────────┼────────────────────────────────────────────────────────────────────────────────────┤
 | 0x000000000000001f | 17          | 22 6 12 11 10 10 10 6 7 7 5 5 5 5 7 7 9 9 10 9 9 8 10 10 10 10 10 8 8 8 8 12       |
 └────────────────────┴─────────────┴────────────────────────────────────────────────────────────────────────────────────┘
Offset pattern table end
PC pattern table begin
 ┌────────────────────┬─────────────┬──────────────────────────────────────────────────┐
 | Key                | Second      | Pattern                                          |
 ├────────────────────┼─────────────┼──────────────────────────────────────────────────┤
 | 0x0000000000000000 | 24          | 19 8 7 4 4 4 3 1 0 0 4 4 6 6 6 2                 |
 ├────────────────────┼─────────────┼──────────────────────────────────────────────────┤
 | 0x0000000000000001 | 31          | 29 26 20 20 20 20 20 20 22 22 22 22 22 22 22 23  |
 ├────────────────────┼─────────────┼──────────────────────────────────────────────────┤
 | 0x0000000000000002 | 17          | 25 18 13 12 11 10 6 0 0 0 0 0 0 0 0 0            |
 ├────────────────────┼─────────────┼──────────────────────────────────────────────────┤
 | 0x0000000000000003 | 0           | 26 23 19 19 19 19 16 13 6 2 5 6 6 9 6 10         |
 ├────────────────────┼─────────────┼──────────────────────────────────────────────────┤
 | 0x0000000000000004 | 28          | 19 17 17 12 12 12 5 4 2 0 0 1 1 1 1 3            |
 ├────────────────────┼─────────────┼──────────────────────────────────────────────────┤
 | 0x0000000000000005 | 21          | 19 11 6 11 2 6 1 0 0 0 0 0 1 6 6 15              |
 ├────────────────────┼─────────────┼──────────────────────────────────────────────────┤
 | 0x0000000000000006 | 20          | 30 22 20 18 16 13 12 13 24 22 20 19 18 16 14 14  |
 ├────────────────────┼─────────────┼──────────────────────────────────────────────────┤
 | 0x0000000000000007 | 16          | 26 23 17 8 3 3 2 2 1 0 0 0 0 0 0 0               |
 ├────────────────────┼─────────────┼──────────────────────────────────────────────────┤
 | 0x0000000000000008 | 16          | 28 21 17 14 13 11 11 10 15 13 11 9 11 12 9 11    |
 ├────────────────────┼─────────────┼──────────────────────────────────────────────────┤
 | 0x0000000000000009 | 25          | 16 9 15 7 8 5 5 3 6 6 7 7 6 6 13 15              |
 ├────────────────────┼─────────────┼──────────────────────────────────────────────────┤
 | 0x000000000000000a | 17          | 28 26 20 14 11 9 6 4 2 0 0 0 0 1 2 0             |
 ├────────────────────┼─────────────┼──────────────────────────────────────────────────┤
 | 0x000000000000000b | 15          | 24 13 11 9 13 4 2 3 15 13 11 9 14 4 3 3          |
 ├────────────────────┼─────────────┼──────────────────────────────────────────────────┤
 | 0x000000000000000c | 17          | 27 14 1 1 0 0 0 0 0 0 0 0 0 0 0 0                |
 ├────────────────────┼─────────────┼──────────────────────────────────────────────────┤
 | 0x000000000000000d | 25          | 26 18 13 13 13 12 13 11 10 1 1 1 1 1 1 1         |
 ├────────────────────┼─────────────┼──────────────────────────────────────────────────┤
 | 0x000000000000000e | 17          | 30 27 23 23 22 21 18 18 18 19 19 19 19 20 19 19  |
 ├────────────────────┼─────────────┼──────────────────────────────────────────────────┤
 | 0x000000000000000f | 17          | 25 21 18 11 13 7 5 4 3 1 2 0 2 2 1 0             |
 ├────────────────────┼─────────────┼──────────────────────────────────────────────────┤
 | 0x0000000000000010 | 22          | 27 23 19 17 16 14 10 7 4 2 3 1 1 3 3 0           |
 ├────────────────────┼─────────────┼──────────────────────────────────────────────────┤
 | 0x0000000000000011 | 17          | 16 14 9 8 7 7 7 5 4 4 3 3 3 3 3 3                |
 ├────────────────────┼─────────────┼──────────────────────────────────────────────────┤
 | 0x0000000000000012 | 24          | 16 14 12 11 11 10 9 8 1 0 0 0 0 0 0 2            |
 ├────────────────────┼─────────────┼──────────────────────────────────────────────────┤
 | 0x0000000000000013 | 16          | 17 13 6 5 4 3 3 0 0 0 0 0 0 0 0 0                |
 ├────────────────────┼─────────────┼──────────────────────────────────────────────────┤
 | 0x0000000000000014 | 31          | 20 20 2 0 1 2 1 0 4 4 1 1 2 2 1 1                |
 ├────────────────────┼─────────────┼──────────────────────────────────────────────────┤
 | 0x0000000000000015 | 17          | 31 24 16 14 12 11 9 6 5 3 2 0 0 0 0 0            |
 ├────────────────────┼─────────────┼──────────────────────────────────────────────────┤
 | 0x0000000000000016 | 16          | 17 13 6 2 1 0 0 0 0 0 0 0 1 1 1 1                |
 ├────────────────────┼─────────────┼──────────────────────────────────────────────────┤
 | 0x0000000000000017 | 24          | 25 23 21 18 14 12 10 8 7 0 0 0 0 0 0 0           |
 ├────────────────────┼─────────────┼──────────────────────────────────────────────────┤
 | 0x0000000000000018 | 27          | 20 19 16 14 10 8 7 6 5 2 1 1 0 0 0 0             |
 ├────────────────────┼─────────────┼──────────────────────────────────────────────────┤
 | 0x0000000000000019 | 17          | 19 16 14 11 10 9 8 7 4 1 2 1 1 1 2 2             |
 ├────────────────────┼─────────────┼──────────────────────────────────────────────────┤
 | 0x000000000000001a | 22          | 28 10 28 28 28 2 0 0 2 2 0 3 3 10 10 10          |
 ├────────────────────┼─────────────┼──────────────────────────────────────────────────┤
 | 0x000000000000001b | 16          | 29 8 4 1 1 0 1 0 0 0 0 0 0 2 4 28                |
 ├────────────────────┼─────────────┼──────────────────────────────────────────────────┤
 | 0x000000000000001c | 25          | 22 20 18 14 14 12 11 11 5 2 2 1 1 1 0 1          |
 ├────────────────────┼─────────────┼──────────────────────────────────────────────────┤
 | 0x000000000000001d | 0           | 19 16 14 11 10 10 7 5 2 0 0 1 1 1 1 2            |
 ├────────────────────┼─────────────┼──────────────────────────────────────────────────┤
 | 0x000000000000001e | 17          | 28 25 22 16 17 13 10 7 3 2 2 2 2 4 8 9           |
 ├────────────────────┼─────────────┼──────────────────────────────────────────────────┤
 | 0x000000000000001f | 22          | 30 27 22 21 19 17 15 13 11 11 11 11 11 11 11 11  |
 └────────────────────┴─────────────┴──────────────────────────────────────────────────┘
PC pattern table end
Prefetch buffer begin
 ┌────────────────────┬──────────────────────────────────────────────────────────────────┐
 | Region             | Pattern                                                          |
 ├────────────────────┼──────────────────────────────────────────────────────────────────┤
 | 0x000000000000089b | 0 0 0 0 0 0 0 0 0 0 0 0 0 0 0 0 0 0 0 0 2 2 2 2 2 2 2 2 2 2 2 2  |
 ├────────────────────┼──────────────────────────────────────────────────────────────────┤
 | 0x000000000000069f | 2 1 1 2 2 2 2 2 2 2 2 2 2 2 2 2 2 2 2 2 2 2 2 2 2 2 0 0 0 0 0 0  |
 ├────────────────────┼──────────────────────────────────────────────────────────────────┤
 | 0x0000000000000994 | 0 0 0 0 0 0 0 0 0 0 0 0 0 0 0 0 0 0 0 0 2 2 2 2 2 2 2 2 2 2 2 2  |
 ├────────────────────┼──────────────────────────────────────────────────────────────────┤
 | 0x000000000000099e | 0 0 0 0 0 0 0 0 0 1 1 1 1 1 2 2 2 2 2 2 2 2 2 2 2 2 2 2 2 2 2 2  |
 ├────────────────────┼──────────────────────────────────────────────────────────────────┤
 | 0x0000000000000759 | 2 1 1 2 2 2 2 2 2 2 2 2 2 2 2 2 2 2 2 2 2 2 2 2 2 2 2 2 2 2 0 0  |
 ├────────────────────┼──────────────────────────────────────────────────────────────────┤
 | 0x0000000000000450 | 0 0 0 0 0 0 0 0 0 0 0 0 0 0 0 0 0 0 0 2 2 2 2 2 2 2 2 2 2 2 2 2  |
 ├────────────────────┼──────────────────────────────────────────────────────────────────┤
 | 0x0000000000000753 | 2 2 2 0 0 0 0 0 0 0 0 0 0 0 0 0 0 2 2 0 0 2 2 0 2 2 0 0 2 0 0 0  |
 ├────────────────────┼──────────────────────────────────────────────────────────────────┤
 | 0x000000000000075f | 2 1 1 2 2 2 2 2 2 2 2 2 2 2 2 2 2 2 2 2 2 2 2 0 0 0 0 0 0 0 0 0  |
 ├────────────────────┼──────────────────────────────────────────────────────────────────┤
 | 0x0000000000000442 | 2 2 2 2 2 0 0 0 0 0 0 2 2 2 2 0 0 0 0 0 0 0 0 0 0 0 0 0 0 0 0 0  |
 ├────────────────────┼──────────────────────────────────────────────────────────────────┤
 | 0x0000000000000899 | 0 0 0 0 0 0 0 0 0 0 0 0 0 0 0 0 2 2 2 2 2 2 2 2 2 2 2 2 2 2 2 2  |
 ├────────────────────┼──────────────────────────────────────────────────────────────────┤
 | 0x00000000000009a0 | 0 0 0 0 0 0 0 0 0 0 0 0 0 0 0 0 0 0 0 0 0 0 0 0 0 2 2 2 2 2 2 2  |
 ├────────────────────┼──────────────────────────────────────────────────────────────────┤
 | 0x000000000000022c | 0 0 0 0 0 0 0 0 0 1 1 1 1 1 2 2 2 2 2 2 2 2 2 2 2 2 2 2 2 2 2 2  |
 ├────────────────────┼──────────────────────────────────────────────────────────────────┤
 | 0x000000000000075b | 2 1 1 2 2 2 2 2 2 2 2 2 2 2 2 2 2 2 2 2 2 2 2 0 0 0 0 0 0 0 0 0  |
 ├────────────────────┼──────────────────────────────────────────────────────────────────┤
 | 0x0000000000000996 | 0 0 0 0 0 0 0 0 0 0 0 0 0 0 0 0 0 2 2 2 2 2 2 2 2 2 2 2 2 2 2 2  |
 ├────────────────────┼──────────────────────────────────────────────────────────────────┤
 | 0x00000000000008ea | 0 0 0 0 0 0 0 0 0 0 0 0 0 0 0 0 0 0 0 0 0 0 0 0 0 0 2 2 2 2 2 2  |
 └────────────────────┴──────────────────────────────────────────────────────────────────┘
Prefetch buffer end
Filter by PPT: 0
cpu0_L2C
Num Con Filled: 0
Num Con Useful: 0 Useless:0 Accuracy: nan
LLC
