41 41 41
Available num physical pages: 35184372088576
WARNING: physical memory size is smaller than virtual memory size

*** ChampSim Multicore Out-of-Order Simulator ***

Warmup Instructions: 5000000
Simulation Instructions: 200000000
Number of CPUs: 1
Page size: 4096

Basic BTB sets: 1024 ways: 8 indirect buffer size: 4096 RAS size: 64
cpu0_L1D PMP prefetcher
Off-chip DRAM Size: 4 GiB Channels: 1 Width: 64-bit Data Rate: 3200 MT/s
Max paddr 2M
Warmup finished CPU 0 instructions: 5000001 cycles: 1250045 cumulative IPC: 3.99986 (Simulation time: 0 hr 2 min 17 sec) 

Warmup complete CPU 0 instructions: 5000001 cycles: 1250045 (Simulation time: 0 hr 2 min 17 sec) 

Heartbeat CPU 0 instructions: 10000001 cycles: 2592919 heartbeat IPC: 3.85666 cumulative IPC: 3.72336 (Simulation time: 0 hr 5 min 22 sec) 
Heartbeat CPU 0 instructions: 20000000 cycles: 5316437 heartbeat IPC: 3.67173 cumulative IPC: 3.68878 (Simulation time: 0 hr 11 min 11 sec) 
Heartbeat CPU 0 instructions: 30000004 cycles: 8177847 heartbeat IPC: 3.49479 cumulative IPC: 3.60865 (Simulation time: 0 hr 16 min 48 sec) 
Heartbeat CPU 0 instructions: 40000001 cycles: 11001959 heartbeat IPC: 3.54094 cumulative IPC: 3.58904 (Simulation time: 0 hr 22 min 29 sec) 
Heartbeat CPU 0 instructions: 50000003 cycles: 13800258 heartbeat IPC: 3.57361 cumulative IPC: 3.5856 (Simulation time: 0 hr 28 min 36 sec) 
Heartbeat CPU 0 instructions: 60000004 cycles: 16490224 heartbeat IPC: 3.71752 cumulative IPC: 3.60889 (Simulation time: 0 hr 34 min 23 sec) 
Heartbeat CPU 0 instructions: 70000004 cycles: 19212008 heartbeat IPC: 3.67407 cumulative IPC: 3.61876 (Simulation time: 0 hr 40 min 27 sec) 
Heartbeat CPU 0 instructions: 80000001 cycles: 21949601 heartbeat IPC: 3.65285 cumulative IPC: 3.62327 (Simulation time: 0 hr 46 min 45 sec) 
Heartbeat CPU 0 instructions: 90000000 cycles: 24682713 heartbeat IPC: 3.65884 cumulative IPC: 3.62742 (Simulation time: 0 hr 53 min 4 sec) 
Heartbeat CPU 0 instructions: 100000004 cycles: 27508500 heartbeat IPC: 3.53884 cumulative IPC: 3.61789 (Simulation time: 0 hr 59 min 36 sec) 
Heartbeat CPU 0 instructions: 110000001 cycles: 30345493 heartbeat IPC: 3.52486 cumulative IPC: 3.60882 (Simulation time: 1 hr 5 min 53 sec) 
Heartbeat CPU 0 instructions: 120000004 cycles: 33201082 heartbeat IPC: 3.50191 cumulative IPC: 3.59926 (Simulation time: 1 hr 12 min 19 sec) 
Heartbeat CPU 0 instructions: 130000000 cycles: 35917401 heartbeat IPC: 3.68146 cumulative IPC: 3.6057 (Simulation time: 1 hr 18 min 5 sec) 
Heartbeat CPU 0 instructions: 140000004 cycles: 38631386 heartbeat IPC: 3.68463 cumulative IPC: 3.61143 (Simulation time: 1 hr 23 min 58 sec) 
Heartbeat CPU 0 instructions: 150000001 cycles: 41358436 heartbeat IPC: 3.66697 cumulative IPC: 3.61521 (Simulation time: 1 hr 29 min 52 sec) 
Heartbeat CPU 0 instructions: 160000000 cycles: 44038334 heartbeat IPC: 3.73149 cumulative IPC: 3.62249 (Simulation time: 1 hr 35 min 44 sec) 
Heartbeat CPU 0 instructions: 170000001 cycles: 46707419 heartbeat IPC: 3.74661 cumulative IPC: 3.62978 (Simulation time: 1 hr 41 min 37 sec) 
Heartbeat CPU 0 instructions: 180000001 cycles: 49504355 heartbeat IPC: 3.57535 cumulative IPC: 3.62662 (Simulation time: 1 hr 47 min 20 sec) 
Heartbeat CPU 0 instructions: 190000002 cycles: 52262481 heartbeat IPC: 3.62566 cumulative IPC: 3.62657 (Simulation time: 1 hr 52 min 54 sec) 
Heartbeat CPU 0 instructions: 200000001 cycles: 55083879 heartbeat IPC: 3.54435 cumulative IPC: 3.62226 (Simulation time: 1 hr 58 min 15 sec) 
Max paddr 19M
Simulation finished CPU 0 instructions: 200000003 cycles: 55191278 cumulative IPC: 3.62377 (Simulation time: 2 hr 0 min 52 sec) 

Simulation complete CPU 0 instructions: 200000003 cycles: 55191278 (Simulation time: 2 hr 0 min 52 sec) 


ChampSim completed all CPUs

[
  {
    "name": "Simulation",
    "traces": [
      "../traces/481.wrf-196B.champsimtrace.xz"
    ],
    "roi": {
      "cores": [
        {
          "instructions": 200000003,
          "cycles": 55191278,
          "Avg ROB occupancy at mispredict": 330.865, 
          "mispredict": {
            "BRANCH_DIRECT_JUMP": 67,
            "BRANCH_INDIRECT": 0,
            "BRANCH_CONDITIONAL": 57931,
            "BRANCH_DIRECT_CALL": 23,
            "BRANCH_INDIRECT_CALL": 0,
            "BRANCH_RETURN": 19
          }
        }
      ],
      "cpu0_L1I": {
        "LOAD": {
          "hit":18941,
          "miss":1051
        },
        "RFO": {
          "hit":0,
          "miss":0
        },
        "PREFETCH": {
          "hit":0,
          "miss":0
        },
        "WRITE": {
          "hit":0,
          "miss":0
        },
        "TRANSLATION": {
          "hit":0,
          "miss":0
        },
        "mshr full": 0,
        "prefetch requested": 0,
        "prefetch issued": 0,
        "prefetch filled": 0,
        "prefetch useful": 0,
        "prefetch useless": 0,
        "prefetch late": 0,
        "pf_useful_at_l2_from_l1":          0,
        "pf_late_at_l2_from_l1":          0,
        "pf_useless_at_l2_from_l1":          0,
        "pf_at_l2_to_l1":          0,
        "pf_fill_this_level":          0,
        "miss latency": 11.5734,
        "cache queues": {
          "PQ_ACCESS": 0,
          "PQ_FULL": 0,
          "PQ_TO_CACHE": 0,
          "PQ_MERGED": 0,
          "RQ_ACCESS": 20115,
          "RQ_MERGED": 123,
          "RQ_FULL": 0,
          "WQ_ACCESS": 0,
          "WQ_MERGED": 0,
          "WQ_FULL": 0
        }
      },
      "cpu0_ITLB": {
        "LOAD": {
          "hit":16781,
          "miss":171
        },
        "RFO": {
          "hit":0,
          "miss":0
        },
        "PREFETCH": {
          "hit":0,
          "miss":0
        },
        "WRITE": {
          "hit":0,
          "miss":0
        },
        "TRANSLATION": {
          "hit":0,
          "miss":0
        },
        "mshr full": 0,
        "prefetch requested": 0,
        "prefetch issued": 0,
        "prefetch filled": 0,
        "prefetch useful": 0,
        "prefetch useless": 0,
        "prefetch late": 0,
        "pf_useful_at_l2_from_l1":          0,
        "pf_late_at_l2_from_l1":          0,
        "pf_useless_at_l2_from_l1":          0,
        "pf_at_l2_to_l1":          0,
        "pf_fill_this_level":          0,
        "miss latency": 7.16484,
        "cache queues": {
          "PQ_ACCESS": 0,
          "PQ_FULL": 0,
          "PQ_TO_CACHE": 0,
          "PQ_MERGED": 0,
          "RQ_ACCESS": 16952,
          "RQ_MERGED": 0,
          "RQ_FULL": 0,
          "WQ_ACCESS": 0,
          "WQ_MERGED": 0,
          "WQ_FULL": 0
        }
      },
      "cpu0_DTLB": {
        "LOAD": {
          "hit":61441393,
          "miss":97088
        },
        "RFO": {
          "hit":0,
          "miss":0
        },
        "PREFETCH": {
          "hit":0,
          "miss":0
        },
        "WRITE": {
          "hit":0,
          "miss":0
        },
        "TRANSLATION": {
          "hit":0,
          "miss":0
        },
        "mshr full": 0,
        "prefetch requested": 0,
        "prefetch issued": 0,
        "prefetch filled": 0,
        "prefetch useful": 0,
        "prefetch useless": 0,
        "prefetch late": 0,
        "pf_useful_at_l2_from_l1":          0,
        "pf_late_at_l2_from_l1":          0,
        "pf_useless_at_l2_from_l1":          0,
        "pf_at_l2_to_l1":          0,
        "pf_fill_this_level":          0,
        "miss latency": 0.784745,
        "cache queues": {
          "PQ_ACCESS": 0,
          "PQ_FULL": 0,
          "PQ_TO_CACHE": 0,
          "PQ_MERGED": 0,
          "RQ_ACCESS": 63845584,
          "RQ_MERGED": 0,
          "RQ_FULL": 2307103,
          "WQ_ACCESS": 0,
          "WQ_MERGED": 0,
          "WQ_FULL": 0
        }
      },
      "cpu0_STLB": {
        "LOAD": {
          "hit":5398,
          "miss":7440
        },
        "RFO": {
          "hit":0,
          "miss":0
        },
        "PREFETCH": {
          "hit":0,
          "miss":0
        },
        "WRITE": {
          "hit":0,
          "miss":0
        },
        "TRANSLATION": {
          "hit":0,
          "miss":0
        },
        "mshr full": 0,
        "prefetch requested": 0,
        "prefetch issued": 0,
        "prefetch filled": 0,
        "prefetch useful": 0,
        "prefetch useless": 0,
        "prefetch late": 0,
        "pf_useful_at_l2_from_l1":          0,
        "pf_late_at_l2_from_l1":          0,
        "pf_useless_at_l2_from_l1":          0,
        "pf_at_l2_to_l1":          0,
        "pf_fill_this_level":          0,
        "miss latency": 9.47975,
        "cache queues": {
          "PQ_ACCESS": 0,
          "PQ_FULL": 0,
          "PQ_TO_CACHE": 0,
          "PQ_MERGED": 0,
          "RQ_ACCESS": 12838,
          "RQ_MERGED": 0,
          "RQ_FULL": 0,
          "WQ_ACCESS": 0,
          "WQ_MERGED": 0,
          "WQ_FULL": 0
        }
      },
      "cpu0_L1D": {
        "LOAD": {
          "hit":53816620,
          "miss":1606046
        },
        "RFO": {
          "hit":0,
          "miss":0
        },
        "PREFETCH": {
          "hit":111731,
          "miss":1354974
        },
        "WRITE": {
          "hit":6972398,
          "miss":143595
        },
        "TRANSLATION": {
          "hit":5246,
          "miss":2215
        },
        "mshr full": 81797,
        "prefetch requested": 1466898,
        "prefetch issued": 1466898,
        "prefetch filled": 1244254,
        "prefetch useful": 1179419,
        "prefetch useless": 87103,
        "prefetch late": 22325,
        "pf_useful_at_l2_from_l1":          0,
        "pf_late_at_l2_from_l1":          0,
        "pf_useless_at_l2_from_l1":          0,
        "pf_at_l2_to_l1":          3,
        "pf_fill_this_level":    1244239,
        "miss latency": 4.38042,
        "cache queues": {
          "PQ_ACCESS": 1466898,
          "PQ_FULL": 0,
          "PQ_TO_CACHE": 1466898,
          "PQ_MERGED": 193,
          "RQ_ACCESS": 57637897,
          "RQ_MERGED": 451,
          "RQ_FULL": 2214780,
          "WQ_ACCESS": 7118650,
          "WQ_MERGED": 0,
          "WQ_FULL": 2657
        }
      },
      "cpu0_L2C": {
        "LOAD": {
          "hit":174092,
          "miss":63109
        },
        "RFO": {
          "hit":89910,
          "miss":2544
        },
        "PREFETCH": {
          "hit":673263,
          "miss":661705
        },
        "WRITE": {
          "hit":438658,
          "miss":0
        },
        "TRANSLATION": {
          "hit":1607,
          "miss":608
        },
        "mshr full": 23949,
        "prefetch requested": 0,
        "prefetch issued": 0,
        "prefetch filled": 660929,
        "prefetch useful": 0,
        "prefetch useless": 0,
        "prefetch late": 0,
        "pf_useful_at_l2_from_l1":      12182,
        "pf_late_at_l2_from_l1":        757,
        "pf_useless_at_l2_from_l1":       3067,
        "pf_at_l2_to_l1":        405,
        "pf_fill_this_level":      14895,
        "miss latency": 34.5782,
        "cache queues": {
          "PQ_ACCESS": 1336248,
          "PQ_FULL": 1251,
          "PQ_TO_CACHE": 1334997,
          "PQ_MERGED": 23,
          "RQ_ACCESS": 332442,
          "RQ_MERGED": 0,
          "RQ_FULL": 0,
          "WQ_ACCESS": 438682,
          "WQ_MERGED": 0,
          "WQ_FULL": 0
        }
      },
      "LLC": {
        "LOAD": {
          "hit": [73],
          "miss": [62279]
        },
        "RFO": {
          "hit": [27],
          "miss": [2517]
        },
        "PREFETCH": {
          "hit": [1215],
          "miss": [660471]
        },
        "WRITE": {
          "hit": [229019],
          "miss": [0]
        },
        "TRANSLATION": {
          "hit": [40],
          "miss": [568]
        },
        "mshr full": 0,
        "prefetch requested": 0,
        "prefetch issued": 0,
        "prefetch filled": 660471,
        "prefetch useful": 0,
        "prefetch useless": 0,
        "prefetch late": 0,
        "pf_useful_at_l2_from_l1":          0,
        "pf_late_at_l2_from_l1":          0,
        "pf_useless_at_l2_from_l1":          0,
        "pf_at_l2_to_l1":         68,
        "pf_fill_this_level":          0,
        "miss latency": 30.612,
        "cache queues": {
          "PQ_ACCESS": 661686,
          "PQ_FULL": 0,
          "PQ_TO_CACHE": 661686,
          "PQ_MERGED": 0,
          "RQ_ACCESS": 65504,
          "RQ_MERGED": 0,
          "RQ_FULL": 0,
          "WQ_ACCESS": 229026,
          "WQ_MERGED": 0,
          "WQ_FULL": 0
        }
      },
      "DRAM": [
        {
          "RQ ROW_BUFFER_HIT": 532310,
          "RQ ROW_BUFFER_MISS": 193525,
          "PQ FULL": 0,
          "WQ ROW_BUFFER_HIT": 121167,
          "WQ ROW_BUFFER_MISS": 102176,
          "WQ FULL": 0,
          "AVG DBUS CONGESTED CYCLE": 3.98004
        }
      ]

    },
    "sim": {
      "cores": [
        {
          "instructions": 200000003,
          "cycles": 55191278,
          "Avg ROB occupancy at mispredict": 330.865, 
          "mispredict": {
            "BRANCH_DIRECT_JUMP": 67,
            "BRANCH_INDIRECT": 0,
            "BRANCH_CONDITIONAL": 57931,
            "BRANCH_DIRECT_CALL": 23,
            "BRANCH_INDIRECT_CALL": 0,
            "BRANCH_RETURN": 19
          }
        }
      ],
      "cpu0_L1I": {
        "LOAD": {
          "hit":18941,
          "miss":1051
        },
        "RFO": {
          "hit":0,
          "miss":0
        },
        "PREFETCH": {
          "hit":0,
          "miss":0
        },
        "WRITE": {
          "hit":0,
          "miss":0
        },
        "TRANSLATION": {
          "hit":0,
          "miss":0
        },
        "mshr full": 0,
        "prefetch requested": 0,
        "prefetch issued": 0,
        "prefetch filled": 0,
        "prefetch useful": 0,
        "prefetch useless": 0,
        "prefetch late": 0,
        "pf_useful_at_l2_from_l1":          0,
        "pf_late_at_l2_from_l1":          0,
        "pf_useless_at_l2_from_l1":          0,
        "pf_at_l2_to_l1":          0,
        "pf_fill_this_level":          0,
        "miss latency": 11.5734,
        "cache queues": {
          "PQ_ACCESS": 0,
          "PQ_FULL": 0,
          "PQ_TO_CACHE": 0,
          "PQ_MERGED": 0,
          "RQ_ACCESS": 20115,
          "RQ_MERGED": 123,
          "RQ_FULL": 0,
          "WQ_ACCESS": 0,
          "WQ_MERGED": 0,
          "WQ_FULL": 0
        }
      },
      "cpu0_ITLB": {
        "LOAD": {
          "hit":16781,
          "miss":171
        },
        "RFO": {
          "hit":0,
          "miss":0
        },
        "PREFETCH": {
          "hit":0,
          "miss":0
        },
        "WRITE": {
          "hit":0,
          "miss":0
        },
        "TRANSLATION": {
          "hit":0,
          "miss":0
        },
        "mshr full": 0,
        "prefetch requested": 0,
        "prefetch issued": 0,
        "prefetch filled": 0,
        "prefetch useful": 0,
        "prefetch useless": 0,
        "prefetch late": 0,
        "pf_useful_at_l2_from_l1":          0,
        "pf_late_at_l2_from_l1":          0,
        "pf_useless_at_l2_from_l1":          0,
        "pf_at_l2_to_l1":          0,
        "pf_fill_this_level":          0,
        "miss latency": 7.16484,
        "cache queues": {
          "PQ_ACCESS": 0,
          "PQ_FULL": 0,
          "PQ_TO_CACHE": 0,
          "PQ_MERGED": 0,
          "RQ_ACCESS": 16952,
          "RQ_MERGED": 0,
          "RQ_FULL": 0,
          "WQ_ACCESS": 0,
          "WQ_MERGED": 0,
          "WQ_FULL": 0
        }
      },
      "cpu0_DTLB": {
        "LOAD": {
          "hit":61441393,
          "miss":97088
        },
        "RFO": {
          "hit":0,
          "miss":0
        },
        "PREFETCH": {
          "hit":0,
          "miss":0
        },
        "WRITE": {
          "hit":0,
          "miss":0
        },
        "TRANSLATION": {
          "hit":0,
          "miss":0
        },
        "mshr full": 0,
        "prefetch requested": 0,
        "prefetch issued": 0,
        "prefetch filled": 0,
        "prefetch useful": 0,
        "prefetch useless": 0,
        "prefetch late": 0,
        "pf_useful_at_l2_from_l1":          0,
        "pf_late_at_l2_from_l1":          0,
        "pf_useless_at_l2_from_l1":          0,
        "pf_at_l2_to_l1":          0,
        "pf_fill_this_level":          0,
        "miss latency": 0.784745,
        "cache queues": {
          "PQ_ACCESS": 0,
          "PQ_FULL": 0,
          "PQ_TO_CACHE": 0,
          "PQ_MERGED": 0,
          "RQ_ACCESS": 63845584,
          "RQ_MERGED": 0,
          "RQ_FULL": 2307103,
          "WQ_ACCESS": 0,
          "WQ_MERGED": 0,
          "WQ_FULL": 0
        }
      },
      "cpu0_STLB": {
        "LOAD": {
          "hit":5398,
          "miss":7440
        },
        "RFO": {
          "hit":0,
          "miss":0
        },
        "PREFETCH": {
          "hit":0,
          "miss":0
        },
        "WRITE": {
          "hit":0,
          "miss":0
        },
        "TRANSLATION": {
          "hit":0,
          "miss":0
        },
        "mshr full": 0,
        "prefetch requested": 0,
        "prefetch issued": 0,
        "prefetch filled": 0,
        "prefetch useful": 0,
        "prefetch useless": 0,
        "prefetch late": 0,
        "pf_useful_at_l2_from_l1":          0,
        "pf_late_at_l2_from_l1":          0,
        "pf_useless_at_l2_from_l1":          0,
        "pf_at_l2_to_l1":          0,
        "pf_fill_this_level":          0,
        "miss latency": 9.47975,
        "cache queues": {
          "PQ_ACCESS": 0,
          "PQ_FULL": 0,
          "PQ_TO_CACHE": 0,
          "PQ_MERGED": 0,
          "RQ_ACCESS": 12838,
          "RQ_MERGED": 0,
          "RQ_FULL": 0,
          "WQ_ACCESS": 0,
          "WQ_MERGED": 0,
          "WQ_FULL": 0
        }
      },
      "cpu0_L1D": {
        "LOAD": {
          "hit":53816620,
          "miss":1606046
        },
        "RFO": {
          "hit":0,
          "miss":0
        },
        "PREFETCH": {
          "hit":111731,
          "miss":1354974
        },
        "WRITE": {
          "hit":6972398,
          "miss":143595
        },
        "TRANSLATION": {
          "hit":5246,
          "miss":2215
        },
        "mshr full": 81797,
        "prefetch requested": 1466898,
        "prefetch issued": 1466898,
        "prefetch filled": 1244254,
        "prefetch useful": 1179419,
        "prefetch useless": 87103,
        "prefetch late": 22325,
        "pf_useful_at_l2_from_l1":          0,
        "pf_late_at_l2_from_l1":          0,
        "pf_useless_at_l2_from_l1":          0,
        "pf_at_l2_to_l1":          3,
        "pf_fill_this_level":    1244239,
        "miss latency": 4.38042,
        "cache queues": {
          "PQ_ACCESS": 1466898,
          "PQ_FULL": 0,
          "PQ_TO_CACHE": 1466898,
          "PQ_MERGED": 193,
          "RQ_ACCESS": 57637897,
          "RQ_MERGED": 451,
          "RQ_FULL": 2214780,
          "WQ_ACCESS": 7118650,
          "WQ_MERGED": 0,
          "WQ_FULL": 2657
        }
      },
      "cpu0_L2C": {
        "LOAD": {
          "hit":174092,
          "miss":63109
        },
        "RFO": {
          "hit":89910,
          "miss":2544
        },
        "PREFETCH": {
          "hit":673263,
          "miss":661705
        },
        "WRITE": {
          "hit":438658,
          "miss":0
        },
        "TRANSLATION": {
          "hit":1607,
          "miss":608
        },
        "mshr full": 23949,
        "prefetch requested": 0,
        "prefetch issued": 0,
        "prefetch filled": 660929,
        "prefetch useful": 0,
        "prefetch useless": 0,
        "prefetch late": 0,
        "pf_useful_at_l2_from_l1":      12182,
        "pf_late_at_l2_from_l1":        757,
        "pf_useless_at_l2_from_l1":       3067,
        "pf_at_l2_to_l1":        405,
        "pf_fill_this_level":      14895,
        "miss latency": 34.5782,
        "cache queues": {
          "PQ_ACCESS": 1336248,
          "PQ_FULL": 1251,
          "PQ_TO_CACHE": 1334997,
          "PQ_MERGED": 23,
          "RQ_ACCESS": 332442,
          "RQ_MERGED": 0,
          "RQ_FULL": 0,
          "WQ_ACCESS": 438682,
          "WQ_MERGED": 0,
          "WQ_FULL": 0
        }
      },
      "LLC": {
        "LOAD": {
          "hit": [73],
          "miss": [62279]
        },
        "RFO": {
          "hit": [27],
          "miss": [2517]
        },
        "PREFETCH": {
          "hit": [1215],
          "miss": [660471]
        },
        "WRITE": {
          "hit": [229019],
          "miss": [0]
        },
        "TRANSLATION": {
          "hit": [40],
          "miss": [568]
        },
        "mshr full": 0,
        "prefetch requested": 0,
        "prefetch issued": 0,
        "prefetch filled": 660471,
        "prefetch useful": 0,
        "prefetch useless": 0,
        "prefetch late": 0,
        "pf_useful_at_l2_from_l1":          0,
        "pf_late_at_l2_from_l1":          0,
        "pf_useless_at_l2_from_l1":          0,
        "pf_at_l2_to_l1":         68,
        "pf_fill_this_level":          0,
        "miss latency": 30.612,
        "cache queues": {
          "PQ_ACCESS": 661686,
          "PQ_FULL": 0,
          "PQ_TO_CACHE": 661686,
          "PQ_MERGED": 0,
          "RQ_ACCESS": 65504,
          "RQ_MERGED": 0,
          "RQ_FULL": 0,
          "WQ_ACCESS": 229026,
          "WQ_MERGED": 0,
          "WQ_FULL": 0
        }
      },
      "DRAM": [
        {
          "RQ ROW_BUFFER_HIT": 532310,
          "RQ ROW_BUFFER_MISS": 193525,
          "PQ FULL": 0,
          "WQ ROW_BUFFER_HIT": 121167,
          "WQ ROW_BUFFER_MISS": 102176,
          "WQ FULL": 0,
          "AVG DBUS CONGESTED CYCLE": 3.98004
        }
      ]

    }
  }
]
cpu0_ITLB
cpu0_DTLB
cpu0_STLB
Prefetch Request to L1: 1376863, Prefetch Request to L2: 90035
Invalid by Eviction: 53796
Invalid by Max: 4505
Filter table begin
 ┌────────────────────┬─────────────┐
 | Region             | Offset      |
 ├────────────────────┼─────────────┤
 | 0x000000000000022c | 8           |
 ├────────────────────┼─────────────┤
 | 0x0000000000001c5d | 30          |
 ├────────────────────┼─────────────┤
 | 0x00000000000007df | 25          |
 ├────────────────────┼─────────────┤
 | 0x000000000000037b | 31          |
 ├────────────────────┼─────────────┤
 | 0x0000000000000936 | 31          |
 ├────────────────────┼─────────────┤
 | 0x0000000000002114 | 31          |
 ├────────────────────┼─────────────┤
 | 0x00000000000012e6 | 31          |
 ├────────────────────┼─────────────┤
 | 0x0000000000001c4e | 27          |
 ├────────────────────┼─────────────┤
 | 0x0000000000000546 | 29          |
 ├────────────────────┼─────────────┤
 | 0x0000000000002249 | 31          |
 ├────────────────────┼─────────────┤
 | 0x0000000000000839 | 31          |
 ├────────────────────┼─────────────┤
 | 0x000000000000097c | 31          |
 ├────────────────────┼─────────────┤
 | 0x0000000000002754 | 31          |
 ├────────────────────┼─────────────┤
 | 0x000000000000034e | 28          |
 ├────────────────────┼─────────────┤
 | 0x0000000000000641 | 30          |
 ├────────────────────┼─────────────┤
 | 0x0000000000001cb0 | 31          |
 ├────────────────────┼─────────────┤
 | 0x0000000000000280 | 31          |
 ├────────────────────┼─────────────┤
 | 0x0000000000000e43 | 31          |
 ├────────────────────┼─────────────┤
 | 0x000000000000206b | 31          |
 ├────────────────────┼─────────────┤
 | 0x00000000000011e7 | 31          |
 ├────────────────────┼─────────────┤
 | 0x0000000000000614 | 27          |
 ├────────────────────┼─────────────┤
 | 0x00000000000024f0 | 31          |
 ├────────────────────┼─────────────┤
 | 0x000000000000102a | 24          |
 ├────────────────────┼─────────────┤
 | 0x00000000000005e7 | 24          |
 ├────────────────────┼─────────────┤
 | 0x000000000000073e | 30          |
 ├────────────────────┼─────────────┤
 | 0x0000000000000907 | 28          |
 └────────────────────┴─────────────┘
Filter table end
Accumulation table begin
 ┌────────────────────┬─────────────┬─────────────┬──────────────────────────────────────────────────────────────────┐
 | Region             | Offset      | Second      | Pattern                                                          |
 ├────────────────────┼─────────────┼─────────────┼──────────────────────────────────────────────────────────────────┤
 | 0x000000000000279c | 0           | 1           | 1 1 1 1 1 1 1 1 1 1 1 1 1 1 0 0 0 0 0 0 0 0 0 0 0 0 0 0 0 0 0 0  |
 ├────────────────────┼─────────────┼─────────────┼──────────────────────────────────────────────────────────────────┤
 | 0x000000000000275f | 0           | 1           | 1 1 1 1 1 1 1 1 1 1 1 1 1 1 1 1 1 1 1 1 1 1 1 1 1 1 1 1 1 1 1 1  |
 ├────────────────────┼─────────────┼─────────────┼──────────────────────────────────────────────────────────────────┤
 | 0x000000000000278b | 0           | 1           | 1 1 1 1 1 1 1 1 1 1 1 1 1 1 1 1 1 1 1 1 1 1 1 1 1 1 1 1 1 1 1 1  |
 ├────────────────────┼─────────────┼─────────────┼──────────────────────────────────────────────────────────────────┤
 | 0x000000000000277d | 0           | 1           | 1 1 1 1 1 1 1 1 1 1 1 0 0 0 0 0 0 0 0 0 0 0 0 0 0 0 0 0 0 0 0 0  |
 ├────────────────────┼─────────────┼─────────────┼──────────────────────────────────────────────────────────────────┤
 | 0x00000000000027a9 | 0           | 1           | 1 1 1 1 1 1 1 1 1 1 1 1 1 1 1 1 1 1 1 1 1 1 1 1 1 1 1 1 1 1 1 1  |
 ├────────────────────┼─────────────┼─────────────┼──────────────────────────────────────────────────────────────────┤
 | 0x0000000000002765 | 0           | 1           | 1 1 1 1 1 1 1 1 1 1 1 1 1 1 1 1 1 1 1 1 1 1 1 1 1 1 1 1 1 1 1 1  |
 ├────────────────────┼─────────────┼─────────────┼──────────────────────────────────────────────────────────────────┤
 | 0x0000000000002760 | 0           | 1           | 1 1 1 1 1 1 1 1 0 0 0 0 0 0 0 0 0 0 0 0 0 0 0 0 0 0 0 0 0 0 0 0  |
 ├────────────────────┼─────────────┼─────────────┼──────────────────────────────────────────────────────────────────┤
 | 0x0000000000001591 | 0           | 1           | 1 1 1 1 0 0 0 0 0 0 0 0 0 0 0 0 0 0 0 0 0 0 0 0 0 0 0 0 0 0 0 0  |
 ├────────────────────┼─────────────┼─────────────┼──────────────────────────────────────────────────────────────────┤
 | 0x000000000000277b | 0           | 1           | 1 1 1 1 1 1 1 1 1 1 1 1 1 1 1 1 1 1 1 1 1 1 1 1 1 1 1 1 1 1 1 1  |
 ├────────────────────┼─────────────┼─────────────┼──────────────────────────────────────────────────────────────────┤
 | 0x000000000000276c | 0           | 1           | 1 1 1 1 1 1 1 1 1 1 1 1 1 1 1 1 1 1 1 1 1 1 1 1 1 1 1 1 1 1 1 1  |
 ├────────────────────┼─────────────┼─────────────┼──────────────────────────────────────────────────────────────────┤
 | 0x000000000000022f | 23          | 8           | 0 0 0 0 0 0 0 0 1 0 0 0 0 0 0 0 0 0 0 0 0 0 0 1 0 0 0 0 0 0 0 0  |
 ├────────────────────┼─────────────┼─────────────┼──────────────────────────────────────────────────────────────────┤
 | 0x0000000000002781 | 29          | 30          | 0 0 0 0 0 0 0 0 0 0 0 0 0 0 0 0 0 0 0 0 0 0 0 0 0 0 0 0 0 1 1 1  |
 ├────────────────────┼─────────────┼─────────────┼──────────────────────────────────────────────────────────────────┤
 | 0x00000000000027a0 | 23          | 24          | 0 0 0 0 0 0 0 0 0 0 0 0 0 0 0 0 0 0 0 0 0 0 0 1 1 1 1 1 1 1 1 1  |
 ├────────────────────┼─────────────┼─────────────┼──────────────────────────────────────────────────────────────────┤
 | 0x000000000000276d | 0           | 1           | 1 1 1 1 1 1 1 1 1 1 1 1 1 1 1 1 1 1 1 1 1 1 1 1 1 1 0 0 0 0 0 0  |
 ├────────────────────┼─────────────┼─────────────┼──────────────────────────────────────────────────────────────────┤
 | 0x000000000000021d | 24          | 22          | 0 0 0 0 0 0 0 0 0 0 1 0 0 0 0 0 0 0 1 1 1 1 1 1 1 0 0 0 0 0 0 0  |
 ├────────────────────┼─────────────┼─────────────┼──────────────────────────────────────────────────────────────────┤
 | 0x000000000000275e | 0           | 1           | 1 1 1 1 1 1 1 1 1 1 1 1 1 1 1 1 1 1 1 1 1 1 1 1 1 1 1 1 1 1 1 1  |
 ├────────────────────┼─────────────┼─────────────┼──────────────────────────────────────────────────────────────────┤
 | 0x0000000000000222 | 12          | 1           | 0 1 1 0 0 0 1 1 1 1 0 1 1 1 0 1 0 0 0 0 0 0 0 0 1 0 0 1 0 0 0 0  |
 ├────────────────────┼─────────────┼─────────────┼──────────────────────────────────────────────────────────────────┤
 | 0x000000000000279b | 0           | 1           | 1 1 1 1 1 1 1 1 1 1 1 1 1 1 1 1 1 1 1 1 1 1 1 1 1 1 1 1 1 1 1 1  |
 ├────────────────────┼─────────────┼─────────────┼──────────────────────────────────────────────────────────────────┤
 | 0x00000000000027a1 | 0           | 1           | 1 1 1 1 1 1 1 1 1 1 1 1 1 1 1 1 1 1 1 1 1 1 1 1 1 1 1 1 1 1 1 1  |
 ├────────────────────┼─────────────┼─────────────┼──────────────────────────────────────────────────────────────────┤
 | 0x000000000000277a | 2           | 3           | 0 0 1 1 1 1 1 1 1 1 1 1 1 1 1 1 1 1 1 1 1 1 1 1 1 1 1 1 1 1 1 1  |
 ├────────────────────┼─────────────┼─────────────┼──────────────────────────────────────────────────────────────────┤
 | 0x000000000000277c | 0           | 1           | 1 1 1 1 1 1 1 1 1 1 1 1 1 1 1 1 1 1 1 1 1 1 1 1 1 1 1 1 1 1 1 1  |
 ├────────────────────┼─────────────┼─────────────┼──────────────────────────────────────────────────────────────────┤
 | 0x000000000000158d | 0           | 1           | 1 1 1 1 1 1 1 1 1 1 1 1 1 1 1 1 1 1 1 1 1 1 1 1 1 1 1 1 1 1 1 1  |
 ├────────────────────┼─────────────┼─────────────┼──────────────────────────────────────────────────────────────────┤
 | 0x000000000000022b | 27          | 28          | 0 0 0 0 0 0 0 0 0 0 0 0 0 0 0 0 0 0 0 0 0 0 0 0 0 0 0 1 1 0 0 0  |
 ├────────────────────┼─────────────┼─────────────┼──────────────────────────────────────────────────────────────────┤
 | 0x00000000000027a8 | 0           | 1           | 1 1 1 1 1 1 1 1 1 1 1 1 1 1 1 1 1 1 1 1 1 1 1 1 1 1 1 1 1 1 1 1  |
 ├────────────────────┼─────────────┼─────────────┼──────────────────────────────────────────────────────────────────┤
 | 0x0000000000001590 | 0           | 1           | 1 1 1 1 1 1 1 1 1 1 1 1 1 1 1 1 1 1 1 1 1 1 1 1 1 1 1 1 1 1 1 1  |
 ├────────────────────┼─────────────┼─────────────┼──────────────────────────────────────────────────────────────────┤
 | 0x000000000000278c | 0           | 1           | 1 1 1 1 1 1 1 1 1 1 1 1 1 1 1 1 1 1 1 1 1 1 1 1 1 1 1 1 1 0 0 0  |
 ├────────────────────┼─────────────┼─────────────┼──────────────────────────────────────────────────────────────────┤
 | 0x0000000000002764 | 17          | 18          | 0 0 0 0 0 0 0 0 0 0 0 0 0 0 0 0 0 1 1 1 1 1 1 1 1 1 1 1 1 1 1 1  |
 └────────────────────┴─────────────┴─────────────┴──────────────────────────────────────────────────────────────────┘
Accumulation table end
Offset pattern table begin
 ┌────────────────────┬─────────────┬──────────────────────────────────────────────────────────────────────────────────────────────────┐
 | Key                | Second      | Pattern                                                                                          |
 ├────────────────────┼─────────────┼──────────────────────────────────────────────────────────────────────────────────────────────────┤
 | 0x0000000000000000 | 1           | 25 24 24 24 23 23 23 23 23 23 23 23 23 23 23 23 23 23 23 23 23 23 23 23 23 23 22 22 21 20 20 20  |
 ├────────────────────┼─────────────┼──────────────────────────────────────────────────────────────────────────────────────────────────┤
 | 0x0000000000000001 | 2           | 18 17 16 16 16 16 16 16 16 14 14 14 14 14 14 14 14 14 14 14 14 14 14 14 14 14 14 14 14 14 14 4   |
 ├────────────────────┼─────────────┼──────────────────────────────────────────────────────────────────────────────────────────────────┤
 | 0x0000000000000002 | 3           | 27 26 26 26 26 25 25 25 25 23 23 23 23 23 23 23 23 23 22 22 22 22 22 22 22 23 22 22 22 22 6 7    |
 ├────────────────────┼─────────────┼──────────────────────────────────────────────────────────────────────────────────────────────────┤
 | 0x0000000000000003 | 18          | 20 14 13 13 13 13 18 13 13 12 12 12 12 12 12 12 12 12 12 12 12 12 12 12 12 12 12 12 12 2 2 3     |
 ├────────────────────┼─────────────┼──────────────────────────────────────────────────────────────────────────────────────────────────┤
 | 0x0000000000000004 | 5           | 18 17 17 16 16 16 16 16 16 14 14 14 14 14 14 14 14 13 13 13 13 13 13 13 13 13 13 13 4 4 4 4      |
 ├────────────────────┼─────────────┼──────────────────────────────────────────────────────────────────────────────────────────────────┤
 | 0x0000000000000005 | 6           | 27 26 26 26 26 26 26 26 26 26 26 26 26 26 26 26 26 26 26 26 26 26 26 26 26 26 26 0 0 0 0 0       |
 ├────────────────────┼─────────────┼──────────────────────────────────────────────────────────────────────────────────────────────────┤
 | 0x0000000000000006 | 15          | 31 30 30 28 28 27 27 27 27 23 23 23 23 23 23 23 23 23 23 23 23 23 23 23 23 23 6 6 6 5 5 7        |
 ├────────────────────┼─────────────┼──────────────────────────────────────────────────────────────────────────────────────────────────┤
 | 0x0000000000000007 | 8           | 29 28 27 26 26 25 25 25 25 22 21 21 21 21 21 21 21 22 22 21 22 21 21 21 22 8 8 8 7 7 7 7         |
 ├────────────────────┼─────────────┼──────────────────────────────────────────────────────────────────────────────────────────────────┤
 | 0x0000000000000008 | 9           | 22 14 13 13 13 13 13 13 13 12 12 12 12 12 12 17 12 12 12 13 12 12 12 14 3 3 3 5 3 3 3 6          |
 ├────────────────────┼─────────────┼──────────────────────────────────────────────────────────────────────────────────────────────────┤
 | 0x0000000000000009 | 10          | 31 26 24 24 24 22 23 22 22 19 19 19 19 18 18 21 18 19 20 18 17 17 17 7 7 8 6 6 6 8 11 10         |
 ├────────────────────┼─────────────┼──────────────────────────────────────────────────────────────────────────────────────────────────┤
 | 0x000000000000000a | 11          | 28 26 23 23 23 23 22 22 23 19 18 17 18 17 17 17 18 17 16 15 14 14 4 7 7 6 7 7 7 7 7 7            |
 ├────────────────────┼─────────────┼──────────────────────────────────────────────────────────────────────────────────────────────────┤
 | 0x000000000000000b | 12          | 18 17 14 14 14 14 13 13 13 10 9 9 9 9 9 9 9 9 9 7 7 2 2 4 5 5 5 5 5 5 5 5                        |
 ├────────────────────┼─────────────┼──────────────────────────────────────────────────────────────────────────────────────────────────┤
 | 0x000000000000000c | 13          | 30 7 5 7 5 5 5 4 4 2 2 2 15 3 2 15 2 2 2 2 0 23 2 0 0 0 12 23 12 13 0 2                          |
 ├────────────────────┼─────────────┼──────────────────────────────────────────────────────────────────────────────────────────────────┤
 | 0x000000000000000d | 3           | 28 26 20 19 19 19 19 19 19 15 14 14 14 14 14 14 14 14 14 3 3 3 3 5 6 5 5 5 5 5 6 5               |
 ├────────────────────┼─────────────┼──────────────────────────────────────────────────────────────────────────────────────────────────┤
 | 0x000000000000000e | 15          | 31 23 17 16 16 16 16 15 15 13 20 14 14 19 12 12 11 11 1 1 1 1 1 1 2 2 2 8 2 9 9 2                |
 ├────────────────────┼─────────────┼──────────────────────────────────────────────────────────────────────────────────────────────────┤
 | 0x000000000000000f | 16          | 31 13 12 11 11 11 11 10 10 9 9 9 9 9 8 8 8 2 2 2 2 2 2 2 1 1 1 1 1 2 2 20                        |
 ├────────────────────┼─────────────┼──────────────────────────────────────────────────────────────────────────────────────────────────┤
 | 0x0000000000000010 | 17          | 31 29 25 24 23 23 22 21 22 19 18 19 19 19 19 19 6 6 6 6 6 6 6 9 6 6 6 6 5 6 7 7                  |
 ├────────────────────┼─────────────┼──────────────────────────────────────────────────────────────────────────────────────────────────┤
 | 0x0000000000000011 | 18          | 24 21 19 18 18 17 17 17 17 12 11 11 11 11 11 5 5 5 5 5 5 5 5 8 6 6 6 6 6 8 8 7                   |
 ├────────────────────┼─────────────┼──────────────────────────────────────────────────────────────────────────────────────────────────┤
 | 0x0000000000000012 | 13          | 16 15 13 11 12 12 12 7 8 7 6 6 5 5 0 0 0 0 0 0 0 0 0 1 4 1 1 1 1 1 1 1                           |
 ├────────────────────┼─────────────┼──────────────────────────────────────────────────────────────────────────────────────────────────┤
 | 0x0000000000000013 | 20          | 31 30 19 18 18 18 18 18 18 16 14 11 11 4 4 4 4 4 4 4 4 4 4 5 1 1 1 1 1 1 1 1                     |
 ├────────────────────┼─────────────┼──────────────────────────────────────────────────────────────────────────────────────────────────┤
 | 0x0000000000000014 | 21          | 25 17 14 19 21 21 20 21 19 18 10 10 0 0 0 0 0 0 0 0 0 0 0 0 0 0 0 0 0 7 7 0                      |
 ├────────────────────┼─────────────┼──────────────────────────────────────────────────────────────────────────────────────────────────┤
 | 0x0000000000000015 | 22          | 27 25 24 23 23 23 23 23 23 17 16 2 2 2 2 2 2 2 2 3 2 2 2 4 3 3 3 3 3 3 3 5                       |
 ├────────────────────┼─────────────┼──────────────────────────────────────────────────────────────────────────────────────────────────┤
 | 0x0000000000000016 | 23          | 29 28 27 24 23 23 22 22 21 17 4 4 4 4 4 4 4 4 4 4 4 4 4 6 3 3 3 3 3 6 6 4                        |
 ├────────────────────┼─────────────┼──────────────────────────────────────────────────────────────────────────────────────────────────┤
 | 0x0000000000000017 | 24          | 18 7 6 5 5 5 5 5 6 0 0 0 0 0 0 0 0 10 0 0 0 0 0 1 1 1 1 1 1 1 1 1                                |
 ├────────────────────┼─────────────┼──────────────────────────────────────────────────────────────────────────────────────────────────┤
 | 0x0000000000000018 | 7           | 22 5 4 17 4 4 3 3 0 12 12 0 0 0 12 12 12 12 4 12 12 12 0 12 0 0 4 4 4 4 4 4                      |
 ├────────────────────┼─────────────┼──────────────────────────────────────────────────────────────────────────────────────────────────┤
 | 0x0000000000000019 | 26          | 31 30 27 26 25 24 24 5 5 5 5 5 5 5 6 6 7 7 6 6 6 6 6 8 5 4 4 5 5 5 5 5                           |
 ├────────────────────┼─────────────┼──────────────────────────────────────────────────────────────────────────────────────────────────┤
 | 0x000000000000001a | 27          | 24 23 21 20 17 17 0 0 0 0 0 0 0 0 0 1 1 1 1 1 1 1 1 3 4 5 5 6 6 6 6 6                            |
 ├────────────────────┼─────────────┼──────────────────────────────────────────────────────────────────────────────────────────────────┤
 | 0x000000000000001b | 28          | 24 23 11 9 8 1 1 1 1 1 1 1 1 1 1 1 1 1 1 1 1 1 2 2 0 1 0 0 1 1 1 1                               |
 ├────────────────────┼─────────────┼──────────────────────────────────────────────────────────────────────────────────────────────────┤
 | 0x000000000000001c | 29          | 24 21 18 17 2 2 1 1 1 1 1 1 1 1 2 2 2 2 2 2 2 2 2 2 5 4 4 4 4 4 4 7                              |
 ├────────────────────┼─────────────┼──────────────────────────────────────────────────────────────────────────────────────────────────┤
 | 0x000000000000001d | 30          | 17 16 16 3 3 3 3 3 3 3 3 2 2 2 2 2 2 2 2 2 1 2 1 1 1 1 1 1 1 1 1 1                               |
 ├────────────────────┼─────────────┼──────────────────────────────────────────────────────────────────────────────────────────────────┤
 | 0x000000000000001e | 31          | 29 28 2 2 2 2 2 2 2 2 2 2 2 2 2 2 2 2 2 2 2 2 2 2 0 0 0 0 0 0 0 0                                |
 ├────────────────────┼─────────────┼──────────────────────────────────────────────────────────────────────────────────────────────────┤
 | 0x000000000000001f | 30          | 27 11 11 12 11 12 11 10 18 18 10 10 10 10 10 13 13 13 11 11 11 11 10 13 4 4 5 6 14 3 6 7         |
 └────────────────────┴─────────────┴──────────────────────────────────────────────────────────────────────────────────────────────────┘
Offset pattern table end
PC pattern table begin
 ┌────────────────────┬─────────────┬──────────────────────────────────────────────────┐
 | Key                | Second      | Pattern                                          |
 ├────────────────────┼─────────────┼──────────────────────────────────────────────────┤
 | 0x0000000000000000 | 21          | 30 24 17 17 15 14 14 12 12 11 11 10 8 6 4 3      |
 ├────────────────────┼─────────────┼──────────────────────────────────────────────────┤
 | 0x0000000000000001 | 1           | 23 21 8 8 8 8 19 20 8 8 8 8 8 8 17 16            |
 ├────────────────────┼─────────────┼──────────────────────────────────────────────────┤
 | 0x0000000000000002 | 16          | 21 20 20 20 20 19 18 18 18 18 17 17 17 15 15 15  |
 ├────────────────────┼─────────────┼──────────────────────────────────────────────────┤
 | 0x0000000000000003 | 10          | 26 10 11 11 25 25 10 10 11 10 11 11 11 10 24 9   |
 ├────────────────────┼─────────────┼──────────────────────────────────────────────────┤
 | 0x0000000000000004 | 26          | 20 2 1 1 4 3 1 1 2 2 1 1 1 0 0 0                 |
 ├────────────────────┼─────────────┼──────────────────────────────────────────────────┤
 | 0x0000000000000005 | 28          | 17 15 14 12 11 4 4 4 4 4 4 6 12 13 14 14         |
 ├────────────────────┼─────────────┼──────────────────────────────────────────────────┤
 | 0x0000000000000006 | 1           | 22 19 15 15 17 17 17 17 15 15 16 15 16 12 13 12  |
 ├────────────────────┼─────────────┼──────────────────────────────────────────────────┤
 | 0x0000000000000007 | 8           | 23 22 2 2 20 19 0 19 19 19 19 21 3 3 3 3         |
 ├────────────────────┼─────────────┼──────────────────────────────────────────────────┤
 | 0x0000000000000008 | 1           | 23 19 18 8 6 2 1 1 0 1 1 2 5 9 9 13              |
 ├────────────────────┼─────────────┼──────────────────────────────────────────────────┤
 | 0x0000000000000009 | 18          | 31 30 30 30 30 29 27 27 27 27 27 27 26 25 25 23  |
 ├────────────────────┼─────────────┼──────────────────────────────────────────────────┤
 | 0x000000000000000a | 28          | 19 16 15 14 14 14 15 14 13 13 14 14 13 13 14 14  |
 ├────────────────────┼─────────────┼──────────────────────────────────────────────────┤
 | 0x000000000000000b | 13          | 30 27 23 19 18 5 3 3 2 0 0 0 0 1 1 1             |
 ├────────────────────┼─────────────┼──────────────────────────────────────────────────┤
 | 0x000000000000000c | 15          | 18 16 14 14 14 14 14 14 14 15 14 14 14 15 15 13  |
 ├────────────────────┼─────────────┼──────────────────────────────────────────────────┤
 | 0x000000000000000d | 1           | 16 15 14 13 13 13 13 13 13 12 12 12 12 12 12 12  |
 ├────────────────────┼─────────────┼──────────────────────────────────────────────────┤
 | 0x000000000000000e | 29          | 17 16 15 15 15 15 15 15 15 15 15 15 14 13 13 13  |
 ├────────────────────┼─────────────┼──────────────────────────────────────────────────┤
 | 0x000000000000000f | 31          | 21 19 17 17 17 17 17 17 17 17 17 17 17 16 15 14  |
 ├────────────────────┼─────────────┼──────────────────────────────────────────────────┤
 | 0x0000000000000010 | 20          | 20 19 18 18 18 18 17 17 17 16 16 16 16 15 14 14  |
 ├────────────────────┼─────────────┼──────────────────────────────────────────────────┤
 | 0x0000000000000011 | 13          | 29 21 16 13 9 7 7 7 10 10 7 7 7 10 10 10         |
 ├────────────────────┼─────────────┼──────────────────────────────────────────────────┤
 | 0x0000000000000012 | 1           | 22 13 8 7 7 7 7 7 7 13 6 6 6 14 14 14            |
 ├────────────────────┼─────────────┼──────────────────────────────────────────────────┤
 | 0x0000000000000013 | 15          | 16 11 3 1 11 6 1 4 14 1 11 12 1 3 2 2            |
 ├────────────────────┼─────────────┼──────────────────────────────────────────────────┤
 | 0x0000000000000014 | 15          | 25 6 8 8 8 0 0 0 0 16 0 0 0 0 8 8                |
 ├────────────────────┼─────────────┼──────────────────────────────────────────────────┤
 | 0x0000000000000015 | 27          | 26 4 1 1 1 1 14 14 1 1 25 3 1 25 14 3            |
 ├────────────────────┼─────────────┼──────────────────────────────────────────────────┤
 | 0x0000000000000016 | 18          | 20 19 18 18 18 18 18 18 17 18 18 18 18 16 16 15  |
 ├────────────────────┼─────────────┼──────────────────────────────────────────────────┤
 | 0x0000000000000017 | 1           | 29 28 26 26 26 26 26 26 28 27 23 23 24 24 24 24  |
 ├────────────────────┼─────────────┼──────────────────────────────────────────────────┤
 | 0x0000000000000018 | 7           | 29 22 22 22 22 21 21 22 24 27 25 19 20 20 20 24  |
 ├────────────────────┼─────────────┼──────────────────────────────────────────────────┤
 | 0x0000000000000019 | 8           | 18 15 14 13 13 13 13 13 12 12 12 13 12 11 11 13  |
 ├────────────────────┼─────────────┼──────────────────────────────────────────────────┤
 | 0x000000000000001a | 14          | 16 14 14 14 13 13 13 13 15 13 12 12 13 13 11 13  |
 ├────────────────────┼─────────────┼──────────────────────────────────────────────────┤
 | 0x000000000000001b | 4           | 27 26 26 25 25 25 24 24 23 23 22 22 21 20 20 20  |
 ├────────────────────┼─────────────┼──────────────────────────────────────────────────┤
 | 0x000000000000001c | 1           | 25 22 16 16 16 16 17 17 16 16 17 16 16 17 22 21  |
 ├────────────────────┼─────────────┼──────────────────────────────────────────────────┤
 | 0x000000000000001d | 7           | 23 18 16 15 13 12 13 13 11 9 9 9 7 11 8 8        |
 ├────────────────────┼─────────────┼──────────────────────────────────────────────────┤
 | 0x000000000000001e | 27          | 28 16 0 0 0 0 0 0 0 0 0 12 11 11 11 13           |
 ├────────────────────┼─────────────┼──────────────────────────────────────────────────┤
 | 0x000000000000001f | 9           | 24 23 23 22 22 22 21 21 20 20 20 20 19 19 18 17  |
 └────────────────────┴─────────────┴──────────────────────────────────────────────────┘
PC pattern table end
Prefetch buffer begin
 ┌────────────────────┬──────────────────────────────────────────────────────────────────┐
 | Region             | Pattern                                                          |
 ├────────────────────┼──────────────────────────────────────────────────────────────────┤
 | 0x0000000000002392 | 0 0 0 0 0 0 0 0 0 0 0 0 0 2 2 2 2 2 2 0 0 0 0 0 0 0 0 0 0 0 0 0  |
 ├────────────────────┼──────────────────────────────────────────────────────────────────┤
 | 0x00000000000022f0 | 0 0 0 0 0 0 0 0 0 0 0 0 0 0 0 0 0 0 0 0 0 2 2 2 2 2 2 2 2 2 0 0  |
 ├────────────────────┼──────────────────────────────────────────────────────────────────┤
 | 0x00000000000022cc | 0 0 0 0 0 0 0 0 0 2 2 2 2 2 0 0 0 0 0 0 0 0 0 0 0 0 0 0 0 0 0 0  |
 ├────────────────────┼──────────────────────────────────────────────────────────────────┤
 | 0x0000000000002779 | 2 2 2 2 2 2 2 2 2 0 0 0 0 0 0 0 0 0 0 0 0 0 0 0 0 0 0 0 0 0 0 0  |
 ├────────────────────┼──────────────────────────────────────────────────────────────────┤
 | 0x0000000000002754 | 2 2 2 2 2 2 2 1 1 2 2 2 2 2 2 2 2 2 2 2 2 2 2 0 0 2 2 1 0 2 2 0  |
 ├────────────────────┼──────────────────────────────────────────────────────────────────┤
 | 0x0000000000002688 | 0 1 1 0 0 0 1 1 1 1 2 0 0 0 0 0 0 0 0 0 0 0 0 0 0 0 0 0 0 0 0 0  |
 ├────────────────────┼──────────────────────────────────────────────────────────────────┤
 | 0x000000000000271f | 0 0 0 0 0 0 0 0 0 0 0 0 0 0 0 0 0 0 0 0 0 0 0 0 0 0 0 0 0 0 0 1  |
 ├────────────────────┼──────────────────────────────────────────────────────────────────┤
 | 0x00000000000025a5 | 0 0 0 0 0 0 0 0 2 2 2 0 0 0 0 0 0 0 0 0 0 0 0 0 0 0 0 0 0 0 0 0  |
 ├────────────────────┼──────────────────────────────────────────────────────────────────┤
 | 0x000000000000272f | 0 1 1 0 0 0 1 1 1 1 0 1 1 1 0 1 0 0 0 0 0 0 0 0 0 0 0 0 0 0 0 0  |
 ├────────────────────┼──────────────────────────────────────────────────────────────────┤
 | 0x00000000000024d3 | 0 0 0 0 0 0 0 0 0 0 0 0 0 0 0 0 0 0 0 0 1 1 1 1 1 1 1 1 0 0 0 0  |
 ├────────────────────┼──────────────────────────────────────────────────────────────────┤
 | 0x0000000000000a60 | 0 0 0 0 1 1 1 1 1 1 1 1 1 1 1 1 1 1 1 1 1 1 1 1 1 1 1 1 1 1 1 1  |
 ├────────────────────┼──────────────────────────────────────────────────────────────────┤
 | 0x000000000000275c | 0 0 0 0 2 2 2 2 2 0 0 0 0 0 0 0 0 0 0 0 0 0 0 0 0 0 0 0 0 0 0 0  |
 ├────────────────────┼──────────────────────────────────────────────────────────────────┤
 | 0x000000000000022c | 2 2 2 2 2 2 2 2 0 1 1 1 1 1 1 1 1 1 1 1 1 1 1 1 1 1 1 1 1 1 1 1  |
 ├────────────────────┼──────────────────────────────────────────────────────────────────┤
 | 0x00000000000026c4 | 0 0 0 0 0 0 0 0 0 0 0 0 0 0 0 0 0 0 0 0 0 2 0 0 0 0 0 0 0 0 0 0  |
 ├────────────────────┼──────────────────────────────────────────────────────────────────┤
 | 0x00000000000026ad | 2 2 2 2 2 2 2 1 1 2 2 2 2 2 2 2 2 2 2 2 2 2 2 2 2 2 2 1 0 2 2 0  |
 └────────────────────┴──────────────────────────────────────────────────────────────────┘
Prefetch buffer end
Filter by PPT: 0
cpu0_L2C
Num Con Filled: 0
Num Con Useful: 0 Useless:0 Accuracy: nan
LLC
