41 41 41
Available num physical pages: 35184372088576
WARNING: physical memory size is smaller than virtual memory size

*** ChampSim Multicore Out-of-Order Simulator ***

Warmup Instructions: 5000000
Simulation Instructions: 200000000
Number of CPUs: 1
Page size: 4096

Basic BTB sets: 1024 ways: 8 indirect buffer size: 4096 RAS size: 64
cpu0_L1D PMP prefetcher
Off-chip DRAM Size: 4 GiB Channels: 1 Width: 64-bit Data Rate: 3200 MT/s
Max paddr 72M
Warmup finished CPU 0 instructions: 5000001 cycles: 1250049 cumulative IPC: 3.99985 (Simulation time: 0 hr 2 min 25 sec) 

Warmup complete CPU 0 instructions: 5000001 cycles: 1250049 (Simulation time: 0 hr 2 min 25 sec) 

Heartbeat CPU 0 instructions: 10000003 cycles: 10352455 heartbeat IPC: 0.965955 cumulative IPC: 0.549306 (Simulation time: 0 hr 13 min 9 sec) 
Heartbeat CPU 0 instructions: 20000003 cycles: 27610314 heartbeat IPC: 0.579447 cumulative IPC: 0.569039 (Simulation time: 0 hr 34 min 57 sec) 
Heartbeat CPU 0 instructions: 30000001 cycles: 52253011 heartbeat IPC: 0.4058 cumulative IPC: 0.490168 (Simulation time: 1 hr 4 min 4 sec) 
Heartbeat CPU 0 instructions: 40000000 cycles: 62836037 heartbeat IPC: 0.94491 cumulative IPC: 0.568312 (Simulation time: 1 hr 16 min 11 sec) 
Heartbeat CPU 0 instructions: 50000003 cycles: 72904386 heartbeat IPC: 0.993212 cumulative IPC: 0.628016 (Simulation time: 1 hr 28 min 0 sec) 
Heartbeat CPU 0 instructions: 60000000 cycles: 82981899 heartbeat IPC: 0.992309 cumulative IPC: 0.672933 (Simulation time: 1 hr 39 min 51 sec) 
Heartbeat CPU 0 instructions: 70000001 cycles: 92994028 heartbeat IPC: 0.998789 cumulative IPC: 0.708494 (Simulation time: 1 hr 51 min 46 sec) 
Heartbeat CPU 0 instructions: 80000002 cycles: 103001128 heartbeat IPC: 0.999291 cumulative IPC: 0.737093 (Simulation time: 2 hr 2 min 28 sec) 
Heartbeat CPU 0 instructions: 90000003 cycles: 113032575 heartbeat IPC: 0.996866 cumulative IPC: 0.760406 (Simulation time: 2 hr 11 min 34 sec) 
Heartbeat CPU 0 instructions: 100000000 cycles: 125687838 heartbeat IPC: 0.790185 cumulative IPC: 0.763434 (Simulation time: 2 hr 22 min 3 sec) 
Heartbeat CPU 0 instructions: 110000001 cycles: 139385021 heartbeat IPC: 0.730078 cumulative IPC: 0.760127 (Simulation time: 2 hr 30 min 45 sec) 
Heartbeat CPU 0 instructions: 120000004 cycles: 153775609 heartbeat IPC: 0.694899 cumulative IPC: 0.753973 (Simulation time: 2 hr 38 min 35 sec) 
Heartbeat CPU 0 instructions: 130000003 cycles: 167125605 heartbeat IPC: 0.749064 cumulative IPC: 0.753577 (Simulation time: 2 hr 45 min 16 sec) 
Heartbeat CPU 0 instructions: 140000000 cycles: 180518000 heartbeat IPC: 0.746693 cumulative IPC: 0.753063 (Simulation time: 2 hr 51 min 4 sec) 
Heartbeat CPU 0 instructions: 150000003 cycles: 193791327 heartbeat IPC: 0.753391 cumulative IPC: 0.753086 (Simulation time: 2 hr 56 min 27 sec) 
Heartbeat CPU 0 instructions: 160000003 cycles: 204506049 heartbeat IPC: 0.933296 cumulative IPC: 0.762586 (Simulation time: 3 hr 0 min 3 sec) 
Heartbeat CPU 0 instructions: 170000002 cycles: 214546286 heartbeat IPC: 0.995993 cumulative IPC: 0.773573 (Simulation time: 3 hr 3 min 6 sec) 
Heartbeat CPU 0 instructions: 180000002 cycles: 224633304 heartbeat IPC: 0.991374 cumulative IPC: 0.783407 (Simulation time: 3 hr 5 min 46 sec) 
Heartbeat CPU 0 instructions: 190000002 cycles: 234706249 heartbeat IPC: 0.992759 cumulative IPC: 0.79244 (Simulation time: 3 hr 8 min 2 sec) 
Heartbeat CPU 0 instructions: 200000001 cycles: 244716815 heartbeat IPC: 0.998945 cumulative IPC: 0.800931 (Simulation time: 3 hr 10 min 6 sec) 
Max paddr 361M
Simulation finished CPU 0 instructions: 200000001 cycles: 248475918 cumulative IPC: 0.804907 (Simulation time: 3 hr 11 min 7 sec) 

Simulation complete CPU 0 instructions: 200000001 cycles: 248475918 (Simulation time: 3 hr 11 min 7 sec) 


ChampSim completed all CPUs

[
  {
    "name": "Simulation",
    "traces": [
      "../traces/433.milc-127B.champsimtrace.xz"
    ],
    "roi": {
      "cores": [
        {
          "instructions": 200000001,
          "cycles": 248475918,
          "Avg ROB occupancy at mispredict": 103.635, 
          "mispredict": {
            "BRANCH_DIRECT_JUMP": 7,
            "BRANCH_INDIRECT": 0,
            "BRANCH_CONDITIONAL": 3115261,
            "BRANCH_DIRECT_CALL": 16,
            "BRANCH_INDIRECT_CALL": 0,
            "BRANCH_RETURN": 281846
          }
        }
      ],
      "cpu0_L1I": {
        "LOAD": {
          "hit":26,
          "miss":78
        },
        "RFO": {
          "hit":0,
          "miss":0
        },
        "PREFETCH": {
          "hit":0,
          "miss":0
        },
        "WRITE": {
          "hit":0,
          "miss":0
        },
        "TRANSLATION": {
          "hit":0,
          "miss":0
        },
        "mshr full": 0,
        "prefetch requested": 0,
        "prefetch issued": 0,
        "prefetch filled": 0,
        "prefetch useful": 0,
        "prefetch useless": 0,
        "prefetch late": 0,
        "pf_useful_at_l2_from_l1":          0,
        "pf_late_at_l2_from_l1":          0,
        "pf_useless_at_l2_from_l1":          0,
        "pf_at_l2_to_l1":          0,
        "pf_fill_this_level":          0,
        "miss latency": 13.0706,
        "cache queues": {
          "PQ_ACCESS": 0,
          "PQ_FULL": 0,
          "PQ_TO_CACHE": 0,
          "PQ_MERGED": 0,
          "RQ_ACCESS": 104,
          "RQ_MERGED": 0,
          "RQ_FULL": 0,
          "WQ_ACCESS": 0,
          "WQ_MERGED": 0,
          "WQ_FULL": 0
        }
      },
      "cpu0_ITLB": {
        "LOAD": {
          "hit":82,
          "miss":13
        },
        "RFO": {
          "hit":0,
          "miss":0
        },
        "PREFETCH": {
          "hit":0,
          "miss":0
        },
        "WRITE": {
          "hit":0,
          "miss":0
        },
        "TRANSLATION": {
          "hit":0,
          "miss":0
        },
        "mshr full": 0,
        "prefetch requested": 0,
        "prefetch issued": 0,
        "prefetch filled": 0,
        "prefetch useful": 0,
        "prefetch useless": 0,
        "prefetch late": 0,
        "pf_useful_at_l2_from_l1":          0,
        "pf_late_at_l2_from_l1":          0,
        "pf_useless_at_l2_from_l1":          0,
        "pf_at_l2_to_l1":          0,
        "pf_fill_this_level":          0,
        "miss latency": 17.952,
        "cache queues": {
          "PQ_ACCESS": 0,
          "PQ_FULL": 0,
          "PQ_TO_CACHE": 0,
          "PQ_MERGED": 0,
          "RQ_ACCESS": 95,
          "RQ_MERGED": 0,
          "RQ_FULL": 0,
          "WQ_ACCESS": 0,
          "WQ_MERGED": 0,
          "WQ_FULL": 0
        }
      },
      "cpu0_DTLB": {
        "LOAD": {
          "hit":81482866,
          "miss":6081409
        },
        "RFO": {
          "hit":0,
          "miss":0
        },
        "PREFETCH": {
          "hit":0,
          "miss":0
        },
        "WRITE": {
          "hit":0,
          "miss":0
        },
        "TRANSLATION": {
          "hit":0,
          "miss":0
        },
        "mshr full": 0,
        "prefetch requested": 0,
        "prefetch issued": 0,
        "prefetch filled": 0,
        "prefetch useful": 0,
        "prefetch useless": 0,
        "prefetch late": 0,
        "pf_useful_at_l2_from_l1":          0,
        "pf_late_at_l2_from_l1":          0,
        "pf_useless_at_l2_from_l1":          0,
        "pf_at_l2_to_l1":          0,
        "pf_fill_this_level":          0,
        "miss latency": 0.221493,
        "cache queues": {
          "PQ_ACCESS": 0,
          "PQ_FULL": 0,
          "PQ_TO_CACHE": 0,
          "PQ_MERGED": 0,
          "RQ_ACCESS": 88361890,
          "RQ_MERGED": 0,
          "RQ_FULL": 797615,
          "WQ_ACCESS": 0,
          "WQ_MERGED": 0,
          "WQ_FULL": 0
        }
      },
      "cpu0_STLB": {
        "LOAD": {
          "hit":132,
          "miss":376538
        },
        "RFO": {
          "hit":0,
          "miss":0
        },
        "PREFETCH": {
          "hit":0,
          "miss":0
        },
        "WRITE": {
          "hit":0,
          "miss":0
        },
        "TRANSLATION": {
          "hit":0,
          "miss":0
        },
        "mshr full": 0,
        "prefetch requested": 0,
        "prefetch issued": 0,
        "prefetch filled": 0,
        "prefetch useful": 0,
        "prefetch useless": 0,
        "prefetch late": 0,
        "pf_useful_at_l2_from_l1":          0,
        "pf_late_at_l2_from_l1":          0,
        "pf_useless_at_l2_from_l1":          0,
        "pf_at_l2_to_l1":          0,
        "pf_fill_this_level":          0,
        "miss latency": 3.0152,
        "cache queues": {
          "PQ_ACCESS": 0,
          "PQ_FULL": 0,
          "PQ_TO_CACHE": 0,
          "PQ_MERGED": 0,
          "RQ_ACCESS": 376670,
          "RQ_MERGED": 0,
          "RQ_FULL": 0,
          "WQ_ACCESS": 0,
          "WQ_MERGED": 0,
          "WQ_FULL": 0
        }
      },
      "cpu0_L1D": {
        "LOAD": {
          "hit":45088975,
          "miss":17876664
        },
        "RFO": {
          "hit":0,
          "miss":0
        },
        "PREFETCH": {
          "hit":667224,
          "miss":2304045
        },
        "WRITE": {
          "hit":21049860,
          "miss":3727725
        },
        "TRANSLATION": {
          "hit":367811,
          "miss":9487
        },
        "mshr full": 28308349,
        "prefetch requested": 2971346,
        "prefetch issued": 2971346,
        "prefetch filled": 703194,
        "prefetch useful": 1049307,
        "prefetch useless": 63460,
        "prefetch late": 409599,
        "pf_useful_at_l2_from_l1":          0,
        "pf_late_at_l2_from_l1":          0,
        "pf_useless_at_l2_from_l1":          0,
        "pf_at_l2_to_l1":        444,
        "pf_fill_this_level":     698986,
        "miss latency": 4.50994,
        "cache queues": {
          "PQ_ACCESS": 2971346,
          "PQ_FULL": 0,
          "PQ_TO_CACHE": 2971346,
          "PQ_MERGED": 77,
          "RQ_ACCESS": 79489184,
          "RQ_MERGED": 32507,
          "RQ_FULL": 16491039,
          "WQ_ACCESS": 25111504,
          "WQ_MERGED": 0,
          "WQ_FULL": 333916
        }
      },
      "cpu0_L2C": {
        "LOAD": {
          "hit":31395,
          "miss":2207997
        },
        "RFO": {
          "hit":1,
          "miss":494070
        },
        "PREFETCH": {
          "hit":101400,
          "miss":1092492
        },
        "WRITE": {
          "hit":1178039,
          "miss":0
        },
        "TRANSLATION": {
          "hit":7838,
          "miss":1649
        },
        "mshr full": 3444,
        "prefetch requested": 0,
        "prefetch issued": 0,
        "prefetch filled": 1083381,
        "prefetch useful": 0,
        "prefetch useless": 0,
        "prefetch late": 0,
        "pf_useful_at_l2_from_l1":      31189,
        "pf_late_at_l2_from_l1":       1773,
        "pf_useless_at_l2_from_l1":       5315,
        "pf_at_l2_to_l1":      28145,
        "pf_fill_this_level":      62875,
        "miss latency": 31.9421,
        "cache queues": {
          "PQ_ACCESS": 1194608,
          "PQ_FULL": 650,
          "PQ_TO_CACHE": 1193958,
          "PQ_MERGED": 66,
          "RQ_ACCESS": 2742950,
          "RQ_MERGED": 0,
          "RQ_FULL": 0,
          "WQ_ACCESS": 1178043,
          "WQ_MERGED": 0,
          "WQ_FULL": 0
        }
      },
      "LLC": {
        "LOAD": {
          "hit": [490],
          "miss": [2205734]
        },
        "RFO": {
          "hit": [154],
          "miss": [493916]
        },
        "PREFETCH": {
          "hit": [1167],
          "miss": [1083987]
        },
        "WRITE": {
          "hit": [1180789],
          "miss": [0]
        },
        "TRANSLATION": {
          "hit": [38],
          "miss": [1611]
        },
        "mshr full": 0,
        "prefetch requested": 0,
        "prefetch issued": 0,
        "prefetch filled": 1083987,
        "prefetch useful": 0,
        "prefetch useless": 0,
        "prefetch late": 0,
        "pf_useful_at_l2_from_l1":          0,
        "pf_late_at_l2_from_l1":          0,
        "pf_useless_at_l2_from_l1":          0,
        "pf_at_l2_to_l1":          1,
        "pf_fill_this_level":          0,
        "miss latency": 30.1807,
        "cache queues": {
          "PQ_ACCESS": 1085154,
          "PQ_FULL": 0,
          "PQ_TO_CACHE": 1085154,
          "PQ_MERGED": 0,
          "RQ_ACCESS": 2701943,
          "RQ_MERGED": 0,
          "RQ_FULL": 0,
          "WQ_ACCESS": 1180795,
          "WQ_MERGED": 0,
          "WQ_FULL": 0
        }
      },
      "DRAM": [
        {
          "RQ ROW_BUFFER_HIT": 1552527,
          "RQ ROW_BUFFER_MISS": 2232709,
          "PQ FULL": 0,
          "WQ ROW_BUFFER_HIT": 161230,
          "WQ ROW_BUFFER_MISS": 1029755,
          "WQ FULL": 0,
          "AVG DBUS CONGESTED CYCLE": 3.94173
        }
      ]

    },
    "sim": {
      "cores": [
        {
          "instructions": 200000001,
          "cycles": 248475918,
          "Avg ROB occupancy at mispredict": 103.635, 
          "mispredict": {
            "BRANCH_DIRECT_JUMP": 7,
            "BRANCH_INDIRECT": 0,
            "BRANCH_CONDITIONAL": 3115261,
            "BRANCH_DIRECT_CALL": 16,
            "BRANCH_INDIRECT_CALL": 0,
            "BRANCH_RETURN": 281846
          }
        }
      ],
      "cpu0_L1I": {
        "LOAD": {
          "hit":26,
          "miss":78
        },
        "RFO": {
          "hit":0,
          "miss":0
        },
        "PREFETCH": {
          "hit":0,
          "miss":0
        },
        "WRITE": {
          "hit":0,
          "miss":0
        },
        "TRANSLATION": {
          "hit":0,
          "miss":0
        },
        "mshr full": 0,
        "prefetch requested": 0,
        "prefetch issued": 0,
        "prefetch filled": 0,
        "prefetch useful": 0,
        "prefetch useless": 0,
        "prefetch late": 0,
        "pf_useful_at_l2_from_l1":          0,
        "pf_late_at_l2_from_l1":          0,
        "pf_useless_at_l2_from_l1":          0,
        "pf_at_l2_to_l1":          0,
        "pf_fill_this_level":          0,
        "miss latency": 13.0706,
        "cache queues": {
          "PQ_ACCESS": 0,
          "PQ_FULL": 0,
          "PQ_TO_CACHE": 0,
          "PQ_MERGED": 0,
          "RQ_ACCESS": 104,
          "RQ_MERGED": 0,
          "RQ_FULL": 0,
          "WQ_ACCESS": 0,
          "WQ_MERGED": 0,
          "WQ_FULL": 0
        }
      },
      "cpu0_ITLB": {
        "LOAD": {
          "hit":82,
          "miss":13
        },
        "RFO": {
          "hit":0,
          "miss":0
        },
        "PREFETCH": {
          "hit":0,
          "miss":0
        },
        "WRITE": {
          "hit":0,
          "miss":0
        },
        "TRANSLATION": {
          "hit":0,
          "miss":0
        },
        "mshr full": 0,
        "prefetch requested": 0,
        "prefetch issued": 0,
        "prefetch filled": 0,
        "prefetch useful": 0,
        "prefetch useless": 0,
        "prefetch late": 0,
        "pf_useful_at_l2_from_l1":          0,
        "pf_late_at_l2_from_l1":          0,
        "pf_useless_at_l2_from_l1":          0,
        "pf_at_l2_to_l1":          0,
        "pf_fill_this_level":          0,
        "miss latency": 17.952,
        "cache queues": {
          "PQ_ACCESS": 0,
          "PQ_FULL": 0,
          "PQ_TO_CACHE": 0,
          "PQ_MERGED": 0,
          "RQ_ACCESS": 95,
          "RQ_MERGED": 0,
          "RQ_FULL": 0,
          "WQ_ACCESS": 0,
          "WQ_MERGED": 0,
          "WQ_FULL": 0
        }
      },
      "cpu0_DTLB": {
        "LOAD": {
          "hit":81482866,
          "miss":6081409
        },
        "RFO": {
          "hit":0,
          "miss":0
        },
        "PREFETCH": {
          "hit":0,
          "miss":0
        },
        "WRITE": {
          "hit":0,
          "miss":0
        },
        "TRANSLATION": {
          "hit":0,
          "miss":0
        },
        "mshr full": 0,
        "prefetch requested": 0,
        "prefetch issued": 0,
        "prefetch filled": 0,
        "prefetch useful": 0,
        "prefetch useless": 0,
        "prefetch late": 0,
        "pf_useful_at_l2_from_l1":          0,
        "pf_late_at_l2_from_l1":          0,
        "pf_useless_at_l2_from_l1":          0,
        "pf_at_l2_to_l1":          0,
        "pf_fill_this_level":          0,
        "miss latency": 0.221493,
        "cache queues": {
          "PQ_ACCESS": 0,
          "PQ_FULL": 0,
          "PQ_TO_CACHE": 0,
          "PQ_MERGED": 0,
          "RQ_ACCESS": 88361890,
          "RQ_MERGED": 0,
          "RQ_FULL": 797615,
          "WQ_ACCESS": 0,
          "WQ_MERGED": 0,
          "WQ_FULL": 0
        }
      },
      "cpu0_STLB": {
        "LOAD": {
          "hit":132,
          "miss":376538
        },
        "RFO": {
          "hit":0,
          "miss":0
        },
        "PREFETCH": {
          "hit":0,
          "miss":0
        },
        "WRITE": {
          "hit":0,
          "miss":0
        },
        "TRANSLATION": {
          "hit":0,
          "miss":0
        },
        "mshr full": 0,
        "prefetch requested": 0,
        "prefetch issued": 0,
        "prefetch filled": 0,
        "prefetch useful": 0,
        "prefetch useless": 0,
        "prefetch late": 0,
        "pf_useful_at_l2_from_l1":          0,
        "pf_late_at_l2_from_l1":          0,
        "pf_useless_at_l2_from_l1":          0,
        "pf_at_l2_to_l1":          0,
        "pf_fill_this_level":          0,
        "miss latency": 3.0152,
        "cache queues": {
          "PQ_ACCESS": 0,
          "PQ_FULL": 0,
          "PQ_TO_CACHE": 0,
          "PQ_MERGED": 0,
          "RQ_ACCESS": 376670,
          "RQ_MERGED": 0,
          "RQ_FULL": 0,
          "WQ_ACCESS": 0,
          "WQ_MERGED": 0,
          "WQ_FULL": 0
        }
      },
      "cpu0_L1D": {
        "LOAD": {
          "hit":45088975,
          "miss":17876664
        },
        "RFO": {
          "hit":0,
          "miss":0
        },
        "PREFETCH": {
          "hit":667224,
          "miss":2304045
        },
        "WRITE": {
          "hit":21049860,
          "miss":3727725
        },
        "TRANSLATION": {
          "hit":367811,
          "miss":9487
        },
        "mshr full": 28308349,
        "prefetch requested": 2971346,
        "prefetch issued": 2971346,
        "prefetch filled": 703194,
        "prefetch useful": 1049307,
        "prefetch useless": 63460,
        "prefetch late": 409599,
        "pf_useful_at_l2_from_l1":          0,
        "pf_late_at_l2_from_l1":          0,
        "pf_useless_at_l2_from_l1":          0,
        "pf_at_l2_to_l1":        444,
        "pf_fill_this_level":     698986,
        "miss latency": 4.50994,
        "cache queues": {
          "PQ_ACCESS": 2971346,
          "PQ_FULL": 0,
          "PQ_TO_CACHE": 2971346,
          "PQ_MERGED": 77,
          "RQ_ACCESS": 79489184,
          "RQ_MERGED": 32507,
          "RQ_FULL": 16491039,
          "WQ_ACCESS": 25111504,
          "WQ_MERGED": 0,
          "WQ_FULL": 333916
        }
      },
      "cpu0_L2C": {
        "LOAD": {
          "hit":31395,
          "miss":2207997
        },
        "RFO": {
          "hit":1,
          "miss":494070
        },
        "PREFETCH": {
          "hit":101400,
          "miss":1092492
        },
        "WRITE": {
          "hit":1178039,
          "miss":0
        },
        "TRANSLATION": {
          "hit":7838,
          "miss":1649
        },
        "mshr full": 3444,
        "prefetch requested": 0,
        "prefetch issued": 0,
        "prefetch filled": 1083381,
        "prefetch useful": 0,
        "prefetch useless": 0,
        "prefetch late": 0,
        "pf_useful_at_l2_from_l1":      31189,
        "pf_late_at_l2_from_l1":       1773,
        "pf_useless_at_l2_from_l1":       5315,
        "pf_at_l2_to_l1":      28145,
        "pf_fill_this_level":      62875,
        "miss latency": 31.9421,
        "cache queues": {
          "PQ_ACCESS": 1194608,
          "PQ_FULL": 650,
          "PQ_TO_CACHE": 1193958,
          "PQ_MERGED": 66,
          "RQ_ACCESS": 2742950,
          "RQ_MERGED": 0,
          "RQ_FULL": 0,
          "WQ_ACCESS": 1178043,
          "WQ_MERGED": 0,
          "WQ_FULL": 0
        }
      },
      "LLC": {
        "LOAD": {
          "hit": [490],
          "miss": [2205734]
        },
        "RFO": {
          "hit": [154],
          "miss": [493916]
        },
        "PREFETCH": {
          "hit": [1167],
          "miss": [1083987]
        },
        "WRITE": {
          "hit": [1180789],
          "miss": [0]
        },
        "TRANSLATION": {
          "hit": [38],
          "miss": [1611]
        },
        "mshr full": 0,
        "prefetch requested": 0,
        "prefetch issued": 0,
        "prefetch filled": 1083987,
        "prefetch useful": 0,
        "prefetch useless": 0,
        "prefetch late": 0,
        "pf_useful_at_l2_from_l1":          0,
        "pf_late_at_l2_from_l1":          0,
        "pf_useless_at_l2_from_l1":          0,
        "pf_at_l2_to_l1":          1,
        "pf_fill_this_level":          0,
        "miss latency": 30.1807,
        "cache queues": {
          "PQ_ACCESS": 1085154,
          "PQ_FULL": 0,
          "PQ_TO_CACHE": 1085154,
          "PQ_MERGED": 0,
          "RQ_ACCESS": 2701943,
          "RQ_MERGED": 0,
          "RQ_FULL": 0,
          "WQ_ACCESS": 1180795,
          "WQ_MERGED": 0,
          "WQ_FULL": 0
        }
      },
      "DRAM": [
        {
          "RQ ROW_BUFFER_HIT": 1552527,
          "RQ ROW_BUFFER_MISS": 2232709,
          "PQ FULL": 0,
          "WQ ROW_BUFFER_HIT": 161230,
          "WQ ROW_BUFFER_MISS": 1029755,
          "WQ FULL": 0,
          "AVG DBUS CONGESTED CYCLE": 3.94173
        }
      ]

    }
  }
]
cpu0_ITLB
cpu0_DTLB
cpu0_STLB
Prefetch Request to L1: 2872487, Prefetch Request to L2: 98859
Invalid by Eviction: 807224
Invalid by Max: 28847
Filter table begin
 ┌────────────────────┬─────────────┐
 | Region             | Offset      |
 ├────────────────────┼─────────────┤
 | 0x000000000002317c | 25          |
 ├────────────────────┼─────────────┤
 | 0x000000000002c6ee | 31          |
 ├────────────────────┼─────────────┤
 | 0x000000000002ccce | 31          |
 ├────────────────────┼─────────────┤
 | 0x0000000000022608 | 22          |
 ├────────────────────┼─────────────┤
 | 0x0000000000000228 | 29          |
 ├────────────────────┼─────────────┤
 | 0x00000000000225dc | 25          |
 ├────────────────────┼─────────────┤
 | 0x0000000000023aea | 31          |
 ├────────────────────┼─────────────┤
 | 0x0000000000023aeb | 7           |
 ├────────────────────┼─────────────┤
 | 0x0000000000023af9 | 11          |
 └────────────────────┴─────────────┘
Filter table end
Accumulation table begin
 ┌────────────────────┬─────────────┬─────────────┬──────────────────────────────────────────────────────────────────┐
 | Region             | Offset      | Second      | Pattern                                                          |
 ├────────────────────┼─────────────┼─────────────┼──────────────────────────────────────────────────────────────────┤
 | 0x000000000000022a | 9           | 10          | 0 0 0 0 0 0 0 0 0 1 1 1 1 1 1 0 0 0 0 0 0 0 0 0 0 0 0 0 0 0 0 0  |
 ├────────────────────┼─────────────┼─────────────┼──────────────────────────────────────────────────────────────────┤
 | 0x000000000002af75 | 29          | 30          | 0 0 0 0 0 0 0 0 0 0 0 0 0 0 0 0 0 0 0 0 0 0 0 0 0 0 0 0 0 1 1 1  |
 ├────────────────────┼─────────────┼─────────────┼──────────────────────────────────────────────────────────────────┤
 | 0x000000000001898e | 0           | 1           | 1 1 1 1 1 1 1 0 0 0 0 0 0 0 0 0 0 0 0 0 0 0 0 0 0 0 0 0 0 0 0 0  |
 ├────────────────────┼─────────────┼─────────────┼──────────────────────────────────────────────────────────────────┤
 | 0x000000000002af73 | 29          | 30          | 0 0 0 0 0 0 0 0 0 0 0 0 0 0 0 0 0 0 0 0 0 0 0 0 0 0 0 0 0 1 1 1  |
 ├────────────────────┼─────────────┼─────────────┼──────────────────────────────────────────────────────────────────┤
 | 0x000000000002af76 | 0           | 1           | 1 1 1 1 1 1 0 0 0 0 0 0 0 0 0 0 0 0 0 0 0 0 0 0 0 0 0 0 0 0 0 0  |
 ├────────────────────┼─────────────┼─────────────┼──────────────────────────────────────────────────────────────────┤
 | 0x0000000000018988 | 0           | 11          | 1 0 0 0 0 0 0 0 0 0 0 1 1 0 0 0 0 0 0 0 0 0 0 0 0 0 0 0 0 0 0 0  |
 ├────────────────────┼─────────────┼─────────────┼──────────────────────────────────────────────────────────────────┤
 | 0x0000000000018996 | 0           | 11          | 1 0 0 0 0 0 0 0 0 0 0 1 1 0 0 0 0 0 0 0 0 0 0 0 0 0 0 0 0 0 0 0  |
 ├────────────────────┼─────────────┼─────────────┼──────────────────────────────────────────────────────────────────┤
 | 0x0000000000018995 | 0           | 11          | 1 0 0 0 0 0 0 0 0 0 0 1 1 0 0 0 0 0 0 0 0 0 0 0 0 0 0 0 0 0 0 0  |
 ├────────────────────┼─────────────┼─────────────┼──────────────────────────────────────────────────────────────────┤
 | 0x000000000001898b | 0           | 11          | 1 0 0 0 0 0 0 0 0 0 0 1 1 0 0 0 0 0 0 0 0 0 0 0 0 0 0 0 0 0 0 0  |
 ├────────────────────┼─────────────┼─────────────┼──────────────────────────────────────────────────────────────────┤
 | 0x000000000001898d | 0           | 11          | 1 0 0 0 0 0 0 0 0 0 0 1 1 0 0 0 0 0 0 0 0 0 0 0 0 0 0 0 0 0 0 0  |
 ├────────────────────┼─────────────┼─────────────┼──────────────────────────────────────────────────────────────────┤
 | 0x0000000000018999 | 0           | 11          | 1 0 0 0 0 0 0 0 0 0 0 1 1 0 0 0 0 0 0 0 0 0 0 0 0 0 0 0 0 0 0 0  |
 ├────────────────────┼─────────────┼─────────────┼──────────────────────────────────────────────────────────────────┤
 | 0x0000000000018935 | 26          | 27          | 0 0 0 0 0 0 0 0 0 0 0 0 0 0 0 0 0 0 0 0 0 0 0 0 0 0 1 1 1 1 1 1  |
 ├────────────────────┼─────────────┼─────────────┼──────────────────────────────────────────────────────────────────┤
 | 0x0000000000018993 | 0           | 11          | 1 0 0 0 0 0 0 0 0 0 0 1 1 0 0 0 0 0 0 0 0 0 0 0 0 0 0 0 0 0 0 0  |
 ├────────────────────┼─────────────┼─────────────┼──────────────────────────────────────────────────────────────────┤
 | 0x0000000000018987 | 0           | 11          | 1 0 0 0 0 0 0 0 0 0 0 1 1 0 0 0 0 0 0 0 0 0 0 0 0 0 0 0 0 0 0 0  |
 ├────────────────────┼─────────────┼─────────────┼──────────────────────────────────────────────────────────────────┤
 | 0x0000000000018992 | 0           | 11          | 1 0 0 0 0 0 0 0 0 0 0 1 1 0 0 0 0 0 0 0 0 0 0 0 0 0 0 0 0 0 0 0  |
 ├────────────────────┼─────────────┼─────────────┼──────────────────────────────────────────────────────────────────┤
 | 0x0000000000018994 | 0           | 11          | 1 0 0 0 0 0 0 0 0 0 0 1 1 0 0 0 0 0 0 0 0 0 0 0 0 0 0 0 0 0 0 0  |
 ├────────────────────┼─────────────┼─────────────┼──────────────────────────────────────────────────────────────────┤
 | 0x0000000000018998 | 0           | 11          | 1 0 0 0 0 0 0 0 0 0 0 1 1 0 0 0 0 0 0 0 0 0 0 0 0 0 0 0 0 0 0 0  |
 ├────────────────────┼─────────────┼─────────────┼──────────────────────────────────────────────────────────────────┤
 | 0x0000000000018997 | 0           | 11          | 1 0 0 0 0 0 0 0 0 0 0 1 1 0 0 0 0 0 0 0 0 0 0 0 0 0 0 0 0 0 0 0  |
 ├────────────────────┼─────────────┼─────────────┼──────────────────────────────────────────────────────────────────┤
 | 0x000000000001898c | 0           | 11          | 1 0 0 0 0 0 0 0 0 0 0 1 1 0 0 0 0 0 0 0 0 0 0 0 0 0 0 0 0 0 0 0  |
 ├────────────────────┼─────────────┼─────────────┼──────────────────────────────────────────────────────────────────┤
 | 0x0000000000018985 | 0           | 11          | 1 0 0 0 0 0 0 0 0 0 0 1 1 0 0 0 0 0 0 0 0 0 0 0 0 0 0 0 0 0 0 0  |
 ├────────────────────┼─────────────┼─────────────┼──────────────────────────────────────────────────────────────────┤
 | 0x000000000002af74 | 29          | 30          | 0 0 0 0 0 0 0 0 0 0 0 0 0 0 0 0 0 0 0 0 0 0 0 0 0 0 0 0 0 1 1 1  |
 ├────────────────────┼─────────────┼─────────────┼──────────────────────────────────────────────────────────────────┤
 | 0x0000000000018989 | 0           | 11          | 1 0 0 0 0 0 0 0 0 0 0 1 1 0 0 0 0 0 0 0 0 0 0 0 0 0 0 0 0 0 0 0  |
 ├────────────────────┼─────────────┼─────────────┼──────────────────────────────────────────────────────────────────┤
 | 0x00000000000188dd | 27          | 28          | 0 0 0 0 0 0 0 0 0 0 0 0 0 0 0 0 0 0 0 0 0 0 0 0 0 0 0 1 1 1 1 1  |
 ├────────────────────┼─────────────┼─────────────┼──────────────────────────────────────────────────────────────────┤
 | 0x0000000000018983 | 0           | 11          | 1 0 0 0 0 0 0 0 0 0 0 1 1 0 0 0 0 0 0 0 0 0 0 0 0 0 0 0 0 0 0 0  |
 ├────────────────────┼─────────────┼─────────────┼──────────────────────────────────────────────────────────────────┤
 | 0x000000000001898a | 0           | 11          | 1 0 0 0 0 0 0 0 0 0 0 1 1 0 0 0 0 0 0 0 0 0 0 0 0 0 0 0 0 0 0 0  |
 ├────────────────────┼─────────────┼─────────────┼──────────────────────────────────────────────────────────────────┤
 | 0x0000000000018934 | 27          | 28          | 0 0 0 0 0 0 0 0 0 0 0 0 0 0 0 0 0 0 0 0 0 0 0 0 0 0 0 1 1 1 1 1  |
 └────────────────────┴─────────────┴─────────────┴──────────────────────────────────────────────────────────────────┘
Accumulation table end
Offset pattern table begin
 ┌────────────────────┬─────────────┬──────────────────────────────────────────────────────────────────────────────────────────────────┐
 | Key                | Second      | Pattern                                                                                          |
 ├────────────────────┼─────────────┼──────────────────────────────────────────────────────────────────────────────────────────────────┤
 | 0x0000000000000000 | 1           | 18 0 0 0 0 0 0 0 0 0 0 17 17 0 0 0 0 0 0 0 0 0 0 0 0 0 0 0 0 0 0 0                               |
 ├────────────────────┼─────────────┼──────────────────────────────────────────────────────────────────────────────────────────────────┤
 | 0x0000000000000001 | 0           | 20 20 20 20 20 20 20 20 20 20 20 20 20 20 20 20 20 20 20 20 20 20 19 15 15 15 15 15 15 15 15 19  |
 ├────────────────────┼─────────────┼──────────────────────────────────────────────────────────────────────────────────────────────────┤
 | 0x0000000000000002 | 3           | 27 27 26 0 0 0 0 0 0 0 0 0 0 0 0 0 0 0 0 0 0 0 0 0 0 0 0 0 0 0 0 0                               |
 ├────────────────────┼─────────────┼──────────────────────────────────────────────────────────────────────────────────────────────────┤
 | 0x0000000000000003 | 4           | 27 27 0 0 0 0 0 0 0 0 0 0 0 0 0 0 0 0 0 0 0 0 0 0 0 0 0 0 0 0 0 26                               |
 ├────────────────────┼─────────────┼──────────────────────────────────────────────────────────────────────────────────────────────────┤
 | 0x0000000000000004 | 5           | 19 17 17 16 8 8 7 7 7 7 7 7 7 7 7 7 7 7 7 7 7 7 7 6 6 6 6 6 6 6 8 8                              |
 ├────────────────────┼─────────────┼──────────────────────────────────────────────────────────────────────────────────────────────────┤
 | 0x0000000000000005 | 6           | 20 20 0 0 0 0 0 0 0 0 0 0 0 0 0 0 0 0 0 0 0 0 0 0 0 0 0 0 0 0 0 0                                |
 ├────────────────────┼─────────────┼──────────────────────────────────────────────────────────────────────────────────────────────────┤
 | 0x0000000000000006 | 7           | 20 20 1 1 1 1 1 1 1 1 1 1 1 1 1 1 1 1 1 1 1 1 1 1 1 1 0 0 0 0 0 0                                |
 ├────────────────────┼─────────────┼──────────────────────────────────────────────────────────────────────────────────────────────────┤
 | 0x0000000000000007 | 0           | 30 30 29 29 29 29 29 29 29 29 29 29 29 29 29 29 29 29 29 29 29 29 29 29 29 0 0 0 0 0 0 0         |
 ├────────────────────┼─────────────┼──────────────────────────────────────────────────────────────────────────────────────────────────┤
 | 0x0000000000000008 | 9           | 20 6 6 6 6 6 6 6 6 6 6 6 6 6 6 6 6 6 6 6 6 6 6 6 0 0 0 0 0 0 13 13                               |
 ├────────────────────┼─────────────┼──────────────────────────────────────────────────────────────────────────────────────────────────┤
 | 0x0000000000000009 | 10          | 17 16 2 2 2 2 0 0 0 0 0 0 0 0 0 0 0 0 0 0 0 0 0 0 0 0 0 0 0 0 0 0                                |
 ├────────────────────┼─────────────┼──────────────────────────────────────────────────────────────────────────────────────────────────┤
 | 0x000000000000000a | 8           | 29 28 0 0 0 0 0 0 2 2 2 0 0 0 0 0 0 0 0 0 0 0 0 0 0 0 0 0 0 0 0 0                                |
 ├────────────────────┼─────────────┼──────────────────────────────────────────────────────────────────────────────────────────────────┤
 | 0x000000000000000b | 12          | 25 23 7 7 7 7 7 9 25 22 22 17 7 7 7 7 6 6 6 6 6 0 0 0 0 0 0 0 0 0 0 0                            |
 ├────────────────────┼─────────────┼──────────────────────────────────────────────────────────────────────────────────────────────────┤
 | 0x000000000000000c | 13          | 27 18 2 2 2 2 2 7 23 12 9 7 7 7 6 5 5 5 5 5 0 0 0 0 0 0 0 0 0 0 0 0                              |
 ├────────────────────┼─────────────┼──────────────────────────────────────────────────────────────────────────────────────────────────┤
 | 0x000000000000000d | 11          | 29 28 28 28 28 28 28 28 28 28 28 28 28 14 0 0 0 0 0 0 0 0 0 0 0 0 0 0 0 0 0 0                    |
 ├────────────────────┼─────────────┼──────────────────────────────────────────────────────────────────────────────────────────────────┤
 | 0x000000000000000e | 15          | 19 18 18 18 18 18 18 18 18 18 18 18 18 0 0 0 0 0 0 0 0 0 0 0 0 0 0 0 0 0 0 0                     |
 ├────────────────────┼─────────────┼──────────────────────────────────────────────────────────────────────────────────────────────────┤
 | 0x000000000000000f | 16          | 28 25 14 14 14 14 14 16 28 28 28 28 28 28 19 19 19 0 0 0 0 0 0 0 0 0 0 0 0 0 0 0                 |
 ├────────────────────┼─────────────┼──────────────────────────────────────────────────────────────────────────────────────────────────┤
 | 0x0000000000000010 | 17          | 17 16 16 16 16 16 16 16 14 11 10 8 4 0 0 0 0 0 0 0 0 0 0 0 0 0 0 0 0 0 0 0                       |
 ├────────────────────┼─────────────┼──────────────────────────────────────────────────────────────────────────────────────────────────┤
 | 0x0000000000000011 | 18          | 27 26 26 26 26 26 26 26 21 17 17 11 0 0 0 0 0 0 0 0 0 0 0 0 0 0 0 0 0 0 0 0                      |
 ├────────────────────┼─────────────┼──────────────────────────────────────────────────────────────────────────────────────────────────┤
 | 0x0000000000000012 | 19          | 25 24 24 24 24 24 24 24 24 9 5 0 0 0 0 0 0 0 0 0 0 0 0 0 0 0 0 0 0 0 0 0                         |
 ├────────────────────┼─────────────┼──────────────────────────────────────────────────────────────────────────────────────────────────┤
 | 0x0000000000000013 | 20          | 20 18 9 5 4 4 3 3 2 2 2 2 2 0 0 0 0 0 0 0 0 0 0 0 0 0 1 0 0 1 1 1                                |
 ├────────────────────┼─────────────┼──────────────────────────────────────────────────────────────────────────────────────────────────┤
 | 0x0000000000000014 | 21          | 16 15 13 11 10 10 10 8 8 7 7 7 0 0 0 0 0 0 0 0 0 0 0 0 0 0 1 1 0 0 1 1                           |
 ├────────────────────┼─────────────┼──────────────────────────────────────────────────────────────────────────────────────────────────┤
 | 0x0000000000000015 | 22          | 16 15 11 6 5 4 4 3 2 2 2 0 0 0 0 0 0 0 0 0 0 0 0 0 0 0 1 0 0 0 1 1                               |
 ├────────────────────┼─────────────┼──────────────────────────────────────────────────────────────────────────────────────────────────┤
 | 0x0000000000000016 | 23          | 17 16 13 13 12 12 12 12 12 12 0 0 0 0 0 0 0 0 0 0 0 0 0 0 0 0 2 2 0 0 0 0                        |
 ├────────────────────┼─────────────┼──────────────────────────────────────────────────────────────────────────────────────────────────┤
 | 0x0000000000000017 | 24          | 28 26 24 22 22 22 22 22 22 0 0 0 0 0 0 0 0 0 0 0 0 0 0 0 0 1 5 3 1 4 6 8                         |
 ├────────────────────┼─────────────┼──────────────────────────────────────────────────────────────────────────────────────────────────┤
 | 0x0000000000000018 | 23          | 22 21 21 14 3 3 3 3 0 0 0 0 0 0 0 0 0 0 0 0 0 0 0 0 0 0 0 0 0 0 0 0                              |
 ├────────────────────┼─────────────┼──────────────────────────────────────────────────────────────────────────────────────────────────┤
 | 0x0000000000000019 | 26          | 17 16 12 5 4 0 0 0 0 0 0 0 0 0 0 0 0 0 0 0 0 0 0 0 0 0 0 0 0 0 0 0                               |
 ├────────────────────┼─────────────┼──────────────────────────────────────────────────────────────────────────────────────────────────┤
 | 0x000000000000001a | 27          | 31 30 20 14 10 10 0 0 0 0 0 0 0 0 0 0 0 0 0 0 0 0 0 0 0 0 0 0 0 0 0 0                            |
 ├────────────────────┼─────────────┼──────────────────────────────────────────────────────────────────────────────────────────────────┤
 | 0x000000000000001b | 28          | 26 25 25 16 14 0 0 0 0 0 0 0 0 0 0 0 0 0 0 0 0 0 0 0 0 0 0 0 0 0 0 0                             |
 ├────────────────────┼─────────────┼──────────────────────────────────────────────────────────────────────────────────────────────────┤
 | 0x000000000000001c | 29          | 17 17 16 16 0 0 0 0 0 0 0 0 0 0 0 0 0 0 0 0 0 0 0 0 0 0 0 0 0 0 0 0                              |
 ├────────────────────┼─────────────┼──────────────────────────────────────────────────────────────────────────────────────────────────┤
 | 0x000000000000001d | 30          | 31 30 30 0 0 0 0 0 0 0 0 0 0 0 0 0 0 0 0 0 0 0 0 0 0 0 0 0 0 0 0 0                               |
 ├────────────────────┼─────────────┼──────────────────────────────────────────────────────────────────────────────────────────────────┤
 | 0x000000000000001e | 31          | 21 21 0 0 0 0 0 0 0 0 0 0 0 0 0 0 0 0 0 0 0 0 0 0 0 0 0 0 0 0 0 0                                |
 ├────────────────────┼─────────────┼──────────────────────────────────────────────────────────────────────────────────────────────────┤
 | 0x000000000000001f | 30          | 5 0 0 0 0 0 0 0 0 0 0 0 0 0 0 0 0 0 0 0 0 0 0 0 0 0 0 0 5 0 0 4                                  |
 └────────────────────┴─────────────┴──────────────────────────────────────────────────────────────────────────────────────────────────┘
Offset pattern table end
PC pattern table begin
 ┌────────────────────┬─────────────┬──────────────────────────────────────────────────┐
 | Key                | Second      | Pattern                                          |
 ├────────────────────┼─────────────┼──────────────────────────────────────────────────┤
 | 0x0000000000000000 | 3           | 29 28 28 28 28 28 28 28 28 28 28 28 28 28 29 28  |
 ├────────────────────┼─────────────┼──────────────────────────────────────────────────┤
 | 0x0000000000000001 | 8           | 6 0 0 0 0 0 0 0 0 0 0 0 0 0 0 6                  |
 ├────────────────────┼─────────────┼──────────────────────────────────────────────────┤
 | 0x0000000000000002 | 15          | 2 1 1 0 0 0 0 0 0 0 0 0 0 1 1 2                  |
 ├────────────────────┼─────────────┼──────────────────────────────────────────────────┤
 | 0x0000000000000003 | 1           | 20 20 20 20 20 20 20 20 20 20 20 20 20 20 20 20  |
 ├────────────────────┼─────────────┼──────────────────────────────────────────────────┤
 | 0x0000000000000005 | 1           | 27 23 14 13 13 9 6 6 6 4 0 0 0 1 1 1             |
 ├────────────────────┼─────────────┼──────────────────────────────────────────────────┤
 | 0x0000000000000006 | 1           | 30 29 27 28 26 21 20 20 20 18 5 0 0 1 1 4        |
 ├────────────────────┼─────────────┼──────────────────────────────────────────────────┤
 | 0x0000000000000007 | 9           | 28 22 6 6 6 6 6 6 6 6 6 6 6 0 0 0                |
 ├────────────────────┼─────────────┼──────────────────────────────────────────────────┤
 | 0x0000000000000008 | 5           | 21 20 20 20 20 20 20 20 20 20 20 20 20 19 19 19  |
 ├────────────────────┼─────────────┼──────────────────────────────────────────────────┤
 | 0x0000000000000009 | 11          | 1 0 0 0 0 0 0 0 0 0 0 0 0 0 0 1                  |
 ├────────────────────┼─────────────┼──────────────────────────────────────────────────┤
 | 0x000000000000000b | 2           | 28 0 0 0 0 27 27 0 0 0 0 0 0 0 0 0               |
 ├────────────────────┼─────────────┼──────────────────────────────────────────────────┤
 | 0x000000000000000c | 7           | 28 27 0 0 0 0 0 0 0 0 0 0 0 0 0 0                |
 ├────────────────────┼─────────────┼──────────────────────────────────────────────────┤
 | 0x000000000000000d | 1           | 23 23 22 22 22 22 22 22 22 22 22 22 21 21 22 22  |
 ├────────────────────┼─────────────┼──────────────────────────────────────────────────┤
 | 0x000000000000000e | 10          | 16 16 16 16 1 1 0 0 0 0 0 0 0 0 0 0              |
 ├────────────────────┼─────────────┼──────────────────────────────────────────────────┤
 | 0x0000000000000010 | 27          | 21 20 0 0 0 0 0 0 0 0 0 0 0 0 0 0                |
 ├────────────────────┼─────────────┼──────────────────────────────────────────────────┤
 | 0x0000000000000011 | 10          | 18 13 3 2 2 2 2 0 0 0 0 0 0 0 0 2                |
 ├────────────────────┼─────────────┼──────────────────────────────────────────────────┤
 | 0x0000000000000013 | 2           | 23 20 9 8 6 4 1 0 0 0 0 0 2 3 1 4                |
 ├────────────────────┼─────────────┼──────────────────────────────────────────────────┤
 | 0x0000000000000014 | 1           | 21 21 21 21 21 21 20 0 0 0 0 0 0 0 0 0           |
 ├────────────────────┼─────────────┼──────────────────────────────────────────────────┤
 | 0x0000000000000015 | 8           | 6 3 0 0 0 0 0 0 0 0 0 0 0 0 0 3                  |
 ├────────────────────┼─────────────┼──────────────────────────────────────────────────┤
 | 0x0000000000000016 | 8           | 27 25 20 13 12 9 9 5 1 0 0 0 0 0 0 0             |
 ├────────────────────┼─────────────┼──────────────────────────────────────────────────┤
 | 0x0000000000000018 | 2           | 17 16 16 16 16 16 16 16 16 7 0 0 0 0 0 0         |
 ├────────────────────┼─────────────┼──────────────────────────────────────────────────┤
 | 0x0000000000000019 | 8           | 28 27 0 0 0 0 0 0 0 0 0 0 0 0 0 0                |
 ├────────────────────┼─────────────┼──────────────────────────────────────────────────┤
 | 0x000000000000001a | 1           | 27 27 27 27 27 27 27 27 27 25 25 25 25 25 25 25  |
 ├────────────────────┼─────────────┼──────────────────────────────────────────────────┤
 | 0x000000000000001b | 24          | 29 28 28 28 28 28 28 26 26 26 26 26 26 26 26 26  |
 ├────────────────────┼─────────────┼──────────────────────────────────────────────────┤
 | 0x000000000000001c | 6           | 25 24 0 0 0 0 0 0 0 0 0 0 0 0 0 0                |
 ├────────────────────┼─────────────┼──────────────────────────────────────────────────┤
 | 0x000000000000001d | 22          | 16 15 3 2 2 2 2 2 1 1 0 0 0 3 0 0                |
 ├────────────────────┼─────────────┼──────────────────────────────────────────────────┤
 | 0x000000000000001f | 1           | 18 17 8 7 7 6 4 3 3 1 0 0 0 0 0 0                |
 └────────────────────┴─────────────┴──────────────────────────────────────────────────┘
PC pattern table end
Prefetch buffer begin
 ┌────────────────────┬──────────────────────────────────────────────────────────────────┐
 | Region             | Pattern                                                          |
 ├────────────────────┼──────────────────────────────────────────────────────────────────┤
 | 0x0000000000023b14 | 0 0 0 0 0 0 0 0 0 1 1 0 0 1 1 1 1 1 2 2 0 0 0 0 0 0 0 0 0 0 0 0  |
 ├────────────────────┼──────────────────────────────────────────────────────────────────┤
 | 0x0000000000023b27 | 0 0 0 0 0 0 0 0 0 2 2 0 0 2 2 2 2 2 2 0 0 0 0 0 0 0 0 0 0 0 0 0  |
 ├────────────────────┼──────────────────────────────────────────────────────────────────┤
 | 0x0000000000023b22 | 0 0 0 0 0 0 0 0 0 2 2 0 0 2 2 2 2 2 2 0 0 0 0 0 0 0 0 0 0 0 0 0  |
 ├────────────────────┼──────────────────────────────────────────────────────────────────┤
 | 0x0000000000023b1b | 0 0 0 0 0 0 0 0 0 2 2 0 0 2 2 2 2 2 2 2 0 0 0 0 0 0 0 0 0 0 0 0  |
 ├────────────────────┼──────────────────────────────────────────────────────────────────┤
 | 0x0000000000023b28 | 0 0 0 0 0 0 0 0 0 2 2 0 0 2 2 2 2 2 2 0 0 0 0 0 0 0 0 0 0 0 0 0  |
 ├────────────────────┼──────────────────────────────────────────────────────────────────┤
 | 0x0000000000023b1e | 0 0 0 0 0 0 0 0 0 2 2 0 0 2 2 2 2 2 2 2 0 0 0 0 0 0 0 0 0 0 0 0  |
 ├────────────────────┼──────────────────────────────────────────────────────────────────┤
 | 0x0000000000023b2c | 0 0 0 0 0 0 0 0 0 2 2 0 0 2 2 2 2 2 2 0 0 0 0 0 0 0 0 0 0 0 0 0  |
 ├────────────────────┼──────────────────────────────────────────────────────────────────┤
 | 0x0000000000023b1f | 0 2 2 2 2 2 2 2 2 2 2 0 0 2 2 2 2 2 2 2 0 0 0 0 0 0 0 0 0 0 0 0  |
 ├────────────────────┼──────────────────────────────────────────────────────────────────┤
 | 0x0000000000023b26 | 0 0 0 0 0 0 0 0 0 2 2 0 0 2 2 2 2 2 2 0 0 0 0 0 0 0 0 0 0 0 0 0  |
 ├────────────────────┼──────────────────────────────────────────────────────────────────┤
 | 0x0000000000023b29 | 0 0 0 0 0 0 0 0 0 2 2 0 0 2 2 2 2 2 2 0 0 0 0 0 0 0 0 0 0 0 0 0  |
 ├────────────────────┼──────────────────────────────────────────────────────────────────┤
 | 0x0000000000023b23 | 0 0 0 0 0 0 0 0 0 2 2 0 0 2 2 2 2 2 2 0 0 0 0 0 0 0 0 0 0 0 0 0  |
 ├────────────────────┼──────────────────────────────────────────────────────────────────┤
 | 0x0000000000023b2a | 0 0 0 0 0 0 0 0 0 2 2 0 0 2 2 2 2 2 2 0 0 0 0 0 0 0 0 0 0 0 0 0  |
 ├────────────────────┼──────────────────────────────────────────────────────────────────┤
 | 0x0000000000023b31 | 0 0 0 0 0 0 0 0 0 2 2 0 0 2 2 2 2 2 0 0 0 0 0 0 0 0 0 0 0 0 0 0  |
 ├────────────────────┼──────────────────────────────────────────────────────────────────┤
 | 0x0000000000023b1c | 0 0 0 0 0 2 2 2 2 2 2 0 0 2 2 2 2 2 2 2 0 0 0 0 0 0 0 0 0 0 0 0  |
 ├────────────────────┼──────────────────────────────────────────────────────────────────┤
 | 0x0000000000023b25 | 0 0 0 0 0 0 0 0 0 2 2 0 0 2 2 2 2 2 2 0 0 0 0 0 0 0 0 0 0 0 0 0  |
 ├────────────────────┼──────────────────────────────────────────────────────────────────┤
 | 0x0000000000023b20 | 0 0 0 0 0 0 0 0 0 2 2 0 0 2 2 2 2 2 2 2 0 0 0 0 0 0 0 0 0 0 0 0  |
 ├────────────────────┼──────────────────────────────────────────────────────────────────┤
 | 0x0000000000023b19 | 0 0 0 0 0 0 0 0 0 2 2 0 0 2 2 2 2 2 2 2 0 0 0 0 0 0 0 0 0 0 0 0  |
 ├────────────────────┼──────────────────────────────────────────────────────────────────┤
 | 0x0000000000023b30 | 0 0 0 0 0 0 2 2 2 2 2 0 0 2 2 2 2 2 0 0 0 0 0 0 0 0 0 0 0 0 0 0  |
 ├────────────────────┼──────────────────────────────────────────────────────────────────┤
 | 0x0000000000023b18 | 0 0 0 1 1 1 1 1 1 1 1 0 0 1 1 1 1 2 2 2 0 0 0 0 0 0 0 0 0 0 0 0  |
 ├────────────────────┼──────────────────────────────────────────────────────────────────┤
 | 0x0000000000023b2b | 0 0 0 0 0 0 0 0 0 2 2 0 0 2 2 2 2 2 2 0 0 0 0 0 0 0 0 0 0 0 0 0  |
 ├────────────────────┼──────────────────────────────────────────────────────────────────┤
 | 0x0000000000023b1d | 0 0 0 0 0 0 0 0 0 0 0 0 0 0 0 0 0 0 0 2 0 0 0 0 0 0 0 0 0 0 0 0  |
 ├────────────────────┼──────────────────────────────────────────────────────────────────┤
 | 0x0000000000023b21 | 0 0 0 0 0 0 0 0 0 2 2 0 0 2 2 2 2 2 2 0 0 0 0 0 0 0 0 0 0 0 0 0  |
 ├────────────────────┼──────────────────────────────────────────────────────────────────┤
 | 0x0000000000023b24 | 0 0 0 0 0 0 0 0 0 2 2 0 0 2 2 2 2 2 2 0 0 0 0 0 0 0 0 0 0 0 0 0  |
 └────────────────────┴──────────────────────────────────────────────────────────────────┘
Prefetch buffer end
Filter by PPT: 0
cpu0_L2C
Num Con Filled: 0
Num Con Useful: 0 Useless:0 Accuracy: nan
LLC
