41 41 41
Available num physical pages: 35184372088576
WARNING: physical memory size is smaller than virtual memory size

*** ChampSim Multicore Out-of-Order Simulator ***

Warmup Instructions: 5000000
Simulation Instructions: 200000000
Number of CPUs: 1
Page size: 4096

Basic BTB sets: 1024 ways: 8 indirect buffer size: 4096 RAS size: 64
cpu0_L1D PMP prefetcher
Off-chip DRAM Size: 4 GiB Channels: 1 Width: 64-bit Data Rate: 3200 MT/s
Max paddr 2M
Warmup finished CPU 0 instructions: 5000001 cycles: 1250213 cumulative IPC: 3.99932 (Simulation time: 0 hr 2 min 15 sec) 

Warmup complete CPU 0 instructions: 5000001 cycles: 1250213 (Simulation time: 0 hr 2 min 15 sec) 

Heartbeat CPU 0 instructions: 10000001 cycles: 3663844 heartbeat IPC: 2.72938 cumulative IPC: 2.07157 (Simulation time: 0 hr 5 min 7 sec) 
Heartbeat CPU 0 instructions: 20000000 cycles: 8013195 heartbeat IPC: 2.2992 cumulative IPC: 2.21796 (Simulation time: 0 hr 12 min 27 sec) 
Heartbeat CPU 0 instructions: 30000003 cycles: 11538432 heartbeat IPC: 2.83669 cumulative IPC: 2.42997 (Simulation time: 0 hr 21 min 10 sec) 
Heartbeat CPU 0 instructions: 40000002 cycles: 15833481 heartbeat IPC: 2.32827 cumulative IPC: 2.40002 (Simulation time: 0 hr 29 min 11 sec) 
Heartbeat CPU 0 instructions: 50000000 cycles: 19262654 heartbeat IPC: 2.91616 cumulative IPC: 2.49828 (Simulation time: 0 hr 36 min 27 sec) 
Heartbeat CPU 0 instructions: 60000000 cycles: 22286617 heartbeat IPC: 3.30692 cumulative IPC: 2.61452 (Simulation time: 0 hr 42 min 32 sec) 
Heartbeat CPU 0 instructions: 70000001 cycles: 25323064 heartbeat IPC: 3.29333 cumulative IPC: 2.70014 (Simulation time: 0 hr 48 min 43 sec) 
Heartbeat CPU 0 instructions: 80000001 cycles: 28960268 heartbeat IPC: 2.74937 cumulative IPC: 2.7066 (Simulation time: 0 hr 56 min 52 sec) 
Heartbeat CPU 0 instructions: 90000000 cycles: 34288042 heartbeat IPC: 1.87696 cumulative IPC: 2.57281 (Simulation time: 1 hr 5 min 27 sec) 
Heartbeat CPU 0 instructions: 100000000 cycles: 39545559 heartbeat IPC: 1.90204 cumulative IPC: 2.48072 (Simulation time: 1 hr 12 min 40 sec) 
Heartbeat CPU 0 instructions: 110000004 cycles: 45040039 heartbeat IPC: 1.82001 cumulative IPC: 2.39782 (Simulation time: 1 hr 19 min 50 sec) 
Heartbeat CPU 0 instructions: 120000002 cycles: 50486471 heartbeat IPC: 1.83607 cumulative IPC: 2.33568 (Simulation time: 1 hr 26 min 46 sec) 
Heartbeat CPU 0 instructions: 130000000 cycles: 56092183 heartbeat IPC: 1.7839 cumulative IPC: 2.27928 (Simulation time: 1 hr 33 min 51 sec) 
Heartbeat CPU 0 instructions: 140000000 cycles: 61696395 heartbeat IPC: 1.78438 cumulative IPC: 2.2334 (Simulation time: 1 hr 40 min 46 sec) 
Heartbeat CPU 0 instructions: 150000004 cycles: 67186466 heartbeat IPC: 1.82148 cumulative IPC: 2.1991 (Simulation time: 1 hr 47 min 46 sec) 
Heartbeat CPU 0 instructions: 160000000 cycles: 72651757 heartbeat IPC: 1.82973 cumulative IPC: 2.17083 (Simulation time: 1 hr 54 min 37 sec) 
Heartbeat CPU 0 instructions: 170000002 cycles: 78525851 heartbeat IPC: 1.7024 cumulative IPC: 2.13522 (Simulation time: 2 hr 0 min 51 sec) 
Heartbeat CPU 0 instructions: 180000001 cycles: 84029161 heartbeat IPC: 1.81709 cumulative IPC: 2.11407 (Simulation time: 2 hr 6 min 27 sec) 
Heartbeat CPU 0 instructions: 190000003 cycles: 88874537 heartbeat IPC: 2.06383 cumulative IPC: 2.11129 (Simulation time: 2 hr 11 min 52 sec) 
Heartbeat CPU 0 instructions: 200000002 cycles: 93335705 heartbeat IPC: 2.24157 cumulative IPC: 2.1176 (Simulation time: 2 hr 15 min 35 sec) 
Max paddr 5M
Simulation finished CPU 0 instructions: 200000000 cycles: 94521367 cumulative IPC: 2.11593 (Simulation time: 2 hr 17 min 22 sec) 

Simulation complete CPU 0 instructions: 200000000 cycles: 94521367 (Simulation time: 2 hr 17 min 22 sec) 


ChampSim completed all CPUs

[
  {
    "name": "Simulation",
    "traces": [
      "../traces/401.bzip2-38B.champsimtrace.xz"
    ],
    "roi": {
      "cores": [
        {
          "instructions": 200000000,
          "cycles": 94521367,
          "Avg ROB occupancy at mispredict": 29.9604, 
          "mispredict": {
            "BRANCH_DIRECT_JUMP": 30626,
            "BRANCH_INDIRECT": 0,
            "BRANCH_CONDITIONAL": 2679460,
            "BRANCH_DIRECT_CALL": 93,
            "BRANCH_INDIRECT_CALL": 0,
            "BRANCH_RETURN": 98
          }
        }
      ],
      "cpu0_L1I": {
        "LOAD": {
          "hit":2949903,
          "miss":414
        },
        "RFO": {
          "hit":0,
          "miss":0
        },
        "PREFETCH": {
          "hit":0,
          "miss":0
        },
        "WRITE": {
          "hit":0,
          "miss":0
        },
        "TRANSLATION": {
          "hit":0,
          "miss":0
        },
        "mshr full": 0,
        "prefetch requested": 0,
        "prefetch issued": 0,
        "prefetch filled": 0,
        "prefetch useful": 0,
        "prefetch useless": 0,
        "prefetch late": 0,
        "pf_useful_at_l2_from_l1":          0,
        "pf_late_at_l2_from_l1":          0,
        "pf_useless_at_l2_from_l1":          0,
        "pf_at_l2_to_l1":          0,
        "pf_fill_this_level":          0,
        "miss latency": 11.2973,
        "cache queues": {
          "PQ_ACCESS": 0,
          "PQ_FULL": 0,
          "PQ_TO_CACHE": 0,
          "PQ_MERGED": 0,
          "RQ_ACCESS": 2959975,
          "RQ_MERGED": 9658,
          "RQ_FULL": 0,
          "WQ_ACCESS": 0,
          "WQ_MERGED": 0,
          "WQ_FULL": 0
        }
      },
      "cpu0_ITLB": {
        "LOAD": {
          "hit":2537490,
          "miss":14
        },
        "RFO": {
          "hit":0,
          "miss":0
        },
        "PREFETCH": {
          "hit":0,
          "miss":0
        },
        "WRITE": {
          "hit":0,
          "miss":0
        },
        "TRANSLATION": {
          "hit":0,
          "miss":0
        },
        "mshr full": 0,
        "prefetch requested": 0,
        "prefetch issued": 0,
        "prefetch filled": 0,
        "prefetch useful": 0,
        "prefetch useless": 0,
        "prefetch late": 0,
        "pf_useful_at_l2_from_l1":          0,
        "pf_late_at_l2_from_l1":          0,
        "pf_useless_at_l2_from_l1":          0,
        "pf_at_l2_to_l1":          0,
        "pf_fill_this_level":          0,
        "miss latency": 13.759,
        "cache queues": {
          "PQ_ACCESS": 0,
          "PQ_FULL": 0,
          "PQ_TO_CACHE": 0,
          "PQ_MERGED": 0,
          "RQ_ACCESS": 2537504,
          "RQ_MERGED": 0,
          "RQ_FULL": 0,
          "WQ_ACCESS": 0,
          "WQ_MERGED": 0,
          "WQ_FULL": 0
        }
      },
      "cpu0_DTLB": {
        "LOAD": {
          "hit":82535674,
          "miss":1139787
        },
        "RFO": {
          "hit":0,
          "miss":0
        },
        "PREFETCH": {
          "hit":0,
          "miss":0
        },
        "WRITE": {
          "hit":0,
          "miss":0
        },
        "TRANSLATION": {
          "hit":0,
          "miss":0
        },
        "mshr full": 12,
        "prefetch requested": 0,
        "prefetch issued": 0,
        "prefetch filled": 0,
        "prefetch useful": 0,
        "prefetch useless": 0,
        "prefetch late": 0,
        "pf_useful_at_l2_from_l1":          0,
        "pf_late_at_l2_from_l1":          0,
        "pf_useless_at_l2_from_l1":          0,
        "pf_at_l2_to_l1":          0,
        "pf_fill_this_level":          0,
        "miss latency": 0.37057,
        "cache queues": {
          "PQ_ACCESS": 0,
          "PQ_FULL": 0,
          "PQ_TO_CACHE": 0,
          "PQ_MERGED": 0,
          "RQ_ACCESS": 88278856,
          "RQ_MERGED": 0,
          "RQ_FULL": 4603395,
          "WQ_ACCESS": 0,
          "WQ_MERGED": 0,
          "WQ_FULL": 0
        }
      },
      "cpu0_STLB": {
        "LOAD": {
          "hit":818323,
          "miss":880
        },
        "RFO": {
          "hit":0,
          "miss":0
        },
        "PREFETCH": {
          "hit":0,
          "miss":0
        },
        "WRITE": {
          "hit":0,
          "miss":0
        },
        "TRANSLATION": {
          "hit":0,
          "miss":0
        },
        "mshr full": 0,
        "prefetch requested": 0,
        "prefetch issued": 0,
        "prefetch filled": 0,
        "prefetch useful": 0,
        "prefetch useless": 0,
        "prefetch late": 0,
        "pf_useful_at_l2_from_l1":          0,
        "pf_late_at_l2_from_l1":          0,
        "pf_useless_at_l2_from_l1":          0,
        "pf_at_l2_to_l1":          0,
        "pf_fill_this_level":          0,
        "miss latency": 13.7426,
        "cache queues": {
          "PQ_ACCESS": 0,
          "PQ_FULL": 0,
          "PQ_TO_CACHE": 0,
          "PQ_MERGED": 0,
          "RQ_ACCESS": 819202,
          "RQ_MERGED": 0,
          "RQ_FULL": 0,
          "WQ_ACCESS": 0,
          "WQ_MERGED": 0,
          "WQ_FULL": 0
        }
      },
      "cpu0_L1D": {
        "LOAD": {
          "hit":55802911,
          "miss":2598321
        },
        "RFO": {
          "hit":0,
          "miss":0
        },
        "PREFETCH": {
          "hit":462482,
          "miss":2756055
        },
        "WRITE": {
          "hit":24617849,
          "miss":1412159
        },
        "TRANSLATION": {
          "hit":558,
          "miss":326
        },
        "mshr full": 4134925,
        "prefetch requested": 3219181,
        "prefetch issued": 3219181,
        "prefetch filled": 131926,
        "prefetch useful": 105757,
        "prefetch useless": 40208,
        "prefetch late": 14034,
        "pf_useful_at_l2_from_l1":          0,
        "pf_late_at_l2_from_l1":          0,
        "pf_useless_at_l2_from_l1":          0,
        "pf_at_l2_to_l1":          8,
        "pf_fill_this_level":     131716,
        "miss latency": 2.02973,
        "cache queues": {
          "PQ_ACCESS": 3219181,
          "PQ_FULL": 0,
          "PQ_TO_CACHE": 3219181,
          "PQ_MERGED": 562,
          "RQ_ACCESS": 73622496,
          "RQ_MERGED": 1830,
          "RQ_FULL": 15219430,
          "WQ_ACCESS": 26446280,
          "WQ_MERGED": 8,
          "WQ_FULL": 416264
        }
      },
      "cpu0_L2C": {
        "LOAD": {
          "hit":1356841,
          "miss":280414
        },
        "RFO": {
          "hit":191571,
          "miss":344217
        },
        "PREFETCH": {
          "hit":2064035,
          "miss":634819
        },
        "WRITE": {
          "hit":670527,
          "miss":0
        },
        "TRANSLATION": {
          "hit":290,
          "miss":36
        },
        "mshr full": 9408,
        "prefetch requested": 0,
        "prefetch issued": 0,
        "prefetch filled": 629481,
        "prefetch useful": 0,
        "prefetch useless": 0,
        "prefetch late": 0,
        "pf_useful_at_l2_from_l1":     243198,
        "pf_late_at_l2_from_l1":       4848,
        "pf_useless_at_l2_from_l1":     292762,
        "pf_at_l2_to_l1":       5306,
        "pf_fill_this_level":     536212,
        "miss latency": 11.9825,
        "cache queues": {
          "PQ_ACCESS": 2701886,
          "PQ_FULL": 2551,
          "PQ_TO_CACHE": 2699335,
          "PQ_MERGED": 93,
          "RQ_ACCESS": 2173980,
          "RQ_MERGED": 0,
          "RQ_FULL": 0,
          "WQ_ACCESS": 670909,
          "WQ_MERGED": 0,
          "WQ_FULL": 0
        }
      },
      "LLC": {
        "LOAD": {
          "hit": [247619],
          "miss": [27959]
        },
        "RFO": {
          "hit": [255901],
          "miss": [88292]
        },
        "PREFETCH": {
          "hit": [536331],
          "miss": [97998]
        },
        "WRITE": {
          "hit": [377045],
          "miss": [0]
        },
        "TRANSLATION": {
          "hit": [3],
          "miss": [33]
        },
        "mshr full": 0,
        "prefetch requested": 0,
        "prefetch issued": 0,
        "prefetch filled": 97998,
        "prefetch useful": 0,
        "prefetch useless": 0,
        "prefetch late": 0,
        "pf_useful_at_l2_from_l1":          0,
        "pf_late_at_l2_from_l1":          0,
        "pf_useless_at_l2_from_l1":          0,
        "pf_at_l2_to_l1":      12343,
        "pf_fill_this_level":          0,
        "miss latency": 59.5294,
        "cache queues": {
          "PQ_ACCESS": 634329,
          "PQ_FULL": 0,
          "PQ_TO_CACHE": 634329,
          "PQ_MERGED": 0,
          "RQ_ACCESS": 619819,
          "RQ_MERGED": 0,
          "RQ_FULL": 0,
          "WQ_ACCESS": 377352,
          "WQ_MERGED": 0,
          "WQ_FULL": 0
        }
      },
      "DRAM": [
        {
          "RQ ROW_BUFFER_HIT": 100886,
          "RQ ROW_BUFFER_MISS": 113085,
          "PQ FULL": 0,
          "WQ ROW_BUFFER_HIT": 8945,
          "WQ ROW_BUFFER_MISS": 75332,
          "WQ FULL": 0,
          "AVG DBUS CONGESTED CYCLE": 3.96889
        }
      ]

    },
    "sim": {
      "cores": [
        {
          "instructions": 200000000,
          "cycles": 94521367,
          "Avg ROB occupancy at mispredict": 29.9604, 
          "mispredict": {
            "BRANCH_DIRECT_JUMP": 30626,
            "BRANCH_INDIRECT": 0,
            "BRANCH_CONDITIONAL": 2679460,
            "BRANCH_DIRECT_CALL": 93,
            "BRANCH_INDIRECT_CALL": 0,
            "BRANCH_RETURN": 98
          }
        }
      ],
      "cpu0_L1I": {
        "LOAD": {
          "hit":2949903,
          "miss":414
        },
        "RFO": {
          "hit":0,
          "miss":0
        },
        "PREFETCH": {
          "hit":0,
          "miss":0
        },
        "WRITE": {
          "hit":0,
          "miss":0
        },
        "TRANSLATION": {
          "hit":0,
          "miss":0
        },
        "mshr full": 0,
        "prefetch requested": 0,
        "prefetch issued": 0,
        "prefetch filled": 0,
        "prefetch useful": 0,
        "prefetch useless": 0,
        "prefetch late": 0,
        "pf_useful_at_l2_from_l1":          0,
        "pf_late_at_l2_from_l1":          0,
        "pf_useless_at_l2_from_l1":          0,
        "pf_at_l2_to_l1":          0,
        "pf_fill_this_level":          0,
        "miss latency": 11.2973,
        "cache queues": {
          "PQ_ACCESS": 0,
          "PQ_FULL": 0,
          "PQ_TO_CACHE": 0,
          "PQ_MERGED": 0,
          "RQ_ACCESS": 2959975,
          "RQ_MERGED": 9658,
          "RQ_FULL": 0,
          "WQ_ACCESS": 0,
          "WQ_MERGED": 0,
          "WQ_FULL": 0
        }
      },
      "cpu0_ITLB": {
        "LOAD": {
          "hit":2537490,
          "miss":14
        },
        "RFO": {
          "hit":0,
          "miss":0
        },
        "PREFETCH": {
          "hit":0,
          "miss":0
        },
        "WRITE": {
          "hit":0,
          "miss":0
        },
        "TRANSLATION": {
          "hit":0,
          "miss":0
        },
        "mshr full": 0,
        "prefetch requested": 0,
        "prefetch issued": 0,
        "prefetch filled": 0,
        "prefetch useful": 0,
        "prefetch useless": 0,
        "prefetch late": 0,
        "pf_useful_at_l2_from_l1":          0,
        "pf_late_at_l2_from_l1":          0,
        "pf_useless_at_l2_from_l1":          0,
        "pf_at_l2_to_l1":          0,
        "pf_fill_this_level":          0,
        "miss latency": 13.759,
        "cache queues": {
          "PQ_ACCESS": 0,
          "PQ_FULL": 0,
          "PQ_TO_CACHE": 0,
          "PQ_MERGED": 0,
          "RQ_ACCESS": 2537504,
          "RQ_MERGED": 0,
          "RQ_FULL": 0,
          "WQ_ACCESS": 0,
          "WQ_MERGED": 0,
          "WQ_FULL": 0
        }
      },
      "cpu0_DTLB": {
        "LOAD": {
          "hit":82535674,
          "miss":1139787
        },
        "RFO": {
          "hit":0,
          "miss":0
        },
        "PREFETCH": {
          "hit":0,
          "miss":0
        },
        "WRITE": {
          "hit":0,
          "miss":0
        },
        "TRANSLATION": {
          "hit":0,
          "miss":0
        },
        "mshr full": 12,
        "prefetch requested": 0,
        "prefetch issued": 0,
        "prefetch filled": 0,
        "prefetch useful": 0,
        "prefetch useless": 0,
        "prefetch late": 0,
        "pf_useful_at_l2_from_l1":          0,
        "pf_late_at_l2_from_l1":          0,
        "pf_useless_at_l2_from_l1":          0,
        "pf_at_l2_to_l1":          0,
        "pf_fill_this_level":          0,
        "miss latency": 0.37057,
        "cache queues": {
          "PQ_ACCESS": 0,
          "PQ_FULL": 0,
          "PQ_TO_CACHE": 0,
          "PQ_MERGED": 0,
          "RQ_ACCESS": 88278856,
          "RQ_MERGED": 0,
          "RQ_FULL": 4603395,
          "WQ_ACCESS": 0,
          "WQ_MERGED": 0,
          "WQ_FULL": 0
        }
      },
      "cpu0_STLB": {
        "LOAD": {
          "hit":818323,
          "miss":880
        },
        "RFO": {
          "hit":0,
          "miss":0
        },
        "PREFETCH": {
          "hit":0,
          "miss":0
        },
        "WRITE": {
          "hit":0,
          "miss":0
        },
        "TRANSLATION": {
          "hit":0,
          "miss":0
        },
        "mshr full": 0,
        "prefetch requested": 0,
        "prefetch issued": 0,
        "prefetch filled": 0,
        "prefetch useful": 0,
        "prefetch useless": 0,
        "prefetch late": 0,
        "pf_useful_at_l2_from_l1":          0,
        "pf_late_at_l2_from_l1":          0,
        "pf_useless_at_l2_from_l1":          0,
        "pf_at_l2_to_l1":          0,
        "pf_fill_this_level":          0,
        "miss latency": 13.7426,
        "cache queues": {
          "PQ_ACCESS": 0,
          "PQ_FULL": 0,
          "PQ_TO_CACHE": 0,
          "PQ_MERGED": 0,
          "RQ_ACCESS": 819202,
          "RQ_MERGED": 0,
          "RQ_FULL": 0,
          "WQ_ACCESS": 0,
          "WQ_MERGED": 0,
          "WQ_FULL": 0
        }
      },
      "cpu0_L1D": {
        "LOAD": {
          "hit":55802911,
          "miss":2598321
        },
        "RFO": {
          "hit":0,
          "miss":0
        },
        "PREFETCH": {
          "hit":462482,
          "miss":2756055
        },
        "WRITE": {
          "hit":24617849,
          "miss":1412159
        },
        "TRANSLATION": {
          "hit":558,
          "miss":326
        },
        "mshr full": 4134925,
        "prefetch requested": 3219181,
        "prefetch issued": 3219181,
        "prefetch filled": 131926,
        "prefetch useful": 105757,
        "prefetch useless": 40208,
        "prefetch late": 14034,
        "pf_useful_at_l2_from_l1":          0,
        "pf_late_at_l2_from_l1":          0,
        "pf_useless_at_l2_from_l1":          0,
        "pf_at_l2_to_l1":          8,
        "pf_fill_this_level":     131716,
        "miss latency": 2.02973,
        "cache queues": {
          "PQ_ACCESS": 3219181,
          "PQ_FULL": 0,
          "PQ_TO_CACHE": 3219181,
          "PQ_MERGED": 562,
          "RQ_ACCESS": 73622496,
          "RQ_MERGED": 1830,
          "RQ_FULL": 15219430,
          "WQ_ACCESS": 26446280,
          "WQ_MERGED": 8,
          "WQ_FULL": 416264
        }
      },
      "cpu0_L2C": {
        "LOAD": {
          "hit":1356841,
          "miss":280414
        },
        "RFO": {
          "hit":191571,
          "miss":344217
        },
        "PREFETCH": {
          "hit":2064035,
          "miss":634819
        },
        "WRITE": {
          "hit":670527,
          "miss":0
        },
        "TRANSLATION": {
          "hit":290,
          "miss":36
        },
        "mshr full": 9408,
        "prefetch requested": 0,
        "prefetch issued": 0,
        "prefetch filled": 629481,
        "prefetch useful": 0,
        "prefetch useless": 0,
        "prefetch late": 0,
        "pf_useful_at_l2_from_l1":     243198,
        "pf_late_at_l2_from_l1":       4848,
        "pf_useless_at_l2_from_l1":     292762,
        "pf_at_l2_to_l1":       5306,
        "pf_fill_this_level":     536212,
        "miss latency": 11.9825,
        "cache queues": {
          "PQ_ACCESS": 2701886,
          "PQ_FULL": 2551,
          "PQ_TO_CACHE": 2699335,
          "PQ_MERGED": 93,
          "RQ_ACCESS": 2173980,
          "RQ_MERGED": 0,
          "RQ_FULL": 0,
          "WQ_ACCESS": 670909,
          "WQ_MERGED": 0,
          "WQ_FULL": 0
        }
      },
      "LLC": {
        "LOAD": {
          "hit": [247619],
          "miss": [27959]
        },
        "RFO": {
          "hit": [255901],
          "miss": [88292]
        },
        "PREFETCH": {
          "hit": [536331],
          "miss": [97998]
        },
        "WRITE": {
          "hit": [377045],
          "miss": [0]
        },
        "TRANSLATION": {
          "hit": [3],
          "miss": [33]
        },
        "mshr full": 0,
        "prefetch requested": 0,
        "prefetch issued": 0,
        "prefetch filled": 97998,
        "prefetch useful": 0,
        "prefetch useless": 0,
        "prefetch late": 0,
        "pf_useful_at_l2_from_l1":          0,
        "pf_late_at_l2_from_l1":          0,
        "pf_useless_at_l2_from_l1":          0,
        "pf_at_l2_to_l1":      12343,
        "pf_fill_this_level":          0,
        "miss latency": 59.5294,
        "cache queues": {
          "PQ_ACCESS": 634329,
          "PQ_FULL": 0,
          "PQ_TO_CACHE": 634329,
          "PQ_MERGED": 0,
          "RQ_ACCESS": 619819,
          "RQ_MERGED": 0,
          "RQ_FULL": 0,
          "WQ_ACCESS": 377352,
          "WQ_MERGED": 0,
          "WQ_FULL": 0
        }
      },
      "DRAM": [
        {
          "RQ ROW_BUFFER_HIT": 100886,
          "RQ ROW_BUFFER_MISS": 113085,
          "PQ FULL": 0,
          "WQ ROW_BUFFER_HIT": 8945,
          "WQ ROW_BUFFER_MISS": 75332,
          "WQ FULL": 0,
          "AVG DBUS CONGESTED CYCLE": 3.96889
        }
      ]

    }
  }
]
cpu0_ITLB
cpu0_DTLB
cpu0_STLB
Prefetch Request to L1: 201951, Prefetch Request to L2: 3017230
Invalid by Eviction: 205840
Invalid by Max: 304905
Filter table begin
 ┌────────────────────┬─────────────┐
 | Region             | Offset      |
 ├────────────────────┼─────────────┤
 | 0x00000000000002fd | 31          |
 ├────────────────────┼─────────────┤
 | 0x0000000000000252 | 31          |
 ├────────────────────┼─────────────┤
 | 0x000000000000028a | 20          |
 ├────────────────────┼─────────────┤
 | 0x00000000000002e6 | 0           |
 ├────────────────────┼─────────────┤
 | 0x0000000000000240 | 29          |
 ├────────────────────┼─────────────┤
 | 0x00000000000002a6 | 13          |
 ├────────────────────┼─────────────┤
 | 0x00000000000002bd | 16          |
 ├────────────────────┼─────────────┤
 | 0x00000000000002af | 31          |
 ├────────────────────┼─────────────┤
 | 0x0000000000000299 | 10          |
 ├────────────────────┼─────────────┤
 | 0x00000000000002ee | 26          |
 ├────────────────────┼─────────────┤
 | 0x0000000000000248 | 30          |
 ├────────────────────┼─────────────┤
 | 0x0000000000000250 | 13          |
 ├────────────────────┼─────────────┤
 | 0x000000000000023c | 23          |
 ├────────────────────┼─────────────┤
 | 0x00000000000002be | 9           |
 ├────────────────────┼─────────────┤
 | 0x0000000000000288 | 13          |
 ├────────────────────┼─────────────┤
 | 0x0000000000000307 | 16          |
 ├────────────────────┼─────────────┤
 | 0x0000000000000266 | 2           |
 ├────────────────────┼─────────────┤
 | 0x000000000000024b | 7           |
 ├────────────────────┼─────────────┤
 | 0x000000000000029b | 27          |
 ├────────────────────┼─────────────┤
 | 0x0000000000000251 | 17          |
 ├────────────────────┼─────────────┤
 | 0x00000000000002f7 | 8           |
 ├────────────────────┼─────────────┤
 | 0x00000000000002a4 | 10          |
 ├────────────────────┼─────────────┤
 | 0x00000000000002ec | 25          |
 ├────────────────────┼─────────────┤
 | 0x00000000000002c8 | 27          |
 ├────────────────────┼─────────────┤
 | 0x00000000000002e5 | 0           |
 ├────────────────────┼─────────────┤
 | 0x00000000000002dd | 14          |
 ├────────────────────┼─────────────┤
 | 0x000000000000025f | 1           |
 ├────────────────────┼─────────────┤
 | 0x000000000000027b | 9           |
 ├────────────────────┼─────────────┤
 | 0x000000000000023b | 17          |
 ├────────────────────┼─────────────┤
 | 0x00000000000002f8 | 1           |
 ├────────────────────┼─────────────┤
 | 0x0000000000000318 | 19          |
 ├────────────────────┼─────────────┤
 | 0x0000000000000254 | 3           |
 ├────────────────────┼─────────────┤
 | 0x0000000000000303 | 8           |
 ├────────────────────┼─────────────┤
 | 0x000000000000030a | 10          |
 ├────────────────────┼─────────────┤
 | 0x000000000000025d | 0           |
 ├────────────────────┼─────────────┤
 | 0x000000000000029f | 1           |
 ├────────────────────┼─────────────┤
 | 0x0000000000000310 | 6           |
 ├────────────────────┼─────────────┤
 | 0x00000000000002f3 | 27          |
 ├────────────────────┼─────────────┤
 | 0x0000000000000296 | 30          |
 ├────────────────────┼─────────────┤
 | 0x000000000000028d | 17          |
 ├────────────────────┼─────────────┤
 | 0x0000000000000263 | 10          |
 └────────────────────┴─────────────┘
Filter table end
Accumulation table begin
 ┌────────────────────┬─────────────┬─────────────┬──────────────────────────────────────────────────────────────────┐
 | Region             | Offset      | Second      | Pattern                                                          |
 ├────────────────────┼─────────────┼─────────────┼──────────────────────────────────────────────────────────────────┤
 | 0x00000000000002d6 | 29          | 30          | 0 0 0 0 0 0 0 0 0 0 0 0 0 0 0 0 0 0 0 0 0 0 0 0 0 0 0 0 0 1 1 0  |
 ├────────────────────┼─────────────┼─────────────┼──────────────────────────────────────────────────────────────────┤
 | 0x0000000000000311 | 10          | 1           | 0 1 0 0 0 0 0 0 0 0 1 0 0 0 0 0 0 0 0 0 0 0 0 0 0 0 0 0 0 0 0 0  |
 ├────────────────────┼─────────────┼─────────────┼──────────────────────────────────────────────────────────────────┤
 | 0x0000000000000309 | 18          | 17          | 0 0 0 0 0 0 0 0 0 0 0 0 0 0 0 0 0 1 1 0 0 0 0 0 0 0 0 0 0 0 1 0  |
 ├────────────────────┼─────────────┼─────────────┼──────────────────────────────────────────────────────────────────┤
 | 0x0000000000000246 | 14          | 13          | 0 0 0 0 0 0 0 0 0 0 0 0 1 1 1 0 1 0 0 0 0 0 0 0 0 0 0 0 0 0 0 0  |
 ├────────────────────┼─────────────┼─────────────┼──────────────────────────────────────────────────────────────────┤
 | 0x0000000000000306 | 5           | 7           | 0 0 0 0 0 1 0 1 0 0 0 0 0 0 0 0 0 0 0 0 0 0 0 0 0 0 0 0 0 0 1 0  |
 ├────────────────────┼─────────────┼─────────────┼──────────────────────────────────────────────────────────────────┤
 | 0x000000000000027a | 10          | 14          | 0 0 0 0 0 0 0 0 0 0 1 1 1 0 1 0 0 0 0 0 1 0 0 0 0 0 0 0 0 0 0 0  |
 ├────────────────────┼─────────────┼─────────────┼──────────────────────────────────────────────────────────────────┤
 | 0x000000000000024a | 3           | 13          | 0 0 1 1 0 0 0 0 1 0 1 0 0 1 0 0 0 0 0 0 0 0 0 0 0 0 0 0 0 1 0 1  |
 ├────────────────────┼─────────────┼─────────────┼──────────────────────────────────────────────────────────────────┤
 | 0x000000000000027c | 24          | 0           | 1 0 0 0 0 0 0 0 0 0 0 0 0 0 0 0 0 0 0 0 0 0 0 0 1 0 0 0 0 0 0 0  |
 ├────────────────────┼─────────────┼─────────────┼──────────────────────────────────────────────────────────────────┤
 | 0x00000000000002dc | 18          | 26          | 0 0 0 0 0 0 0 0 0 0 0 0 0 0 0 0 0 0 1 0 0 0 0 0 0 0 1 0 0 0 0 0  |
 ├────────────────────┼─────────────┼─────────────┼──────────────────────────────────────────────────────────────────┤
 | 0x000000000000025b | 3           | 1           | 0 1 1 1 0 0 0 0 0 0 0 0 0 0 0 0 0 0 0 0 0 0 0 0 0 0 0 0 0 0 0 0  |
 ├────────────────────┼─────────────┼─────────────┼──────────────────────────────────────────────────────────────────┤
 | 0x0000000000000215 | 9           | 12          | 0 0 0 1 0 0 0 0 1 1 0 0 1 1 1 1 0 0 0 0 0 0 0 0 0 0 0 0 0 0 0 0  |
 ├────────────────────┼─────────────┼─────────────┼──────────────────────────────────────────────────────────────────┤
 | 0x000000000000022f | 12          | 15          | 0 0 0 0 0 0 0 0 0 0 0 0 1 0 0 1 0 0 0 0 0 0 0 0 0 0 0 0 0 0 0 0  |
 ├────────────────────┼─────────────┼─────────────┼──────────────────────────────────────────────────────────────────┤
 | 0x0000000000000245 | 31          | 27          | 0 0 0 0 0 0 0 0 0 0 0 0 0 0 0 0 0 0 0 0 0 0 0 0 0 0 0 1 0 0 0 1  |
 ├────────────────────┼─────────────┼─────────────┼──────────────────────────────────────────────────────────────────┤
 | 0x00000000000002d0 | 30          | 2           | 0 0 1 0 0 0 0 0 0 0 0 0 0 0 0 0 0 0 0 0 0 0 0 0 0 0 0 0 0 0 1 0  |
 ├────────────────────┼─────────────┼─────────────┼──────────────────────────────────────────────────────────────────┤
 | 0x00000000000002b9 | 31          | 30          | 0 0 0 0 0 0 0 0 0 0 0 0 0 0 0 0 0 0 0 0 0 0 0 0 0 0 0 0 1 0 1 1  |
 ├────────────────────┼─────────────┼─────────────┼──────────────────────────────────────────────────────────────────┤
 | 0x000000000000025e | 29          | 22          | 0 0 0 0 0 0 0 0 0 0 0 0 0 0 0 0 0 0 0 0 0 0 1 0 0 0 0 0 0 1 0 0  |
 ├────────────────────┼─────────────┼─────────────┼──────────────────────────────────────────────────────────────────┤
 | 0x00000000000002b1 | 11          | 22          | 0 0 0 0 0 0 0 0 0 0 0 1 0 0 0 0 0 0 0 0 0 0 1 0 0 0 0 0 0 0 0 0  |
 ├────────────────────┼─────────────┼─────────────┼──────────────────────────────────────────────────────────────────┤
 | 0x0000000000000259 | 21          | 16          | 0 0 0 0 0 0 0 0 0 0 0 0 0 0 0 0 1 0 1 0 0 1 0 0 0 0 0 0 0 0 0 0  |
 ├────────────────────┼─────────────┼─────────────┼──────────────────────────────────────────────────────────────────┤
 | 0x0000000000000242 | 0           | 24          | 1 0 0 0 0 0 0 0 0 0 0 0 0 0 0 0 0 0 0 0 0 0 0 0 1 0 0 1 1 0 0 0  |
 ├────────────────────┼─────────────┼─────────────┼──────────────────────────────────────────────────────────────────┤
 | 0x00000000000002c3 | 2           | 5           | 0 0 1 0 0 1 0 0 1 0 0 0 0 0 0 0 0 0 0 0 0 0 0 0 0 0 0 0 0 0 0 0  |
 ├────────────────────┼─────────────┼─────────────┼──────────────────────────────────────────────────────────────────┤
 | 0x00000000000002cc | 29          | 31          | 0 0 0 0 0 0 0 0 0 0 0 0 0 1 0 0 0 0 0 0 0 0 0 0 0 0 0 0 0 1 0 1  |
 ├────────────────────┼─────────────┼─────────────┼──────────────────────────────────────────────────────────────────┤
 | 0x0000000000000222 | 15          | 2           | 0 0 1 0 0 0 0 0 0 0 0 0 0 0 0 1 1 0 0 0 0 0 0 0 0 0 0 0 0 0 0 0  |
 ├────────────────────┼─────────────┼─────────────┼──────────────────────────────────────────────────────────────────┤
 | 0x000000000000024e | 15          | 16          | 0 0 0 0 0 0 0 0 0 0 0 0 0 0 0 1 1 0 0 0 0 0 0 0 0 0 0 0 0 0 0 0  |
 ├────────────────────┼─────────────┼─────────────┼──────────────────────────────────────────────────────────────────┤
 | 0x0000000000000562 | 0           | 1           | 1 1 1 1 1 1 1 1 1 0 0 0 0 0 0 0 0 0 0 0 0 0 0 0 0 0 0 0 0 0 0 0  |
 ├────────────────────┼─────────────┼─────────────┼──────────────────────────────────────────────────────────────────┤
 | 0x000000000000025c | 26          | 17          | 0 0 0 0 0 0 0 0 0 0 0 0 0 0 0 0 0 1 0 0 0 0 0 0 0 0 1 0 0 0 0 0  |
 ├────────────────────┼─────────────┼─────────────┼──────────────────────────────────────────────────────────────────┤
 | 0x0000000000000244 | 22          | 8           | 0 0 0 0 0 0 1 0 1 1 0 0 0 0 0 0 0 0 0 0 0 0 1 0 0 0 0 0 0 0 0 0  |
 ├────────────────────┼─────────────┼─────────────┼──────────────────────────────────────────────────────────────────┤
 | 0x0000000000000247 | 16          | 3           | 0 0 0 1 0 0 0 0 0 0 1 0 0 0 0 0 1 0 0 0 0 0 1 0 0 0 0 0 0 0 0 0  |
 ├────────────────────┼─────────────┼─────────────┼──────────────────────────────────────────────────────────────────┤
 | 0x000000000000027d | 2           | 31          | 0 0 1 0 0 0 0 0 1 1 1 0 0 0 0 0 1 0 1 0 1 0 0 0 0 1 1 1 0 1 1 1  |
 ├────────────────────┼─────────────┼─────────────┼──────────────────────────────────────────────────────────────────┤
 | 0x0000000000000265 | 2           | 5           | 0 0 1 1 0 1 1 0 0 1 0 1 1 0 0 1 1 0 0 0 0 0 0 0 0 0 0 0 0 0 0 0  |
 └────────────────────┴─────────────┴─────────────┴──────────────────────────────────────────────────────────────────┘
Accumulation table end
Offset pattern table begin
 ┌────────────────────┬─────────────┬──────────────────────────────────────────────────────────────────────┐
 | Key                | Second      | Pattern                                                              |
 ├────────────────────┼─────────────┼──────────────────────────────────────────────────────────────────────┤
 | 0x0000000000000000 | 16          | 31 10 9 8 10 9 8 8 9 9 8 8 8 7 7 7 9 7 7 8 9 8 10 6 7 8 6 7 8 7 6 7  |
 ├────────────────────┼─────────────┼──────────────────────────────────────────────────────────────────────┤
 | 0x0000000000000001 | 25          | 25 5 1 7 3 3 3 5 1 2 1 3 1 1 1 2 1 2 2 3 1 0 1 1 1 2 0 0 0 0 0 4     |
 ├────────────────────┼─────────────┼──────────────────────────────────────────────────────────────────────┤
 | 0x0000000000000002 | 10          | 20 4 3 4 2 2 3 0 1 1 1 1 1 2 2 1 2 1 2 2 1 1 1 1 0 0 2 0 2 0 4 3     |
 ├────────────────────┼─────────────┼──────────────────────────────────────────────────────────────────────┤
 | 0x0000000000000003 | 22          | 31 3 3 5 6 6 3 4 3 4 0 2 2 2 1 2 2 3 0 1 2 2 2 3 1 0 2 0 4 7 5 2     |
 ├────────────────────┼─────────────┼──────────────────────────────────────────────────────────────────────┤
 | 0x0000000000000004 | 17          | 17 1 3 2 3 0 0 0 1 0 0 2 0 0 1 0 1 0 0 0 0 2 0 0 0 0 0 0 1 3 1 4     |
 ├────────────────────┼─────────────┼──────────────────────────────────────────────────────────────────────┤
 | 0x0000000000000005 | 28          | 20 2 1 3 2 2 2 2 1 1 1 0 0 0 0 0 1 1 0 0 0 1 0 0 0 1 0 1 2 3 3 4     |
 ├────────────────────┼─────────────┼──────────────────────────────────────────────────────────────────────┤
 | 0x0000000000000006 | 1           | 16 2 2 2 0 1 1 1 0 0 1 0 1 0 0 0 1 0 0 1 0 0 0 1 1 0 1 1 0 0 0 1     |
 ├────────────────────┼─────────────┼──────────────────────────────────────────────────────────────────────┤
 | 0x0000000000000007 | 1           | 22 4 1 2 3 0 0 0 0 0 0 1 1 1 0 0 0 0 0 1 1 1 1 0 1 2 2 2 1 1 5 3     |
 ├────────────────────┼─────────────┼──────────────────────────────────────────────────────────────────────┤
 | 0x0000000000000008 | 11          | 27 2 4 2 5 3 1 4 3 2 1 3 2 1 1 3 2 3 2 0 1 3 2 0 5 6 2 6 3 3 2 3     |
 ├────────────────────┼─────────────┼──────────────────────────────────────────────────────────────────────┤
 | 0x0000000000000009 | 11          | 20 4 0 6 4 5 4 3 2 2 0 1 1 2 1 1 1 1 1 0 2 0 0 2 1 3 4 1 2 1 3 4     |
 ├────────────────────┼─────────────┼──────────────────────────────────────────────────────────────────────┤
 | 0x000000000000000a | 15          | 28 3 5 5 3 2 1 2 1 3 1 1 5 1 3 1 3 2 0 2 2 3 1 1 4 2 1 2 2 1 2 3     |
 ├────────────────────┼─────────────┼──────────────────────────────────────────────────────────────────────┤
 | 0x000000000000000b | 29          | 20 3 1 3 1 1 2 2 2 1 1 2 2 2 0 1 1 1 0 1 2 0 0 1 2 2 0 2 0 2 1 3     |
 ├────────────────────┼─────────────┼──────────────────────────────────────────────────────────────────────┤
 | 0x000000000000000c | 6           | 28 8 7 4 4 2 0 3 3 1 1 4 1 0 2 1 0 2 0 2 1 2 1 5 1 1 0 5 6 8 4 4     |
 ├────────────────────┼─────────────┼──────────────────────────────────────────────────────────────────────┤
 | 0x000000000000000d | 17          | 23 2 2 3 2 2 2 2 2 1 1 2 2 1 1 1 2 0 0 2 1 2 1 1 1 2 0 0 0 2 2 2     |
 ├────────────────────┼─────────────┼──────────────────────────────────────────────────────────────────────┤
 | 0x000000000000000e | 13          | 27 2 2 1 1 1 3 0 2 2 2 1 3 1 0 0 1 1 1 0 1 2 1 1 1 1 0 1 3 3 6 5     |
 ├────────────────────┼─────────────┼──────────────────────────────────────────────────────────────────────┤
 | 0x000000000000000f | 24          | 31 9 6 5 4 3 7 6 2 4 1 4 1 0 1 2 3 1 2 3 1 0 1 0 0 3 0 0 1 0 1 3     |
 ├────────────────────┼─────────────┼──────────────────────────────────────────────────────────────────────┤
 | 0x0000000000000010 | 13          | 19 2 3 2 2 1 1 2 1 2 1 1 2 0 0 1 0 1 2 1 0 0 1 0 1 1 1 0 1 1 1 2     |
 ├────────────────────┼─────────────┼──────────────────────────────────────────────────────────────────────┤
 | 0x0000000000000011 | 19          | 29 4 2 3 1 2 0 2 2 1 1 1 1 2 2 2 2 3 1 1 2 2 0 1 0 1 2 3 2 5 3 4     |
 ├────────────────────┼─────────────┼──────────────────────────────────────────────────────────────────────┤
 | 0x0000000000000012 | 30          | 20 3 3 2 2 1 3 2 1 0 1 0 1 1 1 1 2 1 2 1 2 2 0 1 1 0 1 0 1 0 0 1     |
 ├────────────────────┼─────────────┼──────────────────────────────────────────────────────────────────────┤
 | 0x0000000000000013 | 26          | 24 2 2 3 1 5 3 1 1 1 0 0 1 1 1 1 1 0 2 1 1 1 0 2 2 3 1 1 3 3 1 4     |
 ├────────────────────┼─────────────┼──────────────────────────────────────────────────────────────────────┤
 | 0x0000000000000014 | 19          | 20 3 4 2 2 0 1 1 3 1 2 1 2 1 1 2 4 2 2 2 2 1 2 1 1 3 2 2 1 2 3 3     |
 ├────────────────────┼─────────────┼──────────────────────────────────────────────────────────────────────┤
 | 0x0000000000000015 | 22          | 31 5 1 3 4 0 1 5 1 2 3 3 1 1 1 2 2 1 3 2 3 2 3 3 4 2 6 4 1 3 3 3     |
 ├────────────────────┼─────────────┼──────────────────────────────────────────────────────────────────────┤
 | 0x0000000000000016 | 9           | 25 3 3 3 2 1 1 2 1 2 0 0 1 0 1 1 0 1 1 1 2 1 1 2 1 3 1 3 1 3 4 3     |
 ├────────────────────┼─────────────┼──────────────────────────────────────────────────────────────────────┤
 | 0x0000000000000017 | 28          | 19 1 3 1 2 1 1 1 1 3 1 0 1 0 0 0 1 1 1 1 2 0 1 1 0 1 0 1 0 2 2 2     |
 ├────────────────────┼─────────────┼──────────────────────────────────────────────────────────────────────┤
 | 0x0000000000000018 | 17          | 20 3 1 3 2 0 4 0 0 1 2 1 2 1 1 0 0 0 1 2 0 1 0 0 0 0 1 2 2 0 0 1     |
 ├────────────────────┼─────────────┼──────────────────────────────────────────────────────────────────────┤
 | 0x0000000000000019 | 27          | 19 2 1 1 2 0 0 1 0 0 1 0 0 0 0 1 0 1 1 1 1 0 1 0 0 0 0 0 2 1 1 2     |
 ├────────────────────┼─────────────┼──────────────────────────────────────────────────────────────────────┤
 | 0x000000000000001a | 15          | 29 6 2 5 4 4 1 1 0 2 1 1 4 3 1 2 2 4 1 1 0 0 0 1 2 2 3 4 2 3 7 3     |
 ├────────────────────┼─────────────┼──────────────────────────────────────────────────────────────────────┤
 | 0x000000000000001b | 26          | 27 9 6 1 3 1 0 1 0 1 2 1 1 1 0 1 0 1 1 0 1 3 2 2 1 2 1 1 0 3 6 5     |
 ├────────────────────┼─────────────┼──────────────────────────────────────────────────────────────────────┤
 | 0x000000000000001c | 29          | 26 5 7 7 3 2 1 1 1 1 3 1 2 1 1 0 2 0 0 0 2 0 1 1 1 4 1 4 3 2 3 5     |
 ├────────────────────┼─────────────┼──────────────────────────────────────────────────────────────────────┤
 | 0x000000000000001d | 26          | 28 5 2 0 0 1 0 0 0 0 0 1 1 2 2 1 1 3 0 0 2 1 0 2 1 0 3 1 2 0 3 4     |
 ├────────────────────┼─────────────┼──────────────────────────────────────────────────────────────────────┤
 | 0x000000000000001e | 31          | 20 3 0 0 0 0 1 0 0 0 0 0 2 2 1 0 1 1 3 1 0 2 1 2 1 0 1 0 2 2 4 2     |
 ├────────────────────┼─────────────┼──────────────────────────────────────────────────────────────────────┤
 | 0x000000000000001f | 28          | 19 0 0 0 0 0 1 1 1 1 0 0 1 1 2 3 0 0 2 1 0 1 0 1 2 1 1 3 4 2 3 3     |
 └────────────────────┴─────────────┴──────────────────────────────────────────────────────────────────────┘
Offset pattern table end
PC pattern table begin
 ┌────────────────────┬─────────────┬──────────────────────────────────────────────────┐
 | Key                | Second      | Pattern                                          |
 ├────────────────────┼─────────────┼──────────────────────────────────────────────────┤
 | 0x0000000000000000 | 1           | 31 15 15 13 14 12 11 15 12 13 13 11 14 14 13 13  |
 ├────────────────────┼─────────────┼──────────────────────────────────────────────────┤
 | 0x0000000000000001 | 1           | 29 5 3 4 2 1 1 1 1 1 2 1 2 5 6 6                 |
 ├────────────────────┼─────────────┼──────────────────────────────────────────────────┤
 | 0x0000000000000002 | 3           | 27 20 17 8 0 0 0 0 0 0 0 25 1 14 26 2            |
 ├────────────────────┼─────────────┼──────────────────────────────────────────────────┤
 | 0x0000000000000003 | 1           | 16 11 11 12 12 12 12 12 12 12 12 12 12 13 14 15  |
 ├────────────────────┼─────────────┼──────────────────────────────────────────────────┤
 | 0x0000000000000004 | 1           | 27 6 5 5 6 6 6 6 6 6 6 6 6 6 7 25                |
 ├────────────────────┼─────────────┼──────────────────────────────────────────────────┤
 | 0x0000000000000005 | 2           | 27 24 1 0 0 0 0 0 0 0 25 0 0 0 0 0               |
 ├────────────────────┼─────────────┼──────────────────────────────────────────────────┤
 | 0x0000000000000006 | 1           | 20 4 6 2 2 1 3 2 3 4 2 2 1 4 2 6                 |
 ├────────────────────┼─────────────┼──────────────────────────────────────────────────┤
 | 0x0000000000000007 | 1           | 31 4 5 4 0 3 1 2 5 2 1 2 2 5 4 3                 |
 ├────────────────────┼─────────────┼──────────────────────────────────────────────────┤
 | 0x0000000000000008 | 1           | 30 17 10 8 3 3 1 1 2 2 4 5 8 8 10 17             |
 ├────────────────────┼─────────────┼──────────────────────────────────────────────────┤
 | 0x0000000000000009 | 1           | 27 4 3 3 2 1 1 3 2 2 19 3 1 18 0 1               |
 ├────────────────────┼─────────────┼──────────────────────────────────────────────────┤
 | 0x000000000000000a | 2           | 30 7 0 0 0 0 0 0 21 0 7 0 0 0 0 0                |
 ├────────────────────┼─────────────┼──────────────────────────────────────────────────┤
 | 0x000000000000000b | 14          | 27 20 15 10 2 0 0 0 0 0 0 26 0 13 26 2           |
 ├────────────────────┼─────────────┼──────────────────────────────────────────────────┤
 | 0x000000000000000c | 3           | 25 22 21 20 20 20 19 19 19 19 19 19 19 19 17 15  |
 ├────────────────────┼─────────────┼──────────────────────────────────────────────────┤
 | 0x000000000000000d | 1           | 18 5 4 6 6 5 4 3 3 3 3 3 4 4 7 10                |
 ├────────────────────┼─────────────┼──────────────────────────────────────────────────┤
 | 0x000000000000000e | 1           | 21 8 4 2 8 3 1 2 2 2 2 3 2 4 3 9                 |
 ├────────────────────┼─────────────┼──────────────────────────────────────────────────┤
 | 0x000000000000000f | 2           | 19 8 2 1 1 1 2 2 1 0 4 0 2 3 1 2                 |
 ├────────────────────┼─────────────┼──────────────────────────────────────────────────┤
 | 0x0000000000000010 | 1           | 30 15 16 0 17 0 1 0 0 2 1 0 0 0 0 4              |
 ├────────────────────┼─────────────┼──────────────────────────────────────────────────┤
 | 0x0000000000000011 | 3           | 29 22 0 0 0 0 2 0 4 0 0 0 1 1 2 20               |
 ├────────────────────┼─────────────┼──────────────────────────────────────────────────┤
 | 0x0000000000000012 | 1           | 31 19 7 6 4 3 2 3 2 3 3 6 7 6 10 12              |
 ├────────────────────┼─────────────┼──────────────────────────────────────────────────┤
 | 0x0000000000000013 | 8           | 30 21 16 10 3 0 0 0 0 0 0 26 0 11 26 1           |
 ├────────────────────┼─────────────┼──────────────────────────────────────────────────┤
 | 0x0000000000000014 | 2           | 17 6 2 1 1 1 1 0 0 0 0 0 0 0 0 7                 |
 ├────────────────────┼─────────────┼──────────────────────────────────────────────────┤
 | 0x0000000000000015 | 27          | 17 16 16 16 16 16 16 16 16 16 16 16 16 16 16 16  |
 ├────────────────────┼─────────────┼──────────────────────────────────────────────────┤
 | 0x0000000000000016 | 11          | 22 11 12 10 10 8 9 7 7 6 6 7 9 9 8 10            |
 ├────────────────────┼─────────────┼──────────────────────────────────────────────────┤
 | 0x0000000000000017 | 2           | 28 26 2 1 1 1 1 1 0 1 25 0 1 1 1 1               |
 ├────────────────────┼─────────────┼──────────────────────────────────────────────────┤
 | 0x0000000000000018 | 1           | 29 9 4 5 5 6 2 1 2 4 3 3 5 4 4 6                 |
 ├────────────────────┼─────────────┼──────────────────────────────────────────────────┤
 | 0x0000000000000019 | 1           | 30 16 12 8 8 6 7 6 5 4 4 4 4 6 10 16             |
 ├────────────────────┼─────────────┼──────────────────────────────────────────────────┤
 | 0x000000000000001a | 29          | 19 2 3 2 0 2 0 1 1 2 3 1 1 3 2 3                 |
 ├────────────────────┼─────────────┼──────────────────────────────────────────────────┤
 | 0x000000000000001b | 1           | 22 14 8 6 5 4 3 3 2 1 0 0 0 0 0 0                |
 ├────────────────────┼─────────────┼──────────────────────────────────────────────────┤
 | 0x000000000000001c | 1           | 23 0 0 0 0 0 0 0 22 0 0 0 0 0 0 0                |
 ├────────────────────┼─────────────┼──────────────────────────────────────────────────┤
 | 0x000000000000001d | 15          | 17 6 0 0 0 0 10 10 0 0 0 0 0 0 0 6               |
 ├────────────────────┼─────────────┼──────────────────────────────────────────────────┤
 | 0x000000000000001e | 12          | 19 0 18 16 12 7 0 0 0 0 0 0 0 18 0 9             |
 ├────────────────────┼─────────────┼──────────────────────────────────────────────────┤
 | 0x000000000000001f | 9           | 25 17 7 11 7 5 6 4 4 4 3 5 6 8 7 9               |
 └────────────────────┴─────────────┴──────────────────────────────────────────────────┘
PC pattern table end
Prefetch buffer begin
 ┌────────────────────┬──────────────────────────────────────────────────────────────────┐
 | Region             | Pattern                                                          |
 ├────────────────────┼──────────────────────────────────────────────────────────────────┤
 | 0x000000000000025d | 0 0 0 0 0 0 0 0 0 2 2 2 2 2 2 2 2 2 2 2 2 2 2 2 2 2 2 2 2 2 2 2  |
 ├────────────────────┼──────────────────────────────────────────────────────────────────┤
 | 0x00000000000002e6 | 0 0 0 0 0 0 0 0 0 2 2 2 2 2 2 2 2 2 2 2 2 2 2 2 2 2 2 2 2 2 2 2  |
 ├────────────────────┼──────────────────────────────────────────────────────────────────┤
 | 0x00000000000002c1 | 0 2 2 2 2 2 2 2 2 2 2 2 2 2 2 2 2 2 2 2 2 2 2 2 2 2 2 2 2 2 2 2  |
 ├────────────────────┼──────────────────────────────────────────────────────────────────┤
 | 0x00000000000002cf | 0 0 0 0 0 0 0 0 0 0 0 0 0 0 0 0 0 0 0 0 0 0 0 0 0 2 2 2 2 2 2 2  |
 ├────────────────────┼──────────────────────────────────────────────────────────────────┤
 | 0x00000000000002c0 | 0 0 0 0 0 2 2 2 2 2 2 2 2 2 2 2 2 2 0 0 0 0 2 2 2 2 2 2 2 2 2 2  |
 ├────────────────────┼──────────────────────────────────────────────────────────────────┤
 | 0x00000000000002b8 | 0 0 0 2 0 0 0 0 0 0 0 0 0 0 2 2 0 0 0 0 0 0 0 0 0 0 0 0 0 0 0 0  |
 ├────────────────────┼──────────────────────────────────────────────────────────────────┤
 | 0x0000000000000242 | 0 0 0 0 0 0 0 0 0 2 2 2 2 2 2 0 0 0 0 0 0 0 0 0 0 0 0 0 0 0 0 0  |
 ├────────────────────┼──────────────────────────────────────────────────────────────────┤
 | 0x0000000000000253 | 0 0 0 0 0 0 0 0 0 2 2 2 2 2 2 2 2 2 2 2 2 2 2 2 2 2 2 2 2 2 2 2  |
 ├────────────────────┼──────────────────────────────────────────────────────────────────┤
 | 0x000000000000027b | 0 0 2 0 0 0 0 0 0 0 0 0 0 0 0 0 2 0 0 0 0 0 0 0 0 0 0 0 0 0 0 0  |
 ├────────────────────┼──────────────────────────────────────────────────────────────────┤
 | 0x00000000000002e5 | 0 0 0 0 0 0 0 0 0 2 2 2 2 2 2 2 2 2 2 2 2 2 2 2 2 2 2 2 2 2 2 2  |
 ├────────────────────┼──────────────────────────────────────────────────────────────────┤
 | 0x00000000000002f4 | 0 0 0 0 0 0 0 0 0 0 0 0 0 0 0 0 0 0 0 0 0 0 0 0 0 0 0 0 0 0 2 0  |
 ├────────────────────┼──────────────────────────────────────────────────────────────────┤
 | 0x000000000000030f | 0 0 0 0 0 0 0 0 0 0 0 0 0 0 0 0 0 2 2 2 2 2 2 2 2 2 2 2 2 2 2 2  |
 ├────────────────────┼──────────────────────────────────────────────────────────────────┤
 | 0x00000000000002ae | 0 0 0 0 0 0 0 0 0 2 2 2 2 2 2 2 2 2 2 2 2 2 2 2 2 2 2 2 2 2 2 2  |
 └────────────────────┴──────────────────────────────────────────────────────────────────┘
Prefetch buffer end
Filter by PPT: 0
cpu0_L2C
Num Con Filled: 0
Num Con Useful: 0 Useless:0 Accuracy: nan
LLC
