41 41 41
Available num physical pages: 35184372088576
WARNING: physical memory size is smaller than virtual memory size

*** ChampSim Multicore Out-of-Order Simulator ***

Warmup Instructions: 5000000
Simulation Instructions: 5000000
Number of CPUs: 1
Page size: 4096

Basic BTB sets: 1024 ways: 8 indirect buffer size: 4096 RAS size: 64
cpu0_L1D PMP prefetcher
Off-chip DRAM Size: 4 GiB Channels: 1 Width: 64-bit Data Rate: 3200 MT/s
Max paddr 6M
Warmup finished CPU 0 instructions: 5000001 cycles: 1259035 cumulative IPC: 3.9713 (Simulation time: 0 hr 2 min 20 sec) 

Warmup complete CPU 0 instructions: 5000001 cycles: 1259035 (Simulation time: 0 hr 2 min 20 sec) 

Heartbeat CPU 0 instructions: 10000001 cycles: 2812506 heartbeat IPC: 3.55555 cumulative IPC: 3.2186 (Simulation time: 0 hr 5 min 31 sec) 
Max paddr 6M
Simulation finished CPU 0 instructions: 5000000 cycles: 1553472 cumulative IPC: 3.2186 (Simulation time: 0 hr 5 min 31 sec) 

Simulation complete CPU 0 instructions: 5000000 cycles: 1553472 (Simulation time: 0 hr 5 min 31 sec) 


ChampSim completed all CPUs

[
  {
    "name": "Simulation",
    "traces": [
      "../traces/434.zeusmp-10B.champsimtrace.xz"
    ],
    "roi": {
      "cores": [
        {
          "instructions": 5000000,
          "cycles": 1553472,
          "Avg ROB occupancy at mispredict": 322.078, 
          "mispredict": {
            "BRANCH_DIRECT_JUMP": 0,
            "BRANCH_INDIRECT": 0,
            "BRANCH_CONDITIONAL": 1048,
            "BRANCH_DIRECT_CALL": 0,
            "BRANCH_INDIRECT_CALL": 0,
            "BRANCH_RETURN": 0
          }
        }
      ],
      "cpu0_L1I": {
        "LOAD": {
          "hit":32,
          "miss":0
        },
        "RFO": {
          "hit":0,
          "miss":0
        },
        "PREFETCH": {
          "hit":0,
          "miss":0
        },
        "WRITE": {
          "hit":0,
          "miss":0
        },
        "TRANSLATION": {
          "hit":0,
          "miss":0
        },
        "mshr full": 0,
        "prefetch requested": 0,
        "prefetch issued": 0,
        "prefetch filled": 0,
        "prefetch useful": 0,
        "prefetch useless": 0,
        "prefetch late": 0,
        "pf_useful_at_l2_from_l1":          0,
        "pf_late_at_l2_from_l1":          0,
        "pf_useless_at_l2_from_l1":          0,
        "pf_at_l2_to_l1":          0,
        "pf_fill_this_level":          0,
        "miss latency": null,
        "cache queues": {
          "PQ_ACCESS": 0,
          "PQ_FULL": 0,
          "PQ_TO_CACHE": 0,
          "PQ_MERGED": 0,
          "RQ_ACCESS": 32,
          "RQ_MERGED": 0,
          "RQ_FULL": 0,
          "WQ_ACCESS": 0,
          "WQ_MERGED": 0,
          "WQ_FULL": 0
        }
      },
      "cpu0_ITLB": {
        "LOAD": {
          "hit":27,
          "miss":0
        },
        "RFO": {
          "hit":0,
          "miss":0
        },
        "PREFETCH": {
          "hit":0,
          "miss":0
        },
        "WRITE": {
          "hit":0,
          "miss":0
        },
        "TRANSLATION": {
          "hit":0,
          "miss":0
        },
        "mshr full": 0,
        "prefetch requested": 0,
        "prefetch issued": 0,
        "prefetch filled": 0,
        "prefetch useful": 0,
        "prefetch useless": 0,
        "prefetch late": 0,
        "pf_useful_at_l2_from_l1":          0,
        "pf_late_at_l2_from_l1":          0,
        "pf_useless_at_l2_from_l1":          0,
        "pf_at_l2_to_l1":          0,
        "pf_fill_this_level":          0,
        "miss latency": null,
        "cache queues": {
          "PQ_ACCESS": 0,
          "PQ_FULL": 0,
          "PQ_TO_CACHE": 0,
          "PQ_MERGED": 0,
          "RQ_ACCESS": 27,
          "RQ_MERGED": 0,
          "RQ_FULL": 0,
          "WQ_ACCESS": 0,
          "WQ_MERGED": 0,
          "WQ_FULL": 0
        }
      },
      "cpu0_DTLB": {
        "LOAD": {
          "hit":1182973,
          "miss":88883
        },
        "RFO": {
          "hit":0,
          "miss":0
        },
        "PREFETCH": {
          "hit":0,
          "miss":0
        },
        "WRITE": {
          "hit":0,
          "miss":0
        },
        "TRANSLATION": {
          "hit":0,
          "miss":0
        },
        "mshr full": 3362,
        "prefetch requested": 0,
        "prefetch issued": 0,
        "prefetch filled": 0,
        "prefetch useful": 0,
        "prefetch useless": 0,
        "prefetch late": 0,
        "pf_useful_at_l2_from_l1":          0,
        "pf_late_at_l2_from_l1":          0,
        "pf_useless_at_l2_from_l1":          0,
        "pf_at_l2_to_l1":          0,
        "pf_fill_this_level":          0,
        "miss latency": 0.350215,
        "cache queues": {
          "PQ_ACCESS": 0,
          "PQ_FULL": 0,
          "PQ_TO_CACHE": 0,
          "PQ_MERGED": 0,
          "RQ_ACCESS": 1427265,
          "RQ_MERGED": 0,
          "RQ_FULL": 155409,
          "WQ_ACCESS": 0,
          "WQ_MERGED": 0,
          "WQ_FULL": 0
        }
      },
      "cpu0_STLB": {
        "LOAD": {
          "hit":52759,
          "miss":187
        },
        "RFO": {
          "hit":0,
          "miss":0
        },
        "PREFETCH": {
          "hit":0,
          "miss":0
        },
        "WRITE": {
          "hit":0,
          "miss":0
        },
        "TRANSLATION": {
          "hit":0,
          "miss":0
        },
        "mshr full": 0,
        "prefetch requested": 0,
        "prefetch issued": 0,
        "prefetch filled": 0,
        "prefetch useful": 0,
        "prefetch useless": 0,
        "prefetch late": 0,
        "pf_useful_at_l2_from_l1":          0,
        "pf_late_at_l2_from_l1":          0,
        "pf_useless_at_l2_from_l1":          0,
        "pf_at_l2_to_l1":          0,
        "pf_fill_this_level":          0,
        "miss latency": 23.1354,
        "cache queues": {
          "PQ_ACCESS": 0,
          "PQ_FULL": 0,
          "PQ_TO_CACHE": 0,
          "PQ_MERGED": 0,
          "RQ_ACCESS": 52946,
          "RQ_MERGED": 0,
          "RQ_FULL": 0,
          "WQ_ACCESS": 0,
          "WQ_MERGED": 0,
          "WQ_FULL": 0
        }
      },
      "cpu0_L1D": {
        "LOAD": {
          "hit":830644,
          "miss":106495
        },
        "RFO": {
          "hit":0,
          "miss":0
        },
        "PREFETCH": {
          "hit":11600,
          "miss":127384
        },
        "WRITE": {
          "hit":318567,
          "miss":35552
        },
        "TRANSLATION": {
          "hit":21,
          "miss":209
        },
        "mshr full": 14421,
        "prefetch requested": 139105,
        "prefetch issued": 139105,
        "prefetch filled": 53299,
        "prefetch useful": 7952,
        "prefetch useless": 46537,
        "prefetch late": 944,
        "pf_useful_at_l2_from_l1":          0,
        "pf_late_at_l2_from_l1":          0,
        "pf_useless_at_l2_from_l1":          0,
        "pf_at_l2_to_l1":          3,
        "pf_fill_this_level":      53262,
        "miss latency": 1.69795,
        "cache queues": {
          "PQ_ACCESS": 139105,
          "PQ_FULL": 0,
          "PQ_TO_CACHE": 139105,
          "PQ_MERGED": 120,
          "RQ_ACCESS": 1215585,
          "RQ_MERGED": 1506,
          "RQ_FULL": 276937,
          "WQ_ACCESS": 354285,
          "WQ_MERGED": 0,
          "WQ_FULL": 166
        }
      },
      "cpu0_L2C": {
        "LOAD": {
          "hit":50303,
          "miss":5661
        },
        "RFO": {
          "hit":19852,
          "miss":3979
        },
        "PREFETCH": {
          "hit":112795,
          "miss":13755
        },
        "WRITE": {
          "hit":37087,
          "miss":0
        },
        "TRANSLATION": {
          "hit":61,
          "miss":148
        },
        "mshr full": 816,
        "prefetch requested": 0,
        "prefetch issued": 0,
        "prefetch filled": 13340,
        "prefetch useful": 0,
        "prefetch useless": 0,
        "prefetch late": 0,
        "pf_useful_at_l2_from_l1":       2790,
        "pf_late_at_l2_from_l1":        415,
        "pf_useless_at_l2_from_l1":       3895,
        "pf_at_l2_to_l1":       1483,
        "pf_fill_this_level":       7647,
        "miss latency": 21.9347,
        "cache queues": {
          "PQ_ACCESS": 126672,
          "PQ_FULL": 90,
          "PQ_TO_CACHE": 126582,
          "PQ_MERGED": 2,
          "RQ_ACCESS": 80294,
          "RQ_MERGED": 0,
          "RQ_FULL": 0,
          "WQ_ACCESS": 37087,
          "WQ_MERGED": 0,
          "WQ_FULL": 0
        }
      },
      "LLC": {
        "LOAD": {
          "hit": [1287],
          "miss": [3959]
        },
        "RFO": {
          "hit": [3896],
          "miss": [83]
        },
        "PREFETCH": {
          "hit": [5430],
          "miss": [8325]
        },
        "WRITE": {
          "hit": [4500],
          "miss": [0]
        },
        "TRANSLATION": {
          "hit": [47],
          "miss": [101]
        },
        "mshr full": 0,
        "prefetch requested": 0,
        "prefetch issued": 0,
        "prefetch filled": 8325,
        "prefetch useful": 0,
        "prefetch useless": 0,
        "prefetch late": 0,
        "pf_useful_at_l2_from_l1":          0,
        "pf_late_at_l2_from_l1":          0,
        "pf_useless_at_l2_from_l1":          0,
        "pf_at_l2_to_l1":        228,
        "pf_fill_this_level":          0,
        "miss latency": 36.1646,
        "cache queues": {
          "PQ_ACCESS": 13755,
          "PQ_FULL": 0,
          "PQ_TO_CACHE": 13755,
          "PQ_MERGED": 0,
          "RQ_ACCESS": 9373,
          "RQ_MERGED": 0,
          "RQ_FULL": 0,
          "WQ_ACCESS": 4500,
          "WQ_MERGED": 0,
          "WQ_FULL": 0
        }
      },
      "DRAM": [
        {
          "RQ ROW_BUFFER_HIT": 4527,
          "RQ ROW_BUFFER_MISS": 7941,
          "PQ FULL": 0,
          "WQ ROW_BUFFER_HIT": 21,
          "WQ ROW_BUFFER_MISS": 279,
          "WQ FULL": 0,
          "AVG DBUS CONGESTED CYCLE": 3.93302
        }
      ]

    },
    "sim": {
      "cores": [
        {
          "instructions": 5000000,
          "cycles": 1553472,
          "Avg ROB occupancy at mispredict": 322.078, 
          "mispredict": {
            "BRANCH_DIRECT_JUMP": 0,
            "BRANCH_INDIRECT": 0,
            "BRANCH_CONDITIONAL": 1048,
            "BRANCH_DIRECT_CALL": 0,
            "BRANCH_INDIRECT_CALL": 0,
            "BRANCH_RETURN": 0
          }
        }
      ],
      "cpu0_L1I": {
        "LOAD": {
          "hit":32,
          "miss":0
        },
        "RFO": {
          "hit":0,
          "miss":0
        },
        "PREFETCH": {
          "hit":0,
          "miss":0
        },
        "WRITE": {
          "hit":0,
          "miss":0
        },
        "TRANSLATION": {
          "hit":0,
          "miss":0
        },
        "mshr full": 0,
        "prefetch requested": 0,
        "prefetch issued": 0,
        "prefetch filled": 0,
        "prefetch useful": 0,
        "prefetch useless": 0,
        "prefetch late": 0,
        "pf_useful_at_l2_from_l1":          0,
        "pf_late_at_l2_from_l1":          0,
        "pf_useless_at_l2_from_l1":          0,
        "pf_at_l2_to_l1":          0,
        "pf_fill_this_level":          0,
        "miss latency": null,
        "cache queues": {
          "PQ_ACCESS": 0,
          "PQ_FULL": 0,
          "PQ_TO_CACHE": 0,
          "PQ_MERGED": 0,
          "RQ_ACCESS": 32,
          "RQ_MERGED": 0,
          "RQ_FULL": 0,
          "WQ_ACCESS": 0,
          "WQ_MERGED": 0,
          "WQ_FULL": 0
        }
      },
      "cpu0_ITLB": {
        "LOAD": {
          "hit":27,
          "miss":0
        },
        "RFO": {
          "hit":0,
          "miss":0
        },
        "PREFETCH": {
          "hit":0,
          "miss":0
        },
        "WRITE": {
          "hit":0,
          "miss":0
        },
        "TRANSLATION": {
          "hit":0,
          "miss":0
        },
        "mshr full": 0,
        "prefetch requested": 0,
        "prefetch issued": 0,
        "prefetch filled": 0,
        "prefetch useful": 0,
        "prefetch useless": 0,
        "prefetch late": 0,
        "pf_useful_at_l2_from_l1":          0,
        "pf_late_at_l2_from_l1":          0,
        "pf_useless_at_l2_from_l1":          0,
        "pf_at_l2_to_l1":          0,
        "pf_fill_this_level":          0,
        "miss latency": null,
        "cache queues": {
          "PQ_ACCESS": 0,
          "PQ_FULL": 0,
          "PQ_TO_CACHE": 0,
          "PQ_MERGED": 0,
          "RQ_ACCESS": 27,
          "RQ_MERGED": 0,
          "RQ_FULL": 0,
          "WQ_ACCESS": 0,
          "WQ_MERGED": 0,
          "WQ_FULL": 0
        }
      },
      "cpu0_DTLB": {
        "LOAD": {
          "hit":1182973,
          "miss":88883
        },
        "RFO": {
          "hit":0,
          "miss":0
        },
        "PREFETCH": {
          "hit":0,
          "miss":0
        },
        "WRITE": {
          "hit":0,
          "miss":0
        },
        "TRANSLATION": {
          "hit":0,
          "miss":0
        },
        "mshr full": 3362,
        "prefetch requested": 0,
        "prefetch issued": 0,
        "prefetch filled": 0,
        "prefetch useful": 0,
        "prefetch useless": 0,
        "prefetch late": 0,
        "pf_useful_at_l2_from_l1":          0,
        "pf_late_at_l2_from_l1":          0,
        "pf_useless_at_l2_from_l1":          0,
        "pf_at_l2_to_l1":          0,
        "pf_fill_this_level":          0,
        "miss latency": 0.350215,
        "cache queues": {
          "PQ_ACCESS": 0,
          "PQ_FULL": 0,
          "PQ_TO_CACHE": 0,
          "PQ_MERGED": 0,
          "RQ_ACCESS": 1427265,
          "RQ_MERGED": 0,
          "RQ_FULL": 155409,
          "WQ_ACCESS": 0,
          "WQ_MERGED": 0,
          "WQ_FULL": 0
        }
      },
      "cpu0_STLB": {
        "LOAD": {
          "hit":52759,
          "miss":187
        },
        "RFO": {
          "hit":0,
          "miss":0
        },
        "PREFETCH": {
          "hit":0,
          "miss":0
        },
        "WRITE": {
          "hit":0,
          "miss":0
        },
        "TRANSLATION": {
          "hit":0,
          "miss":0
        },
        "mshr full": 0,
        "prefetch requested": 0,
        "prefetch issued": 0,
        "prefetch filled": 0,
        "prefetch useful": 0,
        "prefetch useless": 0,
        "prefetch late": 0,
        "pf_useful_at_l2_from_l1":          0,
        "pf_late_at_l2_from_l1":          0,
        "pf_useless_at_l2_from_l1":          0,
        "pf_at_l2_to_l1":          0,
        "pf_fill_this_level":          0,
        "miss latency": 23.1354,
        "cache queues": {
          "PQ_ACCESS": 0,
          "PQ_FULL": 0,
          "PQ_TO_CACHE": 0,
          "PQ_MERGED": 0,
          "RQ_ACCESS": 52946,
          "RQ_MERGED": 0,
          "RQ_FULL": 0,
          "WQ_ACCESS": 0,
          "WQ_MERGED": 0,
          "WQ_FULL": 0
        }
      },
      "cpu0_L1D": {
        "LOAD": {
          "hit":830644,
          "miss":106495
        },
        "RFO": {
          "hit":0,
          "miss":0
        },
        "PREFETCH": {
          "hit":11600,
          "miss":127384
        },
        "WRITE": {
          "hit":318567,
          "miss":35552
        },
        "TRANSLATION": {
          "hit":21,
          "miss":209
        },
        "mshr full": 14421,
        "prefetch requested": 139105,
        "prefetch issued": 139105,
        "prefetch filled": 53299,
        "prefetch useful": 7952,
        "prefetch useless": 46537,
        "prefetch late": 944,
        "pf_useful_at_l2_from_l1":          0,
        "pf_late_at_l2_from_l1":          0,
        "pf_useless_at_l2_from_l1":          0,
        "pf_at_l2_to_l1":          3,
        "pf_fill_this_level":      53262,
        "miss latency": 1.69795,
        "cache queues": {
          "PQ_ACCESS": 139105,
          "PQ_FULL": 0,
          "PQ_TO_CACHE": 139105,
          "PQ_MERGED": 120,
          "RQ_ACCESS": 1215585,
          "RQ_MERGED": 1506,
          "RQ_FULL": 276937,
          "WQ_ACCESS": 354285,
          "WQ_MERGED": 0,
          "WQ_FULL": 166
        }
      },
      "cpu0_L2C": {
        "LOAD": {
          "hit":50303,
          "miss":5661
        },
        "RFO": {
          "hit":19852,
          "miss":3979
        },
        "PREFETCH": {
          "hit":112795,
          "miss":13755
        },
        "WRITE": {
          "hit":37087,
          "miss":0
        },
        "TRANSLATION": {
          "hit":61,
          "miss":148
        },
        "mshr full": 816,
        "prefetch requested": 0,
        "prefetch issued": 0,
        "prefetch filled": 13340,
        "prefetch useful": 0,
        "prefetch useless": 0,
        "prefetch late": 0,
        "pf_useful_at_l2_from_l1":       2790,
        "pf_late_at_l2_from_l1":        415,
        "pf_useless_at_l2_from_l1":       3895,
        "pf_at_l2_to_l1":       1483,
        "pf_fill_this_level":       7647,
        "miss latency": 21.9347,
        "cache queues": {
          "PQ_ACCESS": 126672,
          "PQ_FULL": 90,
          "PQ_TO_CACHE": 126582,
          "PQ_MERGED": 2,
          "RQ_ACCESS": 80294,
          "RQ_MERGED": 0,
          "RQ_FULL": 0,
          "WQ_ACCESS": 37087,
          "WQ_MERGED": 0,
          "WQ_FULL": 0
        }
      },
      "LLC": {
        "LOAD": {
          "hit": [1287],
          "miss": [3959]
        },
        "RFO": {
          "hit": [3896],
          "miss": [83]
        },
        "PREFETCH": {
          "hit": [5430],
          "miss": [8325]
        },
        "WRITE": {
          "hit": [4500],
          "miss": [0]
        },
        "TRANSLATION": {
          "hit": [47],
          "miss": [101]
        },
        "mshr full": 0,
        "prefetch requested": 0,
        "prefetch issued": 0,
        "prefetch filled": 8325,
        "prefetch useful": 0,
        "prefetch useless": 0,
        "prefetch late": 0,
        "pf_useful_at_l2_from_l1":          0,
        "pf_late_at_l2_from_l1":          0,
        "pf_useless_at_l2_from_l1":          0,
        "pf_at_l2_to_l1":        228,
        "pf_fill_this_level":          0,
        "miss latency": 36.1646,
        "cache queues": {
          "PQ_ACCESS": 13755,
          "PQ_FULL": 0,
          "PQ_TO_CACHE": 13755,
          "PQ_MERGED": 0,
          "RQ_ACCESS": 9373,
          "RQ_MERGED": 0,
          "RQ_FULL": 0,
          "WQ_ACCESS": 4500,
          "WQ_MERGED": 0,
          "WQ_FULL": 0
        }
      },
      "DRAM": [
        {
          "RQ ROW_BUFFER_HIT": 4527,
          "RQ ROW_BUFFER_MISS": 7941,
          "PQ FULL": 0,
          "WQ ROW_BUFFER_HIT": 21,
          "WQ ROW_BUFFER_MISS": 279,
          "WQ FULL": 0,
          "AVG DBUS CONGESTED CYCLE": 3.93302
        }
      ]

    }
  }
]
cpu0_ITLB
cpu0_DTLB
cpu0_STLB
Prefetch Request to L1: 62333, Prefetch Request to L2: 76772
Invalid by Eviction: 5893
Invalid by Max: 39
Filter table begin
 ┌────────────────────┬─────────────┐
 | Region             | Offset      |
 ├────────────────────┼─────────────┤
 | 0x0000000000000c84 | 4           |
 ├────────────────────┼─────────────┤
 | 0x000000000000026d | 29          |
 ├────────────────────┼─────────────┤
 | 0x0000000000000693 | 27          |
 ├────────────────────┼─────────────┤
 | 0x0000000000000689 | 28          |
 ├────────────────────┼─────────────┤
 | 0x00000000000006b6 | 20          |
 ├────────────────────┼─────────────┤
 | 0x00000000000006bd | 1           |
 ├────────────────────┼─────────────┤
 | 0x00000000000006d8 | 23          |
 ├────────────────────┼─────────────┤
 | 0x0000000000000cd4 | 1           |
 ├────────────────────┼─────────────┤
 | 0x0000000000000c44 | 8           |
 ├────────────────────┼─────────────┤
 | 0x0000000000000662 | 22          |
 ├────────────────────┼─────────────┤
 | 0x000000000000068c | 31          |
 ├────────────────────┼─────────────┤
 | 0x00000000000007e5 | 20          |
 ├────────────────────┼─────────────┤
 | 0x0000000000000ac9 | 31          |
 ├────────────────────┼─────────────┤
 | 0x00000000000006aa | 21          |
 ├────────────────────┼─────────────┤
 | 0x00000000000006e3 | 20          |
 └────────────────────┴─────────────┘
Filter table end
Accumulation table begin
 ┌────────────────────┬─────────────┬─────────────┬──────────────────────────────────────────────────────────────────┐
 | Region             | Offset      | Second      | Pattern                                                          |
 ├────────────────────┼─────────────┼─────────────┼──────────────────────────────────────────────────────────────────┤
 | 0x0000000000000273 | 17          | 11          | 0 0 0 0 0 1 0 1 0 0 0 1 0 0 0 0 0 1 0 1 1 1 1 1 1 1 1 1 1 1 1 1  |
 ├────────────────────┼─────────────┼─────────────┼──────────────────────────────────────────────────────────────────┤
 | 0x00000000000007f4 | 0           | 1           | 1 1 1 0 0 0 0 0 0 0 0 0 0 0 0 0 0 0 0 0 0 0 0 0 0 0 0 0 0 0 0 0  |
 ├────────────────────┼─────────────┼─────────────┼──────────────────────────────────────────────────────────────────┤
 | 0x00000000000006f9 | 5           | 6           | 1 1 1 1 1 1 1 1 1 1 1 1 1 1 1 1 1 1 1 1 1 1 1 1 1 1 1 1 1 1 1 1  |
 ├────────────────────┼─────────────┼─────────────┼──────────────────────────────────────────────────────────────────┤
 | 0x0000000000000b3e | 26          | 27          | 0 0 0 0 0 0 0 0 0 0 0 0 0 0 0 0 0 0 0 0 0 0 0 0 0 0 1 1 1 1 1 1  |
 ├────────────────────┼─────────────┼─────────────┼──────────────────────────────────────────────────────────────────┤
 | 0x00000000000007fd | 9           | 10          | 0 0 0 0 0 0 0 0 0 1 1 1 1 1 1 1 1 1 1 1 1 1 1 1 1 1 0 0 0 0 0 0  |
 ├────────────────────┼─────────────┼─────────────┼──────────────────────────────────────────────────────────────────┤
 | 0x0000000000000491 | 0           | 1           | 1 1 1 1 1 1 1 1 1 1 1 1 1 1 1 0 0 0 0 0 0 0 0 0 0 0 0 0 0 0 0 0  |
 ├────────────────────┼─────────────┼─────────────┼──────────────────────────────────────────────────────────────────┤
 | 0x0000000000000b40 | 27          | 28          | 0 0 0 0 0 0 0 0 0 0 0 0 0 0 0 0 0 0 0 0 0 0 0 0 0 0 0 1 1 1 1 1  |
 ├────────────────────┼─────────────┼─────────────┼──────────────────────────────────────────────────────────────────┤
 | 0x0000000000000b57 | 8           | 9           | 0 0 0 0 0 0 0 0 1 1 1 1 1 1 1 1 1 1 1 1 1 1 1 1 1 0 0 0 0 0 0 0  |
 ├────────────────────┼─────────────┼─────────────┼──────────────────────────────────────────────────────────────────┤
 | 0x0000000000000219 | 16          | 17          | 0 0 0 0 0 0 0 0 0 0 0 0 0 0 0 0 1 1 1 1 1 1 1 1 1 1 1 1 1 1 1 1  |
 ├────────────────────┼─────────────┼─────────────┼──────────────────────────────────────────────────────────────────┤
 | 0x0000000000000492 | 6           | 7           | 0 0 0 0 0 0 1 1 0 0 0 0 0 0 0 0 0 0 0 0 0 0 0 0 0 0 0 0 0 1 0 0  |
 ├────────────────────┼─────────────┼─────────────┼──────────────────────────────────────────────────────────────────┤
 | 0x0000000000000b5e | 11          | 12          | 0 0 0 0 0 0 0 0 0 0 0 1 1 1 1 1 1 1 1 1 1 1 1 1 1 1 1 1 0 0 0 0  |
 ├────────────────────┼─────────────┼─────────────┼──────────────────────────────────────────────────────────────────┤
 | 0x0000000000000b43 | 29          | 30          | 0 0 0 0 0 0 0 0 0 0 0 0 0 0 0 0 0 0 0 0 0 0 0 0 0 0 0 0 0 1 1 1  |
 ├────────────────────┼─────────────┼─────────────┼──────────────────────────────────────────────────────────────────┤
 | 0x0000000000000b45 | 30          | 31          | 0 0 0 0 0 0 0 0 0 0 0 0 0 0 0 0 0 0 0 0 0 0 0 0 0 0 0 0 0 0 1 1  |
 ├────────────────────┼─────────────┼─────────────┼──────────────────────────────────────────────────────────────────┤
 | 0x0000000000000475 | 9           | 8           | 0 0 0 0 0 0 0 0 1 1 1 1 1 1 1 1 1 1 1 1 1 1 1 1 1 1 0 0 0 0 0 0  |
 ├────────────────────┼─────────────┼─────────────┼──────────────────────────────────────────────────────────────────┤
 | 0x0000000000000b52 | 4           | 3           | 0 0 0 1 1 1 1 1 1 1 1 1 1 1 1 1 1 1 1 1 1 0 0 0 0 0 0 0 0 0 0 0  |
 ├────────────────────┼─────────────┼─────────────┼──────────────────────────────────────────────────────────────────┤
 | 0x000000000000026c | 12          | 13          | 0 0 0 0 0 0 0 0 0 0 0 0 1 1 1 1 1 1 1 1 1 1 1 1 1 1 1 1 1 0 0 0  |
 ├────────────────────┼─────────────┼─────────────┼──────────────────────────────────────────────────────────────────┤
 | 0x0000000000000a4c | 30          | 31          | 0 0 0 0 0 0 0 0 0 0 0 0 0 0 0 0 0 0 0 0 0 0 0 0 0 0 0 0 0 0 1 1  |
 ├────────────────────┼─────────────┼─────────────┼──────────────────────────────────────────────────────────────────┤
 | 0x000000000000045f | 2           | 3           | 0 0 1 1 1 1 1 1 1 1 1 1 1 1 1 1 1 1 1 0 0 0 0 0 0 0 0 0 0 0 0 0  |
 ├────────────────────┼─────────────┼─────────────┼──────────────────────────────────────────────────────────────────┤
 | 0x0000000000000b55 | 7           | 6           | 0 0 0 0 0 0 1 1 1 1 1 1 1 1 1 1 1 1 1 1 1 1 1 1 0 0 0 0 0 0 0 0  |
 ├────────────────────┼─────────────┼─────────────┼──────────────────────────────────────────────────────────────────┤
 | 0x00000000000004b4 | 28          | 29          | 0 0 0 0 0 0 0 0 0 0 0 0 0 0 0 0 0 0 0 0 0 0 0 0 0 0 0 0 1 1 1 1  |
 ├────────────────────┼─────────────┼─────────────┼──────────────────────────────────────────────────────────────────┤
 | 0x00000000000006f8 | 0           | 1           | 1 1 1 1 1 1 1 1 1 1 1 1 1 1 1 1 1 1 1 1 1 1 1 1 1 1 1 1 1 1 1 1  |
 ├────────────────────┼─────────────┼─────────────┼──────────────────────────────────────────────────────────────────┤
 | 0x0000000000000490 | 30          | 31          | 0 0 0 0 0 0 0 0 0 0 0 0 0 0 0 0 0 0 0 0 0 0 0 0 0 0 0 0 0 0 1 1  |
 ├────────────────────┼─────────────┼─────────────┼──────────────────────────────────────────────────────────────────┤
 | 0x00000000000004b8 | 4           | 5           | 1 1 1 1 1 1 1 1 1 1 1 1 1 1 1 1 1 1 1 1 1 0 0 0 0 0 0 0 0 0 0 0  |
 ├────────────────────┼─────────────┼─────────────┼──────────────────────────────────────────────────────────────────┤
 | 0x0000000000000b4e | 5           | 6           | 0 0 0 0 0 1 1 1 1 1 1 1 1 1 1 1 1 1 1 1 1 1 1 0 0 0 0 0 0 0 0 0  |
 ├────────────────────┼─────────────┼─────────────┼──────────────────────────────────────────────────────────────────┤
 | 0x0000000000000b5c | 12          | 11          | 0 0 0 0 0 0 0 0 0 0 0 1 1 1 1 1 1 1 1 1 1 1 1 1 1 1 1 1 1 0 0 0  |
 ├────────────────────┼─────────────┼─────────────┼──────────────────────────────────────────────────────────────────┤
 | 0x0000000000000465 | 29          | 30          | 0 0 0 0 0 0 0 0 0 0 0 0 0 0 0 0 0 0 0 0 0 0 0 0 0 0 0 0 0 1 1 1  |
 ├────────────────────┼─────────────┼─────────────┼──────────────────────────────────────────────────────────────────┤
 | 0x0000000000000b60 | 10          | 11          | 0 0 0 0 0 0 0 0 0 0 1 1 1 1 1 1 1 1 1 1 1 1 1 1 1 1 1 0 0 0 0 0  |
 └────────────────────┴─────────────┴─────────────┴──────────────────────────────────────────────────────────────────┘
Accumulation table end
Offset pattern table begin
 ┌────────────────────┬─────────────┬─────────────────────────────────────────────────────────────────────────────────────────┐
 | Key                | Second      | Pattern                                                                                 |
 ├────────────────────┼─────────────┼─────────────────────────────────────────────────────────────────────────────────────────┤
 | 0x0000000000000000 | 1           | 30 29 29 27 25 23 21 19 17 16 14 12 9 8 6 5 2 1 0 0 0 0 0 0 0 0 0 0 0 0 0 0             |
 ├────────────────────┼─────────────┼─────────────────────────────────────────────────────────────────────────────────────────┤
 | 0x0000000000000001 | 18          | 26 25 23 21 16 16 15 14 12 11 11 11 11 10 10 10 12 5 3 3 3 2 2 2 0 0 0 0 0 0 0 7        |
 ├────────────────────┼─────────────┼─────────────────────────────────────────────────────────────────────────────────────────┤
 | 0x0000000000000002 | 3           | 18 17 13 11 10 10 10 10 10 10 10 9 9 8 8 8 8 2 1 0 0 0 0 0 0 0 0 0 0 0 1 3              |
 ├────────────────────┼─────────────┼─────────────────────────────────────────────────────────────────────────────────────────┤
 | 0x0000000000000003 | 20          | 23 22 18 15 13 12 11 11 10 10 10 10 10 10 10 10 10 3 2 1 1 1 0 0 0 0 0 0 0 0 0 2        |
 ├────────────────────┼─────────────┼─────────────────────────────────────────────────────────────────────────────────────────┤
 | 0x0000000000000004 | 21          | 20 14 13 18 12 16 12 16 17 12 12 12 12 16 11 15 15 5 4 4 4 3 3 3 3 3 3 3 4 4 4 5        |
 ├────────────────────┼─────────────┼─────────────────────────────────────────────────────────────────────────────────────────┤
 | 0x0000000000000005 | 6           | 31 29 22 18 17 15 16 16 14 14 13 13 14 13 13 13 12 4 2 1 0 0 0 0 0 0 0 0 0 0 0 3        |
 ├────────────────────┼─────────────┼─────────────────────────────────────────────────────────────────────────────────────────┤
 | 0x0000000000000006 | 22          | 26 24 15 11 11 10 10 10 10 10 10 10 10 10 10 10 16 8 4 2 0 0 0 5 0 0 0 0 0 0 0 1        |
 ├────────────────────┼─────────────┼─────────────────────────────────────────────────────────────────────────────────────────┤
 | 0x0000000000000007 | 24          | 23 19 17 13 12 11 11 10 9 9 10 9 9 9 9 9 11 13 6 4 1 1 1 0 0 0 0 0 0 0 0 1              |
 ├────────────────────┼─────────────┼─────────────────────────────────────────────────────────────────────────────────────────┤
 | 0x0000000000000008 | 9           | 21 20 16 15 14 13 13 10 10 10 9 9 9 9 9 9 10 5 3 2 1 0 0 0 0 0 0 0 0 0 0 3              |
 ├────────────────────┼─────────────┼─────────────────────────────────────────────────────────────────────────────────────────┤
 | 0x0000000000000009 | 25          | 21 20 18 15 14 12 11 11 11 11 11 11 11 11 10 10 11 6 5 4 2 1 0 0 0 0 0 0 0 0 0 1        |
 ├────────────────────┼─────────────┼─────────────────────────────────────────────────────────────────────────────────────────┤
 | 0x000000000000000a | 11          | 26 25 25 24 24 22 22 22 22 22 22 22 22 21 21 21 21 8 7 5 5 5 5 5 5 5 5 5 5 5 5 7        |
 ├────────────────────┼─────────────┼─────────────────────────────────────────────────────────────────────────────────────────┤
 | 0x000000000000000b | 12          | 28 15 13 13 12 12 25 12 25 25 25 25 25 25 24 24 25 18 16 16 16 3 3 3 3 3 16 3 16 3 3 5  |
 ├────────────────────┼─────────────┼─────────────────────────────────────────────────────────────────────────────────────────┤
 | 0x000000000000000c | 13          | 30 22 20 20 19 26 19 19 19 19 19 17 15 15 15 15 17 7 3 3 2 2 2 2 2 9 1 7 0 7 0 9        |
 ├────────────────────┼─────────────┼─────────────────────────────────────────────────────────────────────────────────────────┤
 | 0x000000000000000d | 14          | 23 22 20 19 18 18 18 18 18 18 18 16 15 15 15 15 17 12 10 10 9 9 9 9 9 9 7 7 6 6 6 8     |
 ├────────────────────┼─────────────┼─────────────────────────────────────────────────────────────────────────────────────────┤
 | 0x000000000000000e | 15          | 26 24 21 19 19 19 18 18 18 18 14 12 12 12 12 10 11 9 7 6 5 5 5 5 5 1 1 0 0 0 1 4        |
 ├────────────────────┼─────────────┼─────────────────────────────────────────────────────────────────────────────────────────┤
 | 0x000000000000000f | 16          | 24 24 21 19 19 19 18 18 16 13 11 11 11 11 11 10 10 8 6 6 5 5 5 4 1 1 0 0 0 0 0 3        |
 ├────────────────────┼─────────────┼─────────────────────────────────────────────────────────────────────────────────────────┤
 | 0x0000000000000010 | 0           | 27 25 24 23 23 22 22 22 19 17 17 17 17 16 16 16 7 5 5 4 4 4 4 2 2 0 0 0 0 0 0 2         |
 ├────────────────────┼─────────────┼─────────────────────────────────────────────────────────────────────────────────────────┤
 | 0x0000000000000011 | 7           | 16 8 14 13 13 13 13 13 13 13 12 12 12 12 12 0 0 0 0 2 6 0 7 0 1 0 7 2 0 0 0 0           |
 ├────────────────────┼─────────────┼─────────────────────────────────────────────────────────────────────────────────────────┤
 | 0x0000000000000012 | 19          | 26 26 24 23 23 20 19 19 19 18 18 17 17 16 0 1 4 4 3 3 3 2 2 2 0 0 1 1 1 1 1 5           |
 ├────────────────────┼─────────────┼─────────────────────────────────────────────────────────────────────────────────────────┤
 | 0x0000000000000013 | 20          | 30 30 26 25 21 19 19 19 19 19 19 19 18 0 0 0 3 3 2 2 1 1 1 0 0 0 0 0 0 0 0 4            |
 ├────────────────────┼─────────────┼─────────────────────────────────────────────────────────────────────────────────────────┤
 | 0x0000000000000014 | 4           | 29 28 25 19 16 16 16 15 15 15 15 15 0 0 0 1 3 3 2 0 0 0 0 0 0 0 0 0 0 0 0 1             |
 ├────────────────────┼─────────────┼─────────────────────────────────────────────────────────────────────────────────────────┤
 | 0x0000000000000015 | 22          | 24 23 17 15 15 15 15 15 15 15 14 0 0 0 0 1 3 2 0 0 0 0 0 0 0 0 0 0 0 0 0 3              |
 ├────────────────────┼─────────────┼─────────────────────────────────────────────────────────────────────────────────────────┤
 | 0x0000000000000016 | 5           | 16 15 11 10 10 9 9 9 9 9 0 0 0 0 0 1 5 2 1 1 0 0 0 0 0 0 0 0 0 0 0 2                    |
 ├────────────────────┼─────────────┼─────────────────────────────────────────────────────────────────────────────────────────┤
 | 0x0000000000000017 | 24          | 25 22 18 15 14 14 12 12 12 0 0 0 0 0 0 4 9 7 3 1 1 1 1 1 1 1 1 1 1 1 1 2                |
 ├────────────────────┼─────────────┼─────────────────────────────────────────────────────────────────────────────────────────┤
 | 0x0000000000000018 | 8           | 22 20 16 13 12 12 12 12 0 0 0 0 0 0 0 3 7 4 1 0 0 0 0 0 0 0 0 0 0 0 0 2                 |
 ├────────────────────┼─────────────┼─────────────────────────────────────────────────────────────────────────────────────────┤
 | 0x0000000000000019 | 26          | 17 16 15 14 14 13 13 0 0 0 0 0 0 0 0 2 3 1 1 0 0 0 0 0 0 0 0 0 0 0 0 1                  |
 ├────────────────────┼─────────────┼─────────────────────────────────────────────────────────────────────────────────────────┤
 | 0x000000000000001a | 9           | 26 24 18 16 16 16 0 0 0 0 0 0 0 0 0 4 7 2 2 1 1 1 1 1 1 1 1 1 1 0 0 3                   |
 ├────────────────────┼─────────────┼─────────────────────────────────────────────────────────────────────────────────────────┤
 | 0x000000000000001b | 28          | 22 21 17 16 15 0 0 0 0 0 0 0 0 0 0 6 6 5 4 4 4 3 3 3 3 3 3 3 0 0 0 0                    |
 ├────────────────────┼─────────────┼─────────────────────────────────────────────────────────────────────────────────────────┤
 | 0x000000000000001c | 29          | 17 16 14 12 1 1 1 1 1 1 1 1 1 1 1 4 7 7 5 5 5 5 5 5 4 4 4 1 1 1 1 2                     |
 ├────────────────────┼─────────────┼─────────────────────────────────────────────────────────────────────────────────────────┤
 | 0x000000000000001d | 7           | 21 15 15 5 5 5 5 5 5 10 10 5 5 5 5 5 6 6 6 6 6 6 6 5 5 5 5 5 5 5 5 8                    |
 ├────────────────────┼─────────────┼─────────────────────────────────────────────────────────────────────────────────────────┤
 | 0x000000000000001e | 13          | 24 23 1 1 1 1 0 0 0 0 0 0 0 0 0 2 2 1 1 1 1 1 0 0 0 0 0 0 0 0 0 1                       |
 ├────────────────────┼─────────────┼─────────────────────────────────────────────────────────────────────────────────────────┤
 | 0x000000000000001f | 15          | 26 11 7 7 6 5 5 5 0 15 14 12 10 10 8 11 15 13 10 8 7 7 6 6 5 0 0 0 0 0 0 3              |
 └────────────────────┴─────────────┴─────────────────────────────────────────────────────────────────────────────────────────┘
Offset pattern table end
PC pattern table begin
 ┌────────────────────┬─────────────┬──────────────────────────────────────────────────┐
 | Key                | Second      | Pattern                                          |
 ├────────────────────┼─────────────┼──────────────────────────────────────────────────┤
 | 0x0000000000000000 | 7           | 17 0 0 0 0 0 0 0 0 0 0 17 0 0 0 0                |
 ├────────────────────┼─────────────┼──────────────────────────────────────────────────┤
 | 0x0000000000000001 | 14          | 22 22 22 22 22 22 22 22 22 0 0 0 0 0 22 22       |
 ├────────────────────┼─────────────┼──────────────────────────────────────────────────┤
 | 0x0000000000000002 | 17          | 2 0 0 2 1 1 1 1 1 1 1 0 0 2 1 0                  |
 ├────────────────────┼─────────────┼──────────────────────────────────────────────────┤
 | 0x0000000000000003 | 6           | 27 21 18 16 11 9 7 5 4 0 0 0 0 0 0 1             |
 ├────────────────────┼─────────────┼──────────────────────────────────────────────────┤
 | 0x0000000000000004 | 6           | 2 1 1 1 1 2 1 1 1 1 1 1 1 1 1 1                  |
 ├────────────────────┼─────────────┼──────────────────────────────────────────────────┤
 | 0x0000000000000005 | 16          | 24 22 18 15 15 10 10 10 22 21 19 15 15 10 10 10  |
 ├────────────────────┼─────────────┼──────────────────────────────────────────────────┤
 | 0x0000000000000006 | 14          | 22 13 0 0 0 0 0 0 0 0 0 0 0 0 0 0                |
 ├────────────────────┼─────────────┼──────────────────────────────────────────────────┤
 | 0x0000000000000007 | 9           | 23 22 19 17 16 15 13 12 10 0 0 0 0 0 0 0         |
 ├────────────────────┼─────────────┼──────────────────────────────────────────────────┤
 | 0x0000000000000008 | 13          | 24 23 8 22 8 8 7 7 7 2 2 2 2 17 17 18            |
 ├────────────────────┼─────────────┼──────────────────────────────────────────────────┤
 | 0x0000000000000009 | 10          | 12 12 12 12 12 12 12 12 12 0 0 0 0 0 0 0         |
 ├────────────────────┼─────────────┼──────────────────────────────────────────────────┤
 | 0x000000000000000a | 22          | 23 21 19 18 18 18 18 16 21 6 4 1 1 1 1 1         |
 ├────────────────────┼─────────────┼──────────────────────────────────────────────────┤
 | 0x000000000000000b | 29          | 20 0 0 0 0 0 0 0 0 0 0 20 0 0 0 0                |
 ├────────────────────┼─────────────┼──────────────────────────────────────────────────┤
 | 0x000000000000000d | 11          | 31 26 14 8 6 5 5 5 5 5 5 5 5 5 5 5               |
 ├────────────────────┼─────────────┼──────────────────────────────────────────────────┤
 | 0x000000000000000e | 21          | 29 26 26 25 25 23 21 16 7 1 0 0 0 0 0 2          |
 ├────────────────────┼─────────────┼──────────────────────────────────────────────────┤
 | 0x000000000000000f | 9           | 20 15 9 3 2 1 0 0 0 3 3 2 2 1 0 0                |
 ├────────────────────┼─────────────┼──────────────────────────────────────────────────┤
 | 0x0000000000000010 | 28          | 24 23 21 21 21 21 21 21 23 23 21 21 21 21 21 21  |
 ├────────────────────┼─────────────┼──────────────────────────────────────────────────┤
 | 0x0000000000000011 | 26          | 27 24 23 21 18 16 12 10 8 0 0 0 0 0 0 1          |
 ├────────────────────┼─────────────┼──────────────────────────────────────────────────┤
 | 0x0000000000000012 | 24          | 21 19 5 3 3 2 0 0 3 10 6 4 3 2 0 0               |
 ├────────────────────┼─────────────┼──────────────────────────────────────────────────┤
 | 0x0000000000000015 | 11          | 1 1 1 1 1 1 1 1 0 0 0 0 0 0 0 1                  |
 ├────────────────────┼─────────────┼──────────────────────────────────────────────────┤
 | 0x0000000000000016 | 29          | 2 0 0 0 0 0 0 0 0 0 0 2 0 0 0 0                  |
 ├────────────────────┼─────────────┼──────────────────────────────────────────────────┤
 | 0x0000000000000017 | 28          | 30 25 25 25 25 24 24 23 25 25 25 25 25 24 24 24  |
 ├────────────────────┼─────────────┼──────────────────────────────────────────────────┤
 | 0x0000000000000018 | 6           | 28 21 6 1 0 0 0 9 27 15 11 9 9 9 3 0             |
 ├────────────────────┼─────────────┼──────────────────────────────────────────────────┤
 | 0x0000000000000019 | 17          | 16 2 2 16 14 16 14 14 14 14 14 0 0 14 14 2       |
 ├────────────────────┼─────────────┼──────────────────────────────────────────────────┤
 | 0x000000000000001b | 7           | 19 18 17 16 14 13 11 10 7 0 0 0 0 0 0 1          |
 ├────────────────────┼─────────────┼──────────────────────────────────────────────────┤
 | 0x000000000000001c | 9           | 29 28 21 21 29 0 29 21 21 21 21 21 21 21 0 0     |
 ├────────────────────┼─────────────┼──────────────────────────────────────────────────┤
 | 0x000000000000001d | 25          | 23 22 20 19 16 12 11 8 6 0 0 0 0 0 0 1           |
 ├────────────────────┼─────────────┼──────────────────────────────────────────────────┤
 | 0x000000000000001e | 25          | 11 4 3 3 2 1 1 1 4 4 4 3 3 1 1 1                 |
 ├────────────────────┼─────────────┼──────────────────────────────────────────────────┤
 | 0x000000000000001f | 7           | 11 8 6 8 7 7 7 7 1 1 2 2 1 3 3 2                 |
 └────────────────────┴─────────────┴──────────────────────────────────────────────────┘
PC pattern table end
Prefetch buffer begin
 ┌────────────────────┬──────────────────────────────────────────────────────────────────┐
 | Region             | Pattern                                                          |
 ├────────────────────┼──────────────────────────────────────────────────────────────────┤
 | 0x0000000000000aff | 0 0 0 0 0 0 0 0 0 0 2 2 2 2 2 2 2 2 2 2 2 0 0 0 0 0 0 0 0 0 0 0  |
 ├────────────────────┼──────────────────────────────────────────────────────────────────┤
 | 0x0000000000000dd0 | 0 0 0 1 1 1 1 1 1 1 2 2 2 2 2 0 0 0 0 0 0 0 0 0 0 0 0 0 0 0 0 0  |
 ├────────────────────┼──────────────────────────────────────────────────────────────────┤
 | 0x0000000000000dbc | 0 0 0 0 0 0 0 0 0 0 0 0 0 0 2 0 0 0 0 0 0 0 0 0 0 0 0 0 0 0 0 0  |
 ├────────────────────┼──────────────────────────────────────────────────────────────────┤
 | 0x0000000000000b37 | 0 0 0 0 0 1 1 1 1 1 2 2 2 2 2 0 0 0 0 0 0 0 0 0 0 0 0 0 0 0 0 0  |
 ├────────────────────┼──────────────────────────────────────────────────────────────────┤
 | 0x0000000000000b04 | 2 2 2 2 2 2 2 0 1 1 2 2 2 2 2 1 1 2 2 2 2 2 2 2 0 0 0 0 0 0 0 0  |
 ├────────────────────┼──────────────────────────────────────────────────────────────────┤
 | 0x0000000000000b5e | 0 0 0 0 0 0 0 0 0 0 0 0 0 0 0 0 0 0 0 0 0 0 0 0 0 0 0 0 1 1 1 1  |
 ├────────────────────┼──────────────────────────────────────────────────────────────────┤
 | 0x0000000000000af5 | 0 0 0 0 0 0 0 0 0 0 0 2 2 2 2 0 0 0 0 0 0 0 0 0 0 0 0 0 0 0 0 0  |
 ├────────────────────┼──────────────────────────────────────────────────────────────────┤
 | 0x0000000000000dda | 0 0 0 0 0 0 0 0 0 1 2 2 2 2 2 0 0 0 0 0 0 0 0 0 0 0 0 0 0 0 0 0  |
 ├────────────────────┼──────────────────────────────────────────────────────────────────┤
 | 0x0000000000000db8 | 0 1 1 1 1 1 1 1 1 1 1 2 2 2 2 0 0 0 0 0 0 0 0 0 0 0 0 0 0 0 0 0  |
 ├────────────────────┼──────────────────────────────────────────────────────────────────┤
 | 0x0000000000000dd4 | 0 0 0 0 0 0 0 0 0 0 0 0 0 0 2 0 0 0 0 0 0 0 0 0 0 0 0 0 0 0 0 0  |
 ├────────────────────┼──────────────────────────────────────────────────────────────────┤
 | 0x0000000000000ac2 | 0 0 0 0 0 0 0 0 0 0 2 2 2 2 2 2 2 2 2 0 0 0 0 0 0 0 0 0 0 0 0 0  |
 ├────────────────────┼──────────────────────────────────────────────────────────────────┤
 | 0x00000000000004b4 | 0 0 0 0 0 0 0 0 0 0 0 2 2 2 2 2 0 0 0 0 0 0 0 0 0 0 0 0 0 0 0 0  |
 ├────────────────────┼──────────────────────────────────────────────────────────────────┤
 | 0x0000000000000a98 | 0 0 0 0 0 0 0 0 0 0 0 0 0 0 0 0 0 0 0 0 0 0 0 2 2 2 2 2 2 2 2 2  |
 ├────────────────────┼──────────────────────────────────────────────────────────────────┤
 | 0x0000000000000411 | 0 0 0 0 0 0 0 0 0 0 0 2 2 2 2 0 0 0 0 0 0 0 0 0 0 0 0 0 0 0 0 0  |
 ├────────────────────┼──────────────────────────────────────────────────────────────────┤
 | 0x0000000000000ac4 | 2 2 2 2 2 2 1 1 2 2 2 2 2 2 2 2 2 2 2 2 2 2 2 2 2 2 0 0 0 0 0 0  |
 ├────────────────────┼──────────────────────────────────────────────────────────────────┤
 | 0x0000000000000dd8 | 0 0 0 0 0 0 0 0 0 0 0 0 0 2 2 0 0 0 0 0 0 0 0 0 0 0 0 0 0 0 0 0  |
 ├────────────────────┼──────────────────────────────────────────────────────────────────┤
 | 0x0000000000000465 | 2 2 2 2 2 2 2 2 2 2 2 2 2 2 2 2 2 2 2 0 0 0 0 0 0 0 0 0 0 0 0 0  |
 ├────────────────────┼──────────────────────────────────────────────────────────────────┤
 | 0x0000000000000b2b | 0 0 1 1 1 1 1 1 1 1 2 2 2 2 2 0 0 0 0 0 0 0 0 0 0 0 0 0 0 0 0 0  |
 ├────────────────────┼──────────────────────────────────────────────────────────────────┤
 | 0x0000000000000dd2 | 0 0 1 1 1 1 1 1 1 1 2 2 2 2 2 0 0 0 0 0 0 0 0 0 0 0 0 0 0 0 0 0  |
 ├────────────────────┼──────────────────────────────────────────────────────────────────┤
 | 0x0000000000000dc6 | 0 0 0 0 0 0 0 0 0 0 0 0 0 2 2 0 0 0 0 0 0 0 0 0 0 0 0 0 0 0 0 0  |
 ├────────────────────┼──────────────────────────────────────────────────────────────────┤
 | 0x0000000000000b60 | 2 2 2 2 0 0 0 0 0 0 0 0 0 0 0 0 0 0 0 0 0 0 0 0 0 0 0 0 0 0 0 0  |
 ├────────────────────┼──────────────────────────────────────────────────────────────────┤
 | 0x0000000000000b52 | 0 0 0 0 0 0 0 0 0 0 0 0 0 0 0 0 0 0 0 0 0 0 0 0 0 0 0 0 0 0 0 2  |
 ├────────────────────┼──────────────────────────────────────────────────────────────────┤
 | 0x000000000000026d | 2 2 2 2 2 2 0 0 0 0 0 0 0 0 0 0 0 0 0 0 0 0 0 0 0 0 0 0 0 0 0 0  |
 ├────────────────────┼──────────────────────────────────────────────────────────────────┤
 | 0x0000000000000dc8 | 0 0 0 0 0 0 0 0 0 0 0 0 2 2 2 0 0 0 0 0 0 0 0 0 0 0 0 0 0 0 0 0  |
 ├────────────────────┼──────────────────────────────────────────────────────────────────┤
 | 0x0000000000000457 | 2 2 2 2 2 2 2 0 1 1 2 2 2 2 2 1 0 0 0 0 0 0 0 0 0 0 0 0 0 0 0 0  |
 ├────────────────────┼──────────────────────────────────────────────────────────────────┤
 | 0x00000000000007e5 | 0 0 0 0 0 0 0 0 0 0 0 0 0 0 0 0 0 0 0 0 0 0 0 0 0 0 0 0 0 1 1 1  |
 ├────────────────────┼──────────────────────────────────────────────────────────────────┤
 | 0x0000000000000b3e | 0 0 0 0 0 0 0 0 0 2 2 0 0 0 0 0 0 0 0 0 0 0 0 0 0 0 0 0 0 0 0 0  |
 ├────────────────────┼──────────────────────────────────────────────────────────────────┤
 | 0x0000000000000b43 | 2 2 2 2 2 2 2 2 2 2 2 2 2 2 2 2 2 2 2 2 2 2 0 0 0 0 0 0 0 0 0 0  |
 └────────────────────┴──────────────────────────────────────────────────────────────────┘
Prefetch buffer end
Filter by PPT: 0
cpu0_L2C
Num Con Filled: 0
Num Con Useful: 0 Useless:0 Accuracy: nan
LLC
