41 41 41
Available num physical pages: 35184372088576
WARNING: physical memory size is smaller than virtual memory size

*** ChampSim Multicore Out-of-Order Simulator ***

Warmup Instructions: 5000000
Simulation Instructions: 5000000
Number of CPUs: 8
Page size: 4096

Basic BTB sets: 1024 ways: 8 indirect buffer size: 4096 RAS size: 64
Basic BTB sets: 1024 ways: 8 indirect buffer size: 4096 RAS size: 64
Basic BTB sets: 1024 ways: 8 indirect buffer size: 4096 RAS size: 64
Basic BTB sets: 1024 ways: 8 indirect buffer size: 4096 RAS size: 64
Basic BTB sets: 1024 ways: 8 indirect buffer size: 4096 RAS size: 64
Basic BTB sets: 1024 ways: 8 indirect buffer size: 4096 RAS size: 64
Basic BTB sets: 1024 ways: 8 indirect buffer size: 4096 RAS size: 64
Basic BTB sets: 1024 ways: 8 indirect buffer size: 4096 RAS size: 64
Off-chip DRAM Size: 32 GiB Channels: 4 Width: 64-bit Data Rate: 3200 MT/s
*** Reached end of trace: ../traces/465.tonto-44B.champsimtrace.xz
*** Reached end of trace: ../traces/465.tonto-44B.champsimtrace.xz
*** Reached end of trace: ../traces/465.tonto-44B.champsimtrace.xz
*** Reached end of trace: ../traces/465.tonto-44B.champsimtrace.xz
*** Reached end of trace: ../traces/465.tonto-44B.champsimtrace.xz
*** Reached end of trace: ../traces/465.tonto-44B.champsimtrace.xz
*** Reached end of trace: ../traces/465.tonto-44B.champsimtrace.xz
