41 41 41
Available num physical pages: 35184372088576
WARNING: physical memory size is smaller than virtual memory size

*** ChampSim Multicore Out-of-Order Simulator ***

Warmup Instructions: 5000000
Simulation Instructions: 200000000
Number of CPUs: 1
Page size: 4096

Basic BTB sets: 1024 ways: 8 indirect buffer size: 4096 RAS size: 64
Off-chip DRAM Size: 4 GiB Channels: 1 Width: 64-bit Data Rate: 3200 MT/s
Max paddr 25M
Warmup finished CPU 0 instructions: 5000000 cycles: 1562012 cumulative IPC: 3.201 (Simulation time: 0 hr 4 min 50 sec) 

Warmup complete CPU 0 instructions: 5000000 cycles: 1562012 (Simulation time: 0 hr 4 min 50 sec) 

Heartbeat CPU 0 instructions: 10000001 cycles: 6938645 heartbeat IPC: 1.44121 cumulative IPC: 0.929951 (Simulation time: 0 hr 14 min 34 sec) 
Heartbeat CPU 0 instructions: 20000000 cycles: 17821600 heartbeat IPC: 0.918868 cumulative IPC: 0.922533 (Simulation time: 0 hr 34 min 50 sec) 
Heartbeat CPU 0 instructions: 30000004 cycles: 28679108 heartbeat IPC: 0.921023 cumulative IPC: 0.921928 (Simulation time: 0 hr 54 min 56 sec) 
Heartbeat CPU 0 instructions: 40000004 cycles: 39540936 heartbeat IPC: 0.920656 cumulative IPC: 0.921564 (Simulation time: 1 hr 14 min 43 sec) 
Heartbeat CPU 0 instructions: 50000002 cycles: 63725708 heartbeat IPC: 0.413484 cumulative IPC: 0.723896 (Simulation time: 1 hr 55 min 47 sec) 
Heartbeat CPU 0 instructions: 60000001 cycles: 99774733 heartbeat IPC: 0.2774 cumulative IPC: 0.560009 (Simulation time: 2 hr 32 min 59 sec) 
Heartbeat CPU 0 instructions: 70000001 cycles: 110826782 heartbeat IPC: 0.90481 cumulative IPC: 0.594886 (Simulation time: 2 hr 41 min 7 sec) 
Heartbeat CPU 0 instructions: 80000002 cycles: 122037675 heartbeat IPC: 0.89199 cumulative IPC: 0.622533 (Simulation time: 2 hr 48 min 29 sec) 
Heartbeat CPU 0 instructions: 90000004 cycles: 133199032 heartbeat IPC: 0.895949 cumulative IPC: 0.645716 (Simulation time: 2 hr 55 min 6 sec) 
Heartbeat CPU 0 instructions: 100000001 cycles: 144414578 heartbeat IPC: 0.89162 cumulative IPC: 0.665022 (Simulation time: 3 hr 1 min 14 sec) 
Heartbeat CPU 0 instructions: 110000003 cycles: 155635061 heartbeat IPC: 0.891228 cumulative IPC: 0.681495 (Simulation time: 3 hr 6 min 35 sec) 
Heartbeat CPU 0 instructions: 120000002 cycles: 166804130 heartbeat IPC: 0.89533 cumulative IPC: 0.695949 (Simulation time: 3 hr 11 min 5 sec) 
Heartbeat CPU 0 instructions: 130000002 cycles: 178040204 heartbeat IPC: 0.889991 cumulative IPC: 0.708303 (Simulation time: 3 hr 14 min 56 sec) 
Heartbeat CPU 0 instructions: 140000003 cycles: 189219567 heartbeat IPC: 0.894506 cumulative IPC: 0.719396 (Simulation time: 3 hr 18 min 8 sec) 
Heartbeat CPU 0 instructions: 150000000 cycles: 200341302 heartbeat IPC: 0.899141 cumulative IPC: 0.729453 (Simulation time: 3 hr 20 min 59 sec) 
Heartbeat CPU 0 instructions: 160000000 cycles: 210546530 heartbeat IPC: 0.97989 cumulative IPC: 0.741682 (Simulation time: 3 hr 23 min 17 sec) 
Heartbeat CPU 0 instructions: 170000000 cycles: 220777472 heartbeat IPC: 0.977428 cumulative IPC: 0.752685 (Simulation time: 3 hr 25 min 26 sec) 
Heartbeat CPU 0 instructions: 180000003 cycles: 230919877 heartbeat IPC: 0.98596 cumulative IPC: 0.763 (Simulation time: 3 hr 27 min 17 sec) 
Heartbeat CPU 0 instructions: 190000003 cycles: 241090010 heartbeat IPC: 0.983272 cumulative IPC: 0.772353 (Simulation time: 3 hr 28 min 56 sec) 
Heartbeat CPU 0 instructions: 200000002 cycles: 251480465 heartbeat IPC: 0.962422 cumulative IPC: 0.780255 (Simulation time: 3 hr 30 min 16 sec) 
Max paddr 624M
Simulation finished CPU 0 instructions: 200000000 cycles: 254778473 cumulative IPC: 0.784996 (Simulation time: 3 hr 30 min 53 sec) 

Simulation complete CPU 0 instructions: 200000000 cycles: 254778473 (Simulation time: 3 hr 30 min 53 sec) 


ChampSim completed all CPUs

[
  {
    "name": "Simulation",
    "traces": [
      "../traces/459.GemsFDTD-765B.champsimtrace.xz"
    ],
    "roi": {
      "cores": [
        {
          "instructions": 200000000,
          "cycles": 254778473,
          "Avg ROB occupancy at mispredict": 351.449, 
          "mispredict": {
            "BRANCH_DIRECT_JUMP": 8,
            "BRANCH_INDIRECT": 0,
            "BRANCH_CONDITIONAL": 73581,
            "BRANCH_DIRECT_CALL": 0,
            "BRANCH_INDIRECT_CALL": 0,
            "BRANCH_RETURN": 0
          }
        }
      ],
      "cpu0_L1I": {
        "LOAD": {
          "hit":19,
          "miss":301
        },
        "RFO": {
          "hit":0,
          "miss":0
        },
        "PREFETCH": {
          "hit":0,
          "miss":0
        },
        "WRITE": {
          "hit":0,
          "miss":0
        },
        "TRANSLATION": {
          "hit":0,
          "miss":0
        },
        "mshr full": 0,
        "prefetch requested": 0,
        "prefetch issued": 0,
        "prefetch filled": 0,
        "prefetch useful": 0,
        "prefetch useless": 0,
        "prefetch late": 0,
        "pf_useful_at_l2_from_l1":          0,
        "pf_late_at_l2_from_l1":          0,
        "pf_useless_at_l2_from_l1":          0,
        "pf_at_l2_to_l1":          0,
        "pf_fill_this_level":          0,
        "miss latency": 19.788,
        "cache queues": {
          "PQ_ACCESS": 0,
          "PQ_FULL": 0,
          "PQ_TO_CACHE": 0,
          "PQ_MERGED": 0,
          "RQ_ACCESS": 320,
          "RQ_MERGED": 0,
          "RQ_FULL": 0,
          "WQ_ACCESS": 0,
          "WQ_MERGED": 0,
          "WQ_FULL": 0
        }
      },
      "cpu0_ITLB": {
        "LOAD": {
          "hit":253,
          "miss":22
        },
        "RFO": {
          "hit":0,
          "miss":0
        },
        "PREFETCH": {
          "hit":0,
          "miss":0
        },
        "WRITE": {
          "hit":0,
          "miss":0
        },
        "TRANSLATION": {
          "hit":0,
          "miss":0
        },
        "mshr full": 0,
        "prefetch requested": 0,
        "prefetch issued": 0,
        "prefetch filled": 0,
        "prefetch useful": 0,
        "prefetch useless": 0,
        "prefetch late": 0,
        "pf_useful_at_l2_from_l1":          0,
        "pf_late_at_l2_from_l1":          0,
        "pf_useless_at_l2_from_l1":          0,
        "pf_at_l2_to_l1":          0,
        "pf_fill_this_level":          0,
        "miss latency": 12.483,
        "cache queues": {
          "PQ_ACCESS": 0,
          "PQ_FULL": 0,
          "PQ_TO_CACHE": 0,
          "PQ_MERGED": 0,
          "RQ_ACCESS": 275,
          "RQ_MERGED": 0,
          "RQ_FULL": 0,
          "WQ_ACCESS": 0,
          "WQ_MERGED": 0,
          "WQ_FULL": 0
        }
      },
      "cpu0_DTLB": {
        "LOAD": {
          "hit":116915771,
          "miss":910598
        },
        "RFO": {
          "hit":0,
          "miss":0
        },
        "PREFETCH": {
          "hit":0,
          "miss":0
        },
        "WRITE": {
          "hit":0,
          "miss":0
        },
        "TRANSLATION": {
          "hit":0,
          "miss":0
        },
        "mshr full": 59079,
        "prefetch requested": 0,
        "prefetch issued": 0,
        "prefetch filled": 0,
        "prefetch useful": 0,
        "prefetch useless": 0,
        "prefetch late": 0,
        "pf_useful_at_l2_from_l1":          0,
        "pf_late_at_l2_from_l1":          0,
        "pf_useless_at_l2_from_l1":          0,
        "pf_at_l2_to_l1":          0,
        "pf_fill_this_level":          0,
        "miss latency": 4.83022,
        "cache queues": {
          "PQ_ACCESS": 0,
          "PQ_FULL": 0,
          "PQ_TO_CACHE": 0,
          "PQ_MERGED": 0,
          "RQ_ACCESS": 168597888,
          "RQ_MERGED": 0,
          "RQ_FULL": 50771521,
          "WQ_ACCESS": 0,
          "WQ_MERGED": 0,
          "WQ_FULL": 0
        }
      },
      "cpu0_STLB": {
        "LOAD": {
          "hit":167017,
          "miss":387373
        },
        "RFO": {
          "hit":0,
          "miss":0
        },
        "PREFETCH": {
          "hit":0,
          "miss":0
        },
        "WRITE": {
          "hit":0,
          "miss":0
        },
        "TRANSLATION": {
          "hit":0,
          "miss":0
        },
        "mshr full": 0,
        "prefetch requested": 0,
        "prefetch issued": 0,
        "prefetch filled": 0,
        "prefetch useful": 0,
        "prefetch useless": 0,
        "prefetch late": 0,
        "pf_useful_at_l2_from_l1":          0,
        "pf_late_at_l2_from_l1":          0,
        "pf_useless_at_l2_from_l1":          0,
        "pf_at_l2_to_l1":          0,
        "pf_fill_this_level":          0,
        "miss latency": 10.5742,
        "cache queues": {
          "PQ_ACCESS": 0,
          "PQ_FULL": 0,
          "PQ_TO_CACHE": 0,
          "PQ_MERGED": 0,
          "RQ_ACCESS": 554390,
          "RQ_MERGED": 0,
          "RQ_FULL": 0,
          "WQ_ACCESS": 0,
          "WQ_MERGED": 0,
          "WQ_FULL": 0
        }
      },
      "cpu0_L1D": {
        "LOAD": {
          "hit":105225516,
          "miss":5175528
        },
        "RFO": {
          "hit":0,
          "miss":0
        },
        "PREFETCH": {
          "hit":0,
          "miss":0
        },
        "WRITE": {
          "hit":14798025,
          "miss":3515
        },
        "TRANSLATION": {
          "hit":110054,
          "miss":278482
        },
        "mshr full": 14450345,
        "prefetch requested": 0,
        "prefetch issued": 0,
        "prefetch filled": 0,
        "prefetch useful": 0,
        "prefetch useless": 0,
        "prefetch late": 0,
        "pf_useful_at_l2_from_l1":          0,
        "pf_late_at_l2_from_l1":          0,
        "pf_useless_at_l2_from_l1":          0,
        "pf_at_l2_to_l1":          0,
        "pf_fill_this_level":          0,
        "miss latency": 16.2826,
        "cache queues": {
          "PQ_ACCESS": 0,
          "PQ_FULL": 0,
          "PQ_TO_CACHE": 0,
          "PQ_MERGED": 0,
          "RQ_ACCESS": 118573295,
          "RQ_MERGED": 88136,
          "RQ_FULL": 8084153,
          "WQ_ACCESS": 14801742,
          "WQ_MERGED": 205,
          "WQ_FULL": 0
        }
      },
      "cpu0_L2C": {
        "LOAD": {
          "hit":432545,
          "miss":2025240
        },
        "RFO": {
          "hit":1231,
          "miss":19
        },
        "PREFETCH": {
          "hit":0,
          "miss":0
        },
        "WRITE": {
          "hit":1163479,
          "miss":0
        },
        "TRANSLATION": {
          "hit":245165,
          "miss":33317
        },
        "mshr full": 0,
        "prefetch requested": 0,
        "prefetch issued": 0,
        "prefetch filled": 0,
        "prefetch useful": 0,
        "prefetch useless": 0,
        "prefetch late": 0,
        "pf_useful_at_l2_from_l1":          0,
        "pf_late_at_l2_from_l1":          0,
        "pf_useless_at_l2_from_l1":          0,
        "pf_at_l2_to_l1":          0,
        "pf_fill_this_level":          0,
        "miss latency": 40.795,
        "cache queues": {
          "PQ_ACCESS": 0,
          "PQ_FULL": 0,
          "PQ_TO_CACHE": 0,
          "PQ_MERGED": 0,
          "RQ_ACCESS": 2737574,
          "RQ_MERGED": 0,
          "RQ_FULL": 0,
          "WQ_ACCESS": 1163612,
          "WQ_MERGED": 0,
          "WQ_FULL": 0
        }
      },
      "LLC": {
        "LOAD": {
          "hit": [69442],
          "miss": [1955798]
        },
        "RFO": {
          "hit": [0],
          "miss": [19]
        },
        "PREFETCH": {
          "hit": [0],
          "miss": [0]
        },
        "WRITE": {
          "hit": [1161127],
          "miss": [0]
        },
        "TRANSLATION": {
          "hit": [949],
          "miss": [32368]
        },
        "mshr full": 0,
        "prefetch requested": 0,
        "prefetch issued": 0,
        "prefetch filled": 0,
        "prefetch useful": 0,
        "prefetch useless": 0,
        "prefetch late": 0,
        "pf_useful_at_l2_from_l1":          0,
        "pf_late_at_l2_from_l1":          0,
        "pf_useless_at_l2_from_l1":          0,
        "pf_at_l2_to_l1":          0,
        "pf_fill_this_level":          0,
        "miss latency": 40.8651,
        "cache queues": {
          "PQ_ACCESS": 0,
          "PQ_FULL": 0,
          "PQ_TO_CACHE": 0,
          "PQ_MERGED": 0,
          "RQ_ACCESS": 2058576,
          "RQ_MERGED": 0,
          "RQ_FULL": 0,
          "WQ_ACCESS": 1161152,
          "WQ_MERGED": 0,
          "WQ_FULL": 0
        }
      },
      "DRAM": [
        {
          "RQ ROW_BUFFER_HIT": 960502,
          "RQ ROW_BUFFER_MISS": 1027683,
          "PQ FULL": 0,
          "WQ ROW_BUFFER_HIT": 31964,
          "WQ ROW_BUFFER_MISS": 1129332,
          "WQ FULL": 0,
          "AVG DBUS CONGESTED CYCLE": 3.9801
        }
      ]

    },
    "sim": {
      "cores": [
        {
          "instructions": 200000000,
          "cycles": 254778473,
          "Avg ROB occupancy at mispredict": 351.449, 
          "mispredict": {
            "BRANCH_DIRECT_JUMP": 8,
            "BRANCH_INDIRECT": 0,
            "BRANCH_CONDITIONAL": 73581,
            "BRANCH_DIRECT_CALL": 0,
            "BRANCH_INDIRECT_CALL": 0,
            "BRANCH_RETURN": 0
          }
        }
      ],
      "cpu0_L1I": {
        "LOAD": {
          "hit":19,
          "miss":301
        },
        "RFO": {
          "hit":0,
          "miss":0
        },
        "PREFETCH": {
          "hit":0,
          "miss":0
        },
        "WRITE": {
          "hit":0,
          "miss":0
        },
        "TRANSLATION": {
          "hit":0,
          "miss":0
        },
        "mshr full": 0,
        "prefetch requested": 0,
        "prefetch issued": 0,
        "prefetch filled": 0,
        "prefetch useful": 0,
        "prefetch useless": 0,
        "prefetch late": 0,
        "pf_useful_at_l2_from_l1":          0,
        "pf_late_at_l2_from_l1":          0,
        "pf_useless_at_l2_from_l1":          0,
        "pf_at_l2_to_l1":          0,
        "pf_fill_this_level":          0,
        "miss latency": 19.788,
        "cache queues": {
          "PQ_ACCESS": 0,
          "PQ_FULL": 0,
          "PQ_TO_CACHE": 0,
          "PQ_MERGED": 0,
          "RQ_ACCESS": 320,
          "RQ_MERGED": 0,
          "RQ_FULL": 0,
          "WQ_ACCESS": 0,
          "WQ_MERGED": 0,
          "WQ_FULL": 0
        }
      },
      "cpu0_ITLB": {
        "LOAD": {
          "hit":253,
          "miss":22
        },
        "RFO": {
          "hit":0,
          "miss":0
        },
        "PREFETCH": {
          "hit":0,
          "miss":0
        },
        "WRITE": {
          "hit":0,
          "miss":0
        },
        "TRANSLATION": {
          "hit":0,
          "miss":0
        },
        "mshr full": 0,
        "prefetch requested": 0,
        "prefetch issued": 0,
        "prefetch filled": 0,
        "prefetch useful": 0,
        "prefetch useless": 0,
        "prefetch late": 0,
        "pf_useful_at_l2_from_l1":          0,
        "pf_late_at_l2_from_l1":          0,
        "pf_useless_at_l2_from_l1":          0,
        "pf_at_l2_to_l1":          0,
        "pf_fill_this_level":          0,
        "miss latency": 12.483,
        "cache queues": {
          "PQ_ACCESS": 0,
          "PQ_FULL": 0,
          "PQ_TO_CACHE": 0,
          "PQ_MERGED": 0,
          "RQ_ACCESS": 275,
          "RQ_MERGED": 0,
          "RQ_FULL": 0,
          "WQ_ACCESS": 0,
          "WQ_MERGED": 0,
          "WQ_FULL": 0
        }
      },
      "cpu0_DTLB": {
        "LOAD": {
          "hit":116915771,
          "miss":910598
        },
        "RFO": {
          "hit":0,
          "miss":0
        },
        "PREFETCH": {
          "hit":0,
          "miss":0
        },
        "WRITE": {
          "hit":0,
          "miss":0
        },
        "TRANSLATION": {
          "hit":0,
          "miss":0
        },
        "mshr full": 59079,
        "prefetch requested": 0,
        "prefetch issued": 0,
        "prefetch filled": 0,
        "prefetch useful": 0,
        "prefetch useless": 0,
        "prefetch late": 0,
        "pf_useful_at_l2_from_l1":          0,
        "pf_late_at_l2_from_l1":          0,
        "pf_useless_at_l2_from_l1":          0,
        "pf_at_l2_to_l1":          0,
        "pf_fill_this_level":          0,
        "miss latency": 4.83022,
        "cache queues": {
          "PQ_ACCESS": 0,
          "PQ_FULL": 0,
          "PQ_TO_CACHE": 0,
          "PQ_MERGED": 0,
          "RQ_ACCESS": 168597888,
          "RQ_MERGED": 0,
          "RQ_FULL": 50771521,
          "WQ_ACCESS": 0,
          "WQ_MERGED": 0,
          "WQ_FULL": 0
        }
      },
      "cpu0_STLB": {
        "LOAD": {
          "hit":167017,
          "miss":387373
        },
        "RFO": {
          "hit":0,
          "miss":0
        },
        "PREFETCH": {
          "hit":0,
          "miss":0
        },
        "WRITE": {
          "hit":0,
          "miss":0
        },
        "TRANSLATION": {
          "hit":0,
          "miss":0
        },
        "mshr full": 0,
        "prefetch requested": 0,
        "prefetch issued": 0,
        "prefetch filled": 0,
        "prefetch useful": 0,
        "prefetch useless": 0,
        "prefetch late": 0,
        "pf_useful_at_l2_from_l1":          0,
        "pf_late_at_l2_from_l1":          0,
        "pf_useless_at_l2_from_l1":          0,
        "pf_at_l2_to_l1":          0,
        "pf_fill_this_level":          0,
        "miss latency": 10.5742,
        "cache queues": {
          "PQ_ACCESS": 0,
          "PQ_FULL": 0,
          "PQ_TO_CACHE": 0,
          "PQ_MERGED": 0,
          "RQ_ACCESS": 554390,
          "RQ_MERGED": 0,
          "RQ_FULL": 0,
          "WQ_ACCESS": 0,
          "WQ_MERGED": 0,
          "WQ_FULL": 0
        }
      },
      "cpu0_L1D": {
        "LOAD": {
          "hit":105225516,
          "miss":5175528
        },
        "RFO": {
          "hit":0,
          "miss":0
        },
        "PREFETCH": {
          "hit":0,
          "miss":0
        },
        "WRITE": {
          "hit":14798025,
          "miss":3515
        },
        "TRANSLATION": {
          "hit":110054,
          "miss":278482
        },
        "mshr full": 14450345,
        "prefetch requested": 0,
        "prefetch issued": 0,
        "prefetch filled": 0,
        "prefetch useful": 0,
        "prefetch useless": 0,
        "prefetch late": 0,
        "pf_useful_at_l2_from_l1":          0,
        "pf_late_at_l2_from_l1":          0,
        "pf_useless_at_l2_from_l1":          0,
        "pf_at_l2_to_l1":          0,
        "pf_fill_this_level":          0,
        "miss latency": 16.2826,
        "cache queues": {
          "PQ_ACCESS": 0,
          "PQ_FULL": 0,
          "PQ_TO_CACHE": 0,
          "PQ_MERGED": 0,
          "RQ_ACCESS": 118573295,
          "RQ_MERGED": 88136,
          "RQ_FULL": 8084153,
          "WQ_ACCESS": 14801742,
          "WQ_MERGED": 205,
          "WQ_FULL": 0
        }
      },
      "cpu0_L2C": {
        "LOAD": {
          "hit":432545,
          "miss":2025240
        },
        "RFO": {
          "hit":1231,
          "miss":19
        },
        "PREFETCH": {
          "hit":0,
          "miss":0
        },
        "WRITE": {
          "hit":1163479,
          "miss":0
        },
        "TRANSLATION": {
          "hit":245165,
          "miss":33317
        },
        "mshr full": 0,
        "prefetch requested": 0,
        "prefetch issued": 0,
        "prefetch filled": 0,
        "prefetch useful": 0,
        "prefetch useless": 0,
        "prefetch late": 0,
        "pf_useful_at_l2_from_l1":          0,
        "pf_late_at_l2_from_l1":          0,
        "pf_useless_at_l2_from_l1":          0,
        "pf_at_l2_to_l1":          0,
        "pf_fill_this_level":          0,
        "miss latency": 40.795,
        "cache queues": {
          "PQ_ACCESS": 0,
          "PQ_FULL": 0,
          "PQ_TO_CACHE": 0,
          "PQ_MERGED": 0,
          "RQ_ACCESS": 2737574,
          "RQ_MERGED": 0,
          "RQ_FULL": 0,
          "WQ_ACCESS": 1163612,
          "WQ_MERGED": 0,
          "WQ_FULL": 0
        }
      },
      "LLC": {
        "LOAD": {
          "hit": [69442],
          "miss": [1955798]
        },
        "RFO": {
          "hit": [0],
          "miss": [19]
        },
        "PREFETCH": {
          "hit": [0],
          "miss": [0]
        },
        "WRITE": {
          "hit": [1161127],
          "miss": [0]
        },
        "TRANSLATION": {
          "hit": [949],
          "miss": [32368]
        },
        "mshr full": 0,
        "prefetch requested": 0,
        "prefetch issued": 0,
        "prefetch filled": 0,
        "prefetch useful": 0,
        "prefetch useless": 0,
        "prefetch late": 0,
        "pf_useful_at_l2_from_l1":          0,
        "pf_late_at_l2_from_l1":          0,
        "pf_useless_at_l2_from_l1":          0,
        "pf_at_l2_to_l1":          0,
        "pf_fill_this_level":          0,
        "miss latency": 40.8651,
        "cache queues": {
          "PQ_ACCESS": 0,
          "PQ_FULL": 0,
          "PQ_TO_CACHE": 0,
          "PQ_MERGED": 0,
          "RQ_ACCESS": 2058576,
          "RQ_MERGED": 0,
          "RQ_FULL": 0,
          "WQ_ACCESS": 1161152,
          "WQ_MERGED": 0,
          "WQ_FULL": 0
        }
      },
      "DRAM": [
        {
          "RQ ROW_BUFFER_HIT": 960502,
          "RQ ROW_BUFFER_MISS": 1027683,
          "PQ FULL": 0,
          "WQ ROW_BUFFER_HIT": 31964,
          "WQ ROW_BUFFER_MISS": 1129332,
          "WQ FULL": 0,
          "AVG DBUS CONGESTED CYCLE": 3.9801
        }
      ]

    }
  }
]
cpu0_ITLB
cpu0_DTLB
cpu0_STLB
cpu0_L1D
cpu0_L2C
Num Con Filled: 0
Num Con Useful: 0 Useless:0 Accuracy: nan
LLC
