41 41 41
Available num physical pages: 35184372088576
WARNING: physical memory size is smaller than virtual memory size

*** ChampSim Multicore Out-of-Order Simulator ***

Warmup Instructions: 5000000
Simulation Instructions: 200000000
Number of CPUs: 1
Page size: 4096

Basic BTB sets: 1024 ways: 8 indirect buffer size: 4096 RAS size: 64
Off-chip DRAM Size: 4 GiB Channels: 1 Width: 64-bit Data Rate: 3200 MT/s
Max paddr 3M
Warmup finished CPU 0 instructions: 5000003 cycles: 1250171 cumulative IPC: 3.99946 (Simulation time: 0 hr 2 min 24 sec) 

Warmup complete CPU 0 instructions: 5000003 cycles: 1250171 (Simulation time: 0 hr 2 min 24 sec) 

Heartbeat CPU 0 instructions: 10000003 cycles: 4326130 heartbeat IPC: 2.31154 cumulative IPC: 1.62551 (Simulation time: 0 hr 8 min 16 sec) 
Heartbeat CPU 0 instructions: 20000000 cycles: 10309309 heartbeat IPC: 1.67136 cumulative IPC: 1.65579 (Simulation time: 0 hr 19 min 51 sec) 
Heartbeat CPU 0 instructions: 30000003 cycles: 16294541 heartbeat IPC: 1.67078 cumulative IPC: 1.66176 (Simulation time: 0 hr 32 min 7 sec) 
Heartbeat CPU 0 instructions: 40000001 cycles: 22197712 heartbeat IPC: 1.69401 cumulative IPC: 1.67085 (Simulation time: 0 hr 44 min 27 sec) 
Heartbeat CPU 0 instructions: 50000000 cycles: 28092850 heartbeat IPC: 1.69632 cumulative IPC: 1.67644 (Simulation time: 0 hr 56 min 35 sec) 
Heartbeat CPU 0 instructions: 60000003 cycles: 33999534 heartbeat IPC: 1.693 cumulative IPC: 1.67943 (Simulation time: 1 hr 8 min 34 sec) 
Heartbeat CPU 0 instructions: 70000000 cycles: 39816870 heartbeat IPC: 1.719 cumulative IPC: 1.6854 (Simulation time: 1 hr 20 min 35 sec) 
Heartbeat CPU 0 instructions: 80000004 cycles: 45677677 heartbeat IPC: 1.70626 cumulative IPC: 1.68815 (Simulation time: 1 hr 32 min 32 sec) 
Heartbeat CPU 0 instructions: 90000002 cycles: 51828474 heartbeat IPC: 1.62581 cumulative IPC: 1.68057 (Simulation time: 1 hr 44 min 42 sec) 
Heartbeat CPU 0 instructions: 100000000 cycles: 59676481 heartbeat IPC: 1.27421 cumulative IPC: 1.62598 (Simulation time: 1 hr 57 min 59 sec) 
Heartbeat CPU 0 instructions: 110000000 cycles: 67329801 heartbeat IPC: 1.30663 cumulative IPC: 1.589 (Simulation time: 2 hr 9 min 20 sec) 
Heartbeat CPU 0 instructions: 120000004 cycles: 75103054 heartbeat IPC: 1.28647 cumulative IPC: 1.55715 (Simulation time: 2 hr 18 min 28 sec) 
Heartbeat CPU 0 instructions: 130000002 cycles: 82826002 heartbeat IPC: 1.29485 cumulative IPC: 1.53232 (Simulation time: 2 hr 25 min 23 sec) 
Heartbeat CPU 0 instructions: 140000000 cycles: 90422364 heartbeat IPC: 1.31642 cumulative IPC: 1.51393 (Simulation time: 2 hr 31 min 21 sec) 
Heartbeat CPU 0 instructions: 150000003 cycles: 97559467 heartbeat IPC: 1.40113 cumulative IPC: 1.50557 (Simulation time: 2 hr 37 min 5 sec) 
Heartbeat CPU 0 instructions: 160000000 cycles: 106049229 heartbeat IPC: 1.17789 cumulative IPC: 1.47903 (Simulation time: 2 hr 42 min 47 sec) 
Heartbeat CPU 0 instructions: 170000002 cycles: 118168991 heartbeat IPC: 0.825099 cumulative IPC: 1.41124 (Simulation time: 2 hr 49 min 25 sec) 
Heartbeat CPU 0 instructions: 180000000 cycles: 128800960 heartbeat IPC: 0.94056 cumulative IPC: 1.37201 (Simulation time: 2 hr 55 min 5 sec) 
Heartbeat CPU 0 instructions: 190000000 cycles: 138824727 heartbeat IPC: 0.997629 cumulative IPC: 1.34473 (Simulation time: 3 hr 0 min 10 sec) 
Heartbeat CPU 0 instructions: 200000003 cycles: 145324788 heartbeat IPC: 1.53845 cumulative IPC: 1.35347 (Simulation time: 3 hr 3 min 26 sec) 
Max paddr 47M
Simulation finished CPU 0 instructions: 200000000 cycles: 146388595 cumulative IPC: 1.36623 (Simulation time: 3 hr 4 min 38 sec) 

Simulation complete CPU 0 instructions: 200000000 cycles: 146388595 (Simulation time: 3 hr 4 min 38 sec) 


ChampSim completed all CPUs

[
  {
    "name": "Simulation",
    "traces": [
      "../traces/437.leslie3d-232B.champsimtrace.xz"
    ],
    "roi": {
      "cores": [
        {
          "instructions": 200000000,
          "cycles": 146388595,
          "Avg ROB occupancy at mispredict": 342.373, 
          "mispredict": {
            "BRANCH_DIRECT_JUMP": 14,
            "BRANCH_INDIRECT": 0,
            "BRANCH_CONDITIONAL": 39018,
            "BRANCH_DIRECT_CALL": 39,
            "BRANCH_INDIRECT_CALL": 0,
            "BRANCH_RETURN": 38
          }
        }
      ],
      "cpu0_L1I": {
        "LOAD": {
          "hit":113,
          "miss":266
        },
        "RFO": {
          "hit":0,
          "miss":0
        },
        "PREFETCH": {
          "hit":0,
          "miss":0
        },
        "WRITE": {
          "hit":0,
          "miss":0
        },
        "TRANSLATION": {
          "hit":0,
          "miss":0
        },
        "mshr full": 0,
        "prefetch requested": 0,
        "prefetch issued": 0,
        "prefetch filled": 0,
        "prefetch useful": 0,
        "prefetch useless": 0,
        "prefetch late": 0,
        "pf_useful_at_l2_from_l1":          0,
        "pf_late_at_l2_from_l1":          0,
        "pf_useless_at_l2_from_l1":          0,
        "pf_at_l2_to_l1":          0,
        "pf_fill_this_level":          0,
        "miss latency": 11.7968,
        "cache queues": {
          "PQ_ACCESS": 0,
          "PQ_FULL": 0,
          "PQ_TO_CACHE": 0,
          "PQ_MERGED": 0,
          "RQ_ACCESS": 379,
          "RQ_MERGED": 0,
          "RQ_FULL": 0,
          "WQ_ACCESS": 0,
          "WQ_MERGED": 0,
          "WQ_FULL": 0
        }
      },
      "cpu0_ITLB": {
        "LOAD": {
          "hit":313,
          "miss":28
        },
        "RFO": {
          "hit":0,
          "miss":0
        },
        "PREFETCH": {
          "hit":0,
          "miss":0
        },
        "WRITE": {
          "hit":0,
          "miss":0
        },
        "TRANSLATION": {
          "hit":0,
          "miss":0
        },
        "mshr full": 0,
        "prefetch requested": 0,
        "prefetch issued": 0,
        "prefetch filled": 0,
        "prefetch useful": 0,
        "prefetch useless": 0,
        "prefetch late": 0,
        "pf_useful_at_l2_from_l1":          0,
        "pf_late_at_l2_from_l1":          0,
        "pf_useless_at_l2_from_l1":          0,
        "pf_at_l2_to_l1":          0,
        "pf_fill_this_level":          0,
        "miss latency": 8.28125,
        "cache queues": {
          "PQ_ACCESS": 0,
          "PQ_FULL": 0,
          "PQ_TO_CACHE": 0,
          "PQ_MERGED": 0,
          "RQ_ACCESS": 341,
          "RQ_MERGED": 0,
          "RQ_FULL": 0,
          "WQ_ACCESS": 0,
          "WQ_MERGED": 0,
          "WQ_FULL": 0
        }
      },
      "cpu0_DTLB": {
        "LOAD": {
          "hit":85885052,
          "miss":145153
        },
        "RFO": {
          "hit":0,
          "miss":0
        },
        "PREFETCH": {
          "hit":0,
          "miss":0
        },
        "WRITE": {
          "hit":0,
          "miss":0
        },
        "TRANSLATION": {
          "hit":0,
          "miss":0
        },
        "mshr full": 1029,
        "prefetch requested": 0,
        "prefetch issued": 0,
        "prefetch filled": 0,
        "prefetch useful": 0,
        "prefetch useless": 0,
        "prefetch late": 0,
        "pf_useful_at_l2_from_l1":          0,
        "pf_late_at_l2_from_l1":          0,
        "pf_useless_at_l2_from_l1":          0,
        "pf_at_l2_to_l1":          0,
        "pf_fill_this_level":          0,
        "miss latency": 1.35331,
        "cache queues": {
          "PQ_ACCESS": 0,
          "PQ_FULL": 0,
          "PQ_TO_CACHE": 0,
          "PQ_MERGED": 0,
          "RQ_ACCESS": 87327096,
          "RQ_MERGED": 0,
          "RQ_FULL": 1296883,
          "WQ_ACCESS": 0,
          "WQ_MERGED": 0,
          "WQ_FULL": 0
        }
      },
      "cpu0_STLB": {
        "LOAD": {
          "hit":21659,
          "miss":18626
        },
        "RFO": {
          "hit":0,
          "miss":0
        },
        "PREFETCH": {
          "hit":0,
          "miss":0
        },
        "WRITE": {
          "hit":0,
          "miss":0
        },
        "TRANSLATION": {
          "hit":0,
          "miss":0
        },
        "mshr full": 0,
        "prefetch requested": 0,
        "prefetch issued": 0,
        "prefetch filled": 0,
        "prefetch useful": 0,
        "prefetch useless": 0,
        "prefetch late": 0,
        "pf_useful_at_l2_from_l1":          0,
        "pf_late_at_l2_from_l1":          0,
        "pf_useless_at_l2_from_l1":          0,
        "pf_at_l2_to_l1":          0,
        "pf_fill_this_level":          0,
        "miss latency": 9.41316,
        "cache queues": {
          "PQ_ACCESS": 0,
          "PQ_FULL": 0,
          "PQ_TO_CACHE": 0,
          "PQ_MERGED": 0,
          "RQ_ACCESS": 40285,
          "RQ_MERGED": 0,
          "RQ_FULL": 0,
          "WQ_ACCESS": 0,
          "WQ_MERGED": 0,
          "WQ_FULL": 0
        }
      },
      "cpu0_L1D": {
        "LOAD": {
          "hit":72605798,
          "miss":7681744
        },
        "RFO": {
          "hit":0,
          "miss":0
        },
        "PREFETCH": {
          "hit":0,
          "miss":0
        },
        "WRITE": {
          "hit":3131045,
          "miss":2952360
        },
        "TRANSLATION": {
          "hit":9515,
          "miss":9135
        },
        "mshr full": 67540,
        "prefetch requested": 0,
        "prefetch issued": 0,
        "prefetch filled": 0,
        "prefetch useful": 0,
        "prefetch useless": 0,
        "prefetch late": 0,
        "pf_useful_at_l2_from_l1":          0,
        "pf_late_at_l2_from_l1":          0,
        "pf_useless_at_l2_from_l1":          0,
        "pf_at_l2_to_l1":          0,
        "pf_fill_this_level":          0,
        "miss latency": 4.23715,
        "cache queues": {
          "PQ_ACCESS": 0,
          "PQ_FULL": 0,
          "PQ_TO_CACHE": 0,
          "PQ_MERGED": 0,
          "RQ_ACCESS": 80689935,
          "RQ_MERGED": 3878,
          "RQ_FULL": 398502,
          "WQ_ACCESS": 6083423,
          "WQ_MERGED": 0,
          "WQ_FULL": 17
        }
      },
      "cpu0_L2C": {
        "LOAD": {
          "hit":361122,
          "miss":1306746
        },
        "RFO": {
          "hit":79499,
          "miss":364900
        },
        "PREFETCH": {
          "hit":0,
          "miss":0
        },
        "WRITE": {
          "hit":547487,
          "miss":0
        },
        "TRANSLATION": {
          "hit":8184,
          "miss":951
        },
        "mshr full": 0,
        "prefetch requested": 0,
        "prefetch issued": 0,
        "prefetch filled": 0,
        "prefetch useful": 0,
        "prefetch useless": 0,
        "prefetch late": 0,
        "pf_useful_at_l2_from_l1":          0,
        "pf_late_at_l2_from_l1":          0,
        "pf_useless_at_l2_from_l1":          0,
        "pf_at_l2_to_l1":          0,
        "pf_fill_this_level":          0,
        "miss latency": 21.9469,
        "cache queues": {
          "PQ_ACCESS": 0,
          "PQ_FULL": 0,
          "PQ_TO_CACHE": 0,
          "PQ_MERGED": 0,
          "RQ_ACCESS": 2121688,
          "RQ_MERGED": 0,
          "RQ_FULL": 0,
          "WQ_ACCESS": 547492,
          "WQ_MERGED": 0,
          "WQ_FULL": 0
        }
      },
      "LLC": {
        "LOAD": {
          "hit": [189412],
          "miss": [1117333]
        },
        "RFO": {
          "hit": [29483],
          "miss": [335417]
        },
        "PREFETCH": {
          "hit": [0],
          "miss": [0]
        },
        "WRITE": {
          "hit": [447622],
          "miss": [0]
        },
        "TRANSLATION": {
          "hit": [163],
          "miss": [788]
        },
        "mshr full": 0,
        "prefetch requested": 0,
        "prefetch issued": 0,
        "prefetch filled": 0,
        "prefetch useful": 0,
        "prefetch useless": 0,
        "prefetch late": 0,
        "pf_useful_at_l2_from_l1":          0,
        "pf_late_at_l2_from_l1":          0,
        "pf_useless_at_l2_from_l1":          0,
        "pf_at_l2_to_l1":          0,
        "pf_fill_this_level":          0,
        "miss latency": 23.7358,
        "cache queues": {
          "PQ_ACCESS": 0,
          "PQ_FULL": 0,
          "PQ_TO_CACHE": 0,
          "PQ_MERGED": 0,
          "RQ_ACCESS": 1672597,
          "RQ_MERGED": 0,
          "RQ_FULL": 0,
          "WQ_ACCESS": 447965,
          "WQ_MERGED": 0,
          "WQ_FULL": 0
        }
      },
      "DRAM": [
        {
          "RQ ROW_BUFFER_HIT": 373765,
          "RQ ROW_BUFFER_MISS": 1079241,
          "PQ FULL": 0,
          "WQ ROW_BUFFER_HIT": 69223,
          "WQ ROW_BUFFER_MISS": 350323,
          "WQ FULL": 0,
          "AVG DBUS CONGESTED CYCLE": 3.9334
        }
      ]

    },
    "sim": {
      "cores": [
        {
          "instructions": 200000000,
          "cycles": 146388595,
          "Avg ROB occupancy at mispredict": 342.373, 
          "mispredict": {
            "BRANCH_DIRECT_JUMP": 14,
            "BRANCH_INDIRECT": 0,
            "BRANCH_CONDITIONAL": 39018,
            "BRANCH_DIRECT_CALL": 39,
            "BRANCH_INDIRECT_CALL": 0,
            "BRANCH_RETURN": 38
          }
        }
      ],
      "cpu0_L1I": {
        "LOAD": {
          "hit":113,
          "miss":266
        },
        "RFO": {
          "hit":0,
          "miss":0
        },
        "PREFETCH": {
          "hit":0,
          "miss":0
        },
        "WRITE": {
          "hit":0,
          "miss":0
        },
        "TRANSLATION": {
          "hit":0,
          "miss":0
        },
        "mshr full": 0,
        "prefetch requested": 0,
        "prefetch issued": 0,
        "prefetch filled": 0,
        "prefetch useful": 0,
        "prefetch useless": 0,
        "prefetch late": 0,
        "pf_useful_at_l2_from_l1":          0,
        "pf_late_at_l2_from_l1":          0,
        "pf_useless_at_l2_from_l1":          0,
        "pf_at_l2_to_l1":          0,
        "pf_fill_this_level":          0,
        "miss latency": 11.7968,
        "cache queues": {
          "PQ_ACCESS": 0,
          "PQ_FULL": 0,
          "PQ_TO_CACHE": 0,
          "PQ_MERGED": 0,
          "RQ_ACCESS": 379,
          "RQ_MERGED": 0,
          "RQ_FULL": 0,
          "WQ_ACCESS": 0,
          "WQ_MERGED": 0,
          "WQ_FULL": 0
        }
      },
      "cpu0_ITLB": {
        "LOAD": {
          "hit":313,
          "miss":28
        },
        "RFO": {
          "hit":0,
          "miss":0
        },
        "PREFETCH": {
          "hit":0,
          "miss":0
        },
        "WRITE": {
          "hit":0,
          "miss":0
        },
        "TRANSLATION": {
          "hit":0,
          "miss":0
        },
        "mshr full": 0,
        "prefetch requested": 0,
        "prefetch issued": 0,
        "prefetch filled": 0,
        "prefetch useful": 0,
        "prefetch useless": 0,
        "prefetch late": 0,
        "pf_useful_at_l2_from_l1":          0,
        "pf_late_at_l2_from_l1":          0,
        "pf_useless_at_l2_from_l1":          0,
        "pf_at_l2_to_l1":          0,
        "pf_fill_this_level":          0,
        "miss latency": 8.28125,
        "cache queues": {
          "PQ_ACCESS": 0,
          "PQ_FULL": 0,
          "PQ_TO_CACHE": 0,
          "PQ_MERGED": 0,
          "RQ_ACCESS": 341,
          "RQ_MERGED": 0,
          "RQ_FULL": 0,
          "WQ_ACCESS": 0,
          "WQ_MERGED": 0,
          "WQ_FULL": 0
        }
      },
      "cpu0_DTLB": {
        "LOAD": {
          "hit":85885052,
          "miss":145153
        },
        "RFO": {
          "hit":0,
          "miss":0
        },
        "PREFETCH": {
          "hit":0,
          "miss":0
        },
        "WRITE": {
          "hit":0,
          "miss":0
        },
        "TRANSLATION": {
          "hit":0,
          "miss":0
        },
        "mshr full": 1029,
        "prefetch requested": 0,
        "prefetch issued": 0,
        "prefetch filled": 0,
        "prefetch useful": 0,
        "prefetch useless": 0,
        "prefetch late": 0,
        "pf_useful_at_l2_from_l1":          0,
        "pf_late_at_l2_from_l1":          0,
        "pf_useless_at_l2_from_l1":          0,
        "pf_at_l2_to_l1":          0,
        "pf_fill_this_level":          0,
        "miss latency": 1.35331,
        "cache queues": {
          "PQ_ACCESS": 0,
          "PQ_FULL": 0,
          "PQ_TO_CACHE": 0,
          "PQ_MERGED": 0,
          "RQ_ACCESS": 87327096,
          "RQ_MERGED": 0,
          "RQ_FULL": 1296883,
          "WQ_ACCESS": 0,
          "WQ_MERGED": 0,
          "WQ_FULL": 0
        }
      },
      "cpu0_STLB": {
        "LOAD": {
          "hit":21659,
          "miss":18626
        },
        "RFO": {
          "hit":0,
          "miss":0
        },
        "PREFETCH": {
          "hit":0,
          "miss":0
        },
        "WRITE": {
          "hit":0,
          "miss":0
        },
        "TRANSLATION": {
          "hit":0,
          "miss":0
        },
        "mshr full": 0,
        "prefetch requested": 0,
        "prefetch issued": 0,
        "prefetch filled": 0,
        "prefetch useful": 0,
        "prefetch useless": 0,
        "prefetch late": 0,
        "pf_useful_at_l2_from_l1":          0,
        "pf_late_at_l2_from_l1":          0,
        "pf_useless_at_l2_from_l1":          0,
        "pf_at_l2_to_l1":          0,
        "pf_fill_this_level":          0,
        "miss latency": 9.41316,
        "cache queues": {
          "PQ_ACCESS": 0,
          "PQ_FULL": 0,
          "PQ_TO_CACHE": 0,
          "PQ_MERGED": 0,
          "RQ_ACCESS": 40285,
          "RQ_MERGED": 0,
          "RQ_FULL": 0,
          "WQ_ACCESS": 0,
          "WQ_MERGED": 0,
          "WQ_FULL": 0
        }
      },
      "cpu0_L1D": {
        "LOAD": {
          "hit":72605798,
          "miss":7681744
        },
        "RFO": {
          "hit":0,
          "miss":0
        },
        "PREFETCH": {
          "hit":0,
          "miss":0
        },
        "WRITE": {
          "hit":3131045,
          "miss":2952360
        },
        "TRANSLATION": {
          "hit":9515,
          "miss":9135
        },
        "mshr full": 67540,
        "prefetch requested": 0,
        "prefetch issued": 0,
        "prefetch filled": 0,
        "prefetch useful": 0,
        "prefetch useless": 0,
        "prefetch late": 0,
        "pf_useful_at_l2_from_l1":          0,
        "pf_late_at_l2_from_l1":          0,
        "pf_useless_at_l2_from_l1":          0,
        "pf_at_l2_to_l1":          0,
        "pf_fill_this_level":          0,
        "miss latency": 4.23715,
        "cache queues": {
          "PQ_ACCESS": 0,
          "PQ_FULL": 0,
          "PQ_TO_CACHE": 0,
          "PQ_MERGED": 0,
          "RQ_ACCESS": 80689935,
          "RQ_MERGED": 3878,
          "RQ_FULL": 398502,
          "WQ_ACCESS": 6083423,
          "WQ_MERGED": 0,
          "WQ_FULL": 17
        }
      },
      "cpu0_L2C": {
        "LOAD": {
          "hit":361122,
          "miss":1306746
        },
        "RFO": {
          "hit":79499,
          "miss":364900
        },
        "PREFETCH": {
          "hit":0,
          "miss":0
        },
        "WRITE": {
          "hit":547487,
          "miss":0
        },
        "TRANSLATION": {
          "hit":8184,
          "miss":951
        },
        "mshr full": 0,
        "prefetch requested": 0,
        "prefetch issued": 0,
        "prefetch filled": 0,
        "prefetch useful": 0,
        "prefetch useless": 0,
        "prefetch late": 0,
        "pf_useful_at_l2_from_l1":          0,
        "pf_late_at_l2_from_l1":          0,
        "pf_useless_at_l2_from_l1":          0,
        "pf_at_l2_to_l1":          0,
        "pf_fill_this_level":          0,
        "miss latency": 21.9469,
        "cache queues": {
          "PQ_ACCESS": 0,
          "PQ_FULL": 0,
          "PQ_TO_CACHE": 0,
          "PQ_MERGED": 0,
          "RQ_ACCESS": 2121688,
          "RQ_MERGED": 0,
          "RQ_FULL": 0,
          "WQ_ACCESS": 547492,
          "WQ_MERGED": 0,
          "WQ_FULL": 0
        }
      },
      "LLC": {
        "LOAD": {
          "hit": [189412],
          "miss": [1117333]
        },
        "RFO": {
          "hit": [29483],
          "miss": [335417]
        },
        "PREFETCH": {
          "hit": [0],
          "miss": [0]
        },
        "WRITE": {
          "hit": [447622],
          "miss": [0]
        },
        "TRANSLATION": {
          "hit": [163],
          "miss": [788]
        },
        "mshr full": 0,
        "prefetch requested": 0,
        "prefetch issued": 0,
        "prefetch filled": 0,
        "prefetch useful": 0,
        "prefetch useless": 0,
        "prefetch late": 0,
        "pf_useful_at_l2_from_l1":          0,
        "pf_late_at_l2_from_l1":          0,
        "pf_useless_at_l2_from_l1":          0,
        "pf_at_l2_to_l1":          0,
        "pf_fill_this_level":          0,
        "miss latency": 23.7358,
        "cache queues": {
          "PQ_ACCESS": 0,
          "PQ_FULL": 0,
          "PQ_TO_CACHE": 0,
          "PQ_MERGED": 0,
          "RQ_ACCESS": 1672597,
          "RQ_MERGED": 0,
          "RQ_FULL": 0,
          "WQ_ACCESS": 447965,
          "WQ_MERGED": 0,
          "WQ_FULL": 0
        }
      },
      "DRAM": [
        {
          "RQ ROW_BUFFER_HIT": 373765,
          "RQ ROW_BUFFER_MISS": 1079241,
          "PQ FULL": 0,
          "WQ ROW_BUFFER_HIT": 69223,
          "WQ ROW_BUFFER_MISS": 350323,
          "WQ FULL": 0,
          "AVG DBUS CONGESTED CYCLE": 3.9334
        }
      ]

    }
  }
]
cpu0_ITLB
cpu0_DTLB
cpu0_STLB
cpu0_L1D
cpu0_L2C
Num Con Filled: 0
Num Con Useful: 0 Useless:0 Accuracy: nan
LLC
