41 41 41
Available num physical pages: 35184372088576
WARNING: physical memory size is smaller than virtual memory size

*** ChampSim Multicore Out-of-Order Simulator ***

Warmup Instructions: 5000000
Simulation Instructions: 200000000
Number of CPUs: 1
Page size: 4096

Basic BTB sets: 1024 ways: 8 indirect buffer size: 4096 RAS size: 64
Off-chip DRAM Size: 4 GiB Channels: 1 Width: 64-bit Data Rate: 3200 MT/s
Max paddr 6M
Warmup finished CPU 0 instructions: 5000001 cycles: 1259613 cumulative IPC: 3.96948 (Simulation time: 0 hr 2 min 21 sec) 

Warmup complete CPU 0 instructions: 5000001 cycles: 1259613 (Simulation time: 0 hr 2 min 21 sec) 

Heartbeat CPU 0 instructions: 10000001 cycles: 3095400 heartbeat IPC: 3.23061 cumulative IPC: 2.72363 (Simulation time: 0 hr 5 min 45 sec) 
Heartbeat CPU 0 instructions: 20000000 cycles: 6819269 heartbeat IPC: 2.68538 cumulative IPC: 2.69801 (Simulation time: 0 hr 12 min 30 sec) 
Heartbeat CPU 0 instructions: 30000004 cycles: 10486530 heartbeat IPC: 2.72684 cumulative IPC: 2.70947 (Simulation time: 0 hr 19 min 21 sec) 
Heartbeat CPU 0 instructions: 40000002 cycles: 14042466 heartbeat IPC: 2.8122 cumulative IPC: 2.73805 (Simulation time: 0 hr 26 min 24 sec) 
Heartbeat CPU 0 instructions: 50000000 cycles: 17709747 heartbeat IPC: 2.72682 cumulative IPC: 2.73554 (Simulation time: 0 hr 33 min 32 sec) 
Heartbeat CPU 0 instructions: 60000000 cycles: 21359946 heartbeat IPC: 2.73958 cumulative IPC: 2.73628 (Simulation time: 0 hr 40 min 39 sec) 
Heartbeat CPU 0 instructions: 70000004 cycles: 24929648 heartbeat IPC: 2.80136 cumulative IPC: 2.74609 (Simulation time: 0 hr 47 min 36 sec) 
Heartbeat CPU 0 instructions: 80000001 cycles: 28598685 heartbeat IPC: 2.72551 cumulative IPC: 2.74333 (Simulation time: 0 hr 54 min 44 sec) 
Heartbeat CPU 0 instructions: 90000004 cycles: 32256557 heartbeat IPC: 2.73384 cumulative IPC: 2.74221 (Simulation time: 1 hr 1 min 51 sec) 
Heartbeat CPU 0 instructions: 100000001 cycles: 35827810 heartbeat IPC: 2.80014 cumulative IPC: 2.7482 (Simulation time: 1 hr 8 min 43 sec) 
Heartbeat CPU 0 instructions: 110000000 cycles: 39496270 heartbeat IPC: 2.72594 cumulative IPC: 2.74606 (Simulation time: 1 hr 15 min 54 sec) 
Heartbeat CPU 0 instructions: 120000004 cycles: 43149121 heartbeat IPC: 2.73759 cumulative IPC: 2.74532 (Simulation time: 1 hr 23 min 3 sec) 
Heartbeat CPU 0 instructions: 130000004 cycles: 46729518 heartbeat IPC: 2.79299 cumulative IPC: 2.74908 (Simulation time: 1 hr 29 min 51 sec) 
Heartbeat CPU 0 instructions: 140000003 cycles: 50395221 heartbeat IPC: 2.72799 cumulative IPC: 2.7475 (Simulation time: 1 hr 37 min 4 sec) 
Heartbeat CPU 0 instructions: 150000004 cycles: 54044680 heartbeat IPC: 2.74014 cumulative IPC: 2.74699 (Simulation time: 1 hr 44 min 11 sec) 
Heartbeat CPU 0 instructions: 160000001 cycles: 57626613 heartbeat IPC: 2.79179 cumulative IPC: 2.74984 (Simulation time: 1 hr 51 min 11 sec) 
Heartbeat CPU 0 instructions: 170000001 cycles: 61297039 heartbeat IPC: 2.72448 cumulative IPC: 2.74829 (Simulation time: 1 hr 57 min 48 sec) 
Heartbeat CPU 0 instructions: 180000004 cycles: 64951421 heartbeat IPC: 2.73645 cumulative IPC: 2.74761 (Simulation time: 2 hr 3 min 56 sec) 
Heartbeat CPU 0 instructions: 190000004 cycles: 68522413 heartbeat IPC: 2.80035 cumulative IPC: 2.75041 (Simulation time: 2 hr 9 min 16 sec) 
Heartbeat CPU 0 instructions: 200000001 cycles: 72193504 heartbeat IPC: 2.72399 cumulative IPC: 2.74904 (Simulation time: 2 hr 14 min 15 sec) 
Max paddr 40M
Simulation finished CPU 0 instructions: 200000002 cycles: 72716553 cumulative IPC: 2.75041 (Simulation time: 2 hr 16 min 23 sec) 

Simulation complete CPU 0 instructions: 200000002 cycles: 72716553 (Simulation time: 2 hr 16 min 23 sec) 


ChampSim completed all CPUs

[
  {
    "name": "Simulation",
    "traces": [
      "../traces/434.zeusmp-10B.champsimtrace.xz"
    ],
    "roi": {
      "cores": [
        {
          "instructions": 200000002,
          "cycles": 72716553,
          "Avg ROB occupancy at mispredict": 316.657, 
          "mispredict": {
            "BRANCH_DIRECT_JUMP": 2,
            "BRANCH_INDIRECT": 0,
            "BRANCH_CONDITIONAL": 42600,
            "BRANCH_DIRECT_CALL": 0,
            "BRANCH_INDIRECT_CALL": 0,
            "BRANCH_RETURN": 0
          }
        }
      ],
      "cpu0_L1I": {
        "LOAD": {
          "hit":2087,
          "miss":0
        },
        "RFO": {
          "hit":0,
          "miss":0
        },
        "PREFETCH": {
          "hit":0,
          "miss":0
        },
        "WRITE": {
          "hit":0,
          "miss":0
        },
        "TRANSLATION": {
          "hit":0,
          "miss":0
        },
        "mshr full": 0,
        "prefetch requested": 0,
        "prefetch issued": 0,
        "prefetch filled": 0,
        "prefetch useful": 0,
        "prefetch useless": 0,
        "prefetch late": 0,
        "pf_useful_at_l2_from_l1":          0,
        "pf_late_at_l2_from_l1":          0,
        "pf_useless_at_l2_from_l1":          0,
        "pf_at_l2_to_l1":          0,
        "pf_fill_this_level":          0,
        "miss latency": null,
        "cache queues": {
          "PQ_ACCESS": 0,
          "PQ_FULL": 0,
          "PQ_TO_CACHE": 0,
          "PQ_MERGED": 0,
          "RQ_ACCESS": 2087,
          "RQ_MERGED": 0,
          "RQ_FULL": 0,
          "WQ_ACCESS": 0,
          "WQ_MERGED": 0,
          "WQ_FULL": 0
        }
      },
      "cpu0_ITLB": {
        "LOAD": {
          "hit":1874,
          "miss":0
        },
        "RFO": {
          "hit":0,
          "miss":0
        },
        "PREFETCH": {
          "hit":0,
          "miss":0
        },
        "WRITE": {
          "hit":0,
          "miss":0
        },
        "TRANSLATION": {
          "hit":0,
          "miss":0
        },
        "mshr full": 0,
        "prefetch requested": 0,
        "prefetch issued": 0,
        "prefetch filled": 0,
        "prefetch useful": 0,
        "prefetch useless": 0,
        "prefetch late": 0,
        "pf_useful_at_l2_from_l1":          0,
        "pf_late_at_l2_from_l1":          0,
        "pf_useless_at_l2_from_l1":          0,
        "pf_at_l2_to_l1":          0,
        "pf_fill_this_level":          0,
        "miss latency": null,
        "cache queues": {
          "PQ_ACCESS": 0,
          "PQ_FULL": 0,
          "PQ_TO_CACHE": 0,
          "PQ_MERGED": 0,
          "RQ_ACCESS": 1874,
          "RQ_MERGED": 0,
          "RQ_FULL": 0,
          "WQ_ACCESS": 0,
          "WQ_MERGED": 0,
          "WQ_FULL": 0
        }
      },
      "cpu0_DTLB": {
        "LOAD": {
          "hit":46265215,
          "miss":4084576
        },
        "RFO": {
          "hit":0,
          "miss":0
        },
        "PREFETCH": {
          "hit":0,
          "miss":0
        },
        "WRITE": {
          "hit":0,
          "miss":0
        },
        "TRANSLATION": {
          "hit":0,
          "miss":0
        },
        "mshr full": 103457,
        "prefetch requested": 0,
        "prefetch issued": 0,
        "prefetch filled": 0,
        "prefetch useful": 0,
        "prefetch useless": 0,
        "prefetch late": 0,
        "pf_useful_at_l2_from_l1":          0,
        "pf_late_at_l2_from_l1":          0,
        "pf_useless_at_l2_from_l1":          0,
        "pf_at_l2_to_l1":          0,
        "pf_fill_this_level":          0,
        "miss latency": 0.359443,
        "cache queues": {
          "PQ_ACCESS": 0,
          "PQ_FULL": 0,
          "PQ_TO_CACHE": 0,
          "PQ_MERGED": 0,
          "RQ_ACCESS": 53761650,
          "RQ_MERGED": 0,
          "RQ_FULL": 3411859,
          "WQ_ACCESS": 0,
          "WQ_MERGED": 0,
          "WQ_FULL": 0
        }
      },
      "cpu0_STLB": {
        "LOAD": {
          "hit":2526503,
          "miss":6871
        },
        "RFO": {
          "hit":0,
          "miss":0
        },
        "PREFETCH": {
          "hit":0,
          "miss":0
        },
        "WRITE": {
          "hit":0,
          "miss":0
        },
        "TRANSLATION": {
          "hit":0,
          "miss":0
        },
        "mshr full": 0,
        "prefetch requested": 0,
        "prefetch issued": 0,
        "prefetch filled": 0,
        "prefetch useful": 0,
        "prefetch useless": 0,
        "prefetch late": 0,
        "pf_useful_at_l2_from_l1":          0,
        "pf_late_at_l2_from_l1":          0,
        "pf_useless_at_l2_from_l1":          0,
        "pf_at_l2_to_l1":          0,
        "pf_fill_this_level":          0,
        "miss latency": 27.0182,
        "cache queues": {
          "PQ_ACCESS": 0,
          "PQ_FULL": 0,
          "PQ_TO_CACHE": 0,
          "PQ_MERGED": 0,
          "RQ_ACCESS": 2533374,
          "RQ_MERGED": 0,
          "RQ_FULL": 0,
          "WQ_ACCESS": 0,
          "WQ_MERGED": 0,
          "WQ_FULL": 0
        }
      },
      "cpu0_L1D": {
        "LOAD": {
          "hit":29842888,
          "miss":6059183
        },
        "RFO": {
          "hit":0,
          "miss":0
        },
        "PREFETCH": {
          "hit":0,
          "miss":0
        },
        "WRITE": {
          "hit":13515542,
          "miss":1235212
        },
        "TRANSLATION": {
          "hit":516,
          "miss":8837
        },
        "mshr full": 401014,
        "prefetch requested": 0,
        "prefetch issued": 0,
        "prefetch filled": 0,
        "prefetch useful": 0,
        "prefetch useless": 0,
        "prefetch late": 0,
        "pf_useful_at_l2_from_l1":          0,
        "pf_late_at_l2_from_l1":          0,
        "pf_useless_at_l2_from_l1":          0,
        "pf_at_l2_to_l1":          0,
        "pf_fill_this_level":          0,
        "miss latency": 1.44632,
        "cache queues": {
          "PQ_ACCESS": 0,
          "PQ_FULL": 0,
          "PQ_TO_CACHE": 0,
          "PQ_MERGED": 0,
          "RQ_ACCESS": 37884620,
          "RQ_MERGED": 50242,
          "RQ_FULL": 1932305,
          "WQ_ACCESS": 14753965,
          "WQ_MERGED": 0,
          "WQ_FULL": 3210
        }
      },
      "cpu0_L2C": {
        "LOAD": {
          "hit":2654255,
          "miss":556443
        },
        "RFO": {
          "hit":635925,
          "miss":105604
        },
        "PREFETCH": {
          "hit":0,
          "miss":0
        },
        "WRITE": {
          "hit":1836919,
          "miss":0
        },
        "TRANSLATION": {
          "hit":2585,
          "miss":6252
        },
        "mshr full": 0,
        "prefetch requested": 0,
        "prefetch issued": 0,
        "prefetch filled": 0,
        "prefetch useful": 0,
        "prefetch useless": 0,
        "prefetch late": 0,
        "pf_useful_at_l2_from_l1":          0,
        "pf_late_at_l2_from_l1":          0,
        "pf_useless_at_l2_from_l1":          0,
        "pf_at_l2_to_l1":          0,
        "pf_fill_this_level":          0,
        "miss latency": 10.1032,
        "cache queues": {
          "PQ_ACCESS": 0,
          "PQ_FULL": 0,
          "PQ_TO_CACHE": 0,
          "PQ_MERGED": 0,
          "RQ_ACCESS": 3964867,
          "RQ_MERGED": 0,
          "RQ_FULL": 0,
          "WQ_ACCESS": 1837190,
          "WQ_MERGED": 0,
          "WQ_FULL": 0
        }
      },
      "LLC": {
        "LOAD": {
          "hit": [152363],
          "miss": [404080]
        },
        "RFO": {
          "hit": [105406],
          "miss": [198]
        },
        "PREFETCH": {
          "hit": [0],
          "miss": [0]
        },
        "WRITE": {
          "hit": [210851],
          "miss": [0]
        },
        "TRANSLATION": {
          "hit": [1615],
          "miss": [4637]
        },
        "mshr full": 0,
        "prefetch requested": 0,
        "prefetch issued": 0,
        "prefetch filled": 0,
        "prefetch useful": 0,
        "prefetch useless": 0,
        "prefetch late": 0,
        "pf_useful_at_l2_from_l1":          0,
        "pf_late_at_l2_from_l1":          0,
        "pf_useless_at_l2_from_l1":          0,
        "pf_at_l2_to_l1":          0,
        "pf_fill_this_level":          0,
        "miss latency": 13.0984,
        "cache queues": {
          "PQ_ACCESS": 0,
          "PQ_FULL": 0,
          "PQ_TO_CACHE": 0,
          "PQ_MERGED": 0,
          "RQ_ACCESS": 668299,
          "RQ_MERGED": 0,
          "RQ_FULL": 0,
          "WQ_ACCESS": 210852,
          "WQ_MERGED": 0,
          "WQ_FULL": 0
        }
      },
      "DRAM": [
        {
          "RQ ROW_BUFFER_HIT": 133378,
          "RQ ROW_BUFFER_MISS": 275537,
          "PQ FULL": 0,
          "WQ ROW_BUFFER_HIT": 42604,
          "WQ ROW_BUFFER_MISS": 66892,
          "WQ FULL": 0,
          "AVG DBUS CONGESTED CYCLE": 3.96144
        }
      ]

    },
    "sim": {
      "cores": [
        {
          "instructions": 200000002,
          "cycles": 72716553,
          "Avg ROB occupancy at mispredict": 316.657, 
          "mispredict": {
            "BRANCH_DIRECT_JUMP": 2,
            "BRANCH_INDIRECT": 0,
            "BRANCH_CONDITIONAL": 42600,
            "BRANCH_DIRECT_CALL": 0,
            "BRANCH_INDIRECT_CALL": 0,
            "BRANCH_RETURN": 0
          }
        }
      ],
      "cpu0_L1I": {
        "LOAD": {
          "hit":2087,
          "miss":0
        },
        "RFO": {
          "hit":0,
          "miss":0
        },
        "PREFETCH": {
          "hit":0,
          "miss":0
        },
        "WRITE": {
          "hit":0,
          "miss":0
        },
        "TRANSLATION": {
          "hit":0,
          "miss":0
        },
        "mshr full": 0,
        "prefetch requested": 0,
        "prefetch issued": 0,
        "prefetch filled": 0,
        "prefetch useful": 0,
        "prefetch useless": 0,
        "prefetch late": 0,
        "pf_useful_at_l2_from_l1":          0,
        "pf_late_at_l2_from_l1":          0,
        "pf_useless_at_l2_from_l1":          0,
        "pf_at_l2_to_l1":          0,
        "pf_fill_this_level":          0,
        "miss latency": null,
        "cache queues": {
          "PQ_ACCESS": 0,
          "PQ_FULL": 0,
          "PQ_TO_CACHE": 0,
          "PQ_MERGED": 0,
          "RQ_ACCESS": 2087,
          "RQ_MERGED": 0,
          "RQ_FULL": 0,
          "WQ_ACCESS": 0,
          "WQ_MERGED": 0,
          "WQ_FULL": 0
        }
      },
      "cpu0_ITLB": {
        "LOAD": {
          "hit":1874,
          "miss":0
        },
        "RFO": {
          "hit":0,
          "miss":0
        },
        "PREFETCH": {
          "hit":0,
          "miss":0
        },
        "WRITE": {
          "hit":0,
          "miss":0
        },
        "TRANSLATION": {
          "hit":0,
          "miss":0
        },
        "mshr full": 0,
        "prefetch requested": 0,
        "prefetch issued": 0,
        "prefetch filled": 0,
        "prefetch useful": 0,
        "prefetch useless": 0,
        "prefetch late": 0,
        "pf_useful_at_l2_from_l1":          0,
        "pf_late_at_l2_from_l1":          0,
        "pf_useless_at_l2_from_l1":          0,
        "pf_at_l2_to_l1":          0,
        "pf_fill_this_level":          0,
        "miss latency": null,
        "cache queues": {
          "PQ_ACCESS": 0,
          "PQ_FULL": 0,
          "PQ_TO_CACHE": 0,
          "PQ_MERGED": 0,
          "RQ_ACCESS": 1874,
          "RQ_MERGED": 0,
          "RQ_FULL": 0,
          "WQ_ACCESS": 0,
          "WQ_MERGED": 0,
          "WQ_FULL": 0
        }
      },
      "cpu0_DTLB": {
        "LOAD": {
          "hit":46265215,
          "miss":4084576
        },
        "RFO": {
          "hit":0,
          "miss":0
        },
        "PREFETCH": {
          "hit":0,
          "miss":0
        },
        "WRITE": {
          "hit":0,
          "miss":0
        },
        "TRANSLATION": {
          "hit":0,
          "miss":0
        },
        "mshr full": 103457,
        "prefetch requested": 0,
        "prefetch issued": 0,
        "prefetch filled": 0,
        "prefetch useful": 0,
        "prefetch useless": 0,
        "prefetch late": 0,
        "pf_useful_at_l2_from_l1":          0,
        "pf_late_at_l2_from_l1":          0,
        "pf_useless_at_l2_from_l1":          0,
        "pf_at_l2_to_l1":          0,
        "pf_fill_this_level":          0,
        "miss latency": 0.359443,
        "cache queues": {
          "PQ_ACCESS": 0,
          "PQ_FULL": 0,
          "PQ_TO_CACHE": 0,
          "PQ_MERGED": 0,
          "RQ_ACCESS": 53761650,
          "RQ_MERGED": 0,
          "RQ_FULL": 3411859,
          "WQ_ACCESS": 0,
          "WQ_MERGED": 0,
          "WQ_FULL": 0
        }
      },
      "cpu0_STLB": {
        "LOAD": {
          "hit":2526503,
          "miss":6871
        },
        "RFO": {
          "hit":0,
          "miss":0
        },
        "PREFETCH": {
          "hit":0,
          "miss":0
        },
        "WRITE": {
          "hit":0,
          "miss":0
        },
        "TRANSLATION": {
          "hit":0,
          "miss":0
        },
        "mshr full": 0,
        "prefetch requested": 0,
        "prefetch issued": 0,
        "prefetch filled": 0,
        "prefetch useful": 0,
        "prefetch useless": 0,
        "prefetch late": 0,
        "pf_useful_at_l2_from_l1":          0,
        "pf_late_at_l2_from_l1":          0,
        "pf_useless_at_l2_from_l1":          0,
        "pf_at_l2_to_l1":          0,
        "pf_fill_this_level":          0,
        "miss latency": 27.0182,
        "cache queues": {
          "PQ_ACCESS": 0,
          "PQ_FULL": 0,
          "PQ_TO_CACHE": 0,
          "PQ_MERGED": 0,
          "RQ_ACCESS": 2533374,
          "RQ_MERGED": 0,
          "RQ_FULL": 0,
          "WQ_ACCESS": 0,
          "WQ_MERGED": 0,
          "WQ_FULL": 0
        }
      },
      "cpu0_L1D": {
        "LOAD": {
          "hit":29842888,
          "miss":6059183
        },
        "RFO": {
          "hit":0,
          "miss":0
        },
        "PREFETCH": {
          "hit":0,
          "miss":0
        },
        "WRITE": {
          "hit":13515542,
          "miss":1235212
        },
        "TRANSLATION": {
          "hit":516,
          "miss":8837
        },
        "mshr full": 401014,
        "prefetch requested": 0,
        "prefetch issued": 0,
        "prefetch filled": 0,
        "prefetch useful": 0,
        "prefetch useless": 0,
        "prefetch late": 0,
        "pf_useful_at_l2_from_l1":          0,
        "pf_late_at_l2_from_l1":          0,
        "pf_useless_at_l2_from_l1":          0,
        "pf_at_l2_to_l1":          0,
        "pf_fill_this_level":          0,
        "miss latency": 1.44632,
        "cache queues": {
          "PQ_ACCESS": 0,
          "PQ_FULL": 0,
          "PQ_TO_CACHE": 0,
          "PQ_MERGED": 0,
          "RQ_ACCESS": 37884620,
          "RQ_MERGED": 50242,
          "RQ_FULL": 1932305,
          "WQ_ACCESS": 14753965,
          "WQ_MERGED": 0,
          "WQ_FULL": 3210
        }
      },
      "cpu0_L2C": {
        "LOAD": {
          "hit":2654255,
          "miss":556443
        },
        "RFO": {
          "hit":635925,
          "miss":105604
        },
        "PREFETCH": {
          "hit":0,
          "miss":0
        },
        "WRITE": {
          "hit":1836919,
          "miss":0
        },
        "TRANSLATION": {
          "hit":2585,
          "miss":6252
        },
        "mshr full": 0,
        "prefetch requested": 0,
        "prefetch issued": 0,
        "prefetch filled": 0,
        "prefetch useful": 0,
        "prefetch useless": 0,
        "prefetch late": 0,
        "pf_useful_at_l2_from_l1":          0,
        "pf_late_at_l2_from_l1":          0,
        "pf_useless_at_l2_from_l1":          0,
        "pf_at_l2_to_l1":          0,
        "pf_fill_this_level":          0,
        "miss latency": 10.1032,
        "cache queues": {
          "PQ_ACCESS": 0,
          "PQ_FULL": 0,
          "PQ_TO_CACHE": 0,
          "PQ_MERGED": 0,
          "RQ_ACCESS": 3964867,
          "RQ_MERGED": 0,
          "RQ_FULL": 0,
          "WQ_ACCESS": 1837190,
          "WQ_MERGED": 0,
          "WQ_FULL": 0
        }
      },
      "LLC": {
        "LOAD": {
          "hit": [152363],
          "miss": [404080]
        },
        "RFO": {
          "hit": [105406],
          "miss": [198]
        },
        "PREFETCH": {
          "hit": [0],
          "miss": [0]
        },
        "WRITE": {
          "hit": [210851],
          "miss": [0]
        },
        "TRANSLATION": {
          "hit": [1615],
          "miss": [4637]
        },
        "mshr full": 0,
        "prefetch requested": 0,
        "prefetch issued": 0,
        "prefetch filled": 0,
        "prefetch useful": 0,
        "prefetch useless": 0,
        "prefetch late": 0,
        "pf_useful_at_l2_from_l1":          0,
        "pf_late_at_l2_from_l1":          0,
        "pf_useless_at_l2_from_l1":          0,
        "pf_at_l2_to_l1":          0,
        "pf_fill_this_level":          0,
        "miss latency": 13.0984,
        "cache queues": {
          "PQ_ACCESS": 0,
          "PQ_FULL": 0,
          "PQ_TO_CACHE": 0,
          "PQ_MERGED": 0,
          "RQ_ACCESS": 668299,
          "RQ_MERGED": 0,
          "RQ_FULL": 0,
          "WQ_ACCESS": 210852,
          "WQ_MERGED": 0,
          "WQ_FULL": 0
        }
      },
      "DRAM": [
        {
          "RQ ROW_BUFFER_HIT": 133378,
          "RQ ROW_BUFFER_MISS": 275537,
          "PQ FULL": 0,
          "WQ ROW_BUFFER_HIT": 42604,
          "WQ ROW_BUFFER_MISS": 66892,
          "WQ FULL": 0,
          "AVG DBUS CONGESTED CYCLE": 3.96144
        }
      ]

    }
  }
]
cpu0_ITLB
cpu0_DTLB
cpu0_STLB
cpu0_L1D
cpu0_L2C
Num Con Filled: 0
Num Con Useful: 0 Useless:0 Accuracy: nan
LLC
