41 41 41
Available num physical pages: 35184372088576
WARNING: physical memory size is smaller than virtual memory size

*** ChampSim Multicore Out-of-Order Simulator ***

Warmup Instructions: 5000000
Simulation Instructions: 200000000
Number of CPUs: 1
Page size: 4096

Basic BTB sets: 1024 ways: 8 indirect buffer size: 4096 RAS size: 64
Off-chip DRAM Size: 4 GiB Channels: 1 Width: 64-bit Data Rate: 3200 MT/s
Max paddr 40M
Warmup finished CPU 0 instructions: 5000000 cycles: 1250357 cumulative IPC: 3.99886 (Simulation time: 0 hr 2 min 41 sec) 

Warmup complete CPU 0 instructions: 5000000 cycles: 1250357 (Simulation time: 0 hr 2 min 41 sec) 

Heartbeat CPU 0 instructions: 10000000 cycles: 56114187 heartbeat IPC: 0.178209 cumulative IPC: 0.0911348 (Simulation time: 0 hr 29 min 29 sec) 
Heartbeat CPU 0 instructions: 20000000 cycles: 164859270 heartbeat IPC: 0.0919582 cumulative IPC: 0.0916821 (Simulation time: 1 hr 24 min 16 sec) 
Heartbeat CPU 0 instructions: 30000003 cycles: 273890317 heartbeat IPC: 0.0917171 cumulative IPC: 0.0916961 (Simulation time: 2 hr 13 min 37 sec) 
Heartbeat CPU 0 instructions: 40000000 cycles: 382975529 heartbeat IPC: 0.0916715 cumulative IPC: 0.0916891 (Simulation time: 2 hr 38 min 47 sec) 
Heartbeat CPU 0 instructions: 50000001 cycles: 491545240 heartbeat IPC: 0.0921068 cumulative IPC: 0.0917816 (Simulation time: 2 hr 56 min 20 sec) 
Heartbeat CPU 0 instructions: 60000000 cycles: 600537381 heartbeat IPC: 0.0917498 cumulative IPC: 0.0917758 (Simulation time: 3 hr 9 min 7 sec) 
Heartbeat CPU 0 instructions: 70000004 cycles: 710060380 heartbeat IPC: 0.0913051 cumulative IPC: 0.091703 (Simulation time: 3 hr 17 min 20 sec) 
Heartbeat CPU 0 instructions: 80000002 cycles: 826106001 heartbeat IPC: 0.086173 cumulative IPC: 0.0909251 (Simulation time: 3 hr 23 min 29 sec) 
Heartbeat CPU 0 instructions: 90000000 cycles: 934317942 heartbeat IPC: 0.0924113 cumulative IPC: 0.0910974 (Simulation time: 3 hr 27 min 28 sec) 
Heartbeat CPU 0 instructions: 100000004 cycles: 1043221494 heartbeat IPC: 0.0918245 cumulative IPC: 0.0911734 (Simulation time: 3 hr 30 min 19 sec) 
Heartbeat CPU 0 instructions: 110000000 cycles: 1152766799 heartbeat IPC: 0.0912864 cumulative IPC: 0.0911842 (Simulation time: 3 hr 32 min 58 sec) 
Heartbeat CPU 0 instructions: 120000001 cycles: 1262372399 heartbeat IPC: 0.0912363 cumulative IPC: 0.0911887 (Simulation time: 3 hr 35 min 38 sec) 
Heartbeat CPU 0 instructions: 130000000 cycles: 1371519515 heartbeat IPC: 0.0916195 cumulative IPC: 0.091223 (Simulation time: 3 hr 38 min 11 sec) 
Heartbeat CPU 0 instructions: 140000001 cycles: 1480316412 heartbeat IPC: 0.0919144 cumulative IPC: 0.0912739 (Simulation time: 3 hr 40 min 36 sec) 
Heartbeat CPU 0 instructions: 150000000 cycles: 1589637721 heartbeat IPC: 0.0914735 cumulative IPC: 0.0912876 (Simulation time: 3 hr 42 min 52 sec) 
Heartbeat CPU 0 instructions: 160000000 cycles: 1700114175 heartbeat IPC: 0.0905171 cumulative IPC: 0.0912375 (Simulation time: 3 hr 45 min 6 sec) 
Heartbeat CPU 0 instructions: 170000000 cycles: 1809808301 heartbeat IPC: 0.0911626 cumulative IPC: 0.091233 (Simulation time: 3 hr 47 min 2 sec) 
Heartbeat CPU 0 instructions: 180000000 cycles: 1919023579 heartbeat IPC: 0.0915623 cumulative IPC: 0.0912517 (Simulation time: 3 hr 48 min 47 sec) 
Heartbeat CPU 0 instructions: 190000000 cycles: 2028384251 heartbeat IPC: 0.0914406 cumulative IPC: 0.0912619 (Simulation time: 3 hr 50 min 29 sec) 
Heartbeat CPU 0 instructions: 200000003 cycles: 2138399045 heartbeat IPC: 0.0908969 cumulative IPC: 0.0912431 (Simulation time: 3 hr 52 min 12 sec) 
Max paddr 1380M
Simulation finished CPU 0 instructions: 200000000 cycles: 2192011910 cumulative IPC: 0.0912404 (Simulation time: 3 hr 53 min 4 sec) 

Simulation complete CPU 0 instructions: 200000000 cycles: 2192011910 (Simulation time: 3 hr 53 min 4 sec) 


ChampSim completed all CPUs

[
  {
    "name": "Simulation",
    "traces": [
      "../traces/429.mcf-192B.champsimtrace.xz"
    ],
    "roi": {
      "cores": [
        {
          "instructions": 200000000,
          "cycles": 2192011910,
          "Avg ROB occupancy at mispredict": 20.8993, 
          "mispredict": {
            "BRANCH_DIRECT_JUMP": 3038,
            "BRANCH_INDIRECT": 0,
            "BRANCH_CONDITIONAL": 4763150,
            "BRANCH_DIRECT_CALL": 1,
            "BRANCH_INDIRECT_CALL": 0,
            "BRANCH_RETURN": 1
          }
        }
      ],
      "cpu0_L1I": {
        "LOAD": {
          "hit":14,
          "miss":3
        },
        "RFO": {
          "hit":0,
          "miss":0
        },
        "PREFETCH": {
          "hit":0,
          "miss":0
        },
        "WRITE": {
          "hit":0,
          "miss":0
        },
        "TRANSLATION": {
          "hit":0,
          "miss":0
        },
        "mshr full": 0,
        "prefetch requested": 0,
        "prefetch issued": 0,
        "prefetch filled": 0,
        "prefetch useful": 0,
        "prefetch useless": 0,
        "prefetch late": 0,
        "pf_useful_at_l2_from_l1":          0,
        "pf_late_at_l2_from_l1":          0,
        "pf_useless_at_l2_from_l1":          0,
        "pf_at_l2_to_l1":          0,
        "pf_fill_this_level":          0,
        "miss latency": 12.2709,
        "cache queues": {
          "PQ_ACCESS": 0,
          "PQ_FULL": 0,
          "PQ_TO_CACHE": 0,
          "PQ_MERGED": 0,
          "RQ_ACCESS": 17,
          "RQ_MERGED": 0,
          "RQ_FULL": 0,
          "WQ_ACCESS": 0,
          "WQ_MERGED": 0,
          "WQ_FULL": 0
        }
      },
      "cpu0_ITLB": {
        "LOAD": {
          "hit":16,
          "miss":1
        },
        "RFO": {
          "hit":0,
          "miss":0
        },
        "PREFETCH": {
          "hit":0,
          "miss":0
        },
        "WRITE": {
          "hit":0,
          "miss":0
        },
        "TRANSLATION": {
          "hit":0,
          "miss":0
        },
        "mshr full": 0,
        "prefetch requested": 0,
        "prefetch issued": 0,
        "prefetch filled": 0,
        "prefetch useful": 0,
        "prefetch useless": 0,
        "prefetch late": 0,
        "pf_useful_at_l2_from_l1":          0,
        "pf_late_at_l2_from_l1":          0,
        "pf_useless_at_l2_from_l1":          0,
        "pf_at_l2_to_l1":          0,
        "pf_fill_this_level":          0,
        "miss latency": 60.5,
        "cache queues": {
          "PQ_ACCESS": 0,
          "PQ_FULL": 0,
          "PQ_TO_CACHE": 0,
          "PQ_MERGED": 0,
          "RQ_ACCESS": 17,
          "RQ_MERGED": 0,
          "RQ_FULL": 0,
          "WQ_ACCESS": 0,
          "WQ_MERGED": 0,
          "WQ_FULL": 0
        }
      },
      "cpu0_DTLB": {
        "LOAD": {
          "hit":2200867,
          "miss":60154611
        },
        "RFO": {
          "hit":0,
          "miss":0
        },
        "PREFETCH": {
          "hit":0,
          "miss":0
        },
        "WRITE": {
          "hit":0,
          "miss":0
        },
        "TRANSLATION": {
          "hit":0,
          "miss":0
        },
        "mshr full": 118063,
        "prefetch requested": 0,
        "prefetch issued": 0,
        "prefetch filled": 0,
        "prefetch useful": 0,
        "prefetch useless": 0,
        "prefetch late": 0,
        "pf_useful_at_l2_from_l1":          0,
        "pf_late_at_l2_from_l1":          0,
        "pf_useless_at_l2_from_l1":          0,
        "pf_at_l2_to_l1":          0,
        "pf_fill_this_level":          0,
        "miss latency": 0.441308,
        "cache queues": {
          "PQ_ACCESS": 0,
          "PQ_FULL": 0,
          "PQ_TO_CACHE": 0,
          "PQ_MERGED": 0,
          "RQ_ACCESS": 63119702,
          "RQ_MERGED": 0,
          "RQ_FULL": 764224,
          "WQ_ACCESS": 0,
          "WQ_MERGED": 0,
          "WQ_FULL": 0
        }
      },
      "cpu0_STLB": {
        "LOAD": {
          "hit":28629834,
          "miss":540551
        },
        "RFO": {
          "hit":0,
          "miss":0
        },
        "PREFETCH": {
          "hit":0,
          "miss":0
        },
        "WRITE": {
          "hit":0,
          "miss":0
        },
        "TRANSLATION": {
          "hit":0,
          "miss":0
        },
        "mshr full": 0,
        "prefetch requested": 0,
        "prefetch issued": 0,
        "prefetch filled": 0,
        "prefetch useful": 0,
        "prefetch useless": 0,
        "prefetch late": 0,
        "pf_useful_at_l2_from_l1":          0,
        "pf_late_at_l2_from_l1":          0,
        "pf_useless_at_l2_from_l1":          0,
        "pf_at_l2_to_l1":          0,
        "pf_fill_this_level":          0,
        "miss latency": 22.0653,
        "cache queues": {
          "PQ_ACCESS": 0,
          "PQ_FULL": 0,
          "PQ_TO_CACHE": 0,
          "PQ_MERGED": 0,
          "RQ_ACCESS": 29170385,
          "RQ_MERGED": 0,
          "RQ_FULL": 0,
          "WQ_ACCESS": 0,
          "WQ_MERGED": 0,
          "WQ_FULL": 0
        }
      },
      "cpu0_L1D": {
        "LOAD": {
          "hit":2831975,
          "miss":53133244
        },
        "RFO": {
          "hit":0,
          "miss":0
        },
        "PREFETCH": {
          "hit":0,
          "miss":0
        },
        "WRITE": {
          "hit":180711,
          "miss":10967
        },
        "TRANSLATION": {
          "hit":26233,
          "miss":697646
        },
        "mshr full": 18506158,
        "prefetch requested": 0,
        "prefetch issued": 0,
        "prefetch filled": 0,
        "prefetch useful": 0,
        "prefetch useless": 0,
        "prefetch late": 0,
        "pf_useful_at_l2_from_l1":          0,
        "pf_late_at_l2_from_l1":          0,
        "pf_useless_at_l2_from_l1":          0,
        "pf_at_l2_to_l1":          0,
        "pf_fill_this_level":          0,
        "miss latency": 7.90183,
        "cache queues": {
          "PQ_ACCESS": 0,
          "PQ_FULL": 0,
          "PQ_TO_CACHE": 0,
          "PQ_MERGED": 0,
          "RQ_ACCESS": 64139910,
          "RQ_MERGED": 6208300,
          "RQ_FULL": 1966392,
          "WQ_ACCESS": 192021,
          "WQ_MERGED": 343,
          "WQ_FULL": 0
        }
      },
      "cpu0_L2C": {
        "LOAD": {
          "hit":8081552,
          "miss":20615369
        },
        "RFO": {
          "hit":2046,
          "miss":6722
        },
        "PREFETCH": {
          "hit":0,
          "miss":0
        },
        "WRITE": {
          "hit":72744,
          "miss":0
        },
        "TRANSLATION": {
          "hit":147594,
          "miss":550052
        },
        "mshr full": 0,
        "prefetch requested": 0,
        "prefetch issued": 0,
        "prefetch filled": 0,
        "prefetch useful": 0,
        "prefetch useless": 0,
        "prefetch late": 0,
        "pf_useful_at_l2_from_l1":          0,
        "pf_late_at_l2_from_l1":          0,
        "pf_useless_at_l2_from_l1":          0,
        "pf_at_l2_to_l1":          0,
        "pf_fill_this_level":          0,
        "miss latency": 19.3813,
        "cache queues": {
          "PQ_ACCESS": 0,
          "PQ_FULL": 0,
          "PQ_TO_CACHE": 0,
          "PQ_MERGED": 0,
          "RQ_ACCESS": 29403336,
          "RQ_MERGED": 0,
          "RQ_FULL": 0,
          "WQ_ACCESS": 72744,
          "WQ_MERGED": 0,
          "WQ_FULL": 0
        }
      },
      "LLC": {
        "LOAD": {
          "hit": [5927546],
          "miss": [14687823]
        },
        "RFO": {
          "hit": [1716],
          "miss": [5006]
        },
        "PREFETCH": {
          "hit": [0],
          "miss": [0]
        },
        "WRITE": {
          "hit": [62639],
          "miss": [0]
        },
        "TRANSLATION": {
          "hit": [203569],
          "miss": [346483]
        },
        "mshr full": 0,
        "prefetch requested": 0,
        "prefetch issued": 0,
        "prefetch filled": 0,
        "prefetch useful": 0,
        "prefetch useless": 0,
        "prefetch late": 0,
        "pf_useful_at_l2_from_l1":          0,
        "pf_late_at_l2_from_l1":          0,
        "pf_useless_at_l2_from_l1":          0,
        "pf_at_l2_to_l1":          0,
        "pf_fill_this_level":          0,
        "miss latency": 25.3453,
        "cache queues": {
          "PQ_ACCESS": 0,
          "PQ_FULL": 0,
          "PQ_TO_CACHE": 0,
          "PQ_MERGED": 0,
          "RQ_ACCESS": 21172143,
          "RQ_MERGED": 0,
          "RQ_FULL": 0,
          "WQ_ACCESS": 62678,
          "WQ_MERGED": 0,
          "WQ_FULL": 0
        }
      },
      "DRAM": [
        {
          "RQ ROW_BUFFER_HIT": 92916,
          "RQ ROW_BUFFER_MISS": 14946259,
          "PQ FULL": 0,
          "WQ ROW_BUFFER_HIT": 12272,
          "WQ ROW_BUFFER_MISS": 38134,
          "WQ FULL": 0,
          "AVG DBUS CONGESTED CYCLE": 3.88173
        }
      ]

    },
    "sim": {
      "cores": [
        {
          "instructions": 200000000,
          "cycles": 2192011910,
          "Avg ROB occupancy at mispredict": 20.8993, 
          "mispredict": {
            "BRANCH_DIRECT_JUMP": 3038,
            "BRANCH_INDIRECT": 0,
            "BRANCH_CONDITIONAL": 4763150,
            "BRANCH_DIRECT_CALL": 1,
            "BRANCH_INDIRECT_CALL": 0,
            "BRANCH_RETURN": 1
          }
        }
      ],
      "cpu0_L1I": {
        "LOAD": {
          "hit":14,
          "miss":3
        },
        "RFO": {
          "hit":0,
          "miss":0
        },
        "PREFETCH": {
          "hit":0,
          "miss":0
        },
        "WRITE": {
          "hit":0,
          "miss":0
        },
        "TRANSLATION": {
          "hit":0,
          "miss":0
        },
        "mshr full": 0,
        "prefetch requested": 0,
        "prefetch issued": 0,
        "prefetch filled": 0,
        "prefetch useful": 0,
        "prefetch useless": 0,
        "prefetch late": 0,
        "pf_useful_at_l2_from_l1":          0,
        "pf_late_at_l2_from_l1":          0,
        "pf_useless_at_l2_from_l1":          0,
        "pf_at_l2_to_l1":          0,
        "pf_fill_this_level":          0,
        "miss latency": 12.2709,
        "cache queues": {
          "PQ_ACCESS": 0,
          "PQ_FULL": 0,
          "PQ_TO_CACHE": 0,
          "PQ_MERGED": 0,
          "RQ_ACCESS": 17,
          "RQ_MERGED": 0,
          "RQ_FULL": 0,
          "WQ_ACCESS": 0,
          "WQ_MERGED": 0,
          "WQ_FULL": 0
        }
      },
      "cpu0_ITLB": {
        "LOAD": {
          "hit":16,
          "miss":1
        },
        "RFO": {
          "hit":0,
          "miss":0
        },
        "PREFETCH": {
          "hit":0,
          "miss":0
        },
        "WRITE": {
          "hit":0,
          "miss":0
        },
        "TRANSLATION": {
          "hit":0,
          "miss":0
        },
        "mshr full": 0,
        "prefetch requested": 0,
        "prefetch issued": 0,
        "prefetch filled": 0,
        "prefetch useful": 0,
        "prefetch useless": 0,
        "prefetch late": 0,
        "pf_useful_at_l2_from_l1":          0,
        "pf_late_at_l2_from_l1":          0,
        "pf_useless_at_l2_from_l1":          0,
        "pf_at_l2_to_l1":          0,
        "pf_fill_this_level":          0,
        "miss latency": 60.5,
        "cache queues": {
          "PQ_ACCESS": 0,
          "PQ_FULL": 0,
          "PQ_TO_CACHE": 0,
          "PQ_MERGED": 0,
          "RQ_ACCESS": 17,
          "RQ_MERGED": 0,
          "RQ_FULL": 0,
          "WQ_ACCESS": 0,
          "WQ_MERGED": 0,
          "WQ_FULL": 0
        }
      },
      "cpu0_DTLB": {
        "LOAD": {
          "hit":2200867,
          "miss":60154611
        },
        "RFO": {
          "hit":0,
          "miss":0
        },
        "PREFETCH": {
          "hit":0,
          "miss":0
        },
        "WRITE": {
          "hit":0,
          "miss":0
        },
        "TRANSLATION": {
          "hit":0,
          "miss":0
        },
        "mshr full": 118063,
        "prefetch requested": 0,
        "prefetch issued": 0,
        "prefetch filled": 0,
        "prefetch useful": 0,
        "prefetch useless": 0,
        "prefetch late": 0,
        "pf_useful_at_l2_from_l1":          0,
        "pf_late_at_l2_from_l1":          0,
        "pf_useless_at_l2_from_l1":          0,
        "pf_at_l2_to_l1":          0,
        "pf_fill_this_level":          0,
        "miss latency": 0.441308,
        "cache queues": {
          "PQ_ACCESS": 0,
          "PQ_FULL": 0,
          "PQ_TO_CACHE": 0,
          "PQ_MERGED": 0,
          "RQ_ACCESS": 63119702,
          "RQ_MERGED": 0,
          "RQ_FULL": 764224,
          "WQ_ACCESS": 0,
          "WQ_MERGED": 0,
          "WQ_FULL": 0
        }
      },
      "cpu0_STLB": {
        "LOAD": {
          "hit":28629834,
          "miss":540551
        },
        "RFO": {
          "hit":0,
          "miss":0
        },
        "PREFETCH": {
          "hit":0,
          "miss":0
        },
        "WRITE": {
          "hit":0,
          "miss":0
        },
        "TRANSLATION": {
          "hit":0,
          "miss":0
        },
        "mshr full": 0,
        "prefetch requested": 0,
        "prefetch issued": 0,
        "prefetch filled": 0,
        "prefetch useful": 0,
        "prefetch useless": 0,
        "prefetch late": 0,
        "pf_useful_at_l2_from_l1":          0,
        "pf_late_at_l2_from_l1":          0,
        "pf_useless_at_l2_from_l1":          0,
        "pf_at_l2_to_l1":          0,
        "pf_fill_this_level":          0,
        "miss latency": 22.0653,
        "cache queues": {
          "PQ_ACCESS": 0,
          "PQ_FULL": 0,
          "PQ_TO_CACHE": 0,
          "PQ_MERGED": 0,
          "RQ_ACCESS": 29170385,
          "RQ_MERGED": 0,
          "RQ_FULL": 0,
          "WQ_ACCESS": 0,
          "WQ_MERGED": 0,
          "WQ_FULL": 0
        }
      },
      "cpu0_L1D": {
        "LOAD": {
          "hit":2831975,
          "miss":53133244
        },
        "RFO": {
          "hit":0,
          "miss":0
        },
        "PREFETCH": {
          "hit":0,
          "miss":0
        },
        "WRITE": {
          "hit":180711,
          "miss":10967
        },
        "TRANSLATION": {
          "hit":26233,
          "miss":697646
        },
        "mshr full": 18506158,
        "prefetch requested": 0,
        "prefetch issued": 0,
        "prefetch filled": 0,
        "prefetch useful": 0,
        "prefetch useless": 0,
        "prefetch late": 0,
        "pf_useful_at_l2_from_l1":          0,
        "pf_late_at_l2_from_l1":          0,
        "pf_useless_at_l2_from_l1":          0,
        "pf_at_l2_to_l1":          0,
        "pf_fill_this_level":          0,
        "miss latency": 7.90183,
        "cache queues": {
          "PQ_ACCESS": 0,
          "PQ_FULL": 0,
          "PQ_TO_CACHE": 0,
          "PQ_MERGED": 0,
          "RQ_ACCESS": 64139910,
          "RQ_MERGED": 6208300,
          "RQ_FULL": 1966392,
          "WQ_ACCESS": 192021,
          "WQ_MERGED": 343,
          "WQ_FULL": 0
        }
      },
      "cpu0_L2C": {
        "LOAD": {
          "hit":8081552,
          "miss":20615369
        },
        "RFO": {
          "hit":2046,
          "miss":6722
        },
        "PREFETCH": {
          "hit":0,
          "miss":0
        },
        "WRITE": {
          "hit":72744,
          "miss":0
        },
        "TRANSLATION": {
          "hit":147594,
          "miss":550052
        },
        "mshr full": 0,
        "prefetch requested": 0,
        "prefetch issued": 0,
        "prefetch filled": 0,
        "prefetch useful": 0,
        "prefetch useless": 0,
        "prefetch late": 0,
        "pf_useful_at_l2_from_l1":          0,
        "pf_late_at_l2_from_l1":          0,
        "pf_useless_at_l2_from_l1":          0,
        "pf_at_l2_to_l1":          0,
        "pf_fill_this_level":          0,
        "miss latency": 19.3813,
        "cache queues": {
          "PQ_ACCESS": 0,
          "PQ_FULL": 0,
          "PQ_TO_CACHE": 0,
          "PQ_MERGED": 0,
          "RQ_ACCESS": 29403336,
          "RQ_MERGED": 0,
          "RQ_FULL": 0,
          "WQ_ACCESS": 72744,
          "WQ_MERGED": 0,
          "WQ_FULL": 0
        }
      },
      "LLC": {
        "LOAD": {
          "hit": [5927546],
          "miss": [14687823]
        },
        "RFO": {
          "hit": [1716],
          "miss": [5006]
        },
        "PREFETCH": {
          "hit": [0],
          "miss": [0]
        },
        "WRITE": {
          "hit": [62639],
          "miss": [0]
        },
        "TRANSLATION": {
          "hit": [203569],
          "miss": [346483]
        },
        "mshr full": 0,
        "prefetch requested": 0,
        "prefetch issued": 0,
        "prefetch filled": 0,
        "prefetch useful": 0,
        "prefetch useless": 0,
        "prefetch late": 0,
        "pf_useful_at_l2_from_l1":          0,
        "pf_late_at_l2_from_l1":          0,
        "pf_useless_at_l2_from_l1":          0,
        "pf_at_l2_to_l1":          0,
        "pf_fill_this_level":          0,
        "miss latency": 25.3453,
        "cache queues": {
          "PQ_ACCESS": 0,
          "PQ_FULL": 0,
          "PQ_TO_CACHE": 0,
          "PQ_MERGED": 0,
          "RQ_ACCESS": 21172143,
          "RQ_MERGED": 0,
          "RQ_FULL": 0,
          "WQ_ACCESS": 62678,
          "WQ_MERGED": 0,
          "WQ_FULL": 0
        }
      },
      "DRAM": [
        {
          "RQ ROW_BUFFER_HIT": 92916,
          "RQ ROW_BUFFER_MISS": 14946259,
          "PQ FULL": 0,
          "WQ ROW_BUFFER_HIT": 12272,
          "WQ ROW_BUFFER_MISS": 38134,
          "WQ FULL": 0,
          "AVG DBUS CONGESTED CYCLE": 3.88173
        }
      ]

    }
  }
]
cpu0_ITLB
cpu0_DTLB
cpu0_STLB
cpu0_L1D
cpu0_L2C
Num Con Filled: 0
Num Con Useful: 0 Useless:0 Accuracy: nan
LLC
