41 41 41
Available num physical pages: 35184372088576
WARNING: physical memory size is smaller than virtual memory size

*** ChampSim Multicore Out-of-Order Simulator ***

Warmup Instructions: 5000000
Simulation Instructions: 200000000
Number of CPUs: 1
Page size: 4096

Basic BTB sets: 1024 ways: 8 indirect buffer size: 4096 RAS size: 64
Off-chip DRAM Size: 4 GiB Channels: 1 Width: 64-bit Data Rate: 3200 MT/s
Max paddr 38M
Warmup finished CPU 0 instructions: 5000001 cycles: 1250414 cumulative IPC: 3.99868 (Simulation time: 0 hr 2 min 29 sec) 

Warmup complete CPU 0 instructions: 5000001 cycles: 1250414 (Simulation time: 0 hr 2 min 29 sec) 

Heartbeat CPU 0 instructions: 10000001 cycles: 10393188 heartbeat IPC: 0.962169 cumulative IPC: 0.54688 (Simulation time: 0 hr 8 min 55 sec) 
Heartbeat CPU 0 instructions: 20000001 cycles: 27970742 heartbeat IPC: 0.568908 cumulative IPC: 0.561371 (Simulation time: 0 hr 21 min 28 sec) 
Heartbeat CPU 0 instructions: 30000002 cycles: 47428963 heartbeat IPC: 0.513922 cumulative IPC: 0.541377 (Simulation time: 0 hr 36 min 3 sec) 
Heartbeat CPU 0 instructions: 40000001 cycles: 64573876 heartbeat IPC: 0.583264 cumulative IPC: 0.552718 (Simulation time: 0 hr 49 min 14 sec) 
Heartbeat CPU 0 instructions: 50000000 cycles: 83258240 heartbeat IPC: 0.535207 cumulative IPC: 0.548729 (Simulation time: 1 hr 3 min 21 sec) 
Heartbeat CPU 0 instructions: 60000001 cycles: 101492758 heartbeat IPC: 0.548411 cumulative IPC: 0.548671 (Simulation time: 1 hr 17 min 0 sec) 
Heartbeat CPU 0 instructions: 70000002 cycles: 119755505 heartbeat IPC: 0.547563 cumulative IPC: 0.5485 (Simulation time: 1 hr 30 min 44 sec) 
Heartbeat CPU 0 instructions: 80000000 cycles: 137214768 heartbeat IPC: 0.572762 cumulative IPC: 0.551616 (Simulation time: 1 hr 43 min 51 sec) 
Heartbeat CPU 0 instructions: 90000004 cycles: 156416113 heartbeat IPC: 0.520798 cumulative IPC: 0.547802 (Simulation time: 1 hr 58 min 15 sec) 
Heartbeat CPU 0 instructions: 100000001 cycles: 173572814 heartbeat IPC: 0.582863 cumulative IPC: 0.551293 (Simulation time: 2 hr 9 min 9 sec) 
Heartbeat CPU 0 instructions: 110000000 cycles: 192959187 heartbeat IPC: 0.515827 cumulative IPC: 0.547706 (Simulation time: 2 hr 18 min 41 sec) 
Heartbeat CPU 0 instructions: 120000001 cycles: 211972685 heartbeat IPC: 0.525943 cumulative IPC: 0.545743 (Simulation time: 2 hr 25 min 42 sec) 
Heartbeat CPU 0 instructions: 130000002 cycles: 230519257 heartbeat IPC: 0.539184 cumulative IPC: 0.545212 (Simulation time: 2 hr 31 min 41 sec) 
Heartbeat CPU 0 instructions: 140000001 cycles: 248504361 heartbeat IPC: 0.556016 cumulative IPC: 0.545998 (Simulation time: 2 hr 37 min 13 sec) 
Heartbeat CPU 0 instructions: 150000000 cycles: 265198665 heartbeat IPC: 0.599007 cumulative IPC: 0.549351 (Simulation time: 2 hr 42 min 2 sec) 
Heartbeat CPU 0 instructions: 160000002 cycles: 282444564 heartbeat IPC: 0.579849 cumulative IPC: 0.551221 (Simulation time: 2 hr 46 min 23 sec) 
Heartbeat CPU 0 instructions: 170000002 cycles: 299654101 heartbeat IPC: 0.581074 cumulative IPC: 0.552943 (Simulation time: 2 hr 50 min 33 sec) 
Heartbeat CPU 0 instructions: 180000004 cycles: 316408509 heartbeat IPC: 0.596858 cumulative IPC: 0.555277 (Simulation time: 2 hr 54 min 23 sec) 
Heartbeat CPU 0 instructions: 190000001 cycles: 337020541 heartbeat IPC: 0.485154 cumulative IPC: 0.550973 (Simulation time: 2 hr 59 min 2 sec) 
Heartbeat CPU 0 instructions: 200000002 cycles: 356087894 heartbeat IPC: 0.524457 cumulative IPC: 0.549548 (Simulation time: 3 hr 2 min 45 sec) 
Max paddr 127M
Simulation finished CPU 0 instructions: 200000001 cycles: 363878310 cumulative IPC: 0.549635 (Simulation time: 3 hr 4 min 23 sec) 

Simulation complete CPU 0 instructions: 200000001 cycles: 363878310 (Simulation time: 3 hr 4 min 23 sec) 


ChampSim completed all CPUs

[
  {
    "name": "Simulation",
    "traces": [
      "../traces/483.xalancbmk-127B.champsimtrace.xz"
    ],
    "roi": {
      "cores": [
        {
          "instructions": 200000001,
          "cycles": 363878310,
          "Avg ROB occupancy at mispredict": 27.0793, 
          "mispredict": {
            "BRANCH_DIRECT_JUMP": 797627,
            "BRANCH_INDIRECT": 1167,
            "BRANCH_CONDITIONAL": 3291476,
            "BRANCH_DIRECT_CALL": 46,
            "BRANCH_INDIRECT_CALL": 4572,
            "BRANCH_RETURN": 18976
          }
        }
      ],
      "cpu0_L1I": {
        "LOAD": {
          "hit":535734,
          "miss":348007
        },
        "RFO": {
          "hit":0,
          "miss":0
        },
        "PREFETCH": {
          "hit":0,
          "miss":0
        },
        "WRITE": {
          "hit":0,
          "miss":0
        },
        "TRANSLATION": {
          "hit":0,
          "miss":0
        },
        "mshr full": 118128,
        "prefetch requested": 0,
        "prefetch issued": 0,
        "prefetch filled": 0,
        "prefetch useful": 0,
        "prefetch useless": 0,
        "prefetch late": 0,
        "pf_useful_at_l2_from_l1":          0,
        "pf_late_at_l2_from_l1":          0,
        "pf_useless_at_l2_from_l1":          0,
        "pf_at_l2_to_l1":          0,
        "pf_fill_this_level":          0,
        "miss latency": 3.40775,
        "cache queues": {
          "PQ_ACCESS": 0,
          "PQ_FULL": 0,
          "PQ_TO_CACHE": 0,
          "PQ_MERGED": 0,
          "RQ_ACCESS": 910642,
          "RQ_MERGED": 26901,
          "RQ_FULL": 0,
          "WQ_ACCESS": 0,
          "WQ_MERGED": 0,
          "WQ_FULL": 0
        }
      },
      "cpu0_ITLB": {
        "LOAD": {
          "hit":594412,
          "miss":148863
        },
        "RFO": {
          "hit":0,
          "miss":0
        },
        "PREFETCH": {
          "hit":0,
          "miss":0
        },
        "WRITE": {
          "hit":0,
          "miss":0
        },
        "TRANSLATION": {
          "hit":0,
          "miss":0
        },
        "mshr full": 0,
        "prefetch requested": 0,
        "prefetch issued": 0,
        "prefetch filled": 0,
        "prefetch useful": 0,
        "prefetch useless": 0,
        "prefetch late": 0,
        "pf_useful_at_l2_from_l1":          0,
        "pf_late_at_l2_from_l1":          0,
        "pf_useless_at_l2_from_l1":          0,
        "pf_at_l2_to_l1":          0,
        "pf_fill_this_level":          0,
        "miss latency": 1.08764,
        "cache queues": {
          "PQ_ACCESS": 0,
          "PQ_FULL": 0,
          "PQ_TO_CACHE": 0,
          "PQ_MERGED": 0,
          "RQ_ACCESS": 743275,
          "RQ_MERGED": 0,
          "RQ_FULL": 0,
          "WQ_ACCESS": 0,
          "WQ_MERGED": 0,
          "WQ_FULL": 0
        }
      },
      "cpu0_DTLB": {
        "LOAD": {
          "hit":61553345,
          "miss":4418217
        },
        "RFO": {
          "hit":0,
          "miss":0
        },
        "PREFETCH": {
          "hit":0,
          "miss":0
        },
        "WRITE": {
          "hit":0,
          "miss":0
        },
        "TRANSLATION": {
          "hit":0,
          "miss":0
        },
        "mshr full": 5138827,
        "prefetch requested": 0,
        "prefetch issued": 0,
        "prefetch filled": 0,
        "prefetch useful": 0,
        "prefetch useless": 0,
        "prefetch late": 0,
        "pf_useful_at_l2_from_l1":          0,
        "pf_late_at_l2_from_l1":          0,
        "pf_useless_at_l2_from_l1":          0,
        "pf_at_l2_to_l1":          0,
        "pf_fill_this_level":          0,
        "miss latency": 1.54661,
        "cache queues": {
          "PQ_ACCESS": 0,
          "PQ_FULL": 0,
          "PQ_TO_CACHE": 0,
          "PQ_MERGED": 0,
          "RQ_ACCESS": 125729381,
          "RQ_MERGED": 0,
          "RQ_FULL": 59757817,
          "WQ_ACCESS": 0,
          "WQ_MERGED": 0,
          "WQ_FULL": 0
        }
      },
      "cpu0_STLB": {
        "LOAD": {
          "hit":146482,
          "miss":686147
        },
        "RFO": {
          "hit":0,
          "miss":0
        },
        "PREFETCH": {
          "hit":0,
          "miss":0
        },
        "WRITE": {
          "hit":0,
          "miss":0
        },
        "TRANSLATION": {
          "hit":0,
          "miss":0
        },
        "mshr full": 0,
        "prefetch requested": 0,
        "prefetch issued": 0,
        "prefetch filled": 0,
        "prefetch useful": 0,
        "prefetch useless": 0,
        "prefetch late": 0,
        "pf_useful_at_l2_from_l1":          0,
        "pf_late_at_l2_from_l1":          0,
        "pf_useless_at_l2_from_l1":          0,
        "pf_at_l2_to_l1":          0,
        "pf_fill_this_level":          0,
        "miss latency": 9.52058,
        "cache queues": {
          "PQ_ACCESS": 0,
          "PQ_FULL": 0,
          "PQ_TO_CACHE": 0,
          "PQ_MERGED": 0,
          "RQ_ACCESS": 832629,
          "RQ_MERGED": 0,
          "RQ_FULL": 0,
          "WQ_ACCESS": 0,
          "WQ_MERGED": 0,
          "WQ_FULL": 0
        }
      },
      "cpu0_L1D": {
        "LOAD": {
          "hit":43722111,
          "miss":15481110
        },
        "RFO": {
          "hit":0,
          "miss":0
        },
        "PREFETCH": {
          "hit":0,
          "miss":0
        },
        "WRITE": {
          "hit":6513974,
          "miss":161645
        },
        "TRANSLATION": {
          "hit":352169,
          "miss":380999
        },
        "mshr full": 5220803,
        "prefetch requested": 0,
        "prefetch issued": 0,
        "prefetch filled": 0,
        "prefetch useful": 0,
        "prefetch useless": 0,
        "prefetch late": 0,
        "pf_useful_at_l2_from_l1":          0,
        "pf_late_at_l2_from_l1":          0,
        "pf_useless_at_l2_from_l1":          0,
        "pf_at_l2_to_l1":          0,
        "pf_fill_this_level":          0,
        "miss latency": 4.74144,
        "cache queues": {
          "PQ_ACCESS": 0,
          "PQ_FULL": 0,
          "PQ_TO_CACHE": 0,
          "PQ_MERGED": 0,
          "RQ_ACCESS": 139212392,
          "RQ_MERGED": 157585,
          "RQ_FULL": 79851582,
          "WQ_ACCESS": 6679397,
          "WQ_MERGED": 86,
          "WQ_FULL": 3690
        }
      },
      "cpu0_L2C": {
        "LOAD": {
          "hit":231271,
          "miss":5556054
        },
        "RFO": {
          "hit":11387,
          "miss":18620
        },
        "PREFETCH": {
          "hit":0,
          "miss":0
        },
        "WRITE": {
          "hit":52686,
          "miss":0
        },
        "TRANSLATION": {
          "hit":99018,
          "miss":281981
        },
        "mshr full": 0,
        "prefetch requested": 0,
        "prefetch issued": 0,
        "prefetch filled": 0,
        "prefetch useful": 0,
        "prefetch useless": 0,
        "prefetch late": 0,
        "pf_useful_at_l2_from_l1":          0,
        "pf_late_at_l2_from_l1":          0,
        "pf_useless_at_l2_from_l1":          0,
        "pf_at_l2_to_l1":          0,
        "pf_fill_this_level":          0,
        "miss latency": 12.6117,
        "cache queues": {
          "PQ_ACCESS": 0,
          "PQ_FULL": 0,
          "PQ_TO_CACHE": 0,
          "PQ_MERGED": 0,
          "RQ_ACCESS": 6198357,
          "RQ_MERGED": 0,
          "RQ_FULL": 0,
          "WQ_ACCESS": 52825,
          "WQ_MERGED": 0,
          "WQ_FULL": 0
        }
      },
      "LLC": {
        "LOAD": {
          "hit": [183523],
          "miss": [5372531]
        },
        "RFO": {
          "hit": [1841],
          "miss": [16779]
        },
        "PREFETCH": {
          "hit": [0],
          "miss": [0]
        },
        "WRITE": {
          "hit": [24508],
          "miss": [0]
        },
        "TRANSLATION": {
          "hit": [20960],
          "miss": [261021]
        },
        "mshr full": 0,
        "prefetch requested": 0,
        "prefetch issued": 0,
        "prefetch filled": 0,
        "prefetch useful": 0,
        "prefetch useless": 0,
        "prefetch late": 0,
        "pf_useful_at_l2_from_l1":          0,
        "pf_late_at_l2_from_l1":          0,
        "pf_useless_at_l2_from_l1":          0,
        "pf_at_l2_to_l1":          0,
        "pf_fill_this_level":          0,
        "miss latency": 11.6239,
        "cache queues": {
          "PQ_ACCESS": 0,
          "PQ_FULL": 0,
          "PQ_TO_CACHE": 0,
          "PQ_MERGED": 0,
          "RQ_ACCESS": 5856655,
          "RQ_MERGED": 0,
          "RQ_FULL": 0,
          "WQ_ACCESS": 24593,
          "WQ_MERGED": 0,
          "WQ_FULL": 0
        }
      },
      "DRAM": [
        {
          "RQ ROW_BUFFER_HIT": 3214359,
          "RQ ROW_BUFFER_MISS": 2435583,
          "PQ FULL": 0,
          "WQ ROW_BUFFER_HIT": 6208,
          "WQ ROW_BUFFER_MISS": 13912,
          "WQ FULL": 0,
          "AVG DBUS CONGESTED CYCLE": 3.89698
        }
      ]

    },
    "sim": {
      "cores": [
        {
          "instructions": 200000001,
          "cycles": 363878310,
          "Avg ROB occupancy at mispredict": 27.0793, 
          "mispredict": {
            "BRANCH_DIRECT_JUMP": 797627,
            "BRANCH_INDIRECT": 1167,
            "BRANCH_CONDITIONAL": 3291476,
            "BRANCH_DIRECT_CALL": 46,
            "BRANCH_INDIRECT_CALL": 4572,
            "BRANCH_RETURN": 18976
          }
        }
      ],
      "cpu0_L1I": {
        "LOAD": {
          "hit":535734,
          "miss":348007
        },
        "RFO": {
          "hit":0,
          "miss":0
        },
        "PREFETCH": {
          "hit":0,
          "miss":0
        },
        "WRITE": {
          "hit":0,
          "miss":0
        },
        "TRANSLATION": {
          "hit":0,
          "miss":0
        },
        "mshr full": 118128,
        "prefetch requested": 0,
        "prefetch issued": 0,
        "prefetch filled": 0,
        "prefetch useful": 0,
        "prefetch useless": 0,
        "prefetch late": 0,
        "pf_useful_at_l2_from_l1":          0,
        "pf_late_at_l2_from_l1":          0,
        "pf_useless_at_l2_from_l1":          0,
        "pf_at_l2_to_l1":          0,
        "pf_fill_this_level":          0,
        "miss latency": 3.40775,
        "cache queues": {
          "PQ_ACCESS": 0,
          "PQ_FULL": 0,
          "PQ_TO_CACHE": 0,
          "PQ_MERGED": 0,
          "RQ_ACCESS": 910642,
          "RQ_MERGED": 26901,
          "RQ_FULL": 0,
          "WQ_ACCESS": 0,
          "WQ_MERGED": 0,
          "WQ_FULL": 0
        }
      },
      "cpu0_ITLB": {
        "LOAD": {
          "hit":594412,
          "miss":148863
        },
        "RFO": {
          "hit":0,
          "miss":0
        },
        "PREFETCH": {
          "hit":0,
          "miss":0
        },
        "WRITE": {
          "hit":0,
          "miss":0
        },
        "TRANSLATION": {
          "hit":0,
          "miss":0
        },
        "mshr full": 0,
        "prefetch requested": 0,
        "prefetch issued": 0,
        "prefetch filled": 0,
        "prefetch useful": 0,
        "prefetch useless": 0,
        "prefetch late": 0,
        "pf_useful_at_l2_from_l1":          0,
        "pf_late_at_l2_from_l1":          0,
        "pf_useless_at_l2_from_l1":          0,
        "pf_at_l2_to_l1":          0,
        "pf_fill_this_level":          0,
        "miss latency": 1.08764,
        "cache queues": {
          "PQ_ACCESS": 0,
          "PQ_FULL": 0,
          "PQ_TO_CACHE": 0,
          "PQ_MERGED": 0,
          "RQ_ACCESS": 743275,
          "RQ_MERGED": 0,
          "RQ_FULL": 0,
          "WQ_ACCESS": 0,
          "WQ_MERGED": 0,
          "WQ_FULL": 0
        }
      },
      "cpu0_DTLB": {
        "LOAD": {
          "hit":61553345,
          "miss":4418217
        },
        "RFO": {
          "hit":0,
          "miss":0
        },
        "PREFETCH": {
          "hit":0,
          "miss":0
        },
        "WRITE": {
          "hit":0,
          "miss":0
        },
        "TRANSLATION": {
          "hit":0,
          "miss":0
        },
        "mshr full": 5138827,
        "prefetch requested": 0,
        "prefetch issued": 0,
        "prefetch filled": 0,
        "prefetch useful": 0,
        "prefetch useless": 0,
        "prefetch late": 0,
        "pf_useful_at_l2_from_l1":          0,
        "pf_late_at_l2_from_l1":          0,
        "pf_useless_at_l2_from_l1":          0,
        "pf_at_l2_to_l1":          0,
        "pf_fill_this_level":          0,
        "miss latency": 1.54661,
        "cache queues": {
          "PQ_ACCESS": 0,
          "PQ_FULL": 0,
          "PQ_TO_CACHE": 0,
          "PQ_MERGED": 0,
          "RQ_ACCESS": 125729381,
          "RQ_MERGED": 0,
          "RQ_FULL": 59757817,
          "WQ_ACCESS": 0,
          "WQ_MERGED": 0,
          "WQ_FULL": 0
        }
      },
      "cpu0_STLB": {
        "LOAD": {
          "hit":146482,
          "miss":686147
        },
        "RFO": {
          "hit":0,
          "miss":0
        },
        "PREFETCH": {
          "hit":0,
          "miss":0
        },
        "WRITE": {
          "hit":0,
          "miss":0
        },
        "TRANSLATION": {
          "hit":0,
          "miss":0
        },
        "mshr full": 0,
        "prefetch requested": 0,
        "prefetch issued": 0,
        "prefetch filled": 0,
        "prefetch useful": 0,
        "prefetch useless": 0,
        "prefetch late": 0,
        "pf_useful_at_l2_from_l1":          0,
        "pf_late_at_l2_from_l1":          0,
        "pf_useless_at_l2_from_l1":          0,
        "pf_at_l2_to_l1":          0,
        "pf_fill_this_level":          0,
        "miss latency": 9.52058,
        "cache queues": {
          "PQ_ACCESS": 0,
          "PQ_FULL": 0,
          "PQ_TO_CACHE": 0,
          "PQ_MERGED": 0,
          "RQ_ACCESS": 832629,
          "RQ_MERGED": 0,
          "RQ_FULL": 0,
          "WQ_ACCESS": 0,
          "WQ_MERGED": 0,
          "WQ_FULL": 0
        }
      },
      "cpu0_L1D": {
        "LOAD": {
          "hit":43722111,
          "miss":15481110
        },
        "RFO": {
          "hit":0,
          "miss":0
        },
        "PREFETCH": {
          "hit":0,
          "miss":0
        },
        "WRITE": {
          "hit":6513974,
          "miss":161645
        },
        "TRANSLATION": {
          "hit":352169,
          "miss":380999
        },
        "mshr full": 5220803,
        "prefetch requested": 0,
        "prefetch issued": 0,
        "prefetch filled": 0,
        "prefetch useful": 0,
        "prefetch useless": 0,
        "prefetch late": 0,
        "pf_useful_at_l2_from_l1":          0,
        "pf_late_at_l2_from_l1":          0,
        "pf_useless_at_l2_from_l1":          0,
        "pf_at_l2_to_l1":          0,
        "pf_fill_this_level":          0,
        "miss latency": 4.74144,
        "cache queues": {
          "PQ_ACCESS": 0,
          "PQ_FULL": 0,
          "PQ_TO_CACHE": 0,
          "PQ_MERGED": 0,
          "RQ_ACCESS": 139212392,
          "RQ_MERGED": 157585,
          "RQ_FULL": 79851582,
          "WQ_ACCESS": 6679397,
          "WQ_MERGED": 86,
          "WQ_FULL": 3690
        }
      },
      "cpu0_L2C": {
        "LOAD": {
          "hit":231271,
          "miss":5556054
        },
        "RFO": {
          "hit":11387,
          "miss":18620
        },
        "PREFETCH": {
          "hit":0,
          "miss":0
        },
        "WRITE": {
          "hit":52686,
          "miss":0
        },
        "TRANSLATION": {
          "hit":99018,
          "miss":281981
        },
        "mshr full": 0,
        "prefetch requested": 0,
        "prefetch issued": 0,
        "prefetch filled": 0,
        "prefetch useful": 0,
        "prefetch useless": 0,
        "prefetch late": 0,
        "pf_useful_at_l2_from_l1":          0,
        "pf_late_at_l2_from_l1":          0,
        "pf_useless_at_l2_from_l1":          0,
        "pf_at_l2_to_l1":          0,
        "pf_fill_this_level":          0,
        "miss latency": 12.6117,
        "cache queues": {
          "PQ_ACCESS": 0,
          "PQ_FULL": 0,
          "PQ_TO_CACHE": 0,
          "PQ_MERGED": 0,
          "RQ_ACCESS": 6198357,
          "RQ_MERGED": 0,
          "RQ_FULL": 0,
          "WQ_ACCESS": 52825,
          "WQ_MERGED": 0,
          "WQ_FULL": 0
        }
      },
      "LLC": {
        "LOAD": {
          "hit": [183523],
          "miss": [5372531]
        },
        "RFO": {
          "hit": [1841],
          "miss": [16779]
        },
        "PREFETCH": {
          "hit": [0],
          "miss": [0]
        },
        "WRITE": {
          "hit": [24508],
          "miss": [0]
        },
        "TRANSLATION": {
          "hit": [20960],
          "miss": [261021]
        },
        "mshr full": 0,
        "prefetch requested": 0,
        "prefetch issued": 0,
        "prefetch filled": 0,
        "prefetch useful": 0,
        "prefetch useless": 0,
        "prefetch late": 0,
        "pf_useful_at_l2_from_l1":          0,
        "pf_late_at_l2_from_l1":          0,
        "pf_useless_at_l2_from_l1":          0,
        "pf_at_l2_to_l1":          0,
        "pf_fill_this_level":          0,
        "miss latency": 11.6239,
        "cache queues": {
          "PQ_ACCESS": 0,
          "PQ_FULL": 0,
          "PQ_TO_CACHE": 0,
          "PQ_MERGED": 0,
          "RQ_ACCESS": 5856655,
          "RQ_MERGED": 0,
          "RQ_FULL": 0,
          "WQ_ACCESS": 24593,
          "WQ_MERGED": 0,
          "WQ_FULL": 0
        }
      },
      "DRAM": [
        {
          "RQ ROW_BUFFER_HIT": 3214359,
          "RQ ROW_BUFFER_MISS": 2435583,
          "PQ FULL": 0,
          "WQ ROW_BUFFER_HIT": 6208,
          "WQ ROW_BUFFER_MISS": 13912,
          "WQ FULL": 0,
          "AVG DBUS CONGESTED CYCLE": 3.89698
        }
      ]

    }
  }
]
cpu0_ITLB
cpu0_DTLB
cpu0_STLB
cpu0_L1D
cpu0_L2C
Num Con Filled: 0
Num Con Useful: 0 Useless:0 Accuracy: nan
LLC
