41 41 41
Available num physical pages: 35184372088576
WARNING: physical memory size is smaller than virtual memory size

*** ChampSim Multicore Out-of-Order Simulator ***

Warmup Instructions: 5000000
Simulation Instructions: 200000000
Number of CPUs: 1
Page size: 4096

Basic BTB sets: 1024 ways: 8 indirect buffer size: 4096 RAS size: 64
Off-chip DRAM Size: 4 GiB Channels: 1 Width: 64-bit Data Rate: 3200 MT/s
Max paddr 7M
Warmup finished CPU 0 instructions: 5000003 cycles: 1250044 cumulative IPC: 3.99987 (Simulation time: 0 hr 2 min 20 sec) 

Warmup complete CPU 0 instructions: 5000003 cycles: 1250044 (Simulation time: 0 hr 2 min 20 sec) 

Heartbeat CPU 0 instructions: 10000002 cycles: 9426586 heartbeat IPC: 1.06083 cumulative IPC: 0.611506 (Simulation time: 0 hr 7 min 49 sec) 
Heartbeat CPU 0 instructions: 20000003 cycles: 25760394 heartbeat IPC: 0.612228 cumulative IPC: 0.611987 (Simulation time: 0 hr 18 min 48 sec) 
Heartbeat CPU 0 instructions: 30000001 cycles: 42077821 heartbeat IPC: 0.612842 cumulative IPC: 0.612329 (Simulation time: 0 hr 30 min 21 sec) 
Heartbeat CPU 0 instructions: 40000000 cycles: 58445824 heartbeat IPC: 0.610949 cumulative IPC: 0.611934 (Simulation time: 0 hr 41 min 55 sec) 
Heartbeat CPU 0 instructions: 50000000 cycles: 74777506 heartbeat IPC: 0.612307 cumulative IPC: 0.612017 (Simulation time: 0 hr 53 min 31 sec) 
Heartbeat CPU 0 instructions: 60000003 cycles: 91112454 heartbeat IPC: 0.612185 cumulative IPC: 0.612047 (Simulation time: 1 hr 5 min 4 sec) 
Heartbeat CPU 0 instructions: 70000000 cycles: 107436041 heartbeat IPC: 0.612611 cumulative IPC: 0.612134 (Simulation time: 1 hr 16 min 35 sec) 
Heartbeat CPU 0 instructions: 80000002 cycles: 123798531 heartbeat IPC: 0.611155 cumulative IPC: 0.612003 (Simulation time: 1 hr 28 min 4 sec) 
Heartbeat CPU 0 instructions: 90000001 cycles: 140153133 heartbeat IPC: 0.611449 cumulative IPC: 0.611938 (Simulation time: 1 hr 39 min 39 sec) 
Heartbeat CPU 0 instructions: 100000000 cycles: 156539228 heartbeat IPC: 0.610274 cumulative IPC: 0.611762 (Simulation time: 1 hr 51 min 8 sec) 
Heartbeat CPU 0 instructions: 110000002 cycles: 172939819 heartbeat IPC: 0.609735 cumulative IPC: 0.611569 (Simulation time: 2 hr 1 min 40 sec) 
Heartbeat CPU 0 instructions: 120000002 cycles: 189286140 heartbeat IPC: 0.611759 cumulative IPC: 0.611585 (Simulation time: 2 hr 10 min 35 sec) 
Heartbeat CPU 0 instructions: 130000000 cycles: 205645158 heartbeat IPC: 0.611284 cumulative IPC: 0.611561 (Simulation time: 2 hr 18 min 2 sec) 
Heartbeat CPU 0 instructions: 140000000 cycles: 221970516 heartbeat IPC: 0.612544 cumulative IPC: 0.611634 (Simulation time: 2 hr 23 min 57 sec) 
Heartbeat CPU 0 instructions: 150000000 cycles: 238322741 heartbeat IPC: 0.611538 cumulative IPC: 0.611627 (Simulation time: 2 hr 29 min 11 sec) 
Heartbeat CPU 0 instructions: 160000001 cycles: 254731935 heartbeat IPC: 0.609415 cumulative IPC: 0.611484 (Simulation time: 2 hr 34 min 1 sec) 
Heartbeat CPU 0 instructions: 170000003 cycles: 271089951 heartbeat IPC: 0.611322 cumulative IPC: 0.611474 (Simulation time: 2 hr 38 min 34 sec) 
Heartbeat CPU 0 instructions: 180000004 cycles: 287453016 heartbeat IPC: 0.611133 cumulative IPC: 0.611455 (Simulation time: 2 hr 42 min 48 sec) 
Heartbeat CPU 0 instructions: 190000001 cycles: 303881339 heartbeat IPC: 0.608705 cumulative IPC: 0.611305 (Simulation time: 2 hr 46 min 38 sec) 
Heartbeat CPU 0 instructions: 200000000 cycles: 320207311 heartbeat IPC: 0.612521 cumulative IPC: 0.611368 (Simulation time: 2 hr 50 min 19 sec) 
Max paddr 245M
Simulation finished CPU 0 instructions: 200000000 cycles: 327131685 cumulative IPC: 0.611375 (Simulation time: 2 hr 52 min 4 sec) 

Simulation complete CPU 0 instructions: 200000000 cycles: 327131685 (Simulation time: 2 hr 52 min 4 sec) 


ChampSim completed all CPUs

[
  {
    "name": "Simulation",
    "traces": [
      "../traces/602.gcc_s-1850B.champsimtrace.xz"
    ],
    "roi": {
      "cores": [
        {
          "instructions": 200000000,
          "cycles": 327131685,
          "Avg ROB occupancy at mispredict": 40.2885, 
          "mispredict": {
            "BRANCH_DIRECT_JUMP": 2022,
            "BRANCH_INDIRECT": 0,
            "BRANCH_CONDITIONAL": 3007905,
            "BRANCH_DIRECT_CALL": 0,
            "BRANCH_INDIRECT_CALL": 0,
            "BRANCH_RETURN": 0
          }
        }
      ],
      "cpu0_L1I": {
        "LOAD": {
          "hit":0,
          "miss":0
        },
        "RFO": {
          "hit":0,
          "miss":0
        },
        "PREFETCH": {
          "hit":0,
          "miss":0
        },
        "WRITE": {
          "hit":0,
          "miss":0
        },
        "TRANSLATION": {
          "hit":0,
          "miss":0
        },
        "mshr full": 0,
        "prefetch requested": 0,
        "prefetch issued": 0,
        "prefetch filled": 0,
        "prefetch useful": 0,
        "prefetch useless": 0,
        "prefetch late": 0,
        "pf_useful_at_l2_from_l1":          0,
        "pf_late_at_l2_from_l1":          0,
        "pf_useless_at_l2_from_l1":          0,
        "pf_at_l2_to_l1":          0,
        "pf_fill_this_level":          0,
        "miss latency": null,
        "cache queues": {
          "PQ_ACCESS": 0,
          "PQ_FULL": 0,
          "PQ_TO_CACHE": 0,
          "PQ_MERGED": 0,
          "RQ_ACCESS": 0,
          "RQ_MERGED": 0,
          "RQ_FULL": 0,
          "WQ_ACCESS": 0,
          "WQ_MERGED": 0,
          "WQ_FULL": 0
        }
      },
      "cpu0_ITLB": {
        "LOAD": {
          "hit":0,
          "miss":0
        },
        "RFO": {
          "hit":0,
          "miss":0
        },
        "PREFETCH": {
          "hit":0,
          "miss":0
        },
        "WRITE": {
          "hit":0,
          "miss":0
        },
        "TRANSLATION": {
          "hit":0,
          "miss":0
        },
        "mshr full": 0,
        "prefetch requested": 0,
        "prefetch issued": 0,
        "prefetch filled": 0,
        "prefetch useful": 0,
        "prefetch useless": 0,
        "prefetch late": 0,
        "pf_useful_at_l2_from_l1":          0,
        "pf_late_at_l2_from_l1":          0,
        "pf_useless_at_l2_from_l1":          0,
        "pf_at_l2_to_l1":          0,
        "pf_fill_this_level":          0,
        "miss latency": null,
        "cache queues": {
          "PQ_ACCESS": 0,
          "PQ_FULL": 0,
          "PQ_TO_CACHE": 0,
          "PQ_MERGED": 0,
          "RQ_ACCESS": 0,
          "RQ_MERGED": 0,
          "RQ_FULL": 0,
          "WQ_ACCESS": 0,
          "WQ_MERGED": 0,
          "WQ_FULL": 0
        }
      },
      "cpu0_DTLB": {
        "LOAD": {
          "hit":74136671,
          "miss":673046
        },
        "RFO": {
          "hit":0,
          "miss":0
        },
        "PREFETCH": {
          "hit":0,
          "miss":0
        },
        "WRITE": {
          "hit":0,
          "miss":0
        },
        "TRANSLATION": {
          "hit":0,
          "miss":0
        },
        "mshr full": 0,
        "prefetch requested": 0,
        "prefetch issued": 0,
        "prefetch filled": 0,
        "prefetch useful": 0,
        "prefetch useless": 0,
        "prefetch late": 0,
        "pf_useful_at_l2_from_l1":          0,
        "pf_late_at_l2_from_l1":          0,
        "pf_useless_at_l2_from_l1":          0,
        "pf_at_l2_to_l1":          0,
        "pf_fill_this_level":          0,
        "miss latency": 1.36987,
        "cache queues": {
          "PQ_ACCESS": 0,
          "PQ_FULL": 0,
          "PQ_TO_CACHE": 0,
          "PQ_MERGED": 0,
          "RQ_ACCESS": 74809717,
          "RQ_MERGED": 0,
          "RQ_FULL": 0,
          "WQ_ACCESS": 0,
          "WQ_MERGED": 0,
          "WQ_FULL": 0
        }
      },
      "cpu0_STLB": {
        "LOAD": {
          "hit":4167,
          "miss":60910
        },
        "RFO": {
          "hit":0,
          "miss":0
        },
        "PREFETCH": {
          "hit":0,
          "miss":0
        },
        "WRITE": {
          "hit":0,
          "miss":0
        },
        "TRANSLATION": {
          "hit":0,
          "miss":0
        },
        "mshr full": 0,
        "prefetch requested": 0,
        "prefetch issued": 0,
        "prefetch filled": 0,
        "prefetch useful": 0,
        "prefetch useless": 0,
        "prefetch late": 0,
        "pf_useful_at_l2_from_l1":          0,
        "pf_late_at_l2_from_l1":          0,
        "pf_useless_at_l2_from_l1":          0,
        "pf_at_l2_to_l1":          0,
        "pf_fill_this_level":          0,
        "miss latency": 14.54,
        "cache queues": {
          "PQ_ACCESS": 0,
          "PQ_FULL": 0,
          "PQ_TO_CACHE": 0,
          "PQ_MERGED": 0,
          "RQ_ACCESS": 65077,
          "RQ_MERGED": 0,
          "RQ_FULL": 0,
          "WQ_ACCESS": 0,
          "WQ_MERGED": 0,
          "WQ_FULL": 0
        }
      },
      "cpu0_L1D": {
        "LOAD": {
          "hit":40075925,
          "miss":15323487
        },
        "RFO": {
          "hit":0,
          "miss":0
        },
        "PREFETCH": {
          "hit":0,
          "miss":0
        },
        "WRITE": {
          "hit":19408709,
          "miss":1575
        },
        "TRANSLATION": {
          "hit":51978,
          "miss":9548
        },
        "mshr full": 1210012,
        "prefetch requested": 0,
        "prefetch issued": 0,
        "prefetch filled": 0,
        "prefetch useful": 0,
        "prefetch useless": 0,
        "prefetch late": 0,
        "pf_useful_at_l2_from_l1":          0,
        "pf_late_at_l2_from_l1":          0,
        "pf_useless_at_l2_from_l1":          0,
        "pf_at_l2_to_l1":          0,
        "pf_fill_this_level":          0,
        "miss latency": 1.69323,
        "cache queues": {
          "PQ_ACCESS": 0,
          "PQ_FULL": 0,
          "PQ_TO_CACHE": 0,
          "PQ_MERGED": 0,
          "RQ_ACCESS": 67705159,
          "RQ_MERGED": 18,
          "RQ_FULL": 12305726,
          "WQ_ACCESS": 19410284,
          "WQ_MERGED": 0,
          "WQ_FULL": 0
        }
      },
      "cpu0_L2C": {
        "LOAD": {
          "hit":1247183,
          "miss":3557582
        },
        "RFO": {
          "hit":0,
          "miss":1036
        },
        "PREFETCH": {
          "hit":0,
          "miss":0
        },
        "WRITE": {
          "hit":10367,
          "miss":0
        },
        "TRANSLATION": {
          "hit":2356,
          "miss":7192
        },
        "mshr full": 0,
        "prefetch requested": 0,
        "prefetch issued": 0,
        "prefetch filled": 0,
        "prefetch useful": 0,
        "prefetch useless": 0,
        "prefetch late": 0,
        "pf_useful_at_l2_from_l1":          0,
        "pf_late_at_l2_from_l1":          0,
        "pf_useless_at_l2_from_l1":          0,
        "pf_at_l2_to_l1":          0,
        "pf_fill_this_level":          0,
        "miss latency": 6.38221,
        "cache queues": {
          "PQ_ACCESS": 0,
          "PQ_FULL": 0,
          "PQ_TO_CACHE": 0,
          "PQ_MERGED": 0,
          "RQ_ACCESS": 4815349,
          "RQ_MERGED": 0,
          "RQ_FULL": 0,
          "WQ_ACCESS": 10367,
          "WQ_MERGED": 0,
          "WQ_FULL": 0
        }
      },
      "LLC": {
        "LOAD": {
          "hit": [3841],
          "miss": [3553741]
        },
        "RFO": {
          "hit": [0],
          "miss": [1036]
        },
        "PREFETCH": {
          "hit": [0],
          "miss": [0]
        },
        "WRITE": {
          "hit": [3910],
          "miss": [0]
        },
        "TRANSLATION": {
          "hit": [925],
          "miss": [6267]
        },
        "mshr full": 0,
        "prefetch requested": 0,
        "prefetch issued": 0,
        "prefetch filled": 0,
        "prefetch useful": 0,
        "prefetch useless": 0,
        "prefetch late": 0,
        "pf_useful_at_l2_from_l1":          0,
        "pf_late_at_l2_from_l1":          0,
        "pf_useless_at_l2_from_l1":          0,
        "pf_at_l2_to_l1":          0,
        "pf_fill_this_level":          0,
        "miss latency": 5.07267,
        "cache queues": {
          "PQ_ACCESS": 0,
          "PQ_FULL": 0,
          "PQ_TO_CACHE": 0,
          "PQ_MERGED": 0,
          "RQ_ACCESS": 3565810,
          "RQ_MERGED": 0,
          "RQ_FULL": 0,
          "WQ_ACCESS": 3910,
          "WQ_MERGED": 0,
          "WQ_FULL": 0
        }
      },
      "DRAM": [
        {
          "RQ ROW_BUFFER_HIT": 3349993,
          "RQ ROW_BUFFER_MISS": 211051,
          "PQ FULL": 0,
          "WQ ROW_BUFFER_HIT": 3771,
          "WQ ROW_BUFFER_MISS": 150,
          "WQ FULL": 0,
          "AVG DBUS CONGESTED CYCLE": 3.86062
        }
      ]

    },
    "sim": {
      "cores": [
        {
          "instructions": 200000000,
          "cycles": 327131685,
          "Avg ROB occupancy at mispredict": 40.2885, 
          "mispredict": {
            "BRANCH_DIRECT_JUMP": 2022,
            "BRANCH_INDIRECT": 0,
            "BRANCH_CONDITIONAL": 3007905,
            "BRANCH_DIRECT_CALL": 0,
            "BRANCH_INDIRECT_CALL": 0,
            "BRANCH_RETURN": 0
          }
        }
      ],
      "cpu0_L1I": {
        "LOAD": {
          "hit":0,
          "miss":0
        },
        "RFO": {
          "hit":0,
          "miss":0
        },
        "PREFETCH": {
          "hit":0,
          "miss":0
        },
        "WRITE": {
          "hit":0,
          "miss":0
        },
        "TRANSLATION": {
          "hit":0,
          "miss":0
        },
        "mshr full": 0,
        "prefetch requested": 0,
        "prefetch issued": 0,
        "prefetch filled": 0,
        "prefetch useful": 0,
        "prefetch useless": 0,
        "prefetch late": 0,
        "pf_useful_at_l2_from_l1":          0,
        "pf_late_at_l2_from_l1":          0,
        "pf_useless_at_l2_from_l1":          0,
        "pf_at_l2_to_l1":          0,
        "pf_fill_this_level":          0,
        "miss latency": null,
        "cache queues": {
          "PQ_ACCESS": 0,
          "PQ_FULL": 0,
          "PQ_TO_CACHE": 0,
          "PQ_MERGED": 0,
          "RQ_ACCESS": 0,
          "RQ_MERGED": 0,
          "RQ_FULL": 0,
          "WQ_ACCESS": 0,
          "WQ_MERGED": 0,
          "WQ_FULL": 0
        }
      },
      "cpu0_ITLB": {
        "LOAD": {
          "hit":0,
          "miss":0
        },
        "RFO": {
          "hit":0,
          "miss":0
        },
        "PREFETCH": {
          "hit":0,
          "miss":0
        },
        "WRITE": {
          "hit":0,
          "miss":0
        },
        "TRANSLATION": {
          "hit":0,
          "miss":0
        },
        "mshr full": 0,
        "prefetch requested": 0,
        "prefetch issued": 0,
        "prefetch filled": 0,
        "prefetch useful": 0,
        "prefetch useless": 0,
        "prefetch late": 0,
        "pf_useful_at_l2_from_l1":          0,
        "pf_late_at_l2_from_l1":          0,
        "pf_useless_at_l2_from_l1":          0,
        "pf_at_l2_to_l1":          0,
        "pf_fill_this_level":          0,
        "miss latency": null,
        "cache queues": {
          "PQ_ACCESS": 0,
          "PQ_FULL": 0,
          "PQ_TO_CACHE": 0,
          "PQ_MERGED": 0,
          "RQ_ACCESS": 0,
          "RQ_MERGED": 0,
          "RQ_FULL": 0,
          "WQ_ACCESS": 0,
          "WQ_MERGED": 0,
          "WQ_FULL": 0
        }
      },
      "cpu0_DTLB": {
        "LOAD": {
          "hit":74136671,
          "miss":673046
        },
        "RFO": {
          "hit":0,
          "miss":0
        },
        "PREFETCH": {
          "hit":0,
          "miss":0
        },
        "WRITE": {
          "hit":0,
          "miss":0
        },
        "TRANSLATION": {
          "hit":0,
          "miss":0
        },
        "mshr full": 0,
        "prefetch requested": 0,
        "prefetch issued": 0,
        "prefetch filled": 0,
        "prefetch useful": 0,
        "prefetch useless": 0,
        "prefetch late": 0,
        "pf_useful_at_l2_from_l1":          0,
        "pf_late_at_l2_from_l1":          0,
        "pf_useless_at_l2_from_l1":          0,
        "pf_at_l2_to_l1":          0,
        "pf_fill_this_level":          0,
        "miss latency": 1.36987,
        "cache queues": {
          "PQ_ACCESS": 0,
          "PQ_FULL": 0,
          "PQ_TO_CACHE": 0,
          "PQ_MERGED": 0,
          "RQ_ACCESS": 74809717,
          "RQ_MERGED": 0,
          "RQ_FULL": 0,
          "WQ_ACCESS": 0,
          "WQ_MERGED": 0,
          "WQ_FULL": 0
        }
      },
      "cpu0_STLB": {
        "LOAD": {
          "hit":4167,
          "miss":60910
        },
        "RFO": {
          "hit":0,
          "miss":0
        },
        "PREFETCH": {
          "hit":0,
          "miss":0
        },
        "WRITE": {
          "hit":0,
          "miss":0
        },
        "TRANSLATION": {
          "hit":0,
          "miss":0
        },
        "mshr full": 0,
        "prefetch requested": 0,
        "prefetch issued": 0,
        "prefetch filled": 0,
        "prefetch useful": 0,
        "prefetch useless": 0,
        "prefetch late": 0,
        "pf_useful_at_l2_from_l1":          0,
        "pf_late_at_l2_from_l1":          0,
        "pf_useless_at_l2_from_l1":          0,
        "pf_at_l2_to_l1":          0,
        "pf_fill_this_level":          0,
        "miss latency": 14.54,
        "cache queues": {
          "PQ_ACCESS": 0,
          "PQ_FULL": 0,
          "PQ_TO_CACHE": 0,
          "PQ_MERGED": 0,
          "RQ_ACCESS": 65077,
          "RQ_MERGED": 0,
          "RQ_FULL": 0,
          "WQ_ACCESS": 0,
          "WQ_MERGED": 0,
          "WQ_FULL": 0
        }
      },
      "cpu0_L1D": {
        "LOAD": {
          "hit":40075925,
          "miss":15323487
        },
        "RFO": {
          "hit":0,
          "miss":0
        },
        "PREFETCH": {
          "hit":0,
          "miss":0
        },
        "WRITE": {
          "hit":19408709,
          "miss":1575
        },
        "TRANSLATION": {
          "hit":51978,
          "miss":9548
        },
        "mshr full": 1210012,
        "prefetch requested": 0,
        "prefetch issued": 0,
        "prefetch filled": 0,
        "prefetch useful": 0,
        "prefetch useless": 0,
        "prefetch late": 0,
        "pf_useful_at_l2_from_l1":          0,
        "pf_late_at_l2_from_l1":          0,
        "pf_useless_at_l2_from_l1":          0,
        "pf_at_l2_to_l1":          0,
        "pf_fill_this_level":          0,
        "miss latency": 1.69323,
        "cache queues": {
          "PQ_ACCESS": 0,
          "PQ_FULL": 0,
          "PQ_TO_CACHE": 0,
          "PQ_MERGED": 0,
          "RQ_ACCESS": 67705159,
          "RQ_MERGED": 18,
          "RQ_FULL": 12305726,
          "WQ_ACCESS": 19410284,
          "WQ_MERGED": 0,
          "WQ_FULL": 0
        }
      },
      "cpu0_L2C": {
        "LOAD": {
          "hit":1247183,
          "miss":3557582
        },
        "RFO": {
          "hit":0,
          "miss":1036
        },
        "PREFETCH": {
          "hit":0,
          "miss":0
        },
        "WRITE": {
          "hit":10367,
          "miss":0
        },
        "TRANSLATION": {
          "hit":2356,
          "miss":7192
        },
        "mshr full": 0,
        "prefetch requested": 0,
        "prefetch issued": 0,
        "prefetch filled": 0,
        "prefetch useful": 0,
        "prefetch useless": 0,
        "prefetch late": 0,
        "pf_useful_at_l2_from_l1":          0,
        "pf_late_at_l2_from_l1":          0,
        "pf_useless_at_l2_from_l1":          0,
        "pf_at_l2_to_l1":          0,
        "pf_fill_this_level":          0,
        "miss latency": 6.38221,
        "cache queues": {
          "PQ_ACCESS": 0,
          "PQ_FULL": 0,
          "PQ_TO_CACHE": 0,
          "PQ_MERGED": 0,
          "RQ_ACCESS": 4815349,
          "RQ_MERGED": 0,
          "RQ_FULL": 0,
          "WQ_ACCESS": 10367,
          "WQ_MERGED": 0,
          "WQ_FULL": 0
        }
      },
      "LLC": {
        "LOAD": {
          "hit": [3841],
          "miss": [3553741]
        },
        "RFO": {
          "hit": [0],
          "miss": [1036]
        },
        "PREFETCH": {
          "hit": [0],
          "miss": [0]
        },
        "WRITE": {
          "hit": [3910],
          "miss": [0]
        },
        "TRANSLATION": {
          "hit": [925],
          "miss": [6267]
        },
        "mshr full": 0,
        "prefetch requested": 0,
        "prefetch issued": 0,
        "prefetch filled": 0,
        "prefetch useful": 0,
        "prefetch useless": 0,
        "prefetch late": 0,
        "pf_useful_at_l2_from_l1":          0,
        "pf_late_at_l2_from_l1":          0,
        "pf_useless_at_l2_from_l1":          0,
        "pf_at_l2_to_l1":          0,
        "pf_fill_this_level":          0,
        "miss latency": 5.07267,
        "cache queues": {
          "PQ_ACCESS": 0,
          "PQ_FULL": 0,
          "PQ_TO_CACHE": 0,
          "PQ_MERGED": 0,
          "RQ_ACCESS": 3565810,
          "RQ_MERGED": 0,
          "RQ_FULL": 0,
          "WQ_ACCESS": 3910,
          "WQ_MERGED": 0,
          "WQ_FULL": 0
        }
      },
      "DRAM": [
        {
          "RQ ROW_BUFFER_HIT": 3349993,
          "RQ ROW_BUFFER_MISS": 211051,
          "PQ FULL": 0,
          "WQ ROW_BUFFER_HIT": 3771,
          "WQ ROW_BUFFER_MISS": 150,
          "WQ FULL": 0,
          "AVG DBUS CONGESTED CYCLE": 3.86062
        }
      ]

    }
  }
]
cpu0_ITLB
cpu0_DTLB
cpu0_STLB
cpu0_L1D
cpu0_L2C
Num Con Filled: 0
Num Con Useful: 0 Useless:0 Accuracy: nan
LLC
